ITEM: TIMESTEP
0
ITEM: NUMBER OF ATOMS
176
ITEM: BOX BOUNDS xy xz yz pp pp pp
0.0000000000000000e+00 3.0689133480799999e+01 7.6722833701999980e+00
0.0000000000000000e+00 1.7718379476200003e+01 7.6722833702000024e+00
0.0000000000000000e+00 1.2528786279200000e+01 4.4295948690000015e+00
ITEM: ATOMS id type x y z fx fy fz
25 1 5.754204426199998 3.322205851300000 2.349145244699999 0.019443104550839 0.011062792336087 0.023695382062634
137 8 5.423596982400004 5.727889427500000 1.296160360000000 -0.004048982575580 0.003307393336446 -0.005014716962819
161 8 3.836156472199998 2.214796731300001 1.566094450300000 -0.004317713979802 -0.002356544675760 -0.002938596262902
169 8 5.423583997600000 3.131308597400002 4.968248379499999 -0.009512652477140 -0.005437327789736 0.010490531668247
1 1 7.677276926000053 4.432492276745924 5.489509486709255 -0.030098791559179 -0.017540044349185 -0.146906110724539
9 1 9.590357242299998 3.322200941900001 2.349140662099999 -0.020376396703412 0.008075993428216 0.008494548072522
41 7 11.508426617500000 4.429598811900002 5.481334835700000 0.015384556759421 -0.009041221368644 -0.009146685737306
89 8 9.920970511600007 5.727872023000002 5.994440303000000 -0.005885183805864 -0.003252155755277 0.008012094241534
97 8 11.508423825899998 4.811361409400002 3.402132653400000 0.000804926776262 0.002479140286989 0.006231063509014
113 8 9.920965757699999 3.131310752300001 4.968235823200000 0.007485849457699 0.005172540376165 0.011261875943195
129 8 7.672284708600001 4.429600636800002 3.132190496199999 0.005067524865469 0.002902349211294 0.023362321315604
145 8 9.920966429100000 5.727866140300000 1.296153622799999 0.005206747592368 0.002980670038108 -0.002879534766167
153 8 7.672288882800000 1.833036553300000 1.296161863300000 0.000925695875694 -0.005201614244824 -0.005057167520178
162 8 11.508439842400000 2.214796731300001 1.566094450300000 0.002874485213158 -0.001244635810889 -0.001138169306958
2 1 15.344560296200001 4.429605525400001 5.481344520900000 0.002768065131760 -0.000658738658728 -0.000646635491328
10 1 17.262640612500000 3.322200941900001 2.349140662099999 0.003320512033867 0.000447119029134 0.001709177979451
26 1 13.426487796400002 3.322205851300000 2.349145244699999 -0.000072070699540 -0.000292772268781 -0.000547503878708
65 8 13.095888200900001 5.727884393600002 5.994451122499998 -0.004899520812768 -0.000296147352152 -0.001095963713875
90 8 17.593253881800006 5.727872023000002 5.994440303000000 -0.000875449700571 0.003074160503563 -0.000122715254888
114 8 17.593249127900009 3.131310752300001 4.968235823200000 -0.001326089864673 -0.001785825313263 0.001701146406085
130 8 15.344568078800005 4.429600636800002 3.132190496199999 -0.001057130939150 0.000269044702256 0.000267211154472
138 8 13.095880352600009 5.727889427500000 1.296160360000000 -0.001355125383919 0.000801362543873 -0.001527375893094
146 8 17.593249799300011 5.727866140300000 1.296153622799999 0.000135107143302 0.000965179031627 -0.002872516758114
154 8 15.344572252999999 1.833036553300000 1.296161863300000 -0.000421995113218 -0.002031800329869 -0.003236488172884
170 8 13.095867367800004 3.131308597400002 4.968248379499999 -0.004097003427082 0.001120080357447 0.002546980194032
42 7 19.180709987699998 4.429598811900002 5.481334835700000 0.015390252350769 -0.008957684455631 -0.009047748194796
66 8 20.768171571100002 5.727884393600002 5.994451122499998 0.003769390826936 0.006694698779192 0.008450937363421
98 8 19.180707196099995 4.811361409400002 3.402132653400000 -0.003990155164017 0.004606691543297 0.000426983193355
3 1 11.508418611100000 11.073997829000001 5.481344520900000 0.000954418919753 0.002482569534956 -0.000646636509676
17 1 7.672274418099999 6.644399077300000 2.349147298800000 -0.003062536869645 -0.021640265274892 0.008398423537515
27 1 9.590346111300001 9.966598154900002 2.349145244699999 -0.000148716430691 -0.000160040394785 -0.000547498870633
33 7 9.590343793000001 7.751796947200008 5.481341472000000 0.000207790116644 0.017889775019982 -0.009374332214233
49 7 11.508427041700001 6.644390723800001 2.349147115100000 -0.001828110725281 -0.000774782465306 -0.002833705668007
73 8 11.508432852700000 8.477427166200002 5.994454850600000 -0.002693389132073 -0.004152726224781 -0.001108523914797
105 8 9.920968477800001 7.560904182000002 3.402136381700000 0.002582819474522 -0.000588332089477 0.006251980594206
121 8 7.672273857400003 7.026163626600007 4.968234320200000 0.008211757293124 0.003799619034186 0.011298333971766
131 8 11.508426393700001 11.073992940400007 3.132190496199999 -0.000275142773420 -0.001085377423433 0.000267222685672
155 8 11.508430567899998 8.477428856900005 1.296161863300000 0.000102330980056 -0.001615657052576 -0.001569880496702
163 8 7.672298157300000 8.859189034900005 1.566094450300000 0.000241316098503 0.003316313786325 -0.001138234110238
171 8 9.259725682700001 9.775700901000002 4.968248379499999 -0.001126135321967 -0.004025642062126 0.002546997921773
11 1 13.426498927399999 9.966593245500007 2.349140662099999 0.000246859435299 0.001009982599163 -0.000088166577726
18 1 15.344557788300000 6.644399077300000 2.349147298800000 0.001129754417769 -0.000246673681538 -0.000184532955021
28 1 17.262629481500003 9.966598154900002 2.349145244699999 0.000170864466478 -0.000064017734767 0.000062848706909
34 7 17.262627163200005 7.751796947200008 5.481341472000000 0.001076588871836 -0.001229267400030 -0.000683608727781
43 7 15.344568302600003 11.073991115500002 5.481334835700000 -0.000738558334037 0.001270761095786 -0.000455964079015
57 7 13.426498916499998 7.751790037100004 5.481345370700000 0.002861532763958 0.001932766509148 -0.001267965212482
81 8 13.095877704700001 7.560908000500002 3.402138567200000 -0.001669082070815 -0.000989974684948 0.002370988598737
99 8 15.344565510999997 11.455753713000002 3.402132653400000 0.000174457549584 0.000210809491422 0.002075978714936
106 8 17.593251848000001 7.560904182000002 3.402136381700000 0.000303109730222 -0.000000170783108 0.002096880429682
115 8 13.757107442799997 9.775703055900001 4.968235823200000 0.001128344308845 -0.002013916664135 0.001682862393212
122 8 15.344557227600001 7.026163626600007 4.968234320200000 -0.001190745954083 0.001886900864492 0.001719304650789
164 8 15.344581527500001 8.859189034900005 1.566094450300000 -0.000326906086003 -0.000052420746896 -0.000113619264804
172 8 16.932009052900014 9.775700901000002 4.968248379499999 -0.001480165843728 -0.000799553733380 0.001431155083626
4 1 19.180701981300000 11.073997829000001 5.481344520900000 -0.000221589013199 -0.000290607896971 -0.000386320863382
12 1 21.098782297600000 9.966593245500007 2.349140662099999 -0.000197068247463 -0.001591239492752 0.000174862541980
44 7 23.016851672799998 11.073991115500002 5.481334835700000 -0.000744839856683 0.001256023595331 -0.000461018370948
50 7 19.180710411899998 6.644390723800001 2.349147115100000 0.003515521712619 -0.004300798337048 0.001479128065958
58 7 21.098782286699997 7.751790037100004 5.481345370700000 -0.005384317443384 -0.002913329146215 -0.005170847189711
74 8 19.180716222899989 8.477427166200002 5.994454850600000 0.000459026449505 -0.001681738932516 -0.000839466462331
82 8 20.768161074900000 7.560908000500002 3.402138567200000 -0.001740449842973 0.001372211057178 0.003434769751223
100 8 23.016848881199998 11.455753713000002 3.402132653400000 0.000134187521134 0.001686295646528 0.001873334237340
116 8 21.429390813000008 9.775703055900001 4.968235823200000 0.002396760656778 -0.000260723334661 0.001974617154411
132 8 19.180709763900005 11.073992940400007 3.132190496199999 0.000053213249983 0.000007162202983 0.000289733486868
156 8 19.180713938099998 8.477428856900005 1.296161863300000 -0.000376470247838 -0.000285984495061 -0.002676974308723
19 1 11.508416103199997 13.288791380900006 2.349147298800000 0.002179107089587 0.002696611830740 0.001612793101799
123 8 11.508415542500002 13.670555930200003 4.968234320200000 -0.002220426077183 -0.000352747734947 0.001737574731888
139 8 9.259738667499999 12.372281731100001 1.296160360000000 -0.001977679145417 0.000555351835968 -0.003193993976160
35 7 13.426485478100000 14.396189250800001 5.481341472000000 0.000282722657518 0.017852764635616 -0.009275355160882
51 7 15.344568726800000 13.288783027399999 2.349147115100000 -0.002209929522874 0.005615860423723 0.001479090259562
59 7 17.262640601600001 14.396182340700005 5.481345370700000 -0.005458068526934 -0.002785250247878 -0.005170622233451
67 8 16.932029885999999 12.372276697200000 5.994451122499998 -0.001183390572817 0.001198430414556 -0.000826920197003
75 8 15.344574537799998 15.121819469800011 5.994454850600000 0.007695273825301 -0.000140842852813 0.008438302357510
83 8 16.932019389799994 14.205300304100005 3.402138567200000 0.000340918140502 -0.002232813895942 0.003434757730657
91 8 13.757112196700003 12.372264326600002 5.994440303000000 0.002098733038184 -0.002077162545661 -0.000122750208754
107 8 13.757110162900000 14.205296485600002 3.402136381700000 0.002027802053329 -0.005804729956423 0.000447886752683
140 8 16.932022037700008 12.372281731100001 1.296160360000000 -0.000442997244741 -0.000278107367801 -0.002634461178449
147 8 13.757108114200003 12.372258443900009 1.296153622799999 0.000925476703688 -0.000403752984389 -0.002872488323816
20 1 19.180699473400008 13.288791380900006 2.349147298800000 -0.001344919779255 0.000669469208887 0.000078487319060
36 7 21.098768848300001 14.396189250800001 5.481341472000000 0.001060679047872 -0.001227343825782 -0.000688658405946
52 7 23.016852096999997 13.288783027399999 2.349147115100000 0.000589441780532 0.000620991799428 0.000938377768271
76 8 23.016857907999988 15.121819469800011 5.994454850600000 -0.001667069850856 -0.001919003852941 -0.001135850901833
92 8 21.429395566900006 12.372264326600002 5.994440303000000 0.001755993511828 0.001159152326893 -0.001232471630307
108 8 21.429393533100004 14.205296485600002 3.402136381700000 0.001560803234495 -0.000772794236866 0.001894228667509
124 8 19.180698912699995 13.670555930200003 4.968234320200000 0.000961760500527 0.002108795556679 0.002011038562298
148 8 21.429391484400018 12.372258443900009 1.296153622799999 0.001959002478296 0.001105584859977 -0.002417455599076
60 7 24.934923971800007 14.396182340700005 5.481345370700000 0.002856572162444 0.001929932199458 -0.001261108505532
68 8 24.604313256200001 12.372276697200000 5.994451122499998 -0.002451905432647 -0.000524203115998 -0.001123283037447
84 8 24.604302760000003 14.205300304100005 3.402138567200000 -0.002614260961295 -0.001535675159456 0.000958295165145
29 1 9.590346111300004 5.537003285800003 8.613538384300000 0.019654204010456 0.011184816591424 0.024007182368568
157 8 11.508430567900000 4.047833987800002 7.560555002900000 -0.004100866433409 0.001044801661565 -0.002758087777938
165 8 7.672298157300002 4.429594165800001 7.830487589900000 0.004924109104769 0.002979157139181 0.024898598371695
173 8 9.259725682700003 5.346106031900003 11.232641519100001 -0.001881199176418 -0.001031082010422 -0.001848650780358
13 1 13.426498927400001 5.536998376400002 8.613533801700001 0.003337993735332 0.000447211619679 0.001707924590667
30 1 17.262629481500003 5.537003285800003 8.613538384300000 -0.000061328262914 -0.000293550605720 -0.000553920832502
117 8 13.757107442800002 5.346108186800002 11.232628962800000 0.000722926479452 -0.001715202591612 0.000016460022451
166 8 15.344581527500001 4.429594165800001 7.830487589900000 -0.001139021013830 0.000386138245135 0.000178828078356
174 8 16.932009052900007 5.346106031900003 11.232641519100001 -0.000708665370897 -0.001703953959231 0.000522229957055
14 1 21.098782297600003 5.536998376400002 8.613533801700001 -0.020484009973979 0.008091687595615 0.008469426833475
118 8 21.429390813000005 5.346108186800002 11.232628962800000 0.002562067881376 -0.000755276383620 -0.000470027618830
158 8 19.180713938100002 4.047833987800002 7.560555002900000 0.000724286728526 -0.001111083077816 0.003036995922263
5 1 11.508418611100007 6.644402959900002 11.745737660500000 0.002294169284320 0.001161866830781 0.003888291107976
21 1 11.508416103199998 8.859196511800004 8.613540438400001 0.002187937936502 0.002711728932063 0.001611565863213
125 8 11.508415542500003 9.240961061100004 11.232627459799998 -0.001134760840419 0.001386436492104 0.000052894662479
133 8 11.508426393700002 6.644398071300002 9.396583635799999 -0.004277936591325 -0.002493435663920 -0.002853138402105
141 8 9.259738667500002 7.942686862000003 7.560553499600000 -0.001152705486691 -0.004168939472683 -0.002715572222097
167 8 11.508439842400001 11.073986469400005 7.830487589900000 -0.000353167912826 -0.000975014239818 0.000178845447428
37 7 13.426485478099996 9.966594381700006 11.745734611600000 0.001660962763491 -0.001155133300491 0.004883419163831
45 7 15.344568302600001 6.644396246400003 11.745727975299999 -0.000382196664232 0.001739787703122 0.005111029336078
53 7 15.344568726799995 8.859188158300002 8.613540254699998 0.000595277435919 0.000624359678654 0.000936852097411
61 7 17.262640601600001 9.966587471600000 11.745738510299995 -0.002079574005240 -0.000919943305716 0.003032918683945
69 8 16.932029886000002 7.942681828100003 12.258844262099997 -0.001027116860327 0.000727028594211 -0.003273700001364
77 8 15.344574537800005 10.692224600700005 12.258847990200001 0.000128926457263 -0.001310720222516 -0.003286303016823
85 8 16.932019389799990 9.775705435000003 9.666531706799999 -0.001397379648410 -0.000833115768160 0.000412526788856
93 8 13.757112196700007 7.942669457500004 12.258833442600000 0.001347450940476 0.000923254929847 -0.004484149080947
101 8 15.344565511000003 7.026158843900003 9.666525792999996 -0.000353241645470 0.001549398675693 -0.000032186097786
109 8 13.757110162900005 9.775701616500001 9.666529521300001 0.001198540514248 -0.001126475493648 -0.000011290682238
142 8 16.932022037700005 7.942686862000003 7.560553499600000 -0.001623210082966 0.000906732066738 -0.001278069496100
149 8 13.757108114200001 7.942663574800001 7.560546762400000 0.000735883396026 0.000399404339476 -0.001865797151761
159 8 15.344572253000006 10.692226291400004 7.560555002900000 0.000059542405160 -0.001900507005799 -0.001320579339898
6 1 19.180701981300004 6.644402959900002 11.745737660500000 -0.001750797407321 0.000718997905146 0.001567786200304
22 1 19.180699473400011 8.859196511800004 8.613540438400001 -0.001343760358005 0.000665269991783 0.000070302678170
38 7 21.098768848300008 9.966594381700006 11.745734611600000 -0.000496830277579 0.000358602534507 0.000910239060973
46 7 23.016851672800001 6.644396246400003 11.745727975299999 -0.000393224766338 0.001743853234893 0.005127733820510
54 7 23.016852096999990 8.859188158300002 8.613540254699998 -0.002231278687005 0.005632236429287 0.001469239640064
78 8 23.016857907999999 10.692224600700005 12.258847990200001 -0.000501219277552 -0.002048531710447 -0.001790403953722
94 8 21.429395566900006 7.942669457500004 12.258833442600000 0.002530124717544 0.000249304085490 -0.002146745861826
102 8 23.016848881199998 7.026158843900003 9.666525792999996 0.001016833384633 -0.001640068515178 -0.001874036154923
110 8 21.429393533100001 9.775701616500001 9.666529521300001 0.002739861825645 -0.001958518734467 0.000542091530575
126 8 19.180698912700002 9.240961061100004 11.232627459799998 0.001365553020133 0.001703624968055 0.000719402347885
134 8 19.180709763900005 6.644398071300002 9.396583635799999 0.002955058594627 -0.001361318127722 -0.001040004990354
150 8 21.429391484400004 7.942663574800001 7.560546762400000 0.003712080645158 -0.000294242694536 0.000634190635643
160 8 23.016855623200005 10.692226291400004 7.560555002900000 0.000103885477788 -0.003372497150704 -0.001114964593790
168 8 19.180723212599993 11.073986469400005 7.830487589900000 -0.000022619818129 0.000123279311248 0.000202875019322
62 7 24.934923971800000 9.966587471600000 11.745738510299995 0.000963620424749 0.000843440837895 0.002182752596988
70 8 24.604313256200005 7.942681828100003 12.258844262099997 -0.002858738913633 -0.000234292418247 -0.002790459417569
86 8 24.604302759999996 9.775705435000003 9.666531706799999 -0.002426147180866 -0.002346187463075 -0.000046606443006
7 1 15.344560296200003 13.288795263500004 11.745737660500000 -0.000111851878349 -0.002119737452760 0.001567799311616
15 1 17.262640612500000 12.181390680000009 8.613533801700001 -0.000200129335732 -0.001588113959498 0.000166673204855
23 1 15.344557788300000 15.503588815399999 8.613540438400001 -0.003102804312671 -0.021741011026364 0.008372998967514
31 1 13.426487796399995 12.181395589400003 8.613538384300000 -0.000144017232438 -0.000150342034482 -0.000553919183726
39 7 17.262627163200005 16.610986685300006 11.745734611600000 0.001658940241254 -0.001166731216833 0.004900084500445
95 8 17.593253881800010 14.587061761100006 12.258833442600000 0.001355105564285 0.002284485740397 -0.002146742891573
111 8 17.593251848000001 16.420093920100001 9.666529521300001 -0.000878566744298 0.001654738121344 -0.001853097850202
119 8 17.593249127900002 11.990500490400001 11.232628962800000 0.002247768099981 0.000291531438204 0.000682962817473
127 8 15.344557227600006 15.885353364700006 11.232627459799998 0.000616134989163 0.002499216711614 -0.000433569261746
135 8 15.344568078800005 13.288790374900007 9.396583635799999 0.000318993932868 0.003204419921804 -0.001039996298112
143 8 13.095880352600002 14.587079165600008 7.560553499600000 -0.000607166731666 0.001087703746053 0.003079505684568
151 8 17.593249799300004 14.587055878400003 7.560546762400000 0.001623304784464 0.003323640109376 0.000634148450530
175 8 13.095867367800004 11.990498335500007 11.232641519100001 -0.001877644511956 0.000320791534246 0.000522218605038
8 1 23.016843666400000 13.288795263500004 11.745737660500000 0.000292471160580 0.000006190177682 0.000231307141349
24 1 23.016841158500000 15.503588815399999 8.613540438400001 0.001132570534439 -0.000248626166499 -0.000185082822769
32 1 21.098771166600002 12.181395589400003 8.613538384300000 0.000169710461411 -0.000064685960138 0.000060203002335
47 7 19.180709987699998 13.288788550000005 11.745727975299999 -0.000150119224330 -0.000885776969203 0.001137874552491
55 7 19.180710411900002 15.503580461900007 8.613540254699998 0.003518907663633 -0.004327437501658 0.001469219890072
63 7 21.098782286700004 16.610979775200004 11.745738510299995 0.000969160356553 0.000833802818944 0.002182709532786
71 8 20.768171571100002 14.587074131700003 12.258844262099997 -0.001981157156478 0.000550226624740 -0.001777837717507
79 8 19.180716222899996 17.336616904300001 12.258847990200001 -0.001619415145770 -0.002416280756390 -0.002803024081267
87 8 20.768161074900000 16.420097738599999 9.666531706799999 -0.003222118341178 -0.000967505574310 -0.000046590968461
103 8 19.180707196099995 13.670551147500003 9.666525792999996 -0.000303145245062 0.003300237296416 0.000521215408476
128 8 23.016840597800005 15.885353364700006 11.232627459799998 -0.000022528996591 0.001760098258666 0.001065027703321
136 8 23.016851449000004 13.288790374900007 9.396583635799999 -0.000249609127394 -0.000167697711634 -0.000024008617191
144 8 20.768163722800004 14.587079165600008 7.560553499600000 -0.002875803475982 0.001681127525808 -0.001072455964467
176 8 20.768150737999996 11.990498335500007 11.232641519100001 -0.001616125318690 -0.000878059755349 0.001036181257603
16 1 24.934923982700003 12.181390680000009 8.613533801700001 0.000246580792215 0.001013408729877 -0.000088722660907
40 7 24.934910533400007 16.610986685300006 11.745734611600000 -0.000494359278699 0.000354850036178 0.000906721016035
48 7 26.852993357900004 13.288788550000005 11.745727975299999 -0.000152145095587 -0.000881770831261 0.001134366441641
56 7 26.852993782099993 15.503580461900007 8.613540254699998 -0.001816908616276 -0.000768313531007 -0.002844089091170
64 7 28.771065656899999 16.610979775200004 11.745738510299995 -0.002086527038846 -0.000923987962991 0.003035138449790
72 8 28.440454941300004 14.587074131700003 12.258844262099997 -0.001333997427138 0.001778007322096 -0.002124735344302
80 8 26.852999593099998 17.336616904300001 12.258847990200001 0.000885645759591 -0.002101963389119 -0.002137299657427
88 8 28.440444445099999 16.420097738599999 9.666531706799999 0.001861148798287 0.001048197124381 -0.000047370884085
96 8 25.265537252000023 14.587061761100006 12.258833442600000 0.001618822603067 0.001079966255838 -0.001629909650627
104 8 26.852990566300001 13.670551147500003 9.666525792999996 0.000173910108705 0.001963022647570 0.001631847390668
112 8 25.265535218199997 16.420093920100001 9.666529521300001 0.001820321395695 -0.000876761875990 0.001652746535434
120 8 25.265532498100001 11.990500490400001 11.232628962800000 0.001602635760490 -0.000938818447512 0.001028589616607
152 8 25.265533169500006 14.587055878400003 7.560546762400000 0.001681681415589 0.000945458671668 -0.000458859698478
