ITEM: TIMESTEP
0
ITEM: NUMBER OF ATOMS
176
ITEM: BOX BOUNDS xy xz yz pp pp pp
0.0000000000000000e+00 3.0689133480799999e+01 7.6722833701999980e+00
0.0000000000000000e+00 1.7718379476200003e+01 7.6722833702000024e+00
0.0000000000000000e+00 1.2528786279200000e+01 4.4295948690000015e+00
ITEM: ATOMS id type x y z fx fy fz
25 1 5.754204426199998 3.322205851300000 2.349145244699999 0.003287588736044 0.003474685518138 0.002205118156623
137 8 5.423596982400004 5.727889427500000 1.296160360000000 -0.004681709866282 -0.000696623390543 -0.005257148774575
161 8 3.836156472199998 2.214796731300001 1.566094450300000 -0.001133010641524 -0.000515446856068 -0.001698394856199
169 8 5.423583997600000 3.131308597400002 4.968248379499999 -0.002961664501332 -0.003387428882994 0.001681804497135
1 1 7.672276926000002 4.429605525400001 5.481344520900000 0.000179456667966 0.017801710718530 -0.009381190275038
9 1 9.590357242299998 3.322200941900001 2.349140662099999 -0.001829231745773 0.005637393235388 0.001472886748097
41 7 11.508426617500000 4.429598811900002 5.481334835700000 -0.005883165495833 -0.003206094039461 -0.008956928409503
89 8 9.920970511600007 5.727872023000002 5.994440303000000 0.010425984912036 0.006338677891192 0.013050157763939
97 8 11.508423825899998 4.811361409400002 3.402132653400000 0.003571108138387 -0.003701307109017 0.004780526013882
113 8 9.920965757699999 3.131310752300001 4.968235823200000 0.003819776316627 -0.001401584076797 0.003202234723890
129 8 7.672284708600001 4.429600636800002 3.132190496199999 -0.001557451282377 -0.007433381517989 -0.001671214669796
145 8 9.920966429100000 5.727866140300000 1.296153622799999 0.002785624167620 -0.004086280067214 -0.009376260948694
153 8 7.672288882800000 1.833036553300000 1.296161863300000 -0.000467536545548 -0.003016499915173 -0.002492078143802
162 8 11.508439842400000 2.214796731300001 1.566094450300000 0.001124656045309 -0.001180608051083 -0.000729775218641
2 1 15.344560296200001 4.429605525400001 5.481344520900000 0.001675568499356 -0.001680855986277 -0.001070860569349
10 1 17.262640612500000 3.322200941900001 2.349140662099999 0.000574642733543 0.000412221036290 0.001216640007466
26 1 13.426487796400002 3.322205851300000 2.349145244699999 -0.001865348050427 0.001245304806007 0.000193866606727
65 8 13.095888200900001 5.727884393600002 5.994451122499998 -0.002457470126335 0.007802063616940 -0.000045666564801
90 8 17.593253881800006 5.727872023000002 5.994440303000000 -0.000329416107540 0.001419417844784 -0.000977530762364
114 8 17.593249127900009 3.131310752300001 4.968235823200000 0.000524119635776 -0.002012147067989 0.001526333772857
130 8 15.344568078800005 4.429600636800002 3.132190496199999 0.000275178493572 0.000134216607628 0.000567882873741
138 8 13.095880352600009 5.727889427500000 1.296160360000000 0.005304242079453 -0.002398080659183 -0.005889690674898
146 8 17.593249799300011 5.727866140300000 1.296153622799999 0.000038286492328 -0.000004555043827 -0.004161641200265
154 8 15.344572252999999 1.833036553300000 1.296161863300000 0.000400704146482 -0.001102732065066 -0.003227026939899
170 8 13.095867367800004 3.131308597400002 4.968248379499999 -0.000926348619329 -0.000507671820280 0.002416572034416
42 7 19.180709987699998 4.429598811900002 5.481334835700000 0.004713609187572 0.003130034129068 -0.000451024424262
66 8 20.768171571100002 5.727884393600002 5.994451122499998 -0.008798026371598 -0.004464329287425 0.002514315948633
98 8 19.180707196099995 4.811361409400002 3.402132653400000 -0.001179822494760 0.000693394622512 0.001176600332106
3 1 11.508418611100000 11.073997829000001 5.481344520900000 0.000134910470806 0.017846336818643 -0.009465500729304
17 1 7.672274418099999 6.644399077300000 2.349147298800000 0.015541548583133 0.008859305183632 0.025225121147994
27 1 9.590346111300001 9.966598154900002 2.349145244699999 -0.002277251131009 -0.019338018815470 0.005377749897839
33 7 9.595343793000051 7.754683698545927 5.489506437809257 -0.097148643946309 -0.056307199985542 -0.159035958766099
49 7 11.508427041700001 6.644390723800001 2.349147115100000 -0.035870942083498 0.014365985060520 0.016280956901468
73 8 11.508432852700000 8.477427166200002 5.994454850600000 0.018547060315275 0.012290954895679 0.019425004359664
105 8 9.920968477800001 7.560904182000002 3.402136381700000 0.013700075821714 0.002354673254019 0.028238191714940
121 8 7.672273857400003 7.026163626600007 4.968234320200000 0.016859365710105 0.015244408712214 0.021714731449158
131 8 11.508426393700001 11.073992940400007 3.132190496199999 0.002840058941500 0.001618802604905 0.004744835746339
155 8 11.508430567899998 8.477428856900005 1.296161863300000 0.005230159011199 0.002306152449811 -0.008497524593098
163 8 7.672298157300000 8.859189034900005 1.566094450300000 -0.002902853084589 0.004971002311360 -0.005328538318953
171 8 9.259725682700001 9.775700901000002 4.968248379499999 0.007244003691499 0.004063470292638 0.015795388722748
11 1 13.426498927399999 9.966593245500007 2.349140662099999 -0.002239953052543 -0.001209008182520 -0.003376657012751
18 1 15.344557788300000 6.644399077300000 2.349147298800000 -0.000517226880820 -0.000410013653381 -0.000992878814523
28 1 17.262629481500003 9.966598154900002 2.349145244699999 0.001578502187570 -0.000294743455970 -0.000178170626046
34 7 17.262627163200005 7.751796947200008 5.481341472000000 0.006313494581431 -0.000146551185126 -0.000373036822545
43 7 15.344568302600003 11.073991115500002 5.481334835700000 0.004715010873765 0.003131845966254 -0.000458018896735
57 7 13.426498916499998 7.751790037100004 5.481345370700000 0.035199737324494 -0.014278707755924 -0.017150664018207
81 8 13.095877704700001 7.560908000500002 3.402138567200000 0.004181415009653 0.002388217731086 0.010926006058675
99 8 15.344565510999997 11.455753713000002 3.402132653400000 -0.000476133387743 0.001018571182634 0.002805876837708
106 8 17.593251848000001 7.560904182000002 3.402136381700000 -0.000553300025247 -0.000456224418018 0.002072820859386
115 8 13.757107442799997 9.775703055900001 4.968235823200000 -0.005201557150404 -0.005937172135132 0.005312809465982
122 8 15.344557227600001 7.026163626600007 4.968234320200000 -0.007657685085558 0.004508806162148 0.004108222624134
164 8 15.344581527500001 8.859189034900005 1.566094450300000 0.000039515081303 0.000156637822168 0.000215414335396
172 8 16.932009052900014 9.775700901000002 4.968248379499999 -0.003563487870757 -0.000540122803318 0.001688161571316
4 1 19.180701981300000 11.073997829000001 5.481344520900000 0.001682740833146 -0.001676068340459 -0.001069622337897
12 1 21.098782297600000 9.966593245500007 2.349140662099999 0.003497684205943 -0.004509928111481 0.001798462215146
44 7 23.016851672799998 11.073991115500002 5.481334835700000 -0.005716106980313 -0.003361214463188 -0.009004575477573
50 7 19.180710411899998 6.644390723800001 2.349147115100000 0.006750913478529 0.001866732378481 0.003794927117663
58 7 21.098782286699997 7.751790037100004 5.481345370700000 0.035122976976827 -0.014236710590323 -0.017066827412279
74 8 19.180716222899989 8.477427166200002 5.994454850600000 -0.008146778436436 0.000699074061720 0.001250384276545
82 8 20.768161074900000 7.560908000500002 3.402138567200000 -0.010135375359565 -0.000208907981961 -0.002748513998030
100 8 23.016848881199998 11.455753713000002 3.402132653400000 0.000369662318740 0.003708222858862 0.003513316667539
116 8 21.429390813000008 9.775703055900001 4.968235823200000 0.001114789875421 0.006294662036350 0.002745717012438
132 8 19.180709763900005 11.073992940400007 3.132190496199999 -0.001592249784205 0.001023440445942 0.000250269518492
156 8 19.180713938099998 8.477428856900005 1.296161863300000 -0.001310798693603 -0.001314057463140 -0.003464031204348
19 1 11.508416103199997 13.288791380900006 2.349147298800000 -0.000163472627062 -0.000210714283710 -0.000412835708997
123 8 11.508415542500002 13.670555930200003 4.968234320200000 -0.000157852693670 -0.000376656685871 0.001975825957774
139 8 9.259738667499999 12.372281731100001 1.296160360000000 -0.001596270877943 0.002839235484698 -0.002783617706075
35 7 13.426485478100000 14.396189250800001 5.481341472000000 0.001177353875479 0.004086397424117 -0.000752835365661
51 7 15.344568726800000 13.288783027399999 2.349147115100000 0.000398132137746 0.001520583320227 -0.000353538598385
59 7 17.262640601600001 14.396182340700005 5.481345370700000 -0.000291146805344 0.002437478988863 -0.000952809082016
67 8 16.932029885999999 12.372276697200000 5.994451122499998 -0.003063990423097 -0.000533142973751 -0.001279027891408
75 8 15.344574537799998 15.121819469800011 5.994454850600000 -0.000648522137283 -0.004193115339113 -0.000879610955892
83 8 16.932019389799994 14.205300304100005 3.402138567200000 -0.001933756528289 -0.002021309534163 0.001612490767422
91 8 13.757112196700003 12.372264326600002 5.994440303000000 0.000278357553926 -0.001423925506577 -0.000978441944063
107 8 13.757110162900000 14.205296485600002 3.402136381700000 0.001460904595283 -0.001870388456622 0.001853833641443
140 8 16.932022037700008 12.372281731100001 1.296160360000000 -0.001807361851847 0.000644651721106 -0.001711767809062
147 8 13.757108114200003 12.372258443900009 1.296153622799999 0.001739160013355 0.000979017899504 -0.001377917581876
20 1 19.180699473400008 13.288791380900006 2.349147298800000 0.000077132828006 -0.000069043431653 -0.000028120849978
36 7 21.098768848300001 14.396189250800001 5.481341472000000 -0.000025044389800 -0.000232855259911 -0.000434062592291
52 7 23.016852096999997 13.288783027399999 2.349147115100000 -0.000193831659857 -0.002156135920476 0.000597446233531
76 8 23.016857907999988 15.121819469800011 5.994454850600000 0.000062545509254 -0.001975061994023 -0.001301515506910
92 8 21.429395566900006 12.372264326600002 5.994440303000000 0.002267572682484 0.001482370517274 -0.000235776517424
108 8 21.429393533100004 14.205296485600002 3.402136381700000 0.001521489630843 -0.000678920010213 0.001871384740718
124 8 19.180698912699995 13.670555930200003 4.968234320200000 0.000541715569925 0.001826192126689 0.001551146778012
148 8 21.429391484400018 12.372258443900009 1.296153622799999 0.001722373762555 0.001847514617850 -0.002080524060246
60 7 24.934923971800007 14.396182340700005 5.481345370700000 -0.000298300061786 0.002416706926025 -0.000956882842246
68 8 24.604313256200001 12.372276697200000 5.994451122499998 0.000252896368222 0.000125118405196 0.000421781583347
84 8 24.604302760000003 14.205300304100005 3.402138567200000 -0.001303824446415 -0.000774651879876 0.001958443376288
29 1 9.590346111300004 5.537003285800003 8.613538384300000 -0.002311133446256 -0.019428311320406 0.005334387955241
157 8 11.508430567900000 4.047833987800002 7.560555002900000 0.000321030654161 0.000107953780938 0.000358423435809
165 8 7.672298157300002 4.429594165800001 7.830487589900000 0.002750271610931 0.001721545006307 0.004668104990842
173 8 9.259725682700003 5.346106031900003 11.232641519100001 -0.001377098752953 0.000989971309250 -0.000825126140197
13 1 13.426498927400001 5.536998376400002 8.613533801700001 0.003504407021312 -0.004533533661057 0.001788290226997
30 1 17.262629481500003 5.537003285800003 8.613538384300000 0.001582973258711 -0.000298336871342 -0.000177592658153
117 8 13.757107442800002 5.346108186800002 11.232628962800000 0.001000434076531 -0.000321536060020 0.000160065143808
166 8 15.344581527500001 4.429594165800001 7.830487589900000 -0.001667584496395 0.001141884556340 0.000166682780682
174 8 16.932009052900007 5.346106031900003 11.232641519100001 -0.001868804053162 -0.001020711912571 0.000920051930303
14 1 21.098782297600003 5.536998376400002 8.613533801700001 -0.002232988971081 -0.001209261277845 -0.003380882327702
118 8 21.429390813000005 5.346108186800002 11.232628962800000 0.002888675568412 0.000262120289128 0.001007936226693
158 8 19.180713938100002 4.047833987800002 7.560555002900000 -0.000552986525823 -0.002566100964947 -0.000390268652790
5 1 11.508418611100007 6.644402959900002 11.745737660500000 0.001390841833350 -0.001108923082795 0.004873694890478
21 1 11.508416103199998 8.859196511800004 8.613540438400001 0.015687504100426 0.008943666423778 0.025463529891932
125 8 11.508415542500003 9.240961061100004 11.232627459799998 -0.001658851305282 0.000500264335116 -0.003055414006159
133 8 11.508426393700002 6.644398071300002 9.396583635799999 -0.002819359995960 0.004900916320770 -0.005266074793749
141 8 9.259738667500002 7.942686862000003 7.560553499600000 0.010142743305628 0.004215705590899 0.027431378091600
167 8 11.508439842400001 11.073986469400005 7.830487589900000 -0.001646620127859 -0.007366574072456 -0.001742645277193
37 7 13.426485478099996 9.966594381700006 11.745734611600000 0.004316758146708 0.002273884162281 0.006656065078209
45 7 15.344568302600001 6.644396246400003 11.745727975299999 0.001237412881579 0.000771659214654 0.002506700955565
53 7 15.344568726799995 8.859188158300002 8.613540254699998 0.006770962186185 0.001868464788661 0.003794330608848
61 7 17.262640601600001 9.966587471600000 11.745738510299995 0.000008466878215 0.002597170023750 0.007679681286760
69 8 16.932029886000002 7.942681828100003 12.258844262099997 -0.002462763886314 -0.000962828401133 -0.002855097090965
77 8 15.344574537800005 10.692224600700005 12.258847990200001 -0.002146144142590 -0.003303320834669 -0.005890167530477
85 8 16.932019389799990 9.775705435000003 9.666531706799999 -0.003325577166504 -0.001945150517302 -0.001329305616405
93 8 13.757112196700007 7.942669457500004 12.258833442600000 0.000684347386446 0.000544806813853 -0.002858821771090
101 8 15.344565511000003 7.026158843900003 9.666525792999996 -0.001239228247389 0.002272609680935 -0.000268659289887
109 8 13.757110162900005 9.775701616500001 9.666529521300001 -0.001522221521574 -0.002380776553744 -0.002085916100134
142 8 16.932022037700005 7.942686862000003 7.560553499600000 -0.003736718088789 0.001224877237657 -0.001099362706606
149 8 13.757108114200001 7.942663574800001 7.560546762400000 -0.006818806396659 0.001723519191458 -0.005552744260946
159 8 15.344572253000006 10.692226291400004 7.560555002900000 -0.001251098635165 -0.002890724756716 -0.002012542950346
6 1 19.180701981300004 6.644402959900002 11.745737660500000 -0.000787515693191 0.000426086162390 0.000892280530736
22 1 19.180699473400011 8.859196511800004 8.613540438400001 -0.000511851721501 -0.000411260577125 -0.000995737079452
38 7 21.098768848300008 9.966594381700006 11.745734611600000 -0.003119565801034 0.001553766556913 0.004802354020247
46 7 23.016851672800001 6.644396246400003 11.745727975299999 -0.002246134449375 -0.001576991707242 0.005469639908991
54 7 23.016852096999990 8.859188158300002 8.613540254699998 -0.035990717180520 0.014383598443282 0.016296645669905
78 8 23.016857907999999 10.692224600700005 12.258847990200001 0.001330847418308 -0.002671792602924 -0.002826884077599
94 8 21.429395566900006 7.942669457500004 12.258833442600000 0.002982006364986 0.000404763767034 -0.002647135459130
102 8 23.016848881199998 7.026158843900003 9.666525792999996 0.005294298267310 0.005878579399949 -0.005287221266627
110 8 21.429393533100001 9.775701616500001 9.666529521300001 0.008483434504289 -0.004075975507876 -0.002706434168799
126 8 19.180698912700002 9.240961061100004 11.232627459799998 0.001807872640606 0.001136638378884 0.000029224659021
134 8 19.180709763900005 6.644398071300002 9.396583635799999 0.000108129207215 0.000041363791398 0.000309713635418
150 8 21.429391484400004 7.942663574800001 7.560546762400000 0.007542229416079 0.004328629613631 0.008095709267646
160 8 23.016855623200005 10.692226291400004 7.560555002900000 0.003510692307054 -0.007292346944289 0.001608568747127
168 8 19.180723212599993 11.073986469400005 7.830487589900000 0.000193612606685 0.000249195540701 0.000481661857268
62 7 24.934923971800000 9.966587471600000 11.745738510299995 -0.000001467220244 0.002601245899820 0.007696794415273
70 8 24.604313256200005 7.942681828100003 12.258844262099997 -0.001762630158181 0.001052533002483 -0.003065767184761
86 8 24.604302759999996 9.775705435000003 9.666531706799999 -0.000534000801269 -0.006020454465500 -0.006577334162741
7 1 15.344560296200003 13.288795263500004 11.745737660500000 0.001392033469889 -0.001098260403944 0.004859083057378
15 1 17.262640612500000 12.181390680000009 8.613533801700001 0.000578145661449 0.000417527042253 0.001212596335185
23 1 15.344557788300000 15.503588815399999 8.613540438400001 -0.000157586664877 -0.000201787938569 -0.000419595977615
31 1 13.426487796399995 12.181395589400003 8.613538384300000 0.003297028568010 0.003490147255688 0.002203966844755
39 7 17.262627163200005 16.610986685300006 11.745734611600000 0.000360342531317 -0.003635401194421 0.002477539002738
95 8 17.593253881800010 14.587061761100006 12.258833442600000 0.001853966988726 0.002948189933074 -0.003500113888045
111 8 17.593251848000001 16.420093920100001 9.666529521300001 0.001582120678703 0.001154995548379 0.000403352181022
119 8 17.593249127900002 11.990500490400001 11.232628962800000 0.001816353818441 -0.000438085900779 -0.000263007074008
127 8 15.344557227600006 15.885353364700006 11.232627459799998 0.000213735923598 0.002793322751007 0.000934167290176
135 8 15.344568078800005 13.288790374900007 9.396583635799999 -0.001062230479113 -0.000639219364312 -0.001602378962616
143 8 13.095880352600002 14.587079165600008 7.560553499600000 -0.001718942537363 -0.000194074471168 -0.001319038039361
151 8 17.593249799300004 14.587055878400003 7.560546762400000 0.002049745419769 0.001153521898427 -0.000863190621154
175 8 13.095867367800004 11.990498335500007 11.232641519100001 -0.002547073618593 -0.001419902633061 -0.000192391337637
8 1 23.016843666400000 13.288795263500004 11.745737660500000 -0.000790311937400 0.000430645703595 0.000894428331892
24 1 23.016841158500000 15.503588815399999 8.613540438400001 0.000074832410893 -0.000070354161511 -0.000031862075078
32 1 21.098771166600002 12.181395589400003 8.613538384300000 -0.001864164414954 0.001246633922218 0.000185308839162
47 7 19.180709987699998 13.288788550000005 11.745727975299999 -0.002240247778117 -0.001572521190865 0.005469904567875
55 7 19.180710411900002 15.503580461900007 8.613540254699998 -0.000199556218893 -0.002142766447594 0.000580471156411
63 7 21.098782286700004 16.610979775200004 11.745738510299995 -0.000302405856141 -0.000909374046711 0.000948189072325
71 8 20.768171571100002 14.587074131700003 12.258844262099997 -0.000693389039260 0.001748289481797 -0.001801975777456
79 8 19.180716222899996 17.336616904300001 12.258847990200001 -0.000267022886469 -0.001010402830653 -0.001921490814636
87 8 20.768161074900000 16.420097738599999 9.666531706799999 -0.001627415731672 -0.000088343930835 0.000750357109180
103 8 19.180707196099995 13.670551147500003 9.666525792999996 0.000472892448311 0.002475589576542 -0.000024064444301
128 8 23.016840597800005 15.885353364700006 11.232627459799998 0.000179607905054 0.001886657309286 0.001126531683331
136 8 23.016851449000004 13.288790374900007 9.396583635799999 0.001206326842636 -0.001295477954625 -0.000635940115490
144 8 20.768163722800004 14.587079165600008 7.560553499600000 -0.001655986228282 0.000997203910332 -0.001298038537105
176 8 20.768150737999996 11.990498335500007 11.232641519100001 -0.000251656486360 -0.001554561726697 0.000019263377428
16 1 24.934923982700003 12.181390680000009 8.613533801700001 -0.001847664446309 0.005654232894814 0.001463841814740
40 7 24.934910533400007 16.610986685300006 11.745734611600000 0.000481268396832 0.000059461065344 0.000392738774042
48 7 26.852993357900004 13.288788550000005 11.745727975299999 0.001232033959147 0.000783559291711 0.002505821618670
56 7 26.852993782099993 15.503580461900007 8.613540254699998 0.000397830717053 0.001525839841357 -0.000355783055192
64 7 28.771065656899999 16.610979775200004 11.745738510299995 -0.000302227808225 -0.000903878309042 0.000946751847505
72 8 28.440454941300004 14.587074131700003 12.258844262099997 -0.002582249685145 0.001157474220339 -0.002645110053026
80 8 26.852999593099998 17.336616904300001 12.258847990200001 -0.000301351079937 -0.001919990333760 -0.001729217765580
88 8 28.440444445099999 16.420097738599999 9.666531706799999 -0.001619193343359 -0.000961538373424 0.001450990883789
96 8 25.265537252000023 14.587061761100006 12.258833442600000 0.001368760504920 0.000932357897325 -0.001746019239689
104 8 26.852990566300001 13.670551147500003 9.666525792999996 -0.000392773682584 0.000560193338020 0.000706373915255
112 8 25.265535218199997 16.420093920100001 9.666529521300001 0.001373302529428 -0.001034010371427 0.001462691145893
120 8 25.265532498100001 11.990500490400001 11.232628962800000 0.001121885889131 -0.002452547856817 -0.000048814913072
152 8 25.265533169500006 14.587055878400003 7.560546762400000 0.001423265636117 -0.000081343865389 -0.001206542376807
