ITEM: TIMESTEP
0
ITEM: NUMBER OF ATOMS
176
ITEM: BOX BOUNDS xy xz yz pp pp pp
0.0000000000000000e+00 3.0689133480799999e+01 7.6722833701999980e+00
0.0000000000000000e+00 1.7718379476200003e+01 7.6722833702000024e+00
0.0000000000000000e+00 1.2528786279200000e+01 4.4295948690000015e+00
ITEM: ATOMS id type x y z fx fy fz
25 1 5.754204426199998 3.322205851300000 2.349145244699999 -0.022291369002511 -0.007110384438020 -0.005008597781200
137 8 5.423596982400004 5.727889427500000 1.296160360000000 0.000965775547459 -0.004756003925703 0.000208798385506
161 8 3.826156472200001 2.214796731300001 1.566094450300000 0.093749815028363 -0.000876160821538 -0.000686442639590
169 8 5.423583997600000 3.131308597400002 4.968248379499999 0.000932516759599 -0.001032321659442 -0.004525719978737
1 1 7.672276926000002 4.429605525400001 5.481344520900000 0.001342578710803 0.001015445665380 0.003918189801891
9 1 9.590357242299998 3.322200941900001 2.349140662099999 0.005048776477348 -0.000207233690071 -0.000098929600766
41 7 11.508426617500000 4.429598811900002 5.481334835700000 0.001896737582359 -0.000031014425554 0.000219309626803
89 8 9.920970511600007 5.727872023000002 5.994440303000000 0.001014374330705 0.000705345564870 -0.001897487760814
97 8 11.508423825899998 4.811361409400002 3.402132653400000 -0.001653314197686 0.001767290722395 0.001559611257961
113 8 9.920965757699999 3.131310752300001 4.968235823200000 0.000606879393270 -0.000844202879708 0.000667673390299
129 8 7.672284708600001 4.429600636800002 3.132190496199999 -0.014501217917043 -0.008408159625247 -0.005841650840549
145 8 9.920966429100000 5.727866140300000 1.296153622799999 0.000529560456182 0.000294221208209 -0.001184305381157
153 8 7.672288882800000 1.833036553300000 1.296161863300000 -0.005257707305944 0.001525021121427 0.000725312771996
162 8 11.508439842400000 2.214796731300001 1.566094450300000 -0.002656991760298 0.000065387250976 -0.000021128520979
2 1 15.344560296200001 4.429605525400001 5.481344520900000 0.001360515170471 -0.001222721555369 -0.004112818371047
10 1 17.262640612500000 3.322200941900001 2.349140662099999 -0.023728618961039 0.007888478043803 0.005625770297136
26 1 13.426487796400002 3.322205851300000 2.349145244699999 0.005401578732027 0.000158788432863 0.000131625263191
65 8 13.095888200900001 5.727884393600002 5.994451122499998 -0.002365252765120 0.001065264292365 -0.000876338501690
90 8 17.593253881800006 5.727872023000002 5.994440303000000 0.002428560201938 0.001466650125486 -0.000931873247200
114 8 17.593249127900009 3.131310752300001 4.968235823200000 0.004394665537519 -0.000664394497903 0.007256367702223
130 8 15.344568078800005 4.429600636800002 3.132190496199999 -0.014693215142916 0.008424934643584 0.006061102682273
138 8 13.095880352600009 5.727889427500000 1.296160360000000 -0.002806742728316 0.001489366623981 -0.001789490762333
146 8 17.593249799300011 5.727866140300000 1.296153622799999 0.004317388873587 0.006566205615204 -0.003211061310078
154 8 15.344572252999999 1.833036553300000 1.296161863300000 -0.005288312133185 -0.005203668490343 -0.004032447188572
170 8 13.095867367800004 3.131308597400002 4.968248379499999 -0.002839970702511 -0.000834551221687 0.002028423725463
42 7 19.180709987699998 4.429598811900002 5.481334835700000 -0.005886300212483 -0.000027629812107 0.000220081149567
66 8 20.768171571100002 5.727884393600002 5.994451122499998 -0.000942692266117 0.000300956219931 -0.001849179162331
98 8 19.180707196099995 4.811361409400002 3.402132653400000 0.008256739266546 0.001766248276290 0.001558880777473
3 1 11.508418611100000 11.073997829000001 5.481344520900000 -0.000588000480313 -0.000103893391269 -0.000072310460851
17 1 7.672274418099999 6.644399077300000 2.349147298800000 0.001301177723734 0.004067656769452 -0.000327519562643
27 1 9.590346111300001 9.966598154900002 2.349145244699999 -0.000020531991544 0.001173665974575 -0.000152869241540
33 7 9.590343793000001 7.751796947200008 5.481341472000000 0.000711546392767 0.000830204236805 0.000642360972064
49 7 11.508427041700001 6.644390723800001 2.349147115100000 0.001937097064659 0.000203139379852 -0.000049114744401
73 8 11.508432852700000 8.477427166200002 5.994454850600000 -0.000225458170898 -0.001932009768365 -0.001441579251902
105 8 9.920968477800001 7.560904182000002 3.402136381700000 0.000993173762552 -0.001516833359932 0.001411493833788
121 8 7.672273857400003 7.026163626600007 4.968234320200000 -0.000018086041004 0.000903931610398 0.000727152791606
131 8 11.508426393700001 11.073992940400007 3.132190496199999 -0.000019355630191 0.000017082410356 0.000051441728135
155 8 11.508430567899998 8.477428856900005 1.296161863300000 -0.000039561655496 -0.001815709913445 -0.001639823296578
163 8 7.672298157300000 8.859189034900005 1.566094450300000 -0.000388467954729 -0.001229046696216 0.000059591670682
171 8 9.259725682700001 9.775700901000002 4.968248379499999 -0.001459731458161 -0.001273071807190 0.001337425416695
11 1 13.426498927399999 9.966593245500007 2.349140662099999 -0.000321597388413 -0.001249783953543 0.000184041421395
18 1 15.344557788300000 6.644399077300000 2.349147298800000 0.001319129624061 -0.004250133949891 0.000239304873020
28 1 17.262629481500003 9.966598154900002 2.349145244699999 0.000447479967067 -0.001095562933885 0.000002328524004
34 7 17.262627163200005 7.751796947200008 5.481341472000000 -0.000180364332189 -0.001267349485420 -0.000840828102907
43 7 15.344568302600003 11.073991115500002 5.481334835700000 0.000168516449206 -0.001034272945271 0.000956583829115
57 7 13.426498916499998 7.751790037100004 5.481345370700000 0.000306882668148 -0.000736953399781 -0.000642319621663
81 8 13.095877704700001 7.560908000500002 3.402138567200000 -0.002214241380614 -0.000312538247616 0.001620727365616
99 8 15.344565510999997 11.455753713000002 3.402132653400000 -0.000347297459662 0.003710947282202 0.000775348650579
106 8 17.593251848000001 7.560904182000002 3.402136381700000 0.002407366035203 -0.000352665618311 0.001807395917258
115 8 13.757107442799997 9.775703055900001 4.968235823200000 0.001979314770464 -0.000402242399104 0.001351360206540
122 8 15.344557227600001 7.026163626600007 4.968234320200000 -0.000019578582172 0.002847401035226 0.002101396201470
164 8 15.344581527500001 8.859189034900005 1.566094450300000 -0.000395778867234 0.001386761385061 -0.000091890913901
172 8 16.932009052900014 9.775700901000002 4.968248379499999 -0.001930480694997 -0.000326951013637 0.001336478477901
4 1 19.180701981300000 11.073997829000001 5.481344520900000 0.000540215274280 -0.000106111479622 -0.000079759788453
12 1 21.098782297600000 9.966593245500007 2.349140662099999 0.000125167539334 0.001028814001865 0.000031579884995
44 7 23.016851672799998 11.073991115500002 5.481334835700000 0.000162853179650 0.000981066627558 -0.000503904460055
50 7 19.180710411899998 6.644390723800001 2.349147115100000 -0.005845964629239 0.000204993142018 -0.000046199773408
58 7 21.098782286699997 7.751790037100004 5.481345370700000 -0.000594733401405 0.001354759954335 0.000836749065034
74 8 19.180716222899989 8.477427166200002 5.994454850600000 -0.000062643021230 -0.001930933792395 -0.001440808613067
82 8 20.768161074900000 7.560908000500002 3.402138567200000 -0.000791649522671 -0.001484509494855 0.001224413304266
100 8 23.016848881199998 11.455753713000002 3.402132653400000 -0.000341439110120 -0.000190305506643 0.002336542512575
116 8 21.429390813000008 9.775703055900001 4.968235823200000 0.001515469503285 -0.001347628416084 0.001355965629320
132 8 19.180709763900005 11.073992940400007 3.132190496199999 -0.000419442195164 -0.000011930234883 0.000065069612787
156 8 19.180713938099998 8.477428856900005 1.296161863300000 0.000485079321152 -0.001817260157489 -0.001642227510762
19 1 11.508416103199997 13.288791380900006 2.349147298800000 -0.010034046370168 -0.000088256675044 -0.000011259177780
123 8 11.508415542500002 13.670555930200003 4.968234320200000 0.003019306663768 0.001866932945555 0.001391664063396
139 8 9.259738667499999 12.372281731100001 1.296160360000000 -0.001004827897655 -0.001505862117535 -0.002152751711443
35 7 13.426485478100000 14.396189250800001 5.481341472000000 -0.002045411240926 -0.002045352901819 0.005519508399281
51 7 15.344568726800000 13.288783027399999 2.349147115100000 0.004211726383838 -0.005570433679134 -0.000540888810402
59 7 17.262640601600001 14.396182340700005 5.481345370700000 0.001671204208772 -0.000549743571620 0.001566225000658
67 8 16.932029885999999 12.372276697200000 5.994451122499998 -0.002182443286088 0.001051798039096 -0.001798375810400
75 8 15.344574537799998 15.121819469800011 5.994454850600000 -0.000962042934629 -0.001777461771324 -0.002528174400634
83 8 16.932019389799994 14.205300304100005 3.402138567200000 -0.003546165749352 -0.000615324660966 0.000445634262111
91 8 13.757112196700003 12.372264326600002 5.994440303000000 0.001874944832286 0.002106753198664 -0.002017452768758
107 8 13.757110162900000 14.205296485600002 3.402136381700000 -0.002005012992946 0.005889678624251 -0.005019843055405
140 8 16.932022037700008 12.372281731100001 1.296160360000000 -0.002966715162346 0.001882362879619 -0.000847907835861
147 8 13.757108114200003 12.372258443900009 1.296153622799999 0.002287939743251 0.003287408563121 -0.000815072435163
20 1 19.180699473400008 13.288791380900006 2.349147298800000 0.002116627343710 -0.000074531978195 -0.000044209755489
36 7 21.098768848300001 14.396189250800001 5.481341472000000 0.002091746620274 0.000658337526027 -0.001571787258456
52 7 23.016852096999997 13.288783027399999 2.349147115100000 0.004191603397676 0.006031234373436 0.000445985928390
76 8 23.016857907999988 15.121819469800011 5.994454850600000 -0.000961269451191 -0.002090523359418 -0.000353029373170
92 8 21.429395566900006 12.372264326600002 5.994440303000000 0.001190164701001 0.000713079476023 -0.000982555300384
108 8 21.429393533100004 14.205296485600002 3.402136381700000 -0.000349286419014 -0.001227006273290 0.002589890417660
124 8 19.180698912699995 13.670555930200003 4.968234320200000 -0.001054417640318 0.001871926762167 0.001411749769127
148 8 21.429391484400018 12.372258443900009 1.296153622799999 0.000365227188218 -0.000105763157680 -0.002125140559708
60 7 24.934923971800007 14.396182340700005 5.481345370700000 -0.002481339534703 0.002173650419121 -0.005520748632974
68 8 24.604313256200001 12.372276697200000 5.994451122499998 -0.001494323155815 -0.000345226571566 -0.000762736822511
84 8 24.604302760000003 14.205300304100005 3.402138567200000 -0.005209331412404 -0.007809305245412 0.008091168812857
29 1 9.590346111300004 5.537003285800003 8.613538384300000 -0.000020531273227 0.000228850705842 0.001183269744867
157 8 11.508430567900000 4.047833987800002 7.560555002900000 -0.000039559845242 -0.001818488856847 -0.001635891450913
165 8 7.672298157300002 4.429594165800001 7.830487589900000 -0.000388449080318 -0.000289973720725 -0.001268441995487
173 8 9.259725682700003 5.346106031900003 11.232641519100001 -0.001038147259391 -0.002175525993384 -0.000674374260021
13 1 13.426498927400001 5.536998376400002 8.613533801700001 -0.000321598169305 -0.000287969271981 -0.001176145154455
30 1 17.262629481500003 5.537003285800003 8.613538384300000 0.000447487705436 -0.000381229079224 -0.001007871980510
117 8 13.757107442800002 5.346108186800002 11.232628962800000 0.002365215260447 0.000501659990741 0.003366617125144
166 8 15.344581527500001 4.429594165800001 7.830487589900000 -0.000395760676331 0.000439123854697 0.001248254222506
174 8 16.932009052900007 5.346106031900003 11.232641519100001 -0.002999951890098 0.000184214777442 0.002085077669177
14 1 21.098782297600003 5.536998376400002 8.613533801700001 0.000125169299982 0.000327810673697 0.001022950935150
118 8 21.429390813000005 5.346108186800002 11.232628962800000 0.000442543031365 -0.001864573424946 0.000604178965714
158 8 19.180713938100002 4.047833987800002 7.560555002900000 0.000485060829976 -0.001821273523388 -0.001636557219319
5 1 11.508418611100007 6.644402959900002 11.745737660500000 -0.009992820981218 -0.000071609069926 -0.000105486748462
21 1 11.508416103199998 8.859196511800004 8.613540438400001 -0.000629402733200 -0.000067752292012 -0.000052666675251
125 8 11.508415542500003 9.240961061100004 11.232627459799998 0.003019294894516 0.001851429329934 0.001413563139560
133 8 11.508426393700002 6.644398071300002 9.396583635799999 -0.000019364994586 -0.000043666380626 0.000137362822858
141 8 9.259738667500002 7.942686862000003 7.560553499600000 -0.001426477534483 0.000691703515168 -0.001972582900566
167 8 11.508439842400001 11.073986469400005 7.830487589900000 0.000245452631747 0.000073426912340 -0.000015450759750
37 7 13.426485478099996 9.966594381700006 11.745734611600000 -0.002045412628088 0.004469904209892 -0.003694473786045
45 7 15.344568302600001 6.644396246400003 11.745727975299999 0.004171410089427 -0.002419229342651 -0.005060127030097
53 7 15.344568726799995 8.859188158300002 8.613540254699998 0.000208864397670 0.000563836624416 -0.001240740779195
61 7 17.262640601600001 9.966587471600000 11.745738510299995 0.001671214714346 0.001407692050970 -0.001202001288978
69 8 16.932029886000002 7.942681828100003 12.258844262099997 -0.003697161129253 -0.000143555243385 -0.000770119857704
77 8 15.344574537800005 10.692224600700005 12.258847990200001 -0.000962040291915 -0.002904947235293 -0.000933654722196
85 8 16.932019389799990 9.775705435000003 9.666531706799999 -0.002031426726155 -0.001186339021219 0.001915369733155
93 8 13.757112196700007 7.942669457500004 12.258833442600000 -0.001983836341796 -0.002889275909836 0.007229266384360
101 8 15.344565511000003 7.026158843900003 9.666525792999996 -0.000347279846738 0.001675764122956 0.003653512017968
109 8 13.757110162900005 9.775701616500001 9.666529521300001 0.001853757040957 -0.001162796695333 0.002772725597770
142 8 16.932022037700005 7.942686862000003 7.560553499600000 -0.001897240906544 0.001006174681548 -0.001080264369034
149 8 13.757108114200001 7.942663574800001 7.560546762400000 0.001902003147360 0.001086133860912 -0.000995519167009
159 8 15.344572253000006 10.692226291400004 7.560555002900000 -0.000125090313868 -0.001895205231835 -0.001693081571034
6 1 19.180701981300004 6.644402959900002 11.745737660500000 0.002158032238986 -0.000098175953863 -0.000081516868468
22 1 19.180699473400011 8.859196511800004 8.613540438400001 0.000498817442573 -0.000075518014544 -0.000052275293722
38 7 21.098768848300008 9.966594381700006 11.745734611600000 0.002091759494865 -0.001314611848508 0.001218401199097
46 7 23.016851672800001 6.644396246400003 11.745727975299999 0.004151205310469 0.002378434568669 0.005549021349670
54 7 23.016852096999990 8.859188158300002 8.613540254699998 0.000203205465149 -0.000141353211467 0.001146156144764
78 8 23.016857907999999 10.692224600700005 12.258847990200001 -0.000961307079461 -0.000958537579658 -0.001953882899442
94 8 21.429395566900006 7.942669457500004 12.258833442600000 -0.000328077418618 0.001912955801032 -0.002017032156966
102 8 23.016848881199998 7.026158843900003 9.666525792999996 -0.000341415299150 0.001847257963295 -0.000544964957793
110 8 21.429393533100001 9.775701616500001 9.666529521300001 0.001168961475707 -0.000651651154220 0.001113806896776
126 8 19.180698912700002 9.240961061100004 11.232627459799998 -0.001054414519699 0.001872041621298 0.001411591565940
134 8 19.180709763900005 6.644398071300002 9.396583635799999 -0.000419665772242 -0.000040460833955 0.000105292794201
150 8 21.429391484400004 7.942663574800001 7.560546762400000 0.001438149575516 0.000775351611743 -0.001888382363109
160 8 23.016855623200005 10.692226291400004 7.560555002900000 -0.000124182218069 -0.001746020644770 -0.001587613659604
168 8 19.180723212599993 11.073986469400005 7.830487589900000 -0.000337234967240 0.000076256187559 -0.000013449347300
62 7 24.934923971800000 9.966587471600000 11.745738510299995 -0.002481372092376 -0.004366280979809 0.003728046312149
70 8 24.604313256200005 7.942681828100003 12.258844262099997 -0.005360321081602 0.004666937258137 -0.010101360860937
86 8 24.604302759999996 9.775705435000003 9.666531706799999 -0.001343304154865 -0.000675602382526 0.000253026189233
7 1 15.344560296200003 13.288795263500004 11.745737660500000 0.000267212567630 0.000988131481829 -0.000267152055723
15 1 17.262640612500000 12.181390680000009 8.613533801700001 0.000090142046973 0.000122914284475 0.000134542980027
23 1 15.344557788300000 15.503588815399999 8.613540438400001 0.000225807305072 0.000112551674080 0.001041856622444
31 1 13.426487796399995 12.181395589400003 8.613538384300000 -0.000046801667134 0.000102422929102 0.000091780514398
39 7 17.262627163200005 16.610986685300006 11.745734611600000 -0.000632406009755 0.002165987808107 0.001586876660814
95 8 17.593253881800010 14.587061761100006 12.258833442600000 0.001867878807321 0.000070927933172 -0.001500229303692
111 8 17.593251848000001 16.420093920100001 9.666529521300001 0.001846672225071 -0.001353766831128 0.000680928270798
119 8 17.593249127900002 11.990500490400001 11.232628962800000 0.001501421995616 -0.001339267966324 0.001536822176755
127 8 15.344557227600006 15.885353364700006 11.232627459799998 0.000006872008831 0.001477655742791 0.001132835315261
135 8 15.344568078800005 13.288790374900007 9.396583635799999 -0.000105869913993 -0.000239366356215 -0.000065474247049
143 8 13.095880352600002 14.587079165600008 7.560553499600000 -0.001113815614846 0.000810368468753 -0.003026871947439
151 8 17.593249799300004 14.587055878400003 7.560546762400000 0.001424109830929 0.000948648932960 -0.001940777691512
175 8 13.095867367800004 11.990498335500007 11.232641519100001 -0.001147030189413 -0.002227527661885 0.001800743999683
8 1 23.016843666400000 13.288795263500004 11.745737660500000 0.000270327152934 -0.001198079443633 0.000106391764190
24 1 23.016841158500000 15.503588815399999 8.613540438400001 0.000228915071167 -0.000264011061362 -0.001143835038320
32 1 21.098771166600002 12.181395589400003 8.613538384300000 0.000409906406708 -0.000178802195178 -0.000107073627659
47 7 19.180709987699998 13.288788550000005 11.745727975299999 -0.000445581445367 -0.000036359103967 0.000223542933422
55 7 19.180710411900002 15.503580461900007 8.613540254699998 -0.000405235831202 0.000205342088942 -0.000055563972082
63 7 21.098782286700004 16.610979775200004 11.745738510299995 -0.000997998223024 -0.002091248015806 -0.001599900794246
71 8 20.768171571100002 14.587074131700003 12.258844262099997 -0.001513180797276 0.001706738543439 -0.001277213658060
79 8 19.180716222899996 17.336616904300001 12.258847990200001 0.003009973999529 -0.001888391760660 -0.001410737599314
87 8 20.768161074900000 16.420097738599999 9.666531706799999 -0.001362161637301 -0.000476663611058 0.002359113655674
103 8 19.180707196099995 13.670551147500003 9.666525792999996 0.000035356311843 0.001764267255058 0.001557468785667
128 8 23.016840597800005 15.885353364700006 11.232627459799998 -0.000002284105938 0.002271781304077 0.001694361873584
136 8 23.016851449000004 13.288790374900007 9.396583635799999 -0.000099659256574 0.000160226174001 0.000216874702498
144 8 20.768163722800004 14.587079165600008 7.560553499600000 -0.001910780832257 0.000831129723339 -0.001024430162171
176 8 20.768150737999996 11.990498335500007 11.232641519100001 -0.001944035720800 -0.000332657863267 0.001152817234876
16 1 24.934923982700003 12.181390680000009 8.613533801700001 -0.000370590847988 -0.000155439441930 -0.000062277069237
40 7 24.934910533400007 16.610986685300006 11.745734611600000 0.001140791046825 -0.000946082714195 -0.000613634891143
48 7 26.852993357900004 13.288788550000005 11.745727975299999 -0.000767029304243 -0.000032576566842 0.000229509239351
56 7 26.852993782099993 15.503580461900007 8.613540254699998 -0.000726671279042 0.000212231542956 -0.000053974584348
64 7 28.771065656899999 16.610979775200004 11.745738510299995 0.000721583737784 0.001050121117474 0.000621323702955
72 8 28.440454941300004 14.587074131700003 12.258844262099997 -0.001888175870635 0.000149040694661 -0.001438098677398
80 8 26.852999593099998 17.336616904300001 12.258847990200001 -0.001333276796235 -0.001931878530851 -0.001441479664576
88 8 28.440444445099999 16.420097738599999 9.666531706799999 -0.001737154290635 -0.001147583939064 0.000944160954259
96 8 25.265537252000023 14.587061761100006 12.258833442600000 0.001487202212921 0.001618969362019 -0.001344945370176
104 8 26.852990566300001 13.670551147500003 9.666525792999996 0.000261659154453 0.001762706950825 0.001556365686984
112 8 25.265535218199997 16.420093920100001 9.666529521300001 0.001465997439665 -0.000691346049141 0.002088685615946
120 8 25.265532498100001 11.990500490400001 11.232628962800000 0.002297902027930 0.000556231833202 0.000884065921961
152 8 25.265533169500006 14.587055878400003 7.560546762400000 0.002220571346672 0.000965062387895 0.000063875779503
