ITEM: TIMESTEP
0
ITEM: NUMBER OF ATOMS
176
ITEM: BOX BOUNDS xy xz yz pp pp pp
0.0000000000000000e+00 3.0689133480799999e+01 7.6722833701999980e+00
0.0000000000000000e+00 1.7718379476200003e+01 7.6722833702000024e+00
0.0000000000000000e+00 1.2528786279200000e+01 4.4295948690000015e+00
ITEM: ATOMS id type x y z fx fy fz
25 1 5.749204426199952 3.319319099954079 2.340980278890743 0.109998495601688 0.063345164332800 0.081805276893550
137 8 5.423596982400004 5.727889427500000 1.296160360000000 -0.006219716381759 -0.004564837884031 -0.012333841663644
161 8 3.836156472199998 2.214796731300001 1.566094450300000 -0.018772712040286 -0.010702208999735 -0.013796442119187
169 8 5.423583997600000 3.131308597400002 4.968248379499999 -0.011746986525200 -0.006727321155008 0.006841782758353
1 1 7.672276926000002 4.429605525400001 5.481344520900000 -0.012837076830737 -0.007574181283396 -0.028953904431180
9 1 9.590357242299998 3.322200941900001 2.349140662099999 -0.019482275877770 0.008592262015448 0.009954692222560
41 7 11.508426617500000 4.429598811900002 5.481334835700000 -0.004770368338859 -0.000793707512294 -0.002054777785606
89 8 9.920970511600007 5.727872023000002 5.994440303000000 0.004079515480469 0.002500613129261 -0.000022742407954
97 8 11.508423825899998 4.811361409400002 3.402132653400000 0.001920382327256 0.002447366303342 0.001550854442938
113 8 9.920965757699999 3.131310752300001 4.968235823200000 0.006055074342913 -0.002272690600873 0.003338834608241
129 8 7.672284708600001 4.429600636800002 3.132190496199999 -0.017345493147883 -0.010037812821265 -0.013237483318105
145 8 9.920966429100000 5.727866140300000 1.296153622799999 0.004125962876694 0.002356678691566 -0.004644482213910
153 8 7.672288882800000 1.833036553300000 1.296161863300000 -0.006977324401604 -0.003145335760654 -0.012376180662871
162 8 11.508439842400000 2.214796731300001 1.566094450300000 0.002682021745165 -0.001355758912278 -0.001452468102315
2 1 15.344560296200001 4.429605525400001 5.481344520900000 0.000488496279520 0.000023892431731 0.000407915707127
10 1 17.262640612500000 3.322200941900001 2.349140662099999 -0.019520230857279 0.008648255462619 0.010043479319506
26 1 13.426487796400002 3.322205851300000 2.349145244699999 -0.002328678599691 0.000385364010342 0.000560149258674
65 8 13.095888200900001 5.727884393600002 5.994451122499998 -0.000612172385672 0.001381302262504 -0.000466290244851
90 8 17.593253881800006 5.727872023000002 5.994440303000000 -0.001213964739417 0.002878710331034 -0.000675515294464
114 8 17.593249127900009 3.131310752300001 4.968235823200000 -0.001835364156743 -0.002621468208790 -0.001123057918027
130 8 15.344568078800005 4.429600636800002 3.132190496199999 0.002753846265655 -0.001477498202963 -0.001368600155440
138 8 13.095880352600009 5.727889427500000 1.296160360000000 -0.000399985228222 0.000651740224298 -0.002229517221627
146 8 17.593249799300011 5.727866140300000 1.296153622799999 0.001455080002261 -0.001597342678935 -0.003051484258445
154 8 15.344572252999999 1.833036553300000 1.296161863300000 0.001851095920177 -0.001133211652323 -0.001650841591223
170 8 13.095867367800004 3.131308597400002 4.968248379499999 -0.000283593798662 -0.001458549836220 0.001216352201088
42 7 19.180709987699998 4.429598811900002 5.481334835700000 0.017764622625723 -0.007586824498541 -0.005170452279612
66 8 20.768171571100002 5.727884393600002 5.994451122499998 -0.003688076986349 0.004762488987423 0.000908964556679
98 8 19.180707196099995 4.811361409400002 3.402132653400000 -0.006977178318083 0.000508750356148 -0.009086836899985
3 1 11.508418611100000 11.073997829000001 5.481344520900000 0.000405813070572 0.000167096530450 0.000407921250029
17 1 7.672274418099999 6.644399077300000 2.349147298800000 -0.002168476624440 -0.021124127034506 0.009858401311710
27 1 9.590346111300001 9.966598154900002 2.349145244699999 -0.000689740974481 -0.002453383426914 0.000560144149224
33 7 9.590343793000001 7.751796947200008 5.481341472000000 -0.002727236287969 -0.003688678082591 -0.002282456536327
49 7 11.508427041700001 6.644390723800001 2.349147115100000 -0.003227451066485 -0.001582672408635 0.001018805098222
73 8 11.508432852700000 8.477427166200002 5.994454850600000 0.000903010507303 -0.001278498875731 -0.000478859439574
105 8 9.920968477800001 7.560904182000002 3.402136381700000 0.003113047451808 0.000393566308124 0.001571759089925
121 8 7.672273857400003 7.026163626600007 4.968234320200000 0.001048561922158 0.006282986944135 0.003375303394918
131 8 11.508426393700001 11.073992940400007 3.132190496199999 0.000117783069902 0.003088260843809 -0.001368574809269
155 8 11.508430567899998 8.477428856900005 1.296161863300000 0.000450323207753 -0.000713673620347 -0.002272020653216
163 8 7.672298157300000 8.859189034900005 1.566094450300000 0.000048853678110 0.003205199804584 -0.001452525165601
171 8 9.259725682700001 9.775700901000002 4.968248379499999 -0.001452577360562 0.000566215233314 0.001216349276958
11 1 13.426498927399999 9.966593245500007 2.349140662099999 0.000195349832507 -0.001359792055097 0.000812486854606
18 1 15.344557788300000 6.644399077300000 2.349147298800000 -0.000948284696975 0.000893606071209 0.000716122057226
28 1 17.262629481500003 9.966598154900002 2.349145244699999 0.000322905463343 0.000023758346053 0.000438859704844
34 7 17.262627163200005 7.751796947200008 5.481341472000000 0.001547442142630 -0.000957412478816 0.000085306330177
43 7 15.344568302600003 11.073991115500002 5.481334835700000 -0.000267695046159 0.001542606482559 0.000312956506112
57 7 13.426498916499998 7.751790037100004 5.481345370700000 -0.000738402975653 -0.000145639092594 -0.001101407881133
81 8 13.095877704700001 7.560908000500002 3.402138567200000 -0.000692675745475 -0.000426254780584 0.001563290306171
99 8 15.344565510999997 11.455753713000002 3.402132653400000 -0.000291613861553 0.001731883379555 0.000640646903681
106 8 17.593251848000001 7.560904182000002 3.402136381700000 0.001387366533033 -0.001164345241998 0.000661531014815
115 8 13.757107442799997 9.775703055900001 4.968235823200000 0.001618130899801 -0.001033209336917 0.001244361909449
122 8 15.344557227600001 7.026163626600007 4.968234320200000 -0.000096533632952 0.001820713469494 0.001280804091697
164 8 15.344581527500001 8.859189034900005 1.566094450300000 -0.000256394947391 -0.000011690822634 -0.000178873366738
172 8 16.932009052900014 9.775700901000002 4.968248379499999 -0.001672562379639 -0.000910633925065 0.001116972303310
4 1 19.180701981300000 11.073997829000001 5.481344520900000 0.000034739599838 -0.000142611673760 -0.000095463080085
12 1 21.098782297600000 9.966593245500007 2.349140662099999 0.000191096286603 -0.001367135858911 0.000808726271406
44 7 23.016851672799998 11.073991115500002 5.481334835700000 -0.000651606726955 -0.001170143605154 0.000318760083758
50 7 19.180710411899998 6.644390723800001 2.349147115100000 0.002394031790191 0.001577439855798 0.007391391976650
58 7 21.098782286699997 7.751790037100004 5.481345370700000 0.001700705830572 -0.005348575107567 -0.001344794082033
74 8 19.180716222899989 8.477427166200002 5.994454850600000 -0.001591138222995 -0.001075213326670 -0.000981415101567
82 8 20.768161074900000 7.560908000500002 3.402138567200000 -0.003968518229143 0.000085829922512 -0.000203633744004
100 8 23.016848881199998 11.455753713000002 3.402132653400000 0.000525436242548 0.002870156045906 0.000922993217822
116 8 21.429390813000008 9.775703055900001 4.968235823200000 0.002041554600817 0.001077505075854 0.001291401328114
132 8 19.180709763900005 11.073992940400007 3.132190496199999 -0.000177860922300 -0.000126248529282 -0.000087607654076
156 8 19.180713938099998 8.477428856900005 1.296161863300000 -0.000370403379005 -0.001825771908505 -0.002563902597982
19 1 11.508416103199997 13.288791380900006 2.349147298800000 -0.002138826649145 -0.021184588006967 0.009947192212787
123 8 11.508415542500002 13.670555930200003 4.968234320200000 -0.003198748096296 -0.000375975922656 -0.001086623023729
139 8 9.259738667499999 12.372281731100001 1.296160360000000 -0.000062946632992 0.002074603644106 -0.001608337962495
35 7 13.426485478100000 14.396189250800001 5.481341472000000 0.002657205583828 0.019223656353429 -0.005397898814294
51 7 15.344568726800000 13.288783027399999 2.349147115100000 0.002319946505556 0.001705447899323 0.007391157530429
59 7 17.262640601600001 14.396182340700005 5.481345370700000 -0.004024676784914 0.004568111881598 -0.001344727897823
67 8 16.932029885999999 12.372276697200000 5.994451122499998 -0.001683196475796 -0.000880311314675 -0.000968862443700
75 8 15.344574537799998 15.121819469800011 5.994454850600000 0.002293242796958 -0.005632871930804 0.000896347963433
83 8 16.932019389799994 14.205300304100005 3.402138567200000 -0.001887147907755 -0.003519183175536 -0.000203634517733
91 8 13.757112196700003 12.372264326600002 5.994440303000000 0.001760206747626 -0.002272602366990 -0.000675556709495
107 8 13.757110162900000 14.205296485600002 3.402136381700000 -0.003014574224904 -0.006342760942600 -0.009065785002131
140 8 16.932022037700008 12.372281731100001 1.296160360000000 -0.001773453587733 0.000497044112889 -0.002521380642047
147 8 13.757108114200003 12.372258443900009 1.296153622799999 -0.000633683656262 0.002020587279778 -0.003051478156454
20 1 19.180699473400008 13.288791380900006 2.349147298800000 -0.000956754948796 0.000893579542787 0.000712356149493
36 7 21.098768848300001 14.396189250800001 5.481341472000000 -0.000993828054445 0.000066490066700 0.000091114968247
52 7 23.016852096999997 13.288783027399999 2.349147115100000 -0.003231588508378 -0.001585091484221 0.001025649391784
76 8 23.016857907999988 15.121819469800011 5.994454850600000 -0.000216858133686 -0.002034326421962 -0.001658945669634
92 8 21.429395566900006 12.372264326600002 5.994440303000000 0.001839462180071 0.001207352574584 -0.001269609428145
108 8 21.429393533100004 14.205296485600002 3.402136381700000 0.002781678491464 -0.001025890842928 0.000943891035693
124 8 19.180698912699995 13.670555930200003 4.968234320200000 0.001943102929674 0.001132066463982 0.001327831705703
148 8 21.429391484400018 12.372258443900009 1.296153622799999 0.002666084268092 0.001513818722053 -0.001262789473616
60 7 24.934923971800007 14.396182340700005 5.481345370700000 0.001544657219271 0.001172489381075 0.002784964528417
68 8 24.604313256200001 12.372276697200000 5.994451122499998 -0.001826668817307 0.000789384530053 -0.001646378955488
84 8 24.604302760000003 14.205300304100005 3.402138567200000 0.000769044922436 0.000417670656807 -0.001830821861730
29 1 9.590346111300004 5.537003285800003 8.613538384300000 -0.002328718745522 -0.001507156607859 -0.003724813115192
157 8 11.508430567900000 4.047833987800002 7.560555002900000 0.000811397204347 -0.001631570177968 0.000141151627235
165 8 7.672298157300002 4.429594165800001 7.830487589900000 0.000876945456159 0.000642593373836 0.005544150634879
173 8 9.259725682700003 5.346106031900003 11.232641519100001 0.000871714469728 0.000558313423365 0.002646833622790
13 1 13.426498927400001 5.536998376400002 8.613533801700001 0.000118430703049 -0.001411601530770 -0.003549576657022
30 1 17.262629481500003 5.537003285800003 8.613538384300000 0.002136544772339 -0.001023339543383 -0.001741861964215
117 8 13.757107442800002 5.346108186800002 11.232628962800000 -0.000138618369559 0.003299860304258 0.003732037089525
166 8 15.344581527500001 4.429594165800001 7.830487589900000 -0.000870829870998 0.000540968462360 0.000616763651817
174 8 16.932009052900007 5.346106031900003 11.232641519100001 -0.004446196718736 0.000918460067991 0.001976725144154
14 1 21.098782297600003 5.536998376400002 8.613533801700001 0.000108698517616 -0.001407215326420 -0.003535691453463
118 8 21.429390813000005 5.346108186800002 11.232628962800000 0.002979611593640 -0.000100430101792 0.002338057347242
158 8 19.180713938100002 4.047833987800002 7.560555002900000 -0.001568260836165 -0.001893092594546 0.001285864873396
5 1 11.508418611100007 6.644402959900002 11.745737660500000 -0.013021323131424 -0.007680410008813 -0.029287731894384
21 1 11.508416103199998 8.859196511800004 8.613540438400001 -0.001031630650157 0.000852907710240 -0.003645947896165
125 8 11.508415542500003 9.240961061100004 11.232627459799998 0.002777633160159 -0.001867210525201 0.003768478712367
133 8 11.508426393700002 6.644398071300002 9.396583635799999 0.000944570365029 0.000521780158139 0.005675167918949
141 8 9.259738667500002 7.942686862000003 7.560553499600000 -0.001014370048135 0.001423389803842 0.000183667026594
167 8 11.508439842400001 11.073986469400005 7.830487589900000 -0.000084995303071 -0.000820174669135 0.000616764914489
37 7 13.426485478099996 9.966594381700006 11.745734611600000 0.002689806879423 0.019322689171969 -0.005321190078791
45 7 15.344568302600001 6.644396246400003 11.745727975299999 0.017866555231016 -0.007608159989973 -0.005093461901545
53 7 15.344568726799995 8.859188158300002 8.613540254699998 0.001931270930189 0.001395677615932 -0.002926721062308
61 7 17.262640601600001 9.966587471600000 11.745738510299995 0.001532395942000 0.001165408936293 0.002793735107836
69 8 16.932029886000002 7.942681828100003 12.258844262099997 -0.005415318975471 -0.001130729913251 -0.003938001714373
77 8 15.344574537800005 10.692224600700005 12.258847990200001 -0.003674059872747 -0.004182135154815 -0.003950595444243
85 8 16.932019389799990 9.775705435000003 9.666531706799999 -0.002382329864242 -0.001401768489392 0.001206250768988
93 8 13.757112196700007 7.942669457500004 12.258833442600000 -0.008534625020724 -0.004781811355639 0.003685783847335
101 8 15.344565511000003 7.026158843900003 9.666525792999996 -0.001498567867354 0.001685988560691 0.004469089955406
109 8 13.757110162900005 9.775701616500001 9.666529521300001 0.000744154505560 -0.002186652561171 0.004489991482940
142 8 16.932022037700005 7.942686862000003 7.560553499600000 -0.002547459824804 0.001071048231862 -0.000562017721023
149 8 13.757108114200001 7.942663574800001 7.560546762400000 0.001807956517603 0.001018366044732 -0.000115106732179
159 8 15.344572253000006 10.692226291400004 7.560555002900000 -0.000260281216991 -0.002783086996063 -0.000604528177165
6 1 19.180701981300004 6.644402959900002 11.745737660500000 0.000477647303513 0.000024617299507 0.000414179561559
22 1 19.180699473400011 8.859196511800004 8.613540438400001 0.000759807034151 -0.000460264652674 -0.000788656666636
38 7 21.098768848300008 9.966594381700006 11.745734611600000 -0.000999004166713 0.000068666207747 0.000090179544641
46 7 23.016851672800001 6.644396246400003 11.745727975299999 -0.004790658776236 -0.000795012330765 -0.002053275946337
54 7 23.016852096999990 8.859188158300002 8.613540254699998 -0.001520736703726 -0.000590895810778 -0.002013824088342
78 8 23.016857907999999 10.692224600700005 12.258847990200001 0.001462041134583 -0.002677681553314 -0.001529580533632
94 8 21.429395566900006 7.942669457500004 12.258833442600000 0.002956893897718 0.000495708480954 -0.001449821063501
102 8 23.016848881199998 7.026158843900003 9.666525792999996 0.000887520580088 0.001947208757749 0.003338460654735
110 8 21.429393533100001 9.775701616500001 9.666529521300001 0.001789579396612 -0.000744540278345 0.001935444575965
126 8 19.180698912700002 9.240961061100004 11.232627459799998 0.000271503864577 0.001773041842361 0.001194683179767
134 8 19.180709763900005 6.644398071300002 9.396583635799999 -0.000790236057671 0.000423128359852 0.000703032347355
150 8 21.429391484400004 7.942663574800001 7.560546762400000 0.002166224422360 0.002137846201343 0.000444295874097
160 8 23.016855623200005 10.692226291400004 7.560555002900000 0.000200723197107 -0.001715666252855 -0.001280491490348
168 8 19.180723212599993 11.073986469400005 7.830487589900000 -0.000099393615497 0.000078933651853 0.000257902204099
62 7 24.934923971800000 9.966587471600000 11.745738510299995 -0.004032021099641 0.004592599975868 -0.001331722829153
70 8 24.604313256200005 7.942681828100003 12.258844262099997 0.002497464255800 -0.000803868130066 0.000532536951858
86 8 24.604302759999996 9.775705435000003 9.666531706799999 -0.000395403442316 -0.001173729781634 0.003269570885282
7 1 15.344560296200003 13.288795263500004 11.745737660500000 0.000401014298424 0.000157332640169 0.000414188464641
15 1 17.262640612500000 12.181390680000009 8.613533801700001 -0.000123087917773 0.000796395144186 -0.000692287763810
23 1 15.344557788300000 15.503588815399999 8.613540438400001 -0.001032674865755 0.000842281612389 -0.003632034743511
31 1 13.426487796399995 12.181395589400003 8.613538384300000 0.000322909570098 0.002117964295347 -0.001741852578300
39 7 17.262627163200005 16.610986685300006 11.745734611600000 -0.002738490011702 -0.003705582901130 -0.002280910847033
95 8 17.593253881800010 14.587061761100006 12.258833442600000 0.001781883433819 0.002530876964820 -0.001449816764790
111 8 17.593251848000001 16.420093920100001 9.666529521300001 0.002163432098916 -0.000250848397130 0.003359349478408
119 8 17.593249127900002 11.990500490400001 11.232628962800000 0.001760860844019 -0.000690648326513 0.001158241538050
127 8 15.344557227600006 15.885353364700006 11.232627459799998 0.001392032441456 0.002533404572948 0.002374503746975
135 8 15.344568078800005 13.288790374900007 9.396583635799999 -0.000008270484719 -0.000931290430675 0.000703018538412
143 8 13.095880352600002 14.587079165600008 7.560553499600000 -0.002430678298052 -0.000506687632440 0.001328376926869
151 8 17.593249799300004 14.587055878400003 7.560546762400000 0.002956563540966 0.000768894485535 0.000444273096970
175 8 13.095867367800004 11.990498335500007 11.232641519100001 -0.001475346675466 -0.004227245883431 0.001976732394650
8 1 23.016843666400000 13.288795263500004 11.745737660500000 0.000036520193152 -0.000141585605987 -0.000093327601257
24 1 23.016841158500000 15.503588815399999 8.613540438400001 0.000762223174820 -0.000462442457455 -0.000789847081501
32 1 21.098771166600002 12.181395589400003 8.613538384300000 -0.000010033942248 -0.000168459016377 -0.000326655444330
47 7 19.180709987699998 13.288788550000005 11.745727975299999 -0.000652299183965 -0.001175704607328 0.000317813745010
55 7 19.180710411900002 15.503580461900007 8.613540254699998 -0.001515141014080 -0.000600520803580 -0.002013789667330
63 7 21.098782286700004 16.610979775200004 11.745738510299995 0.001718216324841 -0.005367085844456 -0.001331688417428
71 8 20.768171571100002 14.587074131700003 12.258844262099997 -0.001544395548884 0.002565012064490 -0.001517019917954
79 8 19.180716222899996 17.336616904300001 12.258847990200001 0.000565399636727 0.002507053013612 0.000519960088206
87 8 20.768161074900000 16.420097738599999 9.666531706799999 -0.001191386572346 0.000204930721700 0.003269556578548
103 8 19.180707196099995 13.670551147500003 9.666525792999996 0.000273042957540 0.001870293199200 0.001914548570780
128 8 23.016840597800005 15.885353364700006 11.232627459799998 -0.001114260909285 0.002730700972318 0.001869945680222
136 8 23.016851449000004 13.288790374900007 9.396583635799999 -0.000022623580134 -0.000036647533411 0.000346654841462
144 8 20.768163722800004 14.587079165600008 7.560553499600000 -0.001392535735114 0.000936577184129 -0.001237985968341
176 8 20.768150737999996 11.990498335500007 11.232641519100001 -0.001395386274636 -0.000750616008926 0.001396646758929
16 1 24.934923982700003 12.181390680000009 8.613533801700001 -0.000123761898821 0.000799587420264 -0.000693484749726
40 7 24.934910533400007 16.610986685300006 11.745734611600000 0.001543066061123 -0.000948833308671 0.000099071139444
48 7 26.852993357900004 13.288788550000005 11.745727975299999 -0.000262446534607 0.001534529267743 0.000326715482266
56 7 26.852993782099993 15.503580461900007 8.613540254699998 0.001923987634328 0.001391502299325 -0.002923625794471
64 7 28.771065656899999 16.610979775200004 11.745738510299995 -0.000741606476452 -0.000147487296488 -0.001095549511643
72 8 28.440454941300004 14.587074131700003 12.258844262099997 -0.001963813123588 0.000456419788844 -0.001563989827902
80 8 26.852999593099998 17.336616904300001 12.258847990200001 -0.000573785905083 -0.001986606962494 -0.001576553810506
88 8 28.440444445099999 16.420097738599999 9.666531706799999 -0.001543928736009 -0.000917718560620 0.002706128644910
96 8 25.265537252000023 14.587061761100006 12.258833442600000 0.001560679015768 0.001046387450755 -0.001551417302473
104 8 26.852990566300001 13.670551147500003 9.666525792999996 -0.000186611665481 0.000802265678088 0.002587223752680
112 8 25.265535218199997 16.420093920100001 9.666529521300001 0.000634819988934 -0.000608606229888 0.002608117895448
120 8 25.265532498100001 11.990500490400001 11.232628962800000 0.001897339630922 -0.002369591759122 0.001833515229566
152 8 25.265533169500006 14.587055878400003 7.560546762400000 0.000974470282651 0.000537150132026 -0.001613744522389
