ITEM: TIMESTEP
0
ITEM: NUMBER OF ATOMS
176
ITEM: BOX BOUNDS xy xz yz pp pp pp
0.0000000000000000e+00 3.0689133480799999e+01 7.6722833701999980e+00
0.0000000000000000e+00 1.7718379476200003e+01 7.6722833702000024e+00
0.0000000000000000e+00 1.2528786279200000e+01 4.4295948690000015e+00
ITEM: ATOMS id type x y z fx fy fz
25 1 5.754204426199998 3.322205851300000 2.349145244699999 -0.000576606238200 -0.000495553904442 0.001959237883746
137 8 5.423596982400004 5.727889427500000 1.296160360000000 0.000430397828492 0.000292216289739 -0.004271950255868
161 8 3.836156472199998 2.214796731300001 1.566094450300000 0.000630217525752 0.000500196170933 -0.000276606595095
169 8 5.423583997600000 3.131308597400002 4.968248379499999 -0.001711348837716 -0.000933015678893 0.000854187544196
1 1 7.672276926000002 4.429605525400001 5.481344520900000 0.002079722764278 0.001038056753234 -0.000389138344108
9 1 9.590357242299998 3.322200941900001 2.349140662099999 0.007458046881327 0.003833744002115 0.013579570839883
41 7 11.508426617500000 4.429598811900002 5.481334835700000 0.000379824860472 0.004198329738978 -0.010720791113140
89 8 9.920970511600007 5.727872023000002 5.994440303000000 0.000180461072410 0.000249548367315 0.000596365861479
97 8 11.508423825899998 4.811361409400002 3.402132653400000 0.009685045126414 -0.014204657017199 0.020395682517803
113 8 9.920965757699999 3.131310752300001 4.968235823200000 -0.000237780582119 -0.003213071814551 0.001420565747515
129 8 7.672284708600001 4.429600636800002 3.132190496199999 -0.001116344126455 -0.000668095506365 -0.003048384049913
145 8 9.925966429100049 5.730752891645923 1.304318588609256 -0.092207855388785 -0.053261580331966 -0.146678349237840
153 8 7.672288882800000 1.833036553300000 1.296161863300000 0.000554151337477 0.000185258507471 -0.004314444887875
162 8 11.508439842400000 2.214796731300001 1.566094450300000 -0.001631000574201 -0.000872997265978 -0.002174686315192
2 1 15.344560296200001 4.429605525400001 5.481344520900000 -0.002016913460094 0.000646294460614 -0.001607748394885
10 1 17.262640612500000 3.322200941900001 2.349140662099999 -0.001470508816876 0.000593732046529 0.000434522140147
26 1 13.426487796400002 3.322205851300000 2.349145244699999 -0.002413677194653 0.005352459410292 0.002443550432350
65 8 13.095888200900001 5.727884393600002 5.994451122499998 -0.000280786971159 0.000604333730333 0.001128750470397
90 8 17.593253881800006 5.727872023000002 5.994440303000000 0.001529640124098 0.001084883677247 -0.000429595539756
114 8 17.593249127900009 3.131310752300001 4.968235823200000 0.002171096659131 -0.000902474679427 0.001486759433132
130 8 15.344568078800005 4.429600636800002 3.132190496199999 0.001672640850066 -0.001106442924849 0.000286697009389
138 8 13.095880352600009 5.727889427500000 1.296160360000000 0.010096102772374 -0.003991568087924 -0.010255906446101
146 8 17.593249799300011 5.727866140300000 1.296153622799999 0.002992555076122 0.000832208483061 -0.001836235986321
154 8 15.344572252999999 1.833036553300000 1.296161863300000 0.000360745121274 -0.002212837223482 -0.002105443760032
170 8 13.095867367800004 3.131308597400002 4.968248379499999 0.000007657969092 -0.003476731079768 0.002710208907176
42 7 19.180709987699998 4.429598811900002 5.481334835700000 -0.000219540696208 0.000044310764734 0.000226716722550
66 8 20.768171571100002 5.727884393600002 5.994451122499998 -0.002089482782386 0.000684480696023 -0.001332546101426
98 8 19.180707196099995 4.811361409400002 3.402132653400000 0.000684568455050 0.001745214740352 0.001003986441886
3 1 11.508418611100000 11.073997829000001 5.481344520900000 -0.000307872123631 -0.002313822643693 -0.001607726081093
17 1 7.672274418099999 6.644399077300000 2.349147298800000 0.007180709533243 0.004586417346507 0.013482887301494
27 1 9.590346111300001 9.966598154900002 2.349145244699999 0.003569327293167 -0.005010417435779 0.002443493316062
33 7 9.590343793000001 7.751796947200008 5.481341472000000 0.004171111967664 -0.001724522334556 -0.010948367137667
49 7 11.508427041700001 6.644390723800001 2.349147115100000 0.018369652211913 0.010886425169403 0.023911168937296
73 8 11.508432852700000 8.477427166200002 5.994454850600000 0.000395811109671 -0.000603036471725 0.001116177490941
105 8 9.920968477800001 7.560904182000002 3.402136381700000 -0.007425824089691 0.015443678359242 0.020416290103362
121 8 7.672273857400003 7.026163626600007 4.968234320200000 -0.002912315112403 0.001303375183572 0.001457031791281
131 8 11.508426393700001 11.073992940400007 3.132190496199999 -0.000101496885820 0.001966373466854 0.000286685686631
155 8 11.508430567899998 8.477428856900005 1.296161863300000 0.001677065529664 0.010697807809276 -0.010298325912637
163 8 7.672298157300000 8.859189034900005 1.566094450300000 -0.001689618715837 -0.000771451735517 -0.002174678052063
171 8 9.259725682700001 9.775700901000002 4.968248379499999 -0.003054748534697 0.001827531737669 0.002710192052638
11 1 13.426498927399999 9.966593245500007 2.349140662099999 -0.002467715938075 -0.004753177516674 0.001235803867616
18 1 15.344557788300000 6.644399077300000 2.349147298800000 -0.005218624879264 0.000283996017026 0.001139454015293
28 1 17.262629481500003 9.966598154900002 2.349145244699999 -0.001131996224115 -0.000816222426411 0.000350167427628
34 7 17.262627163200005 7.751796947200008 5.481341472000000 -0.001520342115227 -0.001216500018996 -0.002693117073598
43 7 15.344568302600003 11.073991115500002 5.481334835700000 -0.002025945503057 -0.000984585862657 -0.002465449341925
57 7 13.426498916499998 7.751790037100004 5.481345370700000 -0.004165899194178 -0.002124491643858 -0.011338629754672
81 8 13.095877704700001 7.560908000500002 3.402138567200000 0.019855018446497 0.011436928758563 0.017559550690841
99 8 15.344565510999997 11.455753713000002 3.402132653400000 0.000976806632404 0.002854477156374 0.001451917665656
106 8 17.593251848000001 7.560904182000002 3.402136381700000 0.002993808428111 -0.000627163488733 0.001472818991959
115 8 13.757107442799997 9.775703055900001 4.968235823200000 0.003148865068232 0.002137242704343 0.003132319767758
122 8 15.344557227600001 7.026163626600007 4.968234320200000 0.003414563108574 0.001561147277395 0.003168770003796
164 8 15.344581527500001 8.859189034900005 1.566094450300000 0.001775759265822 0.001161584538223 -0.001224624280155
172 8 16.932009052900014 9.775700901000002 4.968248379499999 -0.001181846755961 -0.000627308612343 0.001937660906779
4 1 19.180701981300000 11.073997829000001 5.481344520900000 0.000447147764969 0.000095506961971 -0.001312882125685
12 1 21.098782297600000 9.966593245500007 2.349140662099999 0.000265799712328 0.000169502804611 0.000733444436777
44 7 23.016851672799998 11.073991115500002 5.481334835700000 0.001155040446202 -0.001219340240354 -0.000575072554411
50 7 19.180710411899998 6.644390723800001 2.349147115100000 -0.001976663862015 0.000890748264987 0.001080291467638
58 7 21.098782286699997 7.751790037100004 5.481345370700000 0.002051363345914 -0.000236553803663 -0.000789233785299
74 8 19.180716222899989 8.477427166200002 5.994454850600000 -0.000725503345226 -0.001422163529910 -0.000296016733668
82 8 20.768161074900000 7.560908000500002 3.402138567200000 -0.001739401803956 -0.001152481152203 0.001047708246859
100 8 23.016848881199998 11.455753713000002 3.402132653400000 -0.000413074696713 0.002083680985504 0.001361907145074
116 8 21.429390813000008 9.775703055900001 4.968235823200000 0.001327903730254 -0.000764629390969 0.001436877641039
132 8 19.180709763900005 11.073992940400007 3.132190496199999 -0.000106491006028 -0.000085063217310 0.000108880995960
156 8 19.180713938099998 8.477428856900005 1.296161863300000 0.000244154844275 -0.002081786697997 -0.001925874249744
19 1 11.508416103199997 13.288791380900006 2.349147298800000 -0.000089417753249 -0.001525822703865 0.000338153170073
123 8 11.508415542500002 13.670555930200003 4.968234320200000 0.000293171991972 0.002234227122342 0.001523194014851
139 8 9.259738667499999 12.372281731100001 1.296160360000000 -0.001743084190267 0.001323721326813 -0.002062933188047
35 7 13.426485478100000 14.396189250800001 5.481341472000000 0.000273931122191 -0.000166557668995 -0.000000915795945
51 7 15.344568726800000 13.288783027399999 2.349147115100000 -0.000459987355011 -0.001736217123873 0.001080288425205
59 7 17.262640601600001 14.396182340700005 5.481345370700000 0.000577737884941 0.002315837676125 -0.000789225428845
67 8 16.932029885999999 12.372276697200000 5.994451122499998 -0.001550846975762 0.000042799083641 -0.000283455717265
75 8 15.344574537799998 15.121819469800011 5.994454850600000 -0.000439118373406 -0.002209471520258 -0.001345107128520
83 8 16.932019389799994 14.205300304100005 3.402138567200000 -0.001844977254002 -0.000969628461423 0.001047718869792
91 8 13.757112196700003 12.372264326600002 5.994440303000000 0.001578497570027 0.001000162942703 -0.000429635326017
107 8 13.757110162900000 14.205296485600002 3.402136381700000 0.001887024388811 -0.000325624896044 0.001024897204331
140 8 16.932022037700008 12.372281731100001 1.296160360000000 -0.001687893816606 0.001157247570915 -0.001883356748729
147 8 13.757108114200003 12.372258443900009 1.296153622799999 0.002239025251823 0.002137352607189 -0.001836245493140
20 1 19.180699473400008 13.288791380900006 2.349147298800000 0.000411346008834 0.000189949548945 0.000637084237488
36 7 21.098768848300001 14.396189250800001 5.481341472000000 -0.000133127729113 0.001655705175026 -0.000802706588900
52 7 23.016852096999997 13.288783027399999 2.349147115100000 -0.000045854333100 0.000254204698841 0.000286318920497
76 8 23.016857907999988 15.121819469800011 5.994454850600000 0.000304065782597 -0.002079612558767 -0.001126152487237
92 8 21.429395566900006 12.372264326600002 5.994440303000000 0.000836247345545 0.000628048754897 -0.000610582005000
108 8 21.429393533100004 14.205296485600002 3.402136381700000 0.001631334578462 -0.001445442915379 0.001382806979049
124 8 19.180698912699995 13.670555930200003 4.968234320200000 -0.000009043022097 0.001435070744653 0.001473318251694
148 8 21.429391484400018 12.372258443900009 1.296153622799999 0.001597619206551 0.000896924070389 -0.001666016276409
60 7 24.934923971800007 14.396182340700005 5.481345370700000 -0.000356579369350 0.000074806227437 -0.000194052786244
68 8 24.604313256200001 12.372276697200000 5.994451122499998 -0.001605432477684 0.001263156990254 -0.001113581164167
84 8 24.604302760000003 14.205300304100005 3.402138567200000 -0.001395392185796 -0.000831962813776 0.001434401398131
29 1 9.590346111300004 5.537003285800003 8.613538384300000 0.000495258888206 0.000123265467885 -0.001619143032621
157 8 11.508430567900000 4.047833987800002 7.560555002900000 -0.000004060342880 -0.002864381265477 0.001455514894450
165 8 7.672298157300002 4.429594165800001 7.830487589900000 -0.000477437104422 -0.000139322508858 0.000505629455980
173 8 9.259725682700003 5.346106031900003 11.232641519100001 -0.001522303850008 -0.000823889233618 0.001459826119425
13 1 13.426498927400001 5.536998376400002 8.613533801700001 -0.001522116793390 -0.000793439026105 -0.002246699713118
30 1 17.262629481500003 5.537003285800003 8.613538384300000 0.000028364384944 -0.002015242977054 -0.001660547371564
117 8 13.757107442800002 5.346108186800002 11.232628962800000 0.004079753593037 0.001610465792150 0.001966233634759
166 8 15.344581527500001 4.429594165800001 7.830487589900000 0.000599256145178 0.000507291415622 0.000940336099540
174 8 16.932009052900007 5.346106031900003 11.232641519100001 -0.002203859461991 0.002584039483999 0.001894248185718
14 1 21.098782297600003 5.536998376400002 8.613533801700001 0.001032260307866 -0.000669397856263 -0.000671668967956
118 8 21.429390813000005 5.346108186800002 11.232628962800000 0.001207718117502 -0.000627248661141 0.001293508611208
158 8 19.180713938100002 4.047833987800002 7.560555002900000 -0.000216910678752 -0.001571242552832 -0.001346417237248
5 1 11.508418611100007 6.644402959900002 11.745737660500000 -0.001234296179863 -0.000875282285288 -0.000264358162526
21 1 11.508416103199998 8.859196511800004 8.613540438400001 -0.001316538800592 -0.000876936067364 -0.002343048123330
125 8 11.508415542500003 9.240961061100004 11.232627459799998 0.003423777695743 0.002630710978344 0.002002677104234
133 8 11.508426393700002 6.644398071300002 9.396583635799999 0.000523814761656 0.000278853751483 0.000926525360756
141 8 9.259738667500002 7.942686862000003 7.560553499600000 -0.002489749342053 0.001333592114185 0.001498015572503
167 8 11.508439842400001 11.073986469400005 7.830487589900000 0.000620887951795 0.000469817133108 0.000940337835790
37 7 13.426485478099996 9.966594381700006 11.745734611600000 -0.011106668480041 -0.002698127560829 -0.001287219955473
45 7 15.344568302600001 6.644396246400003 11.745727975299999 -0.008102331672934 -0.008545846191925 -0.001059609721096
53 7 15.344568726799995 8.859188158300002 8.613540254699998 -0.007937921126830 -0.004302297212465 -0.008075295232477
61 7 17.262640601600001 9.966587471600000 11.745738510299995 0.012666766858665 0.007593962531593 0.026138533407553
69 8 16.932029886000002 7.942681828100003 12.258844262099997 0.003710387966684 0.025189537308431 0.005600221385091
77 8 15.344574537800005 10.692224600700005 12.258847990200001 0.023682565678362 -0.009439104546000 0.005587376315518
85 8 16.932019389799990 9.775705435000003 9.666531706799999 0.004095541239880 0.002338271094036 0.029158159392843
93 8 13.757112196700007 7.942669457500004 12.258833442600000 0.003887763406163 0.002389924008007 -0.002044192675820
101 8 15.344565511000003 7.026158843900003 9.666525792999996 0.001312053402391 0.003408707300956 0.003530439734487
109 8 13.757110162900005 9.775701616500001 9.666529521300001 0.003641390819468 -0.000613921865586 0.003551327265663
142 8 16.932022037700005 7.942686862000003 7.560553499600000 -0.001926903508220 0.002713888438526 0.001383837321712
149 8 13.757108114200001 7.942663574800001 7.560546762400000 0.004752715558276 0.002718531810457 0.003562794553493
159 8 15.344572253000006 10.692226291400004 7.560555002900000 0.001472722460262 -0.003067081561153 0.001341300560985
6 1 19.180701981300004 6.644402959900002 11.745737660500000 0.004847544153353 -0.004209008502119 0.001192885630369
22 1 19.180699473400011 8.859196511800004 8.613540438400001 0.003772403444043 -0.001402817450926 -0.004054325041484
38 7 21.098768848300008 9.966594381700006 11.745734611600000 0.006661401169772 0.003235565670995 0.009088184578594
46 7 23.016851672800001 6.644396246400003 11.745727975299999 0.000192874014834 0.000148491300798 0.000715811832504
54 7 23.016852096999990 8.859188158300002 8.613540254699998 0.001537980001582 -0.000330129602749 -0.001246375013463
78 8 23.016857907999999 10.692224600700005 12.258847990200001 0.000541838097016 -0.002227843989387 -0.003076304725497
94 8 21.429395566900006 7.942669457500004 12.258833442600000 0.000677200152954 0.000318157117418 -0.003201315156382
102 8 23.016848881199998 7.026158843900003 9.666525792999996 -0.000243594879153 0.001795785796627 0.001733397152428
110 8 21.429393533100001 9.775701616500001 9.666529521300001 -0.000109954788723 -0.001091022253862 0.001287390080486
126 8 19.180698912700002 9.240961061100004 11.232627459799998 -0.013130314870519 0.004915185149138 0.004589666128222
134 8 19.180709763900005 6.644398071300002 9.396583635799999 -0.001044195655105 0.001397228677632 0.001009353220684
150 8 21.429391484400004 7.942663574800001 7.560546762400000 0.000811361897377 0.001304796211261 -0.000687905861394
160 8 23.016855623200005 10.692226291400004 7.560555002900000 -0.000455609445344 -0.001673061877167 -0.001084393588004
168 8 19.180723212599993 11.073986469400005 7.830487589900000 -0.001395560962706 -0.000669422295917 0.001215527895686
62 7 24.934923971800000 9.966587471600000 11.745738510299995 -0.002006642587763 0.000544191547111 0.000638240846064
70 8 24.604313256200005 7.942681828100003 12.258844262099997 -0.001365383412990 0.000654432827643 -0.001637235219121
86 8 24.604302759999996 9.775705435000003 9.666531706799999 -0.001405989211774 -0.000843443088207 0.001757761950896
7 1 15.344560296200003 13.288795263500004 11.745737660500000 -0.001080408349463 0.006058416458305 0.001192906543515
15 1 17.262640612500000 12.181390680000009 8.613533801700001 0.000566911969149 0.003876646769797 -0.003957901053302
23 1 15.344557788300000 15.503588815399999 8.613540438400001 0.000068063333988 0.001273177599664 -0.000768023551189
31 1 13.426487796399995 12.181395589400003 8.613538384300000 -0.001590176048745 0.000788193136673 -0.001660517835593
39 7 17.262627163200005 16.610986685300006 11.745734611600000 0.000570370331627 0.000138502281004 0.000488169786293
95 8 17.593253881800010 14.587061761100006 12.258833442600000 0.000488265972777 0.000645407806286 -0.003201309922851
111 8 17.593251848000001 16.420093920100001 9.666529521300001 0.001466735618109 -0.001154711111411 0.001754295719149
119 8 17.593249127900002 11.990500490400001 11.232628962800000 -0.002218782532001 -0.013867945564678 0.004553120093762
127 8 15.344557227600006 15.885353364700006 11.232627459799998 0.000049838613173 0.001262312403803 0.001329956692433
135 8 15.344568078800005 13.288790374900007 9.396583635799999 0.000708343206189 -0.001638267219243 0.001009336687804
143 8 13.095880352600002 14.587079165600008 7.560553499600000 -0.001476284562171 0.000502690906856 -0.001303905547826
151 8 17.593249799300004 14.587055878400003 7.560546762400000 0.001557703795951 0.000012065076599 -0.000687898725324
175 8 13.095867367800004 11.990498335500007 11.232641519100001 0.001088227704416 -0.003118090865689 0.001894283044626
8 1 23.016843666400000 13.288795263500004 11.745737660500000 -0.000737592596836 -0.000588513981023 0.001314647054585
24 1 23.016841158500000 15.503588815399999 8.613540438400001 -0.000194796040117 -0.000211241363474 -0.000409156265389
32 1 21.098771166600002 12.181395589400003 8.613538384300000 0.001485454615976 0.000694977624426 -0.000123452113599
47 7 19.180709987699998 13.288788550000005 11.745727975299999 0.005920372377727 0.003874823115511 0.009315727437979
55 7 19.180710411900002 15.503580461900007 8.613540254699998 0.000240015562542 0.001918002317852 -0.001246368258699
63 7 21.098782286700004 16.610979775200004 11.745738510299995 -0.000775106224231 -0.001588881615012 0.000638242250084
71 8 20.768171571100002 14.587074131700003 12.258844262099997 -0.001614924752899 0.001543174984059 -0.003063718508625
79 8 19.180716222899996 17.336616904300001 12.258847990200001 -0.000103093265624 -0.001567370306583 -0.001649803952536
87 8 20.768161074900000 16.420097738599999 9.666531706799999 -0.001410634869597 -0.000835400443066 0.001757763840214
103 8 19.180707196099995 13.670551147500003 9.666525792999996 -0.000976783710422 0.000398496691795 0.001266500516548
128 8 23.016840597800005 15.885353364700006 11.232627459799998 0.000506719412292 0.002440891986935 0.001367069929227
136 8 23.016851449000004 13.288790374900007 9.396583635799999 -0.000159555160643 -0.000115698832124 -0.000095563812646
144 8 20.768163722800004 14.587079165600008 7.560553499600000 -0.001683802288449 0.000346871038783 -0.001041877407891
176 8 20.768150737999996 11.990498335500007 11.232641519100001 -0.002280934061314 -0.001261885144056 -0.000232780086050
16 1 24.934923982700003 12.181390680000009 8.613533801700001 -0.000384724174292 -0.000154820844368 -0.000312787663673
40 7 24.934910533400007 16.610986685300006 11.745734611600000 0.000183238306548 -0.002410646138179 0.000460643421506
48 7 26.852993357900004 13.288788550000005 11.745727975299999 -0.002208323906737 0.001087836659395 0.000688272795850
56 7 26.852993782099993 15.503580461900007 8.613540254699998 -0.000027142395519 0.000265006069617 -0.000695948114803
64 7 28.771065656899999 16.610979775200004 11.745738510299995 0.000434203633901 0.000531354476207 0.000104343178951
72 8 28.440454941300004 14.587074131700003 12.258844262099997 -0.001207994369122 0.000174766694280 -0.001788327675937
80 8 26.852999593099998 17.336616904300001 12.258847990200001 -0.000439790912497 -0.001191262616116 -0.001800898568553
88 8 28.440444445099999 16.420097738599999 9.666531706799999 -0.001623932327132 -0.000963912895218 0.001607137875102
96 8 25.265537252000023 14.587061761100006 12.258833442600000 0.001189106155877 0.000831788118880 -0.000939980925604
104 8 26.852990566300001 13.670551147500003 9.666525792999996 0.000684626065351 0.001369043033266 0.001631044734981
112 8 25.265535218199997 16.420093920100001 9.666529521300001 0.001561284479177 -0.000137501387162 0.001651948677792
120 8 25.265532498100001 11.990500490400001 11.232628962800000 0.002456842852770 -0.000820863101187 0.001330635802837
152 8 25.265533169500006 14.587055878400003 7.560546762400000 0.001846396825008 0.001040563163395 -0.001295526550710
