ITEM: TIMESTEP
0
ITEM: NUMBER OF ATOMS
176
ITEM: BOX BOUNDS xy xz yz pp pp pp
0.0000000000000000e+00 3.0689133480799999e+01 7.6722833701999980e+00
0.0000000000000000e+00 1.7718379476200003e+01 7.6722833702000024e+00
0.0000000000000000e+00 1.2528786279200000e+01 4.4295948690000015e+00
ITEM: ATOMS id type x y z fx fy fz
25 1 5.754204426199998 3.322205851300000 2.349145244699999 -0.001655955106367 -0.002068617001210 -0.000435885949725
137 8 5.423596982400004 5.727889427500000 1.296160360000000 0.002355083513992 0.002114543864400 0.000354797888798
161 8 3.836156472199998 2.214796731300001 1.566094450300000 0.000726438574145 0.001586197127393 -0.000038721427344
169 8 5.423583997600000 3.131308597400002 4.968248379499999 -0.000887897914064 0.000002543185680 0.001029798811338
1 1 7.672276926000002 4.429605525400001 5.481344520900000 -0.001291154964740 -0.003116745121564 0.002697477133127
9 1 9.590357242299998 3.322200941900001 2.349140662099999 0.000562371100260 -0.004224166437562 -0.000596584085487
41 7 11.508426617500000 4.429598811900002 5.481334835700000 0.003644115063981 -0.001997305130909 0.003252995612739
89 8 9.920970511600007 5.727872023000002 5.994440303000000 0.000516787966186 0.001395817674539 -0.005229152373793
97 8 11.508423825899998 4.811361409400002 3.402132653400000 -0.003563700349761 0.003543334561216 0.001805660683003
113 8 9.920965757699999 3.131310752300001 4.968235823200000 0.001362726535889 0.000162340847472 0.000759865398517
129 8 7.672284708600001 4.429600636800002 3.132190496199999 0.001499053843896 0.005034700714867 -0.000783298940336
145 8 9.920966429100000 5.727866140300000 1.296153622799999 -0.002856298621292 0.006862959834195 0.011236653635009
153 8 7.672288882800000 1.833036553300000 1.296161863300000 0.000374683411162 -0.000734818541530 -0.001360655259318
162 8 11.508439842400000 2.214796731300001 1.566094450300000 -0.001027027038222 0.001049120073016 0.000273353977418
2 1 15.344560296200001 4.429605525400001 5.481344520900000 0.000148933065041 0.000149902222163 -0.000067258802021
10 1 17.262640612500000 3.322200941900001 2.349140662099999 -0.000586062570767 -0.000654848340835 -0.000056427699894
26 1 13.426487796400002 3.322205851300000 2.349145244699999 0.001804945651969 -0.000654056015243 -0.000427119063893
65 8 13.095888200900001 5.727884393600002 5.994451122499998 -0.002429220397052 -0.000905940336190 -0.001270976498066
90 8 17.593253881800006 5.727872023000002 5.994440303000000 0.002152482772122 0.000918427942136 -0.001397740571931
114 8 17.593249127900009 3.131310752300001 4.968235823200000 0.001773537067954 0.000083048551953 0.001061465814564
130 8 15.344568078800005 4.429600636800002 3.132190496199999 -0.000116345951735 -0.000557835941183 0.000144821820015
138 8 13.095880352600009 5.727889427500000 1.296160360000000 -0.001402613738982 0.000696573856218 -0.001822924896007
146 8 17.593249799300011 5.727866140300000 1.296153622799999 0.002791203736775 0.001023126396526 -0.000931938731704
154 8 15.344572252999999 1.833036553300000 1.296161863300000 -0.000196786587763 -0.000825740422735 -0.001650508385880
170 8 13.095867367800004 3.131308597400002 4.968248379499999 -0.002496088138643 -0.000014888486331 0.001105939094217
42 7 19.180709987699998 4.429598811900002 5.481334835700000 -0.001578953678602 -0.000758531347731 0.000530719984005
66 8 20.768171571100002 5.727884393600002 5.994451122499998 -0.000371292195310 0.001365191113782 -0.001922234350361
98 8 19.180707196099995 4.811361409400002 3.402132653400000 0.000610852408618 0.002080232373962 0.001321221994799
3 1 11.508418611100000 11.073997829000001 5.481344520900000 -0.001934393123448 -0.002771968707571 -0.002943235741252
17 1 7.672274418099999 6.644399077300000 2.349147298800000 -0.005350052756460 0.005320154752933 -0.005270667432927
27 1 9.590346111300001 9.966598154900002 2.349145244699999 0.006774542394662 -0.000456239954040 0.004156751405055
33 7 9.590343793000001 7.751796947200008 5.481341472000000 0.008917721221115 0.015266092175138 -0.000799514860147
49 7 11.508427041700001 6.644390723800001 2.349147115100000 0.007996321198057 0.015879128642865 0.000067917015357
73 8 11.508432852700000 8.477427166200002 5.994454850600000 0.001348852456963 -0.002511949651396 0.003672141548840
105 8 9.925968477800016 7.569564436037838 3.402136381700000 -0.026007982113263 -0.044246505276917 0.000011484908156
121 8 7.672273857400003 7.026163626600007 4.968234320200000 0.009905931494760 -0.000494647510313 -0.009316694286438
131 8 11.508426393700001 11.073992940400007 3.132190496199999 0.003442416374028 0.004175322659171 0.000710581489431
155 8 11.508430567899998 8.477428856900005 1.296161863300000 0.006925993886682 -0.002730969119673 -0.014632974961423
163 8 7.672298157300000 8.859189034900005 1.566094450300000 -0.003710831039322 -0.007331782304961 0.000396943753542
171 8 9.259725682700001 9.775700901000002 4.968248379499999 -0.009025227215345 0.006486798753933 0.011743834116902
11 1 13.426498927399999 9.966593245500007 2.349140662099999 -0.004265288098325 -0.001463455978023 0.000595801771311
18 1 15.344557788300000 6.644399077300000 2.349147298800000 -0.001006686019401 0.001000621644733 0.000243290501985
28 1 17.262629481500003 9.966598154900002 2.349145244699999 -0.000626743112120 -0.000073668047423 -0.000082045400619
34 7 17.262627163200005 7.751796947200008 5.481341472000000 -0.000968567286739 0.000008562886457 -0.000061969984152
43 7 15.344568302600003 11.073991115500002 5.481334835700000 -0.001358300038857 -0.000693920761474 -0.000271142505409
57 7 13.426498916499998 7.751790037100004 5.481345370700000 -0.002493334361250 0.002573131660045 -0.002260053616641
81 8 13.095877704700001 7.560908000500002 3.402138567200000 0.003203656168882 -0.003384648633802 0.001343611605840
99 8 15.344565510999997 11.455753713000002 3.402132653400000 0.000646143363596 0.002438522455673 0.001641243848509
106 8 17.593251848000001 7.560904182000002 3.402136381700000 0.002666420693624 -0.001173941225561 0.001398528190101
115 8 13.757107442799997 9.775703055900001 4.968235823200000 0.003207036071063 -0.000454058468983 0.002107209965497
122 8 15.344557227600001 7.026163626600007 4.968234320200000 0.001619847300852 0.001455767861974 0.001676765580228
164 8 15.344581527500001 8.859189034900005 1.566094450300000 0.001158836491448 -0.000184919391717 -0.000374113479736
172 8 16.932009052900014 9.775700901000002 4.968248379499999 -0.001153911155354 -0.001028373964295 0.001313149871138
4 1 19.180701981300000 11.073997829000001 5.481344520900000 0.000215542975535 0.000013281048644 -0.000086115647054
12 1 21.098782297600000 9.966593245500007 2.349140662099999 0.000908912548578 0.001567994775275 0.000092319583086
44 7 23.016851672799998 11.073991115500002 5.481334835700000 0.005074875246556 -0.002331187902203 -0.001749693364170
50 7 19.180710411899998 6.644390723800001 2.349147115100000 -0.002921762071413 0.000570878731321 0.000072331462686
58 7 21.098782286699997 7.751790037100004 5.481345370700000 -0.004808811586751 0.003572193240280 0.002002480391366
74 8 19.180716222899989 8.477427166200002 5.994454850600000 0.001348553699601 -0.002645545496463 -0.001841727337570
82 8 20.768161074900000 7.560908000500002 3.402138567200000 0.001229386237410 -0.002240109497685 0.000897028363246
100 8 23.016848881199998 11.455753713000002 3.402132653400000 -0.002282193662148 0.003037259648524 0.002065857683802
116 8 21.429390813000008 9.775703055900001 4.968235823200000 0.000825016463672 -0.002775399727950 0.001296962215637
132 8 19.180709763900005 11.073992940400007 3.132190496199999 0.000053992317730 -0.000074280106166 0.000095766610378
156 8 19.180713938099998 8.477428856900005 1.296161863300000 0.000460952200899 -0.002425050984054 -0.001216135724353
19 1 11.508416103199997 13.288791380900006 2.349147298800000 -0.000848070964932 -0.002787576823066 0.000352600329634
123 8 11.508415542500002 13.670555930200003 4.968234320200000 0.000707503053995 0.002725066485494 0.001763006584107
139 8 9.259738667499999 12.372281731100001 1.296160360000000 -0.002399883856229 0.004681224028761 -0.003464413031504
35 7 13.426485478100000 14.396189250800001 5.481341472000000 -0.000565266786916 -0.001739542671990 0.000032830264723
51 7 15.344568726800000 13.288783027399999 2.349147115100000 -0.000975093459420 -0.001420792776163 0.000064467321692
59 7 17.262640601600001 14.396182340700005 5.481345370700000 -0.000143910949362 -0.001266460525226 0.000536125068680
67 8 16.932029885999999 12.372276697200000 5.994451122499998 -0.001345195191719 0.001402047817390 -0.001423126561928
75 8 15.344574537799998 15.121819469800011 5.994454850600000 0.000020718135745 -0.001181382464267 -0.001536520147750
83 8 16.932019389799994 14.205300304100005 3.402138567200000 -0.001329070867095 -0.000203723563516 0.001368390943293
91 8 13.757112196700003 12.372264326600002 5.994440303000000 0.002168545219953 0.001767861148403 -0.001216153848953
107 8 13.757110162900000 14.205296485600002 3.402136381700000 0.002074071838334 -0.000068301282757 0.001588463096424
140 8 16.932022037700008 12.372281731100001 1.296160360000000 -0.001382695152034 0.001117589004441 -0.001592841989042
147 8 13.757108114200003 12.372258443900009 1.296153622799999 0.002520349318773 0.001667162292339 -0.001485298076881
20 1 19.180699473400008 13.288791380900006 2.349147298800000 0.000471259965769 -0.000808911875376 0.000007860562404
36 7 21.098768848300001 14.396189250800001 5.481341472000000 0.000993787342845 -0.001208233771585 0.000145368406792
52 7 23.016852096999997 13.288783027399999 2.349147115100000 0.001745705934226 -0.002117347460247 0.000186571942677
76 8 23.016857907999988 15.121819469800011 5.994454850600000 -0.000712765928740 -0.001542108635995 -0.001373796246392
92 8 21.429395566900006 12.372264326600002 5.994440303000000 0.000256638515132 0.002036075669500 -0.000945335927752
108 8 21.429393533100004 14.205296485600002 3.402136381700000 0.000878518100786 -0.000173219034792 0.001881347695508
124 8 19.180698912699995 13.670555930200003 4.968234320200000 -0.000123329942378 0.002120942276153 0.001460456730184
148 8 21.429391484400018 12.372258443900009 1.296153622799999 0.001193376017365 0.000696726571147 -0.001362943525212
60 7 24.934923971800007 14.396182340700005 5.481345370700000 -0.000151763474581 -0.001129499525931 -0.000450875138163
68 8 24.604313256200001 12.372276697200000 5.994451122499998 -0.002012210726421 0.002113994968018 -0.000921294854250
84 8 24.604302760000003 14.205300304100005 3.402138567200000 -0.001694316588358 -0.000370528720360 0.001674705721247
29 1 9.590346111300004 5.537003285800003 8.613538384300000 0.000489986768059 0.000105150712710 0.001720148008708
157 8 11.508430567900000 4.047833987800002 7.560555002900000 -0.000372307446821 -0.001249531444229 -0.002690878870677
165 8 7.672298157300002 4.429594165800001 7.830487589900000 -0.000050536819545 0.000485317393019 -0.001321262307688
173 8 9.259725682700003 5.346106031900003 11.232641519100001 -0.001436534397296 -0.000101527929997 0.000702690975379
13 1 13.426498927400001 5.536998376400002 8.613533801700001 -0.000031916863544 0.000217162161864 -0.000039154309417
30 1 17.262629481500003 5.537003285800003 8.613538384300000 -0.000019967084103 -0.000166118772112 -0.000106692616082
117 8 13.757107442800002 5.346108186800002 11.232628962800000 0.001791513115086 0.000072674111833 0.001032107111850
166 8 15.344581527500001 4.429594165800001 7.830487589900000 -0.000069610482907 0.000091553377548 0.000002236411027
174 8 16.932009052900007 5.346106031900003 11.232641519100001 -0.001432305535847 -0.000393122018762 0.001496650655755
14 1 21.098782297600003 5.536998376400002 8.613533801700001 -0.000637619751512 0.000038732984409 0.000549290963184
118 8 21.429390813000005 5.346108186800002 11.232628962800000 0.000778489618410 -0.000085187120474 0.000489557207143
158 8 19.180713938100002 4.047833987800002 7.560555002900000 0.000369422407196 -0.001441784733126 -0.001774238331000
5 1 11.508418611100007 6.644402959900002 11.745737660500000 -0.000393973943754 -0.000728597008594 -0.000102887819045
21 1 11.508416103199998 8.859196511800004 8.613540438400001 0.000076927547622 0.000374981972846 -0.001526237136919
125 8 11.508415542500003 9.240961061100004 11.232627459799998 0.001108823728099 0.002005706194403 0.002103296089260
133 8 11.508426393700002 6.644398071300002 9.396583635799999 -0.000165272887310 -0.000529583644012 0.000224768645437
141 8 9.259738667500002 7.942686862000003 7.560553499600000 -0.001711311009402 0.000874750676321 -0.001318491072370
167 8 11.508439842400001 11.073986469400005 7.830487589900000 0.000157530073167 0.000393205765748 0.001261064250965
37 7 13.426485478099996 9.966594381700006 11.745734611600000 -0.000957279577290 -0.000645478416752 -0.002498092175116
45 7 15.344568302600001 6.644396246400003 11.745727975299999 -0.000832560454854 -0.001189474402655 -0.000688125356447
53 7 15.344568726799995 8.859188158300002 8.613540254699998 -0.000749495138877 -0.000035759679416 -0.001057269455057
61 7 17.262640601600001 9.966587471600000 11.745738510299995 0.000117647714403 0.000727880702350 -0.006042643128229
69 8 16.932029886000002 7.942681828100003 12.258844262099997 -0.001276363586362 0.001887812264360 -0.000444153995012
77 8 15.344574537800005 10.692224600700005 12.258847990200001 0.000327305456554 -0.001917588097408 0.001669543022104
85 8 16.932019389799990 9.775705435000003 9.666531706799999 -0.001337033131436 -0.000896696364183 0.003244538236387
93 8 13.757112196700007 7.942669457500004 12.258833442600000 0.001786184807562 0.001609969431727 -0.000969392093019
101 8 15.344565511000003 7.026158843900003 9.666525792999996 0.000244649184255 0.001811625762043 0.002089093742113
109 8 13.757110162900005 9.775701616500001 9.666529521300001 0.001895999033046 -0.000729135184105 0.002656612978050
142 8 16.932022037700005 7.942686862000003 7.560553499600000 -0.001254015244943 0.000806836754254 -0.001392925290609
149 8 13.757108114200001 7.942663574800001 7.560546762400000 0.002539704949102 0.000913406856758 -0.000113262561532
159 8 15.344572253000006 10.692226291400004 7.560555002900000 0.000175412250642 -0.001804297515425 -0.001186333221028
6 1 19.180701981300004 6.644402959900002 11.745737660500000 0.000275045123930 -0.000451053725090 -0.000673870527232
22 1 19.180699473400011 8.859196511800004 8.613540438400001 0.000031068477055 0.000149813976505 -0.000147564925194
38 7 21.098768848300008 9.966594381700006 11.745734611600000 0.000902389978233 0.001108113229666 0.000016529768479
46 7 23.016851672800001 6.644396246400003 11.745727975299999 -0.000033063647949 -0.000604437186175 0.000508784296171
54 7 23.016852096999990 8.859188158300002 8.613540254699998 0.000567507999464 0.001383576166330 -0.000074249106904
78 8 23.016857907999999 10.692224600700005 12.258847990200001 -0.000250967853848 -0.002162847581477 -0.001606301052896
94 8 21.429395566900006 7.942669457500004 12.258833442600000 0.001324929777067 0.000987388992220 -0.001367046928063
102 8 23.016848881199998 7.026158843900003 9.666525792999996 -0.000124192397351 0.001615708290879 0.001370697875708
110 8 21.429393533100001 9.775701616500001 9.666529521300001 0.001397862838412 -0.001226794371788 0.001583980238996
126 8 19.180698912700002 9.240961061100004 11.232627459799998 -0.000853847424139 0.001869540162157 0.001905665145218
134 8 19.180709763900005 6.644398071300002 9.396583635799999 0.000294261566749 -0.000085168225617 0.000289098959805
150 8 21.429391484400004 7.942663574800001 7.560546762400000 0.001609171967471 0.000436266828667 -0.002404322914681
160 8 23.016855623200005 10.692226291400004 7.560555002900000 -0.000456560432665 -0.002129081642832 -0.000498233211909
168 8 19.180723212599993 11.073986469400005 7.830487589900000 -0.000181033744663 -0.000136080083097 0.000014484677337
62 7 24.934923971800000 9.966587471600000 11.745738510299995 -0.000829420453257 0.000455499335656 -0.000492431736285
70 8 24.604313256200005 7.942681828100003 12.258844262099997 -0.001594201965859 0.000894422264239 -0.001396140668581
86 8 24.604302759999996 9.775705435000003 9.666531706799999 -0.001805233450311 -0.001067168736118 0.001632508582127
7 1 15.344560296200003 13.288795263500004 11.745737660500000 0.001116627090595 0.001485210003502 0.000020297642813
15 1 17.262640612500000 12.181390680000009 8.613533801700001 -0.000053443157537 0.000131425487207 0.000085914490250
23 1 15.344557788300000 15.503588815399999 8.613540438400001 0.000101305766063 -0.000595317994203 0.000611996473271
31 1 13.426487796399995 12.181395589400003 8.613538384300000 -0.000276538369318 -0.000275850967237 -0.000653909913301
39 7 17.262627163200005 16.610986685300006 11.745734611600000 0.000693779164622 -0.001592142015996 0.002541981631861
95 8 17.593253881800010 14.587061761100006 12.258833442600000 0.001223884020241 0.001221302471495 -0.004030828463170
111 8 17.593251848000001 16.420093920100001 9.666529521300001 0.001685138393003 -0.000638932055604 0.000564168766580
119 8 17.593249127900002 11.990500490400001 11.232628962800000 0.000684359614218 -0.002694181234491 0.001526716175220
127 8 15.344557227600006 15.885353364700006 11.232627459799998 -0.000136219422697 0.001475622921178 0.001096202120904
135 8 15.344568078800005 13.288790374900007 9.396583635799999 0.000019424687492 -0.000054321145042 0.000152239389362
143 8 13.095880352600002 14.587079165600008 7.560553499600000 -0.001391878323794 0.001122879188236 -0.001577851890533
151 8 17.593249799300004 14.587055878400003 7.560546762400000 0.001683515549472 0.001066499894913 -0.001778027052918
175 8 13.095867367800004 11.990498335500007 11.232641519100001 -0.001214662273643 -0.001449188594851 0.001848855333202
8 1 23.016843666400000 13.288795263500004 11.745737660500000 -0.000705845365989 0.000070464418866 0.000394088402581
24 1 23.016841158500000 15.503588815399999 8.613540438400001 0.000054028356482 -0.000327493296797 0.000035258636002
32 1 21.098771166600002 12.181395589400003 8.613538384300000 0.000437348677074 0.000016933228791 0.000108648781775
47 7 19.180709987699998 13.288788550000005 11.745727975299999 0.000178472515656 0.000495870229940 0.006246184754874
55 7 19.180710411900002 15.503580461900007 8.613540254699998 0.000049706069920 -0.000581010091829 0.001049462351910
63 7 21.098782286700004 16.610979775200004 11.745738510299995 -0.000914207376311 -0.000689303615805 0.000794177595272
71 8 20.768171571100002 14.587074131700003 12.258844262099997 -0.001063423781497 0.001566239878348 -0.002470666347721
79 8 19.180716222899996 17.336616904300001 12.258847990200001 0.000040052402431 -0.001570213037979 -0.001858208663381
87 8 20.768161074900000 16.420097738599999 9.666531706799999 -0.001667097876581 -0.000792786294010 0.000885305388263
103 8 19.180707196099995 13.670551147500003 9.666525792999996 -0.000011274150923 0.001982424645043 -0.000136496661838
128 8 23.016840597800005 15.885353364700006 11.232627459799998 0.000779033682890 0.001913668762436 0.001229894200644
136 8 23.016851449000004 13.288790374900007 9.396583635799999 0.000027128192447 0.000028782128944 0.000085219308675
144 8 20.768163722800004 14.587079165600008 7.560553499600000 -0.001705224838270 0.001049750372643 -0.001755133641947
176 8 20.768150737999996 11.990498335500007 11.232641519100001 -0.001001833445402 -0.001805887590587 0.000720899540576
16 1 24.934923982700003 12.181390680000009 8.613533801700001 -0.000105558839953 -0.000313271834811 -0.000853399962537
40 7 24.934910533400007 16.610986685300006 11.745734611600000 0.000122231464497 -0.000572657505735 0.000030756754636
48 7 26.852993357900004 13.288788550000005 11.745727975299999 -0.000669139409752 0.000427807430250 -0.000245693810753
56 7 26.852993782099993 15.503580461900007 8.613540254699998 -0.000296180561199 -0.000248915412958 0.000076429609512
64 7 28.771065656899999 16.610979775200004 11.745738510299995 0.000513073933534 0.000297827962833 0.000385428555429
72 8 28.440454941300004 14.587074131700003 12.258844262099997 -0.001887383393511 0.000179278016826 -0.001322838750150
80 8 26.852999593099998 17.336616904300001 12.258847990200001 -0.000482581623131 -0.001635482912499 -0.001510280537632
88 8 28.440444445099999 16.420097738599999 9.666531706799999 -0.001690399238394 -0.000739827739422 0.001162775531558
96 8 25.265537252000023 14.587061761100006 12.258833442600000 0.001845278768393 0.001057443541752 -0.001399337352101
104 8 26.852990566300001 13.670551147500003 9.666525792999996 0.000129850939472 0.001839530131263 0.001773252306378
112 8 25.265535218199997 16.420093920100001 9.666529521300001 0.001707204171014 -0.000745884629864 0.001603371359489
120 8 25.265532498100001 11.990500490400001 11.232628962800000 0.001662039089986 -0.000648545410862 0.001229841792169
152 8 25.265533169500006 14.587055878400003 7.560546762400000 0.001886615063711 0.001262953607872 -0.000866698546954
