ITEM: TIMESTEP
0
ITEM: NUMBER OF ATOMS
176
ITEM: BOX BOUNDS xy xz yz pp pp pp
0.0000000000000000e+00 3.0689133480799999e+01 7.6722833701999980e+00
0.0000000000000000e+00 1.7718379476200003e+01 7.6722833702000024e+00
0.0000000000000000e+00 1.2528786279200000e+01 4.4295948690000015e+00
ITEM: ATOMS id type x y z fx fy fz
25 1 5.754204426199998 3.322205851300000 2.349145244699999 0.001412905152682 0.000240190638696 0.001089782207330
137 8 5.423596982400004 5.727889427500000 1.296160360000000 -0.001466448164462 0.000455424490369 -0.001873627292577
161 8 3.836156472199998 2.214796731300001 1.566094450300000 0.000182189388667 -0.000068866505322 -0.000844799733315
169 8 5.423583997600000 3.131308597400002 4.968248379499999 -0.002991416767532 -0.000753678187315 0.001081482955447
1 1 7.672276926000002 4.429605525400001 5.481344520900000 0.004413484726412 -0.000664688552266 -0.000654818732036
9 1 9.590357242299998 3.322200941900001 2.349140662099999 0.002932803944611 0.001549145865728 0.004366105432993
41 7 11.508426617500000 4.429598811900002 5.481334835700000 -0.021199327945527 -0.017694281247554 -0.017048746001758
89 8 9.920970511600007 5.727872023000002 5.994440303000000 -0.008317257336853 0.006987014306190 0.002065114059213
97 8 11.508423825899998 4.811361409400002 3.402132653400000 -0.004518648373386 0.001235823850530 -0.012709431950003
113 8 9.920965757699999 3.131310752300001 4.968235823200000 -0.015046886005250 -0.015962183104585 -0.003602618178811
129 8 7.672284708600001 4.429600636800002 3.132190496199999 -0.001818712668272 0.000415894291177 -0.000882140281483
145 8 9.920966429100000 5.727866140300000 1.296153622799999 0.000146774260522 0.001297076509184 -0.004051056755654
153 8 7.672288882800000 1.833036553300000 1.296161863300000 -0.001141178633116 -0.002167207666373 -0.003709470804472
162 8 11.508439842400000 2.214796731300001 1.566094450300000 -0.000136105721212 -0.001315663991581 -0.001883422027949
2 1 15.344560296200001 4.429605525400001 5.481344520900000 -0.001589307560548 -0.008351695274255 -0.011057687594655
10 1 17.262640612500000 3.322200941900001 2.349140662099999 -0.000897134739796 -0.000025389989585 -0.000026416748126
26 1 13.426487796400002 3.322205851300000 2.349145244699999 -0.003447245038523 0.001698765960809 0.004237392462683
65 8 13.090888200899954 5.724997642254079 5.986286156690743 0.061719745493469 0.069980635454769 0.044060874540666
90 8 17.593253881800006 5.727872023000002 5.994440303000000 -0.000163404138642 0.001678935960422 -0.000787225434350
114 8 17.593249127900009 3.131310752300001 4.968235823200000 0.000822291529623 0.000041035094683 0.001625300963785
130 8 15.344568078800005 4.429600636800002 3.132190496199999 0.002441657462206 0.000163926464726 0.001763060756145
138 8 13.095880352600009 5.727889427500000 1.296160360000000 -0.000098258024809 0.001225980673723 -0.003745151115987
146 8 17.593249799300011 5.727866140300000 1.296153622799999 0.001856087138626 0.001026096897234 -0.001385024878709
154 8 15.344572252999999 1.833036553300000 1.296161863300000 0.000559605381397 -0.001952947403687 -0.002033731362580
170 8 13.095867367800004 3.131308597400002 4.968248379499999 0.006520799192080 -0.017919358605577 -0.000649292945671
42 7 19.180709987699998 4.429598811900002 5.481334835700000 0.001883707907125 -0.000483707939648 -0.000516477784080
66 8 20.768171571100002 5.727884393600002 5.994451122499998 -0.002923414621034 0.000908620289599 -0.001282610081033
98 8 19.180707196099995 4.811361409400002 3.402132653400000 -0.000240726428154 0.001834475559939 0.001829883033480
3 1 11.508418611100000 11.073997829000001 5.481344520900000 -0.000981068096052 0.000567062793856 -0.000733034095314
17 1 7.672274418099999 6.644399077300000 2.349147298800000 0.001615485354787 -0.000827435614671 0.001013858820269
27 1 9.590346111300001 9.966598154900002 2.349145244699999 0.000278612326956 -0.001073403196269 0.000246554120634
33 7 9.590343793000001 7.751796947200008 5.481341472000000 -0.000170578522872 -0.006579699021931 -0.001302511218745
49 7 11.508427041700001 6.644390723800001 2.349147115100000 0.000257677372533 -0.006772006598627 0.005329777665844
73 8 11.508432852700000 8.477427166200002 5.994454850600000 0.003546217757119 -0.000951073688676 0.000227556892400
105 8 9.920968477800001 7.560904182000002 3.402136381700000 0.000431663878519 0.000789823085125 0.001335927588214
121 8 7.672273857400003 7.026163626600007 4.968234320200000 -0.001375922558262 0.002838390567744 0.001280504193125
131 8 11.508426393700001 11.073992940400007 3.132190496199999 0.000094033203120 0.000221898928714 0.000354271630173
155 8 11.508430567899998 8.477428856900005 1.296161863300000 0.000018038322000 0.000049796904302 -0.003032923887270
163 8 7.672298157300000 8.859189034900005 1.566094450300000 -0.000531855745829 0.000437231291348 -0.000429191739915
171 8 9.259725682700001 9.775700901000002 4.968248379499999 -0.001470912079187 0.000258434673090 0.001350728397815
11 1 13.426498927399999 9.966593245500007 2.349140662099999 -0.000682453907530 -0.001030073983422 -0.000593598445723
18 1 15.344557788300000 6.644399077300000 2.349147298800000 -0.002088276236602 -0.001084254662375 -0.001259495105380
28 1 17.262629481500003 9.966598154900002 2.349145244699999 0.000474972461806 0.000211334684324 -0.000404485204790
34 7 17.262627163200005 7.751796947200008 5.481341472000000 0.004405078846503 0.001752172079763 -0.000977819322821
43 7 15.344568302600003 11.073991115500002 5.481334835700000 0.001489491333845 0.002797072305444 -0.000588746632385
57 7 13.426498916499998 7.751790037100004 5.481345370700000 -0.008750263835371 -0.001851752329683 -0.015313186198961
81 8 13.095877704700001 7.560908000500002 3.402138567200000 0.000753004082474 0.004187719138152 0.001356274069384
99 8 15.344565510999997 11.455753713000002 3.402132653400000 -0.000124100759744 0.001180057811905 0.002265668950811
106 8 17.593251848000001 7.560904182000002 3.402136381700000 0.000761229107808 -0.000908870559023 0.002984066201280
115 8 13.757107442799997 9.775703055900001 4.968235823200000 0.000631207366224 -0.006573719313823 0.002690438276100
122 8 15.344557227600001 7.026163626600007 4.968234320200000 -0.005373459042469 -0.000617961336887 0.008695164134922
164 8 15.344581527500001 8.859189034900005 1.566094450300000 0.000308501158722 0.000426206704770 -0.000052151054078
172 8 16.932009052900014 9.775700901000002 4.968248379499999 -0.002196964885982 -0.001984869729401 0.001684884436446
4 1 19.180701981300000 11.073997829000001 5.481344520900000 0.000584207098343 0.001244052621245 -0.000316442124267
12 1 21.098782297600000 9.966593245500007 2.349140662099999 0.000083033153336 0.000143121700874 0.000126330180133
44 7 23.016851672799998 11.073991115500002 5.481334835700000 -0.000392913357261 0.000120532150719 -0.000051754070374
50 7 19.180710411899998 6.644390723800001 2.349147115100000 0.000691111147979 0.000107436595406 -0.000388280524294
58 7 21.098782286699997 7.751790037100004 5.481345370700000 0.001491913097878 -0.000445407147664 -0.000395170316698
74 8 19.180716222899989 8.477427166200002 5.994454850600000 -0.001664028920281 -0.002254589727220 -0.001391795169345
82 8 20.768161074900000 7.560908000500002 3.402138567200000 -0.002131599647883 -0.000827736947769 0.001404783299228
100 8 23.016848881199998 11.455753713000002 3.402132653400000 0.000108822455302 0.001581696494924 0.001539663659671
116 8 21.429390813000008 9.775703055900001 4.968235823200000 0.001556569669791 -0.000864988797576 0.001407919545600
132 8 19.180709763900005 11.073992940400007 3.132190496199999 -0.000315421867230 -0.000609863086913 -0.000022600506290
156 8 19.180713938099998 8.477428856900005 1.296161863300000 -0.000238033413860 -0.001715463221388 -0.001632987878839
19 1 11.508416103199997 13.288791380900006 2.349147298800000 -0.000052867552265 -0.000196186776104 0.000389070086483
123 8 11.508415542500002 13.670555930200003 4.968234320200000 -0.000011672885185 0.001734429560161 0.001246833711767
139 8 9.259738667499999 12.372281731100001 1.296160360000000 -0.000878220787096 0.000587474936311 -0.001550373098435
35 7 13.426485478100000 14.396189250800001 5.481341472000000 0.001712792197803 0.001047162320972 0.000134865233354
51 7 15.344568726800000 13.288783027399999 2.349147115100000 0.001327274683872 0.001349539191729 0.001192213295581
59 7 17.262640601600001 14.396182340700005 5.481345370700000 0.002212478664991 0.008786438572931 -0.002409524521339
67 8 16.932029885999999 12.372276697200000 5.994451122499998 -0.003041102993629 -0.002073694943983 -0.000972930281525
75 8 15.344574537799998 15.121819469800011 5.994454850600000 -0.002494250047434 -0.003145340737663 -0.000456691849417
83 8 16.932019389799994 14.205300304100005 3.402138567200000 -0.002534344762130 -0.003102545685660 -0.000020182084779
91 8 13.757112196700003 12.372264326600002 5.994440303000000 0.001832396211943 0.000082861752369 -0.001221485388287
107 8 13.757110162900000 14.205296485600002 3.402136381700000 0.001199731137853 -0.001133242785848 0.001225795954308
140 8 16.932022037700008 12.372281731100001 1.296160360000000 -0.001437705166685 0.000297731812755 -0.001825331738060
147 8 13.757108114200003 12.372258443900009 1.296153622799999 0.001456529038334 0.001210880161351 -0.002406542110636
20 1 19.180699473400008 13.288791380900006 2.349147298800000 0.000280723594398 0.001720166752686 0.001042974814020
36 7 21.098768848300001 14.396189250800001 5.481341472000000 -0.003182899935410 0.006310910538056 -0.003061023288485
52 7 23.016852096999997 13.288783027399999 2.349147115100000 -0.001064926764066 0.000775564501959 0.000471442141871
76 8 23.016857907999988 15.121819469800011 5.994454850600000 0.001566971320929 -0.000835654069226 -0.000387433261213
92 8 21.429395566900006 12.372264326600002 5.994440303000000 0.002099916132172 -0.000719131374097 -0.000771472039667
108 8 21.429393533100004 14.205296485600002 3.402136381700000 0.002661325184326 -0.002380932091651 0.000804545923729
124 8 19.180698912699995 13.670555930200003 4.968234320200000 0.000211003460292 0.000101642488830 0.001380218451523
148 8 21.429391484400018 12.372258443900009 1.296153622799999 0.001563990189288 0.000615476934035 -0.001791691305794
60 7 24.934923971800007 14.396182340700005 5.481345370700000 -0.000903788290879 -0.000431273069008 -0.000537961611465
68 8 24.604313256200001 12.372276697200000 5.994451122499998 -0.001530334674007 0.000779916536342 -0.001326883582395
84 8 24.604302760000003 14.205300304100005 3.402138567200000 -0.001337616482749 -0.000811258868272 0.001658811920880
29 1 9.590346111300004 5.537003285800003 8.613538384300000 -0.001711286678519 -0.001722707135436 -0.003612308493929
157 8 11.508430567900000 4.047833987800002 7.560555002900000 0.004716462396868 -0.000283852657692 0.010287867834344
165 8 7.672298157300002 4.429594165800001 7.830487589900000 -0.000742092663279 0.000194306374086 0.001407920634417
173 8 9.259725682700003 5.346106031900003 11.232641519100001 -0.000942723236761 -0.000723486522689 0.001171311977489
13 1 13.426498927400001 5.536998376400002 8.613533801700001 -0.005322807123064 -0.006206874390770 0.009109540819143
30 1 17.262629481500003 5.537003285800003 8.613538384300000 0.004305471871381 0.000268723092770 0.001263425835237
117 8 13.757107442800002 5.346108186800002 11.232628962800000 0.000968915126084 -0.000044751733720 -0.004240800053710
166 8 15.344581527500001 4.429594165800001 7.830487589900000 -0.008273359303587 0.006670944677410 -0.002357562315323
174 8 16.932009052900007 5.346106031900003 11.232641519100001 -0.002449028779207 -0.000519575889822 0.000167048865549
14 1 21.098782297600003 5.536998376400002 8.613533801700001 0.000952221945478 -0.000207746919638 -0.000328364649548
118 8 21.429390813000005 5.346108186800002 11.232628962800000 0.001683936375686 -0.000948905809999 0.001115372641657
158 8 19.180713938100002 4.047833987800002 7.560555002900000 -0.001054889755166 -0.001144698498827 -0.001467635775232
5 1 11.508418611100007 6.644402959900002 11.745737660500000 -0.001195176591240 0.000185910123229 0.001962407198740
21 1 11.508416103199998 8.859196511800004 8.613540438400001 -0.004241038847249 0.002577636712292 0.000679215446868
125 8 11.508415542500003 9.240961061100004 11.232627459799998 0.000715951056301 0.001337571421861 0.000680970480344
133 8 11.508426393700002 6.644398071300002 9.396583635799999 0.006159393036793 -0.001987672034840 -0.002121300600108
141 8 9.259738667500002 7.942686862000003 7.560553499600000 -0.001252281350699 0.001884513490474 0.000150856070764
167 8 11.508439842400001 11.073986469400005 7.830487589900000 0.000474677746269 -0.000816595379229 0.000339766709031
37 7 13.426485478099996 9.966594381700006 11.745734611600000 0.000397679487896 0.001053441771270 0.002079920995040
45 7 15.344568302600001 6.644396246400003 11.745727975299999 0.001929554815283 0.001180453272487 0.004552271102052
53 7 15.344568726799995 8.859188158300002 8.613540254699998 0.006892861118802 0.006013618860642 0.004327766168905
61 7 17.262640601600001 9.966587471600000 11.745738510299995 0.000860707012773 0.000583308688700 0.002829893054101
69 8 16.932029886000002 7.942681828100003 12.258844262099997 -0.002912990781921 -0.000029093990641 -0.003140720971106
77 8 15.344574537800005 10.692224600700005 12.258847990200001 -0.000962005742419 -0.002130538691562 -0.002261308916011
85 8 16.932019389799990 9.775705435000003 9.666531706799999 -0.003746808314926 -0.002354922586369 -0.000358617709492
93 8 13.757112196700007 7.942669457500004 12.258833442600000 0.001667225009211 0.000500409969664 -0.002211408092009
101 8 15.344565511000003 7.026158843900003 9.666525792999996 -0.002604387443980 0.000473429027770 -0.001628104717639
109 8 13.757110162900005 9.775701616500001 9.666529521300001 0.002136486444331 -0.002751152977866 -0.000777295861001
142 8 16.932022037700005 7.942686862000003 7.560553499600000 -0.003533361370650 0.000348304009427 -0.001275688649011
149 8 13.757108114200001 7.942663574800001 7.560546762400000 -0.002917437336527 -0.018378324372127 -0.010465471210994
159 8 15.344572253000006 10.692226291400004 7.560555002900000 -0.000749296026826 -0.003951562506804 -0.001016210961487
6 1 19.180701981300004 6.644402959900002 11.745737660500000 0.000669298864119 0.000404854034753 0.001731227120986
22 1 19.180699473400011 8.859196511800004 8.613540438400001 0.001139794413638 0.000431802913341 0.000342455833888
38 7 21.098768848300008 9.966594381700006 11.745734611600000 -0.000107085547472 -0.000241755245121 0.001732514711873
46 7 23.016851672800001 6.644396246400003 11.745727975299999 -0.001025844774516 0.000338863706354 0.000691379158460
54 7 23.016852096999990 8.859188158300002 8.613540254699998 -0.000158541712101 -0.000128709114291 -0.000358032365380
78 8 23.016857907999999 10.692224600700005 12.258847990200001 0.000231278700027 -0.001871304612160 -0.001657273797702
94 8 21.429395566900006 7.942669457500004 12.258833442600000 0.001967575698863 0.000894256639652 -0.002169506286250
102 8 23.016848881199998 7.026158843900003 9.666525792999996 0.000063092979660 0.001803260720312 0.001621455162255
110 8 21.429393533100001 9.775701616500001 9.666529521300001 0.001522257320464 -0.000947480755984 0.001053956055011
126 8 19.180698912700002 9.240961061100004 11.232627459799998 -0.000156027815587 0.001692350603738 0.000710580163195
134 8 19.180709763900005 6.644398071300002 9.396583635799999 -0.001313734472923 -0.000445366522256 -0.000573732250107
150 8 21.429391484400004 7.942663574800001 7.560546762400000 0.001358301148093 0.001131523399990 -0.001215916344267
160 8 23.016855623200005 10.692226291400004 7.560555002900000 0.000005632318991 -0.001776086741632 -0.001457161145364
168 8 19.180723212599993 11.073986469400005 7.830487589900000 -0.000374264477708 -0.000387296968685 0.000126201157487
62 7 24.934923971800000 9.966587471600000 11.745738510299995 -0.001280593238228 0.000532535861692 0.000324895654029
70 8 24.604313256200005 7.942681828100003 12.258844262099997 -0.001262326872313 0.000615137015881 -0.001667125905765
86 8 24.604302759999996 9.775705435000003 9.666531706799999 -0.000992153239217 -0.000988289017083 0.001322508885636
7 1 15.344560296200003 13.288795263500004 11.745737660500000 0.000318187930136 0.000042151117068 0.000250717029134
15 1 17.262640612500000 12.181390680000009 8.613533801700001 0.000520116928328 0.001240610557675 -0.000146210316887
23 1 15.344557788300000 15.503588815399999 8.613540438400001 0.001053830671151 0.000440879957862 -0.000922998579828
31 1 13.426487796399995 12.181395589400003 8.613538384300000 0.000288391072669 0.001144146921174 0.000378594815581
39 7 17.262627163200005 16.610986685300006 11.745734611600000 -0.000333760984133 -0.000588276828427 0.000043291571087
95 8 17.593253881800010 14.587061761100006 12.258833442600000 0.001512885476755 0.001410122903543 -0.001573805407584
111 8 17.593251848000001 16.420093920100001 9.666529521300001 0.001802836181301 -0.000824768067458 0.002181959870706
119 8 17.593249127900002 11.990500490400001 11.232628962800000 0.001546041333120 -0.000856181712125 0.000861547783854
127 8 15.344557227600006 15.885353364700006 11.232627459799998 0.000116321569902 0.001798404273438 0.001276694661794
135 8 15.344568078800005 13.288790374900007 9.396583635799999 -0.000535277826899 -0.000480701334402 -0.000085136109163
143 8 13.095880352600002 14.587079165600008 7.560553499600000 -0.001158626142575 0.000109326651954 -0.000665577308144
151 8 17.593249799300004 14.587055878400003 7.560546762400000 0.001750444087784 0.000335355131485 0.000174695575071
175 8 13.095867367800004 11.990498335500007 11.232641519100001 -0.001551926385782 -0.001279319631101 0.000776286773391
8 1 23.016843666400000 13.288795263500004 11.745737660500000 -0.000031688850522 -0.000630682017942 0.000224754912654
24 1 23.016841158500000 15.503588815399999 8.613540438400001 -0.000078670945091 -0.003953952711592 0.000108764849292
32 1 21.098771166600002 12.181395589400003 8.613538384300000 -0.000024532992669 0.000174260212351 -0.000320904848886
47 7 19.180709987699998 13.288788550000005 11.745727975299999 -0.000327599680310 -0.000585433904059 0.001097601246726
55 7 19.180710411900002 15.503580461900007 8.613540254699998 -0.002140002780313 0.000125647570840 -0.003300003456555
63 7 21.098782286700004 16.610979775200004 11.745738510299995 -0.000812518685675 -0.002168137796152 0.002080464629867
71 8 20.768171571100002 14.587074131700003 12.258844262099997 -0.001488362586725 0.001681980065075 -0.001930784654300
79 8 19.180716222899996 17.336616904300001 12.258847990200001 0.000423708414075 -0.001587224209607 -0.001850078620599
87 8 20.768161074900000 16.420097738599999 9.666531706799999 0.000144866573511 0.002581257362535 0.000808556987657
103 8 19.180707196099995 13.670551147500003 9.666525792999996 0.000172126335318 0.001703984715787 0.001792938318038
128 8 23.016840597800005 15.885353364700006 11.232627459799998 -0.000214956357387 0.002357686366912 0.000771937654255
136 8 23.016851449000004 13.288790374900007 9.396583635799999 0.000099077983566 0.000764997933723 -0.000134597333919
144 8 20.768163722800004 14.587079165600008 7.560553499600000 -0.000791407171595 0.000995091808241 0.000183562033373
176 8 20.768150737999996 11.990498335500007 11.232641519100001 -0.001517931515734 -0.000559272887706 0.000986118426078
16 1 24.934923982700003 12.181390680000009 8.613533801700001 -0.000567178364359 0.000055906632656 0.000087574998741
40 7 24.934910533400007 16.610986685300006 11.745734611600000 0.001085812126490 -0.000569039798056 0.001267479255066
48 7 26.852993357900004 13.288788550000005 11.745727975299999 -0.000224388060553 0.000170606364828 0.000415085941393
56 7 26.852993782099993 15.503580461900007 8.613540254699998 0.000900356135045 -0.000376670199218 -0.000226711325034
64 7 28.771065656899999 16.610979775200004 11.745738510299995 -0.000072216486381 0.000351217306562 0.000308359873535
72 8 28.440454941300004 14.587074131700003 12.258844262099997 -0.001898679690171 0.000668388219541 -0.001629657321848
80 8 26.852999593099998 17.336616904300001 12.258847990200001 -0.000636618288172 -0.002221799311854 -0.001921172535043
88 8 28.440444445099999 16.420097738599999 9.666531706799999 -0.001955008510434 -0.001093133556241 0.001489745519621
96 8 25.265537252000023 14.587061761100006 12.258833442600000 0.001540669442839 0.001339623191760 -0.001491510830821
104 8 26.852990566300001 13.670551147500003 9.666525792999996 0.000157985256214 0.001763009870236 0.001456716635875
112 8 25.265535218199997 16.420093920100001 9.666529521300001 0.000612246331758 -0.000066272020780 0.001045355845578
120 8 25.265532498100001 11.990500490400001 11.232628962800000 0.001947210816379 -0.000781512220970 0.001217485743412
152 8 25.265533169500006 14.587055878400003 7.560546762400000 0.001186009044610 0.001348136692499 -0.001099015615301
