ITEM: TIMESTEP
0
ITEM: NUMBER OF ATOMS
176
ITEM: BOX BOUNDS xy xz yz pp pp pp
0.0000000000000000e+00 3.0689133480799999e+01 7.6722833701999980e+00
0.0000000000000000e+00 1.7718379476200003e+01 7.6722833702000024e+00
0.0000000000000000e+00 1.2528786279200000e+01 4.4295948690000015e+00
ITEM: ATOMS id type x y z fx fy fz
25 1 5.754204426199998 3.322205851300000 2.349145244699999 0.001055329923429 0.001295717812227 0.000472876484520
137 8 5.423596982400004 5.727889427500000 1.296160360000000 -0.002162841816228 0.000164305669925 -0.002696401898477
161 8 3.836156472199998 2.214796731300001 1.566094450300000 -0.000086618955268 -0.000600707793291 0.000565804660055
169 8 5.423583997600000 3.131308597400002 4.968248379499999 -0.002487732575579 -0.003101035092604 0.001250309406286
1 1 7.672276926000002 4.429605525400001 5.481344520900000 0.002981087856128 0.004597109400762 0.000257084705632
9 1 9.590357242299998 3.322200941900001 2.349140662099999 -0.000013231535411 0.001575497864594 0.001315998868170
41 7 11.508426617500000 4.429598811900002 5.481334835700000 -0.006019428064356 0.006315877168925 0.002034544832295
89 8 9.920970511600007 5.727872023000002 5.994440303000000 -0.001134605848125 -0.013608380784307 -0.000082787494890
97 8 11.508423825899998 4.811361409400002 3.402132653400000 0.000922891558567 0.000923333769939 -0.000093746421983
113 8 9.920965757699999 3.131310752300001 4.968235823200000 0.001296042314071 -0.003831612118669 0.000818237744823
129 8 7.672284708600001 4.429600636800002 3.132190496199999 -0.000528771760335 -0.001535658454417 -0.001281916250496
145 8 9.920966429100000 5.727866140300000 1.296153622799999 0.001782451207656 0.000235704229413 -0.003078969306223
153 8 7.672288882800000 1.833036553300000 1.296161863300000 -0.000252884851082 -0.001986737656267 -0.001282958600240
162 8 11.508439842400000 2.214796731300001 1.566094450300000 -0.000005351542207 -0.000499367473745 -0.000394326431508
2 1 15.344560296200001 4.429605525400001 5.481344520900000 -0.001060194322765 -0.000692662223362 0.000174342211781
10 1 17.262640612500000 3.322200941900001 2.349140662099999 -0.000300720495640 0.000399625393780 -0.000135508613777
26 1 13.426487796400002 3.322205851300000 2.349145244699999 -0.000649425881547 0.000392231783787 0.000447039347990
65 8 13.095888200900001 5.727884393600002 5.994451122499998 0.003874953848507 0.000426663531247 -0.001890122170488
90 8 17.593253881800006 5.727872023000002 5.994440303000000 0.001014414861419 0.001788227174914 -0.001459967040680
114 8 17.593249127900009 3.131310752300001 4.968235823200000 0.001876272280420 -0.001888682610075 0.001380139011380
130 8 15.344568078800005 4.429600636800002 3.132190496199999 0.000259608027323 0.000214518915831 -0.000040862204223
138 8 13.095880352600009 5.727889427500000 1.296160360000000 -0.000526047625207 0.000688441895846 -0.002021745327931
146 8 17.593249799300011 5.727866140300000 1.296153622799999 0.001508519667756 0.000781791371336 -0.001433440814153
154 8 15.344572252999999 1.833036553300000 1.296161863300000 0.000155501389720 -0.001534250323345 -0.000972654216359
170 8 13.095867367800004 3.131308597400002 4.968248379499999 0.000011817616935 -0.002498083721029 0.000926174488003
42 7 19.180709987699998 4.429598811900002 5.481334835700000 0.001548932682572 0.001370142876894 0.000458577749038
66 8 20.768171571100002 5.727884393600002 5.994451122499998 -0.004082221660779 -0.000605262482077 -0.000678683182538
98 8 19.180707196099995 4.811361409400002 3.402132653400000 -0.000358500022041 0.001361754348279 0.001476544248576
3 1 11.508418611100000 11.073997829000001 5.481344520900000 -0.007863493334091 0.007980329115799 -0.004408630345101
17 1 7.672274418099999 6.644399077300000 2.349147298800000 0.001730573460976 0.000721186080770 0.003926301473090
27 1 9.590346111300001 9.966598154900002 2.349145244699999 -0.002206664675796 -0.003712121723975 0.000414709990416
33 7 9.590343793000001 7.751796947200008 5.481341472000000 -0.025575940885494 -0.019495166020875 -0.003091837593014
49 7 11.508427041700001 6.644390723800001 2.349147115100000 -0.005955357468873 -0.000051430189366 0.003113418174807
73 8 11.503432852699985 8.468766912162165 5.994454850600000 0.091475064609746 0.047731904663937 0.002567250158371
105 8 9.920968477800001 7.560904182000002 3.402136381700000 0.001745201513919 -0.001508889011347 -0.010453266795372
121 8 7.672273857400003 7.026163626600007 4.968234320200000 -0.021357871334724 -0.005160891447572 -0.003546769658693
131 8 11.508426393700001 11.073992940400007 3.132190496199999 0.001378702147222 -0.000000341806250 0.006778046075759
155 8 11.508430567899998 8.477428856900005 1.296161863300000 0.001091802476562 -0.000254422875914 -0.002456669608566
163 8 7.672298157300000 8.859189034900005 1.566094450300000 -0.000320849423839 0.001212462223631 -0.001063849243907
171 8 9.259725682700001 9.775700901000002 4.968248379499999 0.002071792813784 0.011473213723556 0.000479337122853
11 1 13.426498927399999 9.966593245500007 2.349140662099999 0.000007349934695 -0.000998066651837 -0.004959394888922
18 1 15.344557788300000 6.644399077300000 2.349147298800000 0.000100013651490 -0.001115131215279 -0.001032918391312
28 1 17.262629481500003 9.966598154900002 2.349145244699999 0.001275945784652 0.000149970182943 -0.000634376843164
34 7 17.262627163200005 7.751796947200008 5.481341472000000 0.003512447392023 -0.000842833447951 0.000286666690210
43 7 15.344568302600003 11.073991115500002 5.481334835700000 0.008370814704483 0.005155644563435 0.001758869240470
57 7 13.426498916499998 7.751790037100004 5.481345370700000 -0.006221396197022 -0.016400460483505 -0.000931997366033
81 8 13.095877704700001 7.560908000500002 3.402138567200000 0.001144016290670 0.001553806479730 0.003550317123505
99 8 15.344565510999997 11.455753713000002 3.402132653400000 -0.001291216351410 0.000013289725259 0.003671785983813
106 8 17.593251848000001 7.560904182000002 3.402136381700000 0.000840953602370 -0.000526749445602 0.002183740699685
115 8 13.757107442799997 9.775703055900001 4.968235823200000 -0.017274986661183 -0.007484322823729 0.009729409986535
122 8 15.344557227600001 7.026163626600007 4.968234320200000 -0.005388328951525 0.003733384883526 0.002730981624775
164 8 15.344581527500001 8.859189034900005 1.566094450300000 -0.000587899315917 0.000725131429041 0.000762234816196
172 8 16.932009052900014 9.775700901000002 4.968248379499999 -0.003837134423204 -0.000151240798405 0.001513632432439
4 1 19.180701981300000 11.073997829000001 5.481344520900000 0.001507485858421 -0.000302117981790 -0.000063303299905
12 1 21.098782297600000 9.966593245500007 2.349140662099999 0.000804322680557 -0.000624059356128 0.000905121806434
44 7 23.016851672799998 11.073991115500002 5.481334835700000 -0.001244532065657 -0.003662136229766 -0.000298209569441
50 7 19.180710411899998 6.644390723800001 2.349147115100000 0.001591351517380 0.000576169228121 0.000576851012275
58 7 21.098782286699997 7.751790037100004 5.481345370700000 0.008472417987941 -0.002842741761481 -0.001297022626341
74 8 19.180716222899989 8.477427166200002 5.994454850600000 -0.003303575638610 -0.001409519071715 -0.001331995749872
82 8 20.768161074900000 7.560908000500002 3.402138567200000 -0.003776606893266 -0.000469260063682 -0.000119240217959
100 8 23.016848881199998 11.455753713000002 3.402132653400000 0.000210167610203 0.002385911576419 0.001504859196360
116 8 21.429390813000008 9.775703055900001 4.968235823200000 0.001264987835452 0.000775695672731 0.001172412159057
132 8 19.180709763900005 11.073992940400007 3.132190496199999 -0.000663517096695 -0.000264332976702 -0.000077010463100
156 8 19.180713938099998 8.477428856900005 1.296161863300000 -0.000398710045665 -0.000701304907398 -0.001271139197785
19 1 11.508416103199997 13.288791380900006 2.349147298800000 -0.000337118504286 0.001427857492045 -0.001926466751081
123 8 11.508415542500002 13.670555930200003 4.968234320200000 0.000434875436764 -0.003791866995118 0.002239282642582
139 8 9.259738667499999 12.372281731100001 1.296160360000000 -0.001112308702874 0.000835407537292 -0.001067834884876
35 7 13.426485478100000 14.396189250800001 5.481341472000000 0.002332334071276 0.004400602079236 -0.000305690394021
51 7 15.344568726800000 13.288783027399999 2.349147115100000 0.000939208029329 0.002029331211977 -0.001148204954109
59 7 17.262640601600001 14.396182340700005 5.481345370700000 0.000692435556218 0.003073891721698 -0.000280182588696
67 8 16.932029885999999 12.372276697200000 5.994451122499998 -0.004040954767841 -0.001398958888690 -0.001908255988904
75 8 15.344574537799998 15.121819469800011 5.994454850600000 -0.001468810161402 -0.003757062307143 -0.001468631020711
83 8 16.932019389799994 14.205300304100005 3.402138567200000 -0.002131594353395 -0.001897452019211 0.001254996877491
91 8 13.757112196700003 12.372264326600002 5.994440303000000 -0.000837538258458 -0.002481043150346 -0.001854003365581
107 8 13.757110162900000 14.205296485600002 3.402136381700000 0.001119970103485 -0.001577330148185 0.002182003739579
140 8 16.932022037700008 12.372281731100001 1.296160360000000 -0.001898288551977 0.000379744881399 -0.001171535716096
147 8 13.757108114200003 12.372258443900009 1.296153622799999 0.001528667397370 0.000524492591637 -0.000463657922559
20 1 19.180699473400008 13.288791380900006 2.349147298800000 0.000295072820344 0.000274913161875 -0.000052518677263
36 7 21.098768848300001 14.396189250800001 5.481341472000000 -0.000325467935097 0.000786303054051 -0.000164615356533
52 7 23.016852096999997 13.288783027399999 2.349147115100000 -0.000848252836879 0.000171666320230 -0.000292661031847
76 8 23.016857907999988 15.121819469800011 5.994454850600000 0.000725309119060 -0.002490286395494 -0.001515340463150
92 8 21.429395566900006 12.372264326600002 5.994440303000000 0.001616282429946 0.001340700004976 -0.001307481190510
108 8 21.429393533100004 14.205296485600002 3.402136381700000 0.001830627354836 -0.001172371395902 0.001414618150838
124 8 19.180698912699995 13.670555930200003 4.968234320200000 0.000020740352738 0.001320272130807 0.001392239084047
148 8 21.429391484400018 12.372258443900009 1.296153622799999 0.001627901541580 0.000836243430856 -0.001369047691252
60 7 24.934923971800007 14.396182340700005 5.481345370700000 -0.002526948847978 0.002342884148166 -0.000099533210404
68 8 24.604313256200001 12.372276697200000 5.994451122499998 0.002179635957481 0.000002092907438 -0.001446730190877
84 8 24.604302760000003 14.205300304100005 3.402138567200000 -0.000968209792943 -0.001200270108241 0.001993230901985
29 1 9.590346111300004 5.537003285800003 8.613538384300000 -0.000111542265422 0.002617175306182 -0.005232121013621
157 8 11.508430567900000 4.047833987800002 7.560555002900000 0.001098504593184 -0.003484706232800 0.000094707669895
165 8 7.672298157300002 4.429594165800001 7.830487589900000 -0.001325501597142 -0.001464022319267 0.001239874387957
173 8 9.259725682700003 5.346106031900003 11.232641519100001 -0.001451845375500 -0.001065880162056 0.001979383487410
13 1 13.426498927400001 5.536998376400002 8.613533801700001 -0.002087515031464 -0.001594245860450 -0.000829207123296
30 1 17.262629481500003 5.537003285800003 8.613538384300000 0.000561395992863 -0.000379033985765 0.000218754491991
117 8 13.757107442800002 5.346108186800002 11.232628962800000 0.001916027702919 -0.000779445566340 0.001452979410880
166 8 15.344581527500001 4.429594165800001 7.830487589900000 0.000405270313629 0.000100550882228 0.000171336455558
174 8 16.932009052900007 5.346106031900003 11.232641519100001 -0.001644984281102 -0.000957885605933 0.001082595939905
14 1 21.098782297600003 5.536998376400002 8.613533801700001 0.001525649823054 0.000793046022193 -0.000984479268362
118 8 21.429390813000005 5.346108186800002 11.232628962800000 0.001414389540712 -0.001178741398353 0.001543607220053
158 8 19.180713938100002 4.047833987800002 7.560555002900000 -0.000375167150185 -0.001906694023824 -0.001201270578242
5 1 11.508418611100007 6.644402959900002 11.745737660500000 -0.000297495879425 -0.000387313646089 -0.000663596327318
21 1 11.508416103199998 8.859196511800004 8.613540438400001 -0.007928012011900 -0.009538246098746 0.006116482024195
125 8 11.508415542500003 9.240961061100004 11.232627459799998 0.000435882756008 0.001681873181472 0.000123748981856
133 8 11.508426393700002 6.644398071300002 9.396583635799999 0.001383213783099 0.002230105330885 0.001433727162890
141 8 9.259738667500002 7.942686862000003 7.560553499600000 -0.012272557610439 0.004139362449378 0.013739126099793
167 8 11.508439842400001 11.073986469400005 7.830487589900000 0.001522382354533 -0.005591482766080 -0.009011181137448
37 7 13.426485478099996 9.966594381700006 11.745734611600000 0.000868304254683 -0.000114095081774 0.002130946235197
45 7 15.344568302600001 6.644396246400003 11.745727975299999 0.000155170763134 -0.000096544367979 0.001051480977626
53 7 15.344568726799995 8.859188158300002 8.613540254699998 0.003548027437932 0.000186999781871 0.002813616621250
61 7 17.262640601600001 9.966587471600000 11.745738510299995 0.000117140220627 0.000386949041299 0.001795133318592
69 8 16.932029886000002 7.942681828100003 12.258844262099997 -0.001910836185624 0.000475315930202 -0.001897188275317
77 8 15.344574537800005 10.692224600700005 12.258847990200001 -0.000661983559316 -0.002164569779494 -0.002538533694038
85 8 16.932019389799990 9.775705435000003 9.666531706799999 -0.002590018378817 -0.001259677863272 0.000450470737966
93 8 13.757112196700007 7.942669457500004 12.258833442600000 0.001522842349375 0.001234622746529 -0.001718424922930
101 8 15.344565511000003 7.026158843900003 9.666525792999996 -0.000383473947647 0.002855453256619 0.000426637867420
109 8 13.757110162900005 9.775701616500001 9.666529521300001 0.001225223220827 -0.000959542167498 -0.000342914283253
142 8 16.932022037700005 7.942686862000003 7.560553499600000 -0.002831820327749 0.001167746708075 -0.001668517120342
149 8 13.757108114200001 7.942663574800001 7.560546762400000 -0.003209634642297 0.006648411347611 -0.007185256888981
159 8 15.344572253000006 10.692226291400004 7.560555002900000 -0.001379108535578 -0.002001840568920 -0.003119412049803
6 1 19.180701981300004 6.644402959900002 11.745737660500000 0.000338520552153 0.000011563480598 0.000006342445830
22 1 19.180699473400011 8.859196511800004 8.613540438400001 0.001468952913710 -0.000383314968393 -0.000212831573726
38 7 21.098768848300008 9.966594381700006 11.745734611600000 0.000253280678303 -0.000433853065625 -0.000167621516458
46 7 23.016851672800001 6.644396246400003 11.745727975299999 -0.000144217997126 0.000095740455914 -0.000983865564320
54 7 23.016852096999990 8.859188158300002 8.613540254699998 0.003701966793986 -0.004727247670928 -0.004836426205796
78 8 23.016857907999999 10.692224600700005 12.258847990200001 -0.000076883147506 -0.001782706007453 -0.001325663394815
94 8 21.429395566900006 7.942669457500004 12.258833442600000 0.001478709148878 0.001104028336097 -0.001217114170241
102 8 23.016848881199998 7.026158843900003 9.666525792999996 -0.000708250678777 0.001594436259866 0.003398508879230
110 8 21.429393533100001 9.775701616500001 9.666529521300001 0.000280100099785 0.000108393992678 0.002630251059072
126 8 19.180698912700002 9.240961061100004 11.232627459799998 0.000018378504768 0.001839904444137 0.001222869212483
134 8 19.180709763900005 6.644398071300002 9.396583635799999 -0.000665453899105 -0.000120369353015 0.000142529676514
150 8 21.429391484400004 7.942663574800001 7.560546762400000 0.000205885660102 0.001243935562077 -0.000526416118604
160 8 23.016855623200005 10.692226291400004 7.560555002900000 0.000551949277313 0.000057670043309 -0.001671948880394
168 8 19.180723212599993 11.073986469400005 7.830487589900000 -0.000640601912176 0.000207160107907 -0.000062115018668
62 7 24.934923971800000 9.966587471600000 11.745738510299995 -0.001068473377498 -0.000441601157256 -0.000119993817170
70 8 24.604313256200005 7.942681828100003 12.258844262099997 -0.001499561006467 0.000941290232144 -0.001341373712911
86 8 24.604302759999996 9.775705435000003 9.666531706799999 0.000254388740208 0.000383466507459 0.002084931076625
7 1 15.344560296200003 13.288795263500004 11.745737660500000 0.000469239808237 -0.000107726814450 0.001032982914825
15 1 17.262640612500000 12.181390680000009 8.613533801700001 0.000839444202594 0.000595311699233 0.000557795081143
23 1 15.344557788300000 15.503588815399999 8.613540438400001 0.000784742340641 0.001711649011291 -0.000430319591132
31 1 13.426487796399995 12.181395589400003 8.613538384300000 0.002526305423465 0.002289698871855 0.002763272318804
39 7 17.262627163200005 16.610986685300006 11.745734611600000 0.000125883247096 0.000047694907403 -0.001035033173742
95 8 17.593253881800010 14.587061761100006 12.258833442600000 0.001647758357815 0.001130994347604 -0.001386164069694
111 8 17.593251848000001 16.420093920100001 9.666529521300001 0.001611171337827 -0.001516769281863 0.002227642577582
119 8 17.593249127900002 11.990500490400001 11.232628962800000 0.001758442870427 -0.000781283837431 0.000940446765712
127 8 15.344557227600006 15.885353364700006 11.232627459799998 0.000009388924627 0.001614837457235 0.001463930908720
135 8 15.344568078800005 13.288790374900007 9.396583635799999 -0.001022143030175 -0.000955571070800 -0.000566406688129
143 8 13.095880352600002 14.587079165600008 7.560553499600000 -0.001688898298545 -0.000580264235643 -0.002059072540985
151 8 17.593249799300004 14.587055878400003 7.560546762400000 0.001399897225156 0.000241539648850 -0.001352728708221
175 8 13.095867367800004 11.990498335500007 11.232641519100001 -0.001559113403455 -0.001132934203673 0.000091482422504
8 1 23.016843666400000 13.288795263500004 11.745737660500000 -0.000062103404115 -0.000198134356362 -0.000470528958301
24 1 23.016841158500000 15.503588815399999 8.613540438400001 -0.000462555035061 0.000261570705779 -0.000012359810319
32 1 21.098771166600002 12.181395589400003 8.613538384300000 0.000279528603627 -0.000438243589942 -0.000199461572784
47 7 19.180709987699998 13.288788550000005 11.745727975299999 -0.000474149353830 -0.000273942970149 0.000458927269211
55 7 19.180710411900002 15.503580461900007 8.613540254699998 -0.000434842609154 0.001772064844078 -0.000834040436856
63 7 21.098782286700004 16.610979775200004 11.745738510299995 -0.000422176834069 0.000102510114367 -0.001169589636413
71 8 20.768171571100002 14.587074131700003 12.258844262099997 -0.001480174419671 0.000753417016841 -0.000863737208592
79 8 19.180716222899996 17.336616904300001 12.258847990200001 -0.000085587256202 -0.001998663297365 -0.000915766046009
87 8 20.768161074900000 16.420097738599999 9.666531706799999 -0.001310396227288 -0.001026714594430 0.001905797681345
103 8 19.180707196099995 13.670551147500003 9.666525792999996 -0.000036367047971 0.001261815083453 0.001709645824141
128 8 23.016840597800005 15.885353364700006 11.232627459799998 0.000285984339209 0.001759212204346 0.001565944608142
136 8 23.016851449000004 13.288790374900007 9.396583635799999 0.000732468649257 -0.000335442067195 -0.000129810407317
144 8 20.768163722800004 14.587079165600008 7.560553499600000 -0.001257703249484 0.000467371132733 -0.001553160785492
176 8 20.768150737999996 11.990498335500007 11.232641519100001 -0.001575659726693 -0.000711666783131 0.001251498692876
16 1 24.934923982700003 12.181390680000009 8.613533801700001 -0.003567896958901 0.000754185310234 0.001708277396382
40 7 24.934910533400007 16.610986685300006 11.745734611600000 0.000380904868512 0.000046578626776 -0.000209238562099
48 7 26.852993357900004 13.288788550000005 11.745727975299999 -0.000159462819206 0.000196895742678 0.001396778035109
56 7 26.852993782099993 15.503580461900007 8.613540254699998 -0.000121805619159 0.001732445441633 0.000449253315425
64 7 28.771065656899999 16.610979775200004 11.745738510299995 0.000024978054015 0.000465951891832 -0.000091976257621
72 8 28.440454941300004 14.587074131700003 12.258844262099997 -0.002052340751725 0.000650653819638 -0.001656227527347
80 8 26.852999593099998 17.336616904300001 12.258847990200001 -0.000357645082905 -0.002155895903237 -0.001472923561538
88 8 28.440444445099999 16.420097738599999 9.666531706799999 -0.002047919492911 -0.001467626854773 0.001450313577100
96 8 25.265537252000023 14.587061761100006 12.258833442600000 0.001660268262550 0.001009825851560 -0.001234812809185
104 8 26.852990566300001 13.670551147500003 9.666525792999996 0.000271779973722 0.000844164089610 0.000554023589850
112 8 25.265535218199997 16.420093920100001 9.666529521300001 0.001783453261193 -0.001075019158813 0.001443106651363
120 8 25.265532498100001 11.990500490400001 11.232628962800000 0.001859902588816 -0.000756922953035 0.000658721769002
152 8 25.265533169500006 14.587055878400003 7.560546762400000 0.001946634759413 0.000171469465333 -0.001734929522777
