ITEM: TIMESTEP
0
ITEM: NUMBER OF ATOMS
176
ITEM: BOX BOUNDS xy xz yz pp pp pp
0.0000000000000000e+00 3.0689133480799999e+01 7.6722833701999980e+00
0.0000000000000000e+00 1.7718379476200003e+01 7.6722833702000024e+00
0.0000000000000000e+00 1.2528786279200000e+01 4.4295948690000015e+00
ITEM: ATOMS id type x y z fx fy fz
25 1 5.754204426199998 3.322205851300000 2.349145244699999 -0.000916801978729 -0.002195858788988 -0.000431762866536
137 8 5.423596982400004 5.727889427500000 1.296160360000000 0.003201951172442 0.002588115840806 0.000980510013059
161 8 3.836156472199998 2.214796731300001 1.566094450300000 0.000467809940641 0.000740251503484 0.000126844800070
169 8 5.423583997600000 3.131308597400002 4.968248379499999 -0.001126262597534 -0.000011802372578 0.001053074702571
1 1 7.672276926000002 4.429605525400001 5.481344520900000 0.000902057551688 -0.004614935806850 0.002177863723336
9 1 9.590357242299998 3.322200941900001 2.349140662099999 0.004224209675984 0.000332661187844 -0.000323886878365
41 7 11.508426617500000 4.429598811900002 5.481334835700000 0.002983102583698 0.001312727761456 -0.005467876075183
89 8 9.920970511600007 5.727872023000002 5.994440303000000 -0.001947110645976 0.003428843675588 -0.000982062645757
97 8 11.508423825899998 4.811361409400002 3.402132653400000 0.000522023260087 -0.009429681888695 0.005992089103612
113 8 9.920965757699999 3.131310752300001 4.968235823200000 -0.000093580674958 -0.001503970185595 0.001816064671009
129 8 7.672284708600001 4.429600636800002 3.132190496199999 -0.000769799497450 0.006678976869662 -0.001028465100831
145 8 9.920966429100000 5.727866140300000 1.296153622799999 -0.010810041077308 -0.000799850199003 -0.003899925404390
153 8 7.672288882800000 1.833036553300000 1.296161863300000 -0.000288638451511 -0.001188172307056 -0.001441566105652
162 8 11.508439842400000 2.214796731300001 1.566094450300000 -0.000985369245480 -0.001166046216938 -0.000375960277933
2 1 15.344560296200001 4.429605525400001 5.481344520900000 -0.001316424588367 0.000866719539706 -0.001144092021226
10 1 17.262640612500000 3.322200941900001 2.349140662099999 -0.001743835193879 0.000494592583673 -0.000040597206379
26 1 13.426487796400002 3.322205851300000 2.349145244699999 -0.001338613446587 0.004037049002319 -0.000361293468720
65 8 13.095888200900001 5.727884393600002 5.994451122499998 -0.001473148454692 -0.000473240167910 0.000223854978164
90 8 17.593253881800006 5.727872023000002 5.994440303000000 0.002679665780575 0.000894389947144 -0.001264375150116
114 8 17.593249127900009 3.131310752300001 4.968235823200000 0.002078965434891 -0.000496854236718 0.001143475935606
130 8 15.344568078800005 4.429600636800002 3.132190496199999 0.001513610764481 -0.001214978301307 0.000824542553279
138 8 13.095880352600009 5.727889427500000 1.296160360000000 0.015284598488985 -0.008930244419560 -0.014239444543103
146 8 17.593249799300011 5.727866140300000 1.296153622799999 0.004091445826823 0.001039478741864 -0.001009871836516
154 8 15.344572252999999 1.833036553300000 1.296161863300000 0.000817816393048 -0.002915049844647 -0.001440084459012
170 8 13.095867367800004 3.131308597400002 4.968248379499999 -0.001003060281644 -0.002356215263150 0.002268247057897
42 7 19.180709987699998 4.429598811900002 5.481334835700000 -0.002266368147906 -0.001061746517786 0.000601296814779
66 8 20.768171571100002 5.727884393600002 5.994451122499998 0.000421995767470 0.002589471933066 -0.002410193992147
98 8 19.180707196099995 4.811361409400002 3.402132653400000 0.000894030047698 0.002314252348660 0.001302012031189
3 1 11.508418611100000 11.073997829000001 5.481344520900000 0.002465746628486 -0.001226319934144 -0.000628409005949
17 1 7.672274418099999 6.644399077300000 2.349147298800000 -0.002946788217675 -0.007802521583900 -0.008921451850867
27 1 9.590346111300001 9.966598154900002 2.349145244699999 0.012375534362073 0.005023867910272 -0.004141049635084
33 7 9.590343793000001 7.751796947200008 5.481341472000000 0.017625750609825 0.000052339857165 0.003189684295290
49 7 11.508427041700001 6.644390723800001 2.349147115100000 0.029606405891470 -0.006923467906197 -0.010949031382696
73 8 11.508432852700000 8.477427166200002 5.994454850600000 -0.002861415782259 -0.000694450983358 0.003441880173987
105 8 9.930968477800000 7.560904182000002 3.402136381700000 -0.087304430612245 0.021111385060278 0.051741084291295
121 8 7.672273857400003 7.026163626600007 4.968234320200000 0.015551017844067 0.005352138676779 -0.013806187534559
131 8 11.508426393700001 11.073992940400007 3.132190496199999 -0.002703637972297 0.001269670871533 -0.000294750161237
155 8 11.508430567899998 8.477428856900005 1.296161863300000 0.002430179045620 0.008999959899162 -0.017047146517676
163 8 7.672298157300000 8.859189034900005 1.566094450300000 0.003985333305027 -0.006992857349253 0.006985697933691
171 8 9.259725682700001 9.775700901000002 4.968248379499999 -0.004060345374948 -0.008737176894678 -0.003461896238255
11 1 13.426498927399999 9.966593245500007 2.349140662099999 -0.002304787208343 -0.005441408229535 0.000285308538106
18 1 15.344557788300000 6.644399077300000 2.349147298800000 -0.005439794624176 0.000290445303772 -0.000027673071560
28 1 17.262629481500003 9.966598154900002 2.349145244699999 -0.001723473772297 -0.000508692810812 -0.000148250959394
34 7 17.262627163200005 7.751796947200008 5.481341472000000 -0.002697317547375 -0.000583018833651 -0.000563039227032
43 7 15.344568302600003 11.073991115500002 5.481334835700000 -0.001356420797499 -0.001119315443820 -0.000504039366707
57 7 13.426498916499998 7.751790037100004 5.481345370700000 -0.002737382593432 -0.000862673052157 -0.008369527076672
81 8 13.095877704700001 7.560908000500002 3.402138567200000 0.012472132408303 0.001892486738037 0.005711983453303
99 8 15.344565510999997 11.455753713000002 3.402132653400000 0.000595954436372 0.002488970968096 0.001659377848659
106 8 17.593251848000001 7.560904182000002 3.402136381700000 0.003765894984321 -0.000945516921004 0.001467400966592
115 8 13.757107442799997 9.775703055900001 4.968235823200000 0.002700589145651 0.001441862942659 0.002493874412074
122 8 15.344557227600001 7.026163626600007 4.968234320200000 0.003102492151392 0.001703196991356 0.002605227057656
164 8 15.344581527500001 8.859189034900005 1.566094450300000 0.001834887067694 0.001162053667665 -0.000702449173615
172 8 16.932009052900014 9.775700901000002 4.968248379499999 -0.000816838697623 -0.000840033230942 0.001377703227352
4 1 19.180701981300000 11.073997829000001 5.481344520900000 -0.000893868632986 0.000561347844190 0.000266953568322
12 1 21.098782297600000 9.966593245500007 2.349140662099999 -0.003340040602129 0.002912947344029 -0.000071622212017
44 7 23.016851672799998 11.073991115500002 5.481334835700000 -0.001975204133650 0.003733745775956 0.002279298040949
50 7 19.180710411899998 6.644390723800001 2.349147115100000 -0.005047310633499 -0.000219085888377 -0.000351234675181
58 7 21.098782286699997 7.751790037100004 5.481345370700000 -0.008927795735816 0.003224956326445 0.004018966316349
74 8 19.180716222899989 8.477427166200002 5.994454850600000 0.002677457690110 -0.002692452721613 -0.002154697522159
82 8 20.768161074900000 7.560908000500002 3.402138567200000 0.002686776174077 -0.001546417178730 0.001299515655091
100 8 23.016848881199998 11.455753713000002 3.402132653400000 0.000306308025130 -0.000138868044795 0.001938400393333
116 8 21.429390813000008 9.775703055900001 4.968235823200000 0.002655165790194 -0.002550877204268 0.000843251848332
132 8 19.180709763900005 11.073992940400007 3.132190496199999 0.001257891330400 -0.000779465475892 -0.000090272906801
156 8 19.180713938099998 8.477428856900005 1.296161863300000 0.001225677446865 -0.002053242724891 -0.000914583539992
19 1 11.508416103199997 13.288791380900006 2.349147298800000 0.000516338600921 -0.000693273602386 -0.000048007614146
123 8 11.508415542500002 13.670555930200003 4.968234320200000 0.000149185695283 0.001971900392692 0.001461020871951
139 8 9.259738667499999 12.372281731100001 1.296160360000000 -0.001539218546860 -0.000318506270087 -0.000893944987710
35 7 13.426485478100000 14.396189250800001 5.481341472000000 0.000433337572471 -0.001248105402673 0.000224103205920
51 7 15.344568726800000 13.288783027399999 2.349147115100000 -0.000174244202936 -0.000818209253965 0.000142248601024
59 7 17.262640601600001 14.396182340700005 5.481345370700000 0.000196927486696 0.000350977366454 -0.000210174492751
67 8 16.932029885999999 12.372276697200000 5.994451122499998 -0.001286715263383 0.000893679144809 -0.001320097496565
75 8 15.344574537799998 15.121819469800011 5.994454850600000 -0.000467011959455 -0.001327166867357 -0.001426593653959
83 8 16.932019389799994 14.205300304100005 3.402138567200000 -0.001684047481815 -0.000989865646244 0.001470150222361
91 8 13.757112196700003 12.372264326600002 5.994440303000000 0.001514988551197 0.001599861332098 -0.001221300998075
107 8 13.757110162900000 14.205296485600002 3.402136381700000 0.001551377956818 -0.000318034077353 0.001583609521654
140 8 16.932022037700008 12.372281731100001 1.296160360000000 -0.001267904548517 0.000833102255570 -0.001657278943706
147 8 13.757108114200003 12.372258443900009 1.296153622799999 0.001810954938966 0.001686751194385 -0.001366461546443
20 1 19.180699473400008 13.288791380900006 2.349147298800000 -0.000109155921030 0.001081059334831 -0.000119289784191
36 7 21.098768848300001 14.396189250800001 5.481341472000000 -0.000082690825806 0.001655394940349 -0.000457896027128
52 7 23.016852096999997 13.288783027399999 2.349147115100000 -0.000405344211800 0.002408047504278 -0.000230635073615
76 8 23.016857907999988 15.121819469800011 5.994454850600000 -0.000010778337355 -0.002379455911739 -0.001302674380531
92 8 21.429395566900006 12.372264326600002 5.994440303000000 0.002356582693559 -0.000102809844137 -0.001671178691544
108 8 21.429393533100004 14.205296485600002 3.402136381700000 0.001983262171768 -0.001986744641328 0.001732113933252
124 8 19.180698912699995 13.670555930200003 4.968234320200000 0.000229581290557 0.001443490702771 0.001504065281019
148 8 21.429391484400018 12.372258443900009 1.296153622799999 0.001922686143122 -0.000113053882630 -0.000793137121751
60 7 24.934923971800007 14.396182340700005 5.481345370700000 -0.000271393641990 0.001061620583873 0.000022596226112
68 8 24.604313256200001 12.372276697200000 5.994451122499998 -0.002493276565288 -0.000681667343080 -0.001927089881119
84 8 24.604302760000003 14.205300304100005 3.402138567200000 -0.001711325887019 -0.001356416898309 0.001430105171356
29 1 9.590346111300004 5.537003285800003 8.613538384300000 0.001066963585739 -0.000803321392028 0.000826138448423
157 8 11.508430567900000 4.047833987800002 7.560555002900000 -0.000454481448860 -0.001893830015369 -0.000575636522457
165 8 7.672298157300002 4.429594165800001 7.830487589900000 -0.000429798517410 0.000559732247568 -0.000972966013441
173 8 9.259725682700003 5.346106031900003 11.232641519100001 -0.001339019266380 -0.000974848376112 0.001238616669631
13 1 13.426498927400001 5.536998376400002 8.613533801700001 -0.000108952130108 0.000128683526337 -0.000998022590014
30 1 17.262629481500003 5.537003285800003 8.613538384300000 -0.000234364761533 -0.000054374964116 0.000003285330980
117 8 13.757107442800002 5.346108186800002 11.232628962800000 0.001482937445239 -0.000161857224723 0.001160214140767
166 8 15.344581527500001 4.429594165800001 7.830487589900000 0.000339395866764 -0.000158422935271 0.000465479393938
174 8 16.932009052900007 5.346106031900003 11.232641519100001 -0.001445873844709 -0.000888738499972 0.001288976652365
14 1 21.098782297600003 5.536998376400002 8.613533801700001 -0.000861822401559 -0.000294683217359 0.001048740496130
118 8 21.429390813000005 5.346108186800002 11.232628962800000 0.001038691096570 -0.000742079035528 0.000414472046855
158 8 19.180713938100002 4.047833987800002 7.560555002900000 0.000498963787250 -0.001436908743725 -0.001833912438965
5 1 11.508418611100007 6.644402959900002 11.745737660500000 -0.000154319244848 -0.000388811148990 -0.000340635309270
21 1 11.508416103199998 8.859196511800004 8.613540438400001 0.001162137976377 -0.000072527831794 -0.000806111079097
125 8 11.508415542500003 9.240961061100004 11.232627459799998 0.001129705781370 0.002076624706846 0.001975739031595
133 8 11.508426393700002 6.644398071300002 9.396583635799999 -0.000396322143359 -0.000108988475797 0.000229539551222
141 8 9.259738667500002 7.942686862000003 7.560553499600000 -0.000403875673632 0.000116368028584 -0.007485358018222
167 8 11.508439842400001 11.073986469400005 7.830487589900000 -0.000385441741479 0.000393466990072 0.000329375572992
37 7 13.426485478099996 9.966594381700006 11.745734611600000 -0.000454538356637 -0.001220241437825 -0.002907271915431
45 7 15.344568302600001 6.644396246400003 11.745727975299999 0.000236153618460 -0.000461540047174 -0.000267636018615
53 7 15.344568726799995 8.859188158300002 8.613540254699998 -0.000588206971350 -0.000250953347695 -0.000864585494790
61 7 17.262640601600001 9.966587471600000 11.745738510299995 0.003516386923974 -0.000020610111023 0.001010286588448
69 8 16.932029886000002 7.942681828100003 12.258844262099997 -0.002383426056142 0.000584479353764 -0.001580414273538
77 8 15.344574537800005 10.692224600700005 12.258847990200001 -0.001646287299237 -0.000695034044292 0.002110154690668
85 8 16.932019389799990 9.775705435000003 9.666531706799999 -0.001849913054271 -0.000959706389420 0.001319403167267
93 8 13.757112196700007 7.942669457500004 12.258833442600000 0.001494197948441 0.001810056682332 -0.000889200522011
101 8 15.344565511000003 7.026158843900003 9.666525792999996 0.000188005137576 0.001728403305830 0.001947185589806
109 8 13.757110162900005 9.775701616500001 9.666529521300001 0.001571690681127 -0.000567278082092 0.002677306786318
142 8 16.932022037700005 7.942686862000003 7.560553499600000 -0.001018482154001 0.000817876143016 -0.001485241559320
149 8 13.757108114200001 7.942663574800001 7.560546762400000 0.002319438473236 0.001354946660346 0.000854833701344
159 8 15.344572253000006 10.692226291400004 7.560555002900000 0.000102783854960 -0.001626379427289 -0.001225028653344
6 1 19.180701981300004 6.644402959900002 11.745737660500000 0.000179751643385 0.001081954475602 0.000697346093477
22 1 19.180699473400011 8.859196511800004 8.613540438400001 -0.000459932545456 0.000379565813674 0.001185530096372
38 7 21.098768848300008 9.966594381700006 11.745734611600000 -0.001463217380861 0.001690362260929 0.008917436131109
46 7 23.016851672800001 6.644396246400003 11.745727975299999 -0.001334099307025 0.000995076719179 0.001243774509205
54 7 23.016852096999990 8.859188158300002 8.613540254699998 -0.001096349145054 0.001553923945986 0.002886576907473
78 8 23.016857907999999 10.692224600700005 12.258847990200001 0.002010767195052 -0.001677383743927 -0.002972419712632
94 8 21.429395566900006 7.942669457500004 12.258833442600000 0.002265298504893 -0.001114109502351 -0.002822678601435
102 8 23.016848881199998 7.026158843900003 9.666525792999996 0.000123715279416 0.002060243504567 0.000578379295258
110 8 21.429393533100001 9.775701616500001 9.666529521300001 0.002650155795672 -0.001737597529157 -0.001182859920078
126 8 19.180698912700002 9.240961061100004 11.232627459799998 -0.000872106998019 0.001260286088435 0.000289917031263
134 8 19.180709763900005 6.644398071300002 9.396583635799999 0.000479933913673 -0.000329747639354 -0.000286445427627
150 8 21.429391484400004 7.942663574800001 7.560546762400000 0.002211531090361 0.000406657259946 -0.003589905597034
160 8 23.016855623200005 10.692226291400004 7.560555002900000 0.000283278456799 -0.002306261282128 -0.002801963892969
168 8 19.180723212599993 11.073986469400005 7.830487589900000 0.000045148918724 -0.000146330845941 -0.000497030124077
62 7 24.934923971800000 9.966587471600000 11.745738510299995 -0.002238542951851 0.000660538670297 0.000666847352819
70 8 24.604313256200005 7.942681828100003 12.258844262099997 -0.001212092335848 0.000564343511353 -0.001552514601426
86 8 24.604302759999996 9.775705435000003 9.666531706799999 -0.001936542038822 -0.001351773457888 0.000667862076115
7 1 15.344560296200003 13.288795263500004 11.745737660500000 0.001172177903531 0.000347295095478 -0.003790097472585
15 1 17.262640612500000 12.181390680000009 8.613533801700001 0.000145767686753 -0.000074302657584 0.000367479511781
23 1 15.344557788300000 15.503588815399999 8.613540438400001 0.000234808668111 -0.000474815803049 -0.000009347332100
31 1 13.426487796399995 12.181395589400003 8.613538384300000 0.000156000235296 -0.000233002347434 -0.000622403835938
39 7 17.262627163200005 16.610986685300006 11.745734611600000 0.001227712972808 -0.000354396648846 -0.000396961399834
95 8 17.593253881800010 14.587061761100006 12.258833442600000 -0.000488705187894 0.001985420151996 -0.000668155915691
111 8 17.593251848000001 16.420093920100001 9.666529521300001 0.001359989580665 -0.000737973077276 0.001625551530151
119 8 17.593249127900002 11.990500490400001 11.232628962800000 -0.000093924120498 -0.000971980596927 0.000966633526613
127 8 15.344557227600006 15.885353364700006 11.232627459799998 0.000157741418254 0.001203087611681 0.001669336742651
135 8 15.344568078800005 13.288790374900007 9.396583635799999 -0.000156474416180 0.000035331355755 0.000904509602683
143 8 13.095880352600002 14.587079165600008 7.560553499600000 -0.001531224204057 0.000985055081901 -0.001533485418726
151 8 17.593249799300004 14.587055878400003 7.560546762400000 0.001566120872929 0.000905693847961 -0.001391892912166
175 8 13.095867367800004 11.990498335500007 11.232641519100001 -0.001029523918864 -0.001030886656059 0.001984544190111
8 1 23.016843666400000 13.288795263500004 11.745737660500000 -0.001408235831051 -0.000727582794107 0.001248156667661
24 1 23.016841158500000 15.503588815399999 8.613540438400001 -0.000147110221380 0.000055483696654 0.000059959823590
32 1 21.098771166600002 12.181395589400003 8.613538384300000 -0.000251261346380 0.000243042116967 0.001325512512970
47 7 19.180709987699998 13.288788550000005 11.745727975299999 0.002203878010509 -0.002615373412178 0.007271674566266
55 7 19.180710411900002 15.503580461900007 8.613540254699998 0.000179094091575 0.000116635211716 0.000184142553814
63 7 21.098782286700004 16.610979775200004 11.745738510299995 -0.000288228301920 -0.000975798461727 0.000365968652810
71 8 20.768171571100002 14.587074131700003 12.258844262099997 -0.001238796694602 0.002236642440428 -0.002588472742533
79 8 19.180716222899996 17.336616904300001 12.258847990200001 -0.000619964756506 -0.001814364503335 -0.001371799703385
87 8 20.768161074900000 16.420097738599999 9.666531706799999 -0.001576154587456 -0.000874753902860 0.001288528248876
103 8 19.180707196099995 13.670551147500003 9.666525792999996 -0.000145970900481 0.002213413388466 -0.000327742905051
128 8 23.016840597800005 15.885353364700006 11.232627459799998 0.000745824708186 0.001979090223003 0.001209445287746
136 8 23.016851449000004 13.288790374900007 9.396583635799999 0.000356223813734 -0.000147310429826 -0.000429069684785
144 8 20.768163722800004 14.587079165600008 7.560553499600000 -0.001467306206621 0.000570908825565 -0.001675673550574
176 8 20.768150737999996 11.990498335500007 11.232641519100001 -0.001087957067493 -0.000572739282185 -0.000345231588057
16 1 24.934923982700003 12.181390680000009 8.613533801700001 -0.000046447642417 0.000391522738975 0.000430294202368
40 7 24.934910533400007 16.610986685300006 11.745734611600000 -0.000105009102719 -0.000163618604789 0.000058681262970
48 7 26.852993357900004 13.288788550000005 11.745727975299999 -0.001478756342148 0.000187531095634 -0.000657545959711
56 7 26.852993782099993 15.503580461900007 8.613540254699998 -0.000300801144653 0.000034181983945 0.000075715716537
64 7 28.771065656899999 16.610979775200004 11.745738510299995 -0.000368213357370 0.001247370879657 -0.000487653007343
72 8 28.440454941300004 14.587074131700003 12.258844262099997 -0.001079023217754 -0.000037204384087 -0.000486412115034
80 8 26.852999593099998 17.336616904300001 12.258847990200001 -0.000091828600949 -0.002222343277168 -0.001581220395995
88 8 28.440444445099999 16.420097738599999 9.666531706799999 -0.001585350932671 -0.000823298339942 0.001487121695957
96 8 25.265537252000023 14.587061761100006 12.258833442600000 0.002265603818708 0.001031070174155 -0.001463793395634
104 8 26.852990566300001 13.670551147500003 9.666525792999996 0.000127264296341 0.001725422130950 0.001853265150028
112 8 25.265535218199997 16.420093920100001 9.666529521300001 0.001823574823915 -0.000895651381075 0.001621318112507
120 8 25.265532498100001 11.990500490400001 11.232628962800000 0.002070756004738 -0.000468493742850 0.000978709594026
152 8 25.265533169500006 14.587055878400003 7.560546762400000 0.001814018475978 0.000767467811405 -0.001276135540068
