ITEM: TIMESTEP
0
ITEM: NUMBER OF ATOMS
176
ITEM: BOX BOUNDS xy xz yz pp pp pp
0.0000000000000000e+00 3.0689133480799999e+01 7.6722833701999980e+00
0.0000000000000000e+00 1.7718379476200003e+01 7.6722833702000024e+00
0.0000000000000000e+00 1.2528786279200000e+01 4.4295948690000015e+00
ITEM: ATOMS id type x y z fx fy fz
25 1 5.754204426199998 3.322205851300000 2.349145244699999 0.002617763911267 0.003564642438980 0.001364811952171
137 8 5.423596982400004 5.727889427500000 1.296160360000000 -0.003732815777535 -0.000825588626380 -0.004298033295588
161 8 3.836156472199998 2.214796731300001 1.566094450300000 -0.001017198450377 -0.000676122773662 -0.000556012536378
169 8 5.423583997600000 3.131308597400002 4.968248379499999 -0.001650578923664 -0.002204408346038 0.001775854310987
1 1 7.672276926000002 4.429605525400001 5.481344520900000 -0.007849099395321 0.000727892871209 -0.011414358938115
9 1 9.590357242299998 3.322200941900001 2.349140662099999 -0.003655898527736 0.002034213536682 0.000313917076393
41 7 11.508426617500000 4.429598811900002 5.481334835700000 0.003701115713879 -0.006152867277346 -0.002816750628261
89 8 9.920970511600007 5.727872023000002 5.994440303000000 -0.009118599057660 0.016055650472139 -0.003751443752188
97 8 11.508423825899998 4.811361409400002 3.402132653400000 0.000329136910659 0.002447582826127 0.003390393822237
113 8 9.920965757699999 3.131310752300001 4.968235823200000 0.003343100219499 0.000733648580930 0.002311518026812
129 8 7.672284708600001 4.429600636800002 3.132190496199999 0.001615123437188 -0.009345511631371 -0.001430817070654
145 8 9.920966429100000 5.727866140300000 1.296153622799999 0.005389107298769 0.000760024343200 -0.001533944429449
153 8 7.672288882800000 1.833036553300000 1.296161863300000 0.000198422069241 -0.002732434717381 -0.002022222462374
162 8 11.508439842400000 2.214796731300001 1.566094450300000 0.000577510462146 -0.000072929564099 -0.000131217067709
2 1 15.344560296200001 4.429605525400001 5.481344520900000 0.001501696133223 -0.000327071958715 -0.000299823680919
10 1 17.262640612500000 3.322200941900001 2.349140662099999 0.000891197798181 0.000724418689264 0.000461809579798
26 1 13.426487796400002 3.322205851300000 2.349145244699999 0.000224370360239 -0.000303114314606 -0.000291042941687
65 8 13.095888200900001 5.727884393600002 5.994451122499998 -0.003201423917730 0.001545102547808 -0.001470568115607
90 8 17.593253881800006 5.727872023000002 5.994440303000000 0.000295472239483 0.001102622058725 -0.000985400144682
114 8 17.593249127900009 3.131310752300001 4.968235823200000 0.000930445800645 -0.001743077119841 0.001437840595657
130 8 15.344568078800005 4.429600636800002 3.132190496199999 -0.000561138315021 0.000033568938971 0.000255848117440
138 8 13.095880352600009 5.727889427500000 1.296160360000000 -0.001652275846012 0.000971797397378 -0.001293101113516
146 8 17.593249799300011 5.727866140300000 1.296153622799999 -0.000473388140407 -0.000124637675487 -0.003104920271108
154 8 15.344572252999999 1.833036553300000 1.296161863300000 -0.000113450060637 -0.001824255550160 -0.002146279588998
170 8 13.095867367800004 3.131308597400002 4.968248379499999 -0.002996811002502 0.000502322184228 0.001892466132241
42 7 19.180709987699998 4.429598811900002 5.481334835700000 0.003410916323214 0.002620132839735 -0.000762710673611
66 8 20.768171571100002 5.727884393600002 5.994451122499998 -0.006543464675652 -0.003248574971831 0.005450632883891
98 8 19.180707196099995 4.811361409400002 3.402132653400000 -0.001018658255449 0.000400076739557 0.001952236092603
3 1 11.508418611100000 11.073997829000001 5.481344520900000 0.001995847565193 0.004027486398645 -0.000660852885441
17 1 7.672274418099999 6.644399077300000 2.349147298800000 -0.007912707330993 -0.002427090876878 0.006999283504476
27 1 9.590346111300001 9.966598154900002 2.349145244699999 -0.002179997578552 -0.001004573545593 -0.003645579202329
33 7 9.590343793000001 7.751796947200008 5.481341472000000 -0.024496415535298 -0.009635542864406 -0.017700967542530
49 7 11.508427041700001 6.644390723800001 2.349147115100000 -0.001174669917838 -0.001489587553100 -0.003308052990087
73 8 11.508432852700000 8.477427166200002 5.994454850600000 -0.020856775279907 -0.008713423879776 -0.006229652469183
105 8 9.920968477800001 7.560904182000002 3.402136381700000 0.005116066730914 0.001881945125952 0.013213529885558
121 8 7.667273857399953 7.023276875254083 4.960069354390743 0.089729473154360 0.016507641124085 0.043539577810011
131 8 11.508426393700001 11.073992940400007 3.132190496199999 -0.000215357756310 -0.000695773008532 0.001427637426163
155 8 11.508430567899998 8.477428856900005 1.296161863300000 0.000178163304640 -0.001824842427479 -0.000846845442581
163 8 7.672298157300000 8.859189034900005 1.566094450300000 0.001284023884285 0.006235336798001 -0.002579883813186
171 8 9.259725682700001 9.775700901000002 4.968248379499999 -0.000847053557107 -0.011032131262888 0.004899677586672
11 1 13.426498927399999 9.966593245500007 2.349140662099999 0.000629932230181 0.000201664674109 -0.001017192846409
18 1 15.344557788300000 6.644399077300000 2.349147298800000 0.001463556692648 -0.000076622783324 -0.000227184634801
28 1 17.262629481500003 9.966598154900002 2.349145244699999 0.001457178865253 -0.000958878566245 0.000150748278065
34 7 17.262627163200005 7.751796947200008 5.481341472000000 0.003527569198223 -0.000051457575999 -0.000818438818519
43 7 15.344568302600003 11.073991115500002 5.481334835700000 0.001535546100498 0.000557670420900 -0.000144983047484
57 7 13.426498916499998 7.751790037100004 5.481345370700000 0.008314687484079 -0.002043522927630 -0.002397038924787
81 8 13.095877704700001 7.560908000500002 3.402138567200000 -0.002036093573700 -0.000600290399857 0.002947845651382
99 8 15.344565510999997 11.455753713000002 3.402132653400000 -0.000299215929300 0.000996131908549 0.001506957942879
106 8 17.593251848000001 7.560904182000002 3.402136381700000 -0.000750018264291 -0.000411371173281 0.002166116341974
115 8 13.757107442799997 9.775703055900001 4.968235823200000 -0.000202910181878 -0.002199272662031 0.002245544437562
122 8 15.344557227600001 7.026163626600007 4.968234320200000 -0.002795455336028 0.002174845235506 0.001847539292600
164 8 15.344581527500001 8.859189034900005 1.566094450300000 -0.000732367395093 0.000149954429219 0.000082901389881
172 8 16.932009052900014 9.775700901000002 4.968248379499999 -0.002462162060098 -0.000288258570699 0.001351954586846
4 1 19.180701981300000 11.073997829000001 5.481344520900000 -0.000107333353684 -0.001200414198475 -0.000723055278536
12 1 21.098782297600000 9.966593245500007 2.349140662099999 -0.000027713706197 -0.005198036164430 0.000684148725919
44 7 23.016851672799998 11.073991115500002 5.481334835700000 -0.005916652370882 0.004348683690722 -0.000886533671969
50 7 19.180710411899998 6.644390723800001 2.349147115100000 0.008411215405592 0.003408204019668 0.004298530598035
58 7 21.098782286699997 7.751790037100004 5.481345370700000 -0.005338822643461 -0.006989677583125 -0.015865823181136
74 8 19.180716222899989 8.477427166200002 5.994454850600000 -0.006406970555756 0.000000091995968 -0.000078765026239
82 8 20.768161074900000 7.560908000500002 3.402138567200000 -0.020887647963874 0.004262794285490 -0.007972825932127
100 8 23.016848881199998 11.455753713000002 3.402132653400000 0.001140529208907 0.001895596402527 0.003114266405550
116 8 21.429390813000008 9.775703055900001 4.968235823200000 0.003928079584733 0.003251023284236 0.003266931650080
132 8 19.180709763900005 11.073992940400007 3.132190496199999 -0.000533429073957 0.000855252799778 0.000376220050229
156 8 19.180713938099998 8.477428856900005 1.296161863300000 -0.001412853577493 -0.000535253363174 -0.003875575267320
19 1 11.508416103199997 13.288791380900006 2.349147298800000 0.000444568645112 0.000996706363085 -0.000412145813077
123 8 11.508415542500002 13.670555930200003 4.968234320200000 -0.000206087224635 0.000933245296066 0.001639225249470
139 8 9.259738667499999 12.372281731100001 1.296160360000000 -0.001540478939639 0.000878411147553 -0.001570042658554
35 7 13.426485478100000 14.396189250800001 5.481341472000000 0.000660171288616 0.002150797202913 -0.000537276531668
51 7 15.344568726800000 13.288783027399999 2.349147115100000 -0.000112386489222 0.001079885567616 -0.000066091862801
59 7 17.262640601600001 14.396182340700005 5.481345370700000 -0.000856902907892 0.000113675292656 -0.000335535710662
67 8 16.932029885999999 12.372276697200000 5.994451122499998 -0.001749391941790 0.000817337285294 -0.001116708901535
75 8 15.344574537799998 15.121819469800011 5.994454850600000 -0.000047577149859 -0.002945059150117 -0.001251499219712
83 8 16.932019389799994 14.205300304100005 3.402138567200000 -0.001442793687197 -0.001018899591717 0.001872098895276
91 8 13.757112196700003 12.372264326600002 5.994440303000000 0.000844755680295 0.000080889680208 -0.001141986030274
107 8 13.757110162900000 14.205296485600002 3.402136381700000 0.001529728092468 -0.001499042896911 0.001890363346557
140 8 16.932022037700008 12.372281731100001 1.296160360000000 -0.001556597567684 0.000739681997601 -0.001740332510116
147 8 13.757108114200003 12.372258443900009 1.296153622799999 0.001491655934371 0.000607705426140 -0.001370690054537
20 1 19.180699473400008 13.288791380900006 2.349147298800000 -0.000123713196579 -0.000454707084686 -0.000006330439505
36 7 21.098768848300001 14.396189250800001 5.481341472000000 0.000249531996998 -0.000193268912764 -0.000259624519769
52 7 23.016852096999997 13.288783027399999 2.349147115100000 -0.000435884246385 0.000435966116359 -0.000370233829454
76 8 23.016857907999988 15.121819469800011 5.994454850600000 -0.000465195277154 -0.002075749880646 -0.001392663565577
92 8 21.429395566900006 12.372264326600002 5.994440303000000 0.002534862145422 0.000836520057116 -0.001159361776077
108 8 21.429393533100004 14.205296485600002 3.402136381700000 0.001631042098283 -0.000781608858527 0.001764311270724
124 8 19.180698912699995 13.670555930200003 4.968234320200000 0.000433972686446 0.002173714497557 0.001625192553678
148 8 21.429391484400018 12.372258443900009 1.296153622799999 0.001990343912291 0.001618408170184 -0.001548006441555
60 7 24.934923971800007 14.396182340700005 5.481345370700000 0.000117377037973 0.002076322004910 -0.000370683855317
68 8 24.604313256200001 12.372276697200000 5.994451122499998 -0.001642422452745 -0.000946636425985 -0.001440025521158
84 8 24.604302760000003 14.205300304100005 3.402138567200000 -0.001675707853778 -0.001255382304313 0.001606732017103
29 1 9.590346111300004 5.537003285800003 8.613538384300000 -0.000089440645958 -0.004115274948170 0.004120976402403
157 8 11.508430567900000 4.047833987800002 7.560555002900000 -0.000759089454190 -0.000026091163627 -0.002626321115806
165 8 7.672298157300002 4.429594165800001 7.830487589900000 0.001278627906467 0.001689034872998 0.001557128261850
173 8 9.259725682700003 5.346106031900003 11.232641519100001 -0.001594222622174 -0.000488613545598 0.000593390767406
13 1 13.426498927400001 5.536998376400002 8.613533801700001 0.001425166868121 -0.000892505359381 0.000919923788822
30 1 17.262629481500003 5.537003285800003 8.613538384300000 0.000655582093665 -0.000148867864558 -0.000598099555906
117 8 13.757107442800002 5.346108186800002 11.232628962800000 0.001416036852076 -0.001009569727384 0.000808530738682
166 8 15.344581527500001 4.429594165800001 7.830487589900000 -0.000728984720441 0.000343018153206 -0.000000799264125
174 8 16.932009052900007 5.346106031900003 11.232641519100001 -0.001435193371463 -0.001133253809747 0.001089091488478
14 1 21.098782297600003 5.536998376400002 8.613533801700001 -0.002116708988518 -0.001463996575230 -0.001211744921249
118 8 21.429390813000005 5.346108186800002 11.232628962800000 0.002085580014289 -0.000402228356534 0.001249009493369
158 8 19.180713938100002 4.047833987800002 7.560555002900000 -0.000466481511120 -0.002444172193352 -0.000413178797275
5 1 11.508418611100007 6.644402959900002 11.745737660500000 0.000849112628720 0.000173758415557 0.001752521756377
21 1 11.508416103199998 8.859196511800004 8.613540438400001 0.003141982214842 0.001848506850259 0.004394317801051
125 8 11.508415542500003 9.240961061100004 11.232627459799998 -0.000975341627379 0.001349332021134 -0.000180838310075
133 8 11.508426393700002 6.644398071300002 9.396583635799999 -0.001191148250842 0.000575208560060 -0.001787937268458
141 8 9.259738667500002 7.942686862000003 7.560553499600000 -0.003639449705355 -0.002215256246183 -0.014476435373468
167 8 11.508439842400001 11.073986469400005 7.830487589900000 -0.000492815368140 -0.001372670296706 -0.000736523171151
37 7 13.426485478099996 9.966594381700006 11.745734611600000 0.002211449899578 0.001310267461160 0.004438693193246
45 7 15.344568302600001 6.644396246400003 11.745727975299999 -0.000152546098502 0.001033644445353 0.001298885498488
53 7 15.344568726799995 8.859188158300002 8.613540254699998 0.001574975016470 0.000534571649898 0.001225756408710
61 7 17.262640601600001 9.966587471600000 11.745738510299995 -0.002412294876990 0.000987394000314 0.002208614337043
69 8 16.932029886000002 7.942681828100003 12.258844262099997 -0.001488087841948 0.000360235975490 -0.001675543589277
77 8 15.344574537800005 10.692224600700005 12.258847990200001 -0.000045817657702 -0.003074568973859 -0.006911777179611
85 8 16.932019389799990 9.775705435000003 9.666531706799999 -0.001366674332296 -0.000924946301558 0.000474707507213
93 8 13.757112196700007 7.942669457500004 12.258833442600000 0.001446235507464 0.000453262735811 -0.002089213195330
101 8 15.344565511000003 7.026158843900003 9.666525792999996 -0.000313553122084 0.001233280258835 0.000623162885035
109 8 13.757110162900005 9.775701616500001 9.666529521300001 0.000596896789817 -0.001319342897266 -0.000424438661570
142 8 16.932022037700005 7.942686862000003 7.560553499600000 -0.002264400825512 0.000865995266480 -0.000929670581342
149 8 13.757108114200001 7.942663574800001 7.560546762400000 -0.000443043028756 0.001161967193892 -0.002868650160983
159 8 15.344572253000006 10.692226291400004 7.560555002900000 -0.000408604361926 -0.001980653879425 -0.001864946684701
6 1 19.180701981300004 6.644402959900002 11.745737660500000 -0.000444736130029 0.000071581209823 0.000251732417436
22 1 19.180699473400011 8.859196511800004 8.613540438400001 -0.001345134423709 0.000051584417466 -0.000513682193022
38 7 21.098768848300008 9.966594381700006 11.745734611600000 -0.000335250751012 0.000135294021459 0.001017799531715
46 7 23.016851672800001 6.644396246400003 11.745727975299999 -0.000474802277975 -0.000223888520654 0.002042884778244
54 7 23.016852096999990 8.859188158300002 8.613540254699998 -0.005851852679947 0.004664214196478 0.006620281296233
78 8 23.016857907999999 10.692224600700005 12.258847990200001 -0.000468031956513 -0.002082827373188 -0.001905253309420
94 8 21.429395566900006 7.942669457500004 12.258833442600000 0.001924547285184 0.001043369054501 -0.001590531960744
102 8 23.016848881199998 7.026158843900003 9.666525792999996 0.001134020403579 0.002773788585228 -0.000151549785385
110 8 21.429393533100001 9.775701616500001 9.666529521300001 0.003066790280476 -0.001567765761652 0.000328066975520
126 8 19.180698912700002 9.240961061100004 11.232627459799998 0.001204407915488 0.001750315299054 0.000995194108852
134 8 19.180709763900005 6.644398071300002 9.396583635799999 0.000448901288998 0.000099649761702 0.000019873103441
150 8 21.429391484400004 7.942663574800001 7.560546762400000 0.006695738933049 0.001064702884650 -0.000345988930863
160 8 23.016855623200005 10.692226291400004 7.560555002900000 0.000813207609764 -0.003217899063642 -0.001583556895803
168 8 19.180723212599993 11.073986469400005 7.830487589900000 0.000076130328729 0.000465357829666 0.000566713206094
62 7 24.934923971800000 9.966587471600000 11.745738510299995 0.000705491849381 0.000953471998550 0.002962838290777
70 8 24.604313256200005 7.942681828100003 12.258844262099997 -0.002101808116597 0.000495422039619 -0.002028556034330
86 8 24.604302759999996 9.775705435000003 9.666531706799999 -0.002052931408071 -0.002305936798863 -0.001046345242966
7 1 15.344560296200003 13.288795263500004 11.745737660500000 -0.000298880751524 -0.001515021099529 0.002051132236400
15 1 17.262640612500000 12.181390680000009 8.613533801700001 -0.000490644259912 -0.000375277777183 0.000283737201412
23 1 15.344557788300000 15.503588815399999 8.613540438400001 -0.000336663908142 -0.000697722714838 -0.000245008850609
31 1 13.426487796399995 12.181395589400003 8.613538384300000 0.001180553926356 0.000635245699873 0.000977844781280
39 7 17.262627163200005 16.610986685300006 11.745734611600000 -0.000040388311924 -0.000696125434231 0.000692186034970
95 8 17.593253881800010 14.587061761100006 12.258833442600000 0.001960910579552 0.001719258438042 -0.001148213615647
111 8 17.593251848000001 16.420093920100001 9.666529521300001 0.001614456600188 0.000057805729012 0.001187943353166
119 8 17.593249127900002 11.990500490400001 11.232628962800000 0.002473947955481 -0.000508980754121 0.000959089011185
127 8 15.344557227600006 15.885353364700006 11.232627459799998 0.000355726723045 0.002402808655981 0.001202928116345
135 8 15.344568078800005 13.288790374900007 9.396583635799999 -0.000029318497140 0.000170545033301 -0.000831121297267
143 8 13.095880352600002 14.587079165600008 7.560553499600000 -0.001677551626698 0.000523038678617 -0.001427562044835
151 8 17.593249799300004 14.587055878400003 7.560546762400000 0.002012168558102 0.001102309084922 -0.001290787572987
175 8 13.095867367800004 11.990498335500007 11.232641519100001 -0.002096448520617 -0.000643613036848 0.000483462546034
8 1 23.016843666400000 13.288795263500004 11.745737660500000 0.000343947579866 -0.000032478790681 0.000262433899851
24 1 23.016841158500000 15.503588815399999 8.613540438400001 0.000298395430844 0.000021613201245 -0.000004046511353
32 1 21.098771166600002 12.181395589400003 8.613538384300000 -0.000444728632053 0.000294466654257 0.000082067865636
47 7 19.180709987699998 13.288788550000005 11.745727975299999 -0.000920046036772 -0.000391307911990 -0.000185233053018
55 7 19.180710411900002 15.503580461900007 8.613540254699998 -0.000115517947083 -0.001346891580869 0.000528210235670
63 7 21.098782286700004 16.610979775200004 11.745738510299995 0.000210397885525 0.000516233606013 0.000539381356612
71 8 20.768171571100002 14.587074131700003 12.258844262099997 -0.001592156907302 0.000840990555353 -0.001092299752416
79 8 19.180716222899996 17.336616904300001 12.258847990200001 -0.000458087172711 -0.001884020398344 -0.001638281493553
87 8 20.768161074900000 16.420097738599999 9.666531706799999 -0.001764054813466 -0.000468156751808 0.001081059084164
103 8 19.180707196099995 13.670551147500003 9.666525792999996 0.000273840000726 0.001035375668730 0.000581858939355
128 8 23.016840597800005 15.885353364700006 11.232627459799998 0.000164207122239 0.001831933633529 0.001298326508425
136 8 23.016851449000004 13.288790374900007 9.396583635799999 0.000090962716169 -0.000590910422957 -0.000328310791557
144 8 20.768163722800004 14.587079165600008 7.560553499600000 -0.001710941722864 0.000857195113181 -0.001666488251947
176 8 20.768150737999996 11.990498335500007 11.232641519100001 -0.001369777323625 -0.001201887414796 0.001050428704983
16 1 24.934923982700003 12.181390680000009 8.613533801700001 -0.000155272398826 0.001585920146407 0.001031956140691
40 7 24.934910533400007 16.610986685300006 11.745734611600000 0.000272513632386 -0.000012633211016 0.000344104690544
48 7 26.852993357900004 13.288788550000005 11.745727975299999 0.000927062464428 -0.000559441234536 0.002006130681792
56 7 26.852993782099993 15.503580461900007 8.613540254699998 0.000202116504749 0.000687009402950 -0.000359427791550
64 7 28.771065656899999 16.610979775200004 11.745738510299995 -0.000334171292306 -0.000751333729132 0.000480309841616
72 8 28.440454941300004 14.587074131700003 12.258844262099997 -0.001921258921728 0.001472474850829 -0.001921037237014
80 8 26.852999593099998 17.336616904300001 12.258847990200001 -0.000207328122758 -0.001775769239688 -0.001562796202642
88 8 28.440444445099999 16.420097738599999 9.666531706799999 -0.001451779850799 -0.000640046370465 0.001420014090667
96 8 25.265537252000023 14.587061761100006 12.258833442600000 0.001085991975693 0.001474792824216 -0.001525629704670
104 8 26.852990566300001 13.670551147500003 9.666525792999996 -0.000232364548245 0.001057166147888 0.000628359809991
112 8 25.265535218199997 16.420093920100001 9.666529521300001 0.001395531312736 -0.000797060738843 0.001608451578746
120 8 25.265532498100001 11.990500490400001 11.232628962800000 0.001281759897964 -0.001311708063329 0.000549321936771
152 8 25.265533169500006 14.587055878400003 7.560546762400000 0.001577759785971 0.000445989904749 -0.001450532888926
