ITEM: TIMESTEP
0
ITEM: NUMBER OF ATOMS
176
ITEM: BOX BOUNDS xy xz yz pp pp pp
0.0000000000000000e+00 3.0689133480799999e+01 7.6722833701999980e+00
0.0000000000000000e+00 1.7718379476200003e+01 7.6722833702000024e+00
0.0000000000000000e+00 1.2528786279200000e+01 4.4295948690000015e+00
ITEM: ATOMS id type x y z fx fy fz
25 1 5.754204426199998 3.322205851300000 2.349145244699999 0.002741756446322 0.000240506149831 -0.000307959056878
137 8 5.423596982400004 5.727889427500000 1.296160360000000 -0.002443876000404 0.001177964538886 -0.001520046331182
161 8 3.836156472199998 2.214796731300001 1.566094450300000 -0.000968722886982 -0.000211932029307 -0.000216185732652
169 8 5.423583997600000 3.131308597400002 4.968248379499999 -0.001832221013040 -0.000561026676854 0.001973732851799
1 1 7.672276926000002 4.429605525400001 5.481344520900000 -0.002305182214166 -0.001076840865658 -0.003666907214011
9 1 9.590357242299998 3.322200941900001 2.349140662099999 0.006973898074932 0.006363276183177 -0.005224453787259
41 7 11.508426617500000 4.429598811900002 5.481334835700000 -0.009096247152980 -0.000461193897635 -0.030374745452128
89 8 9.920970511600007 5.727872023000002 5.994440303000000 0.010395318505904 -0.004450753330636 -0.004304531268512
97 8 11.503423825899951 4.808474658054083 3.393967687590743 0.026003104778398 -0.020306200304498 0.095588319218056
113 8 9.920965757699999 3.131310752300001 4.968235823200000 0.009724282616995 0.004495348450890 0.009437504486338
129 8 7.672284708600001 4.429600636800002 3.132190496199999 -0.005681567671426 0.002053853371726 0.003259507143051
145 8 9.920966429100000 5.727866140300000 1.296153622799999 -0.008971386511110 0.011143678244575 -0.017789007868537
153 8 7.672288882800000 1.833036553300000 1.296161863300000 -0.003824463823366 -0.005289280127999 -0.003817428201341
162 8 11.508439842400000 2.214796731300001 1.566094450300000 0.004035680144542 -0.007788017228832 -0.003559280487944
2 1 15.344560296200001 4.429605525400001 5.481344520900000 0.005832189185521 -0.000696463507743 -0.000837542744163
10 1 17.262640612500000 3.322200941900001 2.349140662099999 0.000060280984299 -0.000272902412973 -0.000638277056062
26 1 13.426487796400002 3.322205851300000 2.349145244699999 -0.009547693261151 -0.000252883203983 -0.009903844648626
65 8 13.095888200900001 5.727884393600002 5.994451122499998 -0.010541094687708 -0.006207109347386 -0.008815661815318
90 8 17.593253881800006 5.727872023000002 5.994440303000000 0.000792022594691 0.000979410189167 -0.001379877253864
114 8 17.593249127900009 3.131310752300001 4.968235823200000 0.000958630757711 -0.000367915123168 0.001710099622379
130 8 15.344568078800005 4.429600636800002 3.132190496199999 0.000321040831816 0.000976311975750 0.002491023377286
138 8 13.095880352600009 5.727889427500000 1.296160360000000 0.006300679268563 0.004174360274387 -0.005062309845446
146 8 17.593249799300011 5.727866140300000 1.296153622799999 0.001528560900289 0.001081541164017 -0.001099992433688
154 8 15.344572252999999 1.833036553300000 1.296161863300000 0.000722397962487 -0.002533676375654 -0.001871079583896
170 8 13.095867367800004 3.131308597400002 4.968248379499999 -0.012235010457526 0.014166402298990 -0.001182253892043
42 7 19.180709987699998 4.429598811900002 5.481334835700000 0.000760602877988 0.000049486133858 -0.000061924371271
66 8 20.768171571100002 5.727884393600002 5.994451122499998 -0.001789143514629 0.000727612584207 -0.001341310296975
98 8 19.180707196099995 4.811361409400002 3.402132653400000 -0.000421396382980 0.001932959468885 0.001854387232181
3 1 11.508418611100000 11.073997829000001 5.481344520900000 -0.000011588141378 0.000544541214316 -0.000395168228959
17 1 7.672274418099999 6.644399077300000 2.349147298800000 0.003586572509762 -0.003306944456728 -0.002197750583193
27 1 9.590346111300001 9.966598154900002 2.349145244699999 0.000295010627756 -0.000968122184077 -0.000927978782466
33 7 9.590343793000001 7.751796947200008 5.481341472000000 -0.003195728375700 0.005636166278225 -0.003007939191431
49 7 11.508427041700001 6.644390723800001 2.349147115100000 -0.008940947636788 -0.009069078525498 -0.012939093078132
73 8 11.508432852700000 8.477427166200002 5.994454850600000 0.000582233231165 -0.003318110437622 -0.001404049414424
105 8 9.920968477800001 7.560904182000002 3.402136381700000 0.000796206965200 0.001489865703407 0.005837394892418
121 8 7.672273857400003 7.026163626600007 4.968234320200000 0.001405947286327 0.002070047549256 0.002880569479120
131 8 11.508426393700001 11.073992940400007 3.132190496199999 0.000218900369394 0.000387853879284 0.000602221702231
155 8 11.508430567899998 8.477428856900005 1.296161863300000 -0.000020465391913 0.003654133249953 -0.005284132033396
163 8 7.672298157300000 8.859189034900005 1.566094450300000 -0.000378229817689 0.001104738119388 0.000097442083981
171 8 9.259725682700001 9.775700901000002 4.968248379499999 -0.001331664885129 -0.001486163248709 0.002022510045028
11 1 13.426498927399999 9.966593245500007 2.349140662099999 -0.000591709781403 0.000682237277208 -0.001198023317951
18 1 15.344557788300000 6.644399077300000 2.349147298800000 -0.000117226875577 -0.000505217224491 -0.002775152093818
28 1 17.262629481500003 9.966598154900002 2.349145244699999 0.000356543078175 0.000534197378291 -0.000278926956164
34 7 17.262627163200005 7.751796947200008 5.481341472000000 0.001836004279500 0.000827121536746 0.000256233626379
43 7 15.344568302600003 11.073991115500002 5.481334835700000 0.000546441560258 0.000927476661345 0.000197794999146
57 7 13.426498916499998 7.751790037100004 5.481345370700000 0.002702087663381 0.009602822350543 -0.000349819495116
81 8 13.095877704700001 7.560908000500002 3.402138567200000 -0.000826429861152 -0.003279160387288 0.005882406279905
99 8 15.344565510999997 11.455753713000002 3.402132653400000 -0.000214311676508 0.000910037038851 0.002170469444305
106 8 17.593251848000001 7.560904182000002 3.402136381700000 0.001257790731267 -0.000833077185746 0.001938235547294
115 8 13.757107442799997 9.775703055900001 4.968235823200000 0.001195059455493 -0.002695483609157 0.001842993402800
122 8 15.344557227600001 7.026163626600007 4.968234320200000 -0.001767561770816 0.001119742907922 0.002200656036874
164 8 15.344581527500001 8.859189034900005 1.566094450300000 -0.000232965758967 -0.000134114442827 0.000424522886702
172 8 16.932009052900014 9.775700901000002 4.968248379499999 -0.001803148359725 -0.001199144885126 0.001478004682243
4 1 19.180701981300000 11.073997829000001 5.481344520900000 0.000028792064573 -0.000416038588787 -0.000254934715492
12 1 21.098782297600000 9.966593245500007 2.349140662099999 0.000114843671778 -0.000121315611808 -0.000270284638689
44 7 23.016851672799998 11.073991115500002 5.481334835700000 -0.000306870711846 -0.000231368819081 0.000094570548378
50 7 19.180710411899998 6.644390723800001 2.349147115100000 0.000803963801282 -0.000094227170182 -0.000463187132118
58 7 21.098782286699997 7.751790037100004 5.481345370700000 -0.000564376319146 0.000361774198604 -0.000251096155928
74 8 19.180716222899989 8.477427166200002 5.994454850600000 -0.000681870229722 -0.002119313076290 -0.001691283026278
82 8 20.768161074900000 7.560908000500002 3.402138567200000 -0.002127520035008 -0.000759937910733 0.001900793365595
100 8 23.016848881199998 11.455753713000002 3.402132653400000 0.000055652938993 0.001934082520589 0.001951024419463
116 8 21.429390813000008 9.775703055900001 4.968235823200000 0.001913857572637 -0.000665400492004 0.001520054709161
132 8 19.180709763900005 11.073992940400007 3.132190496199999 -0.000040183586522 -0.000589488677108 0.000525212460410
156 8 19.180713938099998 8.477428856900005 1.296161863300000 -0.000206886465602 -0.001808630929197 -0.001554034107734
19 1 11.508416103199997 13.288791380900006 2.349147298800000 0.000475258921717 -0.000013267254156 -0.000435750440360
123 8 11.508415542500002 13.670555930200003 4.968234320200000 -0.000165077063204 0.000803153975699 0.000923268949378
139 8 9.259738667499999 12.372281731100001 1.296160360000000 -0.001408901828748 0.001021145044158 -0.001420425551247
35 7 13.426485478100000 14.396189250800001 5.481341472000000 0.000113495103349 -0.000077772997734 -0.000928902879741
51 7 15.344568726800000 13.288783027399999 2.349147115100000 0.001211263066834 0.003079462354878 -0.000764200052503
59 7 17.262640601600001 14.396182340700005 5.481345370700000 -0.001851406172611 -0.001880271768475 -0.002741298865015
67 8 16.932029885999999 12.372276697200000 5.994451122499998 -0.001616945925040 0.000984958224779 -0.001296240773896
75 8 15.344574537799998 15.121819469800011 5.994454850600000 0.000379422911848 -0.001675521410867 -0.001020319435326
83 8 16.932019389799994 14.205300304100005 3.402138567200000 -0.001620482282590 -0.003287867945468 0.004275930447004
91 8 13.757112196700003 12.372264326600002 5.994440303000000 0.001576997540842 0.000589773716943 -0.001380521353892
107 8 13.757110162900000 14.205296485600002 3.402136381700000 0.001082689000918 -0.001265142303731 0.002108375842702
140 8 16.932022037700008 12.372281731100001 1.296160360000000 -0.001601284137255 0.000302127944330 -0.001608813214182
147 8 13.757108114200003 12.372258443900009 1.296153622799999 0.000921217035701 0.000396849705465 -0.001479908655419
20 1 19.180699473400008 13.288791380900006 2.349147298800000 -0.000891189736609 0.003434759917394 -0.001874271464352
36 7 21.098768848300001 14.396189250800001 5.481341472000000 0.001291279242763 -0.007827464231948 -0.000749015339354
52 7 23.016852096999997 13.288783027399999 2.349147115100000 -0.000361586057657 0.000399657630143 -0.000754163653397
76 8 23.016857907999988 15.121819469800011 5.994454850600000 -0.002112038179555 -0.000774062939882 -0.001530775698941
92 8 21.429395566900006 12.372264326600002 5.994440303000000 0.001280627502801 0.003062198854384 -0.001624915229788
108 8 21.429393533100004 14.205296485600002 3.402136381700000 0.001469512165390 -0.000300996194849 0.003854631201268
124 8 19.180698912699995 13.670555930200003 4.968234320200000 0.001312779344999 0.003036689985566 0.002570368019269
148 8 21.429391484400018 12.372258443900009 1.296153622799999 0.002116419566874 0.001036892338600 -0.001120554550679
60 7 24.934923971800007 14.396182340700005 5.481345370700000 0.001198554984307 -0.000588270223030 -0.000530497812686
68 8 24.604313256200001 12.372276697200000 5.994451122499998 -0.001855648704059 0.000766402269878 -0.001522631707663
84 8 24.604302760000003 14.205300304100005 3.402138567200000 -0.001619549109980 -0.000995348764593 0.001761056708095
29 1 9.590346111300004 5.537003285800003 8.613538384300000 -0.002672529668349 0.001332209504054 0.003274386497758
157 8 11.508430567900000 4.047833987800002 7.560555002900000 -0.000011805370443 0.003288152940525 -0.023239995790069
165 8 7.672298157300002 4.429594165800001 7.830487589900000 0.001375728484701 0.000382745610685 -0.000023543384790
173 8 9.259725682700003 5.346106031900003 11.232641519100001 -0.000881224183589 -0.001005951047788 0.000292180831689
13 1 13.426498927400001 5.536998376400002 8.613533801700001 0.002378181703677 0.001603199611968 0.004948758048018
30 1 17.262629481500003 5.537003285800003 8.613538384300000 0.001522941779126 0.000562798463964 0.001325924463230
117 8 13.757107442800002 5.346108186800002 11.232628962800000 0.000437219272489 -0.001458604073283 -0.000307383189228
166 8 15.344581527500001 4.429594165800001 7.830487589900000 -0.001983582955966 0.000277582411462 -0.001292987585246
174 8 16.932009052900007 5.346106031900003 11.232641519100001 -0.001869620657335 -0.001551460529798 0.000643072240732
14 1 21.098782297600003 5.536998376400002 8.613533801700001 -0.001054465126646 0.000326888086555 0.000742644638837
118 8 21.429390813000005 5.346108186800002 11.232628962800000 0.002430995293352 -0.001025767856393 0.001141141606830
158 8 19.180713938100002 4.047833987800002 7.560555002900000 -0.000206023368751 -0.001771602663756 -0.001834979419746
5 1 11.508418611100007 6.644402959900002 11.745737660500000 0.000523054855860 0.000255653101212 0.001391082602025
21 1 11.508416103199998 8.859196511800004 8.613540438400001 -0.000046129510583 0.001453270429652 0.001011968686018
125 8 11.508415542500003 9.240961061100004 11.232627459799998 -0.000139728969895 0.001131884535706 0.000535728563564
133 8 11.508426393700002 6.644398071300002 9.396583635799999 0.000215994721572 -0.001123342565667 -0.001163155547450
141 8 9.259738667500002 7.942686862000003 7.560553499600000 -0.000654475970425 -0.000368967202604 -0.002272385445966
167 8 11.508439842400001 11.073986469400005 7.830487589900000 -0.000118548635764 -0.000551967750405 -0.000309313813748
37 7 13.426485478099996 9.966594381700006 11.745734611600000 0.001999793444286 -0.000223246385177 0.001230450853634
45 7 15.344568302600001 6.644396246400003 11.745727975299999 0.002661188384657 0.001853105830979 0.003971350779117
53 7 15.344568726799995 8.859188158300002 8.613540254699998 0.001846666869017 0.001612337514913 0.002016856033509
61 7 17.262640601600001 9.966587471600000 11.745738510299995 0.001531607375689 -0.000563764887208 0.009929853663974
69 8 16.932029886000002 7.942681828100003 12.258844262099997 -0.003032721256513 -0.000428598544514 -0.004843925041896
77 8 15.344574537800005 10.692224600700005 12.258847990200001 -0.002838038905995 -0.001324977964690 -0.002721030347956
85 8 16.932019389799990 9.775705435000003 9.666531706799999 -0.002392415028234 -0.001233453711790 -0.001451470356117
93 8 13.757112196700007 7.942669457500004 12.258833442600000 0.000791781378569 0.001114215357113 -0.001899654387936
101 8 15.344565511000003 7.026158843900003 9.666525792999996 -0.000943020373782 0.001346804661915 -0.000190296768472
109 8 13.757110162900005 9.775701616500001 9.666529521300001 0.001211588669791 -0.001305150447918 0.000619962155248
142 8 16.932022037700005 7.942686862000003 7.560553499600000 -0.001967562979959 0.000580163317824 -0.002163870001192
149 8 13.757108114200001 7.942663574800001 7.560546762400000 0.000476600684097 -0.000844620113335 -0.003198260004624
159 8 15.344572253000006 10.692226291400004 7.560555002900000 -0.000309224131149 -0.002024252752084 -0.002025805420453
6 1 19.180701981300004 6.644402959900002 11.745737660500000 -0.000852259620629 0.001561221628583 0.004074463056510
22 1 19.180699473400011 8.859196511800004 8.613540438400001 -0.000014241095949 0.000005999118523 0.001270271564689
38 7 21.098768848300008 9.966594381700006 11.745734611600000 -0.002096728138969 -0.000842873654205 0.003834386182465
46 7 23.016851672800001 6.644396246400003 11.745727975299999 -0.001886941007160 0.000963395184074 0.001442314140515
54 7 23.016852096999990 8.859188158300002 8.613540254699998 -0.001523406485648 0.001128997766813 0.000954804358949
78 8 23.016857907999999 10.692224600700005 12.258847990200001 0.001091095914583 -0.001511768635563 -0.001694054697256
94 8 21.429395566900006 7.942669457500004 12.258833442600000 0.002748141230878 0.000425529819857 -0.001840550533775
102 8 23.016848881199998 7.026158843900003 9.666525792999996 0.000783300709800 0.001483253119010 0.000848336096993
110 8 21.429393533100001 9.775701616500001 9.666529521300001 0.002186109010002 -0.000971044214536 0.000425924345777
126 8 19.180698912700002 9.240961061100004 11.232627459799998 0.001320613306239 0.001771882697055 0.000025299783468
134 8 19.180709763900005 6.644398071300002 9.396583635799999 -0.000038777672994 -0.000271129335365 -0.001202802250537
150 8 21.429391484400004 7.942663574800001 7.560546762400000 0.002036280772003 0.000888618859247 -0.001510680194129
160 8 23.016855623200005 10.692226291400004 7.560555002900000 0.000105218988569 -0.001779534359060 -0.001849292967383
168 8 19.180723212599993 11.073986469400005 7.830487589900000 -0.000002130772315 0.000516224418098 -0.000352649589159
62 7 24.934923971800000 9.966587471600000 11.745738510299995 -0.000700472380986 0.000165842495493 0.000391754377168
70 8 24.604313256200005 7.942681828100003 12.258844262099997 -0.001467627931113 0.000636992237410 -0.001573262992133
86 8 24.604302759999996 9.775705435000003 9.666531706799999 -0.001371048904914 -0.001257379565984 0.001043740009967
7 1 15.344560296200003 13.288795263500004 11.745737660500000 0.000768109949884 -0.001356687743576 0.000589772696639
15 1 17.262640612500000 12.181390680000009 8.613533801700001 -0.000283770549593 -0.000889782313080 0.001130330825300
23 1 15.344557788300000 15.503588815399999 8.613540438400001 -0.000920046906523 -0.000888869378484 0.000317529198831
31 1 13.426487796399995 12.181395589400003 8.613538384300000 0.000425354630576 0.000014526777383 0.000319546489465
39 7 17.262627163200005 16.610986685300006 11.745734611600000 -0.000401603767834 -0.000843876458367 0.001536832230860
95 8 17.593253881800010 14.587061761100006 12.258833442600000 0.001295753179288 0.001971662935742 -0.001741226890155
111 8 17.593251848000001 16.420093920100001 9.666529521300001 0.003108979901603 -0.000240088570529 -0.000445252029899
119 8 17.593249127900002 11.990500490400001 11.232628962800000 0.002028167692305 0.001145532369117 -0.000115587264283
127 8 15.344557227600006 15.885353364700006 11.232627459799998 0.000612892318719 0.001543977316997 0.000745211058108
135 8 15.344568078800005 13.288790374900007 9.396583635799999 0.000005965320147 0.000416327707028 -0.000367864077959
143 8 13.095880352600002 14.587079165600008 7.560553499600000 -0.001402621866740 0.000957631515014 -0.001272756411000
151 8 17.593249799300004 14.587055878400003 7.560546762400000 0.002753074834579 0.002165611216019 -0.001049069160040
175 8 13.095867367800004 11.990498335500007 11.232641519100001 -0.001999243200298 -0.000396813768099 0.001018335250335
8 1 23.016843666400000 13.288795263500004 11.745737660500000 -0.000310969336573 -0.000706897953931 0.000067499510728
24 1 23.016841158500000 15.503588815399999 8.613540438400001 0.001293342110656 -0.001164286572163 0.001096756031067
32 1 21.098771166600002 12.181395589400003 8.613538384300000 0.000136358181437 -0.001115350727738 0.000938551662219
47 7 19.180709987699998 13.288788550000005 11.745727975299999 -0.000845022679215 -0.002292798265234 0.002651626426409
55 7 19.180710411900002 15.503580461900007 8.613540254699998 -0.000799349936226 -0.007305463746397 0.005030303735754
63 7 21.098782286700004 16.610979775200004 11.745738510299995 0.000681848119906 0.000018869503389 0.001969222326647
71 8 20.768171571100002 14.587074131700003 12.258844262099997 -0.001259135232602 0.001439146070112 -0.001724758153466
79 8 19.180716222899996 17.336616904300001 12.258847990200001 -0.000361886355121 -0.001920554515629 -0.001912224295994
87 8 20.768161074900000 16.420097738599999 9.666531706799999 -0.002942323955176 -0.000281859343620 -0.000741442275308
103 8 19.180707196099995 13.670551147500003 9.666525792999996 0.000236535671425 0.003904154535304 -0.000611144399579
128 8 23.016840597800005 15.885353364700006 11.232627459799998 -0.000245589153010 0.001293714120617 0.000550748390207
136 8 23.016851449000004 13.288790374900007 9.396583635799999 -0.000173856717337 0.000503632553077 -0.000301983710305
144 8 20.768163722800004 14.587079165600008 7.560553499600000 -0.002118002048181 0.002177846331565 -0.002380892933046
176 8 20.768150737999996 11.990498335500007 11.232641519100001 -0.001343293024321 0.000066188639722 0.000377516132026
16 1 24.934923982700003 12.181390680000009 8.613533801700001 -0.000158293301227 -0.000046401453877 0.000299668560327
40 7 24.934910533400007 16.610986685300006 11.745734611600000 0.000502483526106 0.001128661631159 0.000864160518329
48 7 26.852993357900004 13.288788550000005 11.745727975299999 0.000081775850999 0.000160389842546 0.000399734339299
56 7 26.852993782099993 15.503580461900007 8.613540254699998 0.000120366052040 0.000464250913797 0.000598691374229
64 7 28.771065656899999 16.610979775200004 11.745738510299995 -0.000687745358702 0.000747598969505 0.000417938689452
72 8 28.440454941300004 14.587074131700003 12.258844262099997 -0.001848099735389 0.000564147689951 -0.001476619226044
80 8 26.852999593099998 17.336616904300001 12.258847990200001 -0.000056270346358 -0.002846342612949 -0.001823401260472
88 8 28.440444445099999 16.420097738599999 9.666531706799999 -0.001399234902972 -0.001062225694227 0.001076276543388
96 8 25.265537252000023 14.587061761100006 12.258833442600000 0.001568959227872 0.000691524573601 -0.001388678730686
104 8 26.852990566300001 13.670551147500003 9.666525792999996 -0.000013911870020 0.001707904090984 0.001460682637128
112 8 25.265535218199997 16.420093920100001 9.666529521300001 0.001248787027798 -0.001059054115206 0.000958426034284
120 8 25.265532498100001 11.990500490400001 11.232628962800000 0.001795520856042 -0.000613193628295 0.001268525412287
152 8 25.265533169500006 14.587055878400003 7.560546762400000 0.001152574376762 0.001216634572225 -0.001386927845217
