ITEM: TIMESTEP
0
ITEM: NUMBER OF ATOMS
176
ITEM: BOX BOUNDS xy xz yz pp pp pp
0.0000000000000000e+00 3.0689133480799999e+01 7.6722833701999980e+00
0.0000000000000000e+00 1.7718379476200003e+01 7.6722833702000024e+00
0.0000000000000000e+00 1.2528786279200000e+01 4.4295948690000015e+00
ITEM: ATOMS id type x y z fx fy fz
25 1 5.754204426199998 3.322205851300000 2.349145244699999 0.001790683341966 0.000022079551363 0.000472867621270
137 8 5.423596982400004 5.727889427500000 1.296160360000000 -0.001854134348977 0.000679277642656 -0.001240487273112
161 8 3.836156472199998 2.214796731300001 1.566094450300000 -0.000681594226505 0.000429842327615 0.000565796584998
169 8 5.423583997600000 3.131308597400002 4.968248379499999 -0.003977089737234 -0.000521404530328 0.001250310293410
1 1 7.672276926000002 4.429605525400001 5.481344520900000 0.005612672027562 0.000039098046840 0.000257087211205
9 1 9.590357242299998 3.322200941900001 2.349140662099999 0.001385465539981 0.001046369169074 0.004022687745521
41 7 11.508426617500000 4.429598811900002 5.481334835700000 -0.029885044018256 -0.012679305239368 -0.002865129189016
89 8 9.920970511600007 5.727872023000002 5.994440303000000 -0.012478431576009 0.006039654414727 -0.000082636687055
97 8 11.508423825899998 4.811361409400002 3.402132653400000 -0.000411021798101 0.002214006795401 -0.010474260689370
113 8 9.920965757699999 3.131310752300001 4.968235823200000 -0.015058720483014 -0.015955224474378 -0.003583092100601
129 8 7.672284708600001 4.429600636800002 3.132190496199999 -0.001573897261742 0.000274547340774 -0.001281906536644
145 8 9.920966429100000 5.727866140300000 1.296153622799999 0.001117405376931 0.001387612074561 -0.003078991783791
153 8 7.672288882800000 1.833036553300000 1.296161863300000 -0.000853235654881 -0.001996632039939 -0.002738900518828
162 8 11.508439842400000 2.214796731300001 1.566094450300000 0.000771518480756 -0.000679584173250 -0.001063845635101
2 1 15.344560296200001 4.429605525400001 5.481344520900000 0.003118963218340 -0.011043421193199 -0.004408305824850
10 1 17.262640612500000 3.322200941900001 2.349140662099999 0.000963636098550 -0.001097639097852 -0.001830158721683
26 1 13.426487796400002 3.322205851300000 2.349145244699999 -0.004177347653429 -0.000298954317565 0.000414726590441
65 8 13.085888200900003 5.727884393600002 5.994451122499998 0.087121020631448 0.055315082062211 0.002580003523979
90 8 17.593253881800006 5.727872023000002 5.994440303000000 -0.002693398888120 0.000733128374291 -0.001854001280787
114 8 17.593249127900009 3.131310752300001 4.968235823200000 -0.002976925074163 0.002233374151656 0.002202857813483
130 8 15.344568078800005 4.429600636800002 3.132190496199999 0.000709516598311 0.001158782162724 0.006778293003390
138 8 13.095880352600009 5.727889427500000 1.296160360000000 0.000318482613343 0.000977644681509 -0.002414186350819
146 8 17.593249799300011 5.727866140300000 1.296153622799999 0.001240589109697 0.001023418283046 -0.000463656323598
154 8 15.344572252999999 1.833036553300000 1.296161863300000 0.000253225969475 -0.001422386185271 -0.001110341880153
170 8 13.095867367800004 3.131308597400002 4.968248379499999 0.010924333780710 -0.003859949827326 0.000479354526831
42 7 19.180709987699998 4.429598811900002 5.481334835700000 0.004765061711062 -0.000456646371399 -0.000078058403214
66 8 20.768171571100002 5.727884393600002 5.994451122499998 -0.003944617367138 0.000566537227963 -0.001456059976584
98 8 19.180707196099995 4.811361409400002 3.402132653400000 -0.000782996691949 0.001706775651877 0.002161121748079
3 1 11.508418611100000 11.073997829000001 5.481344520900000 -0.000989060984302 -0.000815874784966 0.000174351745668
17 1 7.672274418099999 6.644399077300000 2.349147298800000 0.001489471258485 -0.000754682282726 0.001219643719911
27 1 9.590346111300001 9.966598154900002 2.349145244699999 0.000155842444143 -0.001002525564586 0.000447040944700
33 7 9.590343793000001 7.751796947200008 5.481341472000000 0.002805445220365 -0.008325122830964 0.001806852341491
49 7 11.508427041700001 6.644390723800001 2.349147115100000 -0.003265311680095 -0.004710769472721 0.003113503077961
73 8 11.508432852700000 8.477427166200002 5.994454850600000 0.002319672224688 0.003084920829761 -0.001902649365208
105 8 9.920968477800001 7.560904182000002 3.402136381700000 0.001294365531967 0.000291741857715 -0.000072859857004
121 8 7.672273857400003 7.026163626600007 4.968234320200000 -0.002681070387656 0.002940965341047 0.000854690622637
131 8 11.508426393700001 11.073992940400007 3.132190496199999 0.000335998284067 0.000082201041788 -0.000040849711557
155 8 11.508430567899998 8.477428856900005 1.296161863300000 0.000419076804750 -0.000841204652824 -0.002064251150978
163 8 7.672298157300000 8.859189034900005 1.566094450300000 -0.000553200159487 0.000449558426257 -0.000394332597605
171 8 9.259725682700001 9.775700901000002 4.968248379499999 -0.002205147247157 0.001341823412164 0.000926161370157
11 1 13.426498927399999 9.966593245500007 2.349140662099999 -0.001020114332674 0.000552417945515 -0.000936532528443
18 1 15.344557788300000 6.644399077300000 2.349147298800000 -0.000729082843880 0.000550013227313 -0.005055807976132
28 1 17.262629481500003 9.966598154900002 2.349145244699999 0.000908705559071 0.000786015845066 -0.000634361317681
34 7 17.262627163200005 7.751796947200008 5.481341472000000 0.008995686056992 0.004717354911367 0.001531246024728
43 7 15.344568302600003 11.073991115500002 5.481334835700000 0.000814016506984 0.003187051874800 0.000514302162994
57 7 13.426498916499998 7.751790037100004 5.481345370700000 -0.017557174374921 0.003232599111026 -0.000931724966685
81 8 13.095877704700001 7.560908000500002 3.402138567200000 0.001940485043234 0.000174394501319 0.003550217698309
99 8 15.344565510999997 11.455753713000002 3.402132653400000 -0.000012662986321 0.000939868914478 0.002162838452246
106 8 17.593251848000001 7.560904182000002 3.402136381700000 -0.000600758741744 -0.001170733259002 0.003692674694987
115 8 13.757107442799997 9.775703055900001 4.968235823200000 0.000628709116762 -0.006572254328616 0.002694518065889
122 8 15.344557227600001 7.026163626600007 4.968234320200000 -0.015129777272149 -0.011315838909119 0.009765794310110
164 8 15.344581527500001 8.859189034900005 1.566094450300000 0.000215959545460 -0.000667214516239 0.000762243502040
172 8 16.932009052900014 9.775700901000002 4.968248379499999 -0.002097184196927 -0.003164939691355 0.001513649833290
4 1 19.180701981300000 11.073997829000001 5.481344520900000 0.000632969699785 0.001212591741382 -0.000063301766364
12 1 21.098782297600000 9.966593245500007 2.349140662099999 0.000281226128026 0.000026336370302 0.000043846955031
44 7 23.016851672799998 11.073991115500002 5.481334835700000 0.000305953526304 -0.000951242707999 0.000063026078983
50 7 19.180710411899998 6.644390723800001 2.349147115100000 0.001984050816823 0.000219713547761 -0.001148243775776
58 7 21.098782286699997 7.751790037100004 5.481345370700000 0.002765247212883 -0.000516260677136 -0.000280180456611
74 8 19.180716222899989 8.477427166200002 5.994454850600000 -0.003219166778663 -0.002857775970987 -0.001920824302884
82 8 20.768161074900000 7.560908000500002 3.402138567200000 -0.002686246105960 -0.000936775160131 0.001255014740633
100 8 23.016848881199998 11.455753713000002 3.402132653400000 -0.000076951137319 0.002119764031995 0.001393728161384
116 8 21.429390813000008 9.775703055900001 4.968235823200000 0.001243369000660 -0.000681434691854 0.001355803430640
132 8 19.180709763900005 11.073992940400007 3.132190496199999 -0.000540251443450 -0.000477822593373 -0.000077001543913
156 8 19.180713938099998 8.477428856900005 1.296161863300000 -0.000534384659729 -0.001875243490573 -0.001214040385734
19 1 11.508416103199997 13.288791380900006 2.349147298800000 0.000327383076539 -0.000415723580086 -0.000231878349281
123 8 11.508415542500002 13.670555930200003 4.968234320200000 -0.000708332172924 0.002472019482305 0.001416575002059
139 8 9.259738667499999 12.372281731100001 1.296160360000000 -0.001258050781887 0.000806699087973 -0.000930115577253
35 7 13.426485478100000 14.396189250800001 5.481341472000000 0.002306406398730 0.000702055076574 0.000230918924556
51 7 15.344568726800000 13.288783027399999 2.349147115100000 0.001051607474689 0.001511075844267 0.000576844308186
59 7 17.262640601600001 14.396182340700005 5.481345370700000 0.001531204555308 0.009179730545547 -0.001297017519946
67 8 16.932029885999999 12.372276697200000 5.994451122499998 -0.002828920743016 -0.002196188966234 -0.001319433069868
75 8 15.344574537799998 15.121819469800011 5.994454850600000 -0.002552422811397 -0.003290349245243 -0.000691257694736
83 8 16.932019389799994 14.205300304100005 3.402138567200000 -0.002271877972790 -0.003075489957884 -0.000119223522436
91 8 13.757112196700003 12.372264326600002 5.994440303000000 0.001929981476173 0.000202404921627 -0.001459968893106
107 8 13.757110162900000 14.205296485600002 3.402136381700000 0.001033389575592 -0.001037204549931 0.001497453204307
140 8 16.932022037700008 12.372281731100001 1.296160360000000 -0.000813768673096 -0.000089701165313 -0.001228659014349
147 8 13.757108114200003 12.372258443900009 1.296153622799999 0.001453331832664 0.000877337557254 -0.001433432491123
20 1 19.180699473400008 13.288791380900006 2.349147298800000 -0.000006644800741 0.001053150907641 0.000808764915819
36 7 21.098768848300001 14.396189250800001 5.481341472000000 -0.003448492099480 0.000799025565986 -0.000525856518420
52 7 23.016852096999997 13.288783027399999 2.349147115100000 -0.000518504385141 -0.000399468925107 -0.000292688553893
76 8 23.016857907999988 15.121819469800011 5.994454850600000 0.001104497061417 0.001828869228173 -0.001459299756197
92 8 21.429395566900006 12.372264326600002 5.994440303000000 0.001843353711437 0.000947391916521 -0.001307478778073
108 8 21.429393533100004 14.205296485600002 3.402136381700000 0.002204692166299 -0.001056806120582 0.001525751971124
124 8 19.180698912699995 13.670555930200003 4.968234320200000 0.001293468964658 0.000610416950440 0.001208857513512
148 8 21.429391484400018 12.372258443900009 1.296153622799999 0.001560193050677 0.000953506346336 -0.001369042095432
60 7 24.934923971800007 14.396182340700005 5.481345370700000 0.000522476223172 -0.002938897886090 -0.000099521810860
68 8 24.604313256200001 12.372276697200000 5.994451122499998 -0.001750461423534 0.001833315317522 -0.001502774350681
84 8 24.604302760000003 14.205300304100005 3.402138567200000 -0.001500760230808 -0.000277844923229 0.001993237112875
29 1 9.590346111300004 5.537003285800003 8.613538384300000 0.002351662265134 -0.001649239266763 -0.005232105572778
157 8 11.508430567900000 4.047833987800002 7.560555002900000 -0.002465624099629 -0.012739420253892 0.013696620833246
165 8 7.672298157300002 4.429594165800001 7.830487589900000 -0.002048687305798 -0.000211426047858 0.001239875857626
173 8 9.259725682700003 5.346106031900003 11.232641519100001 -0.001696641815916 -0.000641873091981 0.001979371029151
13 1 13.426498927400001 5.536998376400002 8.613533801700001 -0.012328825962873 -0.002188458985453 0.006212666571314
30 1 17.262629481500003 5.537003285800003 8.613538384300000 0.003386963014886 0.000799047040945 0.002763339492202
117 8 13.757107442800002 5.346108186800002 11.232628962800000 0.001764089456760 -0.000502705560740 0.000087306351190
166 8 15.344581527500001 4.429594165800001 7.830487589900000 -0.004199004110407 0.004318612106905 -0.009011190087222
174 8 16.932009052900007 5.346106031900003 11.232641519100001 -0.001808338959308 -0.000701238616727 0.000091477662903
14 1 21.098782297600003 5.536998376400002 8.613533801700001 0.001770322162243 -0.000267958174967 -0.000333950073082
118 8 21.429390813000005 5.346108186800002 11.232628962800000 0.001492796688197 -0.000838547596671 0.001427495941454
158 8 19.180713938100002 4.047833987800002 7.560555002900000 -0.001261087946129 -0.001213898294165 -0.002101585627209
5 1 11.508418611100007 6.644402959900002 11.745737660500000 -0.000343292942832 -0.000307991479100 -0.000663609128939
21 1 11.508416103199998 8.859196511800004 8.613540438400001 -0.002292725447587 -0.000966192673952 -0.000925615477052
125 8 11.508415542500003 9.240961061100004 11.232627459799998 0.000272173939467 0.001951810810347 0.001489403488381
133 8 11.508426393700002 6.644398071300002 9.396583635799999 0.002643347441675 0.000047503078763 0.001433718495964
141 8 9.259738667500002 7.942686862000003 7.560553499600000 -0.002475696152442 0.002598575266071 0.000137214630049
167 8 11.508439842400001 11.073986469400005 7.830487589900000 0.000171658155404 0.000505218282677 0.000171340130171
37 7 13.426485478099996 9.966594381700006 11.745734611600000 0.000339317835496 0.000228378847042 0.000823851398375
45 7 15.344568302600001 6.644396246400003 11.745727975299999 0.000123083656762 0.000532807154272 0.002358594132549
53 7 15.344568726799995 8.859188158300002 8.613540254699998 0.001692898272048 0.003400215181911 0.002813632881580
61 7 17.262640601600001 9.966587471600000 11.745738510299995 0.000150603755059 0.000328982631402 0.001795149951643
69 8 16.932029886000002 7.942681828100003 12.258844262099997 -0.002162015987827 0.000469009126952 -0.002525973712296
77 8 15.344574537800005 10.692224600700005 12.258847990200001 -0.000530930577655 -0.001950176336432 -0.001909769113823
85 8 16.932019389799990 9.775705435000003 9.666531706799999 -0.002363120931386 -0.001652681435916 0.000450472010684
93 8 13.757112196700007 7.942669457500004 12.258833442600000 0.001704766546530 0.000919511807949 -0.001718427856850
101 8 15.344565511000003 7.026158843900003 9.666525792999996 -0.000195314479962 0.001489041007654 -0.000363800346836
109 8 13.757110162900005 9.775701616500001 9.666529521300001 0.002314487552506 -0.001805689728747 0.000447540982153
142 8 16.932022037700005 7.942686862000003 7.560553499600000 -0.002430274053990 -0.000288530001975 -0.003076921189711
149 8 13.757108114200001 7.942663574800001 7.560546762400000 0.004174920044412 -0.006142055491291 -0.007185328362812
159 8 15.344572253000006 10.692226291400004 7.560555002900000 -0.000318719009242 -0.003077708747142 -0.001711015792368
6 1 19.180701981300004 6.644402959900002 11.745737660500000 0.000282191163317 0.000216228274055 0.001032998007434
22 1 19.180699473400011 8.859196511800004 8.613540438400001 0.001066923099691 0.000473869177432 0.000461438390786
38 7 21.098768848300008 9.966594381700006 11.745734611600000 -0.000128988892741 -0.000227925607864 0.000231294984226
46 7 23.016851672800001 6.644396246400003 11.745727975299999 -0.000108020788233 -0.000191053508846 -0.000807402106999
54 7 23.016852096999990 8.859188158300002 8.613540254699998 0.001074155884543 -0.000841593684067 -0.000834048101044
78 8 23.016857907999999 10.692224600700005 12.258847990200001 -0.000074757737858 -0.001716271625862 -0.000876303938495
94 8 21.429395566900006 7.942669457500004 12.258833442600000 0.001677487844056 0.001079504289890 -0.001386167986540
102 8 23.016848881199998 7.026158843900003 9.666525792999996 -0.000484939949521 0.002101908430247 0.002206755977821
110 8 21.429393533100001 9.775701616500001 9.666529521300001 0.001107927720926 -0.000708268184876 0.001730540668467
126 8 19.180698912700002 9.240961061100004 11.232627459799998 0.000191803932135 0.001816262763841 0.000976884598947
134 8 19.180709763900005 6.644398071300002 9.396583635799999 -0.001318212646961 -0.000442777052032 -0.000566409688267
150 8 21.429391484400004 7.942663574800001 7.560546762400000 0.000931175280888 0.001053391379717 -0.001352732808699
160 8 23.016855623200005 10.692226291400004 7.560555002900000 -0.000138202654491 -0.001364300537985 -0.001595665579341
168 8 19.180723212599993 11.073986469400005 7.830487589900000 -0.000258953066796 -0.000453869571691 -0.000062108083145
62 7 24.934923971800000 9.966587471600000 11.745738510299995 -0.000365387566581 0.000004147641954 -0.001169609147486
70 8 24.604313256200005 7.942681828100003 12.258844262099997 -0.001730145689796 0.000885235521675 -0.000903185316426
86 8 24.604302759999996 9.775705435000003 9.666531706799999 -0.001521552331485 -0.000660990047657 0.001905793283195
7 1 15.344560296200003 13.288795263500004 11.745737660500000 0.000320151022402 0.000043379815052 0.000006342857848
15 1 17.262640612500000 12.181390680000009 8.613533801700001 0.000298127766192 0.001372075099227 -0.000116477319768
23 1 15.344557788300000 15.503588815399999 8.613540438400001 0.001581277571205 0.000969277924217 -0.001080841976519
31 1 13.426487796399995 12.181395589400003 8.613538384300000 0.000093313836872 0.000431679070590 0.000218753179289
39 7 17.262627163200005 16.610986685300006 11.745734611600000 0.000356154807675 -0.000127044408001 -0.001211508405618
95 8 17.593253881800010 14.587061761100006 12.258833442600000 0.001569602939738 0.000946592476853 -0.001217112793222
111 8 17.593251848000001 16.420093920100001 9.666529521300001 0.001060014640846 -0.001456425599592 0.003419415146141
119 8 17.593249127900002 11.990500490400001 11.232628962800000 0.001692205190464 -0.000943296224245 0.001186430319376
127 8 15.344557227600006 15.885353364700006 11.232627459799998 -0.000324437979375 0.001717042337103 0.001580038561525
135 8 15.344568078800005 13.288790374900007 9.396583635799999 -0.000416555816744 -0.000551479567194 0.000142533024432
143 8 13.095880352600002 14.587079165600008 7.560553499600000 -0.001845995645224 0.000533324903775 -0.001158756010433
151 8 17.593249799300004 14.587055878400003 7.560546762400000 0.001202274153371 -0.000481872451259 -0.000526411400269
175 8 13.095867367800004 11.990498335500007 11.232641519100001 -0.001699690963113 -0.000863134180922 0.001082588359639
8 1 23.016843666400000 13.288795263500004 11.745737660500000 -0.000061772724137 -0.000198716673257 -0.000470529197036
24 1 23.016841158500000 15.503588815399999 8.613540438400001 -0.000999208723124 -0.003422498138603 0.001611980378476
32 1 21.098771166600002 12.181395589400003 8.613538384300000 -0.000098904419386 0.000217201226170 -0.000199459990956
47 7 19.180709987699998 13.288788550000005 11.745727975299999 -0.000461359963476 0.000160071877963 0.000060014869650
55 7 19.180710411900002 15.503580461900007 8.613540254699998 -0.002486040563711 0.005990715832863 -0.004836421567816
63 7 21.098782286700004 16.610979775200004 11.745738510299995 -0.001159756089935 -0.000283504393461 -0.000120000846209
71 8 20.768171571100002 14.587074131700003 12.258844262099997 -0.001538771578554 0.000784788548011 -0.001313095796260
79 8 19.180716222899996 17.336616904300001 12.258847990200001 0.000078243578239 -0.001826986890273 -0.001353940768111
87 8 20.768161074900000 16.420097738599999 9.666531706799999 0.000482110479631 -0.000010972123040 0.002084959795806
103 8 19.180707196099995 13.670551147500003 9.666525792999996 0.000256968135231 0.000136564251729 0.002609349431060
128 8 23.016840597800005 15.885353364700006 11.232627459799998 0.000263629875267 0.001891938119137 0.000695155798602
136 8 23.016851449000004 13.288790374900007 9.396583635799999 0.000096144263071 0.000766689055978 -0.000129811396009
144 8 20.768163722800004 14.587079165600008 7.560553499600000 0.000318843089879 0.000354059611010 -0.001629441982139
176 8 20.768150737999996 11.990498335500007 11.232641519100001 -0.001451794790906 -0.000926208558645 0.001251497354139
16 1 24.934923982700003 12.181390680000009 8.613533801700001 -0.000109137724744 -0.000623133399254 0.000084008673650
40 7 24.934910533400007 16.610986685300006 11.745734611600000 0.000436127739715 -0.000190815921274 0.001169108346335
48 7 26.852993357900004 13.288788550000005 11.745727975299999 0.000018523370990 0.000030367669741 0.000018411569634
56 7 26.852993782099993 15.503580461900007 8.613540254699998 0.001196402376983 -0.000550716516810 0.000449259583987
64 7 28.771065656899999 16.610979775200004 11.745738510299995 0.000172931654432 0.000209672850512 -0.000091976143461
72 8 28.440454941300004 14.587074131700003 12.258844262099997 -0.002002343560213 0.000728239433293 -0.001460359390345
80 8 26.852999593099998 17.336616904300001 12.258847990200001 -0.000449843545469 -0.002160393594471 -0.001668798779654
88 8 28.440444445099999 16.420097738599999 9.666531706799999 -0.002272168990618 -0.001079221817021 0.001450321257663
96 8 25.265537252000023 14.587061761100006 12.258833442600000 0.001578801755421 0.001150936853182 -0.001234812773304
104 8 26.852990566300001 13.670551147500003 9.666525792999996 -0.000016222530220 0.002030227023513 0.001422202383243
112 8 25.265535218199997 16.420093920100001 9.666529521300001 0.000900302421068 -0.000232583241651 0.000574935768977
120 8 25.265532498100001 11.990500490400001 11.232628962800000 0.001756132883293 -0.000671198065615 0.001529509881410
152 8 25.265533169500006 14.587055878400003 7.560546762400000 0.001143853612100 0.001561916284850 -0.001734941333253
