ITEM: TIMESTEP
0
ITEM: NUMBER OF ATOMS
176
ITEM: BOX BOUNDS xy xz yz pp pp pp
0.0000000000000000e+00 3.0689133480799999e+01 7.6722833701999980e+00
0.0000000000000000e+00 1.7718379476200003e+01 7.6722833702000024e+00
0.0000000000000000e+00 1.2528786279200000e+01 4.4295948690000015e+00
ITEM: ATOMS id type x y z fx fy fz
25 1 5.754204426199998 3.322205851300000 2.349145244699999 -0.000812954983935 -0.000748351297703 -0.001019122403637
137 8 5.423596982400004 5.727889427500000 1.296160360000000 -0.000601802788634 0.001240034297841 0.000403940236434
161 8 3.836156472199998 2.214796731300001 1.566094450300000 -0.000107756528408 -0.000136922977661 0.000891331446515
169 8 5.423583997600000 3.131308597400002 4.968248379499999 -0.000861763841328 0.000109661940023 0.001104894877708
1 1 7.672276926000002 4.429605525400001 5.481344520900000 -0.001781397194136 -0.004228990051131 0.000497469381089
9 1 9.590357242299998 3.322200941900001 2.349140662099999 -0.000118569113283 -0.001579824822935 -0.000932386668488
41 7 11.508426617500000 4.429598811900002 5.481334835700000 0.005593866030294 -0.004405391524608 0.001339646027016
89 8 9.920970511600007 5.727872023000002 5.994440303000000 0.000830309209930 0.011222279551074 -0.004936706615627
97 8 11.508423825899998 4.811361409400002 3.402132653400000 -0.000775406571346 0.003160091057308 0.001499635590632
113 8 9.920965757699999 3.131310752300001 4.968235823200000 0.001693465076662 0.000845283107050 0.001386198221443
129 8 7.672284708600001 4.429600636800002 3.132190496199999 0.000355729519993 0.001406250622422 0.000796686123602
145 8 9.920966429100000 5.727866140300000 1.296153622799999 0.002177662008838 0.002326174238779 0.001127178683279
153 8 7.672288882800000 1.833036553300000 1.296161863300000 0.000270174784329 -0.001114993200048 -0.000712240224271
162 8 11.508439842400000 2.214796731300001 1.566094450300000 -0.000228031916065 0.000624531211743 0.000388493630896
2 1 15.344560296200001 4.429605525400001 5.481344520900000 0.000321783249899 0.000998889110656 0.000559666329329
10 1 17.262640612500000 3.322200941900001 2.349140662099999 0.000216788276895 0.000381362773088 -0.000184192588420
26 1 13.426487796400002 3.322205851300000 2.349145244699999 0.000812322338171 -0.000407615777762 -0.000123370686416
65 8 13.095888200900001 5.727884393600002 5.994451122499998 -0.003877095402769 -0.003352273902345 -0.003320757635714
90 8 17.593253881800006 5.727872023000002 5.994440303000000 0.002445194568272 0.000478819337601 -0.001389064809899
114 8 17.593249127900009 3.131310752300001 4.968235823200000 0.001800426252636 -0.000918648717406 0.001062895797006
130 8 15.344568078800005 4.429600636800002 3.132190496199999 -0.000213204870963 -0.000431722203491 -0.000506523501108
138 8 13.095880352600009 5.727889427500000 1.296160360000000 -0.003071714632978 0.001488475761601 -0.000348552680823
146 8 17.593249799300011 5.727866140300000 1.296153622799999 0.001491400207954 0.000945160808824 -0.000393829615198
154 8 15.344572252999999 1.833036553300000 1.296161863300000 -0.000236031240344 -0.001093197841082 -0.000665735843327
170 8 13.095867367800004 3.131308597400002 4.968248379499999 -0.002551805087688 -0.000645931215927 0.001122256613904
42 7 19.180709987699998 4.429598811900002 5.481334835700000 -0.001858164288172 -0.000614432493247 0.000598034228821
66 8 20.768171571100002 5.727884393600002 5.994451122499998 0.000253911465665 0.002097951616532 -0.002299358584356
98 8 19.180707196099995 4.811361409400002 3.402132653400000 0.000446392307870 0.001922826417348 0.001781066915707
3 1 11.508418611100000 11.073997829000001 5.481344520900000 0.008063414580609 -0.000929459465709 0.011250939384725
17 1 7.672274418099999 6.644399077300000 2.349147298800000 -0.003010364628189 -0.001999642589792 -0.004487475774443
27 1 9.590346111300001 9.966598154900002 2.349145244699999 0.000456987362895 0.004002164445462 -0.004162260362463
33 7 9.590343793000001 7.751796947200008 5.481341472000000 0.024970763657044 0.009473862807708 0.017697196310349
49 7 11.508427041700001 6.644390723800001 2.349147115100000 0.005609890628964 -0.004242583216384 -0.006718308029955
73 8 11.513432852700049 8.480313917545924 6.002619816409256 -0.089783986011258 -0.016565528129095 -0.043568949752421
105 8 9.920968477800001 7.560904182000002 3.402136381700000 0.003634729632434 0.002136118013971 0.014456112105666
121 8 7.672273857400003 7.026163626600007 4.968234320200000 0.020796640973424 0.008653438942760 0.006199644424997
131 8 11.508426393700001 11.073992940400007 3.132190496199999 -0.001415653202241 -0.001655417729026 -0.001496833123714
155 8 11.508430567899998 8.477428856900005 1.296161863300000 -0.001096231715100 -0.002831596451304 0.000067647173865
163 8 7.672298157300000 8.859189034900005 1.566094450300000 0.001054082888340 -0.000541584885232 0.001848154888196
171 8 9.259725682700001 9.775700901000002 4.968248379499999 0.009101829403978 -0.015865199136616 0.003714487138320
11 1 13.426498927399999 9.966593245500007 2.349140662099999 0.001842871375712 0.001470041999036 0.001311243673390
18 1 15.344557788300000 6.644399077300000 2.349147298800000 0.001476814960557 -0.000202717722675 0.000420465363171
28 1 17.262629481500003 9.966598154900002 2.349145244699999 -0.000287988089395 0.000035755019353 0.000556813789276
34 7 17.262627163200005 7.751796947200008 5.481341472000000 -0.003047335827367 -0.000108116005903 0.000816271614109
43 7 15.344568302600003 11.073991115500002 5.481334835700000 -0.003733463522387 -0.002676864074254 0.001215811484873
57 7 13.426498916499998 7.751790037100004 5.481345370700000 0.004994512216629 0.007352281450702 0.015880078798513
81 8 13.095877704700001 7.560908000500002 3.402138567200000 -0.006570991290711 -0.001044411143634 0.000426989310363
99 8 15.344565510999997 11.455753713000002 3.402132653400000 0.000504266031553 0.002386342724002 0.000329272630218
106 8 17.593251848000001 7.560904182000002 3.402136381700000 0.002259467977346 -0.000945313955056 0.000909160982869
115 8 13.757107442799997 9.775703055900001 4.968235823200000 0.006594396058463 0.003147187769087 -0.005504397433100
122 8 15.344557227600001 7.026163626600007 4.968234320200000 0.006346695797011 -0.000060097613060 0.000048846179751
164 8 15.344581527500001 8.859189034900005 1.566094450300000 -0.000585963396201 -0.000066036686641 0.000040324278527
172 8 16.932009052900014 9.775700901000002 4.968248379499999 -0.000312460070114 -0.000912074736245 0.000948313831647
4 1 19.180701981300000 11.073997829000001 5.481344520900000 -0.001287238794242 0.000125537399939 0.000136410153150
12 1 21.098782297600000 9.966593245500007 2.349140662099999 -0.001699025050289 0.000898583975928 -0.000820384142685
44 7 23.016851672799998 11.073991115500002 5.481334835700000 -0.004023758682130 0.006096178192878 0.003269827214092
50 7 19.180710411899998 6.644390723800001 2.349147115100000 -0.001816908390664 -0.000112843613582 -0.001323884865374
58 7 21.098782286699997 7.751790037100004 5.481345370700000 -0.008658978680213 0.002406013010378 0.002411032304097
74 8 19.180716222899989 8.477427166200002 5.994454850600000 0.002735240537852 -0.002234907805503 -0.001877480455910
82 8 20.768161074900000 7.560908000500002 3.402138567200000 0.000567792774447 -0.001141711147249 0.002949504234818
100 8 23.016848881199998 11.455753713000002 3.402132653400000 0.000796894004461 -0.000031773327685 0.002542447190524
116 8 21.429390813000008 9.775703055900001 4.968235823200000 0.003252459881780 -0.001646399999683 0.001416742440825
132 8 19.180709763900005 11.073992940400007 3.132190496199999 0.000591918209573 -0.000309407577276 0.000060993227428
156 8 19.180713938099998 8.477428856900005 1.296161863300000 0.000351359145239 -0.001291101991884 -0.000707063233268
19 1 11.508416103199997 13.288791380900006 2.349147298800000 0.000468300302993 0.000546607685055 0.000151807038108
123 8 11.508415542500002 13.670555930200003 4.968234320200000 -0.000012600474316 0.002884969317307 0.001221566812224
139 8 9.259738667499999 12.372281731100001 1.296160360000000 -0.001619366034387 -0.000137124985476 -0.001208437390703
35 7 13.426485478100000 14.396189250800001 5.481341472000000 -0.000179924827258 -0.002310324908711 0.000535098354244
51 7 15.344568726800000 13.288783027399999 2.349147115100000 -0.000444044725520 -0.000265277003408 0.000261312841057
59 7 17.262640601600001 14.396182340700005 5.481345370700000 -0.000461711249935 -0.001713741529933 0.000384623229050
67 8 16.932029885999999 12.372276697200000 5.994451122499998 -0.000879435395642 0.001641737750427 -0.001491661165417
75 8 15.344574537799998 15.121819469800011 5.994454850600000 0.000145880284659 -0.000993341293604 -0.001669173760003
83 8 16.932019389799994 14.205300304100005 3.402138567200000 -0.001453018479445 -0.000425778123853 0.001531394227271
91 8 13.757112196700003 12.372264326600002 5.994440303000000 0.001633594893953 0.002394921965460 -0.001812963918059
107 8 13.757110162900000 14.205296485600002 3.402136381700000 0.001672632779785 -0.000602357563362 0.001407066024658
140 8 16.932022037700008 12.372281731100001 1.296160360000000 -0.001400445775172 0.000717747744730 -0.001628956506574
147 8 13.757108114200003 12.372258443900009 1.296153622799999 0.001576513227906 0.000660256091740 -0.001339137341231
20 1 19.180699473400008 13.288791380900006 2.349147298800000 -0.000166752795533 -0.000172744682140 -0.000089138311343
36 7 21.098768848300001 14.396189250800001 5.481341472000000 0.000230674151029 0.000033697459628 0.000257438430599
52 7 23.016852096999997 13.288783027399999 2.349147115100000 -0.000126431367838 0.001768654430599 -0.000626346055559
76 8 23.016857907999988 15.121819469800011 5.994454850600000 -0.000494159370445 -0.002233783558960 -0.001655139698867
92 8 21.429395566900006 12.372264326600002 5.994440303000000 0.002979861974968 -0.000311762945025 -0.001929584433771
108 8 21.429393533100004 14.205296485600002 3.402136381700000 0.001706016322218 -0.000936502994482 0.001646000719492
124 8 19.180698912699995 13.670555930200003 4.968234320200000 0.000405015689337 0.002015673317130 0.001362719978126
148 8 21.429391484400018 12.372258443900009 1.296153622799999 0.001888791226711 0.000488381031641 -0.001000197179030
60 7 24.934923971800007 14.396182340700005 5.481345370700000 0.000512559184499 0.000248894824850 0.000349492350353
68 8 24.604313256200001 12.372276697200000 5.994451122499998 -0.003292059272571 -0.000834952691698 -0.002365324350171
84 8 24.604302760000003 14.205300304100005 3.402138567200000 -0.001887423269380 -0.001082083316570 0.001371660237866
29 1 9.590346111300004 5.537003285800003 8.613538384300000 0.002547570529275 0.000891495420132 0.003604250699818
157 8 11.508430567900000 4.047833987800002 7.560555002900000 -0.001102716084864 -0.001953442291142 -0.003198134147202
165 8 7.672298157300002 4.429594165800001 7.830487589900000 0.000078262144428 0.000729373008149 -0.001367443491242
173 8 9.259725682700003 5.346106031900003 11.232641519100001 -0.001977883986561 -0.001528711796294 0.001111159691774
13 1 13.426498927400001 5.536998376400002 8.613533801700001 -0.000246158890794 0.005204165521949 -0.000584641760295
30 1 17.262629481500003 5.537003285800003 8.613538384300000 -0.001089601417573 0.000845769018175 -0.000192046193953
117 8 13.757107442800002 5.346108186800002 11.232628962800000 0.001972308679397 -0.001573781258332 0.001867244750513
166 8 15.344581527500001 4.429594165800001 7.830487589900000 0.000396358436044 -0.000821623059367 -0.000316032986895
174 8 16.932009052900007 5.346106031900003 11.232641519100001 -0.001102969303645 -0.001284233461575 0.001488547121180
14 1 21.098782297600003 5.536998376400002 8.613533801700001 -0.000903772944045 -0.000195583643706 0.001116735683961
118 8 21.429390813000005 5.346108186800002 11.232628962800000 0.001643193035697 -0.000942297753497 0.001038507666873
158 8 19.180713938100002 4.047833987800002 7.560555002900000 0.000337029498681 -0.001053963594278 -0.001590830756699
5 1 11.508418611100007 6.644402959900002 11.745737660500000 0.000513323101688 0.001313478781850 -0.002214567247496
21 1 11.508416103199998 8.859196511800004 8.613540438400001 0.008044372645278 0.002275886002878 -0.007092639455428
125 8 11.508415542500003 9.240961061100004 11.232627459799998 -0.000014319137765 0.003014499154106 0.006881815027214
133 8 11.508426393700002 6.644398071300002 9.396583635799999 -0.001420992450632 -0.006201652753427 0.002640091858321
141 8 9.259738667500002 7.942686862000003 7.560553499600000 -0.005121021920904 -0.001961131701328 -0.013233727488750
167 8 11.508439842400001 11.073986469400005 7.830487589900000 -0.001752086919905 0.009379288907246 0.001490974306421
37 7 13.426485478099996 9.966594381700006 11.745734611600000 -0.001731219591159 -0.001469849483066 -0.004440871315232
45 7 15.344568302600001 6.644396246400003 11.745727975299999 -0.001249698554806 0.000502670396655 -0.001553085951263
53 7 15.344568726799995 8.859188158300002 8.613540254699998 -0.008652995266786 -0.002986460808394 -0.004396563887615
61 7 17.262640601600001 9.966587471600000 11.745738510299995 -0.001049810186891 -0.000590917464478 -0.002948888803847
69 8 16.932029886000002 7.942681828100003 12.258844262099997 -0.001230735114722 0.001210389945355 -0.000603134477991
77 8 15.344574537800005 10.692224600700005 12.258847990200001 0.000915144643932 -0.001409410644838 0.000150896886684
85 8 16.932019389799990 9.775705435000003 9.666531706799999 0.000598138890586 0.000144862669181 0.003185776680560
93 8 13.757112196700007 7.942669457500004 12.258833442600000 0.002079494505836 0.000834177813918 -0.000520560398431
101 8 15.344565511000003 7.026158843900003 9.666525792999996 0.001450640692349 0.000477489973402 0.003791677785964
109 8 13.757110162900005 9.775701616500001 9.666529521300001 0.003727837711534 0.000746210287039 0.004277490053547
142 8 16.932022037700005 7.942686862000003 7.560553499600000 0.000745080482522 0.000332074548045 -0.002186602614475
149 8 13.757108114200001 7.942663574800001 7.560546762400000 0.021012273247156 -0.004242874459981 0.008053491278684
159 8 15.344572253000006 10.692226291400004 7.560555002900000 0.001056465173547 -0.000457919370630 -0.002036125855755
6 1 19.180701981300004 6.644402959900002 11.745737660500000 -0.000129494792905 -0.000169051042313 -0.000425843727119
22 1 19.180699473400011 8.859196511800004 8.613540438400001 -0.001331917394791 -0.000074523498807 0.000133984839892
38 7 21.098768848300008 9.966594381700006 11.745734611600000 0.000815451802631 -0.000294858413073 -0.001019998869405
46 7 23.016851672800001 6.644396246400003 11.745727975299999 0.000597411224615 0.000334569379604 0.000638226916777
54 7 23.016852096999990 8.859188158300002 8.613540254699998 0.000932830503090 0.001911212299722 0.003209934383358
78 8 23.016857907999999 10.692224600700005 12.258847990200001 -0.001264584475882 -0.001810381456382 -0.001025110799471
94 8 21.429395566900006 7.942669457500004 12.258833442600000 0.001352826624102 0.001392430741683 -0.001087499180029
102 8 23.016848881199998 7.026158843900003 9.666525792999996 -0.000140389716175 0.001767020886583 0.000763014612492
110 8 21.429393533100001 9.775701616500001 9.666529521300001 0.001647331368088 -0.001051099259133 0.001272614418713
126 8 19.180698912700002 9.240961061100004 11.232627459799998 0.000407847539821 0.002022756912969 0.001875312007003
134 8 19.180709763900005 6.644398071300002 9.396583635799999 0.000595298166197 -0.000116337171370 -0.000022715417360
150 8 21.429391484400004 7.942663574800001 7.560546762400000 0.002160783292495 0.000620536314630 -0.002866978969207
160 8 23.016855623200005 10.692226291400004 7.560555002900000 -0.000291349676042 -0.002505388868420 -0.003474310184760
168 8 19.180723212599993 11.073986469400005 7.830487589900000 0.000424066401664 0.000000053968918 -0.000195657234257
62 7 24.934923971800000 9.966587471600000 11.745738510299995 0.002067938528695 -0.000624827632424 -0.002194706599014
70 8 24.604313256200005 7.942681828100003 12.258844262099997 -0.002422931375390 0.000407656765660 -0.001012870188454
86 8 24.604302759999996 9.775705435000003 9.666531706799999 -0.005264491227144 -0.000739754921845 0.001614822087730
7 1 15.344560296200003 13.288795263500004 11.745737660500000 -0.000634667197001 -0.000375281969187 -0.001915933911221
15 1 17.262640612500000 12.181390680000009 8.613533801700001 -0.001165050410004 -0.000718345413708 -0.000362270293028
23 1 15.344557788300000 15.503588815399999 8.613540438400001 -0.000312935099987 -0.001147832179080 0.000318945969262
31 1 13.426487796399995 12.181395589400003 8.613538384300000 -0.002250157754118 -0.003677722381065 -0.001406076998950
39 7 17.262627163200005 16.610986685300006 11.745734611600000 0.000520598979179 0.000536540651490 -0.000694383910134
95 8 17.593253881800010 14.587061761100006 12.258833442600000 0.001577266029247 0.000679181152372 -0.000630483553792
111 8 17.593251848000001 16.420093920100001 9.666529521300001 0.001535565607570 -0.000957739035070 0.001549548208575
119 8 17.593249127900002 11.990500490400001 11.232628962800000 0.002152837825434 -0.000596741778273 0.001974740151412
127 8 15.344557227600006 15.885353364700006 11.232627459799998 0.000397899824876 0.001823954233471 0.001608345973539
135 8 15.344568078800005 13.288790374900007 9.396583635799999 0.000880114172260 0.000709722771209 0.000616188875681
143 8 13.095880352600002 14.587079165600008 7.560553499600000 -0.001534645750092 0.001419724333990 -0.001910878961866
151 8 17.593249799300004 14.587055878400003 7.560546762400000 0.001800448685937 0.001275600506829 -0.001525866853052
175 8 13.095867367800004 11.990498335500007 11.232641519100001 -0.001463213027151 -0.000262704655006 0.002052105997307
8 1 23.016843666400000 13.288795263500004 11.745737660500000 0.000659184567049 -0.000273108051455 -0.000415143379797
24 1 23.016841158500000 15.503588815399999 8.613540438400001 0.000255352604756 0.000303576126453 -0.000086862299173
32 1 21.098771166600002 12.181395589400003 8.613538384300000 0.000143213595136 0.000189996861253 0.000249749524907
47 7 19.180709987699998 13.288788550000005 11.745727975299999 0.000152186313345 0.000167104320287 -0.001589793995691
55 7 19.180710411900002 15.503580461900007 8.613540254699998 0.000193959095525 -0.000014269869582 0.000272111998572
63 7 21.098782286700004 16.610979775200004 11.745738510299995 -0.000010156312085 0.001113884137692 -0.000466366192588
71 8 20.768171571100002 14.587074131700003 12.258844262099997 -0.002034551972968 0.000300909351087 -0.001302816512011
79 8 19.180716222899996 17.336616904300001 12.258847990200001 -0.000415906000866 -0.002462883293863 -0.001232860994906
87 8 20.768161074900000 16.420097738599999 9.666531706799999 -0.001865604763444 -0.001598168345414 0.001628859806061
103 8 19.180707196099995 13.670551147500003 9.666525792999996 0.000151242063048 0.001766442210044 0.002062389625750
128 8 23.016840597800005 15.885353364700006 11.232627459799998 0.000147145367597 0.001715699375598 0.001532854773142
136 8 23.016851449000004 13.288790374900007 9.396583635799999 -0.000714592370784 0.000106566627849 0.000191416329793
144 8 20.768163722800004 14.587079165600008 7.560553499600000 -0.001635956296464 0.000702290709226 -0.001784813396625
176 8 20.768150737999996 11.990498335500007 11.232641519100001 -0.001941510727947 -0.000852814071647 0.001553439826364
16 1 24.934923982700003 12.181390680000009 8.613533801700001 0.003382000320689 -0.002028135102637 -0.000214331967927
40 7 24.934910533400007 16.610986685300006 11.745734611600000 0.000207691952085 -0.000146927432904 -0.000346291097178
48 7 26.852993357900004 13.288788550000005 11.745727975299999 -0.000170090308355 -0.001090423397993 -0.000845820241453
56 7 26.852993782099993 15.503580461900007 8.613540254699998 -0.000129549957672 -0.000658149811394 -0.000032045622711
64 7 28.771065656899999 16.610979775200004 11.745738510299995 -0.000554735316830 -0.000153674226299 -0.000525440771098
72 8 28.440454941300004 14.587074131700003 12.258844262099997 -0.001365006796498 0.000908249791627 -0.000862336899766
80 8 26.852999593099998 17.336616904300001 12.258847990200001 -0.000224390800188 -0.001892002599204 -0.001328269972036
88 8 28.440444445099999 16.420097738599999 9.666531706799999 -0.001366920865245 -0.000587475843876 0.001451562175165
96 8 25.265537252000023 14.587061761100006 12.258833442600000 0.001418231400542 0.001323806212546 -0.001126182703967
104 8 26.852990566300001 13.670551147500003 9.666525792999996 -0.000160640601877 0.002674590330489 0.001938345894933
112 8 25.265535218199997 16.420093920100001 9.666529521300001 0.001551681947651 -0.000818994781073 0.001719835891710
120 8 25.265532498100001 11.990500490400001 11.232628962800000 0.001539122361055 -0.000461552753043 0.001621737257156
152 8 25.265533169500006 14.587055878400003 7.560546762400000 0.001567526590863 0.001039135782906 -0.001791253839036
