ITEM: TIMESTEP
0
ITEM: NUMBER OF ATOMS
176
ITEM: BOX BOUNDS xy xz yz pp pp pp
0.0000000000000000e+00 3.0689133480799999e+01 7.6722833701999980e+00
0.0000000000000000e+00 1.7718379476200003e+01 7.6722833702000024e+00
0.0000000000000000e+00 1.2528786279200000e+01 4.4295948690000015e+00
ITEM: ATOMS id type x y z fx fy fz
25 1 5.754204426199998 3.322205851300000 2.349145244699999 0.013218317744542 -0.004987159340121 -0.007336649980020
137 8 5.423596982400004 5.727889427500000 1.296160360000000 -0.002510397395137 0.002424629500077 -0.000385064237355
161 8 3.836156472199998 2.214796731300001 1.566094450300000 -0.002531170615095 -0.000369058528481 0.000096320842084
169 8 5.423583997600000 3.131308597400002 4.968248379499999 -0.000679626811207 -0.000335519703126 0.002873865549003
1 1 7.672276926000002 4.429605525400001 5.481344520900000 -0.013908777133354 0.004330936241895 0.005736071695342
9 1 9.595357242300048 3.325087693245923 2.357305627909256 -0.030349212070876 -0.017439955810745 -0.049286592136801
41 7 11.508426617500000 4.429598811900002 5.481334835700000 0.015472284993823 0.008997662869050 0.025756145242347
89 8 9.920970511600007 5.727872023000002 5.994440303000000 0.004080943560850 -0.004421589701389 -0.004996933666075
97 8 11.508423825899998 4.811361409400002 3.402132653400000 -0.004304932235908 -0.007102361743124 0.005138723993954
113 8 9.920965757699999 3.131310752300001 4.968235823200000 0.004363420200206 0.007024236802386 -0.005169503218596
129 8 7.672284708600001 4.429600636800002 3.132190496199999 0.005067340733420 0.002862049520403 0.008336934582308
145 8 9.920966429100000 5.727866140300000 1.296153622799999 0.009743075388219 0.005620147676642 0.011642072672335
153 8 7.672288882800000 1.833036553300000 1.296161863300000 -0.004764158226684 -0.010956280838723 0.001605496268587
162 8 11.508439842400000 2.214796731300001 1.566094450300000 0.004928441221573 0.003021762160166 0.008269998564590
2 1 15.344560296200001 4.429605525400001 5.481344520900000 0.003709449674172 0.000362841441407 0.001492292143665
10 1 17.262640612500000 3.322200941900001 2.349140662099999 0.002050007413465 -0.000626835569266 -0.000663926369849
26 1 13.426487796400002 3.322205851300000 2.349145244699999 0.013221819516912 -0.005053243934547 -0.007436458146351
65 8 13.095888200900001 5.727884393600002 5.994451122499998 -0.006185472818454 -0.003009198804937 -0.004307626874885
90 8 17.593253881800006 5.727872023000002 5.994440303000000 0.001198770698587 0.000839727639660 -0.002013261082527
114 8 17.593249127900009 3.131310752300001 4.968235823200000 0.001235641398449 -0.000661486161085 0.001470910451245
130 8 15.344568078800005 4.429600636800002 3.132190496199999 -0.002449930882696 -0.000483067865509 0.000191655413490
138 8 13.095880352600009 5.727889427500000 1.296160360000000 -0.003995171720524 -0.000097012188980 0.003145275941751
146 8 17.593249799300011 5.727866140300000 1.296153622799999 0.001007638160302 0.000974380287608 -0.001158358813629
154 8 15.344572252999999 1.833036553300000 1.296161863300000 -0.000892010987834 -0.001220137346563 -0.000722111753505
170 8 13.095867367800004 3.131308597400002 4.968248379499999 -0.007424769802674 0.002691434765405 -0.000473024247625
42 7 19.180709987699998 4.429598811900002 5.481334835700000 -0.000379154487807 -0.000160095518948 -0.000147956506696
66 8 20.768171571100002 5.727884393600002 5.994451122499998 -0.000406264445452 0.000372331585798 -0.001554903441571
98 8 19.180707196099995 4.811361409400002 3.402132653400000 -0.000821487893017 0.002360325174108 0.002471466705106
3 1 11.508418611100000 11.073997829000001 5.481344520900000 0.000405920383944 0.000959760361935 -0.000185220611178
17 1 7.672274418099999 6.644399077300000 2.349147298800000 -0.003056818091328 -0.001958796907678 -0.005180488341232
27 1 9.590346111300001 9.966598154900002 2.349145244699999 -0.000114707018975 0.001379066708040 -0.000830033203700
33 7 9.590343793000001 7.751796947200008 5.481341472000000 -0.001299219099883 0.005475540502836 0.001341057495567
49 7 11.508427041700001 6.644390723800001 2.349147115100000 -0.000096726967658 0.018172450110577 -0.012903458188416
73 8 11.508432852700000 8.477427166200002 5.994454850600000 -0.000880626099599 -0.003270516675500 -0.002238140289080
105 8 9.920968477800001 7.560904182000002 3.402136381700000 0.003626898244956 -0.003600993343900 0.002369024970768
121 8 7.672273857400003 7.026163626600007 4.968234320200000 0.002139752560937 0.000833571761636 0.001848797289599
131 8 11.508426393700001 11.073992940400007 3.132190496199999 -0.000444717459674 -0.000988783824760 0.000466473004832
155 8 11.508430567899998 8.477428856900005 1.296161863300000 -0.000019952103692 -0.004860462553743 0.000760830671590
163 8 7.672298157300000 8.859189034900005 1.566094450300000 0.000241650909005 0.000283050156405 0.000552356403380
171 8 9.259725682700001 9.775700901000002 4.968248379499999 -0.001223556238016 -0.002587846551146 0.001378597068924
11 1 13.426498927399999 9.966593245500007 2.349140662099999 0.000710290860330 0.002586422672494 -0.000747505326247
18 1 15.344557788300000 6.644399077300000 2.349147298800000 0.002264915345863 0.001101390144977 -0.000945595889297
28 1 17.262629481500003 9.966598154900002 2.349145244699999 -0.000110123394445 0.001385594329810 -0.000825689723160
34 7 17.262627163200005 7.751796947200008 5.481341472000000 0.000957584391636 0.000333525526029 0.001160726634855
43 7 15.344568302600003 11.073991115500002 5.481334835700000 -0.000738442472399 -0.000357492864699 -0.000725293689363
57 7 13.426498916499998 7.751790037100004 5.481345370700000 0.002118789109988 0.003997844277602 0.001984991363874
81 8 13.095877704700001 7.560908000500002 3.402138567200000 -0.003389643776536 -0.003372784581351 0.001334192206196
99 8 15.344565510999997 11.455753713000002 3.402132653400000 0.000045662856298 -0.001280483483469 0.003948859971968
106 8 17.593251848000001 7.560904182000002 3.402136381700000 0.000945052920785 -0.000979011216552 0.001798390867132
115 8 13.757107442799997 9.775703055900001 4.968235823200000 0.001322675524523 -0.002129404067774 0.001486176992825
122 8 15.344557227600001 7.026163626600007 4.968234320200000 -0.001170599517326 0.001386312063143 0.001165725627988
164 8 15.344581527500001 8.859189034900005 1.566094450300000 -0.000524600414263 -0.000874778680114 0.000377796275453
172 8 16.932009052900014 9.775700901000002 4.968248379499999 -0.001548109792186 -0.000840150524155 0.001442444808713
4 1 19.180701981300000 11.073997829000001 5.481344520900000 0.000010037545076 -0.001764848702331 0.000081544473861
12 1 21.098782297600000 9.966593245500007 2.349140662099999 -0.000355998389849 -0.000123444832887 -0.000307971157642
44 7 23.016851672799998 11.073991115500002 5.481334835700000 -0.000151961411024 -0.000022985959286 0.000241815970400
50 7 19.180710411899998 6.644390723800001 2.349147115100000 0.001169391186396 -0.000793688525955 -0.001080210949988
58 7 21.098782286699997 7.751790037100004 5.481345370700000 -0.001945675120780 0.000896523802296 0.000233559127810
74 8 19.180716222899989 8.477427166200002 5.994454850600000 0.000199560292488 -0.001930957410719 -0.001937145136416
82 8 20.768161074900000 7.560908000500002 3.402138567200000 -0.001215817989953 -0.000724608414542 0.002112227676100
100 8 23.016848881199998 11.455753713000002 3.402132653400000 0.000099318427040 0.001962453113573 0.001678921997582
116 8 21.429390813000008 9.775703055900001 4.968235823200000 0.001953267558710 -0.000889569896910 0.001547077396788
132 8 19.180709763900005 11.073992940400007 3.132190496199999 0.000318661652505 0.000153208199753 0.000646639586880
156 8 19.180713938099998 8.477428856900005 1.296161863300000 0.000024583724466 -0.001619901528177 -0.001519665858383
19 1 11.508416103199997 13.288791380900006 2.349147298800000 0.002261464441228 0.001100796683652 -0.000937731397200
123 8 11.508415542500002 13.670555930200003 4.968234320200000 -0.000089666339602 0.001933385734547 0.001987077171961
139 8 9.259738667499999 12.372281731100001 1.296160360000000 -0.002230756858388 0.000700376465412 -0.001377248547312
35 7 13.426485478100000 14.396189250800001 5.481341472000000 -0.001855265276354 -0.001287110019014 -0.003434045299840
51 7 15.344568726800000 13.288783027399999 2.349147115100000 -0.000045568369522 0.018100712744918 -0.012776444667056
59 7 17.262640601600001 14.396182340700005 5.481345370700000 -0.005494767840453 -0.020839245325387 0.004209046684156
67 8 16.932029885999999 12.372276697200000 5.994451122499998 -0.000682360098699 0.004356747417408 -0.002064597512030
75 8 15.344574537799998 15.121819469800011 5.994454850600000 0.004544199733058 0.000356093288163 -0.002246155529719
83 8 16.932019389799994 14.205300304100005 3.402138567200000 0.006349311648193 0.003618982908524 0.014513808024499
91 8 13.757112196700003 12.372264326600002 5.994440303000000 0.001728502181775 0.001141564990002 -0.001153998904570
107 8 13.757110162900000 14.205296485600002 3.402136381700000 -0.000817710503891 -0.001777459558540 0.006302174016917
140 8 16.932022037700008 12.372281731100001 1.296160360000000 0.000434600383701 -0.001919457393021 -0.000826537545607
147 8 13.757108114200003 12.372258443900009 1.296153622799999 -0.000038906484945 -0.001435470432783 -0.001500935527095
20 1 19.180699473400008 13.288791380900006 2.349147298800000 -0.003108390720268 -0.001827859550195 -0.005195359564799
36 7 21.098768848300001 14.396189250800001 5.481341472000000 0.003709308768987 -0.004520935605974 0.001808272966447
52 7 23.016852096999997 13.288783027399999 2.349147115100000 0.001157286586219 -0.000790362689494 -0.001084413472352
76 8 23.016857907999988 15.121819469800011 5.994454850600000 -0.002247136876319 -0.001595165154754 -0.002030491610787
92 8 21.429395566900006 12.372264326600002 5.994440303000000 0.000968153631337 0.002640706801545 -0.001805077399945
108 8 21.429393533100004 14.205296485600002 3.402136381700000 0.000678934600799 0.000749912104018 0.002807466347551
124 8 19.180698912699995 13.670555930200003 4.968234320200000 -0.000948160582514 0.005103644309533 0.002058623109775
148 8 21.429391484400018 12.372258443900009 1.296153622799999 0.002145759631933 0.001209734349460 -0.000716461832035
60 7 24.934923971800007 14.396182340700005 5.481345370700000 0.001129727477251 -0.000116556575398 -0.000191289223464
68 8 24.604313256200001 12.372276697200000 5.994451122499998 -0.001968398989124 0.000541344387853 -0.001503633052661
84 8 24.604302760000003 14.205300304100005 3.402138567200000 -0.002344332419706 -0.000962844290231 0.001668580022505
29 1 9.590346111300004 5.537003285800003 8.613538384300000 -0.000198346693435 0.001338966027534 0.003663757085154
157 8 11.508430567900000 4.047833987800002 7.560555002900000 -0.001226180350219 -0.001368148282692 -0.007952446781931
165 8 7.672298157300002 4.429594165800001 7.830487589900000 0.001070762185964 -0.000200418066328 -0.002159767592260
173 8 9.259725682700003 5.346106031900003 11.232641519100001 -0.002028749120192 -0.001118562219512 0.000648530159097
13 1 13.426498927400001 5.536998376400002 8.613533801700001 0.002523966400476 0.001539304108028 0.004394986353025
30 1 17.262629481500003 5.537003285800003 8.613538384300000 -0.000185829433827 0.001333699073323 0.003647255825934
117 8 13.757107442800002 5.346108186800002 11.232628962800000 -0.002578729392545 -0.004471825928156 -0.001495493245103
166 8 15.344581527500001 4.429594165800001 7.830487589900000 -0.001138970391859 -0.000517042540926 -0.001695312123511
174 8 16.932009052900007 5.346106031900003 11.232641519100001 0.000817934569278 -0.006341894687625 -0.002307097425671
14 1 21.098782297600003 5.536998376400002 8.613533801700001 -0.001994950726573 0.000822802477798 0.001300563107632
118 8 21.429390813000005 5.346108186800002 11.232628962800000 0.003175623378973 -0.001113324646519 0.001246996084880
158 8 19.180713938100002 4.047833987800002 7.560555002900000 0.000385315377365 -0.002052551463959 -0.002016855471259
5 1 11.508418611100007 6.644402959900002 11.745737660500000 0.003688204981673 0.000363053533892 0.001494486802201
21 1 11.508416103199998 8.859196511800004 8.613540438400001 0.001128450525372 0.000543670031158 0.001693303671357
125 8 11.508415542500003 9.240961061100004 11.232627459799998 -0.001760084879174 0.002204589089807 0.000823120298066
133 8 11.508426393700002 6.644398071300002 9.396583635799999 -0.001057212314064 -0.000638157690583 -0.001606987276105
141 8 9.259738667500002 7.942686862000003 7.560553499600000 -0.000986694134050 -0.000329749670769 -0.003247773811727
167 8 11.508439842400001 11.073986469400005 7.830487589900000 -0.000326185054034 -0.000053609521572 -0.000373215719375
37 7 13.426485478099996 9.966594381700006 11.745734611600000 0.003705673082362 -0.004491416622328 0.001816567914552
45 7 15.344568302600001 6.644396246400003 11.745727975299999 0.015303855102308 0.008900429087712 0.025481058121594
53 7 15.344568726799995 8.859188158300002 8.613540254699998 0.001451680079480 -0.001358015081951 0.004266863477606
61 7 17.262640601600001 9.966587471600000 11.745738510299995 -0.005437425470913 -0.020705055256977 0.004259528217325
69 8 16.932029886000002 7.942681828100003 12.258844262099997 0.000619831135427 0.008465031600804 -0.008529712843976
77 8 15.344574537800005 10.692224600700005 12.258847990200001 -0.001439771147588 0.001281242023429 -0.000812339459344
85 8 16.932019389799990 9.775705435000003 9.666531706799999 -0.001527614538812 0.000479241932325 -0.001180013075343
93 8 13.757112196700007 7.942669457500004 12.258833442600000 -0.004145692647103 0.004620891258406 -0.003136410123637
101 8 15.344565511000003 7.026158843900003 9.666525792999996 -0.001153032515091 0.002205111188756 -0.004724322100280
109 8 13.757110162900005 9.775701616500001 9.666529521300001 0.000862923281787 -0.000324319250226 0.000184152880511
142 8 16.932022037700005 7.942686862000003 7.560553499600000 -0.001248919101714 0.000689589660669 -0.003027919463560
149 8 13.757108114200001 7.942663574800001 7.560546762400000 0.000341869026377 0.000168902946450 -0.003656420157905
159 8 15.344572253000006 10.692226291400004 7.560555002900000 -0.000066155635810 -0.000805408552586 -0.002629074745717
6 1 19.180701981300004 6.644402959900002 11.745737660500000 -0.013807335139485 0.004322119182601 0.005798223258118
22 1 19.180699473400011 8.859196511800004 8.613540438400001 -0.001420041610260 -0.000842142860214 0.002003661350321
38 7 21.098768848300008 9.966594381700006 11.745734611600000 -0.001863758512293 -0.001296866012364 -0.003425445237176
46 7 23.016851672800001 6.644396246400003 11.745727975299999 -0.000396185137303 -0.000158065416889 -0.000138244316231
54 7 23.016852096999990 8.859188158300002 8.613540254699998 -0.001019765901773 0.000741399246023 0.000807458297366
78 8 23.016857907999999 10.692224600700005 12.258847990200001 -0.000567080167087 -0.001871411147951 -0.000866490679030
94 8 21.429395566900006 7.942669457500004 12.258833442600000 0.002567292697381 0.001625711778977 0.000199282909843
102 8 23.016848881199998 7.026158843900003 9.666525792999996 0.000461787456952 0.001529310982422 0.001175114761609
110 8 21.429393533100001 9.775701616500001 9.666529521300001 0.002224060330731 -0.000745011854648 0.001551709271692
126 8 19.180698912700002 9.240961061100004 11.232627459799998 0.005011935320935 0.004155091997071 0.000600273539106
134 8 19.180709763900005 6.644398071300002 9.396583635799999 0.001144477102478 -0.000318806822409 -0.002076751433979
150 8 21.429391484400004 7.942663574800001 7.560546762400000 0.002279008048428 0.000873347175586 -0.001898075000931
160 8 23.016855623200005 10.692226291400004 7.560555002900000 -0.000020302654909 -0.001787751273952 -0.001900821918302
168 8 19.180723212599993 11.073986469400005 7.830487589900000 0.000146556703604 0.000929413816530 -0.000669338171437
62 7 24.934923971800000 9.966587471600000 11.745738510299995 0.001123963888031 -0.000113998668261 -0.000189248994116
70 8 24.604313256200005 7.942681828100003 12.258844262099997 -0.002342398343025 0.000824409266345 -0.001335947123786
86 8 24.604302759999996 9.775705435000003 9.666531706799999 -0.001846296449448 -0.001093497426293 0.001074818648834
7 1 15.344560296200003 13.288795263500004 11.745737660500000 0.000013170309828 -0.001766891481005 0.000089792615141
15 1 17.262640612500000 12.181390680000009 8.613533801700001 -0.000465749114792 -0.002281050659771 0.001693578871350
23 1 15.344557788300000 15.503588815399999 8.613540438400001 -0.001427996505160 -0.000845322447868 0.002004091037349
31 1 13.426487796399995 12.181395589400003 8.613538384300000 0.000254701649971 -0.000898374764757 0.000685866105939
39 7 17.262627163200005 16.610986685300006 11.745734611600000 0.000949277275248 0.000330603006140 0.001166824320963
95 8 17.593253881800010 14.587061761100006 12.258833442600000 0.001687077013049 0.001120732062701 -0.001224913866721
111 8 17.593251848000001 16.420093920100001 9.666529521300001 0.001935970304374 -0.000988347143373 0.000137457797431
119 8 17.593249127900002 11.990500490400001 11.232628962800000 0.002897340007502 0.002867454774644 0.000731164287648
127 8 15.344557227600006 15.885353364700006 11.232627459799998 0.000683712515893 0.001875451929160 0.000914697039902
135 8 15.344568078800005 13.288790374900007 9.396583635799999 0.000225027302606 0.000814564420266 -0.000582976229222
143 8 13.095880352600002 14.587079165600008 7.560553499600000 -0.000956060848450 0.000934144459538 -0.001618258680893
151 8 17.593249799300004 14.587055878400003 7.560546762400000 0.001832951916066 0.002422243793941 -0.003999066933460
175 8 13.095867367800004 11.990498335500007 11.232641519100001 -0.002265565849049 0.000679458776212 0.000859009615512
8 1 23.016843666400000 13.288795263500004 11.745737660500000 0.000405620528063 0.000954289109548 -0.000185140114576
24 1 23.016841158500000 15.503588815399999 8.613540438400001 0.001133886098785 0.000535354905538 0.001692933423937
32 1 21.098771166600002 12.181395589400003 8.613538384300000 0.000256069793620 -0.000902905503461 0.000688679645970
47 7 19.180709987699998 13.288788550000005 11.745727975299999 -0.000744919478836 -0.000369441000139 -0.000717091190455
55 7 19.180710411900002 15.503580461900007 8.613540254699998 0.001450337943423 -0.001375849113471 0.004279979378114
63 7 21.098782286700004 16.610979775200004 11.745738510299995 0.002112555419224 0.003977181654963 0.001990069525079
71 8 20.768171571100002 14.587074131700003 12.258844262099997 -0.002256508378042 -0.000633811176166 -0.001320742187591
79 8 19.180716222899996 17.336616904300001 12.258847990200001 -0.001642228569022 -0.002416672572427 -0.001690781905929
87 8 20.768161074900000 16.420097738599999 9.666531706799999 -0.003014792607359 -0.001763900170028 -0.000831269801621
103 8 19.180707196099995 13.670551147500003 9.666525792999996 0.000006975197423 0.002784899480174 0.000559285958843
128 8 23.016840597800005 15.885353364700006 11.232627459799998 -0.000404281607425 0.000545193790209 0.000618173603996
136 8 23.016851449000004 13.288790374900007 9.396583635799999 -0.000250331813132 -0.000166496090109 -0.000284202285049
144 8 20.768163722800004 14.587079165600008 7.560553499600000 -0.002323115744012 0.001362956948862 -0.002991057981826
176 8 20.768150737999996 11.990498335500007 11.232641519100001 -0.001504901379040 -0.000812127050304 0.001509743351056
16 1 24.934923982700003 12.181390680000009 8.613533801700001 0.000048324020975 0.000109992091243 0.000352283237469
40 7 24.934910533400007 16.610986685300006 11.745734611600000 -0.001282113442185 0.005453932186867 0.001354749408618
48 7 26.852993357900004 13.288788550000005 11.745727975299999 -0.000150317387295 -0.000022051681989 0.000244499553421
56 7 26.852993782099993 15.503580461900007 8.613540254699998 -0.001014470747263 0.000738564076710 0.000804626084367
64 7 28.771065656899999 16.610979775200004 11.745738510299995 -0.001949264578000 0.000904786108016 0.000243272800118
72 8 28.440454941300004 14.587074131700003 12.258844262099997 -0.001631177811705 0.000594108584835 -0.001260801622919
80 8 26.852999593099998 17.336616904300001 12.258847990200001 0.001647273909666 -0.002980860059826 -0.001021915190609
88 8 28.440444445099999 16.420097738599999 9.666531706799999 -0.001075496732791 -0.001065348099620 0.000924713856414
96 8 25.265537252000023 14.587061761100006 12.258833442600000 0.002008088951373 -0.000627732893111 -0.001288855756791
104 8 26.852990566300001 13.670551147500003 9.666525792999996 0.000052692873659 0.001795030965109 0.001295205523937
112 8 25.265535218199997 16.420093920100001 9.666529521300001 0.002187196829015 -0.002001929580022 -0.000072343769605
120 8 25.265532498100001 11.990500490400001 11.232628962800000 0.001614946040751 -0.000944398462462 0.001302182445169
152 8 25.265533169500006 14.587055878400003 7.560546762400000 0.001507474440393 0.000846088920516 -0.001750946081250
