ITEM: TIMESTEP
0
ITEM: NUMBER OF ATOMS
176
ITEM: BOX BOUNDS xy xz yz pp pp pp
0.0000000000000000e+00 3.0689133480799999e+01 7.6722833701999980e+00
0.0000000000000000e+00 1.7718379476200003e+01 7.6722833702000024e+00
0.0000000000000000e+00 1.2528786279200000e+01 4.4295948690000015e+00
ITEM: ATOMS id type x y z fx fy fz
25 1 5.754204426199998 3.322205851300000 2.349145244699999 0.007564382558533 0.004204587849300 -0.003640662457058
137 8 5.423596982400004 5.727889427500000 1.296160360000000 -0.001877829948981 -0.001958979607611 -0.000064521310323
161 8 3.836156472199998 2.214796731300001 1.566094450300000 0.003524149374802 0.002171036835321 0.003340633210307
169 8 5.428583997600049 3.134195348745923 4.976413345309254 -0.025385312729633 -0.014601196628636 -0.042181371048779
1 1 7.672276926000002 4.429605525400001 5.481344520900000 -0.003534096719513 -0.002203041722011 0.006503488658355
9 1 9.590357242299998 3.322200941900001 2.349140662099999 0.000695431320722 0.000525646398908 0.001655559165151
41 7 11.508426617500000 4.429598811900002 5.481334835700000 -0.003110885217182 -0.000099701728380 0.000731724373804
89 8 9.920970511600007 5.727872023000002 5.994440303000000 0.005373915534005 0.003247919713881 -0.000803231604665
97 8 11.508423825899998 4.811361409400002 3.402132653400000 0.000084245278987 0.001548532985441 0.000980062834672
113 8 9.920965757699999 3.131310752300001 4.968235823200000 0.004090035992914 -0.001736236868334 0.000238249047257
129 8 7.672284708600001 4.429600636800002 3.132190496199999 -0.004642137503260 -0.002703714451278 -0.006221731684491
145 8 9.920966429100000 5.727866140300000 1.296153622799999 0.001356355016187 0.000757640294202 -0.001677624920139
153 8 7.672288882800000 1.833036553300000 1.296161863300000 -0.002549514123487 -0.000688197646660 -0.000107033808164
162 8 11.508439842400000 2.214796731300001 1.566094450300000 -0.000177812143350 0.000073593913959 0.000045402411680
2 1 15.344560296200001 4.429605525400001 5.481344520900000 -0.001220805623207 0.000650879317677 0.000824793234367
10 1 17.262640612500000 3.322200941900001 2.349140662099999 -0.004147331901612 0.000109787172243 -0.001587444588706
26 1 13.426487796400002 3.322205851300000 2.349145244699999 -0.000654021417276 -0.000113083311516 -0.000017148340254
65 8 13.095888200900001 5.727884393600002 5.994451122499998 -0.000815396149549 0.000815975724810 -0.001110818846111
90 8 17.593253881800006 5.727872023000002 5.994440303000000 0.001424373240193 0.001324166497492 -0.001320082119265
114 8 17.593249127900009 3.131310752300001 4.968235823200000 0.005169295368148 -0.001776531817642 -0.000656249054601
130 8 15.344568078800005 4.429600636800002 3.132190496199999 0.001273827948546 -0.000415687083350 -0.000121084507895
138 8 13.095880352600009 5.727889427500000 1.296160360000000 -0.001228550824071 0.000852099477611 -0.001652677379267
146 8 17.593249799300011 5.727866140300000 1.296153622799999 0.002530482017770 0.000390402791241 -0.000080437324633
154 8 15.344572252999999 1.833036553300000 1.296161863300000 0.000493189810149 -0.001531641364823 -0.001078877927874
170 8 13.095867367800004 3.131308597400002 4.968248379499999 -0.000659920838838 -0.001257385413777 0.001169585899669
42 7 19.180709987699998 4.429598811900002 5.481334835700000 0.009349552990556 0.004815737549260 0.014279160803228
66 8 20.768171571100002 5.727884393600002 5.994451122499998 -0.006026517629886 0.014794238231503 -0.000520815947321
98 8 19.180707196099995 4.811361409400002 3.402132653400000 0.007448762839721 -0.010471458673757 0.004779909225680
3 1 11.508418611100000 11.073997829000001 5.481344520900000 0.000094146442699 -0.001626685623269 0.000824794175866
17 1 7.672274418099999 6.644399077300000 2.349147298800000 0.000934602296590 0.000383979814707 0.001559210470370
27 1 9.590346111300001 9.966598154900002 2.349145244699999 -0.000284065451445 -0.000753861257319 -0.000017149610813
33 7 9.590343793000001 7.751796947200008 5.481341472000000 -0.001296420092264 -0.002598525074110 0.000504053849792
49 7 11.508427041700001 6.644390723800001 2.349147115100000 -0.000362573932856 0.000071364430728 0.000691582008900
73 8 11.508432852700000 8.477427166200002 5.994454850600000 0.000311806837390 -0.001171836919934 -0.001123382099281
105 8 9.920968477800001 7.560904182000002 3.402136381700000 0.001416531998495 -0.000747165111366 0.001000958416579
121 8 7.672273857400003 7.026163626600007 4.968234320200000 0.000530574897783 0.004313000416819 0.000274678811707
131 8 11.508426393700001 11.073992940400007 3.132190496199999 0.000297337809310 0.001275660434220 -0.000121071052038
155 8 11.508430567899998 8.477428856900005 1.296161863300000 0.000209565773316 -0.001531406056158 -0.001695174048140
163 8 7.672298157300000 8.859189034900005 1.566094450300000 -0.000143236004044 0.000013708662392 0.000045396523916
171 8 9.259725682700001 9.775700901000002 4.968248379499999 -0.001466521465103 0.000139726475484 0.001169579770511
11 1 13.426498927399999 9.966593245500007 2.349140662099999 0.000144310284106 -0.000606513873157 -0.000175741283941
18 1 15.344557788300000 6.644399077300000 2.349147298800000 -0.000321425605342 0.000472758874676 -0.000272116125501
28 1 17.262629481500003 9.966598154900002 2.349145244699999 0.000396357217024 0.000066168036248 0.000023568616616
34 7 17.262627163200005 7.751796947200008 5.481341472000000 0.000937682229160 0.000292778103282 0.001105451438775
43 7 15.344568302600003 11.073991115500002 5.481334835700000 0.000510131514968 0.000389458398727 0.001333104449771
57 7 13.426498916499998 7.751790037100004 5.481345370700000 -0.000735167268263 -0.000143753707524 -0.000065599438343
81 8 13.095877704700001 7.560908000500002 3.402138567200000 -0.000482405164676 -0.000304813516097 0.000643673889363
99 8 15.344565510999997 11.455753713000002 3.402132653400000 -0.000349236240156 0.002607028164515 0.000849651131517
106 8 17.593251848000001 7.560904182000002 3.402136381700000 0.002116466957137 -0.001651802620393 0.000870539527925
115 8 13.757107442799997 9.775703055900001 4.968235823200000 0.001779985805961 -0.000694879671639 0.001098367224551
122 8 15.344557227600001 7.026163626600007 4.968234320200000 0.000277402713135 0.001791728643493 0.001134821864742
164 8 15.344581527500001 8.859189034900005 1.566094450300000 -0.000307373105936 -0.000041122674341 0.000300880140300
172 8 16.932009052900014 9.775700901000002 4.968248379499999 -0.001831995376049 -0.001002685199329 0.000997858535680
4 1 19.180701981300000 11.073997829000001 5.481344520900000 0.000044089075783 -0.000137207891959 0.000203066757264
12 1 21.098782297600000 9.966593245500007 2.349140662099999 -0.000067477354940 0.000014456111487 0.000190499639868
44 7 23.016851672799998 11.073991115500002 5.481334835700000 -0.000932394091560 -0.001146788314342 0.000358794677047
50 7 19.180710411899998 6.644390723800001 2.349147115100000 0.000207486401965 0.006089139920514 -0.001571252705899
58 7 21.098782286699997 7.751790037100004 5.481345370700000 0.000112010179211 -0.005308624727423 0.002538019410642
74 8 19.180716222899989 8.477427166200002 5.994454850600000 -0.001381512928709 -0.001347557549098 -0.001565772480573
82 8 20.768161074900000 7.560908000500002 3.402138567200000 -0.002694857369772 -0.001744645063819 -0.000317381321359
100 8 23.016848881199998 11.455753713000002 3.402132653400000 0.000159406497008 0.002143016633457 0.001416193056648
116 8 21.429390813000008 9.775703055900001 4.968235823200000 0.002041114921860 0.000819864429055 0.000861056993535
132 8 19.180709763900005 11.073992940400007 3.132190496199999 -0.000175560534000 -0.000124931399534 -0.000075337156145
156 8 19.180713938099998 8.477428856900005 1.296161863300000 -0.000102956030495 -0.003418254315569 -0.000786671937299
19 1 11.508416103199997 13.288791380900006 2.349147298800000 -0.001846956046944 -0.003602063916718 -0.001683776641253
123 8 11.508415542500002 13.670555930200003 4.968234320200000 0.001035284687865 0.005267699399779 -0.000619831104069
139 8 9.259738667499999 12.372281731100001 1.296160360000000 -0.001086930356889 0.001097846091452 -0.001036363590077
35 7 13.426485478100000 14.396189250800001 5.481341472000000 0.009190607298600 0.005734854642291 0.014051447838858
51 7 15.344568726800000 13.288783027399999 2.349147115100000 0.005134023156209 -0.002443833153316 -0.001571282654167
59 7 17.262640601600001 14.396182340700005 5.481345370700000 -0.004784514974233 0.003172302029744 0.002538026356093
67 8 16.932029885999999 12.372276697200000 5.994451122499998 -0.001814238626995 -0.000562619198601 -0.001553211716545
75 8 15.344574537799998 15.121819469800011 5.994454850600000 0.009811826335505 -0.012673957340444 -0.000533353545127
83 8 16.932019389799994 14.205300304100005 3.402138567200000 -0.002835516700079 -0.001500995974307 -0.000317370800790
91 8 13.757112196700003 12.372264326600002 5.994440303000000 0.001733076412361 0.000789487590402 -0.001320108981079
107 8 13.757110162900000 14.205296485600002 3.402136381700000 -0.005310834831759 0.011640718182964 0.004800830879199
140 8 16.932022037700008 12.372281731100001 1.296160360000000 -0.003018881512400 0.001524881375762 -0.000744139553485
147 8 13.757108114200003 12.372258443900009 1.296153622799999 0.001625390480537 0.001958081102159 -0.000080435350319
20 1 19.180699473400008 13.288791380900006 2.349147298800000 0.000110429292411 -0.000021134757482 0.000094137421869
36 7 21.098768848300001 14.396189250800001 5.481341472000000 -0.001114007252983 -0.000188360238893 0.000131153132329
52 7 23.016852096999997 13.288783027399999 2.349147115100000 -0.001388843132285 -0.000521182806201 -0.000532058606132
76 8 23.016857907999988 15.121819469800011 5.994454850600000 0.000916635320978 -0.001843425726669 -0.001813257081382
92 8 21.429395566900006 12.372264326600002 5.994440303000000 0.001881611016460 0.001231681069759 -0.001378166428984
108 8 21.429393533100004 14.205296485600002 3.402136381700000 0.001968950302610 -0.000979318613178 0.001437091703867
124 8 19.180698912699995 13.670555930200003 4.968234320200000 0.001719791656261 0.001260497894192 0.000897495000913
148 8 21.429391484400018 12.372258443900009 1.296153622799999 0.002144246048019 0.001212527710664 -0.000691865542450
60 7 24.934923971800007 14.396182340700005 5.481345370700000 -0.003780112691323 -0.001901781455547 0.003194748130457
68 8 24.604313256200001 12.372276697200000 5.994451122499998 -0.001094600262903 0.001675564347640 -0.001800688756376
84 8 24.604302760000003 14.205300304100005 3.402138567200000 -0.000560230419979 -0.000349786220959 0.001327490519053
29 1 9.590346111300004 5.537003285800003 8.613538384300000 -0.001707921523284 -0.001148744435435 -0.001912215148309
157 8 11.508430567900000 4.047833987800002 7.560555002900000 0.000531335638853 -0.001953662516972 -0.001353644567547
165 8 7.672298157300002 4.429594165800001 7.830487589900000 0.001808292595858 0.001180303042745 0.005020265320937
173 8 9.259725682700003 5.346106031900003 11.232641519100001 -0.001166817856246 -0.000618648547296 0.002097535046980
13 1 13.426498927400001 5.536998376400002 8.613533801700001 -0.000482121274006 -0.000136140915883 -0.000662468841482
30 1 17.262629481500003 5.537003285800003 8.613538384300000 0.001652040300062 -0.000460109717497 -0.000292345425956
117 8 13.757107442800002 5.346108186800002 11.232628962800000 0.001814748774029 -0.000358651357455 0.001901003358967
166 8 15.344581527500001 4.429594165800001 7.830487589900000 -0.000511416623667 -0.000102424717779 -0.000305292976956
174 8 16.932009052900007 5.346106031900003 11.232641519100001 -0.002420462551219 -0.000452848340801 0.001996671341001
14 1 21.098782297600003 5.536998376400002 8.613533801700001 0.000657242034582 -0.001947964848177 -0.003830268793732
118 8 21.429390813000005 5.346108186800002 11.232628962800000 0.002107402373962 -0.000590425726474 0.002205412904044
158 8 19.180713938100002 4.047833987800002 7.560555002900000 -0.004527936017402 -0.000730020651556 0.001114461729214
5 1 11.508418611100007 6.644402959900002 11.745737660500000 -0.000715399483377 -0.000575704199791 -0.002670705920054
21 1 11.508416103199998 8.859196511800004 8.613540438400001 -0.000227308945351 -0.000304930149847 -0.000758846809989
125 8 11.508415542500003 9.240961061100004 11.232627459799998 0.000585974968359 0.001653715186145 0.001937449133571
133 8 11.508426393700002 6.644398071300002 9.396583635799999 0.000862223365800 0.000474237630095 0.001459709012929
141 8 9.259738667500002 7.942686862000003 7.560553499600000 -0.001433339159400 0.001341892099477 -0.001311135292843
167 8 11.508439842400001 11.073986469400005 7.830487589900000 -0.000462479403506 -0.000187188844432 -0.000305308282046
37 7 13.426485478099996 9.966594381700006 11.745734611600000 0.000348860780496 0.001834458647594 -0.002077683947072
45 7 15.344568302600001 6.644396246400003 11.745727975299999 0.001550851752113 -0.000891331366069 -0.001850029664885
53 7 15.344568726799995 8.859188158300002 8.613540254699998 0.000445202061366 0.000537721965576 -0.000622832265350
61 7 17.262640601600001 9.966587471600000 11.745738510299995 0.000476813419214 0.000555970890013 -0.000349926963631
69 8 16.932029886000002 7.942681828100003 12.258844262099997 -0.002529258063497 0.000329778441199 -0.001182898896861
77 8 15.344574537800005 10.692224600700005 12.258847990200001 -0.000966181134901 -0.002412979825942 -0.001195465969726
85 8 16.932019389799990 9.775705435000003 9.666531706799999 -0.001412129737619 -0.000841669822033 0.001346218609960
93 8 13.757112196700007 7.942669457500004 12.258833442600000 0.000773615791060 0.000592023540639 0.003142107033931
101 8 15.344565511000003 7.026158843900003 9.666525792999996 -0.000432000318010 0.001657841502060 0.002582179748127
109 8 13.757110162900005 9.775701616500001 9.666529521300001 0.001253067071260 -0.001248896464574 0.002603073358502
142 8 16.932022037700005 7.942686862000003 7.560553499600000 -0.001801072963226 0.000921606561099 -0.001744159560907
149 8 13.757108114200001 7.942663574800001 7.560546762400000 0.001829106106795 0.001030583118880 -0.001125573822205
159 8 15.344572253000006 10.692226291400004 7.560555002900000 -0.000016510088804 -0.002061978865783 -0.001786670367559
6 1 19.180701981300004 6.644402959900002 11.745737660500000 0.000497669869824 -0.000279712348626 -0.000772017882949
22 1 19.180699473400011 8.859196511800004 8.613540438400001 0.000620623989572 -0.000730305399348 -0.000471146133649
38 7 21.098768848300008 9.966594381700006 11.745734611600000 -0.000127791077904 -0.000225965471467 -0.000319061977108
46 7 23.016851672800001 6.644396246400003 11.745727975299999 -0.001147257829738 -0.000653920246666 -0.001202149228995
54 7 23.016852096999990 8.859188158300002 8.613540254699998 -0.000503837309796 -0.000890595469959 -0.000802884477122
78 8 23.016857907999999 10.692224600700005 12.258847990200001 0.000057184610157 -0.001967750221933 -0.000992716836303
94 8 21.429395566900006 7.942669457500004 12.258833442600000 0.001779085347879 0.001183094528169 -0.001028747731700
102 8 23.016848881199998 7.026158843900003 9.666525792999996 0.000261167132639 0.002208695102736 0.002480198393745
110 8 21.429393533100001 9.775701616500001 9.666529521300001 0.001338264111114 -0.000536001981429 0.001999308281995
126 8 19.180698912700002 9.240961061100004 11.232627459799998 0.000077942314933 0.001984028102205 0.001581937796757
134 8 19.180709763900005 6.644398071300002 9.396583635799999 -0.000887818641606 0.000620118251039 0.000866101019090
150 8 21.429391484400004 7.942663574800001 7.560546762400000 0.002145519542401 0.002308845356478 -0.000733611627043
160 8 23.016855623200005 10.692226291400004 7.560555002900000 0.000152049746586 -0.001271936525939 -0.001793594143695
168 8 19.180723212599993 11.073986469400005 7.830487589900000 -0.000075119018349 0.000092957766758 0.000068522611083
62 7 24.934923971800000 9.966587471600000 11.745738510299995 -0.000842050343624 0.000656374496551 -0.001393249181443
70 8 24.604313256200005 7.942681828100003 12.258844262099997 -0.001022398884336 0.000722804318124 -0.000504749313987
86 8 24.604302759999996 9.775705435000003 9.666531706799999 -0.000852294437787 -0.000497682827176 0.001726026891231
7 1 15.344560296200003 13.288795263500004 11.745737660500000 0.000147473314944 0.000326843011794 -0.000772024963399
15 1 17.262640612500000 12.181390680000009 8.613533801700001 -0.000426550105947 0.000810888882602 -0.000374784512561
23 1 15.344557788300000 15.503588815399999 8.613540438400001 -0.001226692772753 0.001587712056777 -0.003926658914987
31 1 13.426487796399995 12.181395589400003 8.613538384300000 0.000568442876941 0.001416754916612 -0.000292342082798
39 7 17.262627163200005 16.610986685300006 11.745734611600000 -0.000794584940492 -0.000620873472871 -0.001429798227988
95 8 17.593253881800010 14.587061761100006 12.258833442600000 0.001788270037141 0.001167186187131 -0.001028744736812
111 8 17.593251848000001 16.420093920100001 9.666529521300001 0.002076710780247 -0.000924030760758 0.002501088756804
119 8 17.593249127900002 11.990500490400001 11.232628962800000 0.001846797754888 -0.000963772776190 0.001545497203641
127 8 15.344557227600006 15.885353364700006 11.232627459799998 0.000531577752607 0.002023044547016 0.002241854826275
135 8 15.344568078800005 13.288790374900007 9.396583635799999 0.000113542033227 -0.001114275499396 0.000866103923565
143 8 13.095880352600002 14.587079165600008 7.560553499600000 -0.002903288450325 -0.003651420238580 0.001156979346954
151 8 17.593249799300004 14.587055878400003 7.560546762400000 0.003094307333803 0.000665471642378 -0.000733608005254
175 8 13.095867367800004 11.990498335500007 11.232641519100001 -0.001650055020162 -0.001787249348779 0.001996682665910
8 1 23.016843666400000 13.288795263500004 11.745737660500000 0.000114220483603 -0.000096728535988 -0.000328403990813
24 1 23.016841158500000 15.503588815399999 8.613540438400001 0.000262028667880 -0.000035376007017 0.000110442157868
32 1 21.098771166600002 12.181395589400003 8.613538384300000 -0.000028489201035 -0.000179114852969 -0.000121744050367
47 7 19.180709987699998 13.288788550000005 11.745727975299999 -0.000471866254289 -0.000273913230769 -0.000091414945413
55 7 19.180710411900002 15.503580461900007 8.613540254699998 -0.001266273646429 0.000429980314209 -0.000802871437093
63 7 21.098782286700004 16.610979775200004 11.745738510299995 -0.000095663580010 -0.000636385103726 -0.001393241197440
71 8 20.768171571100002 14.587074131700003 12.258844262099997 -0.001631987363685 0.000993427436133 -0.000980148383437
79 8 19.180716222899996 17.336616904300001 12.258847990200001 0.000127614415171 -0.001304522224036 -0.000517306979454
87 8 20.768161074900000 16.420097738599999 9.666531706799999 -0.000834296445419 -0.000528747477192 0.001726077023669
103 8 19.180707196099995 13.670551147500003 9.666525792999996 0.000227987568171 0.001375175127077 0.001978418873747
128 8 23.016840597800005 15.885353364700006 11.232627459799998 -0.000196062309337 0.002048039410730 0.001767775156823
136 8 23.016851449000004 13.288790374900007 9.396583635799999 -0.000034134208884 -0.000043274556023 0.000118861261214
144 8 20.768163722800004 14.587079165600008 7.560553499600000 -0.001032598069160 0.000672549882502 -0.001751097373089
176 8 20.768150737999996 11.990498335500007 11.232641519100001 -0.001570176153134 -0.000851525667027 0.001483576697308
16 1 24.934923982700003 12.181390680000009 8.613533801700001 -0.000004012675970 0.000152855985485 0.000206811302795
40 7 24.934910533400007 16.610986685300006 11.745734611600000 0.000920940135115 -0.000356572702483 -0.000966605645779
48 7 26.852993357900004 13.288788550000005 11.745727975299999 -0.000060596527222 0.000699629993743 -0.000738965167486
56 7 26.852993782099993 15.503580461900007 8.613540254699998 0.003111055941915 0.002076847464141 -0.001572426824753
64 7 28.771065656899999 16.610979775200004 11.745738510299995 -0.000150042213382 0.000194057519403 -0.001450006330073
72 8 28.440454941300004 14.587074131700003 12.258844262099997 -0.001848928709264 0.000322684680083 -0.001113471933591
80 8 26.852999593099998 17.336616904300001 12.258847990200001 -0.000632156585025 -0.001820255529234 -0.001126035710137
88 8 28.440444445099999 16.420097738599999 9.666531706799999 -0.002016179116599 -0.001190378456387 0.002991858951338
96 8 25.265537252000023 14.587061761100006 12.258833442600000 0.001445630187352 0.000979970314324 -0.001003533976107
104 8 26.852990566300001 13.670551147500003 9.666525792999996 -0.000401257955772 0.000795090580930 0.002598033818535
112 8 25.265535218199997 16.420093920100001 9.666529521300001 0.000521273165560 -0.000790913958306 0.002618936720420
120 8 25.265532498100001 11.990500490400001 11.232628962800000 0.001765236704238 -0.001233068904129 0.001731333812041
152 8 25.265533169500006 14.587055878400003 7.560546762400000 0.000687518581508 0.000371483154558 -0.002614295398612
