ITEM: TIMESTEP
0
ITEM: NUMBER OF ATOMS
176
ITEM: BOX BOUNDS xy xz yz pp pp pp
0.0000000000000000e+00 3.0689133480799999e+01 7.6722833701999980e+00
0.0000000000000000e+00 1.7718379476200003e+01 7.6722833702000024e+00
0.0000000000000000e+00 1.2528786279200000e+01 4.4295948690000015e+00
ITEM: ATOMS id type x y z fx fy fz
25 1 5.754204426199998 3.322205851300000 2.349145244699999 0.001790700050607 0.000434971778558 -0.000110984131795
137 8 5.423596982400004 5.727889427500000 1.296160360000000 -0.003943911105765 0.000860108692464 -0.001234900395407
161 8 3.836156472199998 2.214796731300001 1.566094450300000 -0.000681606585356 0.000740226158094 0.000126834990707
169 8 5.423583997600000 3.131308597400002 4.968248379499999 -0.001887538713955 -0.000587089808922 0.001081676909617
1 1 7.672276926000002 4.429605525400001 5.481344520900000 0.001530852121046 0.000866676750499 -0.001144091087544
9 1 9.590357242299998 3.322200941900001 2.349140662099999 0.001385499773647 0.004096613885123 -0.000290873937604
41 7 11.508426617500000 4.429598811900002 5.481334835700000 -0.003305755807463 0.001312802097068 -0.005467895012248
89 8 9.920970511600007 5.727872023000002 5.994440303000000 0.001315591273315 -0.000091259614004 0.000302440632228
97 8 11.508423825899998 4.811361409400002 3.402132653400000 -0.000411029102141 -0.009429744843512 0.005992097395241
113 8 9.920965757699999 3.131310752300001 4.968235823200000 0.001194721214692 -0.002266097403693 0.002330104491121
129 8 7.672284708600001 4.429600636800002 3.132190496199999 -0.001573910573600 -0.001214945057155 0.000824545791243
145 8 9.920966429100000 5.727866140300000 1.296153622799999 -0.015136512992799 -0.008750836972146 -0.014014276284440
153 8 7.672288882800000 1.833036553300000 1.296161863300000 -0.000853231462910 -0.002915061760362 -0.001440129584848
162 8 11.508439842400000 2.214796731300001 1.566094450300000 0.000771537413682 -0.001166032085209 -0.000375945527857
2 1 15.344560296200001 4.429605525400001 5.481344520900000 -0.000687613471802 -0.004614957666188 0.002177867559654
10 1 17.262640612500000 3.322200941900001 2.349140662099999 0.000963648278507 -0.002136262280768 -0.000361328470454
26 1 13.426487796400002 3.322205851300000 2.349145244699999 -0.004177414070105 0.000273083416325 -0.000394299315825
65 8 13.095888200900001 5.727884393600002 5.994451122499998 0.001789449768333 0.003046862520227 -0.001060658535833
90 8 17.593253881800006 5.727872023000002 5.994440303000000 -0.000579562803081 0.002971411080491 -0.002331570752908
114 8 17.593249127900009 3.131310752300001 4.968235823200000 0.001317908668990 0.000078294152227 0.001114949583304
130 8 15.344568078800005 4.429600636800002 3.132190496199999 0.000709506789253 0.006679040847969 -0.001028511406001
138 8 13.095880352600009 5.727889427500000 1.296160360000000 0.010958176672798 -0.000979361215329 -0.004125183409317
146 8 17.593249799300011 5.727866140300000 1.296153622799999 -0.003054230544371 0.002767488816106 0.001205489203261
154 8 15.344572252999999 1.833036553300000 1.296161863300000 0.000253225482951 -0.001188170066356 -0.001441575909137
170 8 13.095867367800004 3.131308597400002 4.968248379499999 0.000285230552468 -0.001594135039860 0.001754224773782
42 7 19.180709987699998 4.429598811900002 5.481334835700000 0.001943772177730 -0.001061778048157 0.000601293415609
66 8 20.768171571100002 5.727884393600002 5.994451122499998 -0.002837265036733 0.000512407656366 -0.001342948053927
98 8 19.180707196099995 4.811361409400002 3.402132653400000 -0.000783016531271 0.002314236416354 0.001302034111764
3 1 11.508418611100000 11.073997829000001 5.481344520900000 -0.002251304678375 -0.001226345153040 -0.000628396311154
17 1 7.672274418099999 6.644399077300000 2.349147298800000 0.005571351516404 0.000290478582273 -0.000027639625951
27 1 9.590346111300001 9.966598154900002 2.349145244699999 0.002351649496734 -0.005500948885924 0.000214902849513
33 7 9.590343793000001 7.751796947200008 5.481341472000000 0.002805397377075 -0.001123790926766 -0.008377690107083
49 7 11.508427041700001 6.644390723800001 2.349147115100000 -0.029849059603501 -0.006923589540510 -0.010949236081987
73 8 11.508432852700000 8.477427166200002 5.994454850600000 0.002319761123685 -0.000694449335472 0.003441892903699
105 8 9.920968477800001 7.560904182000002 3.402136381700000 -0.012499920901857 0.001972389154182 0.005835828627209
121 8 7.672273857400003 7.026163626600007 4.968234320200000 -0.002681114515064 0.001703209209043 0.002605207597369
131 8 11.508426393700001 11.073992940400007 3.132190496199999 0.002643348733568 0.001269657244584 -0.000294736615384
155 8 11.508430567899998 8.477428856900005 1.296161863300000 -0.002465613999775 0.009000210361452 -0.017047495020609
163 8 7.672298157300000 8.859189034900005 1.566094450300000 -0.002048703474091 0.001162025448636 -0.000702466425866
171 8 9.259725682700001 9.775700901000002 4.968248379499999 -0.002508982008629 0.001351778659121 0.002432017920019
11 1 13.426498927399999 9.966593245500007 2.349140662099999 -0.012328681995685 0.005083298426147 -0.004070785134526
18 1 15.344557788300000 6.644399077300000 2.349147298800000 0.003077739887894 -0.007802434100252 -0.008921390007315
28 1 17.262629481500003 9.966598154900002 2.349145244699999 0.003386955151484 0.002853400608805 -0.000141992585908
34 7 17.262627163200005 7.751796947200008 5.481341472000000 0.008995706749579 0.002963930524208 0.004010877788480
43 7 15.344568302600003 11.073991115500002 5.481334835700000 0.001652509027113 0.003733731479167 0.002279301837736
57 7 13.426498916499998 7.751790037100004 5.481345370700000 -0.017557395138725 0.000313463253029 0.003198029070659
81 8 13.085877704700000 7.560908000500002 3.402138567200000 0.087276798093328 0.021031648633383 0.051618507364618
99 8 15.344565510999997 11.455753713000002 3.402132653400000 -0.000195295412009 -0.000138846720612 0.001938406548442
106 8 17.593251848000001 7.560904182000002 3.402136381700000 -0.002714537563893 -0.001466563419615 0.001423195234987
115 8 13.757107442799997 9.775703055900001 4.968235823200000 0.004252096332425 -0.008647247849807 -0.003400116101781
122 8 15.344557227600001 7.026163626600007 4.968234320200000 -0.015129897637434 0.005352235690241 -0.013806617201027
164 8 15.344581527500001 8.859189034900005 1.566094450300000 -0.004199072773782 -0.006992756104641 0.006985453036964
172 8 16.932009052900014 9.775700901000002 4.968248379499999 -0.002463503626452 -0.002641017909476 0.000781377214509
4 1 19.180701981300000 11.073997829000001 5.481344520900000 0.001108304908163 0.000561344322256 0.000266955203823
12 1 21.098782297600000 9.966593245500007 2.349140662099999 0.001770334288898 -0.000449085230831 -0.000077818836910
44 7 23.016851672799998 11.073991115500002 5.481334835700000 0.001033800538334 -0.001119338339495 -0.000504034007046
50 7 19.180710411899998 6.644390723800001 2.349147115100000 0.004805391945898 -0.000219096596123 -0.000351266086766
58 7 21.098782286699997 7.751790037100004 5.481345370700000 0.002765262920246 -0.000321958901602 -0.000554982858163
74 8 19.180716222899989 8.477427166200002 5.994454850600000 -0.003219179254766 -0.002692421400313 -0.002154676905740
82 8 20.768161074900000 7.560908000500002 3.402138567200000 -0.003793641679362 -0.001025341502066 0.001343748863653
100 8 23.016848881199998 11.455753713000002 3.402132653400000 -0.000484941555562 0.002488976845574 0.001659377089345
116 8 21.429390813000008 9.775703055900001 4.968235823200000 0.001008483771989 -0.000749930886203 0.001439566298824
132 8 19.180709763900005 11.073992940400007 3.132190496199999 -0.001318204853228 -0.000779456785556 -0.000090272650143
156 8 19.180713938099998 8.477428856900005 1.296161863300000 -0.001261084276894 -0.002053246944859 -0.000914603539531
19 1 11.508416103199997 13.288791380900006 2.349147298800000 -0.000384704479222 -0.000693268177914 -0.000048008073317
123 8 11.508415542500002 13.670555930200003 4.968234320200000 0.000272166725801 0.001971878853858 0.001461026314296
139 8 9.259738667499999 12.372281731100001 1.296160360000000 -0.001663394919445 0.001507343078858 -0.001591459858336
35 7 13.426485478100000 14.396189250800001 5.481341472000000 0.000339323432623 0.000800725935082 0.000014482808774
51 7 15.344568726800000 13.288783027399999 2.349147115100000 0.000163435877571 0.002408040217816 -0.000230618092294
59 7 17.262640601600001 14.396182340700005 5.481345370700000 0.000150618867666 0.001916438621519 -0.000449838105508
67 8 16.932029885999999 12.372276697200000 5.994451122499998 -0.002514128453358 -0.000484764778342 -0.001749749481594
75 8 15.344574537799998 15.121819469800011 5.994454850600000 -0.000530942528065 -0.002379480571332 -0.001302643913373
83 8 16.932019389799994 14.205300304100005 3.402138567200000 -0.002011000763696 -0.002066592702865 0.001608450078288
91 8 13.757112196700003 12.372264326600002 5.994440303000000 0.002335688630831 -0.000299740334522 -0.001848522095720
107 8 13.757110162900000 14.205296485600002 3.402136381700000 0.001683564358411 -0.001276615306960 0.001553737995019
140 8 16.932022037700008 12.372281731100001 1.296160360000000 -0.001775104023471 -0.000292407952422 -0.001018159808682
147 8 13.757108114200003 12.372258443900009 1.296153622799999 0.001686770348825 -0.000139156004471 -0.000668879441017
20 1 19.180699473400008 13.288791380900006 2.349147298800000 0.000240791072584 0.001081062807939 -0.000119287984354
36 7 21.098768848300001 14.396189250800001 5.481341472000000 -0.000129006507873 0.000089936276330 -0.000218235569212
52 7 23.016852096999997 13.288783027399999 2.349147115100000 -0.000067677269916 -0.000818221375599 0.000142261614427
76 8 23.016857907999988 15.121819469800011 5.994454850600000 -0.000074753179852 -0.001327161855778 -0.001426598142322
92 8 21.429395566900006 12.372264326600002 5.994440303000000 0.001129130082538 0.001275661623382 -0.001241516572640
108 8 21.429393533100004 14.205296485600002 3.402136381700000 0.001656294436720 -0.000910029569985 0.001593810740545
124 8 19.180698912699995 13.670555930200003 4.968234320200000 0.000191805730571 0.001443487755034 0.001504065118060
148 8 21.429391484400018 12.372258443900009 1.296153622799999 0.001415492032698 0.001012492769699 -0.001432268473587
60 7 24.934923971800007 14.396182340700005 5.481345370700000 -0.000365401960627 -0.000987064561555 0.000232165330895
68 8 24.604313256200001 12.372276697200000 5.994451122499998 -0.001672569540751 0.001217881533397 -0.001299888125414
84 8 24.604302760000003 14.205300304100005 3.402138567200000 -0.001579105152384 -0.000397850115255 0.001459948505607
29 1 9.590346111300004 5.537003285800003 8.613538384300000 0.000155834574019 0.000069061994521 -0.001068403540010
157 8 11.508430567900000 4.047833987800002 7.560555002900000 0.000419077196338 -0.001893833784257 -0.000575645326164
165 8 7.672298157300002 4.429594165800001 7.830487589900000 -0.000553208398344 -0.000158421868136 0.000465477496367
173 8 9.259725682700003 5.346106031900003 11.232641519100001 -0.001291300040578 -0.000252026935523 0.001098491854353
13 1 13.426498927400001 5.536998376400002 8.613533801700001 -0.001020121295620 -0.000743739325056 0.000896547183437
30 1 17.262629481500003 5.537003285800003 8.613538384300000 0.000908698288800 -0.000354300410176 0.000978342334065
117 8 13.757107442800002 5.346108186800002 11.232628962800000 0.001530703979603 -0.000884724493909 0.001300474987319
166 8 15.344581527500001 4.429594165800001 7.830487589900000 0.000215962159348 0.000559745191820 -0.000972964645820
174 8 16.932009052900007 5.346106031900003 11.232641519100001 -0.000847007480918 -0.000832137806478 0.000352665598640
14 1 21.098782297600003 5.536998376400002 8.613533801700001 0.000281225298174 0.000005220138914 0.000073707529967
118 8 21.429390813000005 5.346108186800002 11.232628962800000 0.001637547494337 -0.000798627126667 0.001350830884823
158 8 19.180713938100002 4.047833987800002 7.560555002900000 -0.000534382461530 -0.001436921022369 -0.001833941600909
5 1 11.508418611100007 6.644402959900002 11.745737660500000 0.000368764014313 -0.000388844441435 -0.000340648703812
21 1 11.508416103199998 8.859196511800004 8.613540438400001 -0.001030471385732 -0.000072537595748 -0.000806149276918
125 8 11.508415542500003 9.240961061100004 11.232627459799998 -0.000708332035757 0.002076627045622 0.001975754493208
133 8 11.508426393700002 6.644398071300002 9.396583635799999 0.000336005243400 -0.000108972823035 0.000229514820306
141 8 9.259738667500002 7.942686862000003 7.560553499600000 -0.002171875965189 0.001175595339488 0.000629797320980
167 8 11.508439842400001 11.073986469400005 7.830487589900000 0.000171650636698 0.000393462895133 0.000329377648488
37 7 13.426485478099996 9.966594381700006 11.745734611600000 0.002306449226216 0.000399536779390 0.000658742963511
45 7 15.344568302600001 6.644396246400003 11.745727975299999 0.001011312301962 0.000995182509787 0.001243805413223
53 7 15.344568726799995 8.859188158300002 8.613540254699998 0.000854389054338 0.001553932751238 0.002886557955212
61 7 17.262640601600001 9.966587471600000 11.745738510299995 0.001531196742138 0.001951380979127 0.008925510271815
69 8 16.932029886000002 7.942681828100003 12.258844262099997 -0.002422885760992 -0.001496200761255 -0.002901309165587
77 8 15.344574537800005 10.692224600700005 12.258847990200001 -0.002552490023634 -0.001677362355868 -0.002972386230853
85 8 16.932019389799990 9.775705435000003 9.666531706799999 -0.002677923878787 -0.001817448139064 -0.001306508660263
93 8 13.757112196700007 7.942669457500004 12.258833442600000 0.001054555368532 0.000946276005427 -0.001473950830662
101 8 15.344565511000003 7.026158843900003 9.666525792999996 -0.000012686808870 0.002060219942877 0.000578410700761
109 8 13.757110162900005 9.775701616500001 9.666529521300001 0.001908777975111 -0.001271960748938 0.000791497491578
142 8 16.932022037700005 7.942686862000003 7.560553499600000 -0.002063947644434 0.000227254514595 -0.003814917975766
149 8 13.757108114200001 7.942663574800001 7.560546762400000 0.000551445097748 0.000295800811615 -0.007260467018843
159 8 15.344572253000006 10.692226291400004 7.560555002900000 -0.000318709264354 -0.002306268081728 -0.002801970980825
6 1 19.180701981300004 6.644402959900002 11.745737660500000 0.000034689719747 0.001081916479020 0.000697346264388
22 1 19.180699473400011 8.859196511800004 8.613540438400001 0.000591573430314 0.000379574332095 0.001185535854133
38 7 21.098768848300008 9.966594381700006 11.745734611600000 -0.003448496088671 -0.000281601347751 0.001002286154042
46 7 23.016851672800001 6.644396246400003 11.745727975299999 -0.000558829956860 -0.000461517193981 -0.000267639920605
54 7 23.016852096999990 8.859188158300002 8.613540254699998 0.000346301746828 -0.000250949823001 -0.000864608369875
78 8 23.016857907999999 10.692224600700005 12.258847990200001 0.001104469882950 -0.000695046127310 0.002110228821525
94 8 21.429395566900006 7.942669457500004 12.258833442600000 0.002225887397761 0.000966434781657 -0.001501841869928
102 8 23.016848881199998 7.026158843900003 9.666525792999996 -0.000076980822080 0.001728397821800 0.001947205139807
110 8 21.429393533100001 9.775701616500001 9.666529521300001 0.001822164798003 -0.000879878231721 0.001443041533838
126 8 19.180698912700002 9.240961061100004 11.232627459799998 0.001293498016816 0.001260276003080 0.000289876165576
134 8 19.180709763900005 6.644398071300002 9.396583635799999 -0.000540244713831 -0.000329734556683 -0.000286451363979
150 8 21.429391484400004 7.942663574800001 7.560546762400000 0.001166061281975 0.000997263731613 -0.001260219254503
160 8 23.016855623200005 10.692226291400004 7.560555002900000 -0.000138201422310 -0.001626381674177 -0.001225028898241
168 8 19.180723212599993 11.073986469400005 7.830487589900000 -0.000258952982519 -0.000146329058196 -0.000497040772023
62 7 24.934923971800000 9.966587471600000 11.745738510299995 0.000522493961850 -0.000959199691203 -0.002899228802458
70 8 24.604313256200005 7.942681828100003 12.258844262099997 -0.001651786732352 0.001428060862187 -0.000967789207483
86 8 24.604302759999996 9.775705435000003 9.666531706799999 -0.001599447206849 -0.000647106913402 0.002553658658344
7 1 15.344560296200003 13.288795263500004 11.745737660500000 0.001622674372258 -0.000727601866184 0.001248148302048
15 1 17.262640612500000 12.181390680000009 8.613533801700001 0.000298129103626 0.000302642535612 0.001395933236358
23 1 15.344557788300000 15.503588815399999 8.613540438400001 0.000278749494181 0.000055487279138 0.000059960013496
31 1 13.426487796399995 12.181395589400003 8.613538384300000 0.000093312579535 0.000331902478452 0.000359884799982
39 7 17.262627163200005 16.610986685300006 11.745734611600000 0.000356169002200 -0.001236744361425 0.000357832706233
95 8 17.593253881800010 14.587061761100006 12.258833442600000 0.001081213746832 0.002618602089435 -0.002509872823333
111 8 17.593251848000001 16.420093920100001 9.666529521300001 0.001548400219118 -0.000794939682788 0.001412159890233
119 8 17.593249127900002 11.990500490400001 11.232628962800000 0.001279606130634 -0.000482625517563 -0.000283342688628
127 8 15.344557227600006 15.885353364700006 11.232627459799998 -0.000324438158266 0.001979082262827 0.001209461260933
135 8 15.344568078800005 13.288790374900007 9.396583635799999 -0.000416556421233 -0.000147297010908 -0.000429076408012
143 8 13.095880352600002 14.587079165600008 7.560553499600000 -0.001666455473081 0.000588085203722 -0.001501147851270
151 8 17.593249799300004 14.587055878400003 7.560546762400000 0.001614889562235 0.000750288439712 -0.001450654595493
175 8 13.095867367800004 11.990498335500007 11.232641519100001 -0.001879062950432 -0.000558586893837 0.000916882325000
8 1 23.016843666400000 13.288795263500004 11.745737660500000 -0.000957771742657 0.000347316477550 -0.003790084285804
24 1 23.016841158500000 15.503588815399999 8.613540438400001 -0.000103180933667 -0.000474813211909 -0.000009334506438
32 1 21.098771166600002 12.181395589400003 8.613538384300000 -0.000098911311749 -0.000133894455747 0.000297067613203
47 7 19.180709987699998 13.288788550000005 11.745727975299999 -0.002526450304539 -0.002615362492586 0.007271691268374
55 7 19.180710411900002 15.503580461900007 8.613540254699998 -0.000421013240976 0.000116637530810 0.000184144453370
63 7 21.098782286700004 16.610979775200004 11.745738510299995 -0.001159788317715 -0.000093357471167 -0.000388913656051
71 8 20.768171571100002 14.587074131700003 12.258844262099997 0.000331089828722 0.001603422398626 -0.000746715211281
79 8 19.180716222899996 17.336616904300001 12.258847990200001 0.000078231170161 -0.001814372233206 -0.001371784813523
87 8 20.768161074900000 16.420097738599999 9.666531706799999 -0.001387733308982 -0.000817812548496 0.001501885583224
103 8 19.180707196099995 13.670551147500003 9.666525792999996 0.000256972911013 0.002213426230834 -0.000327766147089
128 8 23.016840597800005 15.885353364700006 11.232627459799998 0.000263638948630 0.001203094756361 0.001669315062214
136 8 23.016851449000004 13.288790374900007 9.396583635799999 0.000096147280579 0.000035327873044 0.000904501016242
144 8 20.768163722800004 14.587079165600008 7.560553499600000 -0.001418541826244 0.000726315555055 -0.001616919427519
176 8 20.768150737999996 11.990498335500007 11.232641519100001 0.000285601426687 -0.001062120153478 0.000904740090412
16 1 24.934923982700003 12.181390680000009 8.613533801700001 -0.000109139125902 -0.000173408687876 -0.000551991483084
40 7 24.934910533400007 16.610986685300006 11.745734611600000 0.000436143714899 0.000986416257076 -0.000495778250922
48 7 26.852993357900004 13.288788550000005 11.745727975299999 0.001156073725147 0.000187575909974 -0.000657536825784
56 7 26.852993782099993 15.503580461900007 8.613540254699998 0.000058870303166 0.000034181813317 0.000075735777925
64 7 28.771065656899999 16.610979775200004 11.745738510299995 0.000172928752180 0.000097438166443 0.000066735423605
72 8 28.440454941300004 14.587074131700003 12.258844262099997 -0.002423186325070 0.000649068877681 -0.001542383073751
80 8 26.852999593099998 17.336616904300001 12.258847990200001 -0.000449869305764 -0.002222350959160 -0.001581192935999
88 8 28.440444445099999 16.420097738599999 9.666531706799999 -0.001851327677847 -0.000975495391935 0.001497647223054
96 8 25.265537252000023 14.587061761100006 12.258833442600000 0.000921473202928 0.000344744331529 -0.000407836147190
104 8 26.852990566300001 13.670551147500003 9.666525792999996 -0.000016237225943 0.001725400295993 0.001853292453622
112 8 25.265535218199997 16.420093920100001 9.666529521300001 0.001557602826854 -0.000743499193025 0.001610730226162
120 8 25.265532498100001 11.990500490400001 11.232628962800000 0.001221185244612 -0.000940779553617 0.002046403968968
152 8 25.265533169500006 14.587055878400003 7.560546762400000 0.001678836418162 0.001164455866728 -0.001308485845559
