ITEM: TIMESTEP
0
ITEM: NUMBER OF ATOMS
176
ITEM: BOX BOUNDS xy xz yz pp pp pp
0.0000000000000000e+00 3.0689133480799999e+01 7.6722833701999980e+00
0.0000000000000000e+00 1.7718379476200003e+01 7.6722833702000024e+00
0.0000000000000000e+00 1.2528786279200000e+01 4.4295948690000015e+00
ITEM: ATOMS id type x y z fx fy fz
25 1 5.754204426199998 3.322205851300000 2.349145244699999 0.001499583473348 0.000703111083420 -0.000391431020314
137 8 5.423596982400004 5.727889427500000 1.296160360000000 -0.002998744739485 0.000547853083192 -0.001493327755033
161 8 3.836156472199998 2.214796731300001 1.566094450300000 -0.000030575487820 0.000118675224595 -0.000048690335151
169 8 5.423583997600000 3.131308597400002 4.968248379499999 -0.001206033187343 -0.000641334543834 0.000902888277957
1 1 7.672276926000002 4.429605525400001 5.481344520900000 0.000952018452650 0.000386971531101 -0.001478074600286
9 1 9.590357242299998 3.322200941900001 2.349140662099999 0.002193894667277 0.004759322210296 -0.001136280314809
41 7 11.508426617500000 4.429598811900002 5.481334835700000 -0.006243104587988 -0.003931634811039 -0.008862803914845
89 8 9.920970511600007 5.727872023000002 5.994440303000000 0.002263954220159 0.001452430466601 0.000195681065108
97 8 11.508423825899998 4.811361409400002 3.402132653400000 -0.001639237215440 -0.010755805794693 0.010214635550415
113 8 9.920965757699999 3.131310752300001 4.968235823200000 0.001665959803804 -0.001644508889235 0.003009917831845
129 8 7.672284708600001 4.429600636800002 3.132190496199999 -0.001912841019468 -0.001127941817994 0.001284837646792
145 8 9.920966429100000 5.727866140300000 1.296153622799999 -0.019730237510031 -0.011416830752539 -0.017478750596914
153 8 7.672288882800000 1.833036553300000 1.296161863300000 -0.000939027331366 -0.002912321108698 -0.001535849273546
162 8 11.508439842400000 2.214796731300001 1.566094450300000 -0.000035581386796 -0.001932790818467 -0.000226501289214
2 1 15.344560296200001 4.429605525400001 5.481344520900000 0.001294949984077 -0.006260066730833 -0.001356270924420
10 1 17.262640612500000 3.322200941900001 2.349140662099999 -0.000539630469149 -0.000163452577243 -0.000633907775566
26 1 13.426487796400002 3.322205851300000 2.349145244699999 -0.003201841980463 0.004897417245781 -0.002484813683453
65 8 13.095888200900001 5.727884393600002 5.994451122499998 0.002269746297442 0.013766651283820 -0.004607173807925
90 8 17.593253881800006 5.727872023000002 5.994440303000000 -0.001105196866374 0.003308645308482 -0.001931355643617
114 8 17.593249127900009 3.131310752300001 4.968235823200000 0.001259053808483 -0.000276098472768 0.001734510391735
130 8 15.344568078800005 4.429600636800002 3.132190496199999 0.001552518919458 0.000805133157786 0.002234871368530
138 8 13.095880352600009 5.727889427500000 1.296160360000000 0.007421169408270 -0.015523472654487 -0.020437408553537
146 8 17.593249799300011 5.727866140300000 1.296153622799999 0.001864119420401 0.001172715091437 -0.000966843397202
154 8 15.344572252999999 1.833036553300000 1.296161863300000 0.000450878028095 -0.002141495793042 -0.001445816964257
170 8 13.095867367800004 3.131308597400002 4.968248379499999 -0.000505215557184 -0.000454863442394 0.003164211245324
42 7 19.180709987699998 4.429598811900002 5.481334835700000 0.001885712130858 -0.001144554413654 -0.000235180633024
66 8 20.768171571100002 5.727884393600002 5.994451122499998 -0.002405808900930 0.000719551158319 -0.001384442525370
98 8 19.180707196099995 4.811361409400002 3.402132653400000 -0.000206361814417 0.002023978179294 0.001841957829828
3 1 11.508418611100000 11.073997829000001 5.481344520900000 -0.004632969248054 0.004007376190036 -0.001356277149613
17 1 7.672274418099999 6.644399077300000 2.349147298800000 0.005350220946056 -0.000435160552472 -0.001232613108936
27 1 9.590346111300001 9.966598154900002 2.349145244699999 0.002781219230259 -0.005465492208720 -0.002484804912610
33 7 9.590343793000001 7.751796947200008 5.481341472000000 -0.006180991802579 -0.003395117966125 -0.009090424873627
49 7 11.508427041700001 6.644390723800001 2.349147115100000 -0.018614949221604 -0.010466789315588 -0.024011676361820
73 8 11.508432852700000 8.477427166200002 5.994454850600000 0.013069982342118 -0.004975325043845 -0.004619703185324
105 8 9.920968477800001 7.560904182000002 3.402136381700000 -0.010101049117348 0.003912416024758 0.010235555708301
121 8 7.672273857400003 7.026163626600007 4.968234320200000 -0.000602015741487 0.002167789928993 0.003046354607277
131 8 11.508426393700001 11.073992940400007 3.132190496199999 0.001493920180462 0.000906609253907 0.002234863283291
155 8 11.508430567899998 8.477428856900005 1.296161863300000 -0.009647062120777 0.014147261865324 -0.020479591230694
163 8 7.672298157300000 8.859189034900005 1.566094450300000 -0.001809670907302 0.001140074532089 -0.000226503074155
171 8 9.259725682700001 9.775700901000002 4.968248379499999 -0.000694179195793 -0.000127577843970 0.003164196469175
11 1 13.426498927399999 9.966593245500007 2.349140662099999 -0.007731873831968 -0.003827426085591 -0.013479875679555
18 1 15.344557788300000 6.644399077300000 2.349147298800000 -0.007049004318807 -0.004737813786488 -0.013576441610582
28 1 17.262629481500003 9.966598154900002 2.349145244699999 0.000944221134226 0.000382484540846 -0.002000546775353
34 7 17.262627163200005 7.751796947200008 5.481341472000000 0.011587008408786 0.002538625227580 0.001285102638508
43 7 15.344568302600003 11.073991115500002 5.481334835700000 0.007779685301133 0.008489056069221 0.001512702264173
57 7 13.426498916499998 7.751790037100004 5.481345370700000 -0.013011152754919 -0.007231113042202 -0.026121319002875
81 8 13.090877704699949 7.558021249154081 3.393973601390743 0.092335338059669 0.053283493628581 0.146759464283134
99 8 15.344565510999997 11.455753713000002 3.402132653400000 -0.000516362345266 -0.000243024590979 0.004230545589736
106 8 17.593251848000001 7.560904182000002 3.402136381700000 -0.000435330077786 -0.000371500291217 0.004251441718699
115 8 13.757107442799997 9.775703055900001 4.968235823200000 -0.003659388584882 -0.025290362328961 -0.005653773056272
122 8 15.344557227600001 7.026163626600007 4.968234320200000 -0.023742822939986 0.009378779387058 -0.005617540857756
164 8 15.344581527500001 8.859189034900005 1.566094450300000 0.000979147891806 0.000701653972253 0.003108584843928
172 8 16.932009052900014 9.775700901000002 4.968248379499999 -0.003904744256424 -0.002199402150157 0.002007092074701
4 1 19.180701981300000 11.073997829000001 5.481344520900000 0.001448729451700 0.000673758478482 0.000100949976343
12 1 21.098782297600000 9.966593245500007 2.349140662099999 0.001196662998649 -0.000587657120206 -0.000334970080946
44 7 23.016851672799998 11.073991115500002 5.481334835700000 -0.000515474889842 -0.000205288474077 -0.000262721340613
50 7 19.180710411899998 6.644390723800001 2.349147115100000 0.001734805563167 -0.000469088031890 -0.001178395291679
58 7 21.098782286699997 7.751790037100004 5.481345370700000 0.001662320601903 -0.000181638431090 -0.000624301739298
74 8 19.180716222899989 8.477427166200002 5.994454850600000 -0.003483952757476 -0.002690767010622 -0.002032625980896
82 8 20.768161074900000 7.560908000500002 3.402138567200000 -0.002867833136268 -0.000811970215653 0.001917103523557
100 8 23.016848881199998 11.455753713000002 3.402132653400000 -0.000322945462890 0.002155027254719 0.002021540689151
116 8 21.429390813000008 9.775703055900001 4.968235823200000 0.001416421066055 -0.000755744493556 0.001583419402462
132 8 19.180709763900005 11.073992940400007 3.132190496199999 -0.000767286839376 -0.000466562358011 0.000336794944352
156 8 19.180713938099998 8.477428856900005 1.296161863300000 -0.000646774697378 -0.001803026037866 -0.001087905579152
19 1 11.508416103199997 13.288791380900006 2.349147298800000 -0.000279714746087 -0.000341087536830 -0.000730265766907
123 8 11.508415542500002 13.670555930200003 4.968234320200000 0.000379596028848 0.001131162052401 0.001770942182986
139 8 9.259738667499999 12.372281731100001 1.296160360000000 -0.001636232613149 0.001366111036280 -0.001403307331372
35 7 13.426485478100000 14.396189250800001 5.481341472000000 0.000296967476949 0.002251081213914 -0.000462816198860
51 7 15.344568726800000 13.288783027399999 2.349147115100000 0.000218087491669 0.002157925452672 -0.001178383132515
59 7 17.262640601600001 14.396182340700005 5.481345370700000 0.000430776165399 0.001951446745549 -0.000624300220014
67 8 16.932029885999999 12.372276697200000 5.994451122499998 -0.004028711656463 -0.001711755338439 -0.002020058244988
75 8 15.344574537799998 15.121819469800011 5.994454850600000 -0.000566905313840 -0.002500958935318 -0.001397014596226
83 8 16.932019389799994 14.205300304100005 3.402138567200000 -0.002114300040689 -0.002117132186556 0.001917096307012
91 8 13.757112196700003 12.372264326600002 5.994440303000000 0.002186924417401 -0.002393461030087 -0.001931408839552
107 8 13.757110162900000 14.205296485600002 3.402136381700000 0.001682973728869 -0.001236573650143 0.001862853902940
140 8 16.932022037700008 12.372281731100001 1.296160360000000 -0.001891946218536 0.000246293606576 -0.001045390811754
147 8 13.757108114200003 12.372258443900009 1.296153622799999 0.001969697093111 0.000989829540902 -0.000966840213047
20 1 19.180699473400008 13.288791380900006 2.349147298800000 0.000221054087874 0.001374715666081 -0.000431345121879
36 7 21.098768848300001 14.396189250800001 5.481341472000000 -0.000090184774847 -0.000298052782780 -0.000490361923605
52 7 23.016852096999997 13.288783027399999 2.349147115100000 -0.000196068521960 0.000167476200989 -0.000384419458958
76 8 23.016857907999988 15.121819469800011 5.994454850600000 -0.000110022544615 -0.001322383560462 -0.001359895414464
92 8 21.429395566900006 12.372264326600002 5.994440303000000 0.001505338624417 0.001014442012398 -0.001496925716312
108 8 21.429393533100004 14.205296485600002 3.402136381700000 0.001738175538580 -0.001403047591313 0.002042435174339
124 8 19.180698912699995 13.670555930200003 4.968234320200000 0.000042909913295 0.001507291286303 0.001619863234230
148 8 21.429391484400018 12.372258443900009 1.296153622799999 0.001520122462622 0.000852194198250 -0.001353539006889
60 7 24.934923971800007 14.396182340700005 5.481345370700000 -0.000778549438392 -0.000168827923966 -0.000090395586478
68 8 24.604313256200001 12.372276697200000 5.994451122499998 -0.001156676051379 0.000525920130086 -0.001347338380756
84 8 24.604302760000003 14.205300304100005 3.402138567200000 -0.001472874126907 -0.000876703790707 0.001746880799878
29 1 9.590346111300004 5.537003285800003 8.613538384300000 -0.001117882214145 -0.000808068164210 0.000082158844468
157 8 11.508430567900000 4.047833987800002 7.560555002900000 0.001014585358733 -0.000456300278893 -0.001350400888566
165 8 7.672298157300002 4.429594165800001 7.830487589900000 0.000022490603795 0.000149314436214 0.000155766848320
173 8 9.259725682700003 5.346106031900003 11.232641519100001 -0.000853175884651 -0.000437518629992 0.000573524622921
13 1 13.426498927400001 5.536998376400002 8.613533801700001 -0.000840795865188 -0.003870623194464 0.004057522230479
30 1 17.262629481500003 5.537003285800003 8.613538384300000 0.001957766241053 -0.000901302797422 0.001619267158827
117 8 13.757107442800002 5.346108186800002 11.232628962800000 0.001601885707715 -0.000144127225936 0.000229642405019
166 8 15.344581527500001 4.429594165800001 7.830487589900000 -0.000845421644620 0.001671887735147 -0.000949157673509
174 8 16.932009052900007 5.346106031900003 11.232641519100001 -0.001595381278173 -0.000809547304646 0.000392587877775
14 1 21.098782297600003 5.536998376400002 8.613533801700001 0.000110871789001 0.000160900191695 0.000412332219615
118 8 21.429390813000005 5.346108186800002 11.232628962800000 0.001656475900893 -0.001364482298992 0.001059761133536
158 8 19.180713938100002 4.047833987800002 7.560555002900000 -0.000646813778223 -0.001426870669596 -0.001714965025113
5 1 11.508418611100007 6.644402959900002 11.745737660500000 -0.000232721733485 -0.000297025539268 0.001149461796290
21 1 11.508416103199998 8.859196511800004 8.613540438400001 -0.003640745669260 0.001251694948989 0.003961099099671
125 8 11.508415542500003 9.240961061100004 11.232627459799998 0.000665321412040 0.001362089516400 0.000266088153256
133 8 11.508426393700002 6.644398071300002 9.396583635799999 0.001258532584485 0.000703034483344 -0.001155353040305
141 8 9.259738667500002 7.942686862000003 7.560553499600000 0.000105041948026 0.001011717212520 -0.001307904328335
167 8 11.508439842400001 11.073986469400005 7.830487589900000 0.000907108623313 -0.001363599234512 -0.000949152088630
37 7 13.426485478099996 9.966594381700006 11.745734611600000 0.002000533825215 0.001056938609604 0.002690927017409
45 7 15.344568302600001 6.644396246400003 11.745727975299999 0.001703338651393 0.000927855223834 0.002918598079459
53 7 15.344568726799995 8.859188158300002 8.613540254699998 0.007695942916290 0.004723949569631 0.007977152402796
61 7 17.262640601600001 9.966587471600000 11.745738510299995 0.003821569872253 0.002487050799092 0.011352701239073
69 8 16.932029886000002 7.942681828100003 12.258844262099997 -0.003097839609343 -0.002238624373763 -0.003186170410785
77 8 15.344574537800005 10.692224600700005 12.258847990200001 -0.003474750445845 -0.001621190683724 -0.003198717968704
85 8 16.932019389799990 9.775705435000003 9.666531706799999 -0.004628007650549 -0.002698315848216 -0.003481960580465
93 8 13.757112196700007 7.942669457500004 12.258833442600000 0.001164867161671 0.000817876836917 -0.001974757259398
101 8 15.344565511000003 7.026158843900003 9.666525792999996 -0.001434945497244 0.003009260011718 -0.001425220736829
109 8 13.757110162900005 9.775701616500001 9.666529521300001 0.001921964575032 -0.002793170698756 -0.001404309374688
142 8 16.932022037700005 7.942686862000003 7.560553499600000 -0.003646298489220 0.000534615629970 -0.003571859695997
149 8 13.757108114200001 7.942663574800001 7.560546762400000 -0.003970677556454 -0.002317800791727 -0.029077577783159
159 8 15.344572253000006 10.692226291400004 7.560555002900000 -0.001274257862896 -0.003466495305802 -0.003614356083682
6 1 19.180701981300004 6.644402959900002 11.745737660500000 0.000522305289476 0.002112321189798 0.001444342202507
22 1 19.180699473400011 8.859196511800004 8.613540438400001 0.001448186933038 0.000725807626149 0.002249891489980
38 7 21.098768848300008 9.966594381700006 11.745734611600000 -0.003690923248197 0.001564915670215 0.010946315554880
46 7 23.016851672800001 6.644396246400003 11.745727975299999 -0.001477681059179 0.001162583953171 0.001028181891175
54 7 23.016852096999990 8.859188158300002 8.613540254699998 -0.001779894510245 0.000751810617840 0.001148268058407
78 8 23.016857907999999 10.692224600700005 12.258847990200001 0.002852127044370 -0.001363436867375 -0.001486940418876
94 8 21.429395566900006 7.942669457500004 12.258833442600000 0.003037772706341 -0.001636939054922 -0.002747309785403
102 8 23.016848881199998 7.026158843900003 9.666525792999996 0.000493408818718 0.001615251270768 0.001000487685981
110 8 21.429393533100001 9.775701616500001 9.666529521300001 0.002484855699449 -0.001412907044681 -0.001518574940108
126 8 19.180698912700002 9.240961061100004 11.232627459799998 -0.000456004703244 0.000542966939317 -0.001146139021253
134 8 19.180709763900005 6.644398071300002 9.396583635799999 -0.000757941393329 -0.000436193103006 -0.000880144367334
150 8 21.429391484400004 7.942663574800001 7.560546762400000 0.001530721411732 0.000863674976534 -0.001676899217637
160 8 23.016855623200005 10.692226291400004 7.560555002900000 0.000281390866689 -0.001853589540554 -0.001817305680132
168 8 19.180723212599993 11.073986469400005 7.830487589900000 -0.000660880840304 -0.000245228667614 -0.000866336906229
62 7 24.934923971800000 9.966587471600000 11.745738510299995 -0.002395714438219 0.000599100811847 0.000803148815211
70 8 24.604313256200005 7.942681828100003 12.258844262099997 -0.001276868032453 0.000663304312837 -0.001490696892715
86 8 24.604302759999996 9.775705435000003 9.666531706799999 -0.000686614353365 -0.001284564053037 0.000768774451889
7 1 15.344560296200003 13.288795263500004 11.745737660500000 0.002231348970196 -0.000847834116658 0.001444326361062
15 1 17.262640612500000 12.181390680000009 8.613533801700001 0.001248259961532 0.000799511263142 0.002346237635563
23 1 15.344557788300000 15.503588815399999 8.613540438400001 0.000326425950881 0.000060100395354 0.000315962630236
31 1 13.426487796399995 12.181395589400003 8.613538384300000 0.000339192631900 0.001902112922779 0.001619252634780
39 7 17.262627163200005 16.610986685300006 11.745734611600000 0.000613333101902 -0.001815247658480 0.000800534959099
95 8 17.593253881800010 14.587061761100006 12.258833442600000 -0.000024650464842 0.003667263854470 -0.002747312231227
111 8 17.593251848000001 16.420093920100001 9.666529521300001 0.001678891519631 -0.000426189707071 0.001021378098549
119 8 17.593249127900002 11.990500490400001 11.232628962800000 0.000331837817301 -0.000705636653097 -0.001182561442485
127 8 15.344557227600006 15.885353364700006 11.232627459799998 -0.000364241694772 0.002019543880402 0.001096212558524
135 8 15.344568078800005 13.288790374900007 9.396583635799999 -0.000736312886505 -0.000473658629367 -0.000880150032267
143 8 13.095880352600002 14.587079165600008 7.560553499600000 -0.001566198767351 0.000058185546209 -0.001672435112195
151 8 17.593249799300004 14.587055878400003 7.560546762400000 0.001535365407131 0.000855625368433 -0.001676901129798
175 8 13.095867367800004 11.990498335500007 11.232641519100001 -0.001546483854752 -0.000894367499728 0.000392538351900
8 1 23.016843666400000 13.288795263500004 11.745737660500000 -0.001865286691690 -0.001239586765708 0.000225665259934
24 1 23.016841158500000 15.503588815399999 8.613540438400001 0.000063566523451 -0.001424329353784 0.000674844215311
32 1 21.098771166600002 12.181395589400003 8.613538384300000 -0.000127678077166 -0.000236382767166 0.001577851037240
47 7 19.180709987699998 13.288788550000005 11.745727975299999 -0.000702488172834 -0.004255084165211 0.011173879167602
55 7 19.180710411900002 15.503580461900007 8.613540254699998 -0.000481934051745 -0.001496323924092 0.001148272648943
63 7 21.098782286700004 16.610979775200004 11.745738510299995 -0.000922098411256 -0.001953261490666 0.000803147818485
71 8 20.768171571100002 14.587074131700003 12.258844262099997 0.000288835475312 0.003111743499182 -0.001474374689972
79 8 19.180716222899996 17.336616904300001 12.258847990200001 -0.000051138219060 -0.001495152336336 -0.001503255993757
87 8 20.768161074900000 16.420097738599999 9.666531706799999 -0.001432967825897 0.000008146007408 0.000768777386131
103 8 19.180707196099995 13.670551147500003 9.666525792999996 0.000041864912501 0.002806579889689 -0.001539448015761
128 8 23.016840597800005 15.885353364700006 11.232627459799998 0.000378923669173 0.002149388447474 0.001315172780990
136 8 23.016851449000004 13.288790374900007 9.396583635799999 0.000340366627548 0.000172938214898 -0.000445428771416
144 8 20.768163722800004 14.587079165600008 7.560553499600000 -0.001471651182235 0.001075399475892 -0.001774793945539
176 8 20.768150737999996 11.990498335500007 11.232641519100001 -0.000197433005853 -0.000058954294942 -0.000633480635422
16 1 24.934923982700003 12.181390680000009 8.613533801700001 -0.001306094996638 0.000675460956752 0.000771196580512
40 7 24.934910533400007 16.610986685300006 11.745734611600000 0.000206282744891 0.000007012359787 -0.000001255599286
48 7 26.852993357900004 13.288788550000005 11.745727975299999 -0.000103061353724 -0.000101062091835 0.000226382943493
56 7 26.852993782099993 15.503580461900007 8.613540254699998 -0.000214777518620 0.000156676788664 0.000597854147984
64 7 28.771065656899999 16.610979775200004 11.745738510299995 0.000012236154619 0.000287743145313 0.000207999499249
72 8 28.440454941300004 14.587074131700003 12.258844262099997 -0.002120072457537 0.000801166802602 -0.001540574340105
80 8 26.852999593099998 17.336616904300001 12.258847990200001 -0.000353357587431 -0.002294303311921 -0.001553143462854
88 8 28.440444445099999 16.420097738599999 9.666531706799999 -0.001721661217720 -0.001020337655904 0.001376385308834
96 8 25.265537252000023 14.587061761100006 12.258833442600000 0.001694371916579 0.001123587959662 -0.000891273492348
104 8 26.852990566300001 13.670551147500003 9.666525792999996 0.000254707907993 0.001513433594542 0.001262510935874
112 8 25.265535218199997 16.420093920100001 9.666529521300001 0.001471367089097 -0.000582003071826 0.001283406586318
120 8 25.265532498100001 11.990500490400001 11.232628962800000 0.002140508812874 -0.000785787373640 0.001278727898750
152 8 25.265533169500006 14.587055878400003 7.560546762400000 0.001748666590215 0.000984135098766 -0.001526274622913
