ITEM: TIMESTEP
0
ITEM: NUMBER OF ATOMS
176
ITEM: BOX BOUNDS xy xz yz pp pp pp
0.0000000000000000e+00 3.0689133480799999e+01 7.6722833701999980e+00
0.0000000000000000e+00 1.7718379476200003e+01 7.6722833702000024e+00
0.0000000000000000e+00 1.2528786279200000e+01 4.4295948690000015e+00
ITEM: ATOMS id type x y z fx fy fz
25 1 5.754204426199998 3.322205851300000 2.349145244699999 -0.002158744744418 -0.003463400493171 -0.001304722484843
137 8 5.423596982400004 5.727889427500000 1.296160360000000 0.000853940529752 0.002458743564266 0.001586711560862
161 8 3.836156472199998 2.214796731300001 1.566094450300000 0.000885098853842 0.000984027102522 0.000633936681601
169 8 5.423583997600000 3.131308597400002 4.968248379499999 -0.001263408631836 0.000953487619177 0.000750150455410
1 1 7.672276926000002 4.429605525400001 5.481344520900000 0.008101035182178 -0.002757144255799 0.010894249433303
9 1 9.590357242299998 3.322200941900001 2.349140662099999 0.003294074786379 -0.001811020873437 -0.000105581540715
41 7 11.508426617500000 4.429598811900002 5.481334835700000 -0.003984274474326 0.006131296175810 0.003286478326037
89 8 9.920970511600007 5.727872023000002 5.994440303000000 0.012288671653250 -0.014498774869864 0.000612150790077
97 8 11.508423825899998 4.811361409400002 3.402132653400000 -0.000514146253570 0.001166511106272 -0.000224934718810
113 8 9.920965757699999 3.131310752300001 4.968235823200000 -0.000052290157339 -0.001836234187826 0.000321043735832
129 8 7.672284708600001 4.429600636800002 3.132190496199999 -0.001659561315400 0.010329612260403 0.002417803305419
145 8 9.920966429100000 5.727866140300000 1.296153622799999 -0.002205875070987 0.001224885606302 -0.000727689239810
153 8 7.672288882800000 1.833036553300000 1.296161863300000 -0.000233973630612 -0.000569390232173 -0.001108300887659
162 8 11.508439842400000 2.214796731300001 1.566094450300000 -0.000869518675773 0.000365659110904 0.000194790119948
2 1 15.344560296200001 4.429605525400001 5.481344520900000 -0.001295921370590 0.000158566482175 0.000153025072902
10 1 17.262640612500000 3.322200941900001 2.349140662099999 -0.001113296468569 -0.000673364161815 -0.000339274154677
26 1 13.426487796400002 3.322205851300000 2.349145244699999 0.000088053491850 0.000239272314206 0.000279617914314
65 8 13.095888200900001 5.727884393600002 5.994451122499998 -0.000232133279623 -0.000194000320708 -0.001397588527750
90 8 17.593253881800006 5.727872023000002 5.994440303000000 0.002848105738502 0.001018240315172 -0.001721979311092
114 8 17.593249127900009 3.131310752300001 4.968235823200000 0.002792057383943 0.000252458753262 0.001325413928167
130 8 15.344568078800005 4.429600636800002 3.132190496199999 0.000503540695531 -0.000040392861250 -0.000066000986982
138 8 13.095880352600009 5.727889427500000 1.296160360000000 -0.001599997051283 0.000669461564913 -0.001834350533032
146 8 17.593249799300011 5.727866140300000 1.296153622799999 0.004014720375819 0.002127084425324 0.000439467421361
154 8 15.344572252999999 1.833036553300000 1.296161863300000 0.000074163743431 -0.001798054920646 -0.001116971739264
170 8 13.095867367800004 3.131308597400002 4.968248379499999 -0.000318272405364 -0.002205610203901 0.000734377711623
42 7 19.180709987699998 4.429598811900002 5.481334835700000 -0.003830316301530 -0.002719401378675 0.001203269139365
66 8 20.768171571100002 5.727884393600002 5.994451122499998 0.003183294041262 0.004282589453991 -0.008712560036382
98 8 19.180707196099995 4.811361409400002 3.402132653400000 0.001416916640166 0.003217748779801 0.001234268993246
3 1 11.508418611100000 11.073997829000001 5.481344520900000 -0.001557549889677 -0.004112072013422 0.000491385069137
17 1 7.672274418099999 6.644399077300000 2.349147298800000 0.008036606719206 0.001310429160228 -0.009106466787047
27 1 9.590346111300001 9.966598154900002 2.349145244699999 0.002574298116733 0.000751553167513 0.003571053945962
33 7 9.590343793000001 7.751796947200008 5.481341472000000 0.026062200391757 0.009308102557945 0.017275114330877
49 7 11.508427041700001 6.644390723800001 2.349147115100000 0.000962279233620 0.001916854350931 0.003201961575772
73 8 11.508432852700000 8.477427166200002 5.994454850600000 0.021297842393698 0.005087015883475 0.003536436899327
105 8 9.920968477800001 7.560904182000002 3.402136381700000 -0.002110233168998 -0.004210853571588 -0.010351275066455
121 8 7.677273857400050 7.029050377945923 4.976399286009255 -0.091541022987941 -0.018464397959201 -0.044078512327274
131 8 11.508426393700001 11.073992940400007 3.132190496199999 0.000183780210673 0.000568975277511 -0.001347733491864
155 8 11.508430567899998 8.477428856900005 1.296161863300000 -0.000172390916001 -0.001979691420091 -0.002244961410556
163 8 7.672298157300000 8.859189034900005 1.566094450300000 -0.001515878943728 -0.006259043224350 0.002181534664306
171 8 9.259725682700001 9.775700901000002 4.968248379499999 -0.001783485223309 0.010669393184694 -0.002102210721498
11 1 13.426498927399999 9.966593245500007 2.349140662099999 -0.001078196228556 -0.000594378599046 0.000926202666612
18 1 15.344557788300000 6.644399077300000 2.349147298800000 -0.001334476233027 -0.000025795488759 0.000149391992270
28 1 17.262629481500003 9.966598154900002 2.349145244699999 -0.000908353860015 0.000453196807379 -0.000419877709063
34 7 17.262627163200005 7.751796947200008 5.481341472000000 -0.003032256807159 -0.000096671078882 0.000814204504742
43 7 15.344568302600003 11.073991115500002 5.481334835700000 -0.001873660274868 -0.000740273118542 0.000090463793429
57 7 13.426498916499998 7.751790037100004 5.481345370700000 -0.008816855614846 0.002418730027912 0.002423429451250
81 8 13.095877704700001 7.560908000500002 3.402138567200000 -0.001062952371786 -0.001289865272221 -0.000093836753358
99 8 15.344565510999997 11.455753713000002 3.402132653400000 0.000436518748995 0.001041628963913 0.000624191881223
106 8 17.593251848000001 7.560904182000002 3.402136381700000 0.003798996213767 -0.001311104633073 0.000953176652483
115 8 13.757107442799997 9.775703055900001 4.968235823200000 0.003978580703971 0.000526067140942 0.000390319396358
122 8 15.344557227600001 7.026163626600007 4.968234320200000 0.003243415000886 0.001594437554239 0.000955546307835
164 8 15.344581527500001 8.859189034900005 1.566094450300000 0.000526455242637 0.000292197750903 0.000145328441302
172 8 16.932009052900014 9.775700901000002 4.968248379499999 -0.000879027841431 -0.001572946352675 0.001184405495853
4 1 19.180701981300000 11.073997829000001 5.481344520900000 0.000072993256327 0.001175654588139 0.000569619436917
12 1 21.098782297600000 9.966593245500007 2.349140662099999 -0.000281232004951 0.005059507390512 -0.000676084615307
44 7 23.016851672799998 11.073991115500002 5.481334835700000 0.005673345692328 -0.002922711835176 0.001527963225719
50 7 19.180710411899998 6.644390723800001 2.349147115100000 -0.008653276478648 -0.002961956793819 -0.004425916935236
58 7 21.098782286699997 7.751790037100004 5.481345370700000 0.005877086722588 0.006593519204493 0.015327085766890
74 8 19.180716222899989 8.477427166200002 5.994454850600000 0.005328173933184 -0.003796397969590 -0.002756856981696
82 8 20.768161074900000 7.560908000500002 3.402138567200000 0.017477279985006 -0.006603867121531 0.010546271028687
100 8 23.016848881199998 11.455753713000002 3.402132653400000 -0.001054018375975 0.002010377023293 -0.000192309268353
116 8 21.429390813000008 9.775703055900001 4.968235823200000 -0.000941899525321 -0.003608045645783 -0.000293946375100
132 8 19.180709763900005 11.073992940400007 3.132190496199999 0.000450846439180 -0.000990250760496 -0.000279580644277
156 8 19.180713938099998 8.477428856900005 1.296161863300000 0.001329080440821 -0.003231858984284 0.000714321421723
19 1 11.508416103199997 13.288791380900006 2.349147298800000 -0.000296212437380 -0.001124202469590 0.000331549278592
123 8 11.508415542500002 13.670555930200003 4.968234320200000 0.000601808519144 0.002983684264764 0.001265248965979
139 8 9.259738667499999 12.372281731100001 1.296160360000000 -0.001631470840386 0.000813552720525 -0.001662868008934
35 7 13.426485478100000 14.396189250800001 5.481341472000000 -0.000388093645084 -0.002078486812178 0.000741922329470
51 7 15.344568726800000 13.288783027399999 2.349147115100000 -0.000122836254457 -0.000967304048393 0.000128570830494
59 7 17.262640601600001 14.396182340700005 5.481345370700000 0.000724116592498 0.000508600929472 0.000551903982454
67 8 16.932029885999999 12.372276697200000 5.994451122499998 -0.001534789278022 0.000815273019883 -0.001264203753264
75 8 15.344574537799998 15.121819469800011 5.994454850600000 -0.000496061154269 -0.000654462884533 -0.001691691415588
83 8 16.932019389799994 14.205300304100005 3.402138567200000 -0.001657844031331 -0.000294639272195 0.001179881267667
91 8 13.757112196700003 12.372264326600002 5.994440303000000 0.002179107815404 0.002321858968537 -0.001118547782961
107 8 13.757110162900000 14.205296485600002 3.402136381700000 0.001520963196537 0.000356986712571 0.001404633309570
140 8 16.932022037700008 12.372281731100001 1.296160360000000 -0.001644073398849 0.000711237143249 -0.001498098576739
147 8 13.757108114200003 12.372258443900009 1.296153622799999 0.002026140060073 0.001206242127506 -0.001408864922280
20 1 19.180699473400008 13.288791380900006 2.349147298800000 0.000235155677881 0.000323482110848 -0.000084400179138
36 7 21.098768848300001 14.396189250800001 5.481341472000000 0.000226930514641 0.000195269629796 0.000277219083584
52 7 23.016852096999997 13.288783027399999 2.349147115100000 0.000191903334191 0.000073604679132 0.000259935590713
76 8 23.016857907999988 15.121819469800011 5.994454850600000 -0.000078565901696 -0.001743354875856 -0.001474298702535
92 8 21.429395566900006 12.372264326600002 5.994440303000000 0.000542308629743 0.001511081925753 -0.001387822908264
108 8 21.429393533100004 14.205296485600002 3.402136381700000 0.001537491719118 -0.000877136573854 0.001394150150988
124 8 19.180698912699995 13.670555930200003 4.968234320200000 0.000016699135095 0.001712887515055 0.001309514502828
148 8 21.429391484400018 12.372258443900009 1.296153622799999 0.001453885898872 0.000424812418759 -0.001241649731474
60 7 24.934923971800007 14.396182340700005 5.481345370700000 -0.000461473991457 -0.001573214711391 0.000409110072790
68 8 24.604313256200001 12.372276697200000 5.994451122499998 -0.001808741559611 0.002548761814379 -0.001297869029257
84 8 24.604302760000003 14.205300304100005 3.402138567200000 -0.001556388489714 -0.000552142022110 0.001296770994270
29 1 9.590346111300004 5.537003285800003 8.613538384300000 0.000479199458117 0.003965633378284 -0.004278623285762
157 8 11.508430567900000 4.047833987800002 7.560555002900000 0.000746032208077 -0.003501250665343 -0.000867565691703
165 8 7.672298157300002 4.429594165800001 7.830487589900000 -0.001520305996848 -0.001963575164742 -0.001702887858413
173 8 9.259725682700003 5.346106031900003 11.232641519100001 -0.001649338410699 -0.001284296661712 0.002132378963218
13 1 13.426498927400001 5.536998376400002 8.613533801700001 -0.001799518578290 0.000714797512012 -0.001039774799211
30 1 17.262629481500003 5.537003285800003 8.613538384300000 -0.000193800990473 -0.000174797214093 0.000363204541548
117 8 13.757107442800002 5.346108186800002 11.232628962800000 0.002249926762249 -0.000620925790221 0.001854792750002
166 8 15.344581527500001 4.429594165800001 7.830487589900000 0.000528384989223 0.000037219721303 0.000082789496804
174 8 16.932009052900007 5.346106031900003 11.232641519100001 -0.001821570384398 -0.000691901042853 0.001454413324090
14 1 21.098782297600003 5.536998376400002 8.613533801700001 0.001813632771654 0.001364187750273 0.001262723212287
118 8 21.429390813000005 5.346108186800002 11.232628962800000 0.001512457762514 -0.001197289647640 0.001590880673545
158 8 19.180713938100002 4.047833987800002 7.560555002900000 0.000421244192517 -0.001119712885354 -0.003047046428563
5 1 11.508418611100007 6.644402959900002 11.745737660500000 -0.000611693999249 -0.000334725710044 -0.001894631223665
21 1 11.508416103199998 8.859196511800004 8.613540438400001 -0.002808044171626 -0.001960977900248 -0.004362949324935
125 8 11.508415542500003 9.240961061100004 11.232627459799998 0.001408655956012 0.002505802807944 0.003123331893880
133 8 11.508426393700002 6.644398071300002 9.396583635799999 0.001188430822907 -0.000710862848836 0.001943602007128
141 8 9.259738667500002 7.942686862000003 7.560553499600000 0.001150758847623 0.004497722612718 0.012667993598179
167 8 11.508439842400001 11.073986469400005 7.830487589900000 0.000391725351567 0.001852004987324 0.000942353468711
37 7 13.426485478099996 9.966594381700006 11.745734611600000 -0.001852210312046 -0.001286085581206 -0.004326810264558
45 7 15.344568302600001 6.644396246400003 11.745727975299999 -0.000160469111476 -0.001005393071815 -0.001042117150996
53 7 15.344568726799995 8.859188158300002 8.613540254699998 -0.001831232845360 -0.000473949896675 -0.001290335153261
61 7 17.262640601600001 9.966587471600000 11.745738510299995 0.002182673486930 -0.000438859517679 -0.002066514277127
69 8 16.932029886000002 7.942681828100003 12.258844262099997 -0.001972912201176 0.001302952246712 -0.000789280077163
77 8 15.344574537800005 10.692224600700005 12.258847990200001 -0.000495096956768 -0.000824314040984 0.004174430643045
85 8 16.932019389799990 9.775705435000003 9.666531706799999 -0.001674226493650 -0.000597561649639 0.002487395069898
93 8 13.757112196700007 7.942669457500004 12.258833442600000 0.001705167126179 0.001969167343620 -0.000204112751396
101 8 15.344565511000003 7.026158843900003 9.666525792999996 0.000412916856328 0.001377539948214 0.001783937372570
109 8 13.757110162900005 9.775701616500001 9.666529521300001 0.002449616150875 -0.000079547146691 0.003646465060192
142 8 16.932022037700005 7.942686862000003 7.560553499600000 -0.000998166670784 0.000664045446045 -0.002307045830125
149 8 13.757108114200001 7.942663574800001 7.560546762400000 0.004055992561551 0.000703236960623 0.000101062142634
159 8 15.344572253000006 10.692226291400004 7.560555002900000 0.000396303866530 -0.001611654035882 -0.001288734072402
6 1 19.180701981300004 6.644402959900002 11.745737660500000 0.000635591744218 -0.000245420851321 -0.000388161456954
22 1 19.180699473400011 8.859196511800004 8.613540438400001 0.001233240958700 -0.000119680740674 0.000596810193258
38 7 21.098768848300008 9.966594381700006 11.745734611600000 0.000805660148248 -0.000214279133611 -0.000872124142944
46 7 23.016851672800001 6.644396246400003 11.745727975299999 0.000152576518510 0.000191300756681 -0.001507036358709
54 7 23.016852096999990 8.859188158300002 8.613540254699998 0.005737142077501 -0.003608408937178 -0.005427839184495
78 8 23.016857907999999 10.692224600700005 12.258847990200001 -0.000080918985453 -0.001729840461630 -0.000927931378980
94 8 21.429395566900006 7.942669457500004 12.258833442600000 0.001273997915870 0.001142952490836 -0.001023219097928
102 8 23.016848881199998 7.026158843900003 9.666525792999996 -0.001060704994393 0.000681657619544 0.003703758440179
110 8 21.429393533100001 9.775701616500001 9.666529521300001 -0.000049967862159 0.000025036350842 0.002969918339106
126 8 19.180698912700002 9.240961061100004 11.232627459799998 -0.000785509385783 0.002127564633648 0.001913392380611
134 8 19.180709763900005 6.644398071300002 9.396583635799999 -0.000542365773644 -0.000224946620718 0.000112339332455
150 8 21.429391484400004 7.942663574800001 7.560546762400000 -0.003901235821302 0.001501414359957 -0.001275596154230
160 8 23.016855623200005 10.692226291400004 7.560555002900000 -0.000885100210045 0.000015067047297 -0.001398903365066
168 8 19.180723212599993 11.073986469400005 7.830487589900000 -0.000396668960964 0.000098484012702 -0.000294081364387
62 7 24.934923971800000 9.966587471600000 11.745738510299995 -0.001036774228678 -0.000512193481965 -0.002815944660262
70 8 24.604313256200005 7.942681828100003 12.258844262099997 -0.001426183674113 0.000919233764806 -0.000727953887984
86 8 24.604302759999996 9.775705435000003 9.666531706799999 -0.001093992610118 0.000579838590740 0.004131931934640
7 1 15.344560296200003 13.288795263500004 11.745737660500000 0.000510162517714 0.001170486939860 -0.002125825511869
15 1 17.262640612500000 12.181390680000009 8.613533801700001 0.000026864415118 0.000045512129964 -0.000385869514416
23 1 15.344557788300000 15.503588815399999 8.613540438400001 0.000470544829766 0.000568566910322 0.000029596834079
31 1 13.426487796399995 12.181395589400003 8.613538384300000 -0.000687755441368 -0.000972649558855 -0.001131079854474
39 7 17.262627163200005 16.610986685300006 11.745734611600000 0.000354328794698 0.000852543432423 -0.000465912947276
95 8 17.593253881800010 14.587061761100006 12.258833442600000 0.001128575614026 0.000562720460805 -0.001208408334227
111 8 17.593251848000001 16.420093920100001 9.666529521300001 0.001413676778623 -0.001445331452965 0.001970714577006
119 8 17.593249127900002 11.990500490400001 11.232628962800000 0.001170207948696 -0.001221901113592 0.001783683943968
127 8 15.344557227600006 15.885353364700006 11.232627459799998 0.000025398509231 0.001398419621619 0.001649747257144
135 8 15.344568078800005 13.288790374900007 9.396583635799999 -0.000050460429985 -0.000363088133700 0.000904971388044
143 8 13.095880352600002 14.587079165600008 7.560553499600000 -0.001506601542341 0.001092259386024 -0.001871275166311
151 8 17.593249799300004 14.587055878400003 7.560546762400000 0.001473319079856 0.000812514027620 -0.001577948501463
175 8 13.095867367800004 11.990498335500007 11.232641519100001 -0.001158069985437 -0.001221114843789 0.002174301385151
8 1 23.016843666400000 13.288795263500004 11.745737660500000 -0.000122033601432 -0.000212008730658 -0.000414129856529
24 1 23.016841158500000 15.503588815399999 8.613540438400001 -0.000165478763650 -0.000196018558895 -0.000123149154788
32 1 21.098771166600002 12.181395589400003 8.613538384300000 0.001017026367897 -0.000647100777268 -0.000287829922257
47 7 19.180709987699998 13.288788550000005 11.745727975299999 0.000565979396059 0.000214335239330 0.000182137555400
55 7 19.180710411900002 15.503580461900007 8.613540254699998 -0.000138060350468 0.001310819063575 -0.000569593324840
63 7 21.098782286700004 16.610979775200004 11.745738510299995 -0.000369321845457 0.000179676150994 -0.000294417641480
71 8 20.768171571100002 14.587074131700003 12.258844262099997 -0.001654180124474 0.000736400153440 -0.001294075080112
79 8 19.180716222899996 17.336616904300001 12.258847990200001 -0.000069570717302 -0.001895604747684 -0.001181750871918
87 8 20.768161074900000 16.420097738599999 9.666531706799999 -0.001212337250870 -0.000988339669374 0.001872546969882
103 8 19.180707196099995 13.670551147500003 9.666525792999996 -0.000117723785188 0.001037877178987 0.001509010324891
128 8 23.016840597800005 15.885353364700006 11.232627459799998 0.000297458483715 0.001976121902594 0.001612280185200
136 8 23.016851449000004 13.288790374900007 9.396583635799999 -0.000131734485225 0.000508361317985 0.000489382428987
144 8 20.768163722800004 14.587079165600008 7.560553499600000 -0.001462464756830 0.000663146317767 -0.001581053312322
176 8 20.768150737999996 11.990498335500007 11.232641519100001 -0.001868746739459 -0.000632579475242 0.001536686265173
16 1 24.934923982700003 12.181390680000009 8.613533801700001 -0.000260632391139 -0.001714970610049 -0.001010685143021
40 7 24.934910533400007 16.610986685300006 11.745734611600000 0.000099311116846 0.000074337228234 -0.000189629698118
48 7 26.852993357900004 13.288788550000005 11.745727975299999 -0.001221501864388 0.000401746203806 -0.001854480527718
56 7 26.852993782099993 15.503580461900007 8.613540254699998 -0.000437448357592 -0.000544047002989 0.000290130937845
64 7 28.771065656899999 16.610979775200004 11.745738510299995 0.000077843904777 0.001316821965212 -0.000310952595834
72 8 28.440454941300004 14.587074131700003 12.258844262099997 -0.001554927558942 -0.000013313156825 -0.000698359434202
80 8 26.852999593099998 17.336616904300001 12.258847990200001 -0.000346168413373 -0.002039913767249 -0.001283860848503
88 8 28.440444445099999 16.420097738599999 9.666531706799999 -0.001713973624730 -0.001035975959819 0.001465871215972
96 8 25.265537252000023 14.587061761100006 12.258833442600000 0.001914556858563 0.000812389707482 -0.000813374857485
104 8 26.852990566300001 13.670551147500003 9.666525792999996 0.000290678835639 0.001481220317161 0.001832184941125
112 8 25.265535218199997 16.420093920100001 9.666529521300001 0.001606828943710 -0.000635819243367 0.001569978346734
120 8 25.265532498100001 11.990500490400001 11.232628962800000 0.002333606065603 -0.000293494079503 0.002194918563003
152 8 25.265533169500006 14.587055878400003 7.560546762400000 0.001884588569943 0.001491879206368 -0.001323901256209
