ITEM: TIMESTEP
0
ITEM: NUMBER OF ATOMS
176
ITEM: BOX BOUNDS xy xz yz pp pp pp
0.0000000000000000e+00 3.0689133480799999e+01 7.6722833701999980e+00
0.0000000000000000e+00 1.7718379476200003e+01 7.6722833702000024e+00
0.0000000000000000e+00 1.2528786279200000e+01 4.4295948690000015e+00
ITEM: ATOMS id type x y z fx fy fz
25 1 5.754204426199998 3.322205851300000 2.349145244699999 0.004793807260412 0.000865777516626 0.002205088458852
137 8 5.423596982400004 5.727889427500000 1.296160360000000 -0.002853220636986 0.001008250451008 -0.002449599226176
161 8 3.836156472199998 2.214796731300001 1.566094450300000 -0.001130953443781 -0.000518992015006 -0.001698381990314
169 8 5.423583997600000 3.131308597400002 4.968248379499999 -0.004462037165830 -0.000788651944556 0.001681797602973
1 1 7.672276926000002 4.429605525400001 5.481344520900000 0.015646969226121 -0.008989384316295 -0.009381047748114
9 1 9.590357242299998 3.322200941900001 2.349140662099999 0.015338818372155 0.008937848776231 0.025321472520224
41 7 11.513426617500048 4.432485563245923 5.489499801509256 -0.097549060120807 -0.056255257505339 -0.158806432268275
89 8 9.920970511600007 5.727872023000002 5.994440303000000 0.010576423568120 0.006077729385245 0.013049876725744
97 8 11.508423825899998 4.811361409400002 3.402132653400000 0.008912344304489 0.010634869034878 0.028219735819066
113 8 9.920965757699999 3.131310752300001 4.968235823200000 0.021718564761925 0.006936996327295 0.021677359373045
129 8 7.672284708600001 4.429600636800002 3.132190496199999 -0.007195810868549 0.002332551091284 -0.001671197666169
145 8 9.920966429100000 5.727866140300000 1.296153622799999 -0.002123957220790 0.004417412044744 -0.009376353934379
153 8 7.672288882800000 1.833036553300000 1.296161863300000 -0.002858249042581 -0.003747573329369 -0.005299614274242
162 8 11.508439842400000 2.214796731300001 1.566094450300000 0.002735426900335 -0.004794920372721 -0.005328427931637
2 1 15.344560296200001 4.429605525400001 5.481344520900000 0.015664157686761 -0.009050457120787 -0.009465611077394
10 1 17.262640612500000 3.322200941900001 2.349140662099999 -0.000368610706416 -0.000127960176894 -0.000316473464876
26 1 13.426487796400002 3.322205851300000 2.349145244699999 -0.017745314467728 0.007453030695611 0.005378016170892
65 8 13.095888200900001 5.727884393600002 5.994451122499998 0.019963195457853 0.009878479056915 0.019438146112539
90 8 17.593253881800006 5.727872023000002 5.994440303000000 -0.001219880988954 0.001171060940568 -0.000978430210104
114 8 17.593249127900009 3.131310752300001 4.968235823200000 -0.000315495901605 0.000012371566047 0.001939392503769
130 8 15.344568078800005 4.429600636800002 3.132190496199999 0.002842394631985 0.001614819740078 0.004744882082434
138 8 13.095880352600009 5.727889427500000 1.296160360000000 0.004605144672355 0.003281296057032 -0.008455030680361
146 8 17.593249799300011 5.727866140300000 1.296153622799999 0.001739477738608 0.000978468338560 -0.001377917218064
154 8 15.344572252999999 1.833036553300000 1.296161863300000 0.001746607546185 -0.002843429038721 -0.002826105319304
170 8 13.095867367800004 3.131308597400002 4.968248379499999 0.007093465861648 0.004324301711462 0.015795448454077
42 7 19.180709987699998 4.429598811900002 5.481334835700000 0.003915346523451 -0.001299799010669 -0.000525200632343
66 8 20.768171571100002 5.727884393600002 5.994451122499998 -0.003912125060295 0.001494971517058 -0.000867041838673
98 8 19.180707196099995 4.811361409400002 3.402132653400000 -0.000866311714767 0.002148575944140 0.001832944542265
3 1 11.508418611100000 11.073997829000001 5.481344520900000 -0.000477008819211 0.002047488814688 -0.001070854557457
17 1 7.672274418099999 6.644399077300000 2.349147298800000 0.004099113208190 -0.004358309744332 0.001376506898281
27 1 9.590346111300001 9.966598154900002 2.349145244699999 0.000286665363951 -0.002482070947346 0.000193855338254
33 7 9.590343793000001 7.751796947200008 5.481341472000000 -0.005372801072582 -0.003446200180904 -0.009184567407304
49 7 11.508427041700001 6.644390723800001 2.349147115100000 -0.005737269591376 -0.037827245688302 0.016281112351810
73 8 11.508432852700000 8.477427166200002 5.994454850600000 0.005540939345086 -0.006086991243619 -0.000058250792287
105 8 9.920968477800001 7.560904182000002 3.402136381700000 -0.001386574677126 0.004897497988777 0.004801430551366
121 8 7.672273857400003 7.026163626600007 4.968234320200000 0.000685274903201 0.003911578291705 0.003238663679791
131 8 11.508426393700001 11.073992940400007 3.132190496199999 0.000274239912687 0.000135846036034 0.000567885490130
155 8 11.508430567899998 8.477428856900005 1.296161863300000 0.000661205509090 0.005751195033189 -0.005932141636336
163 8 7.672298157300000 8.859189034900005 1.566094450300000 -0.000578168518437 0.001768808549148 -0.000729795342115
171 8 9.259725682700001 9.775700901000002 4.968248379499999 -0.000950465764149 -0.000465880063226 0.002416585692915
11 1 13.426498927399999 9.966593245500007 2.349140662099999 -0.000718086710086 -0.000334671014319 -0.000896517194381
18 1 15.344557788300000 6.644399077300000 2.349147298800000 -0.002035378251107 -0.001290831299151 -0.003473051064329
28 1 17.262629481500003 9.966598154900002 2.349145244699999 0.000674871973962 0.001270396823281 -0.000178172863286
34 7 17.262627163200005 7.751796947200008 5.481341472000000 0.005415129246738 0.002563128465082 -0.000685653613266
43 7 15.344568302600003 11.073991115500002 5.481334835700000 0.002817543628318 0.005264680945941 -0.000145396873762
57 7 13.426498916499998 7.751790037100004 5.481345370700000 0.004991178311834 0.038044400641980 -0.017150695850300
81 8 13.095877704700001 7.560908000500002 3.402138567200000 0.004181809885847 0.002387625705735 0.010926072237656
99 8 15.344565510999997 11.455753713000002 3.402132653400000 -0.000648698514797 -0.000302851875957 0.002051928992325
106 8 17.593251848000001 7.560904182000002 3.402136381700000 0.000677402016922 -0.000967502323547 0.002826780662005
115 8 13.757107442799997 9.775703055900001 4.968235823200000 0.000165542609361 -0.008925344199554 0.004071767976340
122 8 15.344557227600001 7.026163626600007 4.968234320200000 -0.007753316688352 -0.001633348960039 0.005349224376755
164 8 15.344581527500001 8.859189034900005 1.566094450300000 0.000037346897730 0.000160399706772 0.000215418338932
172 8 16.932009052900014 9.775700901000002 4.968248379499999 -0.002297149946338 -0.002733499059164 0.001688170449598
4 1 19.180701981300000 11.073997829000001 5.481344520900000 -0.000469269667413 0.002051323902938 -0.001069625795306
12 1 21.098782297600000 9.966593245500007 2.349140662099999 -0.000125617208811 0.000009572081868 0.000068244799780
44 7 23.016851672799998 11.073991115500002 5.481334835700000 -0.000426447536592 -0.000181470904939 -0.000206418681409
50 7 19.180710411899998 6.644390723800001 2.349147115100000 0.001272874315864 0.000005513305254 -0.000353537197401
58 7 21.098782286699997 7.751790037100004 5.481345370700000 0.001722261715875 -0.001049859445153 -0.000952818933153
74 8 19.180716222899989 8.477427166200002 5.994454850600000 -0.001980867395583 -0.002444620603107 -0.001291600283134
82 8 20.768161074900000 7.560908000500002 3.402138567200000 -0.002694593780988 -0.000703523835052 0.001612499874597
100 8 23.016848881199998 11.455753713000002 3.402132653400000 0.000195821790277 0.001605310078485 0.001850490520701
116 8 21.429390813000008 9.775703055900001 4.968235823200000 0.001941992776809 -0.000483214722320 0.001514705413774
132 8 19.180709763900005 11.073992940400007 3.132190496199999 0.000110614130054 -0.001926008745094 0.000250272669878
156 8 19.180713938099998 8.477428856900005 1.296161863300000 -0.000259505259466 -0.001928951059553 -0.001754269288756
19 1 11.508416103199997 13.288791380900006 2.349147298800000 0.000775953462418 0.000336070081875 0.001120259194807
123 8 11.508415542500002 13.670555930200003 4.968234320200000 -0.001491311553102 0.001362732153511 0.001562773087074
139 8 9.259738667499999 12.372281731100001 1.296160360000000 -0.000761738928043 0.000803307951784 -0.003184522247766
35 7 13.426485478100000 14.396189250800001 5.481341472000000 0.005412796660876 0.002562781267763 -0.000678652432867
51 7 15.344568726800000 13.288783027399999 2.349147115100000 0.004748964956904 0.005334098615076 0.003794881928191
59 7 17.262640601600001 14.396182340700005 5.481345370700000 0.004988709386585 0.037956262057393 -0.017066567749525
67 8 16.932029885999999 12.372276697200000 5.994451122499998 -0.003424409252119 -0.007444797031516 0.001262926886764
75 8 15.344574537799998 15.121819469800011 5.994454850600000 -0.008252321445546 -0.005444819862925 0.002501743665536
83 8 16.932019389799994 14.205300304100005 3.402138567200000 -0.005225727181275 -0.008712491716875 -0.002748485262512
91 8 13.757112196700003 12.372264326600002 5.994440303000000 0.000938688427688 -0.000776973977823 -0.000977543822431
107 8 13.757110162900000 14.205296485600002 3.402136381700000 0.000043939406865 -0.001414308984881 0.001197502980012
140 8 16.932022037700008 12.372281731100001 1.296160360000000 -0.001800494904120 -0.000573230425120 -0.003421509341810
147 8 13.757108114200003 12.372258443900009 1.296153622799999 0.000037261380177 -0.000002733471489 -0.004161608687821
20 1 19.180699473400008 13.288791380900006 2.349147298800000 -0.002025187991651 0.005328605712178 0.001702065948408
36 7 21.098768848300001 14.396189250800001 5.481341472000000 -0.005423610040099 -0.003223963175921 -0.009232214426983
52 7 23.016852096999997 13.288783027399999 2.349147115100000 -0.002207243315454 0.001331219495036 0.000597453814076
76 8 23.016857907999988 15.121819469800011 5.994454850600000 0.000247654193775 0.000098728670221 0.000409215579446
92 8 21.429395566900006 12.372264326600002 5.994440303000000 0.002291681544208 0.001440585555308 -0.000235796245375
108 8 21.429393533100004 14.205296485600002 3.402136381700000 0.003429577333996 -0.001579802112287 0.003534197476771
124 8 19.180698912699995 13.670555930200003 4.968234320200000 0.005997918665041 -0.002279055284306 0.002782170058999
148 8 21.429391484400018 12.372258443900009 1.296153622799999 0.002483190506177 0.000529688062009 -0.002080504436812
60 7 24.934923971800007 14.396182340700005 5.481345370700000 0.001700705459062 -0.001045665642271 -0.000956868718911
68 8 24.604313256200001 12.372276697200000 5.994451122499998 -0.001635637976643 0.001001717802318 -0.001288950071637
84 8 24.604302760000003 14.205300304100005 3.402138567200000 -0.001299977678976 -0.000781319990362 0.001958439645176
29 1 9.590346111300004 5.537003285800003 8.613538384300000 -0.017839785311357 0.007468567187051 0.005334159550955
157 8 11.508430567900000 4.047833987800002 7.560555002900000 0.008808178987873 0.006635226995786 0.027385154787610
165 8 7.672298157300002 4.429594165800001 7.830487589900000 0.002747946219864 0.001725514341580 0.004668066111298
173 8 9.259725682700003 5.346106031900003 11.232641519100001 0.000121120316357 -0.001605051848143 -0.000825102640796
13 1 13.426498927400001 5.536998376400002 8.613533801700001 0.015484732252930 0.009022316590477 0.025559869661130
30 1 17.262629481500003 5.537003285800003 8.613538384300000 0.004811932020498 0.000866259031731 0.002203977273180
117 8 13.757107442800002 5.346108186800002 11.232628962800000 -0.000306545916259 -0.001725975104243 -0.003091837006975
166 8 15.344581527500001 4.429594165800001 7.830487589900000 -0.007320869913552 0.002461768739781 -0.001742673604812
174 8 16.932009052900007 5.346106031900003 11.232641519100001 -0.002550850525162 -0.001413358141894 -0.000192389585400
14 1 21.098782297600003 5.536998376400002 8.613533801700001 -0.000357936921075 -0.000127325745733 -0.000323233251326
118 8 21.429390813000005 5.346108186800002 11.232628962800000 0.002615565661978 -0.001250829022479 0.000897718964105
158 8 19.180713938100002 4.047833987800002 7.560555002900000 -0.000941660774290 -0.001433008836316 -0.001361550728614
5 1 11.508418611100007 6.644402959900002 11.745737660500000 -0.000124075703118 0.001514955020469 0.004873656075243
21 1 11.508416103199998 8.859196511800004 8.613540438400001 -0.002042289086727 0.005346168644231 0.001691891294678
125 8 11.508415542500003 9.240961061100004 11.232627459799998 0.000210925994497 0.000929936908109 0.000196493971389
133 8 11.508426393700002 6.644398071300002 9.396583635799999 0.002855070303006 -0.004927454393501 -0.005266064569007
141 8 9.259738667500002 7.942686862000003 7.560553499600000 0.000246904181759 0.000128956336488 0.000400923750334
167 8 11.508439842400001 11.073986469400005 7.830487589900000 0.000037031732743 -0.001810647820924 0.000166694265540
37 7 13.426485478099996 9.966594381700006 11.745734611600000 0.001632323182205 0.000731526627185 0.002279061557401
45 7 15.344568302600001 6.644396246400003 11.745727975299999 0.003915334085390 0.002325259449148 0.006883676825816
53 7 15.344568726799995 8.859188158300002 8.613540254699998 0.004760572914672 0.005350623405508 0.003794367776352
61 7 17.262640601600001 9.966587471600000 11.745738510299995 0.002010396716806 -0.000870224742343 0.007679722883531
69 8 16.932029886000002 7.942681828100003 12.258844262099997 -0.003890300335762 -0.000246933487515 -0.005877612786677
77 8 15.344574537800005 10.692224600700005 12.258847990200001 -0.002052360929849 -0.001709076978989 -0.002867639191873
85 8 16.932019389799990 9.775705435000003 9.666531706799999 -0.003324550708204 -0.001946968543985 -0.001329334034219
93 8 13.757112196700007 7.942669457500004 12.258833442600000 0.000688130816383 0.000538262658178 -0.002858815606063
101 8 15.344565511000003 7.026158843900003 9.666525792999996 -0.002799887527879 -0.000179701848892 -0.002106823091006
109 8 13.757110162900005 9.775701616500001 9.666529521300001 0.001381887138842 -0.002255367778911 -0.000247744235419
142 8 16.932022037700005 7.942686862000003 7.560553499600000 -0.003136081152400 0.000266790277872 -0.001970041831798
149 8 13.757108114200001 7.942663574800001 7.560546762400000 -0.001894820107554 -0.006805262663501 -0.005552750861101
159 8 15.344572253000006 10.692226291400004 7.560555002900000 -0.000721685599942 -0.003889930978912 -0.001141882814645
6 1 19.180701981300004 6.644402959900002 11.745737660500000 -0.000114209406715 0.001510647865327 0.004859087349726
22 1 19.180699473400011 8.859196511800004 8.613540438400001 0.000782320701778 0.000336462593704 0.001116249184068
38 7 21.098768848300008 9.966594381700006 11.745734611600000 -0.002136633604236 -0.001108121710136 0.005242290683056
46 7 23.016851672800001 6.644396246400003 11.745727975299999 -0.003180461470077 0.001853563932156 0.002705185042933
54 7 23.016852096999990 8.859188158300002 8.613540254699998 -0.002198542659683 0.001319565107080 0.000580461599768
78 8 23.016857907999999 10.692224600700005 12.258847990200001 0.001180210811215 -0.001532307041516 -0.001814531255255
94 8 21.429395566900006 7.942669457500004 12.258833442600000 0.003354366719043 0.000349456416045 -0.003500128563903
102 8 23.016848881199998 7.026158843900003 9.666525792999996 0.001814397865613 0.000740818951483 0.000382421790291
110 8 21.429393533100001 9.775701616500001 9.666529521300001 0.002413707974164 -0.000874116020655 -0.000003178941184
126 8 19.180698912700002 9.240961061100004 11.232627459799998 0.000517973453720 0.001694818001997 -0.000226569025095
134 8 19.180709763900005 6.644398071300002 9.396583635799999 -0.001064290474304 -0.000635672307657 -0.001602393689636
150 8 21.429391484400004 7.942663574800001 7.560546762400000 0.002045898809482 0.001160193089927 -0.000863184483222
160 8 23.016855623200005 10.692226291400004 7.560555002900000 0.000121504774025 -0.001974132369504 -0.001340546499457
168 8 19.180723212599993 11.073986469400005 7.830487589900000 0.000194543448279 0.000247568042836 0.000481650797646
62 7 24.934923971800000 9.966587471600000 11.745738510299995 -0.001181825813065 0.000613819235986 0.000948202618410
70 8 24.604313256200005 7.942681828100003 12.258844262099997 -0.000964999018413 0.000233976363081 -0.001908923052038
86 8 24.604302759999996 9.775705435000003 9.666531706799999 -0.000867394925116 -0.001404713676819 0.000750349269367
7 1 15.344560296200003 13.288795263500004 11.745737660500000 0.000116122081422 -0.001139045561054 0.000892276325954
15 1 17.262640612500000 12.181390680000009 8.613533801700001 -0.000716471058604 -0.000329387861370 -0.000899362603810
23 1 15.344557788300000 15.503588815399999 8.613540438400001 -0.002032072443182 -0.001284648667615 -0.003477206193576
31 1 13.426487796399995 12.181395589400003 8.613538384300000 0.000673989510788 0.001276055995275 -0.000177587082251
39 7 17.262627163200005 16.610986685300006 11.745734611600000 -0.002143423107173 -0.001110966607314 0.005241958639818
95 8 17.593253881800010 14.587061761100006 12.258833442600000 0.001715665673296 0.002598095742531 -0.002647126005375
111 8 17.593251848000001 16.420093920100001 9.666529521300001 0.007771459960139 0.001599846341553 -0.005266265314490
119 8 17.593249127900002 11.990500490400001 11.232628962800000 0.001977889418581 0.000958077899063 -0.000007214671599
127 8 15.344557227600006 15.885353364700006 11.232627459799998 0.001660521391032 0.002273399968410 0.001044373016009
135 8 15.344568078800005 13.288790374900007 9.396583635799999 0.000110297512915 0.000037600918221 0.000309708042753
143 8 13.095880352600002 14.587079165600008 7.560553499600000 -0.002505880468842 0.000709034290484 -0.000347762805005
151 8 17.593249799300004 14.587055878400003 7.560546762400000 0.007541767506847 0.004329212993858 0.008095557847828
175 8 13.095867367800004 11.990498335500007 11.232641519100001 -0.001866009984761 -0.001025556888099 0.000920048046804
8 1 23.016843666400000 13.288795263500004 11.745737660500000 0.000118666032559 -0.001143756869816 0.000894430941496
24 1 23.016841158500000 15.503588815399999 8.613540438400001 0.004104490412093 -0.004382737493531 0.001367507875155
32 1 21.098771166600002 12.181395589400003 8.613538384300000 0.000288402170682 -0.002481727500173 0.000185308138738
47 7 19.180709987699998 13.288788550000005 11.745727975299999 -0.000426450859386 -0.003754697216112 0.005029965727836
55 7 19.180710411900002 15.503580461900007 8.613540254699998 -0.005781625937826 -0.037939221703691 0.016296210412091
63 7 21.098782286700004 16.610979775200004 11.745738510299995 0.002008925816564 -0.000880905085044 0.007696727329711
71 8 20.768171571100002 14.587074131700003 12.258844262099997 -0.001604876941204 0.002448464666653 -0.002814303053551
79 8 19.180716222899996 17.336616904300001 12.258847990200001 0.000043055446050 -0.002110437035365 -0.003078320398981
87 8 20.768161074900000 16.420097738599999 9.666531706799999 -0.005458064228197 0.002508266704358 -0.006577243604648
103 8 19.180707196099995 13.670551147500003 9.666525792999996 0.000734839047177 0.009333026097671 -0.002727303423721
128 8 23.016840597800005 15.885353364700006 11.232627459799998 -0.001573815924815 0.002100620048499 -0.000012361541583
136 8 23.016851449000004 13.288790374900007 9.396583635799999 -0.000498337117862 0.001657093275288 -0.000635940228769
144 8 20.768163722800004 14.587079165600008 7.560553499600000 -0.004567067019523 0.006591378221219 0.001651106173397
176 8 20.768150737999996 11.990498335500007 11.232641519100001 -0.001519755498734 0.000641871836887 0.000019259325995
16 1 24.934923982700003 12.181390680000009 8.613533801700001 -0.000127901092446 0.000008241915525 0.000064500313598
40 7 24.934910533400007 16.610986685300006 11.745734611600000 0.001639939543979 0.000720918384555 0.002278182164502
48 7 26.852993357900004 13.288788550000005 11.745727975299999 0.000079859664795 0.000110849340438 0.000620378510445
56 7 26.852993782099993 15.503580461900007 8.613540254699998 0.001277240720716 0.000002625585736 -0.000355787404947
64 7 28.771065656899999 16.610979775200004 11.745738510299995 -0.001176964000640 0.000611211504080 0.000946735583579
72 8 28.440454941300004 14.587074131700003 12.258844262099997 -0.001769900431121 0.000659045828020 -0.001716649185655
80 8 26.852999593099998 17.336616904300001 12.258847990200001 -0.000275880718090 -0.002872728603143 -0.002657692059274
88 8 28.440444445099999 16.420097738599999 9.666531706799999 -0.001619507414306 -0.000960992396632 0.001450992063660
96 8 25.265537252000023 14.587061761100006 12.258833442600000 0.001365965905780 0.000937205891003 -0.001746013867696
104 8 26.852990566300001 13.670551147500003 9.666525792999996 -0.000185780455191 0.001654514406812 0.001441795343065
112 8 25.265535218199997 16.420093920100001 9.666529521300001 0.000322086244698 -0.000666111941675 0.000727256152362
120 8 25.265532498100001 11.990500490400001 11.232628962800000 0.001813310288309 -0.000827039908397 0.001090090159579
152 8 25.265533169500006 14.587055878400003 7.560546762400000 0.000663264725674 0.001235071162915 -0.001206561070915
