ITEM: TIMESTEP
0
ITEM: NUMBER OF ATOMS
176
ITEM: BOX BOUNDS xy xz yz pp pp pp
0.0000000000000000e+00 3.0689133480799999e+01 7.6722833701999980e+00
0.0000000000000000e+00 1.7718379476200003e+01 7.6722833702000024e+00
0.0000000000000000e+00 1.2528786279200000e+01 4.4295948690000015e+00
ITEM: ATOMS id type x y z fx fy fz
25 1 5.754204426199998 3.322205851300000 2.349145244699999 0.019443191489401 0.026009915162701 0.002557420061814
137 8 5.423596982400004 5.727889427500000 1.296160360000000 -0.009478586013557 0.007933843847216 -0.008948990340492
161 8 3.836156472199998 2.214796731300001 1.566094450300000 -0.004317733593080 -0.003492574459487 -0.001332058803749
169 8 5.423583997600000 3.131308597400002 4.968248379499999 -0.004082132623311 -0.003269342709919 0.004817522928202
1 1 7.672276926000002 4.429605525400001 5.481344520900000 -0.003021178188956 0.000672902719317 -0.023228025067115
9 1 9.590357242299998 3.322200941900001 2.349140662099999 -0.020376501846221 0.010655746602391 0.004846193005282
41 7 11.508426617500000 4.429598811900002 5.481334835700000 -0.001868431047763 -0.002982356276568 0.000225539237137
89 8 9.920970511600007 5.727872023000002 5.994440303000000 0.002603979825575 0.005578496193056 -0.002635625381813
97 8 11.508423825899998 4.811361409400002 3.402132653400000 0.000804882474722 0.006408889181976 0.000673614780434
113 8 9.920965757699999 3.131310752300001 4.968235823200000 0.005284036050354 -0.001546973461029 0.003765523547806
129 8 7.672284708600001 4.429600636800002 3.132190496199999 0.005067526207851 0.022897551443427 -0.004913335927186
145 8 9.920966429100000 5.727866140300000 1.296153622799999 0.007408459988207 0.012288177286029 0.000956959139655
153 8 7.672288882800000 1.833036553300000 1.296161863300000 0.000925707120516 -0.006169084803336 -0.003688958399392
162 8 11.508439842400000 2.214796731300001 1.566094450300000 0.002874485046911 -0.001424435808874 -0.000883885091309
2 1 15.344560296200001 4.429605525400001 5.481344520900000 0.001171168545806 -0.000287848457156 -0.000197049684795
10 1 17.262640612500000 3.322200941900001 2.349140662099999 0.003320551545289 0.001715592794128 -0.000084686442658
26 1 13.426487796400002 3.322205851300000 2.349145244699999 -0.000072054368167 -0.000632033245145 -0.000067735400459
65 8 13.095888200900001 5.727884393600002 5.994451122499998 -0.001820117980166 0.001546796406645 -0.001765131881648
90 8 17.593253881800006 5.727872023000002 5.994440303000000 0.000324307940820 0.001857086343365 -0.000696018960203
114 8 17.593249127900009 3.131310752300001 4.968235823200000 0.000212426107320 -0.002212221087975 0.001862988913106
130 8 15.344568078800005 4.429600636800002 3.132190496199999 -0.001057150734337 0.000243755038316 0.000302976551272
138 8 13.095880352600009 5.727889427500000 1.296160360000000 -0.004063787872960 0.002629804110608 -0.000119550252443
146 8 17.593249799300011 5.727866140300000 1.296153622799999 -0.001403451773511 0.000954729313115 -0.002416560570243
154 8 15.344572252999999 1.833036553300000 1.296161863300000 -0.000421996177871 -0.003395907200403 -0.001307393915549
170 8 13.095867367800004 3.131308597400002 4.968248379499999 -0.001388364167637 -0.000816768687664 0.001292403194741
42 7 19.180709987699998 4.429598811900002 5.481334835700000 0.003475126145867 -0.000091481495233 -0.004536464916394
66 8 20.768171571100002 5.727884393600002 5.994451122499998 -0.001891408108064 0.003337192755673 0.000107339757240
98 8 19.180707196099995 4.811361409400002 3.402132653400000 -0.003990205827127 0.001645882067822 0.004614262106751
3 1 11.508418611100000 11.073997829000001 5.481344520900000 0.002229314440458 0.002391650102967 0.001993453776355
17 1 7.677274418100016 6.653059331337836 2.349147298800000 -0.030140837097634 -0.144318852557022 0.032453280587842
27 1 9.590346111300001 9.966598154900002 2.349145244699999 0.019654087398142 0.026344040411023 0.002568471263437
33 7 9.590343793000001 7.751796947200008 5.481341472000000 0.000207873766424 -0.002927021533014 0.020065210997618
49 7 11.508427041700001 6.644390723800001 2.349147115100000 0.015424872432761 -0.011630558061759 -0.005421989350562
73 8 11.508432852700000 8.477427166200002 5.994454850600000 -0.002693407429774 -0.002358232703126 -0.003646336637028
105 8 9.920968477800001 7.560904182000002 3.402136381700000 -0.005906362283097 0.006506711133692 -0.005623032450913
121 8 7.672273857400003 7.026163626600007 4.968234320200000 0.008211805787215 0.011835614125337 -0.000066617604423
131 8 11.508426393700001 11.073992940400007 3.132190496199999 -0.004277910800723 -0.003618965499921 -0.001261382472182
155 8 11.508430567899998 8.477428856900005 1.296161863300000 -0.004100885146460 -0.001919265458174 0.001433713365013
163 8 7.672298157300000 8.859189034900005 1.566094450300000 0.004924032045290 0.024531633359326 -0.005580699445633
171 8 9.259725682700001 9.775700901000002 4.968248379499999 -0.001185884628227 -0.003593758553967 -0.002997548184240
11 1 13.426498927399999 9.966593245500007 2.349140662099999 0.003337994319706 0.001714442945827 -0.000084195237084
18 1 15.344557788300000 6.644399077300000 2.349147298800000 0.002726679935151 -0.000794177178029 -0.000384351732962
28 1 17.262629481500003 9.966598154900002 2.349145244699999 -0.000061320414781 -0.000638339567181 -0.000066328488054
34 7 17.262627163200005 7.751796947200008 5.481341472000000 0.001076599008811 -0.001106434840277 -0.000857338189851
43 7 15.344568302600003 11.073991115500002 5.481334835700000 0.000554930637455 0.001038969430290 0.000287781245556
57 7 13.426498916499998 7.751790037100004 5.481345370700000 0.002861536126396 -0.000436899635479 0.002083259974605
81 8 13.095877704700001 7.560908000500002 3.402138567200000 -0.004748556273459 -0.000973384464597 0.000410398887164
99 8 15.344565510999997 11.455753713000002 3.402132653400000 -0.000353239159829 0.000193879802657 0.001884782284852
106 8 17.593251848000001 7.560904182000002 3.402136381700000 -0.000896698960998 0.000946066269600 0.003053270580184
115 8 13.757107442799997 9.775703055900001 4.968235823200000 0.000813195710302 -0.001451662697048 0.000993999643479
122 8 15.344557227600001 7.026163626600007 4.968234320200000 -0.001190754870564 0.002166989140282 0.001323193628674
164 8 15.344581527500001 8.859189034900005 1.566094450300000 -0.001139024433404 0.000360829380653 0.000214615419166
172 8 16.932009052900014 9.775700901000002 4.968248379499999 -0.001656473234518 -0.000546576628129 0.001308653195098
4 1 19.180701981300000 11.073997829000001 5.481344520900000 -0.001302354755136 0.000256398174692 0.000577796958887
12 1 21.098782297600000 9.966593245500007 2.349140662099999 -0.020483991582663 0.010637404065881 0.004869192822054
44 7 23.016851672799998 11.073991115500002 5.481334835700000 -0.002271656558267 0.003210248665437 0.004831762116920
50 7 19.180710411899998 6.644390723800001 2.349147115100000 0.015430796591248 -0.011509700325455 -0.005376442548820
58 7 21.098782286699997 7.751790037100004 5.481345370700000 -0.005384445279896 -0.005731908932041 -0.001184683755192
74 8 19.180716222899989 8.477427166200002 5.994454850600000 0.000459033405880 -0.001280911652768 -0.001406315067821
82 8 20.768161074900000 7.560908000500002 3.402138567200000 0.003920493762720 0.010357762014326 0.003819223069322
100 8 23.016848881199998 11.455753713000002 3.402132653400000 0.001016828599987 -0.002605790234193 -0.000508286073812
116 8 21.429390813000008 9.775703055900001 4.968235823200000 0.003789412579003 0.000674139308093 -0.000493276095122
132 8 19.180709763900005 11.073992940400007 3.132190496199999 0.002955054768653 -0.001532143894482 -0.000798403827169
156 8 19.180713938099998 8.477428856900005 1.296161863300000 0.000724223209380 0.002825901810928 -0.002530561342944
19 1 11.508416103199997 13.288791380900006 2.349147298800000 0.002252771328066 0.004088252848166 -0.000179498139695
123 8 11.508415542500002 13.670555930200003 4.968234320200000 -0.001134773384229 0.000429066177176 0.001406811015336
139 8 9.259738667499999 12.372281731100001 1.296160360000000 -0.001847977925308 -0.002231533503386 -0.000682453729886
35 7 13.426485478100000 14.396189250800001 5.481341472000000 0.001660924593634 0.004166962702195 -0.002643117260042
51 7 15.344568726800000 13.288783027399999 2.349147115100000 -0.000341844048619 0.005405406937107 -0.000010191855446
59 7 17.262640601600001 14.396182340700005 5.481345370700000 -0.002079556632178 0.002667084745463 -0.002039902755305
67 8 16.932029885999999 12.372276697200000 5.994451122499998 -0.001548395132309 -0.000247368143775 -0.000964402514994
75 8 15.344574537799998 15.121819469800011 5.994454850600000 0.000128936082194 -0.003464074963191 -0.000240913523439
83 8 16.932019389799994 14.205300304100005 3.402138567200000 -0.000876097311725 -0.002685507944637 0.002100940031258
91 8 13.757112196700003 12.372264326600002 5.994440303000000 0.001219740919655 -0.000505949640362 -0.001055187893600
107 8 13.757110162900000 14.205296485600002 3.402136381700000 0.001326242288581 -0.003882902564180 0.002479164125084
140 8 16.932022037700008 12.372281731100001 1.296160360000000 -0.000675400011936 -0.000220510776813 -0.002107095347690
147 8 13.757108114200003 12.372258443900009 1.296153622799999 0.000645605899976 -0.000610092578394 -0.001788419906382
20 1 19.180699473400008 13.288791380900006 2.349147298800000 -0.001792201654778 0.001752825006877 0.000176457052046
36 7 21.098768848300001 14.396189250800001 5.481341472000000 -0.000496827587920 0.000925552300484 0.000108445128695
52 7 23.016852096999997 13.288783027399999 2.349147115100000 -0.000352853844306 0.005422496977749 -0.000011905105425
76 8 23.016857907999988 15.121819469800011 5.994454850600000 -0.000501216872523 -0.002299724785786 -0.001435164078422
92 8 21.429395566900006 12.372264326600002 5.994440303000000 0.002761062295607 -0.000261564947369 -0.002024114601112
108 8 21.429393533100004 14.205296485600002 3.402136381700000 0.002508925934433 -0.001903849999399 0.001064620501759
124 8 19.180698912699995 13.670555930200003 4.968234320200000 0.001365547785854 0.001163195600045 0.001483689926272
148 8 21.429391484400018 12.372258443900009 1.296153622799999 0.002484758315241 -0.000748784135433 -0.000721237769328
60 7 24.934923971800007 14.396182340700005 5.481345370700000 0.000963618223376 0.002453337849738 -0.000093995425663
68 8 24.604313256200001 12.372276697200000 5.994451122499998 -0.002577153017717 -0.001184585269761 -0.002237890192464
84 8 24.604302760000003 14.205300304100005 3.402138567200000 -0.002707736323375 -0.002550382977155 0.001033511606963
29 1 9.590346111300004 5.537003285800003 8.613538384300000 -0.000148710107594 -0.000587779832164 0.000057427083674
157 8 11.508430567900000 4.047833987800002 7.560555002900000 0.000102325202796 -0.001685867534278 -0.001470593483529
165 8 7.672298157300002 4.429594165800001 7.830487589900000 0.000241311335289 0.000095821109025 0.003416215530255
173 8 9.259725682700003 5.346106031900003 11.232641519100001 -0.002010899178860 -0.002470102265495 0.001616022203115
13 1 13.426498927400001 5.536998376400002 8.613533801700001 0.000246860996577 0.000208635459221 0.001045113150486
30 1 17.262629481500003 5.537003285800003 8.613538384300000 0.000170861896673 0.000019676126528 -0.000055515684726
117 8 13.757107442800002 5.346108186800002 11.232628962800000 0.001002794620874 -0.002668513661760 0.000572350599549
166 8 15.344581527500001 4.429594165800001 7.830487589900000 -0.000326909392978 -0.000061076037384 -0.000101372041092
174 8 16.932009052900007 5.346106031900003 11.232641519100001 -0.000476248892564 -0.002220374923470 0.000643719928517
14 1 21.098782297600003 5.536998376400002 8.613533801700001 -0.000197073647179 -0.000410459925637 -0.001495008204885
118 8 21.429390813000005 5.346108186800002 11.232628962800000 0.002036315681162 -0.001736385697104 0.001843672699168
158 8 19.180713938100002 4.047833987800002 7.560555002900000 -0.000376453563499 -0.002286414278327 0.000152015266158
5 1 11.508418611100007 6.644402959900002 11.745737660500000 0.002220514989520 0.002387798367545 0.001978829509236
21 1 11.508416103199998 8.859196511800004 8.613540438400001 0.000913018723193 0.000252933562240 0.002577326897819
125 8 11.508415542500003 9.240961061100004 11.232627459799998 -0.002220401093854 0.001437695542052 -0.000794485590684
133 8 11.508426393700002 6.644398071300002 9.396583635799999 -0.000275149794937 -0.000207714452082 -0.000974002865830
141 8 9.259738667500002 7.942686862000003 7.560553499600000 -0.001092962424229 0.000914578834382 -0.004970877107328
167 8 11.508439842400001 11.073986469400005 7.830487589900000 -0.000353170873299 -0.000092873248296 -0.001068690629013
37 7 13.426485478099996 9.966594381700006 11.745734611600000 0.000282783660982 -0.002846180703949 0.019997353856722
45 7 15.344568302600001 6.644396246400003 11.745727975299999 -0.002250318381736 0.003214061618685 0.004813035268044
53 7 15.344568726799995 8.859188158300002 8.613540254699998 -0.000698211260810 0.000000410483470 0.001403301977340
61 7 17.262640601600001 9.966587471600000 11.745738510299995 -0.005458169035595 -0.005689125318702 -0.001063989320822
69 8 16.932029886000002 7.942681828100003 12.258844262099997 0.000189916657308 0.002135511357356 -0.003291483401564
77 8 15.344574537800005 10.692224600700005 12.258847990200001 0.007695366895283 0.007979882645981 -0.003045968017690
85 8 16.932019389799990 9.775705435000003 9.666531706799999 -0.001032363266427 -0.000221554616321 0.001729780879040
93 8 13.757112196700007 7.942669457500004 12.258833442600000 0.002049050983729 -0.001632492154377 -0.005619030111354
101 8 15.344565511000003 7.026158843900003 9.666525792999996 0.000174460625288 0.001735299542072 -0.000079967685909
109 8 13.757110162900005 9.775701616500001 9.666529521300001 0.002077522757956 -0.000771108009309 -0.001803486298058
142 8 16.932022037700005 7.942686862000003 7.560553499600000 -0.001446911435580 0.000937906996135 -0.001557406999415
149 8 13.757108114200001 7.942663574800001 7.560546762400000 0.001051031601288 0.000861450951742 -0.002625519330731
159 8 15.344572253000006 10.692226291400004 7.560555002900000 0.000059546030004 -0.001545752380725 -0.001822273965932
6 1 19.180701981300004 6.644402959900002 11.745737660500000 -0.001303507440522 0.000265504867547 0.000579028390708
22 1 19.180699473400011 8.859196511800004 8.613540438400001 -0.000262999950016 -0.000426037434800 -0.000124043199853
38 7 21.098768848300008 9.966594381700006 11.745734611600000 0.001060680045565 -0.001110555839213 -0.000853801663647
46 7 23.016851672800001 6.644396246400003 11.745727975299999 0.000549096620434 0.001039295819455 0.000284111932541
54 7 23.016852096999990 8.859188158300002 8.613540254699998 -0.000704472678562 -0.000009269104221 0.001391106169181
78 8 23.016857907999999 10.692224600700005 12.258847990200001 -0.001667096082695 -0.001639428621185 -0.001531230476670
94 8 21.429395566900006 7.942669457500004 12.258833442600000 0.001582000404824 0.001408476419285 -0.001356917131222
102 8 23.016848881199998 7.026158843900003 9.666525792999996 0.000134190330893 0.002036076531824 0.001378667939712
110 8 21.429393533100001 9.775701616500001 9.666529521300001 0.001734796629555 -0.000738573467960 0.001617677848313
126 8 19.180698912700002 9.240961061100004 11.232627459799998 0.000961779245449 0.002516006693553 0.001435132182464
134 8 19.180709763900005 6.644398071300002 9.396583635799999 0.000053215176887 0.000177694049957 0.000048557974898
150 8 21.429391484400004 7.942663574800001 7.560546762400000 0.002319455789011 0.001720922310675 -0.001069862406054
160 8 23.016855623200005 10.692226291400004 7.560555002900000 0.000103882602146 -0.001842577307557 -0.003278572158271
168 8 19.180723212599993 11.073986469400005 7.830487589900000 -0.000022612712234 0.000295883327833 -0.000041230472356
62 7 24.934923971800000 9.966587471600000 11.745738510299995 0.002856618371818 -0.000431382755688 0.002078323561979
70 8 24.604313256200005 7.942681828100003 12.258844262099997 -0.002765302397455 0.000032987307908 -0.001808732981247
86 8 24.604302759999996 9.775705435000003 9.666531706799999 -0.002300904023067 -0.001075188619312 0.000204472811661
7 1 15.344560296200003 13.288795263500004 11.745737660500000 -0.003061352644712 0.000615598993774 -0.023314677865286
15 1 17.262640612500000 12.181390680000009 8.613533801700001 -0.000200127912963 -0.000417123813633 -0.001489343264241
23 1 15.344557788300000 15.503588815399999 8.613540438400001 -0.000153258012625 0.000806591984714 -0.002499933184001
31 1 13.426487796399995 12.181395589400003 8.613538384300000 -0.000144018981541 -0.000590596126651 0.000068695772159
39 7 17.262627163200005 16.610986685300006 11.745734611600000 0.001658926565220 0.004178793281623 -0.002659576462102
95 8 17.593253881800010 14.587061761100006 12.258833442600000 -0.000857389887476 -0.001315341477237 0.002180896449997
111 8 17.593251848000001 16.420093920100001 9.666529521300001 0.001333907818686 -0.001225447462702 0.002983406081220
119 8 17.593249127900002 11.990500490400001 11.232628962800000 0.001700621605613 0.001880091920422 0.002917660490700
127 8 15.344557227600006 15.885353364700006 11.232627459799998 0.000616124844598 0.000341366538215 0.002618110004681
135 8 15.344568078800005 13.288790374900007 9.396583635799999 0.000318992351045 -0.000010233439745 0.003506226267757
143 8 13.095880352600002 14.587079165600008 7.560553499600000 -0.001844381163402 0.000454411146461 -0.000198162543507
151 8 17.593249799300004 14.587055878400003 7.560546762400000 0.002170449869235 0.000687222340844 -0.000118634004813
175 8 13.095867367800004 11.990498335500007 11.232641519100001 -0.000640509303250 0.003622186789901 0.000026636037952
8 1 23.016843666400000 13.288795263500004 11.745737660500000 0.001173974400038 -0.000289025493986 -0.000198698228974
24 1 23.016841158500000 15.503588815399999 8.613540438400001 0.000251064226067 0.000255190148919 -0.000050092719764
32 1 21.098771166600002 12.181395589400003 8.613538384300000 0.000169710519113 0.000016959908858 -0.000055253909218
47 7 19.180709987699998 13.288788550000005 11.745727975299999 0.003478568029097 -0.000109718162832 -0.004558221734356
55 7 19.180710411900002 15.503580461900007 8.613540254699998 -0.000109764387662 0.000784247078234 -0.001161168237044
63 7 21.098782286700004 16.610979775200004 11.745738510299995 0.000969162978279 0.002450102612276 -0.000103075592652
71 8 20.768171571100002 14.587074131700003 12.258844262099997 -0.003373112472118 -0.000725024331682 -0.000938080827276
79 8 19.180716222899996 17.336616904300001 12.258847990200001 -0.001619416391680 -0.003377010406653 -0.001444343611444
87 8 20.768161074900000 16.420097738599999 9.666531706799999 -0.001830140795031 -0.001334152124698 0.001435644856445
103 8 19.180707196099995 13.670551147500003 9.666525792999996 -0.000303139789560 0.001299261148754 0.003351009655848
128 8 23.016840597800005 15.885353364700006 11.232627459799998 -0.000022528037716 0.001507869978460 0.001421730797508
136 8 23.016851449000004 13.288790374900007 9.396583635799999 -0.000249611151449 -0.000176386184497 -0.000011717074197
144 8 20.768163722800004 14.587079165600008 7.560553499600000 -0.001582889982686 0.000539360336711 -0.001499752901234
176 8 20.768150737999996 11.990498335500007 11.232641519100001 -0.002909035111766 -0.000094578620051 0.001970202983722
16 1 24.934923982700003 12.181390680000009 8.613533801700001 0.000246581736651 0.000209254839560 0.001048522136037
40 7 24.934910533400007 16.610986685300006 11.745734611600000 -0.000494364321511 0.000920993978236 0.000106075547819
48 7 26.852993357900004 13.288788550000005 11.745727975299999 -0.001857232819844 -0.002990016060054 0.000235096236573
56 7 26.852993782099993 15.503580461900007 8.613540254699998 -0.000111801021147 0.000782276006601 -0.001156228809542
64 7 28.771065656899999 16.610979775200004 11.745738510299995 -0.002086532844536 0.002667875819238 -0.002044469094376
72 8 28.440454941300004 14.587074131700003 12.258844262099997 0.001710143099825 -0.000053917200646 0.000962618751320
80 8 26.852999593099998 17.336616904300001 12.258847990200001 0.000885658578211 -0.002644592246500 -0.001369913362376
88 8 28.440444445099999 16.420097738599999 9.666531706799999 -0.001182975376519 -0.001251946636908 0.002708829154672
96 8 25.265537252000023 14.587061761100006 12.258833442600000 0.001841511464936 0.001146167660114 -0.001374447831712
104 8 26.852990566300001 13.670551147500003 9.666525792999996 0.000173902808413 0.001900646505460 0.001720056268669
112 8 25.265535218199997 16.420093920100001 9.666529521300001 0.001597626068140 -0.001139679276228 0.001675495676151
120 8 25.265532498100001 11.990500490400001 11.232628962800000 0.001758973407538 0.000056851949852 0.001039821834493
152 8 25.265533169500006 14.587055878400003 7.560546762400000 0.001525322096512 0.000602968149603 -0.001393818967223
