ITEM: TIMESTEP
0
ITEM: NUMBER OF ATOMS
176
ITEM: BOX BOUNDS xy xz yz pp pp pp
0.0000000000000000e+00 3.0689133480799999e+01 7.6722833701999980e+00
0.0000000000000000e+00 1.7718379476200003e+01 7.6722833702000024e+00
0.0000000000000000e+00 1.2528786279200000e+01 4.4295948690000015e+00
ITEM: ATOMS id type x y z fx fy fz
25 1 5.749204426199985 3.313545597262165 2.349145244699999 0.109998528011598 0.098222695550748 0.032480054648605
137 8 5.423596982400004 5.727889427500000 1.296160360000000 -0.011713968693647 0.004063027544575 -0.008949318818569
161 8 3.836156472199998 2.214796731300001 1.566094450300000 -0.018772607737549 -0.016511336880686 -0.005581011329069
169 8 5.423583997600000 3.131308597400002 4.968248379499999 -0.006252655389675 -0.012793816981608 -0.000164985252171
1 1 7.672276926000002 4.429605525400001 5.481344520900000 -0.002127076800037 0.002221565510875 -0.023227978568898
9 1 9.590357242299998 3.322200941900001 2.349140662099999 -0.019482249112714 0.012204564090825 0.004846171048263
41 7 11.508426617500000 4.429598811900002 5.481334835700000 -0.003267792896749 0.000380577744179 -0.001820326071917
89 8 9.920970511600007 5.727872023000002 5.994440303000000 0.003134241498220 0.001493229525045 -0.000149764729368
97 8 11.508423825899998 4.811361409400002 3.402132653400000 0.001920386874906 0.001985729570993 0.002203710036015
113 8 9.920965757699999 3.131310752300001 4.968235823200000 0.004203234901462 -0.003419013153910 0.003765534892126
129 8 7.672284708600001 4.429600636800002 3.132190496199999 -0.017345491579835 -0.015924268009211 -0.004912895622345
145 8 9.920966429100000 5.727866140300000 1.296153622799999 0.005977799839504 0.002336468937483 -0.003421485083396
153 8 7.672288882800000 1.833036553300000 1.296161863300000 -0.006977452463272 -0.012383997675338 0.000689352132156
162 8 11.508439842400000 2.214796731300001 1.566094450300000 0.002682020770008 -0.001757819644079 -0.000883884806720
2 1 15.344560296200001 4.429605525400001 5.481344520900000 -0.000906871083430 0.000941391278028 0.000577800885217
10 1 17.262640612500000 3.322200941900001 2.349140662099999 -0.019520251355265 0.012307023344360 0.004869252243241
26 1 13.426487796400002 3.322205851300000 2.349145244699999 -0.002328678026160 0.000638333639278 0.000202401055929
65 8 13.095888200900001 5.727884393600002 5.994451122499998 -0.000843715735414 0.000973196080752 -0.000964409683278
90 8 17.593253881800006 5.727872023000002 5.994440303000000 0.001408588655954 0.000115754283819 -0.001315172935586
114 8 17.593249127900009 3.131310752300001 4.968235823200000 0.001532423728978 -0.003235095862814 -0.000493305226590
130 8 15.344568078800005 4.429600636800002 3.132190496199999 0.002753834852724 -0.001880686287449 -0.000798407369924
138 8 13.095880352600009 5.727889427500000 1.296160360000000 -0.000250338961877 0.000515731474317 -0.002107091749316
146 8 17.593249799300011 5.727866140300000 1.296153622799999 -0.001912715601788 -0.001986560732663 -0.002263006953504
154 8 15.344572252999999 1.833036553300000 1.296161863300000 0.001851094326519 -0.001601369591152 -0.000988783021225
170 8 13.095867367800004 3.131308597400002 4.968248379499999 -0.000433244385871 -0.001528634376392 0.001385386348892
42 7 19.180709987699998 4.429598811900002 5.481334835700000 0.002353573829191 0.007442219092439 -0.000965131230224
66 8 20.768171571100002 5.727884393600002 5.994451122499998 -0.004119504214347 -0.000521947038810 0.000107366214890
98 8 19.180707196099995 4.811361409400002 3.402132653400000 -0.006977194735482 -0.008689911131615 0.003921968655060
3 1 11.508418611100000 11.073997829000001 5.481344520900000 -0.000990213835378 -0.003184766824940 0.001993467860652
17 1 7.672274418099999 6.644399077300000 2.349147298800000 -0.012878752585919 -0.029787909863517 0.002531392643474
27 1 9.590346111300001 9.966598154900002 2.349145244699999 -0.002328720071880 -0.004032422023769 -0.000153560324998
33 7 9.590343793000001 7.751796947200008 5.481341472000000 -0.002727237680278 -0.003433637910313 -0.002643129038903
49 7 11.508427041700001 6.644390723800001 2.349147115100000 -0.004730016169359 -0.002195146634878 -0.000010165673600
73 8 11.508432852700000 8.477427166200002 5.994454850600000 0.000903010716638 -0.000806534238482 -0.001146334433672
105 8 9.920968477800001 7.560904182000002 3.402136381700000 0.004058319389554 0.000849114004178 0.002479192791479
121 8 7.672273857400003 7.026163626600007 4.968234320200000 0.001048575710984 0.005193642580741 0.004915907090163
131 8 11.508426393700001 11.073992940400007 3.132190496199999 0.000944583553376 0.005426653919466 -0.001261375195300
155 8 11.508430567899998 8.477428856900005 1.296161863300000 0.000811404443127 -0.000077963182820 -0.002055953782356
163 8 7.672298157300000 8.859189034900005 1.566094450300000 0.000876971404405 0.005504833343972 -0.001332029697342
171 8 9.259725682700001 9.775700901000002 4.968248379499999 -0.001047638462299 0.001003791354245 0.001308507418475
11 1 13.426498927399999 9.966593245500007 2.349140662099999 0.000118426632468 -0.003862027658341 -0.000084185610438
18 1 15.344557788300000 6.644399077300000 2.349147298800000 0.000447087012830 0.000427605660333 -0.000092272141647
28 1 17.262629481500003 9.966598154900002 2.349145244699999 0.002136554295413 -0.002001615653175 -0.000358398505392
34 7 17.262627163200005 7.751796947200008 5.481341472000000 0.001547453439326 -0.000290879458198 -0.000857330529488
43 7 15.344568302600003 11.073991115500002 5.481334835700000 0.001890920952113 -0.002346565431543 0.002302832802503
57 7 13.426498916499998 7.751790037100004 5.481345370700000 -0.000738402586720 -0.000972675345944 0.000068202965023
81 8 13.095877704700001 7.560908000500002 3.402138567200000 -0.000461122569264 0.000179401843988 0.001782024743817
99 8 15.344565510999997 11.455753713000002 3.402132653400000 -0.001498592974332 0.004483285167773 0.000513152763182
106 8 17.593251848000001 7.560904182000002 3.402136381700000 -0.001235209327951 0.000359715837866 0.003053258392836
115 8 13.757107442799997 9.775703055900001 4.968235823200000 0.001885272246470 0.000405229220355 0.000994000553237
122 8 15.344557227600001 7.026163626600007 4.968234320200000 -0.000096539575633 0.001731512836598 0.001406957550539
164 8 15.344581527500001 8.859189034900005 1.566094450300000 -0.000870839744195 0.000825338405625 0.000214613834906
172 8 16.932009052900014 9.775700901000002 4.968248379499999 -0.002580697158394 0.000183292473847 0.001224888934740
4 1 19.180701981300000 11.073997829000001 5.481344520900000 0.000801209265538 -0.000928622382469 -0.000197047908019
12 1 21.098782297600000 9.966593245500007 2.349140662099999 0.000108684883808 -0.003847491604921 -0.000084675290021
44 7 23.016851672799998 11.073991115500002 5.481334835700000 -0.001561073068036 -0.002148049938867 0.000125591727678
50 7 19.180710411899998 6.644390723800001 2.349147115100000 0.017805263415219 -0.007397024085991 -0.005376369997956
58 7 21.098782286699997 7.751790037100004 5.481345370700000 0.001700693941558 -0.002936456633963 -0.004756055750089
74 8 19.180716222899989 8.477427166200002 5.994454850600000 -0.001591133156380 -0.001212569048187 -0.000787159343596
82 8 20.768161074900000 7.560908000500002 3.402138567200000 -0.003537100756901 0.002603130731964 0.004511463669736
100 8 23.016848881199998 11.455753713000002 3.402132653400000 0.000887531191238 0.003504407128989 0.001136278427168
116 8 21.429390813000008 9.775703055900001 4.968235823200000 0.002243547098055 0.001305812786493 0.001862990121626
132 8 19.180709763900005 11.073992940400007 3.132190496199999 -0.000790240598186 0.000706033262257 0.000302970920669
156 8 19.180713938099998 8.477428856900005 1.296161863300000 -0.001568313948174 0.000914177623530 -0.002684085471192
19 1 11.508416103199997 13.288791380900006 2.349147298800000 -0.013062626437053 -0.030137634649387 0.002542550741317
123 8 11.508415542500002 13.670555930200003 4.968234320200000 0.002777681428623 0.002847608371205 -0.002899285862579
139 8 9.259738667499999 12.372281731100001 1.296160360000000 0.000905021077009 0.002536728567114 -0.000682426224251
35 7 13.426485478100000 14.396189250800001 5.481341472000000 0.002689809066941 0.001371780661781 0.020065016560839
51 7 15.344568726800000 13.288783027399999 2.349147115100000 0.017906743212583 -0.007331440871457 -0.005421868616697
59 7 17.262640601600001 14.396182340700005 5.481345370700000 0.001532426834351 0.003136690672382 0.000005927486599
67 8 16.932029885999999 12.372276697200000 5.994451122499998 -0.002533333793712 0.000311419996712 -0.001765115156094
75 8 15.344574537799998 15.121819469800011 5.994454850600000 -0.003674093145426 -0.005047466177435 -0.002726732487439
83 8 16.932019389799994 14.205300304100005 3.402138567200000 -0.005264389472265 -0.003931037587015 0.000570834847288
91 8 13.757112196700003 12.372264326600002 5.994440303000000 0.000765340541611 0.003384527658371 -0.003555182451949
107 8 13.757110162900000 14.205296485600002 3.402136381700000 -0.008555786109694 0.001918610542650 -0.005623336484296
140 8 16.932022037700008 12.372281731100001 1.296160360000000 -0.004412964507294 0.002024961449245 -0.000119569132579
147 8 13.757108114200003 12.372258443900009 1.296153622799999 -0.000215906975207 0.004564710568533 0.001701236954181
20 1 19.180699473400008 13.288791380900006 2.349147298800000 0.000436268466037 0.000433737158287 -0.000093678682641
36 7 21.098768848300001 14.396189250800001 5.481341472000000 -0.000999000122995 0.000055760341196 0.000108443703147
52 7 23.016852096999997 13.288783027399999 2.349147115100000 -0.004750325949653 -0.002194170735916 -0.000011899103516
76 8 23.016857907999988 15.121819469800011 5.994454850600000 0.001462026859954 -0.002263527491944 -0.002115269784321
92 8 21.429395566900006 12.372264326600002 5.994440303000000 0.001810773307839 0.001456762023001 -0.001344017254139
108 8 21.429393533100004 14.205296485600002 3.402136381700000 0.002935703888867 -0.001164639249455 0.001064622260670
124 8 19.180698912699995 13.670555930200003 4.968234320200000 0.000271495609907 0.001634425848158 0.001390707489332
148 8 21.429391484400018 12.372258443900009 1.296153622799999 0.002902302229401 0.002117030874324 -0.001039874385652
60 7 24.934923971800007 14.396182340700005 5.481345370700000 -0.004032032030957 0.000389550706701 0.004612200966692
68 8 24.604313256200001 12.372276697200000 5.994451122499998 -0.000546423244415 0.002332755445981 -0.002237909301702
84 8 24.604302760000003 14.205300304100005 3.402138567200000 0.002648478562490 0.000392764433839 -0.000611042210382
29 1 9.590346111300004 5.537003285800003 8.613538384300000 -0.000689742784368 -0.000307922833017 -0.002473988764242
157 8 11.508430567900000 4.047833987800002 7.560555002900000 0.000450317308644 -0.002047183613298 -0.000386170789210
165 8 7.672298157300002 4.429594165800001 7.830487589900000 0.000048846031295 -0.000237549970110 0.003416227222976
173 8 9.259725682700003 5.346106031900003 11.232641519100001 -0.000096218628941 -0.000468683060910 0.002519792001359
13 1 13.426498927400001 5.536998376400002 8.613533801700001 0.000195351031109 0.000267855782448 -0.001489349893171
30 1 17.262629481500003 5.537003285800003 8.613538384300000 0.000322905185485 0.000403446383010 -0.000098092577389
117 8 13.757107442800002 5.346108186800002 11.232628962800000 -0.000556392429506 -0.002029110968603 0.002917711111089
166 8 15.344581527500001 4.429594165800001 7.830487589900000 -0.000256387797946 -0.000109024604452 -0.000041228961384
174 8 16.932009052900007 5.346106031900003 11.232641519100001 -0.001806701599687 -0.001855340632170 0.001336846191743
14 1 21.098782297600003 5.536998376400002 8.613533801700001 0.000191102309584 0.000261875276409 -0.001495025282764
118 8 21.429390813000005 5.346108186800002 11.232628962800000 0.002743396764022 -0.000511664214639 0.001843663632857
158 8 19.180713938100002 4.047833987800002 7.560555002900000 -0.000370383100346 -0.002693071772529 -0.001337404790324
5 1 11.508418611100007 6.644402959900002 11.745737660500000 -0.002097480416612 0.002285147447759 -0.023314921165313
21 1 11.508416103199998 8.859196511800004 8.613540438400001 0.000364404068087 0.000475346474246 0.000042730554528
125 8 11.508415542500003 9.240961061100004 11.232627459799998 -0.003198720920521 -0.001232724366131 0.000125039506135
133 8 11.508426393700002 6.644398071300002 9.396583635799999 0.000117782608354 -0.000358743490952 0.003506240850053
141 8 9.259738667500002 7.942686862000003 7.560553499600000 -0.001419322564002 0.001190635606493 -0.000198172081238
167 8 11.508439842400001 11.073986469400005 7.830487589900000 -0.000084995223971 0.000371622828394 -0.001068689504379
37 7 13.426485478099996 9.966594381700006 11.745734611600000 0.002657325078329 0.001266514195436 0.019997389788430
45 7 15.344568302600001 6.644396246400003 11.745727975299999 0.002279631562639 0.007484590411407 -0.000844409626810
53 7 15.344568726799995 8.859188158300002 8.613540254699998 -0.000227338431891 0.000815974854961 0.001403288162327
61 7 17.262640601600001 9.966587471600000 11.745738510299995 -0.004024738469758 0.000369162378571 0.004593515313053
69 8 16.932029886000002 7.942681828100003 12.258844262099997 -0.002038127461243 -0.001723620178828 -0.003291508157386
77 8 15.344574537800005 10.692224600700005 12.258847990200001 0.002293295101603 -0.000961425660366 -0.005710234575791
85 8 16.932019389799990 9.775705435000003 9.666531706799999 -0.001532182570219 -0.001048294942340 -0.000182726989152
93 8 13.757112196700007 7.942669457500004 12.258833442600000 -0.002993366266090 -0.010781484158245 -0.002954966396274
101 8 15.344565511000003 7.026158843900003 9.666525792999996 -0.000291610852693 0.000889082433447 0.001832564454022
109 8 13.757110162900005 9.775701616500001 9.666529521300001 0.001738998164348 -0.001357444994490 -0.001803458616553
142 8 16.932022037700005 7.942686862000003 7.560553499600000 -0.001639314497880 0.000604662307024 -0.001557408385719
149 8 13.757108114200001 7.942663574800001 7.560546762400000 0.001540813413848 0.000774926376294 -0.001554736566830
159 8 15.344572253000006 10.692226291400004 7.560555002900000 -0.000260272841370 -0.001164859878037 -0.002893029170169
6 1 19.180701981300004 6.644402959900002 11.745737660500000 -0.000915351076361 0.000937835099945 0.000579033648441
22 1 19.180699473400011 8.859196511800004 8.613540438400001 -0.000006666030836 -0.000102488803864 -0.000081465121415
38 7 21.098768848300008 9.966594381700006 11.745734611600000 -0.000993832205502 0.000055905263732 0.000106075460133
46 7 23.016851672800001 6.644396246400003 11.745727975299999 -0.003271946528282 0.000386215862055 -0.001824886512827
54 7 23.016852096999990 8.859188158300002 8.613540254699998 -0.000611263376236 -0.000082808414573 -0.001156238494208
78 8 23.016857907999999 10.692224600700005 12.258847990200001 -0.000216854334748 -0.002171059121360 -0.001465593098159
94 8 21.429395566900006 7.942669457500004 12.258833442600000 0.002802873106072 0.000428131199040 -0.001278763902498
102 8 23.016848881199998 7.026158843900003 9.666525792999996 0.000525429889331 0.001534704782699 0.002811593755307
110 8 21.429393533100001 9.775701616500001 9.666529521300001 0.001818265998588 -0.000757524274733 0.001675498062223
126 8 19.180698912700002 9.240961061100004 11.232627459799998 0.001943110120382 0.001546306431888 0.000742000888893
134 8 19.180709763900005 6.644398071300002 9.396583635799999 -0.000177860548376 -0.000222537747468 0.000048558969238
150 8 21.429391484400004 7.942663574800001 7.560546762400000 0.001964233704340 0.001522849274161 0.000419575972356
160 8 23.016855623200005 10.692226291400004 7.560555002900000 0.000200718660857 -0.001446364700330 -0.001661339418580
168 8 19.180723212599993 11.073986469400005 7.830487589900000 -0.000099398077047 0.000332985624219 -0.000101372052483
62 7 24.934923971800000 9.966587471600000 11.745738510299995 0.001544661529083 0.003130874785247 0.000015473926720
70 8 24.604313256200005 7.942681828100003 12.258844262099997 0.000618051310644 -0.001945577632927 0.000962649896440
86 8 24.604302759999996 9.775705435000003 9.666531706799999 -0.001675648321332 -0.001130497493251 0.001617317377670
7 1 15.344560296200003 13.288795263500004 11.745737660500000 -0.000991285316393 -0.003175213734488 0.001978817774698
15 1 17.262640612500000 12.181390680000009 8.613533801700001 -0.000123086936092 -0.000432130747037 0.001045107028720
23 1 15.344557788300000 15.503588815399999 8.613540438400001 0.000359619188032 0.000477993263392 0.000031467545628
31 1 13.426487796399995 12.181395589400003 8.613538384300000 0.000322908398995 -0.000954497400996 0.002603253088873
39 7 17.262627163200005 16.610986685300006 11.745734611600000 -0.002738501991849 -0.003437824093291 -0.002659584935754
95 8 17.593253881800010 14.587061761100006 12.258833442600000 0.002184638055492 0.002963800726358 -0.001353193413359
111 8 17.593251848000001 16.420093920100001 9.666529521300001 0.001760682912090 -0.000486249076475 0.002983397407507
119 8 17.593249127900002 11.990500490400001 11.232628962800000 0.003033906758102 0.000849480505540 0.000572324179786
127 8 15.344557227600006 15.885353364700006 11.232627459799998 0.001392029250499 0.003000224884736 0.001714310730906
135 8 15.344568078800005 13.288790374900007 9.396583635799999 -0.000008269236995 0.000254539726254 -0.000973986855994
143 8 13.095880352600002 14.587079165600008 7.560553499600000 -0.001442156896943 0.000309767874509 -0.004970839676003
151 8 17.593249799300004 14.587055878400003 7.560546762400000 0.001683546416995 0.000807931247975 -0.001203061927873
175 8 13.095867367800004 11.990498335500007 11.232641519100001 -0.002463963345605 0.001439701389218 -0.000892812511535
8 1 23.016843666400000 13.288795263500004 11.745737660500000 0.000803638523520 -0.000930472846861 -0.000198699849678
24 1 23.016841158500000 15.503588815399999 8.613540438400001 -0.000004889161529 -0.000100133759834 -0.000081205920180
32 1 21.098771166600002 12.181395589400003 8.613538384300000 -0.000010034211780 -0.000382366960461 -0.000024144267682
47 7 19.180709987699998 13.288788550000005 11.745727975299999 -0.001555497776576 -0.002151225262621 0.000116508055550
55 7 19.180710411900002 15.503580461900007 8.613540254699998 -0.000611947263687 -0.000085555037785 -0.001161165498656
63 7 21.098782286700004 16.610979775200004 11.745738510299995 0.001718218402451 -0.002930330908626 -0.004777801216199
71 8 20.768171571100002 14.587074131700003 12.258844262099997 -0.001342409531725 0.002792308466079 -0.000938080257139
79 8 19.180716222899996 17.336616904300001 12.258847990200001 0.000565409413410 0.001397069167686 0.002089764271536
87 8 20.768161074900000 16.420097738599999 9.666531706799999 -0.001393373669205 -0.000416652512381 0.003248234169848
103 8 19.180707196099995 13.670551147500003 9.666525792999996 0.000273039634746 0.002136262762957 0.001538406189972
128 8 23.016840597800005 15.885353364700006 11.232627459799998 -0.001114260252504 0.002590285918633 0.002068519866756
136 8 23.016851449000004 13.288790374900007 9.396583635799999 -0.000022625963376 0.000216762928627 -0.000011716161995
144 8 20.768163722800004 14.587079165600008 7.560553499600000 -0.001362146303045 0.000921695062548 -0.001499751030946
176 8 20.768150737999996 11.990498335500007 11.232641519100001 -0.001425774407945 -0.000498863507560 0.001323421884911
16 1 24.934923982700003 12.181390680000009 8.613533801700001 -0.000123764520373 -0.000432201305976 0.001048525993812
40 7 24.934910533400007 16.610986685300006 11.745734611600000 0.001543061331929 -0.000275050887283 -0.000853800227548
48 7 26.852993357900004 13.288788550000005 11.745727975299999 0.001883675963452 -0.002345055073527 0.002297891008794
56 7 26.852993782099993 15.503580461900007 8.613540254699998 -0.000222091814359 0.000826225605448 0.001391102227761
64 7 28.771065656899999 16.610979775200004 11.745738510299995 -0.000741602902743 -0.000967798703557 0.000064531849757
72 8 28.440454941300004 14.587074131700003 12.258844262099997 -0.001694950571117 0.001886887865674 -0.001808728794019
80 8 26.852999593099998 17.336616904300001 12.258847990200001 -0.000573791765430 -0.002077452749220 -0.001448065059807
88 8 28.440444445099999 16.420097738599999 9.666531706799999 -0.001812800547619 -0.001163808103107 0.001275903686303
96 8 25.265537252000023 14.587061761100006 12.258833442600000 0.000656010977780 0.002136279100658 -0.001440081924745
104 8 26.852990566300001 13.670551147500003 9.666525792999996 -0.000186609310340 0.002414466715996 0.000307236322056
112 8 25.265535218199997 16.420093920100001 9.666529521300001 0.001539481995669 -0.001076862769835 0.001617677339669
120 8 25.265532498100001 11.990500490400001 11.232628962800000 0.001051766657175 -0.001168109409009 0.001039839348150
152 8 25.265533169500006 14.587055878400003 7.560546762400000 0.001820031090275 0.000884948965629 -0.003011066391623
