ITEM: TIMESTEP
0
ITEM: NUMBER OF ATOMS
176
ITEM: BOX BOUNDS xy xz yz pp pp pp
0.0000000000000000e+00 3.0689133480799999e+01 7.6722833701999980e+00
0.0000000000000000e+00 1.7718379476200003e+01 7.6722833702000024e+00
0.0000000000000000e+00 1.2528786279200000e+01 4.4295948690000015e+00
ITEM: ATOMS id type x y z fx fy fz
25 1 5.754204426199998 3.322205851300000 2.349145244699999 -0.001329533283364 -0.000333773265954 -0.000340056298422
137 8 5.423596982400004 5.727889427500000 1.296160360000000 -0.000487396261460 0.000494088819240 -0.001241799835509
161 8 3.836156472199998 2.214796731300001 1.566094450300000 0.000571278932651 -0.000317913789715 -0.000516008069794
169 8 5.423583997600000 3.131308597400002 4.968248379499999 0.000631001255603 -0.001042646940164 0.001062215836324
1 1 7.672276926000002 4.429605525400001 5.481344520900000 -0.005612225360553 -0.000350669938311 -0.000415425643065
9 1 9.590357242299998 3.322200941900001 2.349140662099999 -0.001800056499957 -0.001217486742891 -0.004035413422581
41 7 11.508426617500000 4.429598811900002 5.481334835700000 0.029414106078943 0.011454733106195 0.003335141661388
89 8 9.920970511600007 5.727872023000002 5.994440303000000 0.014018353520159 -0.003726692817447 -0.002801785799005
97 8 11.508423825899998 4.811361409400002 3.402132653400000 -0.000331635068223 0.001087162645736 0.012319029553171
113 8 9.920965757699999 3.131310752300001 4.968235823200000 0.017975865945897 0.013647738698746 0.006172796888391
129 8 7.672284708600001 4.429600636800002 3.132190496199999 0.001169993951734 -0.000288299358780 0.001198667988995
145 8 9.920966429100000 5.727866140300000 1.296153622799999 0.002159309036452 0.000594036791384 0.000169051598590
153 8 7.672288882800000 1.833036553300000 1.296161863300000 0.000479992566189 -0.001225586181764 -0.000633910794569
162 8 11.508439842400000 2.214796731300001 1.566094450300000 -0.000929863092692 0.000763561992704 0.001053657855300
2 1 15.344560296200001 4.429605525400001 5.481344520900000 -0.000977462257291 0.009738230931393 0.004483837905591
10 1 17.262640612500000 3.322200941900001 2.349140662099999 -0.001267052711308 0.001124447995594 0.002094086882458
26 1 13.426487796400002 3.322205851300000 2.349145244699999 0.004599080951503 0.000123721041010 -0.000335195433450
65 8 13.105888200900003 5.727884393600002 5.994451122499998 -0.085143943831388 -0.054533425738639 -0.001184044497033
90 8 17.593253881800006 5.727872023000002 5.994440303000000 0.005352926998394 0.001383913134315 -0.000719222873427
114 8 17.593249127900009 3.131310752300001 4.968235823200000 0.006499749789900 -0.003756713332250 0.000629025894157
130 8 15.344568078800005 4.429600636800002 3.132190496199999 -0.000409534668171 -0.001427936380770 -0.006588646071248
138 8 13.095880352600009 5.727889427500000 1.296160360000000 -0.003445445191012 0.000616737885872 -0.001203773571546
146 8 17.593249799300011 5.727866140300000 1.296153622799999 0.001993137075002 0.001011937217995 -0.002272012314177
154 8 15.344572252999999 1.833036553300000 1.296161863300000 -0.000545969661696 -0.001922087258883 -0.002180664135148
170 8 13.095867367800004 3.131308597400002 4.968248379499999 -0.013687865613520 0.002006539128996 0.002590072739964
42 7 19.180709987699998 4.429598811900002 5.481334835700000 -0.005173385848326 0.000589023014355 0.000395943795185
66 8 20.768171571100002 5.727884393600002 5.994451122499998 0.000279065786554 0.000880756537562 -0.001467121435971
98 8 19.180707196099995 4.811361409400002 3.402132653400000 0.000900081569868 0.001818601219143 0.001053037503609
3 1 11.508418611100000 11.073997829000001 5.481344520900000 0.001157349102399 0.000922185180467 -0.000357272207716
17 1 7.672274418099999 6.644399077300000 2.349147298800000 -0.001183857096059 0.000667132293977 -0.001211554792504
27 1 9.590346111300001 9.966598154900002 2.349145244699999 0.000312860343856 0.000594662741443 -0.000317401900642
33 7 9.590343793000001 7.751796947200008 5.481341472000000 -0.003625424732121 0.008769348565120 -0.001976668434214
49 7 11.508427041700001 6.644390723800001 2.349147115100000 0.002401951102156 0.005399673528838 -0.004546746645830
73 8 11.508432852700000 8.477427166200002 5.994454850600000 -0.003611608664833 -0.005727099201362 -0.001180983366340
105 8 9.920968477800001 7.560904182000002 3.402136381700000 0.001529235013799 -0.001804871672008 0.002913626670704
121 8 7.672273857400003 7.026163626600007 4.968234320200000 0.002859509658284 0.000849452630963 0.001849336799583
131 8 11.508426393700001 11.073992940400007 3.132190496199999 -0.000709130235040 0.000139654644286 -0.000099777843060
155 8 11.508430567899998 8.477428856900005 1.296161863300000 -0.000569016830648 -0.002571478445469 -0.001352131429224
163 8 7.672298157300000 8.859189034900005 1.566094450300000 0.000320412010497 -0.000311961607265 0.000369504459585
171 8 9.259725682700001 9.775700901000002 4.968248379499999 -0.001146578479772 -0.002868341327633 0.001547285386345
11 1 13.426498927399999 9.966593245500007 2.349140662099999 0.000811446351502 -0.000296746276662 0.000872744228956
18 1 15.344557788300000 6.644399077300000 2.349147298800000 0.000994696338169 -0.000737966978934 0.005068441947038
28 1 17.262629481500003 9.966598154900002 2.349145244699999 -0.000332350594777 -0.001228922713868 0.000887163758165
34 7 17.262627163200005 7.751796947200008 5.481341472000000 -0.008498607241671 -0.004886488660228 -0.001566321503019
43 7 15.344568302600003 11.073991115500002 5.481334835700000 -0.001145823978417 -0.003255970660898 -0.000072615530876
57 7 13.426498916499998 7.751790037100004 5.481345370700000 0.017441782177920 -0.004021347359009 0.001476543926940
81 8 13.095877704700001 7.560908000500002 3.402138567200000 -0.005381971177476 -0.001221561701092 -0.001729334565229
99 8 15.344565510999997 11.455753713000002 3.402132653400000 0.000271188981546 0.002603950333765 0.001007527622725
106 8 17.593251848000001 7.560904182000002 3.402136381700000 0.003739290355108 -0.000510482455604 -0.000379550466094
115 8 13.757107442799997 9.775703055900001 4.968235823200000 0.003213656404777 0.005485570789005 0.000007883508494
122 8 15.344557227600001 7.026163626600007 4.968234320200000 0.016035537886178 0.014990470508967 -0.006652629631081
164 8 15.344581527500001 8.859189034900005 1.566094450300000 -0.000360090339563 0.000801910140046 -0.000759115093044
172 8 16.932009052900014 9.775700901000002 4.968248379499999 -0.001072831601448 0.001496416778819 0.001069688758449
4 1 19.180701981300000 11.073997829000001 5.481344520900000 -0.000443886961917 -0.001396534580376 -0.000140899866235
12 1 21.098782297600000 9.966593245500007 2.349140662099999 -0.000555999605899 -0.000028367457163 0.000100097716553
44 7 23.016851672799998 11.073991115500002 5.481334835700000 -0.000767655213912 0.000986035644626 0.000363434593614
50 7 19.180710411899998 6.644390723800001 2.349147115100000 -0.001964928696135 0.000018723471946 0.001044832294536
58 7 21.098782286699997 7.751790037100004 5.481345370700000 -0.003247366625264 0.000943321520687 0.000264245374081
74 8 19.180716222899989 8.477427166200002 5.994454850600000 0.002568830738501 -0.001017151120417 -0.000979366457878
82 8 20.768161074900000 7.560908000500002 3.402138567200000 -0.000522748587769 -0.000971292757198 0.001666459987691
100 8 23.016848881199998 11.455753713000002 3.402132653400000 0.000234986068528 0.001363521556447 0.001768344598178
116 8 21.429390813000008 9.775703055900001 4.968235823200000 0.002336811203184 -0.000865733110966 0.001362828834689
132 8 19.180709763900005 11.073992940400007 3.132190496199999 0.000181193033052 0.000559212896404 0.000036294398584
156 8 19.180713938099998 8.477428856900005 1.296161863300000 0.000270225679657 -0.001383027428211 -0.002075984723869
19 1 11.508416103199997 13.288791380900006 2.349147298800000 0.000160886587058 0.000277988434675 0.000388042875370
123 8 11.508415542500002 13.670555930200003 4.968234320200000 0.000875767727551 0.001202292144957 0.001054332636691
139 8 9.259738667499999 12.372281731100001 1.296160360000000 -0.000696090807363 0.000030217422078 -0.001236842815086
35 7 13.426485478100000 14.396189250800001 5.481341472000000 -0.001742178056078 -0.000893581704913 0.000118808573188
51 7 15.344568726800000 13.288783027399999 2.349147115100000 -0.000835319292529 -0.001336087319377 -0.000725398303782
59 7 17.262640601600001 14.396182340700005 5.481345370700000 -0.001810447049277 -0.008672490398502 0.001303225126702
67 8 16.932029885999999 12.372276697200000 5.994451122499998 -0.000705356467674 0.003550785459409 -0.001569295261851
75 8 15.344574537799998 15.121819469800011 5.994454850600000 0.001989380143922 -0.000717584025156 -0.002113649379434
83 8 16.932019389799994 14.205300304100005 3.402138567200000 -0.000909164952802 0.000966117599000 0.003068646686195
91 8 13.757112196700003 12.372264326600002 5.994440303000000 0.001380146633587 0.001981934706272 -0.001191246775442
107 8 13.757110162900000 14.205296485600002 3.402136381700000 0.002012791470736 -0.000673243108342 0.001653310783628
140 8 16.932022037700008 12.372281731100001 1.296160360000000 -0.001153531291258 0.000955943220494 -0.000891446242337
147 8 13.757108114200003 12.372258443900009 1.296153622799999 0.001439616443431 0.001133068550120 -0.001386224952760
20 1 19.180699473400008 13.288791380900006 2.349147298800000 0.000496233671815 -0.001209555909133 -0.000589538067904
36 7 21.098768848300001 14.396189250800001 5.481341472000000 0.003918819165140 -0.000986965644808 0.000515792246247
52 7 23.016852096999997 13.288783027399999 2.349147115100000 0.000699204605490 0.000613412909830 0.000155921429263
76 8 23.016857907999988 15.121819469800011 5.994454850600000 -0.001900448359318 -0.005206259786431 -0.001289737180457
92 8 21.429395566900006 12.372264326600002 5.994440303000000 0.001340301989751 0.001298165931302 -0.001412117885679
108 8 21.429393533100004 14.205296485600002 3.402136381700000 0.000843181326174 -0.000675516629317 0.001845777949331
124 8 19.180698912699995 13.670555930200003 4.968234320200000 -0.000902570017068 0.003001990005817 0.001572620895638
148 8 21.429391484400018 12.372258443900009 1.296153622799999 0.001334221903291 0.001012346613484 -0.001400380556108
60 7 24.934923971800007 14.396182340700005 5.481345370700000 -0.001082505342286 0.003293539286790 -0.000019153185450
68 8 24.604313256200001 12.372276697200000 5.994451122499998 -0.001886760399112 -0.000385728589464 -0.001453163217554
84 8 24.604302760000003 14.205300304100005 3.402138567200000 -0.001685147371713 -0.001676874774653 0.001046187591938
29 1 9.590346111300004 5.537003285800003 8.613538384300000 -0.001889594384260 0.001455983569941 0.005186445286064
157 8 11.508430567900000 4.047833987800002 7.560555002900000 0.002980931389401 0.008835405803477 -0.016564879426052
165 8 7.672298157300002 4.429594165800001 7.830487589900000 0.001816637484389 0.000304683235256 -0.001216488225218
173 8 9.259725682700003 5.346106031900003 11.232641519100001 -0.001591804890058 -0.000934226563340 0.000301308234447
13 1 13.426498927400001 5.536998376400002 8.613533801700001 0.012855082606788 0.001689295838398 -0.004508715420538
30 1 17.262629481500003 5.537003285800003 8.613538384300000 -0.003209750223633 -0.000907822030521 -0.002972915651652
117 8 13.757107442800002 5.346108186800002 11.232628962800000 0.001841715617317 -0.001065386807774 0.002393695281743
166 8 15.344581527500001 4.429594165800001 7.830487589900000 0.002985775267040 -0.003610722521114 0.008256019668536
174 8 16.932009052900007 5.346106031900003 11.232641519100001 -0.001673560225789 -0.000789213119022 0.002003246005178
14 1 21.098782297600003 5.536998376400002 8.613533801700001 -0.002084752620998 0.000270951515879 0.000402359095291
118 8 21.429390813000005 5.346108186800002 11.232628962800000 0.002056469429101 -0.000715358355265 0.001264383899888
158 8 19.180713938100002 4.047833987800002 7.560555002900000 0.000845178449990 -0.002130920342189 -0.001300748564857
5 1 11.508418611100007 6.644402959900002 11.745737660500000 0.000650061444608 0.000050553586321 0.000438731701812
21 1 11.508416103199998 8.859196511800004 8.613540438400001 0.002509194425288 0.000799806945834 0.000916045854811
125 8 11.508415542500003 9.240961061100004 11.232627459799998 0.000064248914322 0.001769119666849 0.001100831147291
133 8 11.508426393700002 6.644398071300002 9.396583635799999 -0.002472286474445 -0.000230874382832 -0.000923386316188
141 8 9.259738667500002 7.942686862000003 7.560553499600000 -0.001029190125416 -0.000770759616122 -0.003120311625390
167 8 11.508439842400001 11.073986469400005 7.830487589900000 -0.000342196066118 -0.000342749492107 -0.000165538489192
37 7 13.426485478099996 9.966594381700006 11.745734611600000 0.000194545157971 -0.000426535469987 -0.000553391131072
45 7 15.344568302600001 6.644396246400003 11.745727975299999 -0.000577447539447 -0.000273160987410 -0.002055171235033
53 7 15.344568726799995 8.859188158300002 8.613540254699998 -0.001863926636536 -0.002907701420326 -0.002875836746688
61 7 17.262640601600001 9.966587471600000 11.745738510299995 -0.000555649180703 0.000068338448129 -0.001905550802007
69 8 16.932029886000002 7.942681828100003 12.258844262099997 -0.001471539320633 0.001003215766816 -0.000468131063384
77 8 15.344574537800005 10.692224600700005 12.258847990200001 0.000027794421599 -0.001918450570868 -0.000965918130383
85 8 16.932019389799990 9.775705435000003 9.666531706799999 -0.000948034433896 -0.000320048576075 0.002369349938857
93 8 13.757112196700007 7.942669457500004 12.258833442600000 0.001592263666614 0.001181869346648 -0.001033861363556
101 8 15.344565511000003 7.026158843900003 9.666525792999996 0.000072388289175 0.001781547738085 0.002955360619491
109 8 13.757110162900005 9.775701616500001 9.666529521300001 0.000990132863973 -0.000015962697601 0.002574281655836
142 8 16.932022037700005 7.942686862000003 7.560553499600000 -0.000985394976766 0.001689609378691 -0.000181163643645
149 8 13.757108114200001 7.942663574800001 7.560546762400000 -0.000351850110074 0.007703140056480 0.004636308961783
159 8 15.344572253000006 10.692226291400004 7.560555002900000 0.000331821105313 -0.000505791762716 -0.001545034381964
6 1 19.180701981300004 6.644402959900002 11.745737660500000 -0.000093231510974 -0.000422380305147 -0.001214494326161
22 1 19.180699473400011 8.859196511800004 8.613540438400001 -0.000992924335233 -0.000651486229059 -0.000589364315069
38 7 21.098768848300008 9.966594381700006 11.745734611600000 0.000594804846564 0.000079063891795 -0.000320398323235
46 7 23.016851672800001 6.644396246400003 11.745727975299999 -0.000409200071935 0.000438626823440 0.001038710229963
54 7 23.016852096999990 8.859188158300002 8.613540254699998 -0.001390811239521 0.001305976172841 0.000740715915731
78 8 23.016857907999999 10.692224600700005 12.258847990200001 -0.000437396516740 -0.002126330382314 -0.002103733578614
94 8 21.429395566900006 7.942669457500004 12.258833442600000 0.001537478048243 0.001055255685226 -0.001416386542680
102 8 23.016848881199998 7.026158843900003 9.666525792999996 0.000514446099990 0.001461282123015 0.000943565204321
110 8 21.429393533100001 9.775701616500001 9.666529521300001 0.002049760067753 -0.001035397956622 0.001412108838667
126 8 19.180698912700002 9.240961061100004 11.232627459799998 0.000201388601921 0.001948508316828 0.001743217640190
134 8 19.180709763900005 6.644398071300002 9.396583635799999 0.001083752015916 0.000367009013119 0.000602128583942
150 8 21.429391484400004 7.942663574800001 7.560546762400000 0.002453280810201 0.000954761472029 -0.001386693321776
160 8 23.016855623200005 10.692226291400004 7.560555002900000 0.000028493261211 -0.002211745537411 -0.001690890492553
168 8 19.180723212599993 11.073986469400005 7.830487589900000 -0.000010766760672 0.000632219820463 -0.000024567824823
62 7 24.934923971800000 9.966587471600000 11.745738510299995 -0.000208428719681 0.000389272485434 0.001044000501377
70 8 24.604313256200005 7.942681828100003 12.258844262099997 -0.001820417254835 0.000555932811264 -0.001999110471417
86 8 24.604302759999996 9.775705435000003 9.666531706799999 -0.001758486021198 -0.001185994158465 0.001042231337647
7 1 15.344560296200003 13.288795263500004 11.745737660500000 -0.000071850946674 -0.000265926716904 -0.000159145371041
15 1 17.262640612500000 12.181390680000009 8.613533801700001 -0.000590755246290 -0.001345148534088 0.000190432611325
23 1 15.344557788300000 15.503588815399999 8.613540438400001 -0.001167172794360 -0.001167464780007 0.001087766128848
31 1 13.426487796399995 12.181395589400003 8.613538384300000 0.000446060649309 -0.000752717996068 -0.000126109973132
39 7 17.262627163200005 16.610986685300006 11.745734611600000 0.000215741569930 -0.000072019952977 0.001660176407869
95 8 17.593253881800010 14.587061761100006 12.258833442600000 0.001707583934784 0.001153791020473 -0.001428563361418
111 8 17.593251848000001 16.420093920100001 9.666529521300001 0.002245475800768 -0.000402836902773 -0.000443311737343
119 8 17.593249127900002 11.990500490400001 11.232628962800000 0.001914814383337 -0.000625370144536 0.001527011144832
127 8 15.344557227600006 15.885353364700006 11.232627459799998 0.000447498585101 0.001908413770662 0.000825820530919
135 8 15.344568078800005 13.288790374900007 9.396583635799999 0.000192111234060 0.000549005038680 -0.000173643689258
143 8 13.095880352600002 14.587079165600008 7.560553499600000 -0.000493341705847 0.000591384487910 -0.001409701059326
151 8 17.593249799300004 14.587055878400003 7.560546762400000 0.002244459139144 0.002345026690126 -0.002190319667878
175 8 13.095867367800004 11.990498335500007 11.232641519100001 -0.001578916746440 -0.000688899911366 0.001247456051659
8 1 23.016843666400000 13.288795263500004 11.745737660500000 0.000278563541625 0.000019171095011 0.000289173078269
24 1 23.016841158500000 15.503588815399999 8.613540438400001 0.001023317061750 0.003435005982189 -0.001873586653118
32 1 21.098771166600002 12.181395589400003 8.613538384300000 0.000455453484950 -0.000260257875718 0.000121679937217
47 7 19.180709987699998 13.288788550000005 11.745727975299999 0.000077810279264 -0.000177329425101 0.000247379906644
55 7 19.180710411900002 15.503580461900007 8.613540254699998 0.002200640841359 -0.005589491614114 0.004710704833492
63 7 21.098782286700004 16.610979775200004 11.745738510299995 0.000469348101892 0.000601544224763 -0.000043461959902
71 8 20.768171571100002 14.587074131700003 12.258844262099997 -0.002138196231587 0.000649039363521 -0.001642339156276
79 8 19.180716222899996 17.336616904300001 12.258847990200001 -0.000509263386704 -0.002109955918193 -0.001531460452713
87 8 20.768161074900000 16.420097738599999 9.666531706799999 -0.003582725237217 -0.001584808941225 0.000325437544316
103 8 19.180707196099995 13.670551147500003 9.666525792999996 -0.000131051262038 0.003453526995017 0.000442372491041
128 8 23.016840597800005 15.885353364700006 11.232627459799998 -0.000200022228975 0.001911312244403 0.001608732709403
136 8 23.016851449000004 13.288790374900007 9.396583635799999 -0.000234565772654 -0.000713292607634 0.000175053435579
144 8 20.768163722800004 14.587079165600008 7.560553499600000 -0.003424602538321 0.001541619148392 -0.001632143489151
176 8 20.768150737999996 11.990498335500007 11.232641519100001 -0.001828375296313 -0.000816803693411 0.001284815826345
16 1 24.934923982700003 12.181390680000009 8.613533801700001 -0.000182949295114 0.000666956534752 -0.000001567071981
40 7 24.934910533400007 16.610986685300006 11.745734611600000 -0.000001145461330 0.000049597786021 -0.000825946805802
48 7 26.852993357900004 13.288788550000005 11.745727975299999 -0.000478749706214 0.000117462117422 0.000278315210003
56 7 26.852993782099993 15.503580461900007 8.613540254699998 -0.001307498081423 0.000885758059035 -0.000692879874645
64 7 28.771065656899999 16.610979775200004 11.745738510299995 -0.000894862993389 0.000156769511969 -0.000131361740433
72 8 28.440454941300004 14.587074131700003 12.258844262099997 -0.001637761716758 0.000671621019733 -0.001429059574913
80 8 26.852999593099998 17.336616904300001 12.258847990200001 -0.000041026120561 -0.001779309850055 -0.001091754215801
88 8 28.440444445099999 16.420097738599999 9.666531706799999 -0.000888759492342 -0.000915031321431 0.001468008930734
96 8 25.265537252000023 14.587061761100006 12.258833442600000 0.001724633574580 0.000965787810589 -0.001342364483442
104 8 26.852990566300001 13.670551147500003 9.666525792999996 0.000216264953007 0.001449822683862 0.001716567484197
112 8 25.265535218199997 16.420093920100001 9.666529521300001 0.002054735490639 -0.001398391057159 0.002309636053464
120 8 25.265532498100001 11.990500490400001 11.232628962800000 0.001838201640942 -0.000878905841360 0.001187490135233
152 8 25.265533169500006 14.587055878400003 7.560546762400000 0.001897181191228 0.000567126751374 -0.001141563590126
