ITEM: TIMESTEP
0
ITEM: NUMBER OF ATOMS
176
ITEM: BOX BOUNDS xy xz yz pp pp pp
0.0000000000000000e+00 3.0689133480799999e+01 7.6722833701999980e+00
0.0000000000000000e+00 1.7718379476200003e+01 7.6722833702000024e+00
0.0000000000000000e+00 1.2528786279200000e+01 4.4295948690000015e+00
ITEM: ATOMS id type x y z fx fy fz
25 1 5.754204426199998 3.322205851300000 2.349145244699999 0.009915243277076 0.000139887602176 0.009862503394630
137 8 5.423596982400004 5.727889427500000 1.296160360000000 -0.001474461471526 0.000221664146281 -0.003875084654889
161 8 3.836156472199998 2.214796731300001 1.566094450300000 -0.000458087100238 -0.000942679329650 -0.002430822106200
169 8 5.423583997600000 3.131308597400002 4.968248379499999 -0.002765064950688 -0.000234969716923 0.001803416903120
1 1 7.672276926000002 4.429605525400001 5.481344520900000 0.001066700977810 -0.001762728703831 -0.004237848540688
9 1 9.590357242299998 3.322200941900001 2.349140662099999 -0.007247682965959 -0.006357484770827 0.005323997015065
41 7 11.508426617500000 4.429598811900002 5.481334835700000 -0.002983835879936 -0.001909873087054 -0.003518225664677
89 8 9.920970511600007 5.727872023000002 5.994440303000000 0.001852667154278 0.001742022131114 -0.000680162725982
97 8 11.508423825899998 4.811361409400002 3.402132653400000 0.003862235163220 0.005231440020629 0.003733555948473
113 8 9.920965757699999 3.131310752300001 4.968235823200000 0.003083747844418 0.000327278940968 0.004790021239537
129 8 7.672284708600001 4.429600636800002 3.132190496199999 -0.004172887231759 0.007821807215079 0.003619538096445
145 8 9.920966429100000 5.727866140300000 1.296153622799999 0.001745200364682 0.003308229702249 -0.004195144302393
153 8 7.677288882800049 1.835923304645922 1.304326829109256 -0.025965653767809 0.020246743187874 -0.095666239024935
162 8 11.508439842400000 2.214796731300001 1.566094450300000 0.005544387602002 -0.002020177654942 -0.003199241780183
2 1 15.344560296200001 4.429605525400001 5.481344520900000 -0.000308625253971 -0.000457182025177 -0.001554485511344
10 1 17.262640612500000 3.322200941900001 2.349140662099999 -0.000334122900794 0.000278970390617 0.000737820411479
26 1 13.426487796400002 3.322205851300000 2.349145244699999 -0.002374228442635 -0.000353618230317 0.000266669108281
65 8 13.095888200900001 5.727884393600002 5.994451122499998 -0.000386187312591 0.001357296083562 0.000253576412012
90 8 17.593253881800006 5.727872023000002 5.994440303000000 0.000864273848078 0.001196513382908 -0.000329279122410
114 8 17.593249127900009 3.131310752300001 4.968235823200000 0.001518667972015 -0.000738318062709 0.001519436911792
130 8 15.344568078800005 4.429600636800002 3.132190496199999 0.000831663762695 0.000245544822731 0.000276368137677
138 8 13.095880352600009 5.727889427500000 1.296160360000000 -0.001087594235623 0.001185846907036 -0.002128869668948
146 8 17.593249799300011 5.727866140300000 1.296153622799999 0.001744290315837 0.001015567674083 -0.001680200665902
154 8 15.344572252999999 1.833036553300000 1.296161863300000 0.000459213967824 -0.001990758034027 -0.001938280180001
170 8 13.095867367800004 3.131308597400002 4.968248379499999 -0.000808738939216 -0.000923673717573 0.001862555823527
42 7 19.180709987699998 4.429598811900002 5.481334835700000 0.001564296654532 -0.001020148205830 -0.000989161538685
66 8 20.768171571100002 5.727884393600002 5.994451122499998 -0.002379979154043 0.000924450608169 -0.001194972241536
98 8 19.180707196099995 4.811361409400002 3.402132653400000 -0.000684563111451 0.002475840760990 0.001787161182986
3 1 11.508418611100000 11.073997829000001 5.481344520900000 0.000525415243092 0.000505364262782 -0.000230901469165
17 1 7.672274418099999 6.644399077300000 2.349147298800000 0.001022865175481 -0.003585901278727 0.001781074779272
27 1 9.590346111300001 9.966598154900002 2.349145244699999 0.000011036904537 -0.000647313326617 0.000237635585378
33 7 9.590343793000001 7.751796947200008 5.481341472000000 -0.000022282049703 -0.001288231547115 -0.000866347893930
49 7 11.508427041700001 6.644390723800001 2.349147115100000 -0.001453231960801 -0.002657788916910 0.000666077245903
73 8 11.508432852700000 8.477427166200002 5.994454850600000 0.000185410133270 -0.001353792791091 -0.000580718737518
105 8 9.920968477800001 7.560904182000002 3.402136381700000 0.001596375094293 -0.000381426281410 0.001588329971003
121 8 7.672273857400003 7.026163626600007 4.968234320200000 -0.000003908200033 0.002786265650439 0.001793457167668
131 8 11.508426393700001 11.073992940400007 3.132190496199999 0.000095911242635 0.000167731317542 -0.000364334849311
155 8 11.508430567899998 8.477428856900005 1.296161863300000 0.000252116605698 -0.000967833650371 -0.002254364401540
163 8 7.672298157300000 8.859189034900005 1.566094450300000 -0.000096875716870 0.000623109404089 -0.000465020154719
171 8 9.259725682700001 9.775700901000002 4.968248379499999 -0.001585919667342 -0.000500956742788 0.001351580800983
11 1 13.426498927399999 9.966593245500007 2.349140662099999 0.000317819815965 -0.000676220962076 0.001297588708483
18 1 15.344557788300000 6.644399077300000 2.349147298800000 -0.000343644456112 -0.000137860259598 0.000342572931752
28 1 17.262629481500003 9.966598154900002 2.349145244699999 0.000072593883755 0.000854996631762 0.000886722667248
34 7 17.262627163200005 7.751796947200008 5.481341472000000 0.000881785102817 0.000684332608940 -0.001538989564495
43 7 15.344568302600003 11.073991115500002 5.481334835700000 0.000522416032361 0.002236014159902 -0.002198493843029
57 7 13.426498916499998 7.751790037100004 5.481345370700000 -0.001026179080549 0.000343673821434 -0.001955288436314
81 8 13.095877704700001 7.560908000500002 3.402138567200000 -0.000796457245333 -0.000376605836466 0.001560783559010
99 8 15.344565510999997 11.455753713000002 3.402132653400000 0.000058275955716 -0.003711853084900 0.005200195261014
106 8 17.593251848000001 7.560904182000002 3.402136381700000 0.001403990001405 -0.001100458887944 0.001399928595510
115 8 13.757107442799997 9.775703055900001 4.968235823200000 0.001310151032392 -0.001540466425561 0.001670937153636
122 8 15.344557227600001 7.026163626600007 4.968234320200000 0.000301700583728 0.001860485574694 0.001882270189096
164 8 15.344581527500001 8.859189034900005 1.566094450300000 -0.000355976260499 -0.000354241614171 -0.000542043041038
172 8 16.932009052900014 9.775700901000002 4.968248379499999 -0.001312706627784 -0.001781128633266 0.001704129488149
4 1 19.180701981300000 11.073997829000001 5.481344520900000 -0.000553682361655 0.001155164159889 -0.000753193969161
12 1 21.098782297600000 9.966593245500007 2.349140662099999 -0.000388700842561 0.000127388489131 0.000369833208278
44 7 23.016851672799998 11.073991115500002 5.481334835700000 -0.000404394353030 -0.000217171174504 0.000053370373679
50 7 19.180710411899998 6.644390723800001 2.349147115100000 0.000119680170487 0.000022050300866 0.000656072131959
58 7 21.098782286699997 7.751790037100004 5.481345370700000 0.000343433816005 -0.000385074617329 -0.000404018342992
74 8 19.180716222899989 8.477427166200002 5.994454850600000 -0.000673066751034 -0.001604046377972 -0.000775197464684
82 8 20.768161074900000 7.560908000500002 3.402138567200000 -0.001991703651384 -0.001016672763150 0.001201418611486
100 8 23.016848881199998 11.455753713000002 3.402132653400000 0.000244679087817 0.001750829697419 0.001470132590644
116 8 21.429390813000008 9.775703055900001 4.968235823200000 0.001899120192427 -0.000665469088141 0.001422811307352
132 8 19.180709763900005 11.073992940400007 3.132190496199999 0.000241174189252 -0.001071133473376 -0.000037248571253
156 8 19.180713938099998 8.477428856900005 1.296161863300000 -0.000017858205693 -0.001991901720283 -0.002034930155933
19 1 11.508416103199997 13.288791380900006 2.349147298800000 0.000248834624995 0.000354053133429 0.002681937048527
123 8 11.508415542500002 13.670555930200003 4.968234320200000 -0.001151292816845 0.001451698676164 0.001664103837048
139 8 9.259738667499999 12.372281731100001 1.296160360000000 -0.001262699864213 0.000753765989694 -0.001958736069198
35 7 13.426485478100000 14.396189250800001 5.481341472000000 0.002576939925171 0.000683281622006 -0.003836491250230
51 7 15.344568726800000 13.288783027399999 2.349147115100000 0.008699134601359 0.009491157601134 0.012841050238073
59 7 17.262640601600001 14.396182340700005 5.481345370700000 -0.001875953309195 0.000926285315402 -0.009915775041058
67 8 16.932029885999999 12.372276697200000 5.994451122499998 -0.001977131236501 -0.001246841771928 0.000061778792906
75 8 15.344574537799998 15.121819469800011 5.994454850600000 -0.001380791790830 -0.001831940705674 -0.000055254038530
83 8 16.932019389799994 14.205300304100005 3.402138567200000 0.009096090750827 -0.011123654965253 0.017869742116306
91 8 13.757112196700003 12.372264326600002 5.994440303000000 0.001326317174945 0.000124407353278 -0.000414645202517
107 8 13.757110162900000 14.205296485600002 3.402136381700000 -0.006305555715179 -0.004253570466019 0.005041742455505
140 8 16.932022037700008 12.372281731100001 1.296160360000000 -0.000801193629171 -0.001569158114754 -0.005857953996476
147 8 13.757108114200003 12.372258443900009 1.296153622799999 0.000951214348410 0.003299381021335 -0.005801408370730
20 1 19.180699473400008 13.288791380900006 2.349147298800000 -0.003454999238421 0.003155839659521 0.002104595829832
36 7 21.098768848300001 14.396189250800001 5.481341472000000 -0.001519578995194 0.000063705784592 -0.001232620651756
52 7 23.016852096999997 13.288783027399999 2.349147115100000 -0.001045881230077 0.000515904286988 0.000365089977195
76 8 23.016857907999988 15.121819469800011 5.994454850600000 0.000079554633581 -0.001191950904617 -0.000565687333458
92 8 21.429395566900006 12.372264326600002 5.994440303000000 0.001982289931889 0.000587374993711 -0.001055439886686
108 8 21.429393533100004 14.205296485600002 3.402136381700000 0.002438972532834 -0.001257280636451 0.001499548701648
124 8 19.180698912699995 13.670555930200003 4.968234320200000 0.002777846684367 0.001264938316439 0.002691097586125
148 8 21.429391484400018 12.372258443900009 1.296153622799999 0.002252249990061 0.000780162575630 -0.001819931934317
60 7 24.934923971800007 14.396182340700005 5.481345370700000 0.000356147064233 0.000196691892340 -0.000377817912032
68 8 24.604313256200001 12.372276697200000 5.994451122499998 -0.001744494786721 0.000511886641617 -0.001322343077583
84 8 24.604302760000003 14.205300304100005 3.402138567200000 -0.001403809725048 -0.001061311596213 0.001180864909624
29 1 9.590346111300004 5.537003285800003 8.613538384300000 -0.001155347791904 -0.000675903955777 -0.001367210202936
157 8 11.508430567900000 4.047833987800002 7.560555002900000 0.000980816466799 -0.001404611249057 0.000106378349538
165 8 7.672298157300002 4.429594165800001 7.830487589900000 -0.000098272849772 0.000304743214179 0.001262980518120
173 8 9.259725682700003 5.346106031900003 11.232641519100001 -0.000809012557923 -0.000788868699186 0.001342777814219
13 1 13.426498927400001 5.536998376400002 8.613533801700001 -0.002652028445586 -0.001597069581832 -0.004849217250681
30 1 17.262629481500003 5.537003285800003 8.613538384300000 0.003040111223773 -0.001445295176313 -0.003315702600093
117 8 13.757107442800002 5.346108186800002 11.232628962800000 0.010592105665535 0.006105776044804 0.008762027748385
166 8 15.344581527500001 4.429594165800001 7.830487589900000 -0.000353039869355 0.001156931509936 0.001223333274427
174 8 16.932009052900007 5.346106031900003 11.232641519100001 -0.010412131973220 0.004641294388894 0.004267550644864
14 1 21.098782297600003 5.536998376400002 8.613533801700001 0.000780602293799 -0.000320810035912 -0.000643101564765
118 8 21.429390813000005 5.346108186800002 11.232628962800000 0.001840191302055 -0.000828934904788 0.001287486148206
158 8 19.180713938100002 4.047833987800002 7.560555002900000 -0.000745490470337 -0.001541078052583 -0.000932263802576
5 1 11.508418611100007 6.644402959900002 11.745737660500000 -0.005617706400461 0.000494929805509 0.000674114851270
21 1 11.508416103199998 8.859196511800004 8.613540438400001 -0.001161690267305 0.001013149024697 -0.001189922172553
125 8 11.508415542500003 9.240961061100004 11.232627459799998 0.002051834329990 0.000713977292030 0.001500850192742
133 8 11.508426393700002 6.644398071300002 9.396583635799999 0.001846514218064 -0.000243973998711 0.001353178838052
141 8 9.259738667500002 7.942686862000003 7.560553499600000 -0.001253700245879 0.000979746349255 -0.000978923920636
167 8 11.508439842400001 11.073986469400005 7.830487589900000 0.000036780588887 -0.000470015308705 0.000362175160448
37 7 13.426485478099996 9.966594381700006 11.745734611600000 -0.000811009149213 0.007667762452294 0.000746796153797
45 7 15.344568302600001 6.644396246400003 11.745727975299999 0.008773448857024 0.000405743685149 0.030821299743686
53 7 15.344568726799995 8.859188158300002 8.613540254699998 0.000557461869166 0.007727084823388 -0.005128312857048
61 7 17.262640601600001 9.966587471600000 11.745738510299995 0.001507035622877 0.002242725353522 0.002755281355973
69 8 16.932029886000002 7.942681828100003 12.258844262099997 -0.009673039635405 -0.004596490729686 -0.009491187056336
77 8 15.344574537800005 10.692224600700005 12.258847990200001 -0.001372948193998 -0.003096724745782 -0.002600298089821
85 8 16.932019389799990 9.775705435000003 9.666531706799999 -0.002628346993657 -0.002145365055359 0.001129908770516
93 8 13.757112196700007 7.942669457500004 12.258833442600000 0.012218111816053 -0.013975608784552 0.001145276332246
101 8 15.344565511000003 7.026158843900003 9.666525792999996 0.000049545540622 -0.003345952891399 0.023156220128830
109 8 13.757110162900005 9.775701616500001 9.666529521300001 0.002113062807518 -0.002257143136357 0.002360375758959
142 8 16.932022037700005 7.942686862000003 7.560553499600000 -0.003113898321493 0.000160775092478 0.000424731095234
149 8 13.757108114200001 7.942663574800001 7.560546762400000 0.003067033599803 0.000302094769856 0.000822290811230
159 8 15.344572253000006 10.692226291400004 7.560555002900000 -0.000198744266110 -0.003961939739111 0.000527194593266
6 1 19.180701981300004 6.644402959900002 11.745737660500000 0.002519585406601 0.000875342341561 0.003503509246112
22 1 19.180699473400011 8.859196511800004 8.613540438400001 0.001051654828209 0.000737735101634 -0.000410693659214
38 7 21.098768848300008 9.966594381700006 11.745734611600000 0.000366703677098 -0.000081789221736 0.000926741958890
46 7 23.016851672800001 6.644396246400003 11.745727975299999 -0.001083222083560 -0.000106267451216 0.000515013239410
54 7 23.016852096999990 8.859188158300002 8.613540254699998 -0.000362288225596 -0.000042566676908 -0.000696781777216
78 8 23.016857907999999 10.692224600700005 12.258847990200001 0.000104906226614 -0.000863230953243 -0.000953257131090
94 8 21.429395566900006 7.942669457500004 12.258833442600000 0.001815304079160 0.000751613579166 -0.002010853622313
102 8 23.016848881199998 7.026158843900003 9.666525792999996 0.000243820151161 0.001713805030240 0.001751077360392
110 8 21.429393533100001 9.775701616500001 9.666529521300001 0.001397728143092 -0.001036939677256 0.001252267822776
126 8 19.180698912700002 9.240961061100004 11.232627459799998 -0.000439573828607 0.001615469257955 0.000990366316682
134 8 19.180709763900005 6.644398071300002 9.396583635799999 -0.001512753547110 -0.000349112712499 0.000083712555780
150 8 21.429391484400004 7.942663574800001 7.560546762400000 0.001523971662864 0.001082458890637 -0.000995419241804
160 8 23.016855623200005 10.692226291400004 7.560555002900000 0.000051708997033 -0.001765712126751 -0.001544588142133
168 8 19.180723212599993 11.073986469400005 7.830487589900000 -0.000143025445404 -0.000382707217150 0.000428049180078
62 7 24.934923971800000 9.966587471600000 11.745738510299995 -0.001542887669250 0.000950811270091 0.000544422864969
70 8 24.604313256200005 7.942681828100003 12.258844262099997 -0.000907573163215 0.000266600994418 -0.001763916500454
86 8 24.604302759999996 9.775705435000003 9.666531706799999 -0.001027840458500 -0.001196405779323 0.001467795878625
7 1 15.344560296200003 13.288795263500004 11.745737660500000 0.000185651163442 0.000214484771787 0.000091522697340
15 1 17.262640612500000 12.181390680000009 8.613533801700001 0.000009910442016 0.000895841238417 -0.001030781712169
23 1 15.344557788300000 15.503588815399999 8.613540438400001 0.000145876070129 -0.000157143334347 -0.001363461219921
31 1 13.426487796399995 12.181395589400003 8.613538384300000 0.000231228722351 0.001002215400373 -0.000979827743244
39 7 17.262627163200005 16.610986685300006 11.745734611600000 -0.001355809251666 -0.000986662868331 -0.000258420667606
95 8 17.593253881800010 14.587061761100006 12.258833442600000 0.001786193458394 0.001389692532257 -0.001515100486093
111 8 17.593251848000001 16.420093920100001 9.666529521300001 0.001962652022048 -0.000659477989889 0.002143364456751
119 8 17.593249127900002 11.990500490400001 11.232628962800000 0.001667983822239 -0.001086241129872 0.001242415841556
127 8 15.344557227600006 15.885353364700006 11.232627459799998 0.000621698399577 0.002059245789707 0.001661340897992
135 8 15.344568078800005 13.288790374900007 9.396583635799999 -0.000134940058658 -0.000482592490148 0.000412840298796
143 8 13.095880352600002 14.587079165600008 7.560553499600000 -0.002191020072229 0.000891731050635 -0.000446459526852
151 8 17.593249799300004 14.587055878400003 7.560546762400000 0.002517134189819 0.001253669163670 0.001532318347488
175 8 13.095867367800004 11.990498335500007 11.232641519100001 -0.001297588580680 -0.002871678816036 0.001587821941921
8 1 23.016843666400000 13.288795263500004 11.745737660500000 0.000226030279358 -0.000746121067884 0.000231763765874
24 1 23.016841158500000 15.503588815399999 8.613540438400001 0.000177744256883 -0.001604410763769 -0.001105166016515
32 1 21.098771166600002 12.181395589400003 8.613538384300000 -0.000057774270162 -0.000127636422228 -0.000360832178121
47 7 19.180709987699998 13.288788550000005 11.745727975299999 -0.000869068995462 -0.000984269212903 0.000255299241718
55 7 19.180710411900002 15.503580461900007 8.613540254699998 -0.002088578657518 -0.001190655017515 -0.002114948816485
63 7 21.098782286700004 16.610979775200004 11.745738510299995 -0.003046441039271 -0.009240256004844 0.000363718649286
71 8 20.768171571100002 14.587074131700003 12.258844262099997 -0.001144030295914 0.002594186050221 -0.001896797082673
79 8 19.180716222899996 17.336616904300001 12.258847990200001 0.001707382942651 -0.001179819966577 -0.002230596481579
87 8 20.768161074900000 16.420097738599999 9.666531706799999 -0.000351864743385 0.000864849338445 0.003279119251143
103 8 19.180707196099995 13.670551147500003 9.666525792999996 0.000347020274670 0.001966452474818 0.001941897542296
128 8 23.016840597800005 15.885353364700006 11.232627459799998 -0.000642395517938 0.003258061729065 0.001374121665402
136 8 23.016851449000004 13.288790374900007 9.396583635799999 -0.000018524240709 0.000585588306850 0.000369505281973
144 8 20.768163722800004 14.587079165600008 7.560553499600000 -0.001216505892955 0.001225840999078 -0.000640451589806
176 8 20.768150737999996 11.990498335500007 11.232641519100001 -0.001593956726006 -0.000399212784988 0.001343415244998
16 1 24.934923982700003 12.181390680000009 8.613533801700001 -0.000115558950993 0.000052475499233 -0.000200118730763
40 7 24.934910533400007 16.610986685300006 11.745734611600000 0.003676069064369 -0.005795933172124 0.003005662899388
48 7 26.852993357900004 13.288788550000005 11.745727975299999 -0.000015731078297 0.000174573963134 0.000358520983472
56 7 26.852993782099993 15.503580461900007 8.613540254699998 0.001281490575444 -0.000707315632698 -0.001052905779867
64 7 28.771065656899999 16.610979775200004 11.745738510299995 0.000220039699516 0.000000780573533 0.000265034099299
72 8 28.440454941300004 14.587074131700003 12.258844262099997 -0.001862825621379 0.000564079731377 -0.001573872083477
80 8 26.852999593099998 17.336616904300001 12.258847990200001 -0.001466136832431 -0.002130136600134 -0.002910525145963
88 8 28.440444445099999 16.420097738599999 9.666531706799999 -0.001911543781955 -0.000868395360054 0.001591536057011
96 8 25.265537252000023 14.587061761100006 12.258833442600000 0.001314682194203 0.001676705086925 -0.002059604527122
104 8 26.852990566300001 13.670551147500003 9.666525792999996 -0.000067424367095 0.001721722784630 0.001765388048879
112 8 25.265535218199997 16.420093920100001 9.666529521300001 0.000649546123198 0.000289658084832 0.002251903998234
120 8 25.265532498100001 11.990500490400001 11.232628962800000 0.001906671054135 -0.000867723319921 0.001468823761471
152 8 25.265533169500006 14.587055878400003 7.560546762400000 0.001495797755059 0.001277600609673 -0.000962881316966
