ITEM: TIMESTEP
0
ITEM: NUMBER OF ATOMS
176
ITEM: BOX BOUNDS xy xz yz pp pp pp
0.0000000000000000e+00 3.0689133480799999e+01 7.6722833701999980e+00
0.0000000000000000e+00 1.7718379476200003e+01 7.6722833702000024e+00
0.0000000000000000e+00 1.2528786279200000e+01 4.4295948690000015e+00
ITEM: ATOMS id type x y z fx fy fz
25 1 5.754204426199998 3.322205851300000 2.349145244699999 -0.002929456189301 -0.003603248343975 -0.002245263292854
137 8 5.423596982400004 5.727889427500000 1.296160360000000 0.001517360801081 0.002301490254058 0.002065424825776
161 8 3.836156472199998 2.214796731300001 1.566094450300000 0.000925196615722 0.000672863796400 0.001662599347192
169 8 5.423583997600000 3.131308597400002 4.968248379499999 -0.000295376500401 0.001614496312409 0.000941319717127
1 1 7.672276926000002 4.429605525400001 5.481344520900000 0.000079564300678 -0.018048104197187 0.009302310369790
9 1 9.590357242299998 3.322200941900001 2.349140662099999 0.001573846130120 -0.005648141056992 -0.001364315063056
41 7 11.508426617500000 4.429598811900002 5.481334835700000 0.005393314920578 0.003304443371334 0.009457593886021
89 8 9.920970511600007 5.727872023000002 5.994440303000000 -0.007261239411478 -0.003873198301443 -0.015832910377233
97 8 11.508423825899998 4.811361409400002 3.402132653400000 -0.003472852920451 0.007234447939424 -0.001692514755905
113 8 9.920965757699999 3.131310752300001 4.968235823200000 -0.000201830488593 -0.000226509333564 -0.000475595738479
129 8 7.672284708600001 4.429600636800002 3.132190496199999 0.001509465303993 0.007400166246903 0.001802831504051
145 8 9.920966429100000 5.727866140300000 1.296153622799999 0.000658738812805 0.006040648309777 0.006658098071958
153 8 7.672288882800000 1.833036553300000 1.296161863300000 0.000430579681505 -0.000617979241727 -0.000790281173666
162 8 11.508439842400000 2.214796731300001 1.566094450300000 -0.001343372551404 0.001329069245124 0.000696113483598
2 1 15.344560296200001 4.429605525400001 5.481344520900000 -0.001468313129181 0.001474531832603 0.000906207625406
10 1 17.262640612500000 3.322200941900001 2.349140662099999 -0.000852004448911 -0.000411454205654 -0.001113071021925
26 1 13.426487796400002 3.322205851300000 2.349145244699999 0.002231731833511 -0.001359750853549 -0.000226610498027
65 8 13.095888200900001 5.727884393600002 5.994451122499998 -0.001063782162501 -0.006395843921808 -0.002799538971390
90 8 17.593253881800006 5.727872023000002 5.994440303000000 0.003546530768481 0.000730691930490 -0.001725270939959
114 8 17.593249127900009 3.131310752300001 4.968235823200000 0.003115043944244 0.000431848481211 0.001225210053260
130 8 15.344568078800005 4.429600636800002 3.132190496199999 -0.000330667369806 -0.000215560680585 -0.000421452846750
138 8 13.095880352600009 5.727889427500000 1.296160360000000 -0.008488364323450 0.003996675551258 0.002685916326294
146 8 17.593249799300011 5.727866140300000 1.296153622799999 0.003450318276156 0.001965384652940 0.001410190595759
154 8 15.344572252999999 1.833036553300000 1.296161863300000 -0.000435094045865 -0.002533392063445 -0.000059853241773
170 8 13.095867367800004 3.131308597400002 4.968248379499999 -0.002284506870812 -0.001291799813110 0.000198713093594
42 7 19.180709987699998 4.429598811900002 5.481334835700000 -0.005037632538125 -0.003188659691725 0.000911116570735
66 8 20.768171571100002 5.727884393600002 5.994451122499998 0.005252585161304 0.005835877217956 -0.005366626750968
98 8 19.180707196099995 4.811361409400002 3.402132653400000 0.001288883218059 0.002832934404293 0.001928624091959
3 1 11.508418611100000 11.073997829000001 5.481344520900000 0.000034951726398 -0.018002997138430 0.009217555956737
17 1 7.672274418099999 6.644399077300000 2.349147298800000 -0.015555973679175 -0.009094768320672 -0.025556817617921
27 1 9.590346111300001 9.966598154900002 2.349145244699999 0.002678609429472 0.019315012147082 -0.005375610247115
33 7 9.585343792999954 7.748910195854081 5.473176506190743 0.097629032109306 0.056147766166479 0.159033830470492
49 7 11.508427041700001 6.644390723800001 2.349147115100000 0.035748598981762 -0.013961949468404 -0.016394370706111
73 8 11.508432852700000 8.477427166200002 5.994454850600000 -0.016913816056970 -0.015302169991122 -0.021743059018541
105 8 9.920968477800001 7.560904182000002 3.402136381700000 -0.010147531797290 -0.004295003887034 -0.027452236867670
121 8 7.672273857400003 7.026163626600007 4.968234320200000 -0.018613174172214 -0.012353420562962 -0.019456577452353
131 8 11.508426393700001 11.073992940400007 3.132190496199999 -0.002887242620789 -0.001687865586880 -0.004607833136741
155 8 11.508430567899998 8.477428856900005 1.296161863300000 -0.005256539480441 -0.005936349984851 0.005203239935978
163 8 7.672298157300000 8.859189034900005 1.566094450300000 0.002682253953931 -0.004867336293968 0.005326370254968
171 8 9.259725682700001 9.775700901000002 4.968248379499999 -0.010442676337640 -0.006147866266088 -0.013086828894739
11 1 13.426498927399999 9.966593245500007 2.349140662099999 0.001959131253097 0.001215357992714 0.003480369873970
18 1 15.344557788300000 6.644399077300000 2.349147298800000 0.000643502844494 0.000260115320475 0.000902533321311
28 1 17.262629481500003 9.966598154900002 2.349145244699999 -0.001215392573173 0.000185232453286 0.000136302807325
34 7 17.262627163200005 7.751796947200008 5.481341472000000 -0.005833292946980 -0.000013003110569 0.000370862216429
43 7 15.344568302600003 11.073991115500002 5.481334835700000 -0.005036219176092 -0.003186777037083 0.000904135429290
57 7 13.426498916499998 7.751790037100004 5.481345370700000 -0.035466674217094 0.014599251729770 0.017080394070142
81 8 13.095877704700001 7.560908000500002 3.402138567200000 -0.007417614742566 -0.004308399554108 -0.008014698013476
99 8 15.344565510999997 11.455753713000002 3.402132653400000 0.000590787041273 0.002508309870889 0.000306353802053
106 8 17.593251848000001 7.560904182000002 3.402136381700000 0.003731820457001 -0.001304197626019 0.001078857103145
115 8 13.757107442799997 9.775703055900001 4.968235823200000 0.008849056175453 0.004362987854781 -0.002568128612480
122 8 15.344557227600001 7.026163626600007 4.968234320200000 0.008086596165284 -0.000759118434897 -0.001280312455305
164 8 15.344581527500001 8.859189034900005 1.566094450300000 -0.000245189063869 -0.000007738559310 -0.000249508696910
172 8 16.932009052900014 9.775700901000002 4.968248379499999 0.000312445713462 -0.001228878924651 0.000940438769164
4 1 19.180701981300000 11.073997829000001 5.481344520900000 -0.001461107532966 0.001479336747563 0.000907453451538
12 1 21.098782297600000 9.966593245500007 2.349140662099999 -0.003778252712453 0.004539610857337 -0.001688762205649
44 7 23.016851672799998 11.073991115500002 5.481334835700000 0.005560732727568 0.003149296027576 0.009410113532713
50 7 19.180710411899998 6.644390723800001 2.349147115100000 -0.007012948214714 -0.001446826302799 -0.003892481747210
58 7 21.098782286699997 7.751790037100004 5.481345370700000 -0.035544694080083 0.014641274841946 0.017164980961969
74 8 19.180716222899989 8.477427166200002 5.994454850600000 0.007597494758418 -0.004568902692024 -0.004138179399510
82 8 20.768161074900000 7.560908000500002 3.402138567200000 0.006943671964587 -0.001703158093509 0.005633611549284
100 8 23.016848881199998 11.455753713000002 3.402132653400000 -0.000283208133729 -0.000165747401303 -0.000442405420315
116 8 21.429390813000008 9.775703055900001 4.968235823200000 0.002508521157346 -0.007903514370872 -0.000008144216540
132 8 19.180709763900005 11.073992940400007 3.132190496199999 0.001530539085377 -0.001108289419990 -0.000106499576720
156 8 19.180713938099998 8.477428856900005 1.296161863300000 0.001277029912591 -0.002330439580167 0.000184754334210
19 1 11.508416103199997 13.288791380900006 2.349147298800000 0.000289218738165 0.000050646386250 0.000326410285325
123 8 11.508415542500002 13.670555930200003 4.968234320200000 0.000588375129674 0.004133092050674 0.000849673829121
139 8 9.259738667499999 12.372281731100001 1.296160360000000 -0.001587029584194 -0.001234343420575 -0.000423847525958
35 7 13.426485478100000 14.396189250800001 5.481341472000000 -0.000697153696518 -0.004245951385084 0.000750660756062
51 7 15.344568726800000 13.288783027399999 2.349147115100000 -0.000639735442371 -0.001104141599879 0.000257690560756
59 7 17.262640601600001 14.396182340700005 5.481345370700000 -0.000046034260035 -0.002054117379374 0.000970803373161
67 8 16.932029885999999 12.372276697200000 5.994451122499998 -0.000473111371549 0.001910808287774 -0.001580148607307
75 8 15.344574537799998 15.121819469800011 5.994454850600000 0.000097633257242 0.000316535987887 -0.002005775051152
83 8 16.932019389799994 14.205300304100005 3.402138567200000 -0.001298534140062 0.000101533708684 0.001287409598058
91 8 13.757112196700003 12.372264326600002 5.994440303000000 0.002944755572012 0.003577965270271 -0.001718883669480
107 8 13.757110162900000 14.205296485600002 3.402136381700000 0.001714024893071 0.000114758368408 0.001298535538078
140 8 16.932022037700008 12.372281731100001 1.296160360000000 -0.001378219326693 0.000954695740297 -0.001483193677123
147 8 13.757108114200003 12.372258443900009 1.296153622799999 0.001743927073415 0.000981763647452 -0.001370137093470
20 1 19.180699473400008 13.288791380900006 2.349147298800000 0.000056791006870 -0.000080771862567 -0.000061323405790
36 7 21.098768848300001 14.396189250800001 5.481341472000000 0.000505244894156 0.000073300739708 0.000431887951121
52 7 23.016852096999997 13.288783027399999 2.349147115100000 -0.000042346714908 0.002564451241620 -0.000678549260474
76 8 23.016857907999988 15.121819469800011 5.994454850600000 -0.000601899477402 -0.001886252576360 -0.001581089491944
92 8 21.429395566900006 12.372264326600002 5.994440303000000 0.000909354895422 0.000698210169109 -0.002453708916783
108 8 21.429393533100004 14.205296485600002 3.402136381700000 0.001651070582143 -0.001076516556554 0.001277533036150
124 8 19.180698912699995 13.670555930200003 4.968234320200000 -0.000122727956369 0.001914979679474 0.001271571762859
148 8 21.429391484400018 12.372258443900009 1.296153622799999 0.001752143649902 0.000108538602962 -0.000669480266453
60 7 24.934923971800007 14.396182340700005 5.481345370700000 -0.000053186466419 -0.002074959991941 0.000966776433900
68 8 24.604313256200001 12.372276697200000 5.994451122499998 -0.003768780190327 0.001300345130163 -0.003256051863930
84 8 24.604302760000003 14.205300304100005 3.402138567200000 -0.001925023129313 -0.001133293019861 0.000944034691033
29 1 9.590346111300004 5.537003285800003 8.613538384300000 0.002644933410585 0.019225090910209 -0.005419099812615
157 8 11.508430567900000 4.047833987800002 7.560555002900000 -0.000331897590099 -0.003766040550249 -0.003597147180117
165 8 7.672298157300002 4.429594165800001 7.830487589900000 -0.002977218460258 -0.001585232515015 -0.004684721779161
173 8 9.259725682700003 5.346106031900003 11.232641519100001 -0.001870911558799 -0.002757689397138 0.003462996232020
13 1 13.426498927400001 5.536998376400002 8.613533801700001 -0.003771539917200 0.004516000956773 -0.001698903126637
30 1 17.262629481500003 5.537003285800003 8.613538384300000 -0.001210922979763 0.000181627819706 0.000136883512149
117 8 13.757107442800002 5.346108186800002 11.232628962800000 0.002633279833867 -0.001258781695837 0.002591292023993
166 8 15.344581527500001 4.429594165800001 7.830487589900000 0.001455161830104 -0.000989788988779 -0.000190066108216
174 8 16.932009052900007 5.346106031900003 11.232641519100001 -0.001385727164656 -0.000741805131634 0.001708913147209
14 1 21.098782297600003 5.536998376400002 8.613533801700001 0.001966105200627 0.001215062849202 0.003476253834512
118 8 21.429390813000005 5.346108186800002 11.232628962800000 0.000744405503065 -0.001849603419605 0.001748148446587
158 8 19.180713938100002 4.047833987800002 7.560555002900000 0.000513921506024 -0.001076395282731 -0.002889771587284
5 1 11.508418611100007 6.644402959900002 11.745737660500000 -0.001177593745416 0.000896706040692 -0.005022487226502
21 1 11.508416103199998 8.859196511800004 8.613540438400001 -0.015409813328437 -0.009010476347889 -0.025318202942470
125 8 11.508415542500003 9.240961061100004 11.232627459799998 0.002086003442308 0.003243259325076 0.005860203283214
133 8 11.508426393700002 6.644398071300002 9.396583635799999 0.002765823124722 -0.004937335833779 0.005388627241384
141 8 9.259738667500002 7.942686862000003 7.560553499600000 -0.013705097745818 -0.002434011254957 -0.028258377154917
167 8 11.508439842400001 11.073986469400005 7.830487589900000 0.001420472779637 0.007467036017037 0.001731416499952
37 7 13.426485478099996 9.966594381700006 11.745734611600000 -0.003836557307434 -0.002433437896922 -0.006658238634368
45 7 15.344568302600001 6.644396246400003 11.745727975299999 -0.001554638491234 -0.000840323203498 -0.002052695787872
53 7 15.344568726799995 8.859188158300002 8.613540254699998 -0.006992757292574 -0.001445007842445 -0.003892979380334
61 7 17.262640601600001 9.966587471600000 11.745738510299995 -0.000342806276936 -0.002238685564614 -0.007682818066711
69 8 16.932029886000002 7.942681828100003 12.258844262099997 -0.001070857955421 0.002351234358848 -0.000004985253185
77 8 15.344574537800005 10.692224600700005 12.258847990200001 0.001598624866986 -0.000560346056735 0.003025490273258
85 8 16.932019389799990 9.775705435000003 9.666531706799999 0.000086440579179 0.000024779362782 0.004242477476697
93 8 13.757112196700007 7.942669457500004 12.258833442600000 0.002530118986158 0.001610457002741 0.000155298810021
101 8 15.344565511000003 7.026158843900003 9.666525792999996 0.001348585924426 0.001256272076753 0.003380126450170
109 8 13.757110162900005 9.775701616500001 9.666529521300001 0.004676739371558 0.000617285075114 0.005236632635957
142 8 16.932022037700005 7.942686862000003 7.560553499600000 0.000548366665066 0.000376920519215 -0.002093321866911
149 8 13.757108114200001 7.942663574800001 7.560546762400000 0.010259971722929 0.000229006236248 0.002829363767593
159 8 15.344572253000006 10.692226291400004 7.560555002900000 0.001217626057337 -0.000751220187579 -0.001260491913605
6 1 19.180701981300004 6.644402959900002 11.745737660500000 0.001004760508781 -0.000632176407170 -0.001057837803894
22 1 19.180699473400011 8.859196511800004 8.613540438400001 0.000648839790282 0.000258881959447 0.000899708702761
38 7 21.098768848300008 9.966594381700006 11.745734611600000 0.003599765541645 -0.001713320388372 -0.004804527874035
46 7 23.016851672800001 6.644396246400003 11.745727975299999 0.001917641187060 0.001515785118648 -0.005016843415884
54 7 23.016852096999990 8.859188158300002 8.613540254699998 0.035629213052866 -0.013944261120926 -0.016379430926083
78 8 23.016857907999999 10.692224600700005 12.258847990200001 -0.001868035578230 -0.001196698438380 -0.000059157790878
94 8 21.429395566900006 7.942669457500004 12.258833442600000 0.000234683614266 0.001745100583694 -0.000056360562852
102 8 23.016848881199998 7.026158843900003 9.666525792999996 -0.005192325726662 -0.002363995379201 0.008413691879388
110 8 21.429393533100001 9.775701616500001 9.666529521300001 -0.005309139866482 0.002318755022827 0.005869200722984
126 8 19.180698912700002 9.240961061100004 11.232627459799998 -0.001391050527286 0.002611709560560 0.002796930273114
134 8 19.180709763900005 6.644398071300002 9.396583635799999 -0.000176588591509 -0.000123016761717 -0.000155231616066
150 8 21.429391484400004 7.942663574800001 7.560546762400000 -0.004056559026225 -0.002367989527196 -0.010845294389131
160 8 23.016855623200005 10.692226291400004 7.560555002900000 -0.003533357102861 0.003643588532088 -0.004864387974098
168 8 19.180723212599993 11.073986469400005 7.830487589900000 -0.000412256877937 -0.000100604956752 -0.000507704530278
62 7 24.934923971800000 9.966587471600000 11.745738510299995 -0.000352860394985 -0.002234620211831 -0.007665766675808
70 8 24.604313256200005 7.942681828100003 12.258844262099997 -0.001765306096001 0.000336774703530 0.000209210929648
86 8 24.604302759999996 9.775705435000003 9.666531706799999 -0.002660893901769 0.004106542881894 0.009457216435254
7 1 15.344560296200003 13.288795263500004 11.745737660500000 -0.001176393115174 0.000907422179100 -0.005037110538422
15 1 17.262640612500000 12.181390680000009 8.613533801700001 -0.000848487789498 -0.000406142250660 -0.001117079968123
23 1 15.344557788300000 15.503588815399999 8.613540438400001 0.000295104228364 0.000059578348767 0.000319648184200
31 1 13.426487796399995 12.181395589400003 8.613538384300000 -0.002920000732869 -0.003587803268572 -0.002246398140555
39 7 17.262627163200005 16.610986685300006 11.745734611600000 0.000119857784659 0.003475846246136 -0.002479712661065
95 8 17.593253881800010 14.587061761100006 12.258833442600000 0.001360116293904 -0.000799362880816 0.000788041441015
111 8 17.593251848000001 16.420093920100001 9.666529521300001 0.001591349366091 -0.002918511157703 0.002763106284277
119 8 17.593249127900002 11.990500490400001 11.232628962800000 0.001813644111295 -0.001153854890111 0.003011929534740
127 8 15.344557227600006 15.885353364700006 11.232627459799998 0.000206829253580 0.000950321130476 0.001891544979643
135 8 15.344568078800005 13.288790374900007 9.396583635799999 0.000995911630735 0.000549048888468 0.001758561383601
143 8 13.095880352600002 14.587079165600008 7.560553499600000 -0.001465817630169 0.001791080020159 -0.001874337551659
151 8 17.593249799300004 14.587055878400003 7.560546762400000 0.001428570593170 0.000794881433865 -0.001877566033865
175 8 13.095867367800004 11.990498335500007 11.232641519100001 -0.000701320050547 -0.000354253376468 0.002821712659119
8 1 23.016843666400000 13.288795263500004 11.745737660500000 0.001001954573225 -0.000627610408882 -0.001055692566703
24 1 23.016841158500000 15.503588815399999 8.613540438400001 0.000054507942015 -0.000082107413453 -0.000065066990511
32 1 21.098771166600002 12.181395589400003 8.613538384300000 0.002232939792326 -0.001358407727996 -0.000235142248609
47 7 19.180709987699998 13.288788550000005 11.745727975299999 0.001923506502803 0.001520168798704 -0.005016489454394
55 7 19.180710411900002 15.503580461900007 8.613540254699998 -0.000048096768097 0.002577812316521 -0.000695572136750
63 7 21.098782286700004 16.610979775200004 11.745738510299995 -0.000042099648951 0.001266408945224 -0.000932781432007
71 8 20.768171571100002 14.587074131700003 12.258844262099997 -0.002837630240626 -0.000363438758437 -0.001061741782883
79 8 19.180716222899996 17.336616904300001 12.258847990200001 -0.000273908646991 -0.002853383719593 -0.000964108174237
87 8 20.768161074900000 16.420097738599999 9.666531706799999 -0.001597633537563 -0.001827250746813 0.002161368386116
103 8 19.180707196099995 13.670551147500003 9.666525792999996 -0.000362913229565 0.001044919153210 0.003143134458344
128 8 23.016840597800005 15.885353364700006 11.232627459799998 0.000241165653396 0.001859922574772 0.001699275825279
136 8 23.016851449000004 13.288790374900007 9.396583635799999 -0.001261742922388 0.001214262778820 0.000789988789546
144 8 20.768163722800004 14.587079165600008 7.560553499600000 -0.001526404578423 0.000599608571119 -0.001891885712665
176 8 20.768150737999996 11.990498335500007 11.232641519100001 -0.002998960174638 -0.000214194554137 0.002610030960002
16 1 24.934923982700003 12.181390680000009 8.613533801700001 0.001555345594308 -0.005631331680987 -0.001373328654170
40 7 24.934910533400007 16.610986685300006 11.745734611600000 -0.000001068171438 -0.000219015172020 -0.000394913327202
48 7 26.852993357900004 13.288788550000005 11.745727975299999 -0.001560041603137 -0.000828453220571 -0.002053617831930
56 7 26.852993782099993 15.503580461900007 8.613540254699998 -0.000640059330235 -0.001098918448596 0.000255426038702
64 7 28.771065656899999 16.610979775200004 11.745738510299995 -0.000041934015592 0.001271952335612 -0.000934270797351
72 8 28.440454941300004 14.587074131700003 12.258844262099997 -0.000949402582367 0.000220210498137 -0.000213879813717
80 8 26.852999593099998 17.336616904300001 12.258847990200001 -0.000239788753449 -0.001946732362806 -0.001156476249251
88 8 28.440444445099999 16.420097738599999 9.666531706799999 -0.001614425500709 -0.000958784843438 0.001458785311823
96 8 25.265537252000023 14.587061761100006 12.258833442600000 0.001851843775788 0.001211267275553 -0.000957147191966
104 8 26.852990566300001 13.670551147500003 9.666525792999996 0.000505319578924 0.002958670040556 0.002408175268292
112 8 25.265535218199997 16.420093920100001 9.666529521300001 0.001802448086525 -0.000723961306836 0.001691263899415
120 8 25.265532498100001 11.990500490400001 11.232628962800000 0.002513797175177 0.000861508011881 0.002801263736041
152 8 25.265533169500006 14.587055878400003 7.560546762400000 0.002058493418204 0.002041577627540 -0.001531636511796
