ITEM: TIMESTEP
0
ITEM: NUMBER OF ATOMS
176
ITEM: BOX BOUNDS xy xz yz pp pp pp
0.0000000000000000e+00 3.0689133480799999e+01 7.6722833701999980e+00
0.0000000000000000e+00 1.7718379476200003e+01 7.6722833702000024e+00
0.0000000000000000e+00 1.2528786279200000e+01 4.4295948690000015e+00
ITEM: ATOMS id type x y z fx fy fz
25 1 5.754204426199998 3.322205851300000 2.349145244699999 -0.002478561153335 -0.000643769598121 -0.000435857145498
137 8 5.423596982400004 5.727889427500000 1.296160360000000 -0.000456108988257 0.000596802547976 -0.001318150125832
161 8 3.836156472199998 2.214796731300001 1.566094450300000 0.001618834228589 0.000040522966341 -0.000038719092349
169 8 5.423583997600000 3.131308597400002 4.968248379499999 -0.000489395882262 -0.000687697994468 0.001029803789289
1 1 7.672276926000002 4.429605525400001 5.481344520900000 -0.003203859832353 0.000196253854566 0.002697423858597
9 1 9.590357242299998 3.322200941900001 2.349140662099999 0.001827939325402 -0.007384860534749 -0.005174147405946
41 7 11.508426617500000 4.429598811900002 5.481334835700000 0.017467112794228 -0.000186416483000 -0.000571635959068
89 8 9.920970511600007 5.727872023000002 5.994440303000000 0.001341292247354 -0.000032268566594 -0.005229039423972
97 8 11.518423825899999 4.811361409400002 3.402132653400000 -0.051300370902024 -0.000451445208513 -0.000009086295274
113 8 9.920965757699999 3.131310752300001 4.968235823200000 0.004614288824668 0.008786899632065 -0.009353091641707
129 8 7.672284708600001 4.429600636800002 3.132190496199999 0.005130064026525 -0.001254553582547 -0.000783348112126
145 8 9.920966429100000 5.727866140300000 1.296153622799999 0.004537488037483 -0.005943361156545 0.011236940424708
153 8 7.672288882800000 1.833036553300000 1.296161863300000 0.003094688662829 0.000940914625176 0.000312283851103
162 8 11.508439842400000 2.214796731300001 1.566094450300000 -0.008323024238989 0.000656578146969 0.000396832836163
2 1 15.344560296200001 4.429605525400001 5.481344520900000 -0.003226916971034 -0.000533279178074 -0.002943296073950
10 1 17.262640612500000 3.322200941900001 2.349140662099999 -0.002942553140098 0.000567571444341 0.000448962772222
26 1 13.426487796400002 3.322205851300000 2.349145244699999 0.003134251487009 0.005850253605334 0.004156201834539
65 8 13.095888200900001 5.727884393600002 5.994451122499998 -0.001457510326873 0.002384054975559 0.003684616452169
90 8 17.593253881800006 5.727872023000002 5.994440303000000 0.002489444714067 0.001212089957667 -0.001216144614341
114 8 17.593249127900009 3.131310752300001 4.968235823200000 0.002803341943684 -0.000789061469979 0.001726581271029
130 8 15.344568078800005 4.429600636800002 3.132190496199999 0.005357629037724 0.000858309133916 0.000710660477520
138 8 13.095880352600009 5.727889427500000 1.296160360000000 0.001090677528305 0.007268625153426 -0.014590443801920
146 8 17.593249799300011 5.727866140300000 1.296153622799999 0.002726014135527 0.001310964416287 -0.001485279659996
154 8 15.344572252999999 1.833036553300000 1.296161863300000 0.002940088455643 -0.004460452712180 -0.003506952777147
170 8 13.095867367800004 3.131308597400002 4.968248379499999 0.001057352587368 -0.010976888015488 0.011743861254273
42 7 19.180709987699998 4.429598811900002 5.481334835700000 -0.002001390431111 0.000104021681225 0.000260464508096
66 8 20.768171571100002 5.727884393600002 5.994451122499998 -0.000969168053185 0.000568645349860 -0.001523955322477
98 8 19.180707196099995 4.811361409400002 3.402132653400000 0.001000959911679 0.001778533039213 0.001567558767808
3 1 11.508418611100000 11.073997829000001 5.481344520900000 0.000345134732222 -0.000189957709401 -0.000067252513486
17 1 7.672274418099999 6.644399077300000 2.349147298800000 -0.003245364099512 0.002643611752007 -0.000692920262124
27 1 9.590346111300001 9.966598154900002 2.349145244699999 0.000476904119826 0.001646150193727 -0.000427110886644
33 7 9.590343793000001 7.751796947200008 5.481341472000000 0.000437677108908 0.004200123873845 0.003025355604940
49 7 11.508427041700001 6.644390723800001 2.349147115100000 0.017506627381623 -0.000593384506604 0.000067789370839
73 8 11.508432852700000 8.477427166200002 5.994454850600000 -0.001986329412583 -0.001708479311092 -0.001283536224867
105 8 9.920968477800001 7.560904182000002 3.402136381700000 0.001320172907013 -0.004903792627268 0.001826488538089
121 8 7.672273857400003 7.026163626600007 4.968234320200000 0.000811125051990 0.001001787276449 0.000796316020671
131 8 11.508426393700001 11.073992940400007 3.132190496199999 -0.000520852107966 0.000142780652808 0.000144818583357
155 8 11.508430567899998 8.477428856900005 1.296161863300000 -0.000012169243328 -0.001604427162225 -0.001865401764643
163 8 7.672298157300000 8.859189034900005 1.566094450300000 0.000277001940455 -0.001209513104634 0.000273375171397
171 8 9.259725682700001 9.775700901000002 4.968248379499999 -0.001308575544459 -0.002071763701833 0.001105935201786
11 1 13.426498927399999 9.966593245500007 2.349140662099999 0.000258829898800 -0.001463858999289 0.000339665773700
18 1 15.344557788300000 6.644399077300000 2.349147298800000 -0.003268362247493 -0.002917670061190 0.000499445754278
28 1 17.262629481500003 9.966598154900002 2.349145244699999 -0.000236288350020 -0.000749946367330 -0.000082042868804
34 7 17.262627163200005 7.751796947200008 5.481341472000000 -0.000934749183764 -0.000783636772672 -0.000498800006122
43 7 15.344568302600003 11.073991115500002 5.481334835700000 -0.000689135554417 -0.001119288469971 0.000165671770188
57 7 13.426498916499998 7.751790037100004 5.481345370700000 0.000738688948018 -0.003024810802089 -0.002260089731075
81 8 13.095877704700001 7.560908000500002 3.402138567200000 -0.001306516385685 0.004427323813679 0.001343611371206
99 8 15.344565510999997 11.455753713000002 3.402132653400000 0.000339585189753 0.002844352691655 0.001377640511108
106 8 17.593251848000001 7.560904182000002 3.402136381700000 0.002468245405786 -0.000705534880773 0.001662148366367
115 8 13.757107442799997 9.775703055900001 4.968235823200000 0.002160246404694 0.000635679931554 0.001640325713584
122 8 15.344557227600001 7.026163626600007 4.968234320200000 0.001199444850429 0.002907175921908 0.002143676926398
164 8 15.344581527500001 8.859189034900005 1.566094450300000 0.000301215239511 0.001300584175215 -0.000374128383468
172 8 16.932009052900014 9.775700901000002 4.968248379499999 -0.001515204790249 -0.000402601665906 0.001313150629902
4 1 19.180701981300000 11.073997829000001 5.481344520900000 0.000260155282160 -0.000063980807421 -0.000086119183601
12 1 21.098782297600000 9.966593245500007 2.349140662099999 -0.000569292231019 0.000720838322465 0.000104230322348
44 7 23.016851672799998 11.073991115500002 5.481334835700000 -0.000761746183296 0.001188551142237 0.000373001883522
50 7 19.180710411899998 6.644390723800001 2.349147115100000 -0.001961065435382 0.000286950805908 0.000064479136330
58 7 21.098782286699997 7.751790037100004 5.481345370700000 -0.001411791054377 0.000929594143814 0.000536122459272
74 8 19.180716222899989 8.477427166200002 5.994454850600000 0.000554448745181 -0.001923686327953 -0.001435691493852
82 8 20.768161074900000 7.560908000500002 3.402138567200000 -0.000818135548672 -0.001088653797169 0.001368388522488
100 8 23.016848881199998 11.455753713000002 3.402132653400000 0.000312299203242 0.000795602534752 0.001860447693502
116 8 21.429390813000008 9.775703055900001 4.968235823200000 0.001864741274270 -0.001206539948795 0.001424013950947
132 8 19.180709763900005 11.073992940400007 3.132190496199999 -0.000016926142868 0.000048533374539 0.000095769394172
156 8 19.180713938099998 8.477428856900005 1.296161863300000 0.000362407375518 -0.001797650488889 -0.001635350821546
19 1 11.508416103199997 13.288791380900006 2.349147298800000 -0.000728530267608 -0.000135578575262 -0.000152793981906
123 8 11.508415542500002 13.670555930200003 4.968234320200000 0.000947828807847 0.001397207566487 0.001097875945128
139 8 9.259738667499999 12.372281731100001 1.296160360000000 -0.000820569377383 0.000147349121557 -0.001608004664689
35 7 13.426485478100000 14.396189250800001 5.481341472000000 -0.001101010588723 -0.000942382085684 0.000303095328923
51 7 15.344568726800000 13.288783027399999 2.349147115100000 -0.001209529213512 -0.002394742248723 0.000072355767197
59 7 17.262640601600001 14.396182340700005 5.481345370700000 0.000446158333658 -0.005529674399593 0.002002440184442
67 8 16.932029885999999 12.372276697200000 5.994451122499998 -0.001573305377318 0.002450680676140 -0.001829154063114
75 8 15.344574537799998 15.121819469800011 5.994454850600000 0.001009498473171 -0.001061846181429 -0.001934810947356
83 8 16.932019389799994 14.205300304100005 3.402138567200000 -0.001302541147577 0.002145198729673 0.000897067933886
91 8 13.757112196700003 12.372264326600002 5.994440303000000 0.001745779404405 0.001622887508263 -0.001397726104456
107 8 13.757110162900000 14.205296485600002 3.402136381700000 0.002140312375960 -0.000556960696771 0.001342121841459
140 8 16.932022037700008 12.372281731100001 1.296160360000000 -0.001876783528518 0.001516624630098 -0.001173629622766
147 8 13.757108114200003 12.372258443900009 1.296153622799999 0.002303687459780 0.001867520824466 -0.000931932100093
20 1 19.180699473400008 13.288791380900006 2.349147298800000 0.001944045824506 0.000047672474687 -0.000004052239796
36 7 21.098768848300001 14.396189250800001 5.481341472000000 0.000863959840347 0.005606289651065 -0.001977393737672
52 7 23.016852096999997 13.288783027399999 2.349147115100000 -0.001203928353761 0.002991576256971 0.000186569538235
76 8 23.016857907999988 15.121819469800011 5.994454850600000 0.000837512775339 -0.002857295124411 -0.000933843597974
92 8 21.429395566900006 12.372264326600002 5.994440303000000 0.001765756710477 -0.000577765105181 -0.000945335407063
108 8 21.429393533100004 14.205296485600002 3.402136381700000 0.001522585784291 -0.003540929217962 0.002086764837365
124 8 19.180698912699995 13.670555930200003 4.968234320200000 -0.002001904348470 0.002004956829271 0.001333409745282
148 8 21.429391484400018 12.372258443900009 1.296153622799999 0.001222109293199 0.000646923061640 -0.001362928314512
60 7 24.934923971800007 14.396182340700005 5.481345370700000 -0.001297065348197 0.000854293085831 -0.000450906409179
68 8 24.604313256200001 12.372276697200000 5.994451122499998 -0.001648343728702 0.000113792217759 -0.001361220001184
84 8 24.604302760000003 14.205300304100005 3.402138567200000 -0.001145210366420 -0.001321570558766 0.001674716708882
29 1 9.590346111300004 5.537003285800003 8.613538384300000 0.000476896691754 0.000127788199169 0.001720138518182
157 8 11.508430567900000 4.047833987800002 7.560555002900000 -0.000012224857581 -0.001960780099858 -0.001361099598563
165 8 7.672298157300002 4.429594165800001 7.830487589900000 0.000276965207851 -0.000081904099843 -0.001321274873727
173 8 9.259725682700003 5.346106031900003 11.232641519100001 -0.000853824707157 -0.001110800959580 0.000702676963247
13 1 13.426498927400001 5.536998376400002 8.613533801700001 0.000258824316191 -0.000212619372382 -0.001429846042402
30 1 17.262629481500003 5.537003285800003 8.613538384300000 -0.000236280180096 -0.000345572876196 -0.000653909172726
117 8 13.757107442800002 5.346108186800002 11.232628962800000 0.002381010097574 -0.000081834454839 0.002066847733547
166 8 15.344581527500001 4.429594165800001 7.830487589900000 0.000301212993787 0.000144318195570 0.001261081062037
174 8 16.932009052900007 5.346106031900003 11.232641519100001 -0.001910013826065 -0.000244813189408 0.001848845799197
14 1 21.098782297600003 5.536998376400002 8.613533801700001 -0.000569283387397 0.000293644661481 0.000708365142743
118 8 21.429390813000005 5.346108186800002 11.232628962800000 0.001299427041710 -0.000895047675822 0.001059734932930
158 8 19.180713938100002 4.047833987800002 7.560555002900000 0.000362400796621 -0.001808252222197 -0.001620352616790
5 1 11.508418611100007 6.644402959900002 11.745737660500000 -0.000687133605621 -0.000220891302307 -0.000102878829381
21 1 11.508416103199998 8.859196511800004 8.613540438400001 0.000303725602319 -0.000091676615857 -0.000135508136869
125 8 11.508415542500003 9.240961061100004 11.232627459799998 0.000947794045319 0.001417916495818 0.001068604146267
133 8 11.508426393700002 6.644398071300002 9.396583635799999 -0.000520847876965 0.000086290530535 0.000224749238244
141 8 9.259738667500002 7.942686862000003 7.560553499600000 -0.001275365471884 0.000207247349420 -0.002648408917451
167 8 11.508439842400001 11.073986469400005 7.830487589900000 -0.000073573650686 0.000098427931875 0.000002227453558
37 7 13.426485478099996 9.966594381700006 11.745734611600000 -0.001101048172731 -0.000080526782266 -0.000915746755648
45 7 15.344568302600001 6.644396246400003 11.745727975299999 -0.001249906318305 -0.000782501198783 -0.002270471034997
53 7 15.344568726799995 8.859188158300002 8.613540254699998 -0.000648792872984 -0.000210185632636 -0.001057273728658
61 7 17.262640601600001 9.966587471600000 11.745738510299995 0.000446106666053 0.000158981661264 -0.006042716296202
69 8 16.932029886000002 7.942681828100003 12.258844262099997 -0.001453516775749 0.001202298781692 0.001682191474554
77 8 15.344574537800005 10.692224600700005 12.258847990200001 0.001009575267835 -0.002106982165079 -0.000456730397027
85 8 16.932019389799990 9.775705435000003 9.666531706799999 -0.001422273633441 -0.000749054656167 0.003244558766846
93 8 13.757112196700007 7.942669457500004 12.258833442600000 0.002161523931209 0.000959904381249 -0.000969388304180
101 8 15.344565511000003 7.026158843900003 9.666525792999996 0.000339590017083 0.001954751461364 0.002635728887809
109 8 13.757110162900005 9.775701616500001 9.666529521300001 0.001724594122614 -0.000739799082113 0.002109981154942
142 8 16.932022037700005 7.942686862000003 7.560553499600000 -0.001481963675818 0.000958973440771 -0.001143820853564
149 8 13.757108114200001 7.942663574800001 7.560546762400000 0.002082928919957 0.001704551609041 -0.000113268635482
159 8 15.344572253000006 10.692226291400004 7.560555002900000 0.000157628237568 -0.001530833726070 -0.001435430340731
6 1 19.180701981300004 6.644402959900002 11.745737660500000 0.001985477838889 -0.000019611134664 0.000020289641378
22 1 19.180699473400011 8.859196511800004 8.613540438400001 0.000218754933225 -0.000067469876213 -0.000010458793425
38 7 21.098768848300008 9.966594381700006 11.745734611600000 0.000864093526854 -0.000047704547838 0.006018528761123
46 7 23.016851672800001 6.644396246400003 11.745727975299999 -0.001244268157591 0.001120678600134 0.002769687054043
54 7 23.016852096999990 8.859188158300002 8.613540254699998 -0.000721391798934 0.000754558174212 0.001049469345411
78 8 23.016857907999999 10.692224600700005 12.258847990200001 0.000837526849692 -0.001761754230682 -0.002483237457134
94 8 21.429395566900006 7.942669457500004 12.258833442600000 0.001543755055634 0.000667312751193 -0.004030934345903
102 8 23.016848881199998 7.026158843900003 9.666525792999996 0.000312292765315 0.001727022044004 0.000543232760374
110 8 21.429393533100001 9.775701616500001 9.666529521300001 0.001744534574738 -0.001046836903563 -0.000115610212519
126 8 19.180698912700002 9.240961061100004 11.232627459799998 -0.002001896601482 0.001842546496374 0.001563194322956
134 8 19.180709763900005 6.644398071300002 9.396583635799999 -0.000016924019836 0.000008623479558 0.000152234933471
150 8 21.429391484400004 7.942663574800001 7.560546762400000 0.001787421345650 0.000886534038522 -0.001778033394100
160 8 23.016855623200005 10.692226291400004 7.560555002900000 0.000142394612024 -0.002043054611435 -0.001797639518916
168 8 19.180723212599993 11.073986469400005 7.830487589900000 -0.000326431704023 0.000115754973664 0.000014484490123
62 7 24.934923971800000 9.966587471600000 11.745738510299995 -0.001297093724414 -0.000026089371285 0.000794150385757
70 8 24.604313256200005 7.942681828100003 12.258844262099997 -0.001296244376314 0.000779824511106 -0.001845661919981
86 8 24.604302759999996 9.775705435000003 9.666531706799999 -0.001497315899908 -0.001086853097908 0.000885292002464
7 1 15.344560296200003 13.288795263500004 11.745737660500000 -0.000112236898556 0.000219715591670 -0.000673857210656
15 1 17.262640612500000 12.181390680000009 8.613533801700001 0.000040885350420 -0.000139748892137 -0.000051201817457
23 1 15.344557788300000 15.503588815399999 8.613540438400001 -0.000153630318507 -0.000527022783202 0.000452919160067
31 1 13.426487796399995 12.181395589400003 8.613538384300000 -0.000012974913799 -0.000178233669984 -0.000106685526863
39 7 17.262627163200005 16.610986685300006 11.745734611600000 -0.000194650517916 0.000319334415190 0.000281154723650
95 8 17.593253881800010 14.587061761100006 12.258833442600000 0.001391710720613 0.000871736347711 -0.001367045045220
111 8 17.593251848000001 16.420093920100001 9.666529521300001 0.001370501870335 -0.000961264945569 0.001391587467360
119 8 17.593249127900002 11.990500490400001 11.232628962800000 0.001281765419048 -0.001713481843794 0.001869230963051
127 8 15.344557227600006 15.885353364700006 11.232627459799998 0.000304672310787 0.000619578446093 0.000525987555664
135 8 15.344568078800005 13.288790374900007 9.396583635799999 0.000093787107198 0.000262049467036 0.000289086502050
143 8 13.095880352600002 14.587079165600008 7.560553499600000 -0.001071003402411 0.000945734270554 -0.001731751359500
151 8 17.593249799300004 14.587055878400003 7.560546762400000 0.001204445783227 0.001137289307018 -0.002404325957148
175 8 13.095867367800004 11.990498335500007 11.232641519100001 -0.001104252883734 -0.000961350578576 0.001496649218333
8 1 23.016843666400000 13.288795263500004 11.745737660500000 -0.000151013575295 -0.000890511415215 0.000394082764281
24 1 23.016841158500000 15.503588815399999 8.613540438400001 -0.000192421866275 0.000109750102502 -0.000949773023959
32 1 21.098771166600002 12.181395589400003 8.613538384300000 0.000374221112682 0.000126284150804 0.000108642944690
47 7 19.180709987699998 13.288788550000005 11.745727975299999 0.001198553866711 -0.000048762303373 0.000244140893269
55 7 19.180710411900002 15.503580461900007 8.613540254699998 0.001238874015222 0.000220676868363 -0.000074230370994
63 7 21.098782286700004 16.610979775200004 11.745738510299995 -0.000263294743054 -0.000525038490266 -0.000492433576097
71 8 20.768171571100002 14.587074131700003 12.258844262099997 -0.001955040568953 0.000824095378284 -0.001593720526119
79 8 19.180716222899996 17.336616904300001 12.258847990200001 -0.000009670250860 -0.001885525767371 -0.001408715651116
87 8 20.768161074900000 16.420097738599999 9.666531706799999 -0.001804017668933 -0.001069279548188 0.001632496205861
103 8 19.180707196099995 13.670551147500003 9.666525792999996 -0.000340469171567 0.001772185230661 0.001563087894037
128 8 23.016840597800005 15.885353364700006 11.232627459799998 0.000258541168099 0.001666395959928 0.001266290214269
136 8 23.016851449000004 13.288790374900007 9.396583635799999 0.000058903337684 -0.000026260755768 0.000085212926341
144 8 20.768163722800004 14.587079165600008 7.560553499600000 -0.002079224605627 0.000574078351218 -0.000455706077463
176 8 20.768150737999996 11.990498335500007 11.232641519100001 -0.002112509892044 0.000117861467294 0.000720904243761
16 1 24.934923982700003 12.181390680000009 8.613533801700001 -0.000360994243555 0.000118788838226 0.000131625266033
40 7 24.934910533400007 16.610986685300006 11.745734611600000 0.000381286709687 -0.000747671830430 -0.000473332779061
48 7 26.852993357900004 13.288788550000005 11.745727975299999 -0.000647093353931 0.000115962025081 0.000258393041812
56 7 26.852993782099993 15.503580461900007 8.613540254699998 -0.000606734483352 0.000288976912575 0.000076435769497
64 7 28.771065656899999 16.610979775200004 11.745738510299995 0.000271436320097 0.000716433036423 0.000385408961448
72 8 28.440454941300004 14.587074131700003 12.258844262099997 -0.001614134825559 0.000359828895045 -0.001497711874405
80 8 26.852999593099998 17.336616904300001 12.258847990200001 -0.000775604203908 -0.001781865806448 -0.001335421537569
88 8 28.440444445099999 16.420097738599999 9.666531706799999 -0.001463116915890 -0.001133513093170 0.001162756491864
96 8 25.265537252000023 14.587061761100006 12.258833442600000 0.001712545836389 0.001287340699133 -0.001399339668203
104 8 26.852990566300001 13.670551147500003 9.666525792999996 0.000230697657821 0.001799624711745 0.001582475052423
112 8 25.265535218199997 16.420093920100001 9.666529521300001 0.001691345233604 -0.000853165713585 0.001794152203999
120 8 25.265532498100001 11.990500490400001 11.232628962800000 0.002136413296959 -0.000321413723625 0.001193452960008
152 8 25.265533169500006 14.587055878400003 7.560546762400000 0.002059093014983 0.000964213241274 -0.000866672031879
