ITEM: TIMESTEP
0
ITEM: NUMBER OF ATOMS
176
ITEM: BOX BOUNDS xy xz yz pp pp pp
0.0000000000000000e+00 3.0689133480799999e+01 7.6722833701999980e+00
0.0000000000000000e+00 1.7718379476200003e+01 7.6722833702000024e+00
0.0000000000000000e+00 1.2528786279200000e+01 4.4295948690000015e+00
ITEM: ATOMS id type x y z fx fy fz
25 1 5.754204426199998 3.322205851300000 2.349145244699999 -0.000913706270593 -0.000573860027567 -0.001019113523019
137 8 5.423596982400004 5.727889427500000 1.296160360000000 -0.000837619994971 0.000696445980013 -0.000669662936149
161 8 3.836156472199998 2.214796731300001 1.566094450300000 -0.000290509819627 0.000179634284127 0.000891323014682
169 8 5.423583997600000 3.131308597400002 4.968248379499999 -0.000383552593406 -0.000718621830679 0.001104898558008
1 1 7.672276926000002 4.429605525400001 5.481344520900000 -0.004412223329362 0.000327781626552 0.000497465352981
9 1 9.590357242299998 3.322200941900001 2.349140662099999 -0.003341296030068 -0.001698936826141 -0.004391108731648
41 7 11.508426617500000 4.429598811900002 5.481334835700000 0.020479342566371 0.016613582247810 0.017925633216027
89 8 9.920970511600007 5.727872023000002 5.994440303000000 0.010008103042116 -0.004674188461566 -0.004936810857117
97 8 11.508423825899998 4.811361409400002 3.402132653400000 0.003690146467707 0.002027897738245 0.014435095064673
113 8 9.920965757699999 3.131310752300001 4.968235823200000 0.017981937391605 0.013644363880888 0.006163073099824
129 8 7.672284708600001 4.429600636800002 3.132190496199999 0.001416150013211 -0.000430418755870 0.000796697022902
145 8 9.920966429100000 5.727866140300000 1.296153622799999 0.003125381619453 0.000684663568398 0.001127196879722
153 8 7.672288882800000 1.833036553300000 1.296161863300000 0.000858889962707 -0.001182594071204 0.000361423458610
162 8 11.508439842400000 2.214796731300001 1.566094450300000 -0.000060032241320 0.001388149357294 0.001848133971969
2 1 15.344560296200001 4.429605525400001 5.481344520900000 0.003367904337552 0.007203780962988 0.011250970355105
10 1 17.262640612500000 3.322200941900001 2.349140662099999 0.000603136538140 0.000040500031403 0.000248171415633
26 1 13.426487796400002 3.322205851300000 2.349145244699999 0.003835357763189 -0.001849339285015 -0.004162308954290
65 8 13.100888200900048 5.730771144945924 6.002616088309254 -0.059196623964824 -0.069514518474645 -0.043557094717870
90 8 17.593253881800006 5.727872023000002 5.994440303000000 0.002765015331900 0.000435267865913 -0.001812976480771
114 8 17.593249127900009 3.131310752300001 4.968235823200000 0.002581811031402 -0.001492677847621 0.001185127235179
130 8 15.344568078800005 4.429600636800002 3.132190496199999 -0.002121083431095 -0.000433617072269 -0.001496887738135
138 8 13.095880352600009 5.727889427500000 1.296160360000000 -0.003007425005872 0.000371361024567 0.000110154958665
146 8 17.593249799300011 5.727866140300000 1.296153622799999 0.001382090731927 0.000996984206480 -0.001339153624774
154 8 15.344572252999999 1.833036553300000 1.296161863300000 -0.000842543008108 -0.001375256274590 -0.001250964317403
170 8 13.095867367800004 3.131308597400002 4.968248379499999 -0.009236332666680 0.015897576156502 0.003714375425842
42 7 19.180709987699998 4.429598811900002 5.481334835700000 -0.002303071077096 0.000723129366956 0.000762746978226
66 8 20.768171571100002 5.727884393600002 5.994451122499998 -0.000743748699279 0.000583010056191 -0.001656609001615
98 8 19.180707196099995 4.811361409400002 3.402132653400000 0.000337726449567 0.001697914037696 0.001386160357665
3 1 11.508418611100000 11.073997829000001 5.481344520900000 0.001166812335151 -0.000464776184970 0.000559647363788
17 1 7.672274418099999 6.644399077300000 2.349147298800000 -0.001295796235929 0.000731767442451 -0.001028737709205
27 1 9.590346111300001 9.966598154900002 2.349145244699999 0.000194032320798 0.000663270208395 -0.000123347036251
33 7 9.590343793000001 7.751796947200008 5.481341472000000 -0.000672806804214 0.007092744911566 0.001112037159995
49 7 11.508427041700001 6.644390723800001 2.349147115100000 -0.001112343147906 0.007400579908019 -0.006718365022696
73 8 11.508432852700000 8.477427166200002 5.994454850600000 -0.004828871121492 -0.001739186205953 -0.003333308890602
105 8 9.920968477800001 7.560904182000002 3.402136381700000 0.002382362114726 -0.002297426194808 0.001520510606268
121 8 7.672273857400003 7.026163626600007 4.968234320200000 0.001567977060297 0.000946712105098 0.001422642637228
131 8 11.508426393700001 11.073992940400007 3.132190496199999 -0.000460056637422 -0.000004148802666 -0.000506509820431
155 8 11.508430567899998 8.477428856900005 1.296161863300000 -0.000160906714056 -0.003445818166864 -0.000391066553114
163 8 7.672298157300000 8.859189034900005 1.566094450300000 0.000308775982231 -0.000305248499748 0.000388498088899
171 8 9.259725682700001 9.775700901000002 4.968248379499999 -0.001882936724383 -0.001804457910459 0.001122270267645
11 1 13.426498927399999 9.966593245500007 2.349140662099999 0.000458440784746 0.001288568480360 0.000516833522069
18 1 15.344557788300000 6.644399077300000 2.349147298800000 0.002326217324005 0.000905496411366 0.001214861736259
28 1 17.262629481500003 9.966598154900002 2.349145244699999 0.000027848580204 -0.000511275593044 0.000556809589052
34 7 17.262627163200005 7.751796947200008 5.481341472000000 -0.003839681052173 -0.001849149515771 0.000988185061969
43 7 15.344568302600003 11.073991115500002 5.481334835700000 -0.001829550154432 -0.002861210168559 0.001043906531703
57 7 13.426498916499998 7.751790037100004 5.481345370700000 0.008621495077283 0.001070718629286 0.015879803388163
81 8 13.095877704700001 7.560908000500002 3.402138567200000 -0.004167193294079 -0.005207943258046 0.000427019318379
99 8 15.344565510999997 11.455753713000002 3.402132653400000 0.000334105751845 0.002377601005068 0.000888279491868
106 8 17.593251848000001 7.560904182000002 3.402136381700000 0.002352108235976 -0.000802315227943 0.000350165428030
115 8 13.757107442799997 9.775703055900001 4.968235823200000 0.003210882381028 0.005487171750816 0.000012412107295
122 8 15.344557227600001 7.026163626600007 4.968234320200000 0.006011953558515 0.004040195406016 -0.005467980082280
164 8 15.344581527500001 8.859189034900005 1.566094450300000 -0.000468238754227 -0.000269956159409 0.000040329949608
172 8 16.932009052900014 9.775700901000002 4.968248379499999 -0.000993757379355 0.000267992956866 0.000948307536555
4 1 19.180701981300000 11.073997829000001 5.481344520900000 -0.000394027578769 -0.001421562528409 0.000136412599238
12 1 21.098782297600000 9.966593245500007 2.349140662099999 -0.000337378340037 -0.000149796080801 0.000007225122145
44 7 23.016851672799998 11.073991115500002 5.481334835700000 -0.000067737457894 -0.000093300055874 0.000485079853956
50 7 19.180710411899998 6.644390723800001 2.349147115100000 -0.000694804036454 0.000169085609372 0.000261306277831
58 7 21.098782286699997 7.751790037100004 5.481345370700000 -0.001958080339942 0.000878035368852 0.000384626173413
74 8 19.180716222899989 8.477427166200002 5.994454850600000 0.000994937736068 -0.001640168061950 -0.001504227213657
82 8 20.768161074900000 7.560908000500002 3.402138567200000 -0.001072426683358 -0.001084968362900 0.001531387122469
100 8 23.016848881199998 11.455753713000002 3.402132653400000 0.000065015862375 0.001893895864311 0.001625103896643
116 8 21.429390813000008 9.775703055900001 4.968235823200000 0.002037745065334 -0.000696339390166 0.001326276958583
132 8 19.180709763900005 11.073992940400007 3.132190496199999 0.000048422948345 0.000631963451988 0.000060995060702
156 8 19.180713938099998 8.477428856900005 1.296161863300000 0.000007255797533 -0.001613090976129 -0.001671464360131
19 1 11.508416103199997 13.288791380900006 2.349147298800000 0.000570314549881 0.000041610605080 -0.000280545745045
123 8 11.508415542500002 13.670555930200003 4.968234320200000 0.000093833293712 0.001921302495552 0.001099339389728
139 8 9.259738667499999 12.372281731100001 1.296160360000000 -0.001071858135893 0.000247093098776 -0.000623208198410
35 7 13.426485478100000 14.396189250800001 5.481341472000000 -0.001115854168648 -0.001256260609116 0.000370392523804
51 7 15.344568726800000 13.288783027399999 2.349147115100000 -0.001249224919810 -0.001096060781748 -0.001323892498897
59 7 17.262640601600001 14.396182340700005 5.481345370700000 -0.002488838885949 -0.008280858218222 0.002411017728763
67 8 16.932029885999999 12.372276697200000 5.994451122499998 -0.000524331063252 0.003446257826433 -0.001864910157786
75 8 15.344574537799998 15.121819469800011 5.994454850600000 0.001956671880777 -0.000886770673572 -0.002311929741857
83 8 16.932019389799994 14.205300304100005 3.402138567200000 -0.000682067703190 0.001023079254606 0.002949507487701
91 8 13.757112196700003 12.372264326600002 5.994440303000000 0.001511400136349 0.002096172916990 -0.001389066010064
107 8 13.757110162900000 14.205296485600002 3.402136381700000 0.001921753117669 -0.000620680799498 0.001801975085053
140 8 16.932022037700008 12.372281731100001 1.296160360000000 -0.000949501929882 0.000854736987699 -0.000664514761051
147 8 13.757108114200003 12.372258443900009 1.296153622799999 0.001586274212767 0.000780824430212 -0.000393840437523
20 1 19.180699473400008 13.288791380900006 2.349147298800000 0.000060326141320 -0.001876166077559 -0.000916741975269
36 7 21.098768848300001 14.396189250800001 5.481341472000000 0.003612882210496 -0.006487047457537 0.003042219855367
52 7 23.016852096999997 13.288783027399999 2.349147115100000 0.001225436257949 -0.000572802515696 -0.000626345453131
76 8 23.016857907999988 15.121819469800011 5.994454850600000 -0.002356267537071 -0.002491223848794 -0.002377895277824
92 8 21.429395566900006 12.372264326600002 5.994440303000000 0.001094073728134 0.002954476574066 -0.001929570207371
108 8 21.429393533100004 14.205296485600002 3.402136381700000 0.000404257380751 0.000660147620956 0.002563348785713
124 8 19.180698912699995 13.670555930200003 4.968234320200000 0.000189598492868 0.003542684727552 0.001453184466505
148 8 21.429391484400018 12.372258443900009 1.296153622799999 0.001389375352452 0.001353364582927 -0.001000203555735
60 7 24.934923971800007 14.396182340700005 5.481345370700000 0.000228729274180 0.000740475454517 0.000349471376426
68 8 24.604313256200001 12.372276697200000 5.994451122499998 -0.002138046155844 0.000648947882715 -0.001642571277760
84 8 24.604302760000003 14.205300304100005 3.402138567200000 -0.001858006468424 -0.001133014961126 0.001371666224880
29 1 9.590346111300004 5.537003285800003 8.613538384300000 0.002186690210011 0.001516509461786 0.003604233306622
157 8 11.508430567900000 4.047833987800002 7.560555002900000 -0.004172995180593 -0.003495734470351 -0.013276147739561
165 8 7.672298157300002 4.429594165800001 7.830487589900000 0.000552737687654 -0.000092398560296 -0.001367443851838
173 8 9.259725682700003 5.346106031900003 11.232641519100001 -0.002360471183514 -0.000866018880257 0.001111141713962
13 1 13.426498927400001 5.536998376400002 8.613533801700001 0.005888955671840 0.005736872138009 -0.006995919827946
30 1 17.262629481500003 5.537003285800003 8.613538384300000 -0.004169238264492 -0.000353839319268 -0.001406080718683
117 8 13.757107442800002 5.346108186800002 11.232628962800000 0.002693067361641 -0.001558923905697 0.006845385915355
166 8 15.344581527500001 4.429594165800001 7.830487589900000 0.007128364855518 -0.006002446235392 0.001490973896024
174 8 16.932009052900007 5.346106031900003 11.232641519100001 -0.001006759431044 -0.001053305677197 0.002052114938125
14 1 21.098782297600003 5.536998376400002 8.613533801700001 -0.001254906680297 0.000211157021699 0.000415312146037
118 8 21.429390813000005 5.346108186800002 11.232628962800000 0.001868148111249 -0.000606632901494 0.001571897990060
158 8 19.180713938100002 4.047833987800002 7.560555002900000 0.000548106133843 -0.002080301254145 -0.001953375596058
5 1 11.508418611100007 6.644402959900002 11.745737660500000 0.001535048070761 -0.000456202414381 -0.002214548694520
21 1 11.508416103199998 8.859196511800004 8.613540438400001 0.004515440751027 -0.002770684666478 -0.000680930303337
125 8 11.508415542500003 9.240961061100004 11.232627459799998 -0.000387580679038 0.002397720459274 0.001903673849106
133 8 11.508426393700002 6.644398071300002 9.396583635799999 -0.006060957402920 0.001834890723634 0.002640075294455
141 8 9.259738667500002 7.942686862000003 7.560553499600000 -0.002250163974106 -0.000073339064388 -0.003155614928409
167 8 11.508439842400001 11.073986469400005 7.830487589900000 -0.000631430298124 0.000958549820854 -0.000316033327489
37 7 13.426485478099996 9.966594381700006 11.745734611600000 0.000155829934110 -0.001287882444192 -0.001780792703897
45 7 15.344568302600001 6.644396246400003 11.745727975299999 -0.002350824444644 -0.001040586680462 -0.004213229041632
53 7 15.344568726799995 8.859188158300002 8.613540254699998 -0.007155984734558 -0.005579537493489 -0.004396593606626
61 7 17.262640601600001 9.966587471600000 11.745738510299995 -0.001279739596777 -0.000192691042691 -0.002948897845765
69 8 16.932029886000002 7.942681828100003 12.258844262099997 -0.000719469180063 0.001457272401254 0.000163476510654
77 8 15.344574537800005 10.692224600700005 12.258847990200001 0.000445707155611 -0.001728734497330 -0.000615704235265
85 8 16.932019389799990 9.775705435000003 9.666531706799999 0.000447346792608 0.000406086509229 0.003185789174575
93 8 13.757112196700007 7.942669457500004 12.258833442600000 0.001636292478241 0.001601809022062 -0.000520559878700
101 8 15.344565511000003 7.026158843900003 9.666525792999996 0.002533261420086 0.002803524454183 0.004256609723992
109 8 13.757110162900005 9.775701616500001 9.666529521300001 0.001172154726690 0.000971699455857 0.003812585748833
142 8 16.932022037700005 7.942686862000003 7.560553499600000 0.000124572776924 0.001048808706572 -0.001993620029628
149 8 13.757108114200001 7.942663574800001 7.560546762400000 0.006853914482600 0.020280719292473 0.008053734032907
159 8 15.344572253000006 10.692226291400004 7.560555002900000 0.000746005895517 0.000437818228587 -0.002229100923214
6 1 19.180701981300004 6.644402959900002 11.745737660500000 -0.000501468426426 -0.000605997395738 -0.001915940037812
22 1 19.180699473400011 8.859196511800004 8.613540438400001 -0.001072989418938 -0.000605267176092 -0.000458635677122
38 7 21.098768848300008 9.966594381700006 11.745734611600000 0.000566139345726 0.000093962092906 -0.001817441110312
46 7 23.016851672800001 6.644396246400003 11.745727975299999 0.000512707677602 -0.000093645360685 -0.000466736349530
54 7 23.016852096999990 8.859188158300002 8.613540254699998 -0.000158448648978 0.000596122948369 0.000272119282633
78 8 23.016857907999999 10.692224600700005 12.258847990200001 -0.000743828746225 -0.001970115054865 -0.001315386828755
94 8 21.429395566900006 7.942669457500004 12.258833442600000 0.001250948681432 0.001244365043262 -0.000630474262556
102 8 23.016848881199998 7.026158843900003 9.666525792999996 -0.000038584000449 0.001756903163470 0.001528646701821
110 8 21.429393533100001 9.775701616500001 9.666529521300001 0.001638747858770 -0.000798099446747 0.002083278112761
126 8 19.180698912700002 9.240961061100004 11.232627459799998 0.000548822912170 0.002065552154590 0.002011177962556
134 8 19.180709763900005 6.644398071300002 9.396583635799999 0.001075134434970 0.000371981179660 0.000616200019030
150 8 21.429391484400004 7.942663574800001 7.560546762400000 0.002026979279339 0.000883252301063 -0.001525865332473
160 8 23.016855623200005 10.692226291400004 7.560555002900000 -0.000123875929505 -0.001809336454722 -0.001827317225066
168 8 19.180723212599993 11.073986469400005 7.830487589900000 0.000094006894083 0.000571729285125 -0.000195662029791
62 7 24.934923971800000 9.966587471600000 11.745738510299995 0.000716503761134 -0.000144726171982 -0.000466371930648
70 8 24.604313256200005 7.942681828100003 12.258844262099997 -0.002297347223162 0.000831282959619 -0.001220312597104
86 8 24.604302759999996 9.775705435000003 9.666531706799999 -0.002294047796377 -0.000856082574399 0.001628855276916
7 1 15.344560296200003 13.288795263500004 11.745737660500000 -0.000070279717474 -0.000271629959905 -0.000425847571623
15 1 17.262640612500000 12.181390680000009 8.613533801700001 -0.000834888235281 -0.001207966537142 0.000230356138190
23 1 15.344557788300000 15.503588815399999 8.613540438400001 -0.000489620922463 -0.000640363676152 0.001020375339804
31 1 13.426487796399995 12.181395589400003 8.613538384300000 0.000328528047598 -0.001610475618825 -0.000192034447078
39 7 17.262627163200005 16.610986685300006 11.745734611600000 0.000933795612326 0.000395814363095 0.000410544703928
95 8 17.593253881800010 14.587061761100006 12.258833442600000 0.001756426173921 0.000693386100175 -0.001087501707106
111 8 17.593251848000001 16.420093920100001 9.666529521300001 0.001493431622888 -0.001050935903577 0.000783918355855
119 8 17.593249127900002 11.990500490400001 11.232628962800000 0.002045288464341 -0.000697429258828 0.001838867685671
127 8 15.344557227600006 15.885353364700006 11.232627459799998 -0.000005265608475 0.001796949851543 0.001074938904467
135 8 15.344568078800005 13.288790374900007 9.396583635799999 0.000217323776352 0.000538354575144 -0.000022710743657
143 8 13.095880352600002 14.587079165600008 7.560553499600000 -0.000751318824259 0.000723808084329 -0.001548327034362
151 8 17.593249799300004 14.587055878400003 7.560546762400000 0.001639834238783 0.001522875423879 -0.002866977407157
175 8 13.095867367800004 11.990498335500007 11.232641519100001 -0.001711302527717 -0.000230569006631 0.001488557024890
8 1 23.016843666400000 13.288795263500004 11.745737660500000 0.000233949363908 0.000463420876557 -0.000415149028818
24 1 23.016841158500000 15.503588815399999 8.613540438400001 0.000066257743241 0.003987546843530 -0.000310733564400
32 1 21.098771166600002 12.181395589400003 8.613538384300000 0.000377023778972 -0.000214972209977 0.000249753349263
47 7 19.180709987699998 13.288788550000005 11.745727975299999 -0.000059894199766 0.000577412937977 -0.000792342482298
55 7 19.180710411900002 15.503580461900007 8.613540254699998 0.001878495040851 0.000273259943674 0.003209881476596
63 7 21.098782286700004 16.610979775200004 11.745738510299995 0.000249752227620 0.002524343809253 -0.002194687634239
71 8 20.768171571100002 14.587074131700003 12.258844262099997 -0.002156587155388 -0.000229938405353 -0.001012547101533
79 8 19.180716222899996 17.336616904300001 12.258847990200001 -0.000845579125168 -0.002359829278614 -0.001025448951184
87 8 20.768161074900000 16.420097738599999 9.666531706799999 -0.003250084443851 -0.004228747908083 0.001614815635058
103 8 19.180707196099995 13.670551147500003 9.666525792999996 -0.000063569903046 0.001900378480417 0.001251724495391
128 8 23.016840597800005 15.885353364700006 11.232627459799998 0.000359030004669 0.001466464075830 0.001658165281136
136 8 23.016851449000004 13.288790374900007 9.396583635799999 -0.000244585524875 -0.000707504803894 0.000191421411193
144 8 20.768163722800004 14.587079165600008 7.560553499600000 -0.002322504351076 0.000905288315593 -0.003431820570927
176 8 20.768150737999996 11.990498335500007 11.232641519100001 -0.001756954718757 -0.001172476435298 0.001553436208105
16 1 24.934923982700003 12.181390680000009 8.613533801700001 0.000286182216639 -0.000022394063568 0.000009508702435
40 7 24.934910533400007 16.610986685300006 11.745734611600000 -0.000684027253587 0.000443639121451 -0.001073440691171
48 7 26.852993357900004 13.288788550000005 11.745727975299999 -0.000235660805991 -0.000022886329221 -0.000118642074898
56 7 26.852993782099993 15.503580461900007 8.613540254699998 -0.000877760168969 0.000637865455068 -0.000032056109797
64 7 28.771065656899999 16.610979775200004 11.745738510299995 -0.000653537947157 0.000017439723476 -0.000525442697061
72 8 28.440454941300004 14.587074131700003 12.258844262099997 -0.001707177155460 0.000711696967551 -0.001315702779559
80 8 26.852999593099998 17.336616904300001 12.258847990200001 0.000116910813947 -0.001693944238428 -0.000874906660023
88 8 28.440444445099999 16.420097738599999 9.666531706799999 -0.001169421056595 -0.000929541737296 0.001451562604765
96 8 25.265537252000023 14.587061761100006 12.258833442600000 0.001729697231522 0.000784329707804 -0.001126187940053
104 8 26.852990566300001 13.670551147500003 9.666525792999996 0.000089606655319 0.001701484669446 0.001698943509728
112 8 25.265535218199997 16.420093920100001 9.666529521300001 0.002269293141891 -0.001522264899502 0.001959255006731
120 8 25.265532498100001 11.990500490400001 11.232628962800000 0.001649014916137 -0.000769679716080 0.001496407663570
152 8 25.265533169500006 14.587055878400003 7.560546762400000 0.001705703817283 0.000799766834346 -0.001791240533028
