ITEM: TIMESTEP
0
ITEM: NUMBER OF ATOMS
176
ITEM: BOX BOUNDS xy xz yz pp pp pp
0.0000000000000000e+00 3.0689133480799999e+01 7.6722833701999980e+00
0.0000000000000000e+00 1.7718379476200003e+01 7.6722833702000024e+00
0.0000000000000000e+00 1.2528786279200000e+01 4.4295948690000015e+00
ITEM: ATOMS id type x y z fx fy fz
25 1 5.764204426199999 3.322205851300000 2.349145244699999 -0.139836219165629 -0.046019013370230 -0.032520973947117
137 8 5.423596982400004 5.727889427500000 1.296160360000000 0.010976044974079 0.001663957335011 -0.003963237531053
161 8 3.836156472199998 2.214796731300001 1.566094450300000 0.022308708360182 0.007130045179737 0.004974269079286
169 8 5.423583997600000 3.131308597400002 4.968248379499999 0.010942491282086 -0.002826001296934 0.002917749711225
1 1 7.672276926000002 4.429605525400001 5.481344520900000 -0.000856652161198 0.003001457666329 0.023151196193995
9 1 9.590357242299998 3.322200941900001 2.349140662099999 0.032461376117417 -0.003658284511126 -0.002539261445761
41 7 11.508426617500000 4.429598811900002 5.481334835700000 0.004236147970160 0.000872109501817 0.002885021475523
89 8 9.920970511600007 5.727872023000002 5.994440303000000 0.000484668804584 -0.000042972376798 -0.002556918416881
97 8 11.508423825899998 4.811361409400002 3.402132653400000 -0.002697431906139 0.000468224147135 0.000641037621859
113 8 9.920965757699999 3.131310752300001 4.968235823200000 -0.001485095071997 0.000147492830945 -0.002156127475887
129 8 7.672284708600001 4.429600636800002 3.132190496199999 0.023663823811015 0.007829230692032 0.005639948785356
145 8 9.920966429100000 5.727866140300000 1.296153622799999 -0.001562445052401 -0.002037544887030 0.000691948664956
153 8 7.672288882800000 1.833036553300000 1.296161863300000 0.002630902455411 0.008363005348234 0.005560203991159
162 8 11.508439842400000 2.214796731300001 1.566094450300000 -0.005329309700571 0.001964190348429 0.001321517049493
2 1 15.344560296200001 4.429605525400001 5.481344520900000 0.003319021944663 -0.000686659326468 -0.002142228587120
10 1 17.262640612500000 3.322200941900001 2.349140662099999 0.032067184497167 -0.003642730840963 -0.002528101145427
26 1 13.426487796400002 3.322205851300000 2.349145244699999 0.004883236622684 0.000131406065512 0.000112265065933
65 8 13.095888200900001 5.727884393600002 5.994451122499998 -0.003332856775241 0.000232537799735 -0.001731683758500
90 8 17.593253881800006 5.727872023000002 5.994440303000000 0.000015844138840 0.002961714886264 0.000855706131391
114 8 17.593249127900009 3.131310752300001 4.968235823200000 -0.000306557524775 -0.002528111729820 0.005643841918091
130 8 15.344568078800005 4.429600636800002 3.132190496199999 -0.005224758693144 0.001822111608591 0.001392214685014
138 8 13.095880352600009 5.727889427500000 1.296160360000000 -0.003516921705223 0.000950116953630 -0.001177687527323
146 8 17.593249799300011 5.727866140300000 1.296153622799999 -0.000383902186080 0.004424558653159 -0.004430639266679
154 8 15.344572252999999 1.833036553300000 1.296161863300000 -0.002749822780433 -0.003096085340138 -0.002542207186533
170 8 13.095867367800004 3.131308597400002 4.968248379499999 -0.003550137099007 -0.000437475387515 0.001316093857929
42 7 19.180709987699998 4.429598811900002 5.481334835700000 -0.002535798679520 -0.001448576136828 -0.019772133639484
66 8 20.768171571100002 5.727884393600002 5.994451122499998 0.002628375163519 0.002091738476968 -0.000142416988484
98 8 19.180707196099995 4.811361409400002 3.402132653400000 0.002290873741767 0.012159222718352 0.008907761446152
3 1 11.508418611100000 11.073997829000001 5.481344520900000 -0.000280955904719 0.001304097860454 -0.000742449205077
17 1 7.672274418099999 6.644399077300000 2.349147298800000 -0.000898116336326 0.022862827638480 -0.004866140166017
27 1 9.590346111300001 9.966598154900002 2.349145244699999 0.000838241069053 0.002466754052437 -0.000243684152376
33 7 9.590343793000001 7.751796947200008 5.481341472000000 0.001436353154991 0.002821406660560 0.002050354126315
49 7 11.508427041700001 6.644390723800001 2.349147115100000 0.004276509532034 0.003017464127098 -0.000086201356514
73 8 11.508432852700000 8.477427166200002 5.994454850600000 -0.000977949267294 -0.002594511824538 -0.001910049323715
105 8 9.920968477800001 7.560904182000002 3.402136381700000 0.000463470313068 -0.002387986172598 0.000925769613204
121 8 7.672273857400003 7.026163626600007 4.968234320200000 0.001302828539121 -0.001510366111370 -0.000980023810208
131 8 11.508426393700001 11.073992940400007 3.132190496199999 0.000162327501842 -0.003372539298161 0.000944106332853
155 8 11.508430567899998 8.477428856900005 1.296161863300000 -0.000444493107630 -0.003130709138770 -0.001127640083597
163 8 7.672298157300000 8.859189034900005 1.566094450300000 0.000094264156867 -0.003256269924135 0.000858607447289
171 8 9.259725682700001 9.775700901000002 4.968248379499999 -0.001663302466943 -0.002240748881424 0.001241664859355
11 1 13.426498927399999 9.966593245500007 2.349140662099999 -0.000763224293935 -0.000063134464129 0.000096857754229
18 1 15.344557788300000 6.644399077300000 2.349147298800000 0.003277633949032 -0.002213539022281 0.000087863127425
28 1 17.262629481500003 9.966598154900002 2.349145244699999 0.000891880027896 -0.002720229321372 0.000317104621840
34 7 17.262627163200005 7.751796947200008 5.481341472000000 0.001223906630480 -0.003009104809671 -0.002072420046056
43 7 15.344568302600003 11.073991115500002 5.481334835700000 -0.000643668813127 -0.001254443849973 0.001079283148056
57 7 13.426498916499998 7.751790037100004 5.481345370700000 0.001107672049443 0.000099881725617 -0.000050583873491
81 8 13.095877704700001 7.560908000500002 3.402138567200000 -0.003181862774542 -0.001396550662386 0.001120726636376
99 8 15.344565510999997 11.455753713000002 3.402132653400000 0.000404700139996 0.004817866737851 0.000078147137509
106 8 17.593251848000001 7.560904182000002 3.402136381700000 -0.000005334195106 0.001831033230687 0.002621088175558
115 8 13.757107442799997 9.775703055900001 4.968235823200000 0.002093521831144 -0.000603147806274 0.001381680800214
122 8 15.344557227600001 7.026163626600007 4.968234320200000 -0.000859647410354 0.002408926912138 0.001791346752208
164 8 15.344581527500001 8.859189034900005 1.566094450300000 -0.000373779017743 0.001106367762079 -0.000242775751405
172 8 16.932009052900014 9.775700901000002 4.968248379499999 -0.002069188659573 0.000472583707154 0.001402976999743
4 1 19.180701981300000 11.073997829000001 5.481344520900000 0.000477565431876 -0.001118727397921 0.000035291163391
12 1 21.098782297600000 9.966593245500007 2.349140662099999 -0.000763326296100 -0.000075556727652 0.000095450776034
44 7 23.016851672799998 11.073991115500002 5.481334835700000 0.000338147069710 0.001108076339370 0.000119388161276
50 7 19.180710411899998 6.644390723800001 2.349147115100000 -0.002495567367716 -0.019117574634960 0.005278248590736
58 7 21.098782286699997 7.751790037100004 5.481345370700000 -0.003584987987513 0.000169269469879 -0.000001524048239
74 8 19.180716222899989 8.477427166200002 5.994454850600000 0.000436350685829 -0.001457755248093 -0.001106224021158
82 8 20.768161074900000 7.560908000500002 3.402138567200000 0.002779464643645 0.000721639611885 0.002343872385714
100 8 23.016848881199998 11.455753713000002 3.402132653400000 -0.000369563584615 0.000458246277823 0.002065696344853
116 8 21.429390813000008 9.775703055900001 4.968235823200000 0.001996111408588 -0.000959075412713 0.001399206669515
132 8 19.180709763900005 11.073992940400007 3.132190496199999 -0.000298340537552 0.000995974273388 -0.000154426571491
156 8 19.180713938099998 8.477428856900005 1.296161863300000 0.000320842039767 0.001243531976547 -0.003116234243266
19 1 11.508416103199997 13.288791380900006 2.349147298800000 -0.000828244100125 0.022779064313234 -0.004843066855653
123 8 11.508415542500002 13.670555930200003 4.968234320200000 0.002438761296940 0.000900879005956 0.003274151128815
139 8 9.259738667499999 12.372281731100001 1.296160360000000 -0.002718165609093 -0.000703709094014 -0.002245118621807
35 7 13.426485478100000 14.396189250800001 5.481341472000000 -0.007486957989345 0.001562853483479 0.001069975523282
51 7 15.344568726800000 13.288783027399999 2.349147115100000 -0.002602885960513 -0.019172981825481 0.005323868937611
59 7 17.262640601600001 14.396182340700005 5.481345370700000 0.001577403228901 -0.003011609000886 0.004791750540497
67 8 16.932029885999999 12.372276697200000 5.994451122499998 -0.001724728782152 0.002198065728879 -0.002085900121447
75 8 15.344574537799998 15.121819469800011 5.994454850600000 0.001986054667488 -0.000495575548346 -0.002984090170384
83 8 16.932019389799994 14.205300304100005 3.402138567200000 -0.003742520375852 0.002527749004974 -0.001620409431332
91 8 13.757112196700003 12.372264326600002 5.994440303000000 0.002540820151915 0.000745021888970 -0.001373954265792
107 8 13.757110162900000 14.205296485600002 3.402136381700000 0.014215692120993 -0.000133461254958 -0.000752553500007
140 8 16.932022037700008 12.372281731100001 1.296160360000000 -0.003171651267640 0.003506055343574 -0.000554540049067
147 8 13.757108114200003 12.372258443900009 1.296153622799999 0.006138466974851 0.002653286159509 -0.000489972764122
20 1 19.180699473400008 13.288791380900006 2.349147298800000 0.003285396873004 -0.002229243056832 0.000087372271567
36 7 21.098768848300001 14.396189250800001 5.481341472000000 0.002775642526864 0.000066200492704 0.000108958297312
52 7 23.016852096999997 13.288783027399999 2.349147115100000 0.004267239455963 0.002999421508333 -0.000087930486031
76 8 23.016857907999988 15.121819469800011 5.994454850600000 -0.002301999319582 -0.002165536844764 -0.000638706854568
92 8 21.429395566900006 12.372264326600002 5.994440303000000 0.001175597531375 0.001093362094797 -0.001360523516794
108 8 21.429393533100004 14.205296485600002 3.402136381700000 -0.000336011869715 -0.000725898132266 0.001992957267465
124 8 19.180698912699995 13.670555930200003 4.968234320200000 -0.001820057149976 0.002556310004142 0.000920704251867
148 8 21.429391484400018 12.372258443900009 1.296153622799999 0.000177134646587 0.000548781104833 -0.001701159036112
60 7 24.934923971800007 14.396182340700005 5.481345370700000 0.001591392892327 0.003611631451746 -0.004579560852673
68 8 24.604313256200001 12.372276697200000 5.994451122499998 -0.002349262884813 -0.000971684274371 -0.000759372888554
84 8 24.604302760000003 14.205300304100005 3.402138567200000 -0.004909661648155 -0.003950304217827 0.003502299932729
29 1 9.590346111300004 5.537003285800003 8.613538384300000 0.000838244893282 0.000574263882835 0.002432697050853
157 8 11.508430567900000 4.047833987800002 7.560555002900000 -0.000444486117881 -0.001773929717131 -0.003046390465943
165 8 7.672298157300002 4.429594165800001 7.830487589900000 0.000094264831285 -0.000212393433576 -0.003446058952341
173 8 9.259725682700003 5.346106031900003 11.232641519100001 -0.002751386526372 -0.001995154640862 0.000112693732054
13 1 13.426498927400001 5.536998376400002 8.613533801700001 -0.000763221149601 0.000025374828762 -0.000028305008144
30 1 17.262629481500003 5.537003285800003 8.613538384300000 0.000891877244135 -0.000626011923121 -0.002644550596244
117 8 13.757107442800002 5.346108186800002 11.232628962800000 0.006215798605748 0.000596776409035 0.002660344692924
166 8 15.344581527500001 4.429594165800001 7.830487589900000 -0.000373786166447 0.000203413129271 0.001034192438962
174 8 16.932009052900007 5.346106031900003 11.232641519100001 -0.003204883488978 0.001002041196321 0.003518102958593
14 1 21.098782297600003 5.536998376400002 8.613533801700001 -0.000763328804716 0.000019906342968 -0.000039546968951
118 8 21.429390813000005 5.346108186800002 11.232628962800000 0.000254449343567 -0.001246644815172 0.001079954293517
158 8 19.180713938100002 4.047833987800002 7.560555002900000 0.000320832230379 -0.002190714307340 0.001740435687899
5 1 11.508418611100007 6.644402959900002 11.745737660500000 -0.000786852387118 0.002995321814498 0.023064814050546
21 1 11.508416103199998 8.859196511800004 8.613540438400001 -0.000322354307683 -0.000230234185390 0.001498181624458
125 8 11.508415542500003 9.240961061100004 11.232627459799998 0.002438772956333 0.003304245788674 -0.000124712262954
133 8 11.508426393700002 6.644398071300002 9.396583635799999 0.000162325641454 -0.000331915827722 -0.003355997101766
141 8 9.259738667500002 7.942686862000003 7.560553499600000 -0.001630067151911 0.000278863931778 -0.002852984782021
167 8 11.508439842400001 11.073986469400005 7.830487589900000 0.000124177741252 0.000111742998868 0.000011649360207
37 7 13.426485478099996 9.966594381700006 11.745734611600000 -0.007486971666859 0.001477563815138 0.001190431753470
45 7 15.344568302600001 6.644396246400003 11.745727975299999 -0.002643180696209 -0.001424177526962 -0.019839443890729
53 7 15.344568726799995 8.859188158300002 8.613540254699998 -0.000603322890532 0.000606122349711 -0.001489218256789
61 7 17.262640601600001 9.966587471600000 11.745738510299995 0.001577432602583 0.003628148958926 -0.004598267754069
69 8 16.932029886000002 7.942681828100003 12.258844262099997 -0.003893539630084 -0.001043768885978 0.002881898898230
77 8 15.344574537800005 10.692224600700005 12.258847990200001 0.001986051881002 -0.002907532740574 0.000426943186298
85 8 16.932019389799990 9.775705435000003 9.666531706799999 -0.001573708218458 -0.001075308651605 0.003091914010572
93 8 13.757112196700007 7.942669457500004 12.258833442600000 0.014236934732567 -0.000873785669599 0.000128090970908
101 8 15.344565511000003 7.026158843900003 9.666525792999996 0.000404688267253 0.001387415360618 0.004929462113710
109 8 13.757110162900005 9.775701616500001 9.666529521300001 0.002519623882559 -0.001010012646221 0.001274405266133
142 8 16.932022037700005 7.942686862000003 7.560553499600000 -0.002035935402954 0.001335387078676 -0.000348648141175
149 8 13.757108114200001 7.942663574800001 7.560546762400000 0.002016211781560 0.001047756853909 -0.001195040207770
159 8 15.344572253000006 10.692226291400004 7.560555002900000 0.000177598728681 -0.001877671407927 -0.001680674880519
6 1 19.180701981300004 6.644402959900002 11.745737660500000 0.003326794271921 -0.000692353560902 -0.002156867423618
22 1 19.180699473400011 8.859196511800004 8.613540438400001 0.000436158551263 -0.000304587408643 -0.001045342127761
38 7 21.098768848300008 9.966594381700006 11.745734611600000 0.002775649420117 0.000072635784009 0.000099874618890
46 7 23.016851672800001 6.644396246400003 11.745727975299999 0.004226884342885 0.000864469869466 0.002868587734338
54 7 23.016852096999990 8.859188158300002 8.613540254699998 0.000378507854359 0.000488628125670 0.001058138010956
78 8 23.016857907999999 10.692224600700005 12.258847990200001 -0.002302021407742 -0.001252894037175 -0.001929380236358
94 8 21.429395566900006 7.942669457500004 12.258833442600000 -0.000314811378874 0.001517189787813 -0.001345608821356
102 8 23.016848881199998 7.026158843900003 9.666525792999996 -0.000369552070752 0.001808084389390 0.000156761197986
110 8 21.429393533100001 9.775701616500001 9.666529521300001 0.001154400146637 -0.000881233471744 0.001598333996465
126 8 19.180698912700002 9.240961061100004 11.232627459799998 -0.001820056924668 0.001637210802323 0.002220528338736
134 8 19.180709763900005 6.644398071300002 9.396583635799999 -0.000298336481224 0.000088544885128 0.001128862957962
150 8 21.429391484400004 7.942663574800001 7.560546762400000 0.001918788418990 0.000945632196289 -0.001536458421489
160 8 23.016855623200005 10.692226291400004 7.560555002900000 -0.000238348998904 -0.001959426981372 -0.001738508939372
168 8 19.180723212599993 11.073986469400005 7.830487589900000 -0.000333888416295 0.000196959696834 0.000071894691013
62 7 24.934923971800000 9.966587471600000 11.745738510299995 0.001591407556252 -0.002999558462181 0.004770008715467
70 8 24.604313256200005 7.942681828100003 12.258844262099997 -0.005060677113306 0.001626714787955 -0.004933303708304
86 8 24.604302759999996 9.775705435000003 9.666531706799999 -0.002198250619667 -0.000881244316338 -0.000338701053037
7 1 15.344560296200003 13.288795263500004 11.745737660500000 -0.000288254824338 0.001298557474921 -0.000741218162152
15 1 17.262640612500000 12.181390680000009 8.613533801700001 -0.000080298815455 0.000051983473796 0.000084387087547
23 1 15.344557788300000 15.503588815399999 8.613540438400001 -0.000329665629636 -0.000230922578251 0.001492533415790
31 1 13.426487796399995 12.181395589400003 8.613538384300000 -0.000284141100425 0.000052970740985 0.000056800800588
39 7 17.262627163200005 16.610986685300006 11.745734611600000 0.001439179789572 0.002814990490064 0.002045810249128
95 8 17.593253881800010 14.587061761100006 12.258833442600000 0.001571125112874 -0.000281075193109 -0.001422488564972
111 8 17.593251848000001 16.420093920100001 9.666529521300001 0.001549933440789 -0.001397801782283 0.000323156109146
119 8 17.593249127900002 11.990500490400001 11.232628962800000 0.001236748170468 -0.002459258150459 0.002048886994575
127 8 15.344557227600006 15.885353364700006 11.232627459799998 -0.000494005407481 0.001214891463729 0.000947036092818
135 8 15.344568078800005 13.288790374900007 9.396583635799999 0.000203607640236 -0.000003344672341 0.000101425631512
143 8 13.095880352600002 14.587079165600008 7.560553499600000 -0.000662406740850 0.000663626414968 -0.001873944603076
151 8 17.593249799300004 14.587055878400003 7.560546762400000 0.001159449201267 0.001058102134020 -0.003167382002089
175 8 13.095867367800004 11.990498335500007 11.232641519100001 -0.000695653391936 -0.001189460203199 0.001278084936345
8 1 23.016843666400000 13.288795263500004 11.745737660500000 0.000477173840799 -0.001115707778215 0.000033636026514
24 1 23.016841158500000 15.503588815399999 8.613540438400001 0.000435765916532 -0.000305137682855 -0.001041936995164
32 1 21.098771166600002 12.181395589400003 8.613538384300000 0.000562863463920 -0.000051604485017 -0.000017144022795
47 7 19.180709987699998 13.288788550000005 11.745727975299999 0.000340869182517 0.001112463551335 0.000117023231336
55 7 19.180710411900002 15.503580461900007 8.613540254699998 0.000381213980113 0.000487859659884 0.001063058974826
63 7 21.098782286700004 16.610979775200004 11.745738510299995 -0.003583962825537 0.000182742573740 0.000008012087236
71 8 20.768171571100002 14.587074131700003 12.258844262099997 -0.001589777913604 0.000520036612809 -0.001408083235708
79 8 19.180716222899996 17.336616904300001 12.258847990200001 0.000809983787779 -0.005312479517758 -0.003831926246461
87 8 20.768161074900000 16.420097738599999 9.666531706799999 -0.001438765520674 -0.000995614347020 0.001283925240151
103 8 19.180707196099995 13.670551147500003 9.666525792999996 -0.000165235464203 0.001624094343301 0.001458353472074
128 8 23.016840597800005 15.885353364700006 11.232627459799998 0.000923941265715 0.002347281030145 0.001747757539821
136 8 23.016851449000004 13.288790374900007 9.396583635799999 -0.000257675165702 0.000081701226006 0.000161554027816
144 8 20.768163722800004 14.587079165600008 7.560553499600000 -0.002024830248763 0.000798218154610 -0.001579805798578
176 8 20.768150737999996 11.990498335500007 11.232641519100001 -0.002058080385596 -0.000867246972646 0.001306917235926
16 1 24.934923982700003 12.181390680000009 8.613533801700001 -0.000077372856632 0.000052356661270 0.000084636529906
40 7 24.934910533400007 16.610986685300006 11.745734611600000 0.001221590590045 -0.003016163975450 -0.002077402052580
48 7 26.852993357900004 13.288788550000005 11.745727975299999 -0.000632176314424 -0.001266109939664 0.001082769742021
56 7 26.852993782099993 15.503580461900007 8.613540254699998 -0.000591830156310 0.000605527525171 -0.001501391324378
64 7 28.771065656899999 16.610979775200004 11.745738510299995 0.001110313880260 0.000094678147009 -0.000054266155037
72 8 28.440454941300004 14.587074131700003 12.258844262099997 -0.001489845574246 0.000887289298451 -0.001424329844426
80 8 26.852999593099998 17.336616904300001 12.258847990200001 -0.001342963225458 -0.001392915076941 -0.001060376500177
88 8 28.440444445099999 16.420097738599999 9.666531706799999 -0.001338820774621 -0.000888509714399 0.001635600981032
96 8 25.265537252000023 14.587061761100006 12.258833442600000 0.001162298961188 0.002434616307265 -0.001261984940247
104 8 26.852990566300001 13.670551147500003 9.666525792999996 0.000247908463854 0.001705615649800 0.001516002010032
112 8 25.265535218199997 16.420093920100001 9.666529521300001 0.001141103140112 -0.000341247439210 0.002830037607383
120 8 25.265532498100001 11.990500490400001 11.232628962800000 0.001853190566428 0.000710333388575 0.000720786940679
152 8 25.265533169500006 14.587055878400003 7.560546762400000 0.001775865086531 0.000862481741197 0.000263602664193
