ITEM: TIMESTEP
0
ITEM: NUMBER OF ATOMS
176
ITEM: BOX BOUNDS xy xz yz pp pp pp
0.0000000000000000e+00 3.0689133480799999e+01 7.6722833701999980e+00
0.0000000000000000e+00 1.7718379476200003e+01 7.6722833702000024e+00
0.0000000000000000e+00 1.2528786279200000e+01 4.4295948690000015e+00
ITEM: ATOMS id type x y z fx fy fz
25 1 5.754204426199998 3.322205851300000 2.349145244699999 0.009915533155038 0.009326811746409 -0.003130102372052
137 8 5.423596982400004 5.727889427500000 1.296160360000000 -0.002731882840326 0.001477106621118 -0.001149213580183
161 8 3.836156472199998 2.214796731300001 1.566094450300000 -0.000458141444994 -0.002542587932456 -0.000168273828307
169 8 5.423583997600000 3.131308597400002 4.968248379499999 -0.001507626521253 -0.003223583809831 0.001528416375366
1 1 7.672276926000002 4.429605525400001 5.481344520900000 0.001064256424689 0.000452276186752 -0.004000553434111
9 1 9.590357242299998 3.322200941900001 2.349140662099999 -0.007247979114882 0.002855234724134 -0.007705113714057
41 7 11.508426617500000 4.429598811900002 5.481334835700000 -0.001493578628972 -0.000310338133316 -0.002716394251311
89 8 9.920970511600007 5.727872023000002 5.994440303000000 0.001617576439894 0.001250524391555 -0.000885953111557
97 8 11.508423825899998 4.811361409400002 3.402132653400000 0.003862281904358 0.004971648738156 0.004101022828060
113 8 9.920965757699999 3.131310752300001 4.968235823200000 0.001822487668739 -0.002678244423865 0.004512791063562
129 8 7.672284708600001 4.429600636800002 3.132190496199999 -0.004172893401046 0.005922087136255 0.006306464190428
145 8 9.920966429100000 5.727866140300000 1.296153622799999 0.003006468304796 0.004571448954045 -0.001454013313716
153 8 7.677288882800015 1.841696807337837 1.296161863300000 -0.025965376035933 -0.083120564581717 0.050509409527653
162 8 11.508439842400000 2.214796731300001 1.566094450300000 0.005544448267659 -0.003626247284553 -0.000927996681123
2 1 15.344560296200001 4.429605525400001 5.481344520900000 -0.000302235347092 0.000245350990482 -0.000270154592902
10 1 17.262640612500000 3.322200941900001 2.349140662099999 -0.000334096245653 0.000743719046301 0.000080561674013
26 1 13.426487796400002 3.322205851300000 2.349145244699999 -0.002374254390013 0.000115316494098 -0.000396503395832
65 8 13.095888200900001 5.727884393600002 5.994451122499998 -0.000947494044117 0.000987400238239 -0.000916770170296
90 8 17.593253881800006 5.727872023000002 5.994440303000000 0.001425191548066 0.000833248854215 -0.001501071165002
114 8 17.593249127900009 3.131310752300001 4.968235823200000 0.001821610325431 -0.001071303114982 0.001513064023250
130 8 15.344568078800005 4.429600636800002 3.132190496199999 0.000831663359944 0.000244562661320 0.000277765088987
138 8 13.095880352600009 5.727889427500000 1.296160360000000 -0.000775467678427 0.001303290524246 -0.001818209578503
146 8 17.593249799300011 5.727866140300000 1.296153622799999 0.001441340411884 0.001132577772048 -0.001368396221919
154 8 15.344572252999999 1.833036553300000 1.296161863300000 0.000459210893432 -0.002158232992892 -0.001701446305825
170 8 13.095867367800004 3.131308597400002 4.968248379499999 -0.001120856224115 -0.001255730991450 0.001855398802483
42 7 19.180709987699998 4.429598811900002 5.481334835700000 0.000079321129159 0.000573507388429 -0.000186501575948
66 8 20.768171571100002 5.727884393600002 5.994451122499998 -0.002142727805379 0.000435227348396 -0.001400424206069
98 8 19.180707196099995 4.811361409400002 3.402132653400000 -0.000684605137889 0.002218025455494 0.002151825492215
3 1 11.508418611100000 11.073997829000001 5.481344520900000 -0.001120325492097 -0.000815832223206 0.001325891119585
17 1 7.672274418099999 6.644399077300000 2.349147298800000 0.001025305639895 -0.004548075447166 -0.000228130885746
27 1 9.590346111300001 9.966598154900002 2.349145244699999 -0.001155373060879 -0.001532575477471 -0.000155717652909
33 7 9.590343793000001 7.751796947200008 5.481341472000000 -0.000022290791506 -0.001298379079601 -0.000852036083140
49 7 11.508427041700001 6.644390723800001 2.349147115100000 -0.002943547629709 -0.003947021538831 -0.000574672520071
73 8 11.508432852700000 8.477427166200002 5.994454850600000 0.000185406689041 -0.000927670123393 -0.001183360189951
105 8 9.920968477800001 7.560904182000002 3.402136381700000 0.001831479637634 -0.000023540411277 0.001983122765554
121 8 7.672273857400003 7.026163626600007 4.968234320200000 -0.000003907995779 0.002536705722578 0.002146428237859
131 8 11.508426393700001 11.073992940400007 3.132190496199999 0.001846585831082 0.001096628511742 -0.000542701319454
155 8 11.508430567899998 8.477428856900005 1.296161863300000 0.000980842308763 -0.000035055472580 -0.001830376721439
163 8 7.672298157300000 8.859189034900005 1.566094450300000 -0.000098270046678 0.001355882240115 -0.000223506143674
171 8 9.259725682700001 9.775700901000002 4.968248379499999 -0.001286950425328 -0.000240215345607 0.001277775719515
11 1 13.426498927399999 9.966593245500007 2.349140662099999 -0.002652124995570 -0.005149277385474 0.000174137530357
18 1 15.344557788300000 6.644399077300000 2.349147298800000 -0.000350038617610 -0.001582958657811 0.000108314469997
28 1 17.262629481500003 9.966598154900002 2.349145244699999 0.003040191254151 -0.003626190328802 -0.000231656327387
34 7 17.262627163200005 7.751796947200008 5.481341472000000 0.000881810004920 -0.001275068603242 0.001231938241410
43 7 15.344568302600003 11.073991115500002 5.481334835700000 0.000517113730704 -0.002311928332832 0.009006213555074
57 7 13.426498916499998 7.751790037100004 5.481345370700000 -0.001026192857895 -0.001614651905410 0.000814153232577
81 8 13.095877704700001 7.560908000500002 3.402138567200000 -0.000235134771415 0.000850114234217 0.001519427412564
99 8 15.344565510999997 11.455753713000002 3.402132653400000 0.000049549787141 0.020425657967935 -0.010460611183844
106 8 17.593251848000001 7.560904182000002 3.402136381700000 0.000843058633158 0.000125433992999 0.001351825694062
115 8 13.757107442799997 9.775703055900001 4.968235823200000 0.003144358699366 0.001050310495066 0.000006202487371
122 8 15.344557227600001 7.026163626600007 4.968234320200000 0.000301703045591 0.002311862215932 0.001243959304657
164 8 15.344581527500001 8.859189034900005 1.566094450300000 -0.000353049912452 0.001602587762360 0.000593180343582
172 8 16.932009052900014 9.775700901000002 4.968248379499999 -0.003147140800990 0.000810256320154 0.000037733248082
4 1 19.180701981300000 11.073997829000001 5.481344520900000 0.001093097170303 -0.000172974769363 0.000806476907338
12 1 21.098782297600000 9.966593245500007 2.349140662099999 0.000780625751575 -0.000758175296694 -0.000024599189202
44 7 23.016851672799998 11.073991115500002 5.481334835700000 -0.000402638348804 -0.000723556998266 0.000203547728059
50 7 19.180710411899998 6.644390723800001 2.349147115100000 0.001604708175335 -0.001265995042901 -0.000578852578850
58 7 21.098782286699997 7.751790037100004 5.481345370700000 0.000343439124438 -0.000394991488831 -0.000390022376085
74 8 19.180716222899989 8.477427166200002 5.994454850600000 -0.000673048736104 -0.001194427077819 -0.001354515384345
82 8 20.768161074900000 7.560908000500002 3.402138567200000 -0.002228967661637 -0.000659864746668 0.001594177174844
100 8 23.016848881199998 11.455753713000002 3.402132653400000 0.000243820519363 0.001929981491615 0.001445356192000
116 8 21.429390813000008 9.775703055900001 4.968235823200000 0.001601275891013 -0.000403369733137 0.001347859878316
132 8 19.180709763900005 11.073992940400007 3.132190496199999 -0.001512828143762 -0.000135264745471 -0.000218684591035
156 8 19.180713938099998 8.477428856900005 1.296161863300000 -0.000745513896910 -0.001059803192912 -0.001612824799025
19 1 11.508416103199997 13.288791380900006 2.349147298800000 -0.005659182600362 0.000835625696975 0.000263023111437
123 8 11.508415542500002 13.670555930200003 4.968234320200000 0.002051924748791 0.001570055496514 0.000290131719095
139 8 9.259738667499999 12.372281731100001 1.296160360000000 -0.000775724621469 0.000858158303027 -0.001517844801338
35 7 13.426485478100000 14.396189250800001 5.481341472000000 -0.000811100753990 0.003207985986945 0.007054267094164
51 7 15.344568726800000 13.288783027399999 2.349147115100000 0.008813709610051 0.029206494007599 -0.009841605490952
59 7 17.262640601600001 14.396182340700005 5.481345370700000 0.001507112743143 0.003459640524778 0.001034598730960
67 8 16.932029885999999 12.372276697200000 5.994451122499998 -0.002779377603314 -0.000008412839937 -0.002440769544572
75 8 15.344574537799998 15.121819469800011 5.994454850600000 -0.001372943707816 -0.003412714452993 -0.002153488306098
83 8 16.932019389799994 14.205300304100005 3.402138567200000 -0.009522726720285 -0.010322358472073 -0.000845994593685
91 8 13.757112196700003 12.372264326600002 5.994440303000000 0.002134278126986 0.001353225878100 -0.002911796858634
107 8 13.757110162900000 14.205296485600002 3.402136381700000 0.012197480817358 -0.003541811525526 -0.013444679446152
140 8 16.932022037700008 12.372281731100001 1.296160360000000 -0.010379204633448 0.005425751588212 0.002626848237739
147 8 13.757108114200003 12.372258443900009 1.296153622799999 0.010514903051877 0.010242321828706 0.002670202560583
20 1 19.180699473400008 13.288791380900006 2.349147298800000 0.002478329346482 0.003630025980235 -0.000321404714732
36 7 21.098768848300001 14.396189250800001 5.481341472000000 0.000366726829892 0.000794362118790 -0.000312285567310
52 7 23.016852096999997 13.288783027399999 2.349147115100000 -0.001042875594706 0.000456853096507 -0.000218627875058
76 8 23.016857907999988 15.121819469800011 5.994454850600000 0.000104889692720 -0.001115387004199 -0.000596650376479
92 8 21.429395566900006 12.372264326600002 5.994440303000000 0.001418918013907 0.000715210798764 -0.001391970243872
108 8 21.429393533100004 14.205296485600002 3.402136381700000 0.001794073210944 -0.001608300845100 0.001492893147718
124 8 19.180698912699995 13.670555930200003 4.968234320200000 -0.000439631718353 0.001389269505534 0.001310235625100
148 8 21.429391484400018 12.372258443900009 1.296153622799999 0.001762859316366 0.000883685867302 -0.001376511171845
60 7 24.934923971800007 14.396182340700005 5.481345370700000 -0.001542925112435 0.000944527646485 0.000553319861703
68 8 24.604313256200001 12.372276697200000 5.994451122499998 -0.001178856292748 0.000626484548655 -0.001658684577488
84 8 24.604302760000003 14.205300304100005 3.402138567200000 -0.000756533114108 -0.001415580437803 0.001163596021013
29 1 9.590346111300004 5.537003285800003 8.613538384300000 0.000011041581813 -0.000009965585890 -0.000663707652284
157 8 11.508430567900000 4.047833987800002 7.560555002900000 0.000252106434761 -0.002115276538799 -0.000631692835902
165 8 7.672298157300002 4.429594165800001 7.830487589900000 -0.000096877101473 -0.000167222084615 0.000652643713964
173 8 9.259725682700003 5.346106031900003 11.232641519100001 -0.001295960744764 -0.001239337086122 0.001391320291396
13 1 13.426498927400001 5.536998376400002 8.613533801700001 0.000317828678110 0.000953069862979 -0.001006506639365
30 1 17.262629481500003 5.537003285800003 8.613538384300000 0.000072585526622 0.001102763770674 0.000536324635823
117 8 13.757107442800002 5.346108186800002 11.232628962800000 0.001028487585809 -0.004195660246184 0.005039988765218
166 8 15.344581527500001 4.429594165800001 7.830487589900000 -0.000355964516064 -0.000565623621952 -0.000243142310150
174 8 16.932009052900007 5.346106031900003 11.232641519100001 -0.000834438362435 -0.005689941122473 0.000501068705010
14 1 21.098782297600003 5.536998376400002 8.613533801700001 -0.000388693757945 0.000346242308315 0.000060320450716
118 8 21.429390813000005 5.346108186800002 11.232628962800000 0.002329571152703 -0.001281504440189 0.001337691027366
158 8 19.180713938100002 4.047833987800002 7.560555002900000 -0.000017851412397 -0.002249738540911 -0.001670314389872
5 1 11.508418611100007 6.644402959900002 11.745737660500000 0.000290333198174 0.002614924259952 -0.000586133143932
21 1 11.508416103199998 8.859196511800004 8.613540438400001 0.000484011648254 -0.000014196330018 0.000574629064969
125 8 11.508415542500003 9.240961061100004 11.232627459799998 -0.001151294990016 0.001969899837046 0.000931263088823
133 8 11.508426393700002 6.644398071300002 9.396583635799999 0.000095874896525 -0.000385435067334 0.000417945945662
141 8 9.259738667500002 7.942686862000003 7.560553499600000 -0.001552674176566 0.000962419713453 -0.001249353494150
167 8 11.508439842400001 11.073986469400005 7.830487589900000 0.000036787862525 0.000248314551309 -0.000653694647141
37 7 13.426485478099996 9.966594381700006 11.745734611600000 0.002576993943231 -0.003441558897574 0.001996884261108
45 7 15.344568302600001 6.644396246400003 11.745727975299999 0.008659164371917 0.015218737686187 0.004681702003785
53 7 15.344568726799995 8.859188158300002 8.613540254699998 0.000562755548086 -0.001320807106445 0.002894310531610
61 7 17.262640601600001 9.966587471600000 11.745738510299995 -0.001876015692696 -0.008925690260487 0.004017069760466
69 8 16.932029886000002 7.942681828100003 12.258844262099997 0.008944919186938 0.012781137033839 -0.016485021411334
77 8 15.344574537800005 10.692224600700005 12.258847990200001 -0.001380805841982 -0.000591587667497 -0.001809368425000
85 8 16.932019389799990 9.775705435000003 9.666531706799999 -0.001826091374698 -0.000198779558918 -0.000871844112972
93 8 13.757112196700007 7.942669457500004 12.258833442600000 -0.006284451941017 0.003215893510538 -0.005687910016873
101 8 15.344565511000003 7.026158843900003 9.666525792999996 0.000058254123541 0.003373308433418 -0.004820002438597
109 8 13.757110162900005 9.775701616500001 9.666529521300001 0.001305096679200 -0.000312416532209 0.000369473688400
142 8 16.932022037700005 7.942686862000003 7.560553499600000 -0.001279460478735 0.000868091573095 -0.002573838169245
149 8 13.757108114200001 7.942663574800001 7.560546762400000 0.001232835409522 0.001008037741995 -0.002175199408891
159 8 15.344572253000006 10.692226291400004 7.560555002900000 -0.000198743890811 -0.000490775855227 -0.004381745507840
6 1 19.180701981300004 6.644402959900002 11.745737660500000 -0.003413624591037 0.003004504555409 0.002247889366661
22 1 19.180699473400011 8.859196511800004 8.613540438400001 -0.000595079300538 -0.000290008188799 0.001361352628178
38 7 21.098768848300008 9.966594381700006 11.745734611600000 -0.001519565785166 -0.001193045045747 0.000544687268765
46 7 23.016851672800001 6.644396246400003 11.745727975299999 -0.001086222595507 0.000463751043413 0.000376126686736
54 7 23.016852096999990 8.859188158300002 8.613540254699998 -0.000364040428932 -0.000015364524551 -0.000169308399749
78 8 23.016857907999999 10.692224600700005 12.258847990200001 0.000079584298745 -0.000859532238709 -0.001035790541730
94 8 21.429395566900006 7.942669457500004 12.258833442600000 0.002460202819294 0.000874885400062 -0.001682145930266
102 8 23.016848881199998 7.026158843900003 9.666525792999996 0.000244673824724 0.001677445966147 0.001573918101716
110 8 21.429393533100001 9.775701616500001 9.666529521300001 0.001961087136641 -0.000762267001127 0.001019579648548
126 8 19.180698912700002 9.240961061100004 11.232627459799998 0.002777819828858 0.002875867686689 0.000412836605640
134 8 19.180709763900005 6.644398071300002 9.396583635799999 0.000241187269723 -0.000490004702693 -0.000859088223564
150 8 21.429391484400004 7.942663574800001 7.560546762400000 0.001821806831454 0.001065758103673 -0.001267502227269
160 8 23.016855623200005 10.692226291400004 7.560555002900000 0.000051709137289 -0.001712027653790 -0.001620506269084
168 8 19.180723212599993 11.073986469400005 7.830487589900000 -0.000143036006819 0.000339516565615 -0.000593325848501
62 7 24.934923971800000 9.966587471600000 11.745738510299995 0.000356155582835 -0.000176355285183 0.000149756864476
70 8 24.604313256200005 7.942681828100003 12.258844262099997 -0.001554850767932 0.000400970346608 -0.001435673160600
86 8 24.604302759999996 9.775705435000003 9.666531706799999 -0.001593466266756 -0.000917494291693 0.001247654014197
7 1 15.344560296200003 13.288795263500004 11.745737660500000 0.000187281293597 -0.001369501916823 0.000280349298109
15 1 17.262640612500000 12.181390680000009 8.613533801700001 0.000009920225030 -0.000718102588298 0.001251718577957
23 1 15.344557788300000 15.503588815399999 8.613540438400001 0.000144248765529 0.000192849430550 0.000192911826217
31 1 13.426487796399995 12.181395589400003 8.613538384300000 0.000231216870547 -0.000607958354495 0.001297331827025
39 7 17.262627163200005 16.610986685300006 11.745734611600000 -0.001355814951585 -0.000624661046412 -0.000770360581291
95 8 17.593253881800010 14.587061761100006 12.258833442600000 0.001983853134867 0.001681145391239 -0.001333123397084
111 8 17.593251848000001 16.420093920100001 9.666529521300001 0.001764996389545 -0.000928200044269 0.001929235114522
119 8 17.593249127900002 11.990500490400001 11.232628962800000 0.002594471701334 0.002036910119440 0.000666685106614
127 8 15.344557227600006 15.885353364700006 11.232627459799998 0.000621696242312 0.002169792590395 0.001505000610895
135 8 15.344568078800005 13.288790374900007 9.396583635799999 -0.000134938300549 0.000130515214902 -0.000454234150806
143 8 13.095880352600002 14.587079165600008 7.560553499600000 -0.001264356109065 0.000394910816910 -0.003563251067014
151 8 17.593249799300004 14.587055878400003 7.560546762400000 0.001590651679068 0.000755419013204 -0.001604148045947
175 8 13.095867367800004 11.990498335500007 11.232641519100001 -0.002224282435113 0.000232525762878 0.001017278404310
8 1 23.016843666400000 13.288795263500004 11.745737660500000 0.000219163557377 -0.001608437504300 -0.001170283166388
24 1 23.016841158500000 15.503588815399999 8.613540438400001 0.000184613173300 0.000004869039077 -0.000759505483793
32 1 21.098771166600002 12.181395589400003 8.613538384300000 -0.000057767807980 -0.000400976216303 0.000025733561168
47 7 19.180709987699998 13.288788550000005 11.745727975299999 -0.002128927534652 -0.002443313674880 -0.000406165640378
55 7 19.180710411900002 15.503580461900007 8.613540254699998 -0.000828720567768 -0.000080672052228 -0.000959833405749
63 7 21.098782286700004 16.610979775200004 11.745738510299995 -0.003046458364368 -0.002622741479849 -0.008994790789229
71 8 20.768171571100002 14.587074131700003 12.258844262099997 -0.000502874890542 0.003021305763175 -0.000319043140079
79 8 19.180716222899996 17.336616904300001 12.258847990200001 0.001707396628013 -0.002425204894408 -0.000469357265193
87 8 20.768161074900000 16.420097738599999 9.666531706799999 -0.000993009320420 -0.000765018051332 0.003402331850493
103 8 19.180707196099995 13.670551147500003 9.666525792999996 0.000347013547634 0.002194097565021 0.001619949267608
128 8 23.016840597800005 15.885353364700006 11.232627459799998 -0.000642401674618 0.002298575861290 0.002731018471321
136 8 23.016851449000004 13.288790374900007 9.396583635799999 -0.000018523706309 0.000445723128042 0.000567319697300
144 8 20.768163722800004 14.587079165600008 7.560553499600000 -0.001560716936797 0.000988649275377 -0.001150691667591
176 8 20.768150737999996 11.990498335500007 11.232641519100001 -0.001249752119631 0.000160920292752 0.001396960130058
16 1 24.934923982700003 12.181390680000009 8.613533801700001 -0.000115564154762 -0.000216081296616 0.000179681181018
40 7 24.934910533400007 16.610986685300006 11.745734611600000 0.003676040254513 0.000849717238164 -0.006392609405980
48 7 26.852993357900004 13.288788550000005 11.745727975299999 0.001241152256917 -0.001280908207704 -0.000304486451287
56 7 26.852993782099993 15.503580461900007 8.613540254699998 0.000024613348612 0.000402921597394 0.000098327424353
64 7 28.771065656899999 16.610979775200004 11.745738510299995 0.000220055123077 0.000364420181269 -0.000249233495764
72 8 28.440454941300004 14.587074131700003 12.258844262099997 -0.002062567386951 0.000852461146844 -0.001390675722205
80 8 26.852999593099998 17.336616904300001 12.258847990200001 -0.001466158165620 -0.003382992007885 -0.001138699329924
88 8 28.440444445099999 16.420097738599999 9.666531706799999 -0.001711810339941 -0.001137241994969 0.001380710781228
96 8 25.265537252000023 14.587061761100006 12.258833442600000 0.000670726768855 0.002099864164584 -0.000474415412140
104 8 26.852990566300001 13.670551147500003 9.666525792999996 -0.000067419664285 0.001946112831798 0.001448053938915
112 8 25.265535218199997 16.420093920100001 9.666529521300001 0.001293492539903 -0.001345902177230 0.002381336284714
120 8 25.265532498100001 11.990500490400001 11.232628962800000 0.001573097961531 -0.000307641298315 0.001521001917158
152 8 25.265533169500006 14.587055878400003 7.560546762400000 0.001829372719561 0.001041721074649 -0.001473532973299
