ITEM: TIMESTEP
0
ITEM: NUMBER OF ATOMS
176
ITEM: BOX BOUNDS xy xz yz pp pp pp
0.0000000000000000e+00 3.0689133480799999e+01 7.6722833701999980e+00
0.0000000000000000e+00 1.7718379476200003e+01 7.6722833702000024e+00
0.0000000000000000e+00 1.2528786279200000e+01 4.4295948690000015e+00
ITEM: ATOMS id type x y z fx fy fz
25 1 5.754204426199998 3.322205851300000 2.349145244699999 -0.000388236442382 -0.000386815083574 -0.001123042482421
137 8 5.423596982400004 5.727889427500000 1.296160360000000 -0.001270441520736 0.001330539224808 0.000490234553352
161 8 3.836156472199998 2.214796731300001 1.566094450300000 -0.000660281801793 -0.000244889688687 0.001016076875830
169 8 5.423583997600000 3.131308597400002 4.968248379499999 -0.000896192085476 -0.000462398589504 0.000966616026356
1 1 7.672276926000002 4.429605525400001 5.481344520900000 -0.002178502164571 -0.001420403200756 0.000587315565010
9 1 9.590357242299998 3.322200941900001 2.349140662099999 -0.003172382945073 -0.003383101479864 -0.001621870598608
41 7 11.508426617500000 4.429598811900002 5.481334835700000 -0.005261220062262 -0.011260111148192 0.008010534755669
89 8 9.920970511600007 5.727872023000002 5.994440303000000 0.004146897672803 0.002539473681167 -0.004109221295533
97 8 11.508423825899998 4.811361409400002 3.402132653400000 0.003039808574313 0.010529305243383 0.000617751863880
113 8 9.920965757699999 3.131310752300001 4.968235823200000 0.004157044515160 0.002433737579898 0.000832010991278
129 8 7.672284708600001 4.429600636800002 3.132190496199999 0.001175576268741 0.000655140072624 0.000190801538949
145 8 9.920966429100000 5.727866140300000 1.296153622799999 0.010327969436211 0.005937428179084 0.006155800783684
153 8 7.672288882800000 1.833036553300000 1.296161863300000 0.000602954863865 -0.001806907647977 0.000447729337892
162 8 11.508439842400000 2.214796731300001 1.566094450300000 0.000704655842184 0.001909499613787 0.001104661926223
2 1 15.344560296200001 4.429605525400001 5.481344520900000 0.005374818911098 0.003000781992338 0.005059758953955
10 1 17.262640612500000 3.322200941900001 2.349140662099999 0.001773674415712 -0.000792833859942 -0.000232837071375
26 1 13.426487796400002 3.322205851300000 2.349145244699999 0.001901885475011 -0.005503142353188 -0.001288374116064
65 8 13.095888200900001 5.727884393600002 5.994451122499998 -0.010450991384721 -0.009286749701815 -0.014010170757001
90 8 17.593253881800006 5.727872023000002 5.994440303000000 0.003349917709314 -0.001864987133615 -0.002123438468864
114 8 17.593249127900009 3.131310752300001 4.968235823200000 0.001289608733358 -0.001230393807135 0.000934403238352
130 8 15.344568078800005 4.429600636800002 3.132190496199999 -0.002421057070272 0.001983896027411 -0.002010972451231
138 8 13.095880352600009 5.727889427500000 1.296160360000000 -0.004226685253616 0.007652058467461 0.008331679304586
146 8 17.593249799300011 5.727866140300000 1.296153622799999 -0.000559767628336 0.001433106187612 -0.000458419198587
154 8 15.344572252999999 1.833036553300000 1.296161863300000 -0.000696782410672 -0.001199581885380 -0.001199854609823
170 8 13.095867367800004 3.131308597400002 4.968248379499999 -0.003303241037465 0.002065751817378 0.000518201568069
42 7 19.180709987699998 4.429598811900002 5.481334835700000 -0.002352034200837 0.001514013640511 0.001259493113637
66 8 20.768171571100002 5.727884393600002 5.994451122499998 -0.000688221556425 0.000803814212833 -0.001696168629871
98 8 19.180707196099995 4.811361409400002 3.402132653400000 0.000032638293108 0.001711713738990 0.001139210630258
3 1 11.508418611100000 11.073997829000001 5.481344520900000 0.005426896727965 0.002910221808094 0.005059541498124
17 1 7.672274418099999 6.644399077300000 2.349147298800000 -0.004384376675136 -0.001011255644080 -0.001718228954529
27 1 9.590346111300001 9.966598154900002 2.349145244699999 -0.003673975827120 0.004154608905389 -0.001288322989952
33 7 9.590343793000001 7.751796947200008 5.481341472000000 -0.012036530043763 0.001119482122816 0.007782794874010
49 7 11.508427041700001 6.644390723800001 2.349147115100000 -0.035571860112768 -0.020256806557952 -0.029730058452361
73 8 11.508432852700000 8.477427166200002 5.994454850600000 -0.013254623268767 -0.004465373447741 -0.014023094543923
105 8 9.920968477800001 7.560904182000002 3.402136381700000 0.010671856787977 -0.002677956438392 0.000638586224502
121 8 7.672273857400003 7.026163626600007 4.968234320200000 0.004175393065389 0.002286010521952 0.000868460653952
131 8 11.508426393700001 11.073992940400007 3.132190496199999 0.000527949834038 -0.003123939390836 -0.002010949578422
155 8 11.508430567899998 8.477428856900005 1.296161863300000 0.004599387079995 -0.007527879771581 0.008289060885801
163 8 7.672298157300000 8.859189034900005 1.566094450300000 0.001887907133169 -0.000140013725903 0.001104667761383
171 8 9.259725682700001 9.775700901000002 4.968248379499999 0.000089676117369 -0.003811036502486 0.000518253773707
11 1 13.426498927399999 9.966593245500007 2.349140662099999 0.005136979601580 0.021041985170712 -0.004152836172066
18 1 15.344557788300000 6.644399077300000 2.349147298800000 0.020923450178779 -0.006027749703268 -0.004249438616855
28 1 17.262629481500003 9.966598154900002 2.349145244699999 0.002061430209802 0.001027512859247 0.002628994860055
34 7 17.262627163200005 7.751796947200008 5.481341472000000 -0.012149757364844 0.001040908769839 0.007667343163626
43 7 15.344568302600003 11.073991115500002 5.481334835700000 -0.005385443552326 -0.011318350345778 0.007894852734296
57 7 13.421498916499949 7.748903285754080 5.473180404890742 0.069470992436850 0.040389424215621 0.147753928074310
81 8 13.095877704700001 7.560908000500002 3.402138567200000 -0.007438599407137 -0.004320692294929 -0.033585371419591
99 8 15.344565510999997 11.455753713000002 3.402132653400000 -0.000230083462087 0.002194188332417 -0.002936091202282
106 8 17.593251848000001 7.560904182000002 3.402136381700000 0.001818531652927 -0.001342257438241 -0.002915240116873
115 8 13.757107442799997 9.775703055900001 4.968235823200000 -0.006961501256615 -0.011111553728196 -0.011226305207555
122 8 15.344557227600001 7.026163626600007 4.968234320200000 -0.013115180266185 -0.000569921857752 -0.011189406735183
164 8 15.344581527500001 8.859189034900005 1.566094450300000 -0.005202448733024 -0.002867388420083 0.003096295494634
172 8 16.932009052900014 9.775700901000002 4.968248379499999 0.000927895764921 0.000590811792217 -0.001431701000919
4 1 19.180701981300000 11.073997829000001 5.481344520900000 -0.002182531218510 -0.001422766408962 0.000578259406933
12 1 21.098782297600000 9.966593245500007 2.349140662099999 -0.001278994410799 0.000208300507621 0.000182844531668
44 7 23.016851672799998 11.073991115500002 5.481334835700000 -0.002334498088685 0.001506975402488 0.001263523226849
50 7 19.180710411899998 6.644390723800001 2.349147115100000 -0.000307546198327 0.000456411019740 0.000427195745369
58 7 21.098782286699997 7.751790037100004 5.481345370700000 -0.004293166507338 0.001375427517469 0.001176123823333
74 8 19.180716222899989 8.477427166200002 5.994454850600000 0.003728398880466 -0.001508292778384 -0.001969412065300
82 8 20.768161074900000 7.560908000500002 3.402138567200000 -0.000739579195741 -0.001130031530001 0.001349134731535
100 8 23.016848881199998 11.455753713000002 3.402132653400000 0.000768991835281 0.001068473393760 0.001470205230700
116 8 21.429390813000008 9.775703055900001 4.968235823200000 0.002892673450187 -0.000683932365354 0.001109175685311
132 8 19.180709763900005 11.073992940400007 3.132190496199999 0.000261995441664 0.000127692995907 -0.000677390869568
156 8 19.180713938099998 8.477428856900005 1.296161863300000 -0.000062007299083 -0.001707346169158 -0.001564869176645
19 1 11.508416103199997 13.288791380900006 2.349147298800000 0.000331867703336 0.001976971664294 -0.000329196644888
123 8 11.508415542500002 13.670555930200003 4.968234320200000 -0.000431548972337 0.001634799314827 0.000970860492881
139 8 9.259738667499999 12.372281731100001 1.296160360000000 -0.001394363430619 -0.000098720985275 -0.001157354189479
35 7 13.426485478100000 14.396189250800001 5.481341472000000 0.000480500654551 -0.002748164536699 0.001031823704275
51 7 15.344568726800000 13.288783027399999 2.349147115100000 -0.000001587089051 -0.000073531471926 0.000427202252770
59 7 17.262640601600001 14.396182340700005 5.481345370700000 -0.001198492347282 -0.003984673606708 0.001176117199571
67 8 16.932029885999999 12.372276697200000 5.994451122499998 0.000601498487838 0.003943000305399 -0.001956837152963
75 8 15.344574537799998 15.121819469800011 5.994454850600000 0.000364865160462 -0.001055631262471 -0.001708738100621
83 8 16.932019389799994 14.205300304100005 3.402138567200000 -0.001325626441750 -0.000114991739932 0.001349144498747
91 8 13.757112196700003 12.372264326600002 5.994440303000000 -0.000066068311159 0.004051526641826 -0.002123364177460
107 8 13.757110162900000 14.205296485600002 3.402136381700000 0.001532050803857 -0.000873449591608 0.001160113764118
140 8 16.932022037700008 12.372281731100001 1.296160360000000 -0.001516695137783 0.000704888482162 -0.001522359338092
147 8 13.757108114200003 12.372258443900009 1.296153622799999 0.000983261822803 -0.001239559481421 -0.000458400010307
20 1 19.180699473400008 13.288791380900006 2.349147298800000 -0.000327458734572 -0.001167278410789 0.000086480273140
36 7 21.098768848300001 14.396189250800001 5.481341472000000 0.000483167925984 -0.002729515527925 0.001035908021255
52 7 23.016852096999997 13.288783027399999 2.349147115100000 0.000010375667390 0.000286658603728 -0.000138150438359
76 8 23.016857907999988 15.121819469800011 5.994454850600000 -0.000910919367426 -0.002185080545347 -0.001881684802651
92 8 21.429395566900006 12.372264326600002 5.994440303000000 0.002335328107672 0.001493628746550 -0.001698464978547
108 8 21.429393533100004 14.205296485600002 3.402136381700000 0.001343168535647 0.000085860543540 0.001491116816481
124 8 19.180698912699995 13.670555930200003 4.968234320200000 0.000843226001424 0.002749867473119 0.001145618224459
148 8 21.429391484400018 12.372258443900009 1.296153622799999 0.001994723706194 0.001126200776147 -0.001166985102569
60 7 24.934923971800007 14.396182340700005 5.481345370700000 0.000442999449727 0.000536446820511 0.000110847860493
68 8 24.604313256200001 12.372276697200000 5.994451122499998 -0.002304248117505 0.000263683638764 -0.001869099274178
84 8 24.604302760000003 14.205300304100005 3.402138567200000 -0.001821363733671 -0.001077898679746 0.001170552106431
29 1 9.590346111300004 5.537003285800003 8.613538384300000 0.002069285645900 0.001032031726129 0.002615384969874
157 8 11.508430567900000 4.047833987800002 7.560555002900000 -0.000325010327254 -0.001415906335100 -0.006111594956577
165 8 7.672298157300002 4.429594165800001 7.830487589900000 0.000178033670795 0.000239122459165 -0.000765946531947
173 8 9.259725682700003 5.346106031900003 11.232641519100001 -0.002241419729532 -0.001239074991257 0.001539120545608
13 1 13.426498927400001 5.536998376400002 8.613533801700001 0.005087239463816 0.020920694950262 -0.004166301228497
30 1 17.262629481500003 5.537003285800003 8.613538384300000 -0.003670629179960 0.004135618854603 -0.001303834856103
117 8 13.757107442800002 5.346108186800002 11.232628962800000 0.001315630232890 -0.002973095727369 0.003439529237280
166 8 15.344581527500001 4.429594165800001 7.830487589900000 0.000464653071245 -0.003002204679179 -0.002073847767148
174 8 16.932009052900007 5.346106031900003 11.232641519100001 -0.000466121723296 -0.002267873316928 0.002620895279734
14 1 21.098782297600003 5.536998376400002 8.613533801700001 -0.001271937987492 0.000205601414578 0.000180166675775
118 8 21.429390813000005 5.346108186800002 11.232628962800000 0.002044218972922 -0.000568973296373 0.001732902215050
158 8 19.180713938100002 4.047833987800002 7.560555002900000 0.000696641691337 -0.002513830856101 -0.001719737660024
5 1 11.508418611100007 6.644402959900002 11.745737660500000 0.001878042134500 0.000921594299290 -0.002997306911161
21 1 11.508416103199998 8.859196511800004 8.613540438400001 0.020792495078228 -0.006010006829922 -0.004262295097911
125 8 11.508415542500003 9.240961061100004 11.232627459799998 -0.001927769567746 0.002528684313552 0.003475920378664
133 8 11.508426393700002 6.644398071300002 9.396583635799999 -0.005117728384725 -0.002978212925515 0.003193438861156
141 8 9.259738667500002 7.942686862000003 7.560553499600000 -0.001395778858213 0.000331429179761 -0.006069072658092
167 8 11.508439842400001 11.073986469400005 7.830487589900000 -0.002485692258107 0.002107982780721 -0.002073836819075
37 7 13.426485478099996 9.966594381700006 11.745734611600000 0.000772350445792 -0.002564137496111 -0.008083433323237
45 7 15.344568302600001 6.644396246400003 11.745727975299999 -0.002046709815770 0.001674688595619 -0.007855832669605
53 7 15.344568726799995 8.859188158300002 8.613540254699998 -0.035336047727392 -0.020120666089719 -0.029428326223979
61 7 17.262640601600001 9.966587471600000 11.745738510299995 -0.004292863783027 -0.002197800556872 -0.009113834773216
69 8 16.932029886000002 7.942681828100003 12.258844262099997 -0.000040124951971 0.001897926749846 0.000777961390757
77 8 15.344574537800005 10.692224600700005 12.258847990200001 0.001636429753989 -0.001041408481885 0.000765385102850
85 8 16.932019389799990 9.775705435000003 9.666531706799999 0.006937593131662 0.003979093188369 0.008964478504666
93 8 13.757112196700007 7.942669457500004 12.258833442600000 0.001246570884577 0.000865059101774 0.000425759425631
101 8 15.344565511000003 7.026158843900003 9.666525792999996 0.004678758108343 -0.003923829159465 0.011437751517695
109 8 13.757110162900005 9.775701616500001 9.666529521300001 -0.001025488554610 0.005967955069206 0.011458606992207
142 8 16.932022037700005 7.942686862000003 7.560553499600000 0.007408528067420 -0.000978015718187 -0.002525673226870
149 8 13.757108114200001 7.942663574800001 7.560546762400000 -0.003731434744827 -0.002180124515563 -0.032795915436939
159 8 15.344572253000006 10.692226291400004 7.560555002900000 0.002943088044619 0.006863550643788 -0.002568189881846
6 1 19.180701981300004 6.644402959900002 11.745737660500000 -0.001187732021898 -0.000857685335574 -0.002126424187615
22 1 19.180699473400011 8.859196511800004 8.613540438400001 -0.004364171150178 -0.001013166610097 -0.001729002521349
38 7 21.098768848300008 9.966594381700006 11.745734611600000 0.000787715832019 -0.002568842040714 -0.008109109272457
46 7 23.016851672800001 6.644396246400003 11.745727975299999 0.000849638333906 -0.000749243004023 -0.000615362976451
54 7 23.016852096999990 8.859188158300002 8.613540254699998 -0.000285824166108 0.000451217091011 0.000410386185637
78 8 23.016857907999999 10.692224600700005 12.258847990200001 -0.002413312747605 -0.001281265373852 0.000613693446542
94 8 21.429395566900006 7.942669457500004 12.258833442600000 0.000983440212260 0.002777915022136 -0.000042663678028
102 8 23.016848881199998 7.026158843900003 9.666525792999996 0.000006857760039 0.001874547356332 0.001638971469776
110 8 21.429393533100001 9.775701616500001 9.666529521300001 0.001900608939642 -0.000345483816438 0.003680640808148
126 8 19.180698912700002 9.240961061100004 11.232627459799998 0.002106100042039 0.002772487794014 0.003627211925842
134 8 19.180709763900005 6.644398071300002 9.396583635799999 0.001959620075342 -0.000250281972545 0.001196776864167
150 8 21.429391484400004 7.942663574800001 7.560546762400000 0.002608637229001 0.000807896021890 -0.001475844073976
160 8 23.016855623200005 10.692226291400004 7.560555002900000 -0.000045838619143 -0.001867500600633 -0.002053170920514
168 8 19.180723212599993 11.073986469400005 7.830487589900000 0.001092826406763 0.000767296939490 0.000109428331893
62 7 24.934923971800000 9.966587471600000 11.745738510299995 0.003582374408750 -0.001276064605957 -0.002171429170515
70 8 24.604313256200005 7.942681828100003 12.258844262099997 -0.002767596437231 0.000852268500069 -0.000970457817857
86 8 24.604302759999996 9.775705435000003 9.666531706799999 -0.003913571090231 -0.000503127549006 0.002376755716982
7 1 15.344560296200003 13.288795263500004 11.745737660500000 -0.001195747316961 -0.000843750705010 -0.002126384348906
15 1 17.262640612500000 12.181390680000009 8.613533801700001 -0.003163866195230 -0.003364655004276 -0.001632618194692
23 1 15.344557788300000 15.503588815399999 8.613540438400001 -0.000326261105637 -0.001159785077486 0.000083804885975
31 1 13.426487796399995 12.181395589400003 8.613538384300000 0.001887115812158 -0.005490573533109 -0.001303831109708
39 7 17.262627163200005 16.610986685300006 11.745734611600000 0.000121299717273 0.001156134606759 -0.000842986220595
95 8 17.593253881800010 14.587061761100006 12.258833442600000 0.002771627225560 -0.000319265292815 -0.000042672547206
111 8 17.593251848000001 16.420093920100001 9.666529521300001 0.001660171113263 -0.000977194570479 0.001659872288858
119 8 17.593249127900002 11.990500490400001 11.232628962800000 0.003543692659661 0.000398420955389 0.003590760594649
127 8 15.344557227600006 15.885353364700006 11.232627459799998 0.000518553424121 0.001957602178105 0.001769342539665
135 8 15.344568078800005 13.288790374900007 9.396583635799999 0.000783455807222 0.001786844909925 0.001196768376290
143 8 13.095880352600002 14.587079165600008 7.560553499600000 -0.001835803508126 0.001765116240117 -0.001677239011378
151 8 17.593249799300004 14.587055878400003 7.560546762400000 0.002026024802925 0.001817036127393 -0.001475856585373
175 8 13.095867367800004 11.990498335500007 11.232641519100001 -0.002244729648033 0.000812786002871 0.002620873901131
8 1 23.016843666400000 13.288795263500004 11.745737660500000 0.001886830707544 0.000926712354139 -0.002998675731620
24 1 23.016841158500000 15.503588815399999 8.613540438400001 0.000329088602825 0.001979203403997 -0.000337571035167
32 1 21.098771166600002 12.181395589400003 8.613538384300000 -0.000379844263701 -0.000381971212357 -0.001129106263684
47 7 19.180709987699998 13.288788550000005 11.745727975299999 -0.002043067923048 0.001690419729570 -0.007881411303828
55 7 19.180710411900002 15.503580461900007 8.613540254699998 0.000004794929747 -0.000052108642719 0.000410376058392
63 7 21.098782286700004 16.610979775200004 11.745738510299995 0.000443002090445 0.004161481211448 -0.002171437617005
71 8 20.768171571100002 14.587074131700003 12.258844262099997 -0.002272723742711 -0.001489313112368 0.000626225178298
79 8 19.180716222899996 17.336616904300001 12.258847990200001 -0.000632862389962 -0.002880625424227 -0.000983023668028
87 8 20.768161074900000 16.420097738599999 9.666531706799999 -0.002369705531265 -0.003177189888052 0.002376762968603
103 8 19.180707196099995 13.670551147500003 9.666525792999996 0.000674145904547 0.001766915204765 0.003659743229412
128 8 23.016840597800005 15.885353364700006 11.232627459799998 -0.000152730665842 0.000925966529974 0.001873978757756
136 8 23.016851449000004 13.288790374900007 9.396583635799999 -0.000586168183958 -0.000362001107302 0.001111911562138
144 8 20.768163722800004 14.587079165600008 7.560553499600000 -0.001647314224950 0.000798955316976 -0.002010676497788
176 8 20.768150737999996 11.990498335500007 11.232641519100001 -0.001992401600662 -0.001095315090134 0.003093155533362
16 1 24.934923982700003 12.181390680000009 8.613533801700001 0.001774152091038 -0.000796332024765 -0.000241189025001
40 7 24.934910533400007 16.610986685300006 11.745734611600000 0.000122579382731 0.001146840771279 -0.000837427301358
48 7 26.852993357900004 13.288788550000005 11.745727975299999 0.000842200384357 -0.000743458798114 -0.000609769864337
56 7 26.852993782099993 15.503580461900007 8.613540254699998 0.000008016326998 0.000285313260570 -0.000143104765261
64 7 28.771065656899999 16.610979775200004 11.745738510299995 -0.000440993638204 0.000026069445330 -0.000398147183573
72 8 28.440454941300004 14.587074131700003 12.258844262099997 -0.001537646272155 0.000913744323064 -0.001073831330640
80 8 26.852999593099998 17.336616904300001 12.258847990200001 0.000035352741087 -0.001846201560226 -0.001086397222052
88 8 28.440444445099999 16.420097738599999 9.666531706799999 -0.001360524594576 -0.000811832395710 0.001659365109981
96 8 25.265537252000023 14.587061761100006 12.258833442600000 0.000992459507992 0.000718343271493 -0.001129935784963
104 8 26.852990566300001 13.670551147500003 9.666525792999996 -0.000620483995307 0.002381488523027 0.001998375134863
112 8 25.265535218199997 16.420093920100001 9.666529521300001 0.001785539491778 -0.001773947573107 0.002019269276340
120 8 25.265532498100001 11.990500490400001 11.232628962800000 0.000815155111533 -0.000634517796151 0.001837533350213
152 8 25.265533169500006 14.587055878400003 7.560546762400000 0.001535264353964 0.000860932188137 -0.001651134968903
