ITEM: TIMESTEP
0
ITEM: NUMBER OF ATOMS
176
ITEM: BOX BOUNDS xy xz yz pp pp pp
0.0000000000000000e+00 3.0689133480799999e+01 7.6722833701999980e+00
0.0000000000000000e+00 1.7718379476200003e+01 7.6722833702000024e+00
0.0000000000000000e+00 1.2528786279200000e+01 4.4295948690000015e+00
ITEM: ATOMS id type x y z fx fy fz
25 1 5.754204426199998 3.322205851300000 2.349145244699999 0.013175673084966 -0.001742929529952 0.004538313708482
137 8 5.423596982400004 5.727889427500000 1.296160360000000 -0.003559888573837 0.001425699820505 -0.000469628825687
161 8 3.836156472199998 2.214796731300001 1.566094450300000 -0.002549054192916 0.000264489221687 0.000983541570037
169 8 5.433583997600000 3.131308597400002 4.968248379499999 -0.085007234793774 0.054346351961431 0.001070024108328
1 1 7.672276926000002 4.429605525400001 5.481344520900000 -0.000978645031010 -0.009940488217067 -0.004647594776100
9 1 9.590357242299998 3.322200941900001 2.349140662099999 -0.003530408108655 0.000854204202584 0.003001978181151
41 7 11.508426617500000 4.429598811900002 5.481334835700000 -0.005173285870925 -0.000645734436638 0.000057201000342
89 8 9.920970511600007 5.727872023000002 5.994440303000000 0.006291059082609 0.004037251535978 -0.000604266570963
97 8 11.508423825899998 4.811361409400002 3.402132653400000 0.000918367126117 0.002073127745165 0.001216853895976
113 8 9.920965757699999 3.131310752300001 4.968235823200000 0.005561437502787 -0.001103157301703 0.000743984176281
129 8 7.672284708600001 4.429600636800002 3.132190496199999 0.003062409290393 0.003644359803967 -0.008195461564757
145 8 9.920966429100000 5.727866140300000 1.296153622799999 0.002207190210820 0.001498454821533 -0.002105137220785
153 8 7.672288882800000 1.833036553300000 1.296161863300000 -0.000000767801962 -0.001839371260722 -0.003039326656518
162 8 11.508439842400000 2.214796731300001 1.566094450300000 0.001006979348775 -0.000333366528248 -0.000541908402467
2 1 15.344560296200001 4.429605525400001 5.481344520900000 -0.005612350818939 0.000149180915225 0.000252058416142
10 1 17.262640612500000 3.322200941900001 2.349140662099999 -0.002210252593490 -0.001509517969023 -0.005157515720790
26 1 13.426487796400002 3.322205851300000 2.349145244699999 -0.001764044821383 -0.000324485864109 -0.000373245952807
65 8 13.095888200900001 5.727884393600002 5.994451122499998 0.000490389720390 0.000851149154612 -0.001177911180919
90 8 17.593253881800006 5.727872023000002 5.994440303000000 0.017768484931418 -0.013367647948173 -0.006148532612459
114 8 17.593249127900009 3.131310752300001 4.968235823200000 0.014227239970764 0.004007426042479 0.002826545134676
130 8 15.344568078800005 4.429600636800002 3.132190496199999 0.001893401466823 -0.000271036235855 0.001276711731922
138 8 13.095880352600009 5.727889427500000 1.296160360000000 -0.000865914428031 0.000755873335816 -0.001612169627410
146 8 17.593249799300011 5.727866140300000 1.296153622799999 0.002397925736927 0.000502910004903 0.000647824789276
154 8 15.344572252999999 1.833036553300000 1.296161863300000 0.000441212867508 -0.001519088664578 -0.001027482044380
170 8 13.095867367800004 3.131308597400002 4.968248379499999 0.000419649225769 -0.001072227097699 0.001351441603196
42 7 19.180709987699998 4.429598811900002 5.481334835700000 0.029418205747756 -0.011516293583474 -0.002883085815716
66 8 20.768171571100002 5.727884393600002 5.994451122499998 -0.013828501854156 -0.002197316854241 -0.002705769777607
98 8 19.180707196099995 4.811361409400002 3.402132653400000 0.003053922464203 -0.008892968070105 0.016481277744710
3 1 11.508418611100000 11.073997829000001 5.481344520900000 0.001157428503047 -0.001123637529235 0.000193862288577
17 1 7.672274418099999 6.644399077300000 2.349147298800000 0.001023299058161 -0.003586113876826 0.001780341299354
27 1 9.590346111300001 9.966598154900002 2.349145244699999 0.000137772667320 -0.000720457258008 0.000030695976101
33 7 9.590343793000001 7.751796947200008 5.481341472000000 -0.000670129152990 -0.003191942842777 0.000025014804394
49 7 11.508427041700001 6.644390723800001 2.349147115100000 -0.001307611555935 -0.000464119820513 0.000594730619944
73 8 11.508432852700000 8.477427166200002 5.994454850600000 0.000394166998306 -0.001262406540635 -0.001084288921997
105 8 9.920968477800001 7.560904182000002 3.402136381700000 0.001744711472046 -0.000467080960147 0.001346091148044
121 8 7.672273857400003 7.026163626600007 4.968234320200000 -0.001418893647420 0.005146133119346 0.001259829893287
131 8 11.508426393700001 11.073992940400007 3.132190496199999 -0.000265469080222 0.000376314350676 0.000225702751182
155 8 11.508430567899998 8.477428856900005 1.296161863300000 0.000143052766889 -0.001507634191700 -0.001800473977585
163 8 7.672298157300000 8.859189034900005 1.566094450300000 -0.000311300253378 0.000746896948168 -0.000114847374310
171 8 9.259725682700001 9.775700901000002 4.968248379499999 -0.001746194852911 0.000194279106972 0.001337491088959
11 1 13.426498927399999 9.966593245500007 2.349140662099999 0.000125329260448 0.000699269415764 0.000155262277402
18 1 15.344557788300000 6.644399077300000 2.349147298800000 -0.001167176453133 0.001016326580440 -0.001180977494039
28 1 17.262629481500003 9.966598154900002 2.349145244699999 -0.000270039641616 0.001291640699112 -0.000161301133452
34 7 17.262627163200005 7.751796947200008 5.481341472000000 -0.001398364313635 0.008774241575562 -0.001297279834273
43 7 15.344568302600003 11.073991115500002 5.481334835700000 -0.001146016842047 0.003199361726788 0.000525747054174
57 7 13.426498916499998 7.751790037100004 5.481345370700000 -0.002154462877909 0.000995151486846 -0.000112797498765
81 8 13.095877704700001 7.560908000500002 3.402138567200000 -0.000515951389240 -0.000750333802353 0.001265515416568
99 8 15.344565510999997 11.455753713000002 3.402132653400000 0.000405068419710 0.000447950991165 0.001461111958954
106 8 17.593251848000001 7.560904182000002 3.402136381700000 0.002091990150791 -0.002244970427833 0.002394853532913
115 8 13.757107442799997 9.775703055900001 4.968235823200000 0.001588761599020 -0.001701370945765 0.001215961546457
122 8 15.344557227600001 7.026163626600007 4.968234320200000 0.002470964409558 0.000657488183473 0.002083652338373
164 8 15.344581527500001 8.859189034900005 1.566094450300000 0.000115362720117 -0.000515387613253 0.000233840323357
172 8 16.932009052900014 9.775700901000002 4.968248379499999 -0.000564689307718 -0.003742288327558 0.001453625938256
4 1 19.180701981300000 11.073997829000001 5.481344520900000 -0.000443900413335 0.001195014882521 -0.000022503712894
12 1 21.098782297600000 9.966593245500007 2.349140662099999 0.000134737441642 0.000206749288203 -0.000092558272775
44 7 23.016851672799998 11.073991115500002 5.481334835700000 -0.000767632915594 -0.001042810091445 0.000089674437504
50 7 19.180710411899998 6.644390723800001 2.349147115100000 0.002200692751883 0.006011152268478 -0.004808932421335
58 7 21.098782286699997 7.751790037100004 5.481345370700000 0.003506582781520 0.001088357264141 -0.000509843590605
74 8 19.180716222899989 8.477427166200002 5.994454850600000 -0.001384121538352 -0.003062052261917 -0.001602580396966
82 8 20.768161074900000 7.560908000500002 3.402138567200000 -0.003447419557058 -0.001700725913968 0.001487974593806
100 8 23.016848881199998 11.455753713000002 3.402132653400000 0.000101696630422 0.002153925667677 0.001606974186439
116 8 21.429390813000008 9.775703055900001 4.968235823200000 0.001548903441267 -0.001017530300830 0.001436873182404
132 8 19.180709763900005 11.073992940400007 3.132190496199999 0.000065984156309 -0.000598584192467 0.000084755584074
156 8 19.180713938099998 8.477428856900005 1.296161863300000 -0.000204265841091 -0.003511341579292 -0.000526267625556
19 1 11.508416103199997 13.288791380900006 2.349147298800000 0.002509285769424 -0.000950897481777 -0.001009133925607
123 8 11.508415542500002 13.670555930200003 4.968234320200000 -0.003130284803735 0.005666892111540 0.001150998750236
139 8 9.259738667499999 12.372281731100001 1.296160360000000 -0.001735676044296 0.001026825828583 -0.001186411182793
35 7 13.426485478100000 14.396189250800001 5.481341472000000 0.017853838798237 0.004124019272449 -0.001471145904678
51 7 15.344568726800000 13.288783027399999 2.349147115100000 -0.001864100012619 0.003329431202965 0.002777820029117
59 7 17.262640601600001 14.396182340700005 5.481345370700000 -0.008911041195271 0.004987917742853 0.001572255408675
67 8 16.932029885999999 12.372276697200000 5.994451122499998 -0.001213366220598 -0.001687764362357 -0.001185349297364
75 8 15.344574537799998 15.121819469800011 5.994454850600000 0.015554108380712 -0.015049921224646 0.006622440194738
83 8 16.932019389799994 14.205300304100005 3.402138567200000 -0.001008131915177 -0.001848724438988 0.000036978316485
91 8 13.757112196700003 12.372264326600002 5.994440303000000 0.003005210475796 -0.005205440885227 0.000016975171285
107 8 13.757110162900000 14.205296485600002 3.402136381700000 -0.000504048180214 -0.007603102892156 -0.004431876642130
140 8 16.932022037700008 12.372281731100001 1.296160360000000 -0.000925156857502 0.000160893869973 -0.002513535135107
147 8 13.757108114200003 12.372258443900009 1.296153622799999 0.001142639758605 0.000116004942616 -0.002369786201390
20 1 19.180699473400008 13.288791380900006 2.349147298800000 -0.000992929001764 0.000500330145843 0.000496179036338
36 7 21.098768848300001 14.396189250800001 5.481341472000000 -0.002835099536671 -0.000841824179848 -0.000258348025339
52 7 23.016852096999997 13.288783027399999 2.349147115100000 -0.001390804652382 -0.000884333494750 -0.000838815627843
76 8 23.016857907999988 15.121819469800011 5.994454850600000 0.002377949392979 -0.000909466967792 -0.001879317422635
92 8 21.429395566900006 12.372264326600002 5.994440303000000 0.002128190219409 0.001146397674601 -0.001338068691410
108 8 21.429393533100004 14.205296485600002 3.402136381700000 0.002300780845564 -0.000854686596717 0.001591210545601
124 8 19.180698912699995 13.670555930200003 4.968234320200000 0.003050456507758 0.000957070783845 0.000949407516763
148 8 21.429391484400018 12.372258443900009 1.296153622799999 0.002202246944524 0.001135473504356 -0.001207592240403
60 7 24.934923971800007 14.396182340700005 5.481345370700000 -0.004037725039852 -0.008668261488144 0.001982685503288
68 8 24.604313256200001 12.372276697200000 5.994451122499998 -0.001287264678132 0.002676866992678 -0.001662966409718
84 8 24.604302760000003 14.205300304100005 3.402138567200000 -0.001052039096926 0.000611707257599 0.002976211360677
29 1 9.590346111300004 5.537003285800003 8.613538384300000 -0.000946354837039 -0.001177990389927 -0.002064945932370
157 8 11.508430567900000 4.047833987800002 7.560555002900000 0.000826818498469 -0.001876395423035 -0.001137002794989
165 8 7.672298157300002 4.429594165800001 7.830487589900000 -0.000486113496518 0.001461634302616 0.006648740159007
173 8 9.259725682700003 5.346106031900003 11.232641519100001 -0.001679816925830 -0.000747362054317 0.001883385989408
13 1 13.426498927400001 5.536998376400002 8.613533801700001 -0.001650258558883 0.000280267887193 0.000369215030967
30 1 17.262629481500003 5.537003285800003 8.613538384300000 -0.001479383210276 0.001163996910778 0.004064601570850
117 8 13.757107442800002 5.346108186800002 11.232628962800000 0.001800880350124 -0.000901231006409 0.001058592489221
166 8 15.344581527500001 4.429594165800001 7.830487589900000 0.001093259162488 0.000321937908377 -0.001138498042834
174 8 16.932009052900007 5.346106031900003 11.232641519100001 -0.001330903100295 -0.001194644166255 0.000352473142730
14 1 21.098782297600003 5.536998376400002 8.613533801700001 0.004278365444880 -0.000177221176366 0.000364277861926
118 8 21.429390813000005 5.346108186800002 11.232628962800000 0.001746087597967 -0.000774602769111 0.001441137811087
158 8 19.180713938100002 4.047833987800002 7.560555002900000 -0.000404924816800 -0.001145008075711 -0.012403013444518
5 1 11.508418611100007 6.644402959900002 11.745737660500000 0.000650079258104 -0.000252097787550 -0.000602117959318
21 1 11.508416103199998 8.859196511800004 8.613540438400001 0.000160877593764 -0.000429106460185 -0.000481241887929
125 8 11.508415542500003 9.240961061100004 11.232627459799998 -0.000027729810796 0.002049904063455 0.001501505605109
133 8 11.508426393700002 6.644398071300002 9.396583635799999 0.000648014990189 0.000351549873106 0.000576187105142
141 8 9.259738667500002 7.942686862000003 7.560553499600000 -0.001662321574425 0.001517652333889 -0.001190395639902
167 8 11.508439842400001 11.073986469400005 7.830487589900000 -0.000785909108048 -0.000106073341581 0.000159999876445
37 7 13.426485478099996 9.966594381700006 11.745734611600000 0.000881647679791 -0.000500047178226 0.000049330537956
45 7 15.344568302600001 6.644396246400003 11.745727975299999 -0.000577471252950 0.000216380994143 0.002508316329430
53 7 15.344568726799995 8.859188158300002 8.613540254699998 -0.000835322172833 0.001757792230035 0.000627298372089
61 7 17.262640601600001 9.966587471600000 11.745738510299995 -0.000413423702530 0.000051901119350 0.000831924000682
69 8 16.932029886000002 7.942681828100003 12.258844262099997 -0.001814152596549 0.000597804750320 -0.002118941174598
77 8 15.344574537800005 10.692224600700005 12.258847990200001 -0.000681560648779 -0.001971375976713 -0.001638681366781
85 8 16.932019389799990 9.775705435000003 9.666531706799999 -0.001176378275019 -0.001115076214002 0.000747297693338
93 8 13.757112196700007 7.942669457500004 12.258833442600000 0.001633091977551 0.001346039981450 -0.002368928778880
101 8 15.344565511000003 7.026158843900003 9.666525792999996 0.000553214703214 0.001167776271293 0.000550003694576
109 8 13.757110162900005 9.775701616500001 9.666529521300001 0.001287136292568 -0.001032999760749 0.001590747618907
142 8 16.932022037700005 7.942686862000003 7.560553499600000 -0.000886297019701 -0.001125293438453 -0.003212818390677
149 8 13.757108114200001 7.942663574800001 7.560546762400000 0.002165275039633 0.000773294466818 -0.001448798998637
159 8 15.344572253000006 10.692226291400004 7.560555002900000 0.000198005771697 -0.002661778430995 -0.001091421736698
6 1 19.180701981300004 6.644402959900002 11.745737660500000 -0.000093230297665 0.000220850266447 0.001051080654373
22 1 19.180699473400011 8.859196511800004 8.613540438400001 0.000496229623513 0.001058437520644 0.000496353842455
38 7 21.098768848300008 9.966594381700006 11.745734611600000 -0.000482576321735 -0.000055269019575 0.000137233423962
46 7 23.016851672800001 6.644396246400003 11.745727975299999 -0.000409208087668 -0.000495418226599 -0.000585609472820
54 7 23.016852096999990 8.859188158300002 8.613540254699998 0.000699252512318 -0.000191707197458 -0.000254013933283
78 8 23.016857907999999 10.692224600700005 12.258847990200001 -0.000034057000378 -0.001968496421471 -0.000855757923957
94 8 21.429395566900006 7.942669457500004 12.258833442600000 0.001847857732014 0.000996025837889 -0.001239619030837
102 8 23.016848881199998 7.026158843900003 9.666525792999996 -0.000472750840171 0.001864256089985 0.002096743938627
110 8 21.429393533100001 9.775701616500001 9.666529521300001 0.001181751295760 -0.000912271386338 0.001604898857216
126 8 19.180698912700002 9.240961061100004 11.232627459799998 0.000440531595740 0.001719246321079 0.001061809365057
134 8 19.180709763900005 6.644398071300002 9.396583635799999 -0.000853132009430 -0.000729970734906 -0.000993492767097
150 8 21.429391484400004 7.942663574800001 7.560546762400000 0.000995667573316 0.000775598407074 -0.001641262789464
160 8 23.016855623200005 10.692226291400004 7.560555002900000 0.000161764196935 -0.001421321764569 -0.001852264848541
168 8 19.180723212599993 11.073986469400005 7.830487589900000 0.000104453424645 -0.000525587375096 0.000023909432197
62 7 24.934923971800000 9.966587471600000 11.745738510299995 -0.000196510270712 0.000173515301722 -0.001654245198764
70 8 24.604313256200005 7.942681828100003 12.258844262099997 -0.001732435256979 0.000742816903834 -0.000416972128505
86 8 24.604302759999996 9.775705435000003 9.666531706799999 -0.000718983030204 -0.000189303317702 0.001092712391649
7 1 15.344560296200003 13.288795263500004 11.745737660500000 0.000278555370460 -0.000220699997171 -0.000452595501789
15 1 17.262640612500000 12.181390680000009 8.613533801700001 -0.000653100495284 0.001175421928274 -0.000858081593374
23 1 15.344557788300000 15.503588815399999 8.613540438400001 0.000994619885829 0.000586778145117 -0.005161709798248
31 1 13.426487796399995 12.181395589400003 8.613538384300000 0.001132171073081 0.000243286865419 -0.000843679223215
39 7 17.262627163200005 16.610986685300006 11.745734611600000 0.000203859692651 -0.000287782254136 -0.001038115430042
95 8 17.593253881800010 14.587061761100006 12.258833442600000 0.001629593320174 0.001159557295542 -0.001162727099837
111 8 17.593251848000001 16.420093920100001 9.666529521300001 0.001840681314835 -0.000911853057910 0.002476509596878
119 8 17.593249127900002 11.990500490400001 11.232628962800000 0.001933238968052 -0.000685145764723 0.001367116616373
127 8 15.344557227600006 15.885353364700006 11.232627459799998 0.000044170100487 0.002066270193591 0.002073778603334
135 8 15.344568078800005 13.288790374900007 9.396583635799999 -0.000283334116096 -0.000768282539468 0.000819334935595
143 8 13.095880352600002 14.587079165600008 7.560553499600000 -0.005359174272033 0.001062339633985 0.001585442533020
151 8 17.593249799300004 14.587055878400003 7.560546762400000 0.003891797960235 0.000610516324523 0.000584069652547
175 8 13.095867367800004 11.990498335500007 11.232641519100001 -0.001997569267333 -0.000840454613952 0.001526678171346
8 1 23.016843666400000 13.288795263500004 11.745737660500000 -0.000071849128416 0.000064397872969 -0.000004270843855
24 1 23.016841158500000 15.503588815399999 8.613540438400001 -0.001183860195967 -0.000818278240445 0.001118392368663
32 1 21.098771166600002 12.181395589400003 8.613538384300000 -0.000235275389510 -0.000025164993660 -0.000070973964648
47 7 19.180709987699998 13.288788550000005 11.745727975299999 -0.000478755837512 -0.000174248785203 0.000174798318195
55 7 19.180710411900002 15.503580461900007 8.613540254699998 -0.001964939226543 0.000402939711352 -0.001142913143021
63 7 21.098782286700004 16.610979775200004 11.745738510299995 -0.000217717026308 0.000528050409512 0.000559299009211
71 8 20.768171571100002 14.587074131700003 12.258844262099997 -0.001719527655201 0.000497451305764 -0.001363119461895
79 8 19.180716222899996 17.336616904300001 12.258847990200001 -0.000417341326456 -0.001829203849567 -0.001130798182080
87 8 20.768161074900000 16.420097738599999 9.666531706799999 -0.000510108281693 -0.000653210803322 0.001097788065808
103 8 19.180707196099995 13.670551147500003 9.666525792999996 0.000343444064186 0.001325232724693 0.001992081321334
128 8 23.016840597800005 15.885353364700006 11.232627459799998 0.000509339637442 0.001858387570719 0.000935941347763
136 8 23.016851449000004 13.288790374900007 9.396583635799999 0.000397150186279 0.000345605179434 -0.000309312616489
144 8 20.768163722800004 14.587079165600008 7.560553499600000 -0.000499917032416 0.000812128926557 -0.001810643950984
176 8 20.768150737999996 11.990498335500007 11.232641519100001 -0.001497146073568 -0.000863044618969 0.001313385506378
16 1 24.934923982700003 12.181390680000009 8.613533801700001 -0.000007830125278 -0.000648234915356 0.000346525795747
40 7 24.934910533400007 16.610986685300006 11.745734611600000 -0.000143382523544 0.000033170576540 0.001911448667178
48 7 26.852993357900004 13.288788550000005 11.745727975299999 0.000077828986800 0.000120549092734 0.000205723136887
56 7 26.852993782099993 15.503580461900007 8.613540254699998 0.002402045302464 -0.004978189763914 0.004448557989662
64 7 28.771065656899999 16.610979775200004 11.745738510299995 0.000182540775965 0.000022418534087 0.000326265201305
72 8 28.440454941300004 14.587074131700003 12.258844262099997 -0.001968987896100 0.000625381718032 -0.001400492831370
80 8 26.852999593099998 17.336616904300001 12.258847990200001 -0.000280177357839 -0.002008574254965 -0.001773160017416
88 8 28.440444445099999 16.420097738599999 9.666531706799999 -0.003468299068485 -0.000775842662859 0.001059612577041
96 8 25.265537252000023 14.587061761100006 12.258833442600000 0.001706208929550 0.000906035195153 -0.001502252518220
104 8 26.852990566300001 13.670551147500003 9.666525792999996 -0.000495812899451 0.002513670601976 0.001268257092572
112 8 25.265535218199997 16.420093920100001 9.666529521300001 0.002006833509044 -0.000493938540132 0.000035463901510
120 8 25.265532498100001 11.990500490400001 11.232628962800000 0.001916191181279 -0.000873172278972 0.001453293437077
152 8 25.265533169500006 14.587055878400003 7.560546762400000 0.001681672502062 0.001904980079933 -0.002709114645851
