ITEM: TIMESTEP
0
ITEM: NUMBER OF ATOMS
176
ITEM: BOX BOUNDS xy xz yz pp pp pp
0.0000000000000000e+00 3.0689133480799999e+01 7.6722833701999980e+00
0.0000000000000000e+00 1.7718379476200003e+01 7.6722833702000024e+00
0.0000000000000000e+00 1.2528786279200000e+01 4.4295948690000015e+00
ITEM: ATOMS id type x y z fx fy fz
25 1 5.754204426199998 3.322205851300000 2.349145244699999 -0.002158735097081 -0.002402816458982 -0.002804573435585
137 8 5.423596982400004 5.727889427500000 1.296160360000000 -0.001230141361489 0.000880251339925 0.000322404185842
161 8 3.836156472199998 2.214796731300001 1.566094450300000 0.000885093881688 0.000989208026410 0.000626613061333
169 8 5.423583997600000 3.131308597400002 4.968248379499999 0.000820558739828 0.002671589220399 0.001816886165845
1 1 7.672276926000002 4.429605525400001 5.481344520900000 0.008078145586954 -0.008180942263491 0.004245216154405
9 1 9.590357242299998 3.322200941900001 2.349140662099999 0.003294066134493 -0.000748104152767 -0.001608749268027
41 7 11.508426617500000 4.429598811900002 5.481334835700000 0.000921974603894 0.003605333287693 0.000751272595939
89 8 9.920970511600007 5.727872023000002 5.994440303000000 -0.002089035143782 -0.011282397551967 -0.000516542811870
97 8 11.508423825899998 4.811361409400002 3.402132653400000 -0.000514130338770 -0.000115478829004 0.001588053889715
113 8 9.920965757699999 3.131310752300001 4.968235823200000 -0.002128550370016 -0.000103450238068 0.001392897646392
129 8 7.672284708600001 4.429600636800002 3.132190496199999 -0.001659551142977 0.005624903822184 0.009071250020724
145 8 9.920966429100000 5.727866140300000 1.296153622799999 -0.000129627418367 -0.000363268482827 -0.002004074751479
153 8 7.672288882800000 1.833036553300000 1.296161863300000 -0.000233973589819 -0.000901992436958 -0.000637885317930
162 8 11.508439842400000 2.214796731300001 1.566094450300000 -0.000869512379213 0.000369051528759 0.000189992773170
2 1 15.344560296200001 4.429605525400001 5.481344520900000 -0.001293062569271 0.000100599273526 -0.000100117621480
10 1 17.262640612500000 3.322200941900001 2.349140662099999 -0.001113291101827 -0.000589229607900 -0.000458253896063
26 1 13.426487796400002 3.322205851300000 2.349145244699999 0.000088051877763 0.000325149122113 0.000158175899863
65 8 13.095888200900001 5.727884393600002 5.994451122499998 -0.001213944529921 -0.000877026521541 -0.001226230357226
90 8 17.593253881800006 5.727872023000002 5.994440303000000 0.003820152770804 0.000341833894975 -0.001550748788445
114 8 17.593249127900009 3.131310752300001 4.968235823200000 0.004092007216858 0.001297658990493 0.001854435756689
130 8 15.344568078800005 4.429600636800002 3.132190496199999 0.000503542810980 -0.000173542293266 0.000122306964528
138 8 13.095880352600009 5.727889427500000 1.296160360000000 -0.000284992312016 -0.000187717972548 -0.002650770561628
146 8 17.593249799300011 5.727866140300000 1.296153622799999 0.002714760368832 0.001279916307252 -0.000369602947896
154 8 15.344572252999999 1.833036553300000 1.296161863300000 0.000074162574514 -0.001319627508668 -0.001793549743189
170 8 13.095867367800004 3.131308597400002 4.968248379499999 -0.001633261837207 -0.001150128263596 0.001270387407826
42 7 19.180709987699998 4.429598811900002 5.481334835700000 -0.008693482620744 -0.005212427845728 -0.001305816331909
66 8 20.768171571100002 5.727884393600002 5.994451122499998 0.017326088097826 0.007383065082975 -0.009783244036959
98 8 19.180707196099995 4.811361409400002 3.402132653400000 0.001416889866989 0.001944045963207 0.003035516908201
3 1 11.508418611100000 11.073997829000001 5.481344520900000 -0.002766638104305 -0.004798682987067 -0.000420521217371
17 1 7.672274418099999 6.644399077300000 2.349147298800000 0.008059627818899 0.009387064035244 -0.006209643181693
27 1 9.590346111300001 9.966598154900002 2.349145244699999 0.000479181251630 -0.002730313427120 0.005190886913165
33 7 9.590343793000001 7.751796947200008 5.481341472000000 0.026062012940328 0.019337353221551 0.003091616625724
49 7 11.508427041700001 6.644390723800001 2.349147115100000 -0.003943954774995 0.005149025505885 0.004738391482001
73 8 11.508432852700000 8.477427166200002 5.994454850600000 0.021297767364786 0.005100781607808 0.003516917853016
105 8 9.920968477800001 7.560904182000002 3.402136381700000 0.012267677404592 -0.004218821760559 -0.013759989615118
121 8 7.677273857400017 7.034823880637843 4.968234320200000 -0.091541701518086 -0.047794646507216 -0.002598317308588
131 8 11.508426393700001 11.073992940400007 3.132190496199999 0.001188430087686 0.001497649964247 -0.001179696312289
155 8 11.508430567899998 8.477428856900005 1.296161863300000 0.000746056923363 -0.001652235368550 -0.003482412014325
163 8 7.672298157300000 8.859189034900005 1.566094450300000 -0.001520318013204 -0.002196530059111 -0.001373493315864
171 8 9.259725682700001 9.775700901000002 4.968248379499999 0.001117614576964 0.013799597661262 0.000045587381917
11 1 13.426498927399999 9.966593245500007 2.349140662099999 -0.001799522968738 -0.000786961739912 0.001084035898006
18 1 15.344557788300000 6.644399077300000 2.349147298800000 -0.001337342791695 0.000232181363673 0.000119655623320
28 1 17.262629481500003 9.966598154900002 2.349145244699999 -0.000193815805602 0.000265919508542 -0.000260050697750
34 7 17.262627163200005 7.751796947200008 5.481341472000000 -0.003032287761790 0.000683258446097 -0.000288849213459
43 7 15.344568302600003 11.073991115500002 5.481334835700000 -0.001871598397054 -0.001426902826294 -0.000005527690540
57 7 13.426498916499998 7.751790037100004 5.481345370700000 -0.008816841632923 0.003205354790120 0.001310931059645
81 8 13.095877704700001 7.560908000500002 3.402138567200000 -0.000081110389626 -0.001223739645055 0.000607265737897
99 8 15.344565510999997 11.455753713000002 3.402132653400000 0.000412947941202 0.001848876564096 0.001117380523393
106 8 17.593251848000001 7.560904182000002 3.402136381700000 0.002826931993569 -0.001247059787680 0.001648001038614
115 8 13.757107442799997 9.775703055900001 4.968235823200000 0.004133257834242 0.000503944695490 0.000624880004928
122 8 15.344557227600001 7.026163626600007 4.968234320200000 0.003243414937526 0.001349445514909 0.001302048922757
164 8 15.344581527500001 8.859189034900005 1.566094450300000 0.000528390085882 0.000153988693976 -0.000082336040667
172 8 16.932009052900014 9.775700901000002 4.968248379499999 -0.001031343792627 -0.001597680233841 0.001422878907952
4 1 19.180701981300000 11.073997829000001 5.481344520900000 0.001274649612420 0.000491137753395 -0.000337769264772
12 1 21.098782297600000 9.966593245500007 2.349140662099999 0.001813658273676 0.001600337428496 0.000928767491571
44 7 23.016851672799998 11.073991115500002 5.481334835700000 0.005696995365031 -0.006372829988716 -0.001581429408654
50 7 19.180710411899998 6.644390723800001 2.349147115100000 -0.003790055786270 0.000234615446341 -0.002911797828616
58 7 21.098782286699997 7.751790037100004 5.481345370700000 0.005877313949298 0.016762630477429 0.000945805875663
74 8 19.180716222899989 8.477427166200002 5.994454850600000 0.005328311599305 -0.003793553940536 -0.002760980295331
82 8 20.768161074900000 7.560908000500002 3.402138567200000 0.003334522096563 -0.006628023405823 0.007266236158714
100 8 23.016848881199998 11.455753713000002 3.402132653400000 -0.001060732557291 0.003426935178529 -0.000178678782171
116 8 21.429390813000008 9.775703055900001 4.968235823200000 -0.003823917512947 -0.000527899101281 0.001836284043365
132 8 19.180709763900005 11.073992940400007 3.132190496199999 -0.000542348117821 -0.000066928766466 -0.000111143997418
156 8 19.180713938099998 8.477428856900005 1.296161863300000 0.000421287823353 -0.002913286522312 -0.000510498387949
19 1 11.508416103199997 13.288791380900006 2.349147298800000 -0.000653110297284 -0.001862804020027 0.000337142722103
123 8 11.508415542500002 13.670555930200003 4.968234320200000 0.001408656430053 0.003697024929545 0.001438693221313
139 8 9.259738667499999 12.372281731100001 1.296160360000000 -0.001616088258292 0.001437473348711 -0.002248151818181
35 7 13.426485478100000 14.396189250800001 5.481341472000000 -0.001852176722669 -0.004560190736231 0.000303469128626
51 7 15.344568726800000 13.288783027399999 2.349147115100000 -0.000120126486868 -0.001310744777564 -0.000547369782628
59 7 17.262640601600001 14.396182340700005 5.481345370700000 0.002182615526445 -0.001980331760457 0.000113460360718
67 8 16.932029885999999 12.372276697200000 5.994451122499998 -0.001825240555036 0.001787365247526 -0.001433942005711
75 8 15.344574537799998 15.121819469800011 5.994454850600000 -0.000495082096300 0.003731812201903 -0.002269231403429
83 8 16.932019389799994 14.205300304100005 3.402138567200000 -0.001821886983664 -0.000151248179209 0.001815791273188
91 8 13.757112196700003 12.372264326600002 5.994440303000000 0.002470806697523 0.003291572823706 -0.001287378115678
107 8 13.757110162900000 14.205296485600002 3.402136381700000 0.001683978831710 0.000500944766567 0.002038577807105
140 8 16.932022037700008 12.372281731100001 1.296160360000000 -0.001788378375727 0.000995705747499 -0.001463594707308
147 8 13.757108114200003 12.372258443900009 1.296153622799999 0.002172662544107 0.001487869825850 -0.001369461355242
20 1 19.180699473400008 13.288791380900006 2.349147298800000 0.000594189941907 -0.000412709266672 -0.000080829381737
36 7 21.098768848300001 14.396189250800001 5.481341472000000 0.000805682589030 -0.000945849749044 0.000162434447995
52 7 23.016852096999997 13.288783027399999 2.349147115100000 0.000192935829365 -0.001350394404490 0.000735950116031
76 8 23.016857907999988 15.121819469800011 5.994454850600000 -0.000080929556388 -0.001380342377594 -0.001422183385279
92 8 21.429395566900006 12.372264326600002 5.994440303000000 -0.000028822916461 0.002688644444022 -0.000963246625863
108 8 21.429393533100004 14.205296485600002 3.402136381700000 0.001252793546531 -0.000546684879417 0.001532659984839
124 8 19.180698912699995 13.670555930200003 4.968234320200000 -0.000785495367555 0.002430202376029 0.001485402540994
148 8 21.429391484400018 12.372258443900009 1.296153622799999 0.001435138936538 0.001046932874440 -0.001824936772280
60 7 24.934923971800007 14.396182340700005 5.481345370700000 -0.001036774342089 -0.002711380959505 0.000294118778012
68 8 24.604313256200001 12.372276697200000 5.994451122499998 -0.001245000769105 0.003730351223397 -0.000872047253862
84 8 24.604302760000003 14.205300304100005 3.402138567200000 -0.001275158919158 -0.000221303347164 0.001433590289221
29 1 9.590346111300004 5.537003285800003 8.613538384300000 0.002574304943984 0.003599054937441 -0.000455939637725
157 8 11.508430567900000 4.047833987800002 7.560555002900000 -0.000172394889890 -0.002443717788615 -0.001588773747269
165 8 7.672298157300002 4.429594165800001 7.830487589900000 -0.001515855770443 0.000033951504371 -0.006718071014400
173 8 9.259725682700003 5.346106031900003 11.232641519100001 -0.001664723243887 -0.000940443094762 0.001349065650407
13 1 13.426498927400001 5.536998376400002 8.613533801700001 -0.001078188421915 0.000630162826666 -0.000805563902654
30 1 17.262629481500003 5.537003285800003 8.613538384300000 -0.000908348856143 -0.000263090013398 0.000593082301957
117 8 13.757107442800002 5.346108186800002 11.232628962800000 0.002103356978640 -0.000751978545573 0.001602423926318
166 8 15.344581527500001 4.429594165800001 7.830487589900000 0.000526453714796 0.000297948972707 0.000137188281089
174 8 16.932009052900007 5.346106031900003 11.232641519100001 -0.001677219628076 -0.000819277107024 0.001197727326439
14 1 21.098782297600003 5.536998376400002 8.613533801700001 -0.000281230028830 0.001004148654939 0.005059044335712
118 8 21.429390813000005 5.346108186800002 11.232628962800000 0.001531208359127 -0.000854733077479 0.000809922644560
158 8 19.180713938100002 4.047833987800002 7.560555002900000 0.001329025149894 -0.000071119963867 -0.003755655280601
5 1 11.508418611100007 6.644402959900002 11.745737660500000 -0.000254786214913 -0.000093798699710 -0.001196404273780
21 1 11.508416103199998 8.859196511800004 8.613540438400001 -0.001598941035463 -0.000872332517568 -0.004019539619043
125 8 11.508415542500003 9.240961061100004 11.232627459799998 0.000601806946304 0.002104503374908 0.002508591668503
133 8 11.508426393700002 6.644398071300002 9.396583635799999 0.000183773594935 -0.001178837916674 0.001124032178074
141 8 9.259738667500002 7.942686862000003 7.560553499600000 -0.001750176164988 0.001429509400545 0.010432823038298
167 8 11.508439842400001 11.073986469400005 7.830487589900000 0.000391730269835 0.001569309542789 0.001342126908268
37 7 13.426485478099996 9.966594381700006 11.745734611600000 -0.000388111942917 -0.000045499729735 -0.002133152384785
45 7 15.344568302600001 6.644396246400003 11.745727975299999 -0.000163183659653 -0.000253642942916 -0.000943781737621
53 7 15.344568726799995 8.859188158300002 8.613540254699998 -0.001833309840882 -0.000154399016996 -0.000674989173935
61 7 17.262640601600001 9.966587471600000 11.745738510299995 0.000724148147057 0.000804153411697 0.000133936232732
69 8 16.932029886000002 7.942681828100003 12.258844262099997 -0.001808852982967 0.000655617695186 -0.000712509938932
77 8 15.344574537800005 10.692224600700005 12.258847990200001 -0.000496068866489 -0.001741931807297 -0.000153666205823
85 8 16.932019389799990 9.775705435000003 9.666531706799999 -0.001383779793234 -0.000761568961189 0.001514294716802
93 8 13.757112196700007 7.942669457500004 12.258833442600000 0.001542135537931 0.001323507106685 -0.000128534840397
101 8 15.344565511000003 7.026158843900003 9.666525792999996 0.000436506109918 0.000643476511031 0.001187257685939
109 8 13.757110162900005 9.775701616500001 9.666529521300001 0.002157928022190 -0.000243620399069 0.002675896941004
142 8 16.932022037700005 7.942686862000003 7.560553499600000 -0.000845874113118 0.000447451855636 -0.002204216935540
149 8 13.757108114200001 7.942663574800001 7.560546762400000 0.003901353955185 0.000489458867437 0.000200125475567
159 8 15.344572253000006 10.692226291400004 7.560555002900000 0.000396305637247 -0.001419600454082 -0.001560405664117
6 1 19.180701981300004 6.644402959900002 11.745737660500000 0.000276542460814 -0.000003390993379 0.000307127236490
22 1 19.180699473400011 8.859196511800004 8.613540438400001 0.000031587999881 0.000964002500072 0.000939753758324
38 7 21.098768848300008 9.966594381700006 11.745734611600000 0.000226917004465 0.000274315388409 0.000165467060245
46 7 23.016851672800001 6.644396246400003 11.745727975299999 0.000151547042896 0.000217174178927 -0.000005820400314
54 7 23.016852096999990 8.859188158300002 8.613540254699998 0.005713556090013 0.000473199975022 -0.003211519674379
78 8 23.016857907999999 10.692224600700005 12.258847990200001 -0.000078557561661 -0.001899979149686 -0.001252812446284
94 8 21.429395566900006 7.942669457500004 12.258833442600000 0.001558695990878 0.000902218915970 -0.001288600302572
102 8 23.016848881199998 7.026158843900003 9.666525792999996 -0.001054007072983 0.000196600451457 0.002372764680308
110 8 21.429393533100001 9.775701616500001 9.666529521300001 0.000521131388108 -0.000767768929357 0.002001237011648
126 8 19.180698912700002 9.240961061100004 11.232627459799998 0.000016695487941 0.001722634183745 0.001295710208019
134 8 19.180709763900005 6.644398071300002 9.396583635799999 0.000450847584306 -0.000691515308113 -0.000702059795618
150 8 21.429391484400004 7.942663574800001 7.560546762400000 -0.001019255098735 -0.001533638568588 -0.003469582700837
160 8 23.016855623200005 10.692226291400004 7.560555002900000 -0.000885102813352 -0.000981109494957 0.000009867944204
168 8 19.180723212599993 11.073986469400005 7.830487589900000 -0.000396677686727 -0.000180920779770 0.000101043863368
62 7 24.934923971800000 9.966587471600000 11.745738510299995 -0.000461473212463 -0.000024394330185 -0.001781208254041
70 8 24.604313256200005 7.942681828100003 12.258844262099997 -0.001707410237072 0.000679965190521 -0.000994257435253
86 8 24.604302759999996 9.775705435000003 9.666531706799999 -0.001657726479945 -0.000215492231250 0.003159854538148
7 1 15.344560296200003 13.288795263500004 11.745737660500000 0.000511955338344 0.000185786734396 0.000500187297522
15 1 17.262640612500000 12.181390680000009 8.613533801700001 0.000026863662513 -0.000393544390835 0.000235060550880
23 1 15.344557788300000 15.503588815399999 8.613540438400001 0.000468747336348 -0.001579016151280 0.001833313987760
31 1 13.426487796399995 12.181395589400003 8.613538384300000 -0.000687757771306 -0.001408863622076 -0.000514180667802
39 7 17.262627163200005 16.610986685300006 11.745734611600000 0.000354337381549 -0.000207262909075 0.001032862930172
95 8 17.593253881800010 14.587061761100006 12.258833442600000 0.001434868178639 0.001256418888229 -0.002016481464788
111 8 17.593251848000001 16.420093920100001 9.666529521300001 0.001107392685948 -0.000914716067433 0.001047329295787
119 8 17.593249127900002 11.990500490400001 11.232628962800000 0.001550578406586 -0.001042611326290 0.001287565719079
127 8 15.344557227600006 15.885353364700006 11.232627459799998 0.000025401600299 0.001938590828322 0.000885825072047
135 8 15.344568078800005 13.288790374900007 9.396583635799999 -0.000050462076441 0.000634333082243 -0.000505609327899
143 8 13.095880352600002 14.587079165600008 7.560553499600000 -0.001124885931229 0.001498015034577 -0.002202498076826
151 8 17.593249799300004 14.587055878400003 7.560546762400000 0.001092955885896 0.001220496184315 -0.001912358038897
175 8 13.095867367800004 11.990498335500007 11.232641519100001 -0.001539786385669 -0.001044077799693 0.001681343580663
8 1 23.016843666400000 13.288795263500004 11.745737660500000 -0.000124076930985 -0.000213092731040 -0.000169753700263
24 1 23.016841158500000 15.503588815399999 8.613540438400001 -0.000163435126608 -0.000426055916769 -0.000040665289545
32 1 21.098771166600002 12.181395589400003 8.613538384300000 0.001017024666688 -0.000505325780118 -0.000488321059733
47 7 19.180709987699998 13.288788550000005 11.745727975299999 -0.000178411928009 -0.000152502239841 0.001436945937161
55 7 19.180710411900002 15.503580461900007 8.613540254699998 0.000606326563644 0.000250044316831 0.000194545832258
63 7 21.098782286700004 16.610979775200004 11.745738510299995 -0.000369312527389 -0.000103395009864 0.000105922636026
71 8 20.768171571100002 14.587074131700003 12.258844262099997 -0.001363355862977 0.001077422931503 -0.001597424628834
79 8 19.180716222899996 17.336616904300001 12.258847990200001 -0.000069574699004 -0.001674900608600 -0.001493876741722
87 8 20.768161074900000 16.420097738599999 9.666531706799999 -0.001503173903729 -0.000816027647807 0.001449896343197
103 8 19.180707196099995 13.670551147500003 9.666525792999996 -0.000117708112765 0.001476442527164 0.000888763049616
128 8 23.016840597800005 15.885353364700006 11.232627459799998 0.000297458327012 0.002095823681979 0.001442982615804
136 8 23.016851449000004 13.288790374900007 9.396583635799999 -0.000131735060667 0.000533003321149 0.000454525455392
144 8 20.768163722800004 14.587079165600008 7.560553499600000 -0.001835547868997 0.001093054580677 -0.001435117883191
176 8 20.768150737999996 11.990498335500007 11.232641519100001 -0.001495668428092 -0.000913479825917 0.001180010453882
16 1 24.934923982700003 12.181390680000009 8.613533801700001 -0.000260628087877 -0.001569453929323 -0.001216473711437
40 7 24.934910533400007 16.610986685300006 11.745734611600000 0.000099299590354 -0.000206144554775 0.000207050145559
48 7 26.852993357900004 13.288788550000005 11.745727975299999 -0.000477807410082 0.000039772970671 -0.000598428513802
56 7 26.852993782099993 15.503580461900007 8.613540254699998 -0.001181141580275 -0.001607626557614 0.001050084640505
64 7 28.771065656899999 16.610979775200004 11.745738510299995 0.000077842259533 0.000260038041922 0.001183543788697
72 8 28.440454941300004 14.587074131700003 12.258844262099997 -0.001864980545485 0.000678122179728 -0.001506777000579
80 8 26.852999593099998 17.336616904300001 12.258847990200001 -0.000346169186028 -0.001819278801354 -0.001595884647565
88 8 28.440444445099999 16.420097738599999 9.666531706799999 -0.001403922663666 -0.000504273307994 0.000544526011670
96 8 25.265537252000023 14.587061761100006 12.258833442600000 0.001628017842588 0.001148440782139 -0.001119677490688
104 8 26.852990566300001 13.670551147500003 9.666525792999996 0.000290679713439 0.001928911696023 0.001199054739740
112 8 25.265535218199997 16.420093920100001 9.666529521300001 0.001893376808509 -0.000459061861301 0.001151030506015
120 8 25.265532498100001 11.990500490400001 11.232628962800000 0.001961866584993 -0.000576635119701 0.001843383988473
152 8 25.265533169500006 14.587055878400003 7.560546762400000 0.002256334553918 0.001917692177929 -0.001174131173646
