ITEM: TIMESTEP
0
ITEM: NUMBER OF ATOMS
176
ITEM: BOX BOUNDS xy xz yz pp pp pp
0.0000000000000000e+00 3.0689133480799999e+01 7.6722833701999980e+00
0.0000000000000000e+00 1.7718379476200003e+01 7.6722833702000024e+00
0.0000000000000000e+00 1.2528786279200000e+01 4.4295948690000015e+00
ITEM: ATOMS id type x y z fx fy fz
25 1 5.754204426199998 3.322205851300000 2.349145244699999 -0.000913731607374 -0.001170348187205 -0.000175522853628
137 8 5.423596982400004 5.727889427500000 1.296160360000000 -0.000350248954133 0.000657296808944 -0.001372333282746
161 8 3.836156472199998 2.214796731300001 1.566094450300000 -0.000290507618170 0.000963723105687 -0.000217570857597
169 8 5.423583997600000 3.131308597400002 4.968248379499999 -0.000870853628603 -0.000043167148833 0.000907538980955
1 1 7.672276926000002 4.429605525400001 5.481344520900000 -0.001254436988383 -0.000757636596991 0.001006865043496
9 1 9.590357242299998 3.322200941900001 2.349140662099999 -0.003341360446691 -0.004751275354112 -0.000074589545821
41 7 11.508426617500000 4.429598811900002 5.481334835700000 -0.001152588926982 -0.003919720561250 0.009228489081562
89 8 9.920970511600007 5.727872023000002 5.994440303000000 0.002403508407487 0.000547874725678 -0.002669765119786
97 8 11.508423825899998 4.811361409400002 3.402132653400000 0.003690306829998 0.013993719720439 -0.002486595326489
113 8 9.920965757699999 3.131310752300001 4.968235823200000 0.003202709071262 0.001465274932652 0.000265249870925
129 8 7.672284708600001 4.429600636800002 3.132190496199999 0.001416194530585 0.000509813526533 -0.000533006586716
145 8 9.920966429100000 5.727866140300000 1.296153622799999 0.017905019624745 0.010305221704274 0.010643849091849
153 8 7.672288882800000 1.833036553300000 1.296161863300000 0.000858909868052 0.000279353957696 -0.001706090850237
162 8 11.508439842400000 2.214796731300001 1.566094450300000 -0.000060046743853 0.002268725207859 0.000602908794479
2 1 15.344560296200001 4.429605525400001 5.481344520900000 0.002367585779101 0.001415638338455 0.000422749015409
10 1 17.262640612500000 3.322200941900001 2.349140662099999 0.000603120508903 0.000202613039678 0.000018968904128
26 1 13.426487796400002 3.322205851300000 2.349145244699999 0.003835459875949 -0.004559068502272 -0.000330344159206
65 8 13.095888200900001 5.727884393600002 5.994451122499998 -0.004318299410623 -0.001692123271105 -0.005093878304973
90 8 17.593253881800006 5.727872023000002 5.994440303000000 0.002373330719402 -0.000057129421101 -0.000870052094522
114 8 17.593249127900009 3.131310752300001 4.968235823200000 0.001459449638396 -0.000755951647575 0.001381858664804
130 8 15.344568078800005 4.429600636800002 3.132190496199999 -0.002121090678603 -0.001653753132745 0.000228484599492
138 8 13.095880352600009 5.727889427500000 1.296160360000000 -0.009203544296642 0.008656849231839 0.013424367440034
146 8 17.593249799300011 5.727866140300000 1.296153622799999 0.002504525196108 0.000565915079785 -0.001968211972684
154 8 15.344572252999999 1.833036553300000 1.296161863300000 -0.000842541363453 -0.001305043599880 -0.001350283772877
170 8 13.095867367800004 3.131308597400002 4.968248379499999 -0.003040704389485 0.000583781874859 0.000341113295169
42 7 19.180709987699998 4.429598811900002 5.481334835700000 -0.000735179552075 0.000250347605671 0.000083742678654
66 8 20.768171571100002 5.727884393600002 5.994451122499998 -0.001223437448149 0.000723579531996 -0.001574802765071
98 8 19.180707196099995 4.811361409400002 3.402132653400000 0.000337716826263 0.001580638148356 0.001552001220464
3 1 11.508418611100000 11.073997829000001 5.481344520900000 0.004556824667492 -0.001597276701201 -0.002411221849284
17 1 7.672274418099999 6.644399077300000 2.349147298800000 -0.004453676457361 0.000613336913252 0.000164390577588
27 1 9.590346111300001 9.966598154900002 2.349145244699999 0.002186675825346 0.003885377012713 0.000254167453928
33 7 9.590343793000001 7.751796947200008 5.481341472000000 -0.000672823628658 0.003360635138449 0.006390307602773
49 7 11.508427041700001 6.644390723800001 2.349147115100000 0.020523631608428 0.022447005645973 0.009744344515879
73 8 11.508432852700000 8.477427166200002 5.994454850600000 -0.004828849316357 -0.003651268588637 -0.000629243455863
105 8 9.920968477800001 7.560904182000002 3.402136381700000 0.009986955712131 -0.006175519257162 -0.002647367562789
121 8 7.672273857400003 7.026163626600007 4.968234320200000 0.001567997770915 0.001573902268113 0.000535635137855
131 8 11.508426393700001 11.073992940400007 3.132190496199999 -0.006060807764426 0.003002801331139 0.000988198630320
155 8 11.508430567899998 8.477428856900005 1.296161863300000 -0.004173107056927 -0.013350027000971 0.000659142040923
163 8 7.672298157300000 8.859189034900005 1.566094450300000 0.000552751853464 -0.001256542716342 0.000278872982322
171 8 9.259725682700001 9.775700901000002 4.968248379499999 -0.002283372982024 -0.002643506823804 0.001010451055377
11 1 13.426498927399999 9.966593245500007 2.349140662099999 0.005888779024604 -0.004729851782862 0.007804852832500
18 1 15.344557788300000 6.644399077300000 2.349147298800000 0.003326383048061 0.013043987631449 0.003062932051336
28 1 17.262629481500003 9.966598154900002 2.349145244699999 -0.004169231115083 -0.001461914557959 0.000160910942995
34 7 17.262627163200005 7.751796947200008 5.481341472000000 -0.003839837234476 0.000263120775380 -0.001999067943420
43 7 15.344568302600003 11.073991115500002 5.481334835700000 -0.007196241453561 -0.006057457983888 -0.003783404901966
57 7 13.426498916499998 7.751790037100004 5.481345370700000 0.008621757628522 0.015443305786112 -0.004446917492478
81 8 13.100877704700018 7.569568254537838 3.402138567200000 -0.059049520971014 -0.064079817512792 -0.050699078117867
99 8 15.344565510999997 11.455753713000002 3.402132653400000 0.002533177567983 0.004655435774412 0.001637535620925
106 8 17.593251848000001 7.560904182000002 3.402136381700000 0.002743851470516 -0.001527146699955 0.001128670725980
115 8 13.757107442799997 9.775703055900001 4.968235823200000 0.006931189948678 0.014527306540652 0.016431331766247
122 8 15.344557227600001 7.026163626600007 4.968234320200000 0.006012342840678 -0.003891443166603 0.005749287011132
164 8 15.344581527500001 8.859189034900005 1.566094450300000 0.007128252639054 -0.000531450871561 -0.006245960505173
172 8 16.932009052900014 9.775700901000002 4.968248379499999 0.000091319744743 -0.001173904882984 0.001681097119001
4 1 19.180701981300000 11.073997829000001 5.481344520900000 -0.001031549674059 -0.000665802691943 -0.000443748699440
12 1 21.098782297600000 9.966593245500007 2.349140662099999 -0.001254915501923 0.000417045569497 0.000124138478553
44 7 23.016851672799998 11.073991115500002 5.481334835700000 -0.000198811492763 0.000402856922087 0.000482755989519
50 7 19.180710411899998 6.644390723800001 2.349147115100000 -0.002262783825544 0.000966878576816 0.000480788611077
58 7 21.098782286699997 7.751790037100004 5.481345370700000 -0.001958102703791 0.000769569918743 0.000538012484455
74 8 19.180716222899989 8.477427166200002 5.994454850600000 0.000994988001314 -0.001893782299440 -0.001145515304776
82 8 20.768161074900000 7.560908000500002 3.402138567200000 -0.000592697960155 -0.001208930855291 0.001426147587037
100 8 23.016848881199998 11.455753713000002 3.402132653400000 -0.000038582424414 0.001734627773103 0.001560135257775
116 8 21.429390813000008 9.775703055900001 4.968235823200000 0.002104298034551 -0.000969888723339 0.001336859475417
132 8 19.180709763900005 11.073992940400007 3.132190496199999 0.001075138093185 0.000607109894946 0.000283700874604
156 8 19.180713938099998 8.477428856900005 1.296161863300000 0.000548118147057 -0.002202316425947 -0.001780841448809
19 1 11.508416103199997 13.288791380900006 2.349147298800000 0.001493629023079 -0.002204875108813 0.000329257864010
123 8 11.508415542500002 13.670555930200003 4.968234320200000 -0.000387584702673 0.002511085276953 0.001743333674714
139 8 9.259738667499999 12.372281731100001 1.296160360000000 -0.002327227804834 0.000614020038493 -0.001513386892179
35 7 13.426485478100000 14.396189250800001 5.481341472000000 0.000155839164645 -0.002160351151546 -0.000546832370436
51 7 15.344568726800000 13.288783027399999 2.349147115100000 -0.002310474086217 -0.004312451763935 0.000476593755102
59 7 17.262640601600001 14.396182340700005 5.481345370700000 -0.001279730580040 -0.002730208093394 0.000639707868739
67 8 16.932029885999999 12.372276697200000 5.994451122499998 0.000296279914671 0.002780352664790 -0.000720522751153
75 8 15.344574537799998 15.121819469800011 5.994454850600000 0.000445692139067 -0.001085606848738 -0.001525232199382
83 8 16.932019389799994 14.205300304100005 3.402138567200000 -0.000568428694816 0.000798499576336 0.001643705349480
91 8 13.757112196700003 12.372264326600002 5.994440303000000 0.001193333151434 0.003798619119232 -0.000351664913981
107 8 13.757110162900000 14.205296485600002 3.402136381700000 0.001615096363848 0.000080206337589 0.001797722590532
140 8 16.932022037700008 12.372281731100001 1.296160360000000 -0.000973519072170 0.001438789755701 -0.002003588485032
147 8 13.757108114200003 12.372258443900009 1.296153622799999 0.002615770829516 0.005880393786397 -0.003917389507834
20 1 19.180699473400008 13.288791380900006 2.349147298800000 -0.000542867499947 -0.001973336489752 0.000088473958961
36 7 21.098768848300001 14.396189250800001 5.481341472000000 0.000566178834303 -0.001734353853701 0.000768181987508
52 7 23.016852096999997 13.288783027399999 2.349147115100000 0.000553047221912 -0.000464558767497 0.000120550733716
76 8 23.016857907999988 15.121819469800011 5.994454850600000 -0.000743834944564 -0.001825743628661 -0.001519573977094
92 8 21.429395566900006 12.372264326600002 5.994440303000000 0.001659940995957 0.001578285157925 -0.001443793269308
108 8 21.429393533100004 14.205296485600002 3.402136381700000 0.001229740254581 -0.000142589695157 0.001497352242552
124 8 19.180698912699995 13.670555930200003 4.968234320200000 0.000548820565565 0.002501747311357 0.001394329010909
148 8 21.429391484400018 12.372258443900009 1.296153622799999 0.001790834345582 0.001225936415986 -0.001261727940714
60 7 24.934923971800007 14.396182340700005 5.481345370700000 0.000716472844329 -0.000373655820898 -0.000142598167460
68 8 24.604313256200001 12.372276697200000 5.994451122499998 -0.002445071892507 0.000891761006077 -0.001391508723371
84 8 24.604302760000003 14.205300304100005 3.402138567200000 -0.002146330727699 -0.000714831782589 0.001514782766893
29 1 9.590346111300004 5.537003285800003 8.613538384300000 0.000194028723241 0.000086569593743 0.000692291106742
157 8 11.508430567900000 4.047833987800002 7.560555002900000 -0.000160936112387 -0.001184534597687 -0.003589004434544
165 8 7.672298157300002 4.429594165800001 7.830487589900000 0.000308779765233 0.000328041175788 -0.000507128760138
173 8 9.259725682700003 5.346106031900003 11.232641519100001 -0.001105042339237 -0.000149180591363 0.000468418611776
13 1 13.426498927400001 5.536998376400002 8.613533801700001 0.000458441171785 0.000871917724809 0.001106041132792
30 1 17.262629481500003 5.537003285800003 8.613538384300000 0.000027844424305 0.000336313285031 -0.000641831508655
117 8 13.757107442800002 5.346108186800002 11.232628962800000 0.001663634445627 0.000063248950376 0.000862964374567
166 8 15.344581527500001 4.429594165800001 7.830487589900000 -0.000468233642100 0.000011534699707 -0.000357765811245
174 8 16.932009052900007 5.346106031900003 11.232641519100001 -0.000982896606358 0.000014227956489 0.001055273145343
14 1 21.098782297600003 5.536998376400002 8.613533801700001 -0.000337379449084 -0.000088014138121 -0.000080135803481
118 8 21.429390813000005 5.346108186800002 11.232628962800000 0.001466756231197 -0.000317581345854 0.001604863123376
158 8 19.180713938100002 4.047833987800002 7.560555002900000 0.000007275727087 -0.001780794323788 -0.001434346316962
5 1 11.508418611100007 6.644402959900002 11.745737660500000 0.000611659518160 -0.000282280402332 0.000106733782957
21 1 11.508416103199998 8.859196511800004 8.613540438400001 0.001125417341299 0.000407760843017 -0.000603587585400
125 8 11.508415542500003 9.240961061100004 11.232627459799998 0.000093849995432 0.001593973797104 0.001562280773657
133 8 11.508426393700002 6.644398071300002 9.396583635799999 -0.000460059482630 -0.000576795411223 0.000303318145148
141 8 9.259738667500002 7.942686862000003 7.560553499600000 -0.001849731317989 0.000311718784573 -0.002401834243081
167 8 11.508439842400001 11.073986469400005 7.830487589900000 -0.000631434763990 0.000085082349647 0.000919256800688
37 7 13.426485478099996 9.966594381700006 11.745734611600000 -0.001115877990966 -0.000121731624317 -0.001234107864916
45 7 15.344568302600001 6.644396246400003 11.745727975299999 -0.001289535071834 -0.001665968372801 -0.000580701646113
53 7 15.344568726799995 8.859188158300002 8.613540254699998 -0.001789242416284 0.000037153735442 -0.002992383253399
61 7 17.262640601600001 9.966587471600000 11.745738510299995 -0.002488887886797 -0.000372922962819 -0.008772657325187
69 8 16.932029886000002 7.942681828100003 12.258844262099997 -0.000833077916292 0.002763360639635 -0.000059962254761
77 8 15.344574537800005 10.692224600700005 12.258847990200001 0.001956730038571 -0.002404170319838 -0.000165976306707
85 8 16.932019389799990 9.775705435000003 9.666531706799999 -0.000373274302653 -0.000450889121955 0.004195097279375
93 8 13.757112196700007 7.942669457500004 12.258833442600000 0.001942963598322 0.001372224688560 -0.001182751905215
101 8 15.344565511000003 7.026158843900003 9.666525792999996 0.000334086478150 0.001337801704805 0.002358803041034
109 8 13.757110162900005 9.775701616500001 9.666529521300001 0.001490211800352 -0.000573859959586 0.002553344068040
142 8 16.932022037700005 7.942686862000003 7.560553499600000 -0.000960481644913 0.000838521818712 -0.000389949768211
149 8 13.757108114200001 7.942663574800001 7.560546762400000 0.003133569609458 0.001786864210612 0.005003663952939
159 8 15.344572253000006 10.692226291400004 7.560555002900000 0.000746001118106 -0.001622888660027 0.000685150915820
6 1 19.180701981300004 6.644402959900002 11.745737660500000 0.000101712046189 -0.001521379413481 -0.001489323083682
22 1 19.180699473400011 8.859196511800004 8.613540438400001 -0.000435445640058 -0.000310209896044 -0.001364579984647
38 7 21.098768848300008 9.966594381700006 11.745734611600000 0.003612882754003 0.000653742870432 -0.007056378656871
46 7 23.016851672800001 6.644396246400003 11.745727975299999 0.001185128800007 -0.000833857645845 -0.000319849472486
54 7 23.016852096999990 8.859188158300002 8.613540254699998 -0.000027384514111 0.000432937785661 -0.000196421912086
78 8 23.016857907999999 10.692224600700005 12.258847990200001 -0.002356353057816 -0.003001152810190 -0.001656705493847
94 8 21.429395566900006 7.942669457500004 12.258833442600000 0.000425417036197 0.002517017978674 -0.000228924149954
102 8 23.016848881199998 7.026158843900003 9.666525792999996 0.000064981757304 0.001871262188427 0.001657112206982
110 8 21.429393533100001 9.775701616500001 9.666529521300001 0.001072863898421 -0.000797355875342 0.003542748385612
126 8 19.180698912700002 9.240961061100004 11.232627459799998 0.000189581107028 0.002468029487574 0.002972982760675
134 8 19.180709763900005 6.644398071300002 9.396583635799999 0.000048428331690 0.000170306650794 0.000713881004496
150 8 21.429391484400004 7.942663574800001 7.560546762400000 0.001960422151229 0.000964458656901 -0.001264432731322
160 8 23.016855623200005 10.692226291400004 7.560555002900000 -0.000123881864972 -0.001993135808401 -0.001567386254626
168 8 19.180723212599993 11.073986469400005 7.830487589900000 0.000094008203911 0.000069624069855 0.000514434583739
62 7 24.934923971800000 9.966587471600000 11.745738510299995 0.000228736138658 0.000690587994940 0.000420026746315
70 8 24.604313256200005 7.942681828100003 12.258844262099997 -0.002009028016158 0.000556984984370 -0.001566855188656
86 8 24.604302759999996 9.775705435000003 9.666531706799999 -0.001987040133809 -0.001173723970684 0.001483634959050
7 1 15.344560296200003 13.288795263500004 11.745737660500000 -0.000448259701463 0.000716925269347 -0.000969871392624
15 1 17.262640612500000 12.181390680000009 8.613533801700001 -0.000834886831986 -0.000230377573242 -0.001152164639712
23 1 15.344557788300000 15.503588815399999 8.613540438400001 -0.000111688026306 -0.000456984741352 -0.000092968813332
31 1 13.426487796399995 12.181395589400003 8.613538384300000 0.000328516818222 -0.000736117692309 -0.001428543550027
39 7 17.262627163200005 16.610986685300006 11.745734611600000 0.000933792512774 0.000466817317700 0.000310112626721
95 8 17.593253881800010 14.587061761100006 12.258833442600000 0.001514641367787 0.000268960394949 -0.001249046187101
111 8 17.593251848000001 16.420093920100001 9.666529521300001 0.001735234889509 -0.000757130272271 0.001130240086382
119 8 17.593249127900002 11.990500490400001 11.232628962800000 0.001717159475258 -0.002021112633933 0.002386957634786
127 8 15.344557227600006 15.885353364700006 11.232627459799998 -0.000005244947727 0.001529499938215 0.001453167491205
135 8 15.344568078800005 13.288790374900007 9.396583635799999 0.000217333876779 0.000060183095607 0.000653519325658
143 8 13.095880352600002 14.587079165600008 7.560553499600000 -0.001678049331679 0.001181681552935 -0.001040093465212
151 8 17.593249799300004 14.587055878400003 7.560546762400000 0.001967972510917 0.001447370258061 -0.001436329150820
175 8 13.095867367800004 11.990498335500007 11.232641519100001 -0.000784631158584 -0.000862335598583 0.001226359177246
8 1 23.016843666400000 13.288795263500004 11.745737660500000 0.000107654904103 0.001004541762508 0.003837101539799
24 1 23.016841158500000 15.503588815399999 8.613540438400001 0.000192546259575 -0.000201873443785 0.000596457431352
32 1 21.098771166600002 12.181395589400003 8.613538384300000 0.000377027979386 0.000145573087322 -0.000260151197546
47 7 19.180709987699998 13.288788550000005 11.745727975299999 0.001838132439928 0.003064995364379 -0.000800971942106
55 7 19.180710411900002 15.503580461900007 8.613540254699998 -0.000019535266205 -0.000547856751051 0.000861718323840
63 7 21.098782286700004 16.610979775200004 11.745738510299995 0.000249740193364 -0.001113480168704 0.002949900168723
71 8 20.768171571100002 14.587074131700003 12.258844262099997 -0.003401082122261 -0.000245681040245 -0.004566629009605
79 8 19.180716222899996 17.336616904300001 12.258847990200001 -0.000845616985296 -0.001682281873508 -0.001983671697539
87 8 20.768161074900000 16.420097738599999 9.666531706799999 -0.002005562862640 -0.000872685108036 0.000445017744796
103 8 19.180707196099995 13.670551147500003 9.666525792999996 -0.000063569397738 0.001521371737033 0.001787747134797
128 8 23.016840597800005 15.885353364700006 11.232627459799998 0.000359009556624 0.001969194325310 0.000947182788912
136 8 23.016851449000004 13.288790374900007 9.396583635799999 -0.000244597210887 -0.000153215919911 -0.000592453928496
144 8 20.768163722800004 14.587079165600008 7.560553499600000 -0.001723724107593 0.000928898372084 -0.001949745638487
176 8 20.768150737999996 11.990498335500007 11.232641519100001 -0.002355736191106 -0.002577684307581 0.002025288296335
16 1 24.934923982700003 12.181390680000009 8.613533801700001 0.000286185378250 -0.000043402354004 0.000039214196700
40 7 24.934910533400007 16.610986685300006 11.745734611600000 -0.000683989514948 -0.000916265379842 0.000849794040836
48 7 26.852993357900004 13.288788550000005 11.745727975299999 -0.000918076830976 0.000129980911710 0.000623477650021
56 7 26.852993782099993 15.503580461900007 8.613540254699998 -0.000195317525978 -0.000112779423374 0.000071210675229
64 7 28.771065656899999 16.610979775200004 11.745738510299995 -0.000653549386356 -0.000375310108241 0.000029977309350
72 8 28.440454941300004 14.587074131700003 12.258844262099997 -0.001320438578337 0.000700114009079 -0.001401661723874
80 8 26.852999593099998 17.336616904300001 12.258847990200001 0.000116883342943 -0.001318392793094 -0.001406018318180
88 8 28.440444445099999 16.420097738599999 9.666531706799999 -0.001556147322293 -0.000844626596381 0.001433834720029
96 8 25.265537252000023 14.587061761100006 12.258833442600000 0.002290470853064 0.001219990732112 -0.002085211274338
104 8 26.852990566300001 13.670551147500003 9.666525792999996 0.000089594424206 0.001876733116410 0.001451112025611
112 8 25.265535218199997 16.420093920100001 9.666529521300001 0.001708494745285 -0.000763307282372 0.001228874724344
120 8 25.265532498100001 11.990500490400001 11.232628962800000 0.001783029977582 -0.001247922845898 0.001346614326115
152 8 25.265533169500006 14.587055878400003 7.560546762400000 0.001571701224023 0.001100414799332 -0.001390298032617
