ITEM: TIMESTEP
0
ITEM: NUMBER OF ATOMS
176
ITEM: BOX BOUNDS xy xz yz pp pp pp
0.0000000000000000e+00 3.0689133480799999e+01 7.6722833701999980e+00
0.0000000000000000e+00 1.7718379476200003e+01 7.6722833702000024e+00
0.0000000000000000e+00 1.2528786279200000e+01 4.4295948690000015e+00
ITEM: ATOMS id type x y z fx fy fz
25 1 5.754204426199998 3.322205851300000 2.349145244699999 0.004793836288274 0.002349334344555 0.000107035286950
137 8 5.423596982400004 5.727889427500000 1.296160360000000 -0.004428865009666 0.001177849463023 -0.001630674226715
161 8 3.836156472199998 2.214796731300001 1.566094450300000 -0.001130959675048 -0.001710741331644 -0.000013010592005
169 8 5.423583997600000 3.131308597400002 4.968248379499999 -0.002886462274332 -0.001617284345110 0.001794876592564
1 1 7.672276926000002 4.429605525400001 5.481344520900000 0.004140568369696 -0.000186643558511 -0.004593936293726
9 1 9.590357242299998 3.322200941900001 2.349140662099999 0.015338922944593 0.026807895171064 0.000049786032308
41 7 11.508426617500000 4.429598811900002 5.481334835700000 -0.005777570980094 0.002688659851789 -0.041079574763592
89 8 9.920970511600007 5.727872023000002 5.994440303000000 -0.001365388561160 0.006039513900510 0.003020024681982
97 8 11.508423825899998 4.811361409400002 3.402132653400000 0.008912051499498 0.029861919858017 0.001031081103931
113 8 9.920965757699999 3.131310752300001 4.968235823200000 -0.002046648201731 -0.007193385682559 0.007285723932246
129 8 7.672284708600001 4.429600636800002 3.132190496199999 -0.007195883298137 -0.000895936541408 0.002894604997335
145 8 9.920966429100000 5.727866140300000 1.296153622799999 0.021642621939212 0.022696506731061 -0.000850352331410
153 8 7.672288882800000 1.833036553300000 1.296161863300000 -0.002858271073020 -0.005913025112577 -0.002237293424147
162 8 11.508439842400000 2.214796731300001 1.566094450300000 0.002735441905938 -0.006558541166212 -0.002834397962716
2 1 15.344560296200001 4.429605525400001 5.481344520900000 -0.001993931347079 -0.003736358720136 -0.000085297924253
10 1 17.262640612500000 3.322200941900001 2.349140662099999 -0.000368606895306 -0.000385934567337 0.000048350882006
26 1 13.426487796400002 3.322205851300000 2.349145244699999 -0.017745439515536 0.007536493287602 0.005260015412100
65 8 13.095888200900001 5.727884393600002 5.994451122499998 0.004030635316873 0.010738483127676 -0.001432602727123
90 8 17.593253881800006 5.727872023000002 5.994440303000000 0.000698611224005 0.002222796129625 -0.001851349934567
114 8 17.593249127900009 3.131310752300001 4.968235823200000 0.001816791570098 -0.000798653650425 0.001377315364666
130 8 15.344568078800005 4.429600636800002 3.132190496199999 0.002842409095829 0.004913970687694 0.000079226669658
138 8 13.095880352600009 5.727889427500000 1.296160360000000 0.007127105989214 0.016188467129142 -0.001514887256236
146 8 17.593249799300011 5.727866140300000 1.296153622799999 -0.000392803896335 0.001778748351960 -0.000800638831013
154 8 15.344572252999999 1.833036553300000 1.296161863300000 0.001746624672616 -0.003279533848938 -0.002209393506672
170 8 13.095867367800004 3.131308597400002 4.968248379499999 0.004571809659160 -0.006521773935414 0.005939715828683
42 7 19.180709987699998 4.429598811900002 5.481334835700000 0.001232521255726 -0.000383903911293 0.000134464485404
66 8 20.768171571100002 5.727884393600002 5.994451122499998 -0.002845611974321 0.000927188293324 -0.001242213935026
98 8 19.180707196099995 4.811361409400002 3.402132653400000 -0.000866326116327 0.002152085848416 0.001827985339512
3 1 11.508418611100000 11.073997829000001 5.481344520900000 -0.002000894978284 0.003345561730070 0.004450513049628
17 1 7.672274418099999 6.644399077300000 2.349147298800000 0.015605554267837 -0.011805909131000 -0.005326999586354
27 1 9.590346111300001 9.966598154900002 2.349145244699999 -0.017839947946428 0.007500501989104 0.005289259094394
33 7 9.590343793000001 7.751796947200008 5.481341472000000 -0.005372748828512 -0.009860316695596 -0.000113966768691
49 7 11.513427041700014 6.653050977837838 2.349147115100000 -0.097512987561693 -0.168481782242957 -0.000046286628809
73 8 11.508432852700000 8.477427166200002 5.994454850600000 0.005540869977866 -0.002012756548091 -0.005820028653234
105 8 9.920968477800001 7.560904182000002 3.402136381700000 0.010554915079276 0.014366493139345 0.001494313819297
121 8 7.672273857400003 7.026163626600007 4.968234320200000 0.000685285228834 0.004274351141715 0.002725633844666
131 8 11.508426393700001 11.073992940400007 3.132190496199999 0.002855064371397 -0.006705328776916 -0.002751932075390
155 8 11.508430567899998 8.477428856900005 1.296161863300000 0.008807773056842 0.028370251843464 -0.003347798432143
163 8 7.672298157300000 8.859189034900005 1.566094450300000 0.002747961680872 0.005039779757108 -0.000019042012823
171 8 9.259725682700001 9.775700901000002 4.968248379499999 0.000213566999369 0.000777245217317 0.000015716316312
11 1 13.426498927399999 9.966593245500007 2.349140662099999 0.015484815097292 0.027060659117810 0.000049807399273
18 1 15.344557788300000 6.644399077300000 2.349147298800000 0.015622752616296 -0.011906134863771 -0.005356606250231
28 1 17.262629481500003 9.966598154900002 2.349145244699999 0.004811956711275 0.002348466242731 0.000107844588965
34 7 17.262627163200005 7.751796947200008 5.481341472000000 0.005415183066193 0.000155767553981 0.002718880375606
43 7 15.344568302600003 11.073991115500002 5.481334835700000 0.004720227293083 0.005308518142193 0.003791235470069
57 7 13.426498916499998 7.751790037100004 5.481345370700000 0.004991175134263 -0.003374199546470 0.041423844490567
81 8 13.095877704700001 7.560908000500002 3.402138567200000 0.020118390145211 0.021780209395982 0.003161632852961
99 8 15.344565510999997 11.455753713000002 3.402132653400000 -0.002799892266063 -0.002338490938246 0.000946129447977
106 8 17.593251848000001 7.560904182000002 3.402136381700000 -0.001241079706289 -0.000495094844498 0.001544224555696
115 8 13.757107442799997 9.775703055900001 4.968235823200000 -0.001817546080984 -0.007329327919765 -0.004569659193596
122 8 15.344557227600001 7.026163626600007 4.968234320200000 -0.007753426461384 0.004415828503057 -0.003205766826801
164 8 15.344581527500001 8.859189034900005 1.566094450300000 -0.007320928392182 -0.000758927304735 0.002812043117079
172 8 16.932009052900014 9.775700901000002 4.968248379499999 -0.003169333545480 -0.001412296277286 0.000935965438638
4 1 19.180701981300000 11.073997829000001 5.481344520900000 0.000823713130404 0.001132913679708 -0.000080858151644
12 1 21.098782297600000 9.966593245500007 2.349140662099999 -0.000357953790481 -0.000392079104069 0.000051205171411
44 7 23.016851672799998 11.073991115500002 5.481334835700000 -0.002238876046464 0.000934691490377 0.001062027614966
50 7 19.180710411899998 6.644390723800001 2.349147115100000 0.003955714891152 -0.000921715000774 -0.000997155748605
58 7 21.098782286699997 7.751790037100004 5.481345370700000 0.001722281966330 -0.001134000503136 -0.000833830573736
74 8 19.180716222899989 8.477427166200002 5.994454850600000 -0.001980876989347 -0.001961476353112 -0.001974888113018
82 8 20.768161074900000 7.560908000500002 3.402138567200000 -0.003761108663683 -0.000160558524034 0.002022730976877
100 8 23.016848881199998 11.455753713000002 3.402132653400000 0.001814405468231 0.000315261095790 0.000984233701627
116 8 21.429390813000008 9.775703055900001 4.968235823200000 0.002123206133513 -0.000252782335684 0.001377067361732
132 8 19.180709763900005 11.073992940400007 3.132190496199999 -0.001064287271418 -0.001820500632408 0.000073195126300
156 8 19.180713938099998 8.477428856900005 1.296161863300000 -0.000941672372669 -0.001428553000024 -0.001367842415561
19 1 11.508416103199997 13.288791380900006 2.349147298800000 -0.000165487118786 0.005135012039164 -0.000175064512649
123 8 11.508415542500002 13.670555930200003 4.968234320200000 0.000210926053130 0.000412289213821 0.000928542737743
139 8 9.259738667499999 12.372281731100001 1.296160360000000 0.000154391104996 -0.001457848360278 -0.001564736922152
35 7 13.426485478100000 14.396189250800001 5.481341472000000 0.001632317778775 0.002340399707478 0.000003768336401
51 7 15.344568726800000 13.288783027399999 2.349147115100000 0.003955735252693 0.007271901600621 -0.000049065975103
59 7 17.262640601600001 14.396182340700005 5.481345370700000 0.002010417315178 0.007064755388403 -0.003541965985017
67 8 16.932029885999999 12.372276697200000 5.994451122499998 -0.003475540863392 -0.002260882523362 -0.001433923064272
75 8 15.344574537799998 15.121819469800011 5.994454850600000 -0.002052348923017 -0.003202185386536 -0.000756041451197
83 8 16.932019389799994 14.205300304100005 3.402138567200000 -0.003739328028377 -0.005465152341320 0.002050600360739
91 8 13.757112196700003 12.372264326600002 5.994440303000000 0.001403086501751 -0.001105165506906 -0.002040743869377
107 8 13.757110162900000 14.205296485600002 3.402136381700000 0.000666920322569 -0.002478886765061 0.001574409736358
140 8 16.932022037700008 12.372281731100001 1.296160360000000 -0.002517629721924 -0.000797423349224 -0.001594927583547
147 8 13.757108114200003 12.372258443900009 1.296153622799999 -0.000383886276918 -0.003544298583938 -0.000762457959281
20 1 19.180699473400008 13.288791380900006 2.349147298800000 -0.000155596699845 0.005119822419736 -0.000174258193901
36 7 21.098768848300001 14.396189250800001 5.481341472000000 -0.002136689250936 0.004521040894234 -0.002718437834200
52 7 23.016852096999997 13.288783027399999 2.349147115100000 -0.003140139162261 0.003175081075175 0.000899051181585
76 8 23.016857907999988 15.121819469800011 5.994454850600000 0.001180214017451 -0.002150391772915 -0.000940407002006
92 8 21.429395566900006 12.372264326600002 5.994440303000000 0.002434898952594 -0.000414189689275 -0.000819957492987
108 8 21.429393533100004 14.205296485600002 3.402136381700000 0.003333171135457 -0.003146446853899 0.001610163996695
124 8 19.180698912699995 13.670555930200003 4.968234320200000 0.000517965592518 0.000268367181060 0.001790717269720
148 8 21.429391484400018 12.372258443900009 1.296153622799999 0.002538257773844 0.000375569261262 -0.001644359505549
60 7 24.934923971800007 14.396182340700005 5.481345370700000 -0.001181823776925 0.001212858043830 0.000101038012348
68 8 24.604313256200001 12.372276697200000 5.994451122499998 -0.001018407292542 -0.000119388799101 -0.001615931942405
84 8 24.604302760000003 14.205300304100005 3.402138567200000 -0.000813965419684 -0.001563175580542 0.001181167430939
29 1 9.590346111300004 5.537003285800003 8.613538384300000 0.000286666634798 -0.000662838651177 -0.002378966555054
157 8 11.508430567900000 4.047833987800002 7.560555002900000 0.000661198807709 -0.003343087519828 0.006928957654641
165 8 7.672298157300002 4.429594165800001 7.830487589900000 -0.000578176476394 -0.000034943177924 0.001821106498250
173 8 9.259725682700003 5.346106031900003 11.232641519100001 -0.000794976454749 -0.002378537048023 0.001846649659279
13 1 13.426498927400001 5.536998376400002 8.613533801700001 -0.000718094119562 -0.001001719089961 0.000046822855850
30 1 17.262629481500003 5.537003285800003 8.613538384300000 0.000674877700872 0.000237242419869 0.001282928952132
117 8 13.757107442800002 5.346108186800002 11.232628962800000 0.000114575307121 -0.003750235581673 0.001380144713472
166 8 15.344581527500001 4.429594165800001 7.830487589900000 0.000037344502092 0.000320087997996 -0.000010412262990
174 8 16.932009052900007 5.346106031900003 11.232641519100001 -0.001833732269179 -0.003060739083886 0.000627796729643
14 1 21.098782297600003 5.536998376400002 8.613533801700001 -0.000125613661199 0.000022629995081 0.000049765957080
118 8 21.429390813000005 5.346108186800002 11.232628962800000 0.002560514044577 -0.001610664370621 0.001188396776339
158 8 19.180713938100002 4.047833987800002 7.560555002900000 -0.000259501791132 -0.001964138119302 -0.001704514186401
5 1 11.508418611100007 6.644402959900002 11.745737660500000 0.000817366174905 0.001136565844923 -0.000082558821515
21 1 11.508416103199998 8.859196511800004 8.613540438400001 -0.000518420264560 -0.000292060362059 0.002308519493034
125 8 11.508415542500003 9.240961061100004 11.232627459799998 -0.001491307775241 0.001844694550067 0.000881172911808
133 8 11.508426393700002 6.644398071300002 9.396583635799999 0.000274246822563 0.000482840509325 0.000077164243161
141 8 9.259738667500002 7.942686862000003 7.560553499600000 -0.000917210582327 0.001978216699856 -0.001571263083691
167 8 11.508439842400001 11.073986469400005 7.830487589900000 0.000037038893099 -0.000382867715533 -0.001852489052919
37 7 13.426485478099996 9.966594381700006 11.745734611600000 0.005412821720183 0.000162232695303 0.002716227291169
45 7 15.344568302600001 6.644396246400003 11.745727975299999 0.004708599740477 0.005303468491120 0.003775493121140
53 7 15.344568726799995 8.859188158300002 8.613540254699998 0.002857889820139 0.001624511293959 0.005065258655473
61 7 17.262640601600001 9.966587471600000 11.745738510299995 0.004988796677650 -0.003324249325199 0.041312831656945
69 8 16.932029886000002 7.942681828100003 12.258844262099997 -0.005376727951338 -0.005854097827250 -0.007339639174179
77 8 15.344574537800005 10.692224600700005 12.258847990200001 -0.008252408106107 0.000614838190998 -0.006067952195653
85 8 16.932019389799990 9.775705435000003 9.666531706799999 -0.003273410749077 -0.001132315019529 -0.007115591119708
93 8 13.757112196700007 7.942669457500004 12.258833442600000 0.000065124205661 0.000537752705011 -0.001729514014839
101 8 15.344565511000003 7.026158843900003 9.666525792999996 -0.000648696700133 0.001541407890011 -0.000556228939445
109 8 13.757110162900005 9.775701616500001 9.666529521300001 0.000917490891796 -0.001143603479828 -0.000292696275445
142 8 16.932022037700005 7.942686862000003 7.560553499600000 -0.002263911455426 0.000535573020398 -0.003466397919629
149 8 13.757108114200001 7.942663574800001 7.560546762400000 0.000088247034098 0.000809934936145 -0.009937983696205
159 8 15.344572253000006 10.692226291400004 7.560555002900000 -0.000721688870762 -0.002040419332990 -0.003757459171294
6 1 19.180701981300004 6.644402959900002 11.745737660500000 -0.001983837620767 0.003349300427567 0.004430572862277
22 1 19.180699473400011 8.859196511800004 8.613540438400001 -0.000510665122635 -0.000289623011488 0.002311721230990
38 7 21.098768848300008 9.966594381700006 11.745734611600000 -0.005423577704724 -0.009831194644684 0.000111526570904
46 7 23.016851672800001 6.644396246400003 11.745727975299999 -0.002247606881098 0.000954598448193 0.001067356218136
54 7 23.016852096999990 8.859188158300002 8.613540254699998 -0.000386094600546 -0.000248396029971 -0.000049073715251
78 8 23.016857907999999 10.692224600700005 12.258847990200001 0.000247610547472 0.000489821122397 -0.000143876901046
94 8 21.429395566900006 7.942669457500004 12.258833442600000 0.003450810846159 0.002685663880363 -0.002664462601227
102 8 23.016848881199998 7.026158843900003 9.666525792999996 0.000195820391134 0.001987547363644 0.001309940146724
110 8 21.429393533100001 9.775701616500001 9.666529521300001 0.002270476346729 0.000294923784967 0.001550835298229
126 8 19.180698912700002 9.240961061100004 11.232627459799998 0.005997905169308 0.001780495995348 -0.002958796953931
134 8 19.180709763900005 6.644398071300002 9.396583635799999 0.000110612230382 -0.000503892778054 -0.001760902515896
150 8 21.429391484400004 7.942663574800001 7.560546762400000 0.001864675237280 0.001213149064826 -0.001126305731573
160 8 23.016855623200005 10.692226291400004 7.560555002900000 0.000121498668090 -0.001589129640365 -0.001884999796859
168 8 19.180723212599993 11.073986469400005 7.830487589900000 0.000194540702988 0.000600144501321 -0.000016954551864
62 7 24.934923971800000 9.966587471600000 11.745738510299995 0.001700734392689 -0.001136423450919 -0.000828525779068
70 8 24.604313256200005 7.942681828100003 12.258844262099997 -0.001451014105892 0.001227407375844 -0.001430886429137
86 8 24.604302759999996 9.775705435000003 9.666531706799999 -0.001484621503063 -0.000722730934764 0.001698352506968
7 1 15.344560296200003 13.288795263500004 11.745737660500000 -0.001990715427870 -0.003738179406637 -0.000078127116504
15 1 17.262640612500000 12.181390680000009 8.613533801700001 -0.000716475120054 -0.001002607608570 0.000052702862990
23 1 15.344557788300000 15.503588815399999 8.613540438400001 0.000074715553409 0.000496617733925 -0.001350159776663
31 1 13.426487796399995 12.181395589400003 8.613538384300000 0.000673986257831 0.000239682122116 0.001288064391021
39 7 17.262627163200005 16.610986685300006 11.745734611600000 -0.002143454598713 0.004519726031179 -0.002721014849488
95 8 17.593253881800010 14.587061761100006 12.258833442600000 0.007792658344282 -0.004551676394430 0.003266913316866
111 8 17.593251848000001 16.420093920100001 9.666529521300001 0.001694470100156 -0.001592683314335 0.003445886210599
119 8 17.593249127900002 11.990500490400001 11.232628962800000 0.007619121712676 0.009250033672795 0.001378598599210
127 8 15.344557227600006 15.885353364700006 11.232627459799998 0.001660518163075 0.001659487304012 0.001912570146918
135 8 15.344568078800005 13.288790374900007 9.396583635799999 0.000110305107965 0.000206670509730 0.000070615406586
143 8 13.095880352600002 14.587079165600008 7.560553499600000 -0.001832764101209 0.000380708235224 -0.001600104076484
151 8 17.593249799300004 14.587055878400003 7.560546762400000 0.001900577646827 0.000258693284765 0.000739864565918
175 8 13.095867367800004 11.990498335500007 11.232641519100001 -0.002539115697291 0.000264624359729 0.000812139061511
8 1 23.016843666400000 13.288795263500004 11.745737660500000 0.004145926244722 -0.000203248766695 -0.004613948762595
24 1 23.016841158500000 15.503588815399999 8.613540438400001 0.000077258978646 0.000497073788523 -0.001355322231236
32 1 21.098771166600002 12.181395589400003 8.613538384300000 0.000288409304275 -0.000670755712446 -0.002375762726701
47 7 19.180709987699998 13.288788550000005 11.745727975299999 -0.005822051052111 0.002665443311489 -0.041190062784452
55 7 19.180710411900002 15.503580461900007 8.613540254699998 -0.000386104498218 0.003497483122706 -0.005163418199218
63 7 21.098782286700004 16.610979775200004 11.745738510299995 0.002008948517653 0.007077285324091 -0.003557762552284
71 8 20.768171571100002 14.587074131700003 12.258844262099997 -0.005609067761411 -0.005723700960488 0.004515860717656
79 8 19.180716222899996 17.336616904300001 12.258847990200001 0.000043075592336 -0.003534636082543 -0.001064206802998
87 8 20.768161074900000 16.420097738599999 9.666531706799999 -0.001453851757040 -0.001678599293438 0.003570816809676
103 8 19.180707196099995 13.670551147500003 9.666525792999996 0.000734820084284 0.000247413929950 0.010121620697352
128 8 23.016840597800005 15.885353364700006 11.232627459799998 -0.001573823541736 0.000605611256188 0.002101930144772
136 8 23.016851449000004 13.288790374900007 9.396583635799999 -0.000498330973616 -0.000145059312234 0.001912688098806
144 8 20.768163722800004 14.587079165600008 7.560553499600000 -0.001486507466243 0.000087232359016 0.000272221244514
176 8 20.768150737999996 11.990498335500007 11.232641519100001 -0.004600307897549 0.004110091177390 0.005691787473267
16 1 24.934923982700003 12.181390680000009 8.613533801700001 -0.000127901797126 0.000018661426267 0.000049766770854
40 7 24.934910533400007 16.610986685300006 11.745734611600000 0.001639936684955 0.002336048122327 -0.000005936733900
48 7 26.852993357900004 13.288788550000005 11.745727975299999 0.001236894580050 -0.000386987431754 0.000132487576714
56 7 26.852993782099993 15.503580461900007 8.613540254699998 0.000120210681995 0.000628555581347 -0.000049051213519
64 7 28.771065656899999 16.610979775200004 11.745738510299995 -0.001176968958809 0.001210613659793 0.000099059535982
72 8 28.440454941300004 14.587074131700003 12.258844262099997 -0.001770511506585 0.000689079236211 -0.001431132451725
80 8 26.852999593099998 17.336616904300001 12.258847990200001 -0.000275882058899 -0.003392130660946 -0.001923138864784
88 8 28.440444445099999 16.420097738599999 9.666531706799999 -0.001618882486491 -0.001240192311247 0.001517842663174
96 8 25.265537252000023 14.587061761100006 12.258833442600000 0.000343241613853 0.000343814317714 -0.000867334189672
104 8 26.852990566300001 13.670551147500003 9.666525792999996 -0.000185775557982 0.001618621129234 0.001492556208284
112 8 25.265535218199997 16.420093920100001 9.666529521300001 0.001344770829968 -0.001296728758116 0.001579602713609
120 8 25.265532498100001 11.990500490400001 11.232628962800000 0.000740568655285 -0.000551566403169 0.001562127388354
152 8 25.265533169500006 14.587055878400003 7.560546762400000 0.001735995267478 0.000698211798318 -0.001308934883668
