ITEM: TIMESTEP
0
ITEM: NUMBER OF ATOMS
176
ITEM: BOX BOUNDS xy xz yz pp pp pp
0.0000000000000000e+00 3.0689133480799999e+01 7.6722833701999980e+00
0.0000000000000000e+00 1.7718379476200003e+01 7.6722833702000024e+00
0.0000000000000000e+00 1.2528786279200000e+01 4.4295948690000015e+00
ITEM: ATOMS id type x y z fx fy fz
25 1 5.754204426199998 3.322205851300000 2.349145244699999 -0.001011503106738 -0.002801588663970 -0.001961674470074
137 8 5.423596982400004 5.727889427500000 1.296160360000000 -0.000796458972444 0.001844118586535 0.001144438660081
161 8 3.836156472199998 2.214796731300001 1.566094450300000 0.000369236947367 0.000991539282106 0.000633757281733
169 8 5.423583997600000 3.131308597400002 4.968248379499999 -0.000829757515910 0.002049817429756 0.001384874278149
1 1 7.672276926000002 4.429605525400001 5.481344520900000 0.005386275850673 -0.021137140385611 0.004129212615526
9 1 9.590357242299998 3.322200941900001 2.349140662099999 0.003278274470284 -0.000193252337265 -0.000089035596973
41 7 11.508426617500000 4.429598811900002 5.481334835700000 0.000228128297058 0.014503323297676 0.001726246897382
89 8 9.920970511600007 5.727872023000002 5.994440303000000 -0.016049774907483 0.006265441762017 -0.003248213647024
97 8 11.508423825899998 4.811361409400002 3.402132653400000 -0.000484216018801 -0.001497736996214 -0.000749091663056
113 8 9.920965757699999 3.131310752300001 4.968235823200000 -0.001868834199874 -0.003188493489468 0.000315381280059
129 8 7.672284708600001 4.429600636800002 3.132190496199999 -0.000887203814890 0.005348087543062 0.003885459969579
145 8 9.920966429100000 5.727866140300000 1.296153622799999 -0.001946097782218 -0.000819350438742 -0.003277096694420
153 8 7.672288882800000 1.833036553300000 1.296161863300000 -0.000247709343071 -0.001241596309328 -0.001230926704616
162 8 11.508439842400000 2.214796731300001 1.566094450300000 -0.000526295483824 -0.000504918621961 -0.000424398796495
2 1 15.344560296200001 4.429605525400001 5.481344520900000 -0.003752116376096 0.002786342487084 0.000241441646405
10 1 17.262640612500000 3.322200941900001 2.349140662099999 -0.001417745659324 -0.000085616063263 -0.000012920388057
26 1 13.426487796400002 3.322205851300000 2.349145244699999 -0.000803884344992 0.002017251940676 0.001445744901067
65 8 13.095888200900001 5.727884393600002 5.994451122499998 0.001463194073650 -0.007836650809445 -0.000063197710941
90 8 17.593253881800006 5.727872023000002 5.994440303000000 0.004624183603775 0.000626499964992 -0.001460968658876
114 8 17.593249127900009 3.131310752300001 4.968235823200000 0.003845375390895 0.000015920536769 0.001574286162247
130 8 15.344568078800005 4.429600636800002 3.132190496199999 0.000870949706053 -0.000906074593008 -0.000536892671287
138 8 13.095880352600009 5.727889427500000 1.296160360000000 0.000099895481991 -0.000957456588591 -0.004838296087664
146 8 17.593249799300011 5.727866140300000 1.296153622799999 0.003768080649727 0.001435712630228 -0.000675567982902
154 8 15.344572252999999 1.833036553300000 1.296161863300000 0.000183343618164 -0.002543333956880 -0.002151353824809
170 8 13.095867367800004 3.131308597400002 4.968248379499999 0.000066693247844 -0.004524704434166 0.000737868990306
42 7 19.180709987699998 4.429598811900002 5.481334835700000 -0.007226141057386 -0.004739675750901 -0.000129443355065
66 8 20.768171571100002 5.727884393600002 5.994451122499998 0.007001815768426 0.008796272834041 -0.004580636682413
98 8 19.180707196099995 4.811361409400002 3.402132653400000 0.001263405496619 0.002883441020578 0.002348827236742
3 1 11.508418611100000 11.073997829000001 5.481344520900000 0.005315222521687 -0.021027029536572 0.004107924927472
17 1 7.672274418099999 6.644399077300000 2.349147298800000 0.005344827721604 -0.003117674314781 -0.021283490835903
27 1 9.590346111300001 9.966598154900002 2.349145244699999 0.007910890175128 -0.001738161871693 -0.001145713667927
33 7 9.580343793000004 7.751796947200008 5.481341472000000 0.167302436729918 0.015956010737918 0.011340169296935
49 7 11.508427041700001 6.644390723800001 2.349147115100000 0.000268521838566 0.006468586785051 0.013151564770656
73 8 11.508432852700000 8.477427166200002 5.994454850600000 -0.029568879783110 -0.012531697403975 -0.008936662357189
105 8 9.920968477800001 7.560904182000002 3.402136381700000 -0.016071401593809 -0.000936829971261 0.007104006403044
121 8 7.672273857400003 7.026163626600007 4.968234320200000 -0.032282728134493 -0.010162527691121 -0.007098237261045
131 8 11.508426393700001 11.073992940400007 3.132190496199999 -0.002313882427467 0.001387355758944 -0.002528726519679
155 8 11.508430567899998 8.477428856900005 1.296161863300000 -0.000625870785401 -0.000237640045440 -0.004704678935918
163 8 7.672298157300000 8.859189034900005 1.566094450300000 -0.002420923593735 -0.001905826690380 0.002196802851541
171 8 9.259725682700001 9.775700901000002 4.968248379499999 -0.019120277221286 0.004009126251565 -0.000492292292305
11 1 13.426498927399999 9.966593245500007 2.349140662099999 -0.001901675953356 -0.002982711231611 0.004745287447142
18 1 15.344557788300000 6.644399077300000 2.349147298800000 -0.003793528337171 0.001191457257521 0.002567675603522
28 1 17.262629481500003 9.966598154900002 2.349145244699999 -0.002351678292994 -0.000015848655422 -0.000001712407434
34 7 17.262627163200005 7.751796947200008 5.481341472000000 -0.009954254525173 -0.001207237049037 -0.000798358758146
43 7 15.344568302600003 11.073991115500002 5.481334835700000 -0.007211576105192 -0.004713393204419 -0.000125319140005
57 7 13.426498916499998 7.751790037100004 5.481345370700000 -0.047636864214668 0.013440418069994 0.009382613627261
81 8 13.095877704700001 7.560908000500002 3.402138567200000 0.001614181720392 -0.002513190215614 -0.007043087499770
99 8 15.344565510999997 11.455753713000002 3.402132653400000 0.001302470160508 0.003197364086224 0.000392479825036
106 8 17.593251848000001 7.560904182000002 3.402136381700000 0.004603001254420 -0.001131559790066 0.001191639102496
115 8 13.757107442799997 9.775703055900001 4.968235823200000 0.010555530363185 0.007268754461517 -0.001785507765017
122 8 15.344557227600001 7.026163626600007 4.968234320200000 0.012045422926587 -0.001169918866794 -0.000739332095718
164 8 15.344581527500001 8.859189034900005 1.566094450300000 0.001743627662017 0.000203546657037 -0.001363890959768
172 8 16.932009052900014 9.775700901000002 4.968248379499999 0.001388281938538 -0.001345871598823 0.001209314004642
4 1 19.180701981300000 11.073997829000001 5.481344520900000 -0.003752897177998 0.002809291848381 0.000243268555534
12 1 21.098782297600000 9.966593245500007 2.349140662099999 -0.001885216392091 0.003448240389732 -0.004343221712556
44 7 23.016851672799998 11.073991115500002 5.481334835700000 0.000401822858923 0.014473251811839 0.001690747696727
50 7 19.180710411899998 6.644390723800001 2.349147115100000 -0.007185862399626 -0.001695245540649 -0.004372247483473
58 7 21.098782286699997 7.751790037100004 5.481345370700000 -0.048041460272926 0.013479551899885 0.009410676944974
74 8 19.180716222899989 8.477427166200002 5.994454850600000 0.011601630297929 -0.004995591464391 -0.003607894156112
82 8 20.768161074900000 7.560908000500002 3.402138567200000 0.007152881638745 -0.001227856678822 0.010144229220964
100 8 23.016848881199998 11.455753713000002 3.402132653400000 -0.000581923715877 -0.000586210383287 0.004050967099668
116 8 21.429390813000008 9.775703055900001 4.968235823200000 0.005074005268212 -0.009403113655831 0.002759426101785
132 8 19.180709763900005 11.073992940400007 3.132190496199999 0.001819173495720 -0.001276702206246 0.000650272201560
156 8 19.180713938099998 8.477428856900005 1.296161863300000 0.001230113461159 -0.002442752552548 0.000109846654250
19 1 11.508416103199997 13.288791380900006 2.349147298800000 0.000553036110200 -0.002001026525332 0.000610072581366
123 8 11.508415542500002 13.670555930200003 4.968234320200000 -0.000053032722018 0.004374921109023 0.001290675399389
139 8 9.259738667499999 12.372281731100001 1.296160360000000 -0.002343646935383 0.000987227415412 -0.001340053369849
35 7 13.426485478100000 14.396189250800001 5.481341472000000 -0.000081966323643 -0.004601080946468 0.000646766417063
51 7 15.344568726800000 13.288783027399999 2.349147115100000 -0.000508486284889 -0.001171634705233 0.000346340606925
59 7 17.262640601600001 14.396182340700005 5.481345370700000 0.000194302199346 0.000608363671719 -0.000065812545677
67 8 16.932029885999999 12.372276697200000 5.994451122499998 0.000252679913041 0.001485998390879 -0.001234458852343
75 8 15.344574537799998 15.121819469800011 5.994454850600000 -0.000543299453779 0.000564852490045 -0.001565839673432
83 8 16.932019389799994 14.205300304100005 3.402138567200000 -0.001543308055159 -0.000866233351145 0.001372041273677
91 8 13.757112196700003 12.372264326600002 5.994440303000000 0.002413349465572 0.004007930525359 -0.001281501204469
107 8 13.757110162900000 14.205296485600002 3.402136381700000 0.001509002807246 0.000232783935536 0.001581086358855
140 8 16.932022037700008 12.372281731100001 1.296160360000000 -0.001123319747751 0.000806586616898 -0.001687862701491
147 8 13.757108114200003 12.372258443900009 1.296153622799999 0.001941668374826 0.001876138738738 -0.001808810914795
20 1 19.180699473400008 13.288791380900006 2.349147298800000 -0.000337319905385 0.001010454795579 -0.000195767191560
36 7 21.098768848300001 14.396189250800001 5.481341472000000 -0.000521131544111 0.004239367683666 -0.000737233900365
52 7 23.016852096999997 13.288783027399999 2.349147115100000 0.000082377457892 0.002837640166766 -0.001150952335324
76 8 23.016857907999988 15.121819469800011 5.994454850600000 0.000029739077341 -0.002762873078511 -0.001315530541415
92 8 21.429395566900006 12.372264326600002 5.994440303000000 0.003265975449276 -0.002547235464240 -0.001921950857066
108 8 21.429393533100004 14.205296485600002 3.402136381700000 0.001938806364465 -0.001917981920466 0.001384899466212
124 8 19.180698912699995 13.670555930200003 4.968234320200000 0.000513928868386 0.001037240049322 0.001539176580729
148 8 21.429391484400018 12.372258443900009 1.296153622799999 0.001826122543061 0.000204957839640 -0.000746911957760
60 7 24.934923971800007 14.396182340700005 5.481345370700000 0.000189947879527 0.000580703087290 -0.000066517054059
68 8 24.604313256200001 12.372276697200000 5.994451122499998 -0.005454144353235 -0.001664093423670 -0.002478970802358
84 8 24.604302760000003 14.205300304100005 3.402138567200000 -0.001980172888811 -0.001137110951524 0.001360272666539
29 1 9.590346111300004 5.537003285800003 8.613538384300000 0.007910904013116 -0.001677686731447 -0.001231111720992
157 8 11.508430567900000 4.047833987800002 7.560555002900000 -0.000625867839597 -0.004182069685869 0.000873472900574
165 8 7.672298157300002 4.429594165800001 7.830487589900000 -0.002420931510510 0.001499370364865 -0.002618942082753
173 8 9.259725682700003 5.346106031900003 11.232641519100001 -0.002376871487916 -0.000578214239373 0.001405243204621
13 1 13.426498927400001 5.536998376400002 8.613533801700001 -0.001901705494461 0.003434830264279 -0.004330416691188
30 1 17.262629481500003 5.537003285800003 8.613538384300000 -0.002351685242573 -0.000025137866428 0.000011422967444
117 8 13.757107442800002 5.346108186800002 11.232628962800000 0.002018988180091 -0.000905695655246 0.002367271580065
166 8 15.344581527500001 4.429594165800001 7.830487589900000 0.001743639560555 -0.001154542628944 0.000556706419819
174 8 16.932009052900007 5.346106031900003 11.232641519100001 -0.001156567778001 -0.000966329817591 0.001350826068641
14 1 21.098782297600003 5.536998376400002 8.613533801700001 -0.001885196129691 -0.002990324210154 0.004762294448538
118 8 21.429390813000005 5.346108186800002 11.232628962800000 0.001903424796734 -0.000461596225263 0.000437745401820
158 8 19.180713938100002 4.047833987800002 7.560555002900000 0.001230088421081 -0.000377903453505 -0.002810256895199
5 1 11.508418611100007 6.644402959900002 11.745737660500000 0.000594418725967 -0.000123470392069 -0.002115965581370
21 1 11.508416103199998 8.859196511800004 8.613540438400001 0.005273848946703 -0.003101057332984 -0.021172929694366
125 8 11.508415542500003 9.240961061100004 11.232627459799998 -0.000053034069375 0.002592230386979 0.003811816522266
133 8 11.508426393700002 6.644398071300002 9.396583635799999 -0.002313881815298 -0.002019518876849 0.002289328659767
141 8 9.259738667500002 7.942686862000003 7.560553499600000 -0.019087535977451 0.000727339853362 0.003615415114897
167 8 11.508439842400001 11.073986469400005 7.830487589900000 -0.000952162489717 0.005461120754794 0.003794197491796
37 7 13.426485478099996 9.966594381700006 11.745734611600000 -0.000081993587407 -0.000976089202942 -0.004479770194913
45 7 15.344568302600001 6.644396246400003 11.745727975299999 -0.000548842023783 -0.000116429077488 -0.001208661064504
53 7 15.344568726799995 8.859188158300002 8.613540254699998 -0.007171244420181 -0.001682593874242 -0.004348801637130
61 7 17.262640601600001 9.966587471600000 11.745738510299995 0.000194310307249 0.000255015157626 0.000433872391550
69 8 16.932029886000002 7.942681828100003 12.258844262099997 -0.001694330350706 0.000646235621907 -0.001315473065123
77 8 15.344574537800005 10.692224600700005 12.258847990200001 -0.000543297907837 -0.001216854843612 0.000953964483123
85 8 16.932019389799990 9.775705435000003 9.666531706799999 0.000403730414246 -0.000509915933906 0.002136803688062
93 8 13.757112196700007 7.942669457500004 12.258833442600000 0.001530209859289 0.001448441718820 -0.000304451394048
101 8 15.344565511000003 7.026158843900003 9.666525792999996 0.001302503122959 0.001143594285523 0.003296959992979
109 8 13.757110162900005 9.775701616500001 9.666529521300001 0.002392168361667 0.000164806130170 0.004319896866721
142 8 16.932022037700005 7.942686862000003 7.560553499600000 0.001421538321648 0.000546655347921 -0.001998512259408
149 8 13.757108114200001 7.942663574800001 7.560546762400000 0.010478164754165 0.000685662508978 0.007282326084605
159 8 15.344572253000006 10.692226291400004 7.560555002900000 0.001191935474586 -0.000703830120086 -0.000850665631500
6 1 19.180701981300004 6.644402959900002 11.745737660500000 -0.000295908536711 0.000120605692292 0.000991931011464
22 1 19.180699473400011 8.859196511800004 8.613540438400001 -0.003794285510018 0.001200826371310 0.002588702176799
38 7 21.098768848300008 9.966594381700006 11.745734611600000 -0.000521082966852 0.000665884463276 0.004316325156208
46 7 23.016851672800001 6.644396246400003 11.745727975299999 0.000042035302411 -0.000191655571903 0.003070343396497
54 7 23.016852096999990 8.859188158300002 8.613540254699998 0.000442595430150 0.006424898977222 0.013134910949770
78 8 23.016857907999999 10.692224600700005 12.258847990200001 0.000029747887075 -0.002090123312575 -0.002266951793078
94 8 21.429395566900006 7.942669457500004 12.258833442600000 0.001959990026439 0.000546560478471 -0.002266817519804
102 8 23.016848881199998 7.026158843900003 9.666525792999996 -0.000582004364787 0.003331589815717 -0.001489628965693
110 8 21.429393533100001 9.775701616500001 9.666529521300001 0.003244634424914 -0.002623992261561 -0.001646839561832
126 8 19.180698912700002 9.240961061100004 11.232627459799998 0.000513931156523 0.001713955161319 0.000582176378094
134 8 19.180709763900005 6.644398071300002 9.396583635799999 0.001819180396183 0.000089660201059 -0.001282062126895
150 8 21.429391484400004 7.942663574800001 7.560546762400000 0.004996626853479 -0.000586532673749 -0.009950952857637
160 8 23.016855623200005 10.692226291400004 7.560555002900000 -0.000577404249659 -0.005074325255883 -0.003941102244149
168 8 19.180723212599993 11.073986469400005 7.830487589900000 0.000791625407759 -0.000798889801765 -0.000632280384500
62 7 24.934923971800000 9.966587471600000 11.745738510299995 0.000189925177848 0.000245106897455 0.000408013852321
70 8 24.604313256200005 7.942681828100003 12.258844262099997 -0.002131173353986 0.000544858160067 -0.001566903129878
86 8 24.604302759999996 9.775705435000003 9.666531706799999 -0.005303142189584 -0.002733265871700 -0.000418351689435
7 1 15.344560296200003 13.288795263500004 11.745737660500000 0.000602033512816 -0.000122298579335 -0.002111077093548
15 1 17.262640612500000 12.181390680000009 8.613533801700001 -0.001418385128433 -0.000076286139393 -0.000006315553472
23 1 15.344557788300000 15.503588815399999 8.613540438400001 0.000560622141136 -0.001996038740452 0.000609554365970
31 1 13.426487796399995 12.181395589400003 8.613538384300000 -0.001016252126219 -0.002794166554292 -0.001956413367839
39 7 17.262627163200005 16.610986685300006 11.745734611600000 0.000735042386740 -0.000504362121333 -0.000301338799980
95 8 17.593253881800010 14.587061761100006 12.258833442600000 0.000857995430702 0.001382318959987 -0.001273768012608
111 8 17.593251848000001 16.420093920100001 9.666529521300001 0.000836802058636 -0.000703157533222 0.001841872134429
119 8 17.593249127900002 11.990500490400001 11.232628962800000 0.001450690643008 -0.000941088452599 0.001231869305753
127 8 15.344557227600006 15.885353364700006 11.232627459799998 -0.000157732494056 0.001898602074289 0.001430500097473
135 8 15.344568078800005 13.288790374900007 9.396583635799999 0.000442458133510 0.000870870083066 0.000719584387850
143 8 13.095880352600002 14.587079165600008 7.560553499600000 -0.001671642109639 0.001910214501171 -0.001595444726522
151 8 17.593249799300004 14.587055878400003 7.560546762400000 0.001373377525581 0.000793842846995 -0.001463713238883
175 8 13.095867367800004 11.990498335500007 11.232641519100001 -0.001704884568615 -0.000511319207759 0.002360543513942
8 1 23.016843666400000 13.288795263500004 11.745737660500000 -0.000295343963461 0.000119549331438 0.000983974344624
24 1 23.016841158500000 15.503588815399999 8.613540438400001 -0.000336746500659 0.001002604817664 -0.000194099981348
32 1 21.098771166600002 12.181395589400003 8.613538384300000 -0.000793776847527 0.002018377501711 0.001446560188514
47 7 19.180709987699998 13.288788550000005 11.745727975299999 0.000031968367684 -0.000194392425273 0.003086676359330
55 7 19.180710411900002 15.503580461900007 8.613540254699998 0.000072303196598 0.002852102799407 -0.001158946329125
63 7 21.098782286700004 16.610979775200004 11.745738510299995 -0.000162986896493 0.000037650608790 -0.000094575820264
71 8 20.768171571100002 14.587074131700003 12.258844262099997 -0.001674260684960 0.001026316487021 -0.002366714092455
79 8 19.180716222899996 17.336616904300001 12.258847990200001 -0.000634747987520 -0.001907087712487 -0.001423953311888
87 8 20.768161074900000 16.420097738599999 9.666531706799999 -0.001523231434115 -0.001730650837831 0.002080791896463
103 8 19.180707196099995 13.670551147500003 9.666525792999996 0.000257952397967 0.001037042818609 0.001043253523281
128 8 23.016840597800005 15.885353364700006 11.232627459799998 0.000548608992245 0.001774280475535 0.001342580799997
136 8 23.016851449000004 13.288790374900007 9.396583635799999 -0.000453655119732 -0.000614523095237 -0.000330745020474
144 8 20.768163722800004 14.587079165600008 7.560553499600000 -0.001238465856492 -0.000240740950498 -0.001791672338423
176 8 20.768150737999996 11.990498335500007 11.232641519100001 -0.001271717902749 -0.001413320411026 0.000398009646796
16 1 24.934923982700003 12.181390680000009 8.613533801700001 0.003272391272914 -0.000205740056241 -0.000097845064434
40 7 24.934910533400007 16.610986685300006 11.745734611600000 -0.000269897522547 -0.000063808023302 0.000010204578891
48 7 26.852993357900004 13.288788550000005 11.745727975299999 -0.000551350289157 -0.000116394709342 -0.001219341772371
56 7 26.852993782099993 15.503580461900007 8.613540254699998 -0.000510996138663 -0.001181695289109 0.000349942414201
64 7 28.771065656899999 16.610979775200004 11.745738510299995 -0.000157364154043 0.000038181954205 -0.000094235548342
72 8 28.440454941300004 14.587074131700003 12.258844262099997 -0.001567109016417 0.000578423988549 -0.000436108863856
80 8 26.852999593099998 17.336616904300001 12.258847990200001 0.000066856971145 -0.002032552164797 -0.001512672354165
88 8 28.440444445099999 16.420097738599999 9.666531706799999 -0.001416093019149 -0.000059786289114 0.001015015631940
96 8 25.265537252000023 14.587061761100006 12.258833442600000 0.002078224568504 0.000989704322138 -0.001311957821075
104 8 26.852990566300001 13.670551147500003 9.666525792999996 -0.000171481575251 0.002342502107543 0.001966338083597
112 8 25.265535218199997 16.420093920100001 9.666529521300001 0.002057025283396 -0.000869998263274 0.001484410739339
120 8 25.265532498100001 11.990500490400001 11.232628962800000 0.001892853327342 -0.000833745563062 0.001496275182484
152 8 25.265533169500006 14.587055878400003 7.560546762400000 0.001815535676883 0.001078922321757 -0.001450658027471
