ITEM: TIMESTEP
0
ITEM: NUMBER OF ATOMS
176
ITEM: BOX BOUNDS xy xz yz pp pp pp
0.0000000000000000e+00 3.0689133480799999e+01 7.6722833701999980e+00
0.0000000000000000e+00 1.7718379476200003e+01 7.6722833702000024e+00
0.0000000000000000e+00 1.2528786279200000e+01 4.4295948690000015e+00
ITEM: ATOMS id type x y z fx fy fz
25 1 5.754204426199998 3.322205851300000 2.349145244699999 -0.002765287912792 -0.005964186316897 -0.004197912758430
137 8 5.423596982400004 5.727889427500000 1.296160360000000 -0.001527470814225 0.003461607909242 -0.002107242158511
161 8 3.836156472199998 2.214796731300001 1.566094450300000 -0.005494746830917 -0.000824665958474 -0.000650470614363
169 8 5.423583997600000 3.131308597400002 4.968248379499999 -0.001560750742786 -0.000476698858674 0.003993722521155
1 1 7.672276926000002 4.429605525400001 5.481344520900000 -0.001770979975978 -0.000181943595401 -0.000183689010110
9 1 9.590357242299998 3.322200941900001 2.349140662099999 -0.002101885630617 0.007391308011287 0.005273807605353
41 7 11.508426617500000 4.429598811900002 5.481334835700000 0.000927318980513 0.000725727523242 0.002723596336895
89 8 9.920970511600007 5.727872023000002 5.994440303000000 0.001893059158090 0.000435384587074 -0.001885964333595
97 8 11.508423825899998 4.811361409400002 3.402132653400000 -0.003056896982580 -0.000998689863387 -0.000396217891633
113 8 9.920965757699999 3.131310752300001 4.968235823200000 0.001504515241084 -0.001303593023357 -0.001735963165858
129 8 7.672284708600001 4.429600636800002 3.132190496199999 0.008185861087958 -0.000623164159400 -0.000336816205760
145 8 9.920966429100000 5.727866140300000 1.296153622799999 0.001427229112776 -0.002125133443505 -0.000816132968702
153 8 7.662288882800002 1.833036553300000 1.296161863300000 0.051337739840476 0.000393715690463 -0.000073982761444
162 8 11.508439842400000 2.214796731300001 1.566094450300000 -0.005267149017472 0.001288161073421 0.000843513692196
2 1 15.344560296200001 4.429605525400001 5.481344520900000 0.000901549995195 0.000019359729439 -0.000060523199867
10 1 17.262640612500000 3.322200941900001 2.349140662099999 0.002668690379952 -0.000561497281431 -0.000349411512746
26 1 13.426487796400002 3.322205851300000 2.349145244699999 0.002846214640964 0.000530675923040 0.000394591172453
65 8 13.095888200900001 5.727884393600002 5.994451122499998 -0.002329988653547 -0.000019477904665 -0.002120677967997
90 8 17.593253881800006 5.727872023000002 5.994440303000000 0.000836888758874 0.001301374447680 -0.000739788378333
114 8 17.593249127900009 3.131310752300001 4.968235823200000 0.001347280226653 -0.000881137392688 0.001791838764089
130 8 15.344568078800005 4.429600636800002 3.132190496199999 -0.001755902652665 -0.000006877822643 0.000098924823210
138 8 13.095880352600009 5.727889427500000 1.296160360000000 -0.002145232503942 0.000477639301669 -0.001362622726194
146 8 17.593249799300011 5.727866140300000 1.296153622799999 0.001269963795979 0.001341801633984 -0.001593850649663
154 8 15.344572252999999 1.833036553300000 1.296161863300000 -0.000963169918338 -0.001836344690010 -0.001651473242517
170 8 13.095867367800004 3.131308597400002 4.968248379499999 -0.002178467871578 -0.000769339556463 0.000932294980252
42 7 19.180709987699998 4.429598811900002 5.481334835700000 0.000921624492729 -0.001177467748424 -0.002316556301338
66 8 20.768171571100002 5.727884393600002 5.994451122499998 -0.001248392592337 0.000793727361458 -0.001113578802299
98 8 19.180707196099995 4.811361409400002 3.402132653400000 -0.002902292621315 0.004402660647881 0.003423089314373
3 1 11.508418611100000 11.073997829000001 5.481344520900000 0.000365472294939 0.000688985387349 -0.000557501764359
17 1 7.672274418099999 6.644399077300000 2.349147298800000 -0.001812400264925 -0.000198794616647 -0.000089146653323
27 1 9.590346111300001 9.966598154900002 2.349145244699999 0.000603872943455 0.000636836967963 0.000040755206471
33 7 9.590343793000001 7.751796947200008 5.481341472000000 0.000098922040097 0.000588113551095 0.000471167129911
49 7 11.508427041700001 6.644390723800001 2.349147115100000 0.000967667110906 0.002816462055728 -0.000170421021869
73 8 11.508432852700000 8.477427166200002 5.994454850600000 -0.000318725160856 -0.001726463339774 -0.001296270867673
105 8 9.920968477800001 7.560904182000002 3.402136381700000 0.001871857551626 -0.001595952430168 0.001153126252645
121 8 7.672273857400003 7.026163626600007 4.968234320200000 0.000715414343614 0.001721776321067 0.001305461011630
131 8 11.508426393700001 11.073992940400007 3.132190496199999 -0.000438284643075 -0.001266932078419 0.000434313300965
155 8 11.508430567899998 8.477428856900005 1.296161863300000 -0.000301799488281 -0.002902170269120 -0.001461547408552
163 8 7.672298157300000 8.859189034900005 1.566094450300000 -0.000120146449414 -0.000014921679397 -0.000035573804755
171 8 9.259725682700001 9.775700901000002 4.968248379499999 -0.001729505922087 -0.001096784742511 0.001362235337964
11 1 13.426498927399999 9.966593245500007 2.349140662099999 -0.000532678411494 0.001469962641980 -0.000240114998942
18 1 15.344557788300000 6.644399077300000 2.349147298800000 0.000860146645083 -0.000015551611589 0.000059616266251
28 1 17.262629481500003 9.966598154900002 2.349145244699999 -0.000109351214141 -0.001759268543597 0.000385813901780
34 7 17.262627163200005 7.751796947200008 5.481341472000000 0.000674838438059 -0.000478891422602 -0.000283314170100
43 7 15.344568302600003 11.073991115500002 5.481334835700000 -0.001521206836943 -0.000007985635447 0.000208944620397
57 7 13.426498916499998 7.751790037100004 5.481345370700000 -0.000081033281563 0.000887583007043 0.000506390319177
81 8 13.095877704700001 7.560908000500002 3.402138567200000 -0.002178974610649 -0.001847298169337 0.001012781218248
99 8 15.344565510999997 11.455753713000002 3.402132653400000 0.000049963432167 0.001546418767039 0.001781603445724
106 8 17.593251848000001 7.560904182000002 3.402136381700000 0.000815683032375 -0.000226669493862 0.001587516523844
115 8 13.757107442799997 9.775703055900001 4.968235823200000 0.002006062128162 -0.000925425461255 0.001539916938818
122 8 15.344557227600001 7.026163626600007 4.968234320200000 -0.000050507289975 0.001825453431469 0.001378766279053
164 8 15.344581527500001 8.859189034900005 1.566094450300000 0.000383798403926 -0.000109178202774 -0.000084623218072
172 8 16.932009052900014 9.775700901000002 4.968248379499999 -0.001408662567091 -0.000681188829697 0.001329949553523
4 1 19.180701981300000 11.073997829000001 5.481344520900000 0.000326679705701 -0.000421253814095 0.000510470507883
12 1 21.098782297600000 9.966593245500007 2.349140662099999 0.000295448646822 -0.000714764230129 -0.000004685683562
44 7 23.016851672799998 11.073991115500002 5.481334835700000 0.000324472915726 -0.000172739673885 0.000194711045031
50 7 19.180710411899998 6.644390723800001 2.349147115100000 0.000961969633594 -0.002569866880943 -0.000284681833569
58 7 21.098782286699997 7.751790037100004 5.481345370700000 -0.000615761990240 -0.000353885835964 -0.000371469701855
74 8 19.180716222899989 8.477427166200002 5.994454850600000 -0.000364839979200 -0.000679657420902 -0.000555989116180
82 8 20.768161074900000 7.560908000500002 3.402138567200000 -0.001097369867635 -0.000626718500749 0.001443796105917
100 8 23.016848881199998 11.455753713000002 3.402132653400000 -0.000324612092307 0.001739838880532 0.001551447280577
116 8 21.429390813000008 9.775703055900001 4.968235823200000 0.001665146371472 -0.000461157695364 0.001443898542386
132 8 19.180709763900005 11.073992940400007 3.132190496199999 -0.000414070362114 0.001243142179170 -0.000213173290134
156 8 19.180713938099998 8.477428856900005 1.296161863300000 -0.000274500476128 -0.000853420719794 -0.001944343345988
19 1 11.508416103199997 13.288791380900006 2.349147298800000 0.003400033193171 0.002766516178224 -0.000592627227819
123 8 11.508415542500002 13.670555930200003 4.968234320200000 -0.000897748338599 0.001701688400443 0.002453296142953
139 8 9.259738667499999 12.372281731100001 1.296160360000000 -0.002473167233319 0.000626227602315 -0.001682650458146
35 7 13.426485478100000 14.396189250800001 5.481341472000000 -0.000383777477872 -0.000111914869768 -0.006020817470837
51 7 15.344568726800000 13.288783027399999 2.349147115100000 -0.017749005121029 0.001015546023205 -0.000166230381588
59 7 17.262640601600001 14.396182340700005 5.481345370700000 -0.000790437375918 0.000203591700172 0.006056580860355
67 8 16.932029885999999 12.372276697200000 5.994451122499998 -0.001230731499150 0.001612150058362 -0.001923040841901
75 8 15.344574537799998 15.121819469800011 5.994454850600000 0.001941684305624 -0.001902601558720 -0.001593105318396
83 8 16.932019389799994 14.205300304100005 3.402138567200000 -0.004412623500275 0.005963717957348 -0.011155954759796
91 8 13.757112196700003 12.372264326600002 5.994440303000000 0.002095530832591 0.000072701860224 -0.000757989282379
107 8 13.757110162900000 14.205296485600002 3.402136381700000 -0.001095759925166 -0.007347815574336 0.014570078460653
140 8 16.932022037700008 12.372281731100001 1.296160360000000 -0.001325008801120 0.004824545860221 -0.001847030572297
147 8 13.757108114200003 12.372258443900009 1.296153622799999 0.001431265257076 -0.004407021168582 -0.001262841991776
20 1 19.180699473400008 13.288791380900006 2.349147298800000 0.003377061510315 -0.002794811872373 0.000599771267574
36 7 21.098768848300001 14.396189250800001 5.481341472000000 0.001581262013630 -0.000079015535430 0.000913596211281
52 7 23.016852096999997 13.288783027399999 2.349147115100000 0.001719160410121 0.000134735408372 -0.000162572555704
76 8 23.016857907999988 15.121819469800011 5.994454850600000 -0.001007965663842 -0.001478001889022 -0.001098590937136
92 8 21.429395566900006 12.372264326600002 5.994440303000000 0.001087293221454 0.001151902161162 -0.001533752040625
108 8 21.429393533100004 14.205296485600002 3.402136381700000 0.000451210660644 -0.000676113309139 0.001297651512469
124 8 19.180698912699995 13.670555930200003 4.968234320200000 -0.001069741631161 0.002046884587080 0.000426782632037
148 8 21.429391484400018 12.372258443900009 1.296153622799999 0.000942900879407 0.001108884760858 -0.001287528355039
60 7 24.934923971800007 14.396182340700005 5.481345370700000 0.000952793445241 0.000388625703867 -0.000780235306372
68 8 24.604313256200001 12.372276697200000 5.994451122499998 -0.002085386078115 0.000220111680896 -0.001247269789777
84 8 24.604302760000003 14.205300304100005 3.402138567200000 -0.002601302151724 -0.001290716932351 0.001566140361343
29 1 9.590346111300004 5.537003285800003 8.613538384300000 0.000603867913555 0.000232459771766 0.000612622828035
157 8 11.508430567900000 4.047833987800002 7.560555002900000 -0.000301801667842 -0.002012558592909 -0.002719630132673
165 8 7.672298157300002 4.429594165800001 7.830487589900000 -0.000120144217479 0.000024998054767 -0.000092050003775
173 8 9.259725682700003 5.346106031900003 11.232641519100001 -0.002506388044385 -0.001021521181700 0.001179053939501
13 1 13.426498927400001 5.536998376400002 8.613533801700001 -0.000532673709541 0.000218701665833 0.001529393299095
30 1 17.262629481500003 5.537003285800003 8.613538384300000 -0.000109345392654 -0.000240893764196 -0.001761408063736
117 8 13.757107442800002 5.346108186800002 11.232628962800000 0.001508590252542 -0.002485384746417 -0.003738455204047
166 8 15.344581527500001 4.429594165800001 7.830487589900000 0.000383780402772 -0.000052669425727 -0.000164563342025
174 8 16.932009052900007 5.346106031900003 11.232641519100001 -0.001358222728545 0.000222917389568 0.005191990419217
14 1 21.098782297600003 5.536998376400002 8.613533801700001 0.000295435900348 -0.000287570634703 -0.000608823822371
118 8 21.429390813000005 5.346108186800002 11.232628962800000 0.001020224931098 -0.000669972344850 0.001470139529451
158 8 19.180713938100002 4.047833987800002 7.560555002900000 -0.000274490999519 -0.001784831080046 -0.000627165376951
5 1 11.508418611100007 6.644402959900002 11.745737660500000 0.003441425712443 0.000331753512961 0.002779871307938
21 1 11.508416103199998 8.859196511800004 8.613540438400001 0.000324067765382 -0.000260893519503 0.000856595187496
125 8 11.508415542500003 9.240961061100004 11.232627459799998 -0.000897700733950 0.002797257200088 0.000903911032821
133 8 11.508426393700002 6.644398071300002 9.396583635799999 -0.000438278896982 -0.000110688121250 -0.001200866975184
141 8 9.259738667500002 7.942686862000003 7.560553499600000 -0.001696274053708 0.000773853035295 -0.001814657006058
167 8 11.508439842400001 11.073986469400005 7.830487589900000 -0.000195972924228 0.000059876261457 -0.000025022056447
37 7 13.426485478099996 9.966594381700006 11.745734611600000 -0.000383745615659 -0.005765823008061 0.001975167904716
45 7 15.344568302600001 6.644396246400003 11.745727975299999 -0.017790219199715 0.000129609048572 0.001024716112518
53 7 15.344568726799995 8.859188158300002 8.613540254699998 -0.001480825812541 0.000201001561928 -0.000023879251146
61 7 17.262640601600001 9.966587471600000 11.745738510299995 -0.000790481946005 0.005892248451624 -0.001988556323569
69 8 16.932029886000002 7.942681828100003 12.258844262099997 -0.004563337559305 -0.008888200775187 0.009299302445482
77 8 15.344574537800005 10.692224600700005 12.258847990200001 0.001941675419550 -0.002065047109659 -0.001363339711101
85 8 16.932019389799990 9.775705435000003 9.666531706799999 -0.001079697000793 -0.001117045569735 0.002485180984140
93 8 13.757112196700007 7.942669457500004 12.258833442600000 -0.001074538678596 0.011167459498032 -0.011780981471527
101 8 15.344565511000003 7.026158843900003 9.666525792999996 0.000050017254622 0.001902971953048 0.001277236936891
109 8 13.757110162900005 9.775701616500001 9.666529521300001 0.002074306548320 -0.000653372562378 0.000435214148886
142 8 16.932022037700005 7.942686862000003 7.560553499600000 -0.001375415380025 0.000881951564274 -0.001412090399100
149 8 13.757108114200001 7.942663574800001 7.560546762400000 0.001928746478467 0.001089516450082 -0.001551649626743
159 8 15.344572253000006 10.692226291400004 7.560555002900000 0.000378263362433 -0.001829991580173 -0.001646985571319
6 1 19.180701981300004 6.644402959900002 11.745737660500000 0.003418373345821 -0.000397779653556 -0.002860915127532
22 1 19.180699473400011 8.859196511800004 8.613540438400001 0.000285255279100 0.000375906173452 -0.000546098772659
38 7 21.098768848300008 9.966594381700006 11.745734611600000 0.001581235193162 0.000782857838742 -0.000305272130652
46 7 23.016851672800001 6.644396246400003 11.745727975299999 0.001678794150826 -0.000160799850428 0.000192641167920
54 7 23.016852096999990 8.859188158300002 8.613540254699998 0.000364817030865 0.000132707738570 -0.000174529853258
78 8 23.016857907999999 10.692224600700005 12.258847990200001 -0.001008003193729 -0.001457287403387 -0.001127852232611
94 8 21.429395566900006 7.942669457500004 12.258833442600000 0.000472413414647 0.000878263760256 -0.001066897047022
102 8 23.016848881199998 7.026158843900003 9.666525792999996 -0.000324603990525 0.001750441455008 0.001536454640200
110 8 21.429393533100001 9.775701616500001 9.666529521300001 0.001066090832223 -0.001025045235092 0.001711252004570
126 8 19.180698912700002 9.240961061100004 11.232627459799998 -0.001069683440414 0.001001757888253 0.001904865602654
134 8 19.180709763900005 6.644398071300002 9.396583635799999 -0.000414026451665 0.000115547662989 0.001381460416584
150 8 21.429391484400004 7.942663574800001 7.560546762400000 0.001587844613237 0.001153738172156 -0.001081906230307
160 8 23.016855623200005 10.692226291400004 7.560555002900000 -0.000192897938032 -0.001857428567294 -0.001666378844574
168 8 19.180723212599993 11.073986469400005 7.830487589900000 -0.000230859224271 -0.000228442841043 -0.000228914232245
62 7 24.934923971800000 9.966587471600000 11.745738510299995 0.000952774029426 -0.000491784871836 0.000464843698564
70 8 24.604313256200005 7.942681828100003 12.258844262099997 -0.002752334151969 0.000687772955405 -0.001780382622094
86 8 24.604302759999996 9.775705435000003 9.666531706799999 -0.001934367337337 -0.000943980683418 0.000947547611572
7 1 15.344560296200003 13.288795263500004 11.745737660500000 -0.000045704861742 -0.000137544925753 -0.000077297971565
15 1 17.262640612500000 12.181390680000009 8.613533801700001 -0.000314740248963 0.000145820353670 0.000150748309572
23 1 15.344557788300000 15.503588815399999 8.613540438400001 -0.000087117995885 -0.000083674918505 -0.000082737908653
31 1 13.426487796399995 12.181395589400003 8.613538384300000 -0.000006632433608 -0.000239396960286 -0.000149942614997
39 7 17.262627163200005 16.610986685300006 11.745734611600000 0.001414971161724 0.000624073948014 0.000496629570720
95 8 17.593253881800010 14.587061761100006 12.258833442600000 0.001498231856361 0.000593169483996 -0.001350254376935
111 8 17.593251848000001 16.420093920100001 9.666529521300001 0.001477035314218 -0.001038285836442 0.001123321144736
119 8 17.593249127900002 11.990500490400001 11.232628962800000 0.001624330866888 -0.002551992301199 0.001775344880304
127 8 15.344557227600006 15.885353364700006 11.232627459799998 -0.000614651700914 0.001863613341275 0.001405752854897
135 8 15.344568078800005 13.288790374900007 9.396583635799999 0.000189364812651 -0.000082131430376 0.000045708333343
143 8 13.095880352600002 14.587079165600008 7.560553499600000 -0.001749450289189 0.000967535539296 0.000095112358778
151 8 17.593249799300004 14.587055878400003 7.560546762400000 0.001547014041045 0.000769289722111 -0.003163683128144
175 8 13.095867367800004 11.990498335500007 11.232641519100001 -0.001782728200677 0.000768358858814 0.000908236040493
8 1 23.016843666400000 13.288795263500004 11.745737660500000 -0.000130714277346 -0.000011562371739 -0.000096150712421
24 1 23.016841158500000 15.503588815399999 8.613540438400001 -0.000172112045846 -0.000059449008568 0.000042337867379
32 1 21.098771166600002 12.181395589400003 8.613538384300000 0.000380554122151 0.000065123599481 0.000065399602999
47 7 19.180709987699998 13.288788550000005 11.745727975299999 0.000366514672170 0.001062512131880 0.000287431377459
55 7 19.180710411900002 15.503580461900007 8.613540254699998 0.000406872406729 0.000631870600075 0.000959170396305
63 7 21.098782286700004 16.610979775200004 11.745738510299995 -0.001083031017858 0.003387375516342 0.002274035212756
71 8 20.768171571100002 14.587074131700003 12.258844262099997 -0.002109216409536 -0.000737007859290 -0.001694144649755
79 8 19.180716222899996 17.336616904300001 12.258847990200001 -0.001259661573884 -0.002967252432854 -0.002173618452771
87 8 20.768161074900000 16.420097738599999 9.666531706799999 -0.001958194557014 -0.001684325172843 0.000194141698630
103 8 19.180707196099995 13.670551147500003 9.666525792999996 -0.000119833485627 0.001473022955766 0.001351527330412
128 8 23.016840597800005 15.885353364700006 11.232627459799998 0.001926173043776 0.001648420659410 0.001253588983618
136 8 23.016851449000004 13.288790374900007 9.396583635799999 -0.000063488132351 -0.000064810533855 0.000057960304705
144 8 20.768163722800004 14.587079165600008 7.560553499600000 -0.001729497996052 0.000660487401477 -0.002130497341702
176 8 20.768150737999996 11.990498335500007 11.232641519100001 -0.001762726129105 -0.001432343443606 0.001360639798772
16 1 24.934923982700003 12.181390680000009 8.613533801700001 0.000087141978874 -0.000112712099334 -0.000032083861703
40 7 24.934910533400007 16.610986685300006 11.745734611600000 0.000042486504721 -0.004359809630386 -0.003027558972887
48 7 26.852993357900004 13.288788550000005 11.745727975299999 0.000439124307833 -0.001245325820170 0.000080092505793
56 7 26.852993782099993 15.503580461900007 8.613540254699998 0.000479474334039 -0.000332882971856 -0.001147572082545
64 7 28.771065656899999 16.610979775200004 11.745738510299995 0.001067490785927 -0.000567058354090 -0.000522185041523
72 8 28.440454941300004 14.587074131700003 12.258844262099997 -0.001813706190309 0.001105219863550 -0.001477828486137
80 8 26.852999593099998 17.336616904300001 12.258847990200001 -0.000871315028965 -0.001061839264309 -0.000826243046021
88 8 28.440444445099999 16.420097738599999 9.666531706799999 -0.001662684475693 -0.000866306122638 0.001858887112672
96 8 25.265537252000023 14.587061761100006 12.258833442600000 0.001291637933949 0.002262244463086 -0.001143031440798
104 8 26.852990566300001 13.670551147500003 9.666525792999996 -0.000104598600573 0.001985243455012 0.001713732934537
112 8 25.265535218199997 16.420093920100001 9.666529521300001 0.001270449556414 -0.000286566787738 0.002627882415502
120 8 25.265532498100001 11.990500490400001 11.232628962800000 0.001699369360917 -0.000215115571174 0.001307412579999
152 8 25.265533169500006 14.587055878400003 7.560546762400000 0.001622052397585 0.001107080632276 -0.000804441942288
