ITEM: TIMESTEP
0
ITEM: NUMBER OF ATOMS
176
ITEM: BOX BOUNDS xy xz yz pp pp pp
0.0000000000000000e+00 3.0689133480799999e+01 7.6722833701999980e+00
0.0000000000000000e+00 1.7718379476200003e+01 7.6722833702000024e+00
0.0000000000000000e+00 1.2528786279200000e+01 4.4295948690000015e+00
ITEM: ATOMS id type x y z fx fy fz
25 1 5.754204426199998 3.322205851300000 2.349145244699999 0.001313952354061 0.001064878863052 0.002023672506305
137 8 5.423596982400004 5.727889427500000 1.296160360000000 -0.001845617905155 0.000832544840918 -0.002497040447501
161 8 3.836156472199998 2.214796731300001 1.566094450300000 -0.000785111913789 -0.000317931082573 -0.000516020152607
169 8 5.423583997600000 3.131308597400002 4.968248379499999 -0.006308020631792 -0.003846790258238 0.000567174833093
1 1 7.672276926000002 4.429605525400001 5.481344520900000 0.001192717304648 0.009738851333874 0.004484068160722
9 1 9.590357242299998 3.322200941900001 2.349140662099999 -0.004552242724297 0.000183319049563 -0.000264799372303
41 7 11.508426617500000 4.429598811900002 5.481334835700000 -0.029739274783914 0.011457181564861 0.003335914722989
89 8 9.910970511600004 5.727872023000002 5.994440303000000 0.084989611279067 -0.054152659068895 -0.001106907632668
97 8 11.508423825899998 4.811361409400002 3.402132653400000 0.000442668991564 0.001087091256411 0.012319402507510
113 8 9.920965757699999 3.131310752300001 4.968235823200000 0.013879705661211 0.002096367312145 0.002651953361388
129 8 7.672284708600001 4.429600636800002 3.132190496199999 0.000349179145192 -0.001428057308080 -0.006588639329132
145 8 9.920966429100000 5.727866140300000 1.296153622799999 0.003593023512697 0.000796083525377 -0.000978747299608
153 8 7.672288882800000 1.833036553300000 1.296161863300000 0.000510550383173 -0.001922083307389 -0.002180643479138
162 8 11.508439842400000 2.214796731300001 1.566094450300000 0.000716074251775 0.000763619754188 0.001053721845526
2 1 15.344560296200001 4.429605525400001 5.481344520900000 0.005826787131833 -0.000350665417766 -0.000415423688167
10 1 17.262640612500000 3.322200941900001 2.349140662099999 0.001376413030306 -0.000274212345550 -0.000269653280310
26 1 13.426487796400002 3.322205851300000 2.349145244699999 0.001846962982308 -0.001277131461958 -0.004105930101359
65 8 13.095888200900001 5.727884393600002 5.994451122499998 -0.014175896066198 -0.004108760795864 -0.002880466108921
90 8 17.593253881800006 5.727872023000002 5.994440303000000 -0.000436670420263 0.001262764548203 -0.001388538107228
114 8 17.593249127900009 3.131310752300001 4.968235823200000 -0.000439377936148 -0.000952486415970 0.001124063490388
130 8 15.344568078800005 4.429600636800002 3.132190496199999 -0.001230356640610 -0.000288289814268 0.001198683653748
138 8 13.095880352600009 5.727889427500000 1.296160360000000 -0.002011754029939 0.000414619209136 -0.000055940715220
146 8 17.593249799300011 5.727866140300000 1.296153622799999 0.000634714784337 0.000673437522852 -0.001016958362030
154 8 15.344572252999999 1.833036553300000 1.296161863300000 -0.000515412096772 -0.001225580525854 -0.000633911024834
170 8 13.095867367800004 3.131308597400002 4.968248379499999 -0.017785504934136 0.013558841142762 0.006111217317452
42 7 19.180709987699998 4.429598811900002 5.481334835700000 0.004850745300132 0.000588960972627 0.000395966562193
66 8 20.768171571100002 5.727884393600002 5.994451122499998 -0.005510535934333 0.001001967840913 -0.000797783105213
98 8 19.180707196099995 4.811361409400002 3.402132653400000 -0.000789043771405 0.001818591330320 0.001053059408908
3 1 11.508418611100000 11.073997829000001 5.481344520900000 -0.000942948983678 0.000922131222414 -0.000357268659614
17 1 7.672274418099999 6.644399077300000 2.349147298800000 -0.000862969320789 -0.000737970901246 0.005068491136078
27 1 9.590346111300001 9.966598154900002 2.349145244699999 -0.000764589920559 -0.000356386762455 0.000802367768508
33 7 9.590343793000001 7.751796947200008 5.481341472000000 -0.017374183731866 -0.004284544522077 0.001469347515072
49 7 11.508427041700001 6.644390723800001 2.349147115100000 -0.002643954334791 0.005399893080535 -0.004546750570802
73 8 11.508432852700000 8.477427166200002 5.994454850600000 0.003069957091268 -0.005727054102279 -0.001181042901996
105 8 9.920968477800001 7.560904182000002 3.402136381700000 0.005354351568175 -0.001141742215796 -0.001605894742274
121 8 7.672273857400003 7.026163626600007 4.968234320200000 -0.015614045214125 0.014990037057076 -0.006652395764191
131 8 11.508426393700001 11.073992940400007 3.132190496199999 0.000648837898773 0.000139684195647 -0.000099814757711
155 8 11.508430567899998 8.477428856900005 1.296161863300000 0.000533613855900 -0.002571476058754 -0.001352151363681
163 8 7.672298157300000 8.859189034900005 1.566094450300000 0.000146280664911 0.000801924223149 -0.000759144145886
171 8 9.259725682700001 9.775700901000002 4.968248379499999 -0.003022172780034 0.005396040199283 -0.000054089470044
11 1 13.426498927399999 9.966593245500007 2.349140662099999 -0.000266028053641 0.000654249684818 -0.000246965074564
18 1 15.344557788300000 6.644399077300000 2.349147298800000 0.001315520921342 0.000667153769429 -0.001211588570907
28 1 17.262629481500003 9.966598154900002 2.349145244699999 0.000602857167321 -0.000087957433749 0.000029684411101
34 7 17.262627163200005 7.751796947200008 5.481341472000000 0.003315307104590 0.000682270375578 0.000256177066829
43 7 15.344568302600003 11.073991115500002 5.481334835700000 0.000445030810323 0.000986029170879 0.000363434480760
57 7 13.426498916499998 7.751790037100004 5.481345370700000 0.003693372842292 0.009030644572250 -0.001968631505816
81 8 13.095877704700001 7.560908000500002 3.402138567200000 -0.001556990906327 -0.001884766548372 0.002789987901782
99 8 15.344565510999997 11.455753713000002 3.402132653400000 -0.000123967838793 0.001363521137902 0.001768358895758
106 8 17.593251848000001 7.560904182000002 3.402136381700000 0.000495001239233 -0.000891445880101 0.001790129343155
115 8 13.757107442799997 9.775703055900001 4.968235823200000 0.001338279311901 -0.002778168701013 0.001609144852213
122 8 15.344557227600001 7.026163626600007 4.968234320200000 -0.002438139242715 0.000849405056143 0.001849350161997
164 8 15.344581527500001 8.859189034900005 1.566094450300000 -0.000534224402248 -0.000311973396052 0.000369499277215
172 8 16.932009052900014 9.775700901000002 4.968248379499999 -0.002145152495800 -0.000955847515281 0.001300969073543
4 1 19.180701981300000 11.073997829000001 5.481344520900000 0.000658333082079 -0.001396551216489 -0.000140900518178
12 1 21.098782297600000 9.966593245500007 2.349140662099999 0.000379227825523 -0.001169353209066 0.000957622741025
44 7 23.016851672799998 11.073991115500002 5.481334835700000 0.000823375136732 -0.003256185543446 -0.000072617789994
50 7 19.180710411899998 6.644390723800001 2.349147115100000 0.001723039987851 0.000018746807607 0.001044850241808
58 7 21.098782286699997 7.751790037100004 5.481345370700000 0.008566709269336 -0.004625430948648 -0.001558244217002
74 8 19.180716222899989 8.477427166200002 5.994454850600000 -0.003110640519396 -0.001017110192094 -0.000979356552632
82 8 20.768161074900000 7.560908000500002 3.402138567200000 -0.003767054423574 -0.000590312413544 -0.000503218963666
100 8 23.016848881199998 11.455753713000002 3.402132653400000 -0.000160198317261 0.002603983968124 0.001007504278958
116 8 21.429390813000008 9.775703055900001 4.968235823200000 0.001264405290698 0.001586485470543 0.001131515889583
132 8 19.180709763900005 11.073992940400007 3.132190496199999 -0.000241513524500 0.000559216416340 0.000036278964869
156 8 19.180713938099998 8.477428856900005 1.296161863300000 -0.000305646281579 -0.001383029603916 -0.002075986932213
19 1 11.508416103199997 13.288791380900006 2.349147298800000 -0.000029235610926 0.000277976469737 0.000388037029300
123 8 11.508415542500002 13.670555930200003 4.968234320200000 -0.000454385890806 0.001202300587989 0.001054331869325
139 8 9.259738667499999 12.372281731100001 1.296160360000000 -0.001292062611766 0.000953687176289 -0.001611241331836
35 7 13.426485478100000 14.396189250800001 5.481341472000000 0.001150382745928 0.003032448434348 -0.000027184381306
51 7 15.344568726800000 13.288783027399999 2.349147115100000 -0.000941151286679 0.000613447144588 0.000155927796767
59 7 17.262640601600001 14.396182340700005 5.481345370700000 -0.003850960979163 -0.000725940570520 0.000523848524982
67 8 16.932029885999999 12.372276697200000 5.994451122499998 -0.001497869471752 0.000916233919177 -0.001490694315877
75 8 15.344574537799998 15.121819469800011 5.994454850600000 0.001358790267538 -0.005206203598049 -0.001289781977057
83 8 16.932019389799994 14.205300304100005 3.402138567200000 -0.000870932790460 -0.000755339340624 0.001722133610150
91 8 13.757112196700003 12.372264326600002 5.994440303000000 0.001729223094959 -0.000003712989921 -0.001374594963609
107 8 13.757110162900000 14.205296485600002 3.402136381700000 0.001657413119388 -0.001596988604704 0.001169871127005
140 8 16.932022037700008 12.372281731100001 1.296160360000000 -0.001186683884159 0.000832963247112 -0.001625395263254
147 8 13.757108114200003 12.372258443900009 1.296153622799999 0.000843653124025 0.000209489242238 -0.001011817208578
20 1 19.180699473400008 13.288791380900006 2.349147298800000 -0.000364601358961 -0.001209581801161 -0.000589552541081
36 7 21.098768848300001 14.396189250800001 5.481341472000000 0.001878553784850 -0.008933967849172 0.001295140517729
52 7 23.016852096999997 13.288783027399999 2.349147115100000 0.000593415870482 -0.001336079437873 -0.000725401942936
76 8 23.016857907999988 15.121819469800011 5.994454850600000 -0.002531187049567 -0.000717558903677 -0.002113607251374
92 8 21.429395566900006 12.372264326600002 5.994440303000000 0.000547749430118 0.003932803121260 -0.001490717487793
108 8 21.429393533100004 14.205296485600002 3.402136381700000 0.000881359558646 0.001046008199680 0.003192363943299
124 8 19.180698912699995 13.670555930200003 4.968234320200000 0.001323967596957 0.003002028513179 0.001572641487733
148 8 21.429391484400018 12.372258443900009 1.296153622799999 0.001301098922139 0.001135365687423 -0.000666500568548
60 7 24.934923971800007 14.396182340700005 5.481345370700000 0.001810150343649 -0.000632534702733 0.000126808616246
68 8 24.604313256200001 12.372276697200000 5.994451122499998 -0.001537737202240 0.001600025402018 -0.001269799534969
84 8 24.604302760000003 14.205300304100005 3.402138567200000 -0.002040555390809 -0.000753082847118 0.001529635250528
29 1 9.590346111300004 5.537003285800003 8.613538384300000 -0.012808266607860 0.001629732092590 -0.004579762794640
157 8 11.508430567900000 4.047833987800002 7.560555002900000 -0.003016395170710 0.008835366180800 -0.016565158125641
165 8 7.672298157300002 4.429594165800001 7.830487589900000 -0.003199620961095 -0.003610975930930 0.008256156804552
173 8 9.259725682700003 5.346106031900003 11.232641519100001 -0.001650050871265 -0.001155505121346 0.002331835706642
13 1 13.426498927400001 5.536998376400002 8.613533801700001 0.001936471968572 0.001515650569686 0.005257000390342
30 1 17.262629481500003 5.537003285800003 8.613538384300000 0.002131639658563 0.000211372828306 0.000331955992653
117 8 13.757107442800002 5.346108186800002 11.232628962800000 0.001783452465418 -0.000844107107508 0.000363113491688
166 8 15.344581527500001 4.429594165800001 7.830487589900000 -0.002030465625420 0.000304638843705 -0.001216515959418
174 8 16.932009052900007 5.346106031900003 11.232641519100001 -0.001864820120239 -0.000805473225081 0.001202521109348
14 1 21.098782297600003 5.536998376400002 8.613533801700001 0.003256618590815 -0.000848156756803 -0.002902513301672
118 8 21.429390813000005 5.346108186800002 11.232628962800000 0.001865179736823 -0.000699103850726 0.002065126007918
158 8 19.180713938100002 4.047833987800002 7.560555002900000 -0.000880610637186 -0.002130958244034 -0.001300752527276
5 1 11.508418611100007 6.644402959900002 11.745737660500000 -0.000435625847355 0.000050556820392 0.000438720151431
21 1 11.508416103199998 8.859196511800004 8.613540438400001 -0.002377630016780 0.000799751931510 0.000915962756415
125 8 11.508415542500003 9.240961061100004 11.232627459799998 0.000357161264683 0.001769123147495 0.001100846195903
133 8 11.508426393700002 6.644398071300002 9.396583635799999 0.002411991052440 -0.000230940595334 -0.000923394132835
141 8 9.259738667500002 7.942686862000003 7.560553499600000 0.000499236626996 0.007523591570382 0.004411204249133
167 8 11.508439842400001 11.073986469400005 7.830487589900000 0.000128381312525 -0.000342697100189 -0.000165515877114
37 7 13.426485478099996 9.966594381700006 11.745734611600000 0.000276363127044 0.000128219286661 0.001035937263808
45 7 15.344568302600001 6.644396246400003 11.745727975299999 0.000086581376491 0.000438608362917 0.001038727090322
53 7 15.344568726799995 8.859188158300002 8.613540254699998 0.001148910828157 0.001305999871035 0.000740719027302
61 7 17.262640601600001 9.966587471600000 11.745738510299995 -0.000526882843336 0.000340129724248 -0.000312339673449
69 8 16.932029886000002 7.942681828100003 12.258844262099997 -0.001695051275467 0.000673285106324 -0.001494950289775
77 8 15.344574537800005 10.692224600700005 12.258847990200001 -0.000104346065637 -0.002126337390782 -0.002103735315057
85 8 16.932019389799990 9.775705435000003 9.666531706799999 -0.002077517638710 -0.001115242967034 0.001288447510720
93 8 13.757112196700007 7.942669457500004 12.258833442600000 0.001662845261704 0.000937916775401 -0.001920507945851
101 8 15.344565511000003 7.026158843900003 9.666525792999996 -0.000403429532530 0.001461284409905 0.000943572284991
109 8 13.757110162900005 9.775701616500001 9.666529521300001 0.001730757715674 -0.001106140246968 0.001165907312299
142 8 16.932022037700005 7.942686862000003 7.560553499600000 -0.002305698846259 0.000775381425315 -0.001611713378679
149 8 13.757108114200001 7.942663574800001 7.560546762400000 0.001176770165528 -0.000591456095319 -0.002895324016927
159 8 15.344572253000006 10.692226291400004 7.560555002900000 -0.000063907398528 -0.002211729951244 -0.001690885565145
6 1 19.180701981300004 6.644402959900002 11.745737660500000 0.000307674646222 -0.000422387051140 -0.001214512057107
22 1 19.180699473400011 8.859196511800004 8.613540438400001 0.001124557386941 -0.000651484024414 -0.000589364172930
38 7 21.098768848300008 9.966594381700006 11.745734611600000 0.000623578265373 -0.000192721562776 -0.001913629601730
46 7 23.016851672800001 6.644396246400003 11.745727975299999 0.000254841708503 -0.000273194878836 -0.002055226248764
54 7 23.016852096999990 8.859188158300002 8.613540254699998 0.001622058947429 -0.002907802650285 -0.002875954695233
78 8 23.016857907999999 10.692224600700005 12.258847990200001 -0.000569534712735 -0.001918461191406 -0.000965888572044
94 8 21.429395566900006 7.942669457500004 12.258833442600000 0.001313936119060 0.001385206647652 -0.000389541413683
102 8 23.016848881199998 7.026158843900003 9.666525792999996 0.000038594579489 0.001781572525153 0.002955442312227
110 8 21.429393533100001 9.775701616500001 9.666529521300001 0.000920255899780 -0.000240195775538 0.002493037092552
126 8 19.180698912700002 9.240961061100004 11.232627459799998 0.000219999932263 0.001948503277039 0.001743214547681
134 8 19.180709763900005 6.644398071300002 9.396583635799999 -0.001144095524254 0.000367013121403 0.000602142096155
150 8 21.429391484400004 7.942663574800001 7.560546762400000 0.001132878176965 0.001868987418653 0.000043887612108
160 8 23.016855623200005 10.692226291400004 7.560555002900000 -0.000367248813900 -0.000505738577827 -0.001545004418421
168 8 19.180723212599993 11.073986469400005 7.830487589900000 -0.000203047424417 0.000632213554996 -0.000024560856981
62 7 24.934923971800000 9.966587471600000 11.745738510299995 -0.000126604705926 -0.000165463748810 -0.000545306012465
70 8 24.604313256200005 7.942681828100003 12.258844262099997 -0.001749847829120 0.000799902505534 -0.001112415146916
86 8 24.604302759999996 9.775705435000003 9.666531706799999 -0.001017877062369 -0.000095782505480 0.002450626610204
7 1 15.344560296200003 13.288795263500004 11.745737660500000 -0.000064109863469 0.000019169604841 0.000289169069641
15 1 17.262640612500000 12.181390680000009 8.613533801700001 -0.000408595028594 -0.000200675341933 0.000192102519181
23 1 15.344557788300000 15.503588815399999 8.613540438400001 -0.000891633948834 0.003435048680574 -0.001873581467587
31 1 13.426487796399995 12.181395589400003 8.613538384300000 0.000229821647787 0.000607363350933 -0.000071983765554
39 7 17.262627163200005 16.610986685300006 11.745734611600000 -0.000401445488292 0.000340507095941 -0.000051524109267
95 8 17.593253881800010 14.587061761100006 12.258833442600000 0.001980616720290 0.001031019206752 -0.001563773771200
111 8 17.593251848000001 16.420093920100001 9.666529521300001 0.003555014015285 -0.001505000068673 0.000449081170326
119 8 17.593249127900002 11.990500490400001 11.232628962800000 0.002020023162726 -0.000726694479509 0.001346679232414
127 8 15.344557227600006 15.885353364700006 11.232627459799998 0.000621406005701 0.001911294844670 0.001608732761507
135 8 15.344568078800005 13.288790374900007 9.396583635799999 0.000174254468378 -0.000713274685136 0.000175037768535
143 8 13.095880352600002 14.587079165600008 7.560553499600000 -0.001749638936129 0.000387749573417 -0.001366591756688
151 8 17.593249799300004 14.587055878400003 7.560546762400000 0.003572142486512 0.001720960412853 -0.001407135755766
175 8 13.095867367800004 11.990498335500007 11.232641519100001 -0.001646562155356 -0.000969005540233 0.001125630792474
8 1 23.016843666400000 13.288795263500004 11.745737660500000 0.000286299215308 -0.000265932977886 -0.000159139490033
24 1 23.016841158500000 15.503588815399999 8.613540438400001 0.001298833894333 -0.001167469922374 0.001087788800028
32 1 21.098771166600002 12.181395589400003 8.613538384300000 0.000637612308764 -0.001404754469224 0.000120020364509
47 7 19.180709987699998 13.288788550000005 11.745727975299999 -0.000400442202917 -0.000177340379192 0.000247379437191
55 7 19.180710411900002 15.503580461900007 8.613540254699998 -0.002442598849454 -0.005589596522700 0.004710874966333
63 7 21.098782286700004 16.610979775200004 11.745738510299995 -0.000147792128215 0.000189087836885 0.001668283796890
71 8 20.768171571100002 14.587074131700003 12.258844262099997 -0.001865169581122 0.000771835364568 -0.001507122337802
79 8 19.180716222899996 17.336616904300001 12.258847990200001 -0.000032468221594 -0.002109980097239 -0.001531452038973
87 8 20.768161074900000 16.420097738599999 9.666531706799999 -0.002273248024529 -0.000482670094946 -0.000567032966874
103 8 19.180707196099995 13.670551147500003 9.666525792999996 0.000242056835052 0.003453559930156 0.000442356311773
128 8 23.016840597800005 15.885353364700006 11.232627459799998 -0.000026117448554 0.001908407192099 0.000825789615964
136 8 23.016851449000004 13.288790374900007 9.396583635799999 -0.000252429388235 0.000549012126043 -0.000173650887787
144 8 20.768163722800004 14.587079165600008 7.560553499600000 -0.002096928917522 0.002165692997401 -0.002415384786415
176 8 20.768150737999996 11.990498335500007 11.232641519100001 -0.001723171722910 -0.000715481729264 0.001465152578401
16 1 24.934923982700003 12.181390680000009 8.613533801700001 -0.000399191876071 -0.000693191120536 -0.000055707187141
40 7 24.934910533400007 16.610986685300006 11.745734611600000 0.000962808495990 -0.000104282225999 -0.000139426315401
48 7 26.852993357900004 13.288788550000005 11.745727975299999 0.000156130065081 0.000117458350606 0.000278312316392
56 7 26.852993782099993 15.503580461900007 8.613540254699998 0.001065694989683 0.000885847480778 -0.000692851649776
64 7 28.771065656899999 16.610979775200004 11.745738510299995 0.000069098752488 0.000310692193336 -0.000817940150359
72 8 28.440454941300004 14.587074131700003 12.258844262099997 -0.001882209729921 0.000583817989548 -0.001420933739106
80 8 26.852999593099998 17.336616904300001 12.258847990200001 -0.000500717637819 -0.001779318007675 -0.001091746314919
88 8 28.440444445099999 16.420097738599999 9.666531706799999 -0.002082484815494 -0.001478234376689 0.002185970909341
96 8 25.265537252000023 14.587061761100006 12.258833442600000 0.001480184567428 0.001053601947237 -0.001350483937671
104 8 26.852990566300001 13.670551147500003 9.666525792999996 -0.000105258308646 0.001449816798638 0.001716570679981
112 8 25.265535218199997 16.420093920100001 9.666529521300001 0.000860996908008 -0.000835194363623 0.001591666981737
120 8 25.265532498100001 11.990500490400001 11.232628962800000 0.001770556651611 -0.000598763600733 0.001309283372778
152 8 25.265533169500006 14.587055878400003 7.560546762400000 0.000640740369376 0.000770597571375 -0.001184651201624
