ITEM: TIMESTEP
0
ITEM: NUMBER OF ATOMS
176
ITEM: BOX BOUNDS xy xz yz pp pp pp
0.0000000000000000e+00 3.0689133480799999e+01 7.6722833701999980e+00
0.0000000000000000e+00 1.7718379476200003e+01 7.6722833702000024e+00
0.0000000000000000e+00 1.2528786279200000e+01 4.4295948690000015e+00
ITEM: ATOMS id type x y z fx fy fz
25 1 5.754204426199998 3.322205851300000 2.349145244699999 0.003577329125830 0.000794661298311 0.002931554177494
137 8 5.423596982400004 5.727889427500000 1.296160360000000 -0.002059669147883 0.001319090605361 -0.002330073843825
161 8 3.836156472199998 2.214796731300001 1.566094450300000 -0.001220801804368 -0.000333396936810 -0.000541936448850
169 8 5.423583997600000 3.131308597400002 4.968248379499999 -0.005369748692351 -0.001193245212211 0.000682142554082
1 1 7.672276926000002 4.429605525400001 5.481344520900000 0.001193296638390 -0.009940590539880 -0.004647757495189
9 1 9.590357242299998 3.322200941900001 2.349140662099999 -0.013128817127010 -0.001683228833261 0.004608601956240
41 7 11.508426617500000 4.429598811900002 5.481334835700000 -0.029737717098770 -0.011512134582013 -0.002881621393896
89 8 9.920970511600007 5.727872023000002 5.994440303000000 0.013671042432678 -0.001815608580540 -0.002627208240784
97 8 11.508423825899998 4.811361409400002 3.402132653400000 -0.002943121515400 -0.008893124286321 0.016481217655274
113 8 9.910965757700001 3.131310752300001 4.968235823200000 0.085194520849882 0.054431847490377 0.001130004515959
129 8 7.672284708600001 4.429600636800002 3.132190496199999 -0.003122918061960 0.003644458955071 -0.008195646815422
145 8 9.920966429100000 5.727866140300000 1.296153622799999 0.003707419192890 0.001605078634737 -0.000244593826465
153 8 7.672288882800000 1.833036553300000 1.296161863300000 -0.000034615209222 -0.001839339185937 -0.003039257158207
162 8 11.508439842400000 2.214796731300001 1.566094450300000 0.002335144628416 0.000264554613429 0.000983627423043
2 1 15.344560296200001 4.429605525400001 5.481344520900000 0.005826683914548 0.000149163915945 0.000252044865216
10 1 17.262640612500000 3.322200941900001 2.349140662099999 0.001810907095384 -0.000264882786824 -0.000302827769424
26 1 13.426487796400002 3.322205851300000 2.349145244699999 0.002257207312018 -0.001569094125096 -0.005227846492681
65 8 13.095888200900001 5.727884393600002 5.994451122499998 -0.017924794191886 -0.013748890298304 -0.006226788004683
90 8 17.593253881800006 5.727872023000002 5.994440303000000 -0.000647975443504 0.001233162811664 -0.001099316978223
114 8 17.593249127900009 3.131310752300001 4.968235823200000 -0.000228010313544 -0.000982090001612 0.001413307630736
130 8 15.344568078800005 4.429600636800002 3.132190496199999 -0.001953697799628 -0.000271034656983 0.001276671770792
138 8 13.095880352600009 5.727889427500000 1.296160360000000 -0.002250378274412 0.000323516706517 0.000422875475200
146 8 17.593249799300011 5.727866140300000 1.296153622799999 0.001013500560977 0.000935270192797 -0.001387124361756
154 8 15.344572252999999 1.833036553300000 1.296161863300000 -0.000476642363450 -0.001519099219766 -0.001027484485495
170 8 13.095867367800004 3.131308597400002 4.968248379499999 -0.014035557459484 0.003917478783807 0.002764513507580
42 7 19.180709987699998 4.429598811900002 5.481334835700000 0.004850664232462 -0.000645783757510 0.000057208844013
66 8 20.768171571100002 5.727884393600002 5.994451122499998 -0.006448705418258 0.003655383270177 -0.000682836369570
98 8 19.180707196099995 4.811361409400002 3.402132653400000 -0.000807350304310 0.002073126796311 0.001216863375042
3 1 11.508418611100000 11.073997829000001 5.481344520900000 0.000658344267360 0.001194995923890 -0.000022508764244
17 1 7.672274418099999 6.644399077300000 2.349147298800000 -0.000891617778300 -0.003586149028660 0.001780360422779
27 1 9.590346111300001 9.966598154900002 2.349145244699999 -0.000087868186499 0.000147141821758 -0.000162969160923
33 7 9.590343793000001 7.751796947200008 5.481341472000000 -0.003438547782408 0.000827319089664 -0.000517933005405
49 7 11.508427041700001 6.644390723800001 2.349147115100000 -0.002442566379391 0.006011181793425 -0.004808871726603
73 8 11.508432852700000 8.477427166200002 5.994454850600000 0.000842361575472 -0.003062045594977 -0.001602575350319
105 8 9.920968477800001 7.560904182000002 3.402136381700000 0.003419652092858 -0.001620906349683 0.001611630337199
121 8 7.672273857400003 7.026163626600007 4.968234320200000 0.001840244866342 0.005146148673831 0.001259816661677
131 8 11.508426393700001 11.073992940400007 3.132190496199999 -0.000126300421795 -0.000598592190457 0.000084762138444
155 8 11.508430567899998 8.477428856900005 1.296161863300000 0.000168842260861 -0.003511331788760 -0.000526274197656
163 8 7.672298157300000 8.859189034900005 1.566094450300000 0.000097508409104 0.000746907622829 -0.000114852962629
171 8 9.259725682700001 9.775700901000002 4.968248379499999 -0.001357265448187 -0.001107616015586 0.001375014392402
11 1 13.426498927399999 9.966593245500007 2.349140662099999 0.000316900427627 0.001351219430311 -0.000090886393228
18 1 15.344557788300000 6.644399077300000 2.349147298800000 0.001298802281081 0.001016351414347 -0.001180953975106
28 1 17.262629481500003 9.966598154900002 2.349145244699999 -0.000078485318560 0.000639635058406 0.000084839684457
34 7 17.262627163200005 7.751796947200008 5.481341472000000 0.002222393319577 0.000734062490515 -0.000121026538530
43 7 15.344568302600003 11.073991115500002 5.481334835700000 0.000823209265639 0.003199220009872 0.000525736459309
57 7 13.426498916499998 7.751790037100004 5.481345370700000 0.001466143259397 0.009035075454178 -0.001289231946785
81 8 13.095877704700001 7.560908000500002 3.402138567200000 -0.002119733324761 -0.002324789298614 0.002271177847006
99 8 15.344565510999997 11.455753713000002 3.402132653400000 -0.000294036137550 0.000447967691768 0.001461133681923
106 8 17.593251848000001 7.560904182000002 3.402136381700000 0.000488392597410 -0.000670633240753 0.001389183986281
115 8 13.757107442799997 9.775703055900001 4.968235823200000 0.000756381850723 -0.003652095334087 0.001515475399456
122 8 15.344557227600001 7.026163626600007 4.968234320200000 -0.002049584869102 0.000657499661405 0.002083699983589
164 8 15.344581527500001 8.859189034900005 1.566094450300000 -0.000329168391037 -0.000515385751287 0.000233845641263
172 8 16.932009052900014 9.775700901000002 4.968248379499999 -0.001397113882452 -0.001791397849533 0.001154147063751
4 1 19.180701981300000 11.073997829000001 5.481344520900000 -0.000942940618096 -0.001123689032051 0.000193864509051
12 1 21.098782297600000 9.966593245500007 2.349140662099999 -0.000090903765691 -0.000660875935185 0.000101103273263
44 7 23.016851672799998 11.073991115500002 5.481334835700000 0.000445050588970 -0.001042818572071 0.000089663527350
50 7 19.180710411899998 6.644390723800001 2.349147115100000 0.001065681735091 -0.000464120930200 0.000594720895950
58 7 21.098782286699997 7.751790037100004 5.481345370700000 0.000738125443655 -0.002930931528616 0.000033082979168
74 8 19.180716222899989 8.477427166200002 5.994454850600000 -0.000935936789482 -0.001262376273461 -0.001084279048808
82 8 20.768161074900000 7.560908000500002 3.402138567200000 -0.001772466307167 -0.000546923766319 0.001222441862141
100 8 23.016848881199998 11.455753713000002 3.402132653400000 0.000009304091726 0.002153928363464 0.001606985388949
116 8 21.429390813000008 9.775703055900001 4.968235823200000 0.001937805774824 0.000284396348250 0.001399351064722
132 8 19.180709763900005 11.073992940400007 3.132190496199999 0.000205127977438 0.000376340198833 0.000225721227778
156 8 19.180713938099998 8.477428856900005 1.296161863300000 -0.000178484145712 -0.001507639107283 -0.001800454000086
19 1 11.508416103199997 13.288791380900006 2.349147298800000 0.001124553700621 0.000500330736814 0.000496169900854
123 8 11.508415542500002 13.670555930200003 4.968234320200000 -0.002629037244050 0.000957081799627 0.000949421502601
139 8 9.259738667499999 12.372281731100001 1.296160360000000 -0.002054685110066 0.000956089253035 -0.001432608103933
35 7 13.426485478100000 14.396189250800001 5.481341472000000 0.008978851374988 0.004726776135941 0.001564191024617
51 7 15.344568726800000 13.288783027399999 2.349147115100000 0.001622021860945 0.003329399080828 0.002777756322516
59 7 17.262640601600001 14.396182340700005 5.481345370700000 -0.017786008868391 0.004385006886812 -0.001462833191366
67 8 16.932029885999999 12.372276697200000 5.994451122499998 -0.003162621051908 -0.005587022424978 -0.000061663334170
75 8 15.344574537799998 15.121819469800011 5.994454850600000 -0.016095847006236 -0.015050338346118 0.006622752676617
83 8 16.932019389799994 14.205300304100005 3.402138567200000 0.000476440838003 -0.007682848030421 -0.004555365337869
91 8 13.757112196700003 12.372264326600002 5.994440303000000 0.001055843532642 -0.001305774913703 -0.001106804129756
107 8 13.757110162900000 14.205296485600002 3.402136381700000 0.000980437579521 -0.001768893478324 0.000160665015020
140 8 16.932022037700008 12.372281731100001 1.296160360000000 -0.000995037721507 -0.000063360444851 -0.002594764706310
147 8 13.757108114200003 12.372258443900009 1.296153622799999 0.001072775690108 0.000340280782027 -0.002288485174700
20 1 19.180699473400008 13.288791380900006 2.349147298800000 -0.002377626571073 -0.000950967857572 -0.001009204499066
36 7 21.098768848300001 14.396189250800001 5.481341472000000 0.004105805131812 -0.008929300255187 0.001974626878324
52 7 23.016852096999997 13.288783027399999 2.349147115100000 0.001148927323860 -0.000884327576946 -0.000838833987422
76 8 23.016857907999988 15.121819469800011 5.994454850600000 -0.002919683963849 -0.000909503640460 -0.001879289836300
92 8 21.429395566900006 12.372264326600002 5.994440303000000 0.001129640992206 0.003058841196047 -0.001584367158351
108 8 21.429393533100004 14.205296485600002 3.402136381700000 0.001024269130245 0.000691497913790 0.003099851141165
124 8 19.180698912699995 13.670555930200003 4.968234320200000 0.003551475639199 0.005666993685674 0.001150993688642
148 8 21.429391484400018 12.372258443900009 1.296153622799999 0.001883234314770 0.001206216093826 -0.000961381222654
60 7 24.934923971800007 14.396182340700005 5.481345370700000 0.002903037176656 -0.000580781183974 -0.000250299011599
68 8 24.604313256200001 12.372276697200000 5.994451122499998 -0.002285779273731 0.000764417444798 -0.001416643051228
84 8 24.604302760000003 14.205300304100005 3.402138567200000 -0.002328545398101 -0.000934530148971 0.001467555374748
29 1 9.590346111300004 5.537003285800003 8.613538384300000 -0.004231442948499 -0.000236888937835 0.000293807339331
157 8 11.508430567900000 4.047833987800002 7.560555002900000 0.000369426708197 -0.001145009205809 -0.012402851288404
165 8 7.672298157300002 4.429594165800001 7.830487589900000 0.000272442867790 0.001461627239634 0.006648759195583
173 8 9.259725682700003 5.346106031900003 11.232641519100001 -0.001554447060117 -0.000864705247083 0.001379290168480
13 1 13.426498927400001 5.536998376400002 8.613533801700001 0.001526213060028 0.001223604081146 0.004134971165804
30 1 17.262629481500003 5.537003285800003 8.613538384300000 0.001697101321794 0.000220678460486 0.000298808099225
117 8 13.757107442800002 5.346108186800002 11.232628962800000 0.001522572014497 -0.001104527015677 0.000414331521712
166 8 15.344581527500001 4.429594165800001 7.830487589900000 -0.001307040462978 0.000321909493774 -0.001138478545489
174 8 16.932009052900007 5.346106031900003 11.232641519100001 -0.001609236103456 -0.000991311281295 0.000996748502785
14 1 21.098782297600003 5.536998376400002 8.613533801700001 0.000993201937848 -0.001118381808076 -0.001994531658861
118 8 21.429390813000005 5.346108186800002 11.232628962800000 0.001871458410313 -0.000657253190131 0.001945273633371
158 8 19.180713938100002 4.047833987800002 7.560555002900000 -0.000862266779093 -0.001876413235184 -0.001136963542989
5 1 11.508418611100007 6.644402959900002 11.745737660500000 0.000307681869426 0.000220848317821 0.001051069183271
21 1 11.508416103199998 8.859196511800004 8.613540438400001 -0.000364603031248 0.001058413687604 0.000496353501452
125 8 11.508415542500003 9.240961061100004 11.232627459799998 -0.000019169642775 0.001719239049781 0.001061822561362
133 8 11.508426393700002 6.644398071300002 9.396583635799999 0.000792800851636 -0.000729947577067 -0.000993465274530
141 8 9.259738667500002 7.942686862000003 7.560553499600000 -0.000848167979381 0.000596251963452 -0.001866243301354
167 8 11.508439842400001 11.073986469400005 7.830487589900000 -0.000318261749468 -0.000525599063219 0.000023904607901
37 7 13.426485478099996 9.966594381700006 11.745734611600000 0.000481373670937 -0.000209156456270 0.000823700013663
45 7 15.344568302600001 6.644396246400003 11.745727975299999 0.000254826327574 0.000216372740915 0.002508282705937
53 7 15.344568726799995 8.859188158300002 8.613540254699998 0.000593461195039 0.001757732423296 0.000627263902333
61 7 17.262640601600001 9.966587471600000 11.745738510299995 -0.000813701548234 -0.000238982622187 0.000057403604459
69 8 16.932029886000002 7.942681828100003 12.258844262099997 -0.001790693825959 0.000964075253739 -0.002447528269224
77 8 15.344574537800005 10.692224600700005 12.258847990200001 0.000139836075643 -0.001971380650985 -0.001638673342586
85 8 16.932019389799990 9.775705435000003 9.666531706799999 -0.001314904957038 -0.001112840963395 0.001467076657897
93 8 13.757112196700007 7.942669457500004 12.258833442600000 0.001656590840292 0.000979753769119 -0.002040334432070
101 8 15.344565511000003 7.026158843900003 9.666525792999996 -0.000442198301761 0.001167803448930 0.000550003555229
109 8 13.757110162900005 9.775701616500001 9.666529521300001 0.001148607644936 -0.001035303889842 0.000871018782260
142 8 16.932022037700005 7.942686862000003 7.560553499600000 -0.002017727254110 0.000593948722816 -0.001673762907460
149 8 13.757108114200001 7.942663574800001 7.560546762400000 0.001033906784221 -0.000945884570799 -0.002987790166335
159 8 15.344572253000006 10.692226291400004 7.560555002900000 -0.000233407844535 -0.002661775248030 -0.001091427304243
6 1 19.180701981300004 6.644402959900002 11.745737660500000 -0.000435635893215 -0.000252085056273 -0.000602149882343
22 1 19.180699473400011 8.859196511800004 8.613540438400001 -0.000029264832604 -0.000429099779321 -0.000481199684169
38 7 21.098768848300008 9.966594381700006 11.745734611600000 0.000264460127433 -0.000087546045743 -0.001662485270739
46 7 23.016851672800001 6.644396246400003 11.745727975299999 0.000086597863474 -0.000495422075193 -0.000585604262003
54 7 23.016852096999990 8.859188158300002 8.613540254699998 -0.000940995849869 -0.000191798881644 -0.000254086122231
78 8 23.016857907999999 10.692224600700005 12.258847990200001 -0.000507674429215 -0.001968485525056 -0.000855759386939
94 8 21.429395566900006 7.942669457500004 12.258833442600000 0.001574841915211 0.001124779944939 -0.000338392111021
102 8 23.016848881199998 7.026158843900003 9.666525792999996 0.000583739946223 0.001864296956492 0.002096742301214
110 8 21.429393533100001 9.775701616500001 9.666529521300001 0.000691191885300 -0.000109478793534 0.001216311032950
126 8 19.180698912700002 9.240961061100004 11.232627459799998 0.000449058747151 0.002049880172417 0.001501513532553
134 8 19.180709763900005 6.644398071300002 9.396583635799999 -0.000708345999093 0.000351550603246 0.000576192374979
150 8 21.429391484400004 7.942663574800001 7.560546762400000 0.001809896536424 0.001697109487676 -0.000965312499998
160 8 23.016855623200005 10.692226291400004 7.560555002900000 -0.000197216065361 -0.001421357341471 -0.001852224848966
168 8 19.180723212599993 11.073986469400005 7.830487589900000 0.000572092116697 -0.000106057321782 0.000159987652074
62 7 24.934923971800000 9.966587471600000 11.745738510299995 0.000550514394879 0.000205784460019 0.000145300441731
70 8 24.604313256200005 7.942681828100003 12.258844262099997 -0.002005436659284 0.000614041069050 -0.001318199165467
86 8 24.604302759999996 9.775705435000003 9.666531706799999 -0.001209531603557 -0.000992124954601 0.001481235186661
7 1 15.344560296200003 13.288795263500004 11.745737660500000 -0.000064112395586 -0.000220703880009 -0.000452591408624
15 1 17.262640612500000 12.181390680000009 8.613533801700001 -0.001085313131837 0.000302849107601 -0.000773215946012
23 1 15.344557788300000 15.503588815399999 8.613540438400001 -0.000862962267458 0.000586784153944 -0.005161700119385
31 1 13.426487796399995 12.181395589400003 8.613538384300000 0.000699946453327 0.001115816502380 -0.000928454286659
39 7 17.262627163200005 16.610986685300006 11.745734611600000 -0.000114605081404 -0.000238624561091 0.000318200638724
95 8 17.593253881800010 14.587061761100006 12.258833442600000 0.001811411728017 0.001007360699016 -0.001321913604501
111 8 17.593251848000001 16.420093920100001 9.666529521300001 0.003440509261848 -0.000696041754403 0.001183292633451
119 8 17.593249127900002 11.990500490400001 11.232628962800000 0.002189223999839 -0.000750353268521 0.001588520396417
127 8 15.344557227600006 15.885353364700006 11.232627459799998 0.000377214626571 0.002066264064333 0.002073780929049
135 8 15.344568078800005 13.288790374900007 9.396583635799999 0.000223027442092 -0.000768281229692 0.000819313006666
143 8 13.095880352600002 14.587079165600008 7.560553499600000 -0.003744252761738 0.000431194274094 0.000359051033826
151 8 17.593249799300004 14.587055878400003 7.560546762400000 0.005506663269791 0.001241741430920 0.001810249722960
175 8 13.095867367800004 11.990498335500007 11.232641519100001 -0.001741602306620 -0.000775218462864 0.001305264863581
8 1 23.016843666400000 13.288795263500004 11.745737660500000 0.000286291036558 0.000064398860591 -0.000004268992390
24 1 23.016841158500000 15.503588815399999 8.613540438400001 0.001315486505914 -0.000818261674029 0.001118406152198
32 1 21.098771166600002 12.181395589400003 8.613538384300000 0.000054690451149 -0.000707790267143 0.000276137914367
47 7 19.180709987699998 13.288788550000005 11.745727975299999 -0.000400433811387 0.000120539806954 0.000205734299355
55 7 19.180710411900002 15.503580461900007 8.613540254699998 -0.002643905224786 -0.004977975994704 0.004448563143558
63 7 21.098782286700004 16.610979775200004 11.745738510299995 0.000211317459411 0.000294220196810 0.001919486046290
71 8 20.768171571100002 14.587074131700003 12.258844262099997 -0.001863784239787 0.000524053789453 -0.001580829536640
79 8 19.180716222899996 17.336616904300001 12.258847990200001 -0.000261576982704 -0.002008579969555 -0.001773154970616
87 8 20.768161074900000 16.420097738599999 9.666531706799999 -0.002034579621012 -0.000573800341581 -0.000088172930678
103 8 19.180707196099995 13.670551147500003 9.666525792999996 0.000606809055919 0.002513668107423 0.001268233054866
128 8 23.016840597800005 15.885353364700006 11.232627459799998 -0.000087983553265 0.001858373852177 0.000935967078067
136 8 23.016851449000004 13.288790374900007 9.396583635799999 -0.000457471510155 0.000345593925598 -0.000309311003742
144 8 20.768163722800004 14.587079165600008 7.560553499600000 -0.001534110725236 0.001725546672409 -0.002934165371348
176 8 20.768150737999996 11.990498335500007 11.232641519100001 -0.001724554063590 -0.000963215352674 0.001391462669681
16 1 24.934923982700003 12.181390680000009 8.613533801700001 0.000282145600064 0.000034437377378 -0.000000553596140
40 7 24.934910533400007 16.610986685300006 11.745734611600000 0.000285665027283 0.000266988586499 0.000551144574005
48 7 26.852993357900004 13.288788550000005 11.745727975299999 0.000156139043287 -0.000174242940715 0.000174791217844
56 7 26.852993782099993 15.503580461900007 8.613540254699998 0.001723095343331 0.000402911401613 -0.001142964273698
64 7 28.771065656899999 16.610979775200004 11.745738510299995 -0.000135913997656 -0.000026725672419 -0.001030056599727
72 8 28.440454941300004 14.587074131700003 12.258844262099997 -0.001787166849534 0.000777588575690 -0.001241301096772
80 8 26.852999593099998 17.336616904300001 12.258847990200001 -0.000124421828295 -0.001829198536087 -0.001130781340788
88 8 28.440444445099999 16.420097738599999 9.666531706799999 -0.001868435881178 -0.000991694399249 0.002352843284798
96 8 25.265537252000023 14.587061761100006 12.258833442600000 0.001561953664468 0.000879439334715 -0.001284545430497
104 8 26.852990566300001 13.670551147500003 9.666525792999996 -0.000232440402091 0.001325240729812 0.001992073757211
112 8 25.265535218199997 16.420093920100001 9.666529521300001 0.000482324636709 -0.000573392491732 0.001221415458069
120 8 25.265532498100001 11.990500490400001 11.232628962800000 0.001688793449970 -0.000772937952526 0.001375238895619
152 8 25.265533169500006 14.587055878400003 7.560546762400000 0.000647503914009 0.000991535452419 -0.001585594423352
