ITEM: TIMESTEP
0
ITEM: NUMBER OF ATOMS
176
ITEM: BOX BOUNDS xy xz yz pp pp pp
0.0000000000000000e+00 3.0689133480799999e+01 7.6722833701999980e+00
0.0000000000000000e+00 1.7718379476200003e+01 7.6722833702000024e+00
0.0000000000000000e+00 1.2528786279200000e+01 4.4295948690000015e+00
ITEM: ATOMS id type x y z fx fy fz
25 1 5.754204426199998 3.322205851300000 2.349145244699999 -0.000695717027100 0.003046295197678 0.015384889627512
137 8 5.423596982400004 5.727889427500000 1.296160360000000 -0.000592269136779 0.001317192571059 -0.003517363642156
161 8 3.836156472199998 2.214796731300001 1.566094450300000 -0.001356535633238 -0.001047243252410 -0.001821849118250
169 8 5.423583997600000 3.131308597400002 4.968248379499999 -0.003986780907704 -0.011397254961839 0.000663635504133
1 1 7.682276926000004 4.429605525400001 5.481344520900000 -0.060315293423554 -0.000100936562064 -0.000082007635467
9 1 9.590357242299998 3.322200941900001 2.349140662099999 -0.001115443504730 -0.003092462680520 -0.015422609837651
41 7 11.508426617500000 4.429598811900002 5.481334835700000 0.031105682015210 -0.000028694251283 0.000226333704130
89 8 9.920970511600007 5.727872023000002 5.994440303000000 -0.000205989713032 -0.009260809132208 -0.001926868705847
97 8 11.508423825899998 4.811361409400002 3.402132653400000 -0.003271345301401 -0.000384994059480 0.007380637312138
113 8 9.920965757699999 3.131310752300001 4.968235823200000 0.000002082220791 0.009542120258694 0.001951864673195
129 8 7.672284708600001 4.429600636800002 3.132190496199999 0.010102530122984 -0.000045137822144 0.000113969912781
145 8 9.920966429100000 5.727866140300000 1.296153622799999 0.002760485993644 0.000463906798440 0.000547203710582
153 8 7.672288882800000 1.833036553300000 1.296161863300000 0.001886918709017 -0.001825717905441 -0.001645893995574
162 8 11.508439842400000 2.214796731300001 1.566094450300000 -0.001348921855925 0.001196584564663 0.001791648602558
2 1 15.344560296200001 4.429605525400001 5.481344520900000 0.005428989328544 -0.000100770514306 -0.000081706214622
10 1 17.262640612500000 3.322200941900001 2.349140662099999 0.003074397994669 0.000680286042774 0.002229577845615
26 1 13.426487796400002 3.322205851300000 2.349145244699999 0.003403884469497 -0.000740793841738 -0.002218643989256
65 8 13.095888200900001 5.727884393600002 5.994451122499998 -0.007393919892657 -0.002311481404123 -0.002334241987122
90 8 17.593253881800006 5.727872023000002 5.994440303000000 -0.003995947975259 0.004054766773723 -0.000453262155276
114 8 17.593249127900009 3.131310752300001 4.968235823200000 -0.003787239110390 -0.003774093911082 0.000478035369028
130 8 15.344568078800005 4.429600636800002 3.132190496199999 -0.002089237808085 -0.000042305108567 0.000078321014007
138 8 13.095880352600009 5.727889427500000 1.296160360000000 -0.002962967527720 0.000811242367959 -0.000020574227851
146 8 17.593249799300011 5.727866140300000 1.296153622799999 0.000368894475106 0.000964163601521 -0.002941423451473
154 8 15.344572252999999 1.833036553300000 1.296161863300000 -0.000830731438035 -0.001818700047300 -0.001636577068222
170 8 13.095867367800004 3.131308597400002 4.968248379499999 -0.007253412459736 0.002120239018910 0.002218538672449
42 7 19.180709987699998 4.429598811900002 5.481334835700000 0.030769302219943 -0.000028296060360 0.000226719883332
66 8 20.768171571100002 5.727884393600002 5.994451122499998 -0.004126337176430 0.011205179094509 -0.000779415244901
98 8 19.180707196099995 4.811361409400002 3.402132653400000 -0.003255195526650 0.003898446024006 -0.004219122677207
3 1 11.508418611100000 11.073997829000001 5.481344520900000 0.000625602003790 0.002672430728505 -0.000342011431142
17 1 7.672274418099999 6.644399077300000 2.349147298800000 -0.006231018293877 -0.000126225494760 0.000002900887732
27 1 9.590346111300001 9.966598154900002 2.349145244699999 -0.000211904172897 0.001435170233933 -0.000671317777589
33 7 9.590343793000001 7.751796947200008 5.481341472000000 -0.005058421387869 0.020954790788397 -0.004163645428188
49 7 11.508427041700001 6.644390723800001 2.349147115100000 0.001808957124001 0.003763194270301 -0.004372037414450
73 8 11.508432852700000 8.477427166200002 5.994454850600000 -0.001952302247063 -0.004400921883661 -0.001713662286376
105 8 9.920968477800001 7.560904182000002 3.402136381700000 0.002468006354786 -0.002931907788566 0.004261475717948
121 8 7.672273857400003 7.026163626600007 4.968234320200000 0.016178352232579 0.001916157149890 0.001421021663669
131 8 11.508426393700001 11.073992940400007 3.132190496199999 -0.000191242757941 -0.001135104201993 0.000052567906417
155 8 11.508430567899998 8.477428856900005 1.296161863300000 -0.000256171407296 -0.003154807004310 -0.000529893507583
163 8 7.672298157300000 8.859189034900005 1.566094450300000 0.000590465468554 0.000081673348567 -0.000017273572203
171 8 9.259725682700001 9.775700901000002 4.968248379499999 -0.000543911743605 -0.004549472096914 0.001945271005117
11 1 13.426498927399999 9.966593245500007 2.349140662099999 0.000234056297156 0.001021830949790 -0.000171776337597
18 1 15.344557788300000 6.644399077300000 2.349147298800000 0.002196523643801 -0.000072971843557 -0.000050836697583
28 1 17.262629481500003 9.966598154900002 2.349145244699999 0.000553103611088 -0.001070659511300 0.000198586049733
34 7 17.262627163200005 7.751796947200008 5.481341472000000 0.004097470895775 -0.002967717311920 0.000583895447239
43 7 15.344568302600003 11.073991115500002 5.481334835700000 -0.001322044740497 -0.000020581811802 0.000227746881656
57 7 13.426498916499998 7.751790037100004 5.481345370700000 0.003690121807675 0.003090634292384 -0.000580969853277
81 8 13.095877704700001 7.560908000500002 3.402138567200000 -0.002955723306373 -0.001874156052871 0.001851142241678
99 8 15.344565510999997 11.455753713000002 3.402132653400000 0.000296051625305 0.001760298453593 0.001556472401200
106 8 17.593251848000001 7.560904182000002 3.402136381700000 0.000247957230145 0.000030729367337 0.001188374149350
115 8 13.757107442799997 9.775703055900001 4.968235823200000 0.001274145340603 -0.002101374646755 0.001565427243707
122 8 15.344557227600001 7.026163626600007 4.968234320200000 -0.002586961559490 0.001871116650573 0.001414272221826
164 8 15.344581527500001 8.859189034900005 1.566094450300000 -0.000546353912275 0.000073499711792 -0.000013678123269
172 8 16.932009052900014 9.775700901000002 4.968248379499999 -0.002164341871513 0.000414417506549 0.001125952767058
4 1 19.180701981300000 11.073997829000001 5.481344520900000 0.000625625254205 -0.002873982987217 0.000178603004898
12 1 21.098782297600000 9.966593245500007 2.349140662099999 -0.000524895690111 -0.001493415636484 0.000701240720984
44 7 23.016851672799998 11.073991115500002 5.481334835700000 -0.001322077991939 -0.000036216351014 0.000225361050915
50 7 19.180710411899998 6.644390723800001 2.349147115100000 0.001822433204208 -0.003321957348016 0.004254340888271
58 7 21.098782286699997 7.751790037100004 5.481345370700000 -0.005361863247629 -0.020748839677850 0.004136333102705
74 8 19.180716222899989 8.477427166200002 5.994454850600000 -0.001962179685175 0.000531828746459 -0.001171097180177
82 8 20.768161074900000 7.560908000500002 3.402138567200000 -0.000757156766104 0.001085441633334 -0.001226381714841
100 8 23.016848881199998 11.455753713000002 3.402132653400000 0.000211440746742 0.001764381995253 0.001556108978080
116 8 21.429390813000008 9.775703055900001 4.968235823200000 0.002887501564908 0.002873140950166 0.000747237547013
132 8 19.180709763900005 11.073992940400007 3.132190496199999 -0.000192672181965 0.001055718438200 0.000099117381808
156 8 19.180713938099998 8.477428856900005 1.296161863300000 -0.000258225756201 -0.000487923255115 -0.002747665259889
19 1 11.508416103199997 13.288791380900006 2.349147298800000 0.000775606826932 0.001958628930660 0.001488626286802
123 8 11.508415542500002 13.670555930200003 4.968234320200000 -0.001480590084655 -0.000591839495615 0.001141157235432
139 8 9.259738667499999 12.372281731100001 1.296160360000000 -0.001760319291894 0.000428761672034 -0.002145465908802
35 7 13.426485478100000 14.396189250800001 5.481341472000000 -0.004949619826509 0.020849818713748 -0.004130275070995
51 7 15.344568726800000 13.288783027399999 2.349147115100000 -0.004320155782475 0.000218124073185 -0.000046486136156
59 7 17.262640601600001 14.396182340700005 5.481345370700000 -0.005470528551239 -0.020852910065936 0.004169602917146
67 8 16.932029885999999 12.372276697200000 5.994451122499998 -0.000684606937565 0.004358012751309 -0.002060961926249
75 8 15.344574537799998 15.121819469800011 5.994454850600000 0.015696553421870 -0.001976071075714 -0.001451061178302
83 8 16.932019389799994 14.205300304100005 3.402138567200000 0.000797079575720 0.002717793498140 0.004573524722486
91 8 13.757112196700003 12.372264326600002 5.994440303000000 0.002678901495315 -0.002592352267571 -0.000722522834882
107 8 13.757110162900000 14.205296485600002 3.402136381700000 0.003983504337732 -0.004549330833476 -0.001538109641889
140 8 16.932022037700008 12.372281731100001 1.296160360000000 -0.001252260920247 0.001105165518889 -0.001134564081239
147 8 13.757108114200003 12.372258443900009 1.296153622799999 0.002076187907893 0.000671674164611 -0.001837648232141
20 1 19.180699473400008 13.288791380900006 2.349147298800000 0.000771068741878 -0.002114957632686 -0.001586984021448
36 7 21.098768848300001 14.396189250800001 5.481341472000000 0.004102379045078 -0.002989212778732 0.000586851339354
52 7 23.016852096999997 13.288783027399999 2.349147115100000 0.001305693163675 0.000206989519508 -0.000052763741487
76 8 23.016857907999988 15.121819469800011 5.994454850600000 -0.003068506971806 -0.001931182757810 -0.001444198031453
92 8 21.429395566900006 12.372264326600002 5.994440303000000 0.001065546437070 0.002382030485596 -0.001540651189907
108 8 21.429393533100004 14.205296485600002 3.402136381700000 0.000554679376810 -0.000190859464211 0.002393089995644
124 8 19.180698912699995 13.670555930200003 4.968234320200000 -0.001470744560256 0.004340879685667 0.001683711006091
148 8 21.429391484400018 12.372258443900009 1.296153622799999 0.001570565741167 0.001352179947952 -0.000821462599908
60 7 24.934923971800007 14.396182340700005 5.481345370700000 0.003685151342506 0.003069202693069 -0.000578024541314
68 8 24.604313256200001 12.372276697200000 5.994451122499998 -0.002304942029618 -0.000605830732636 -0.001241632798572
84 8 24.604302760000003 14.205300304100005 3.402138567200000 -0.002643093473970 -0.001640483255524 0.000644363109559
29 1 9.590346111300004 5.537003285800003 8.613538384300000 -0.000794627911239 0.003039135736637 0.015452000530617
157 8 11.508430567900000 4.047833987800002 7.560555002900000 -0.003344621505615 0.000327229802817 -0.007464479789364
165 8 7.672298157300002 4.429594165800001 7.830487589900000 0.010025701550406 0.000078764543024 -0.000053560252034
173 8 9.259725682700003 5.346106031900003 11.232641519100001 -0.001139952872530 -0.001068545611134 0.000011514085054
13 1 13.426498927400001 5.536998376400002 8.613533801700001 0.003083183713119 0.000687292083057 0.002247768967188
30 1 17.262629481500003 5.537003285800003 8.613538384300000 0.003395143297005 -0.000733792728443 -0.002200429730006
117 8 13.757107442800002 5.346108186800002 11.232628962800000 0.001641913432053 -0.000896049140101 0.000807463032633
166 8 15.344581527500001 4.429594165800001 7.830487589900000 -0.002165985162299 0.000075912368528 -0.000018160502128
174 8 16.932009052900007 5.346106031900003 11.232641519100001 -0.001798750469163 -0.000783143431914 0.001878398381208
14 1 21.098782297600003 5.536998376400002 8.613533801700001 -0.001016513613734 -0.003099813685855 -0.015356352676928
118 8 21.429390813000005 5.346108186800002 11.232628962800000 0.002298653388491 -0.000607010569864 0.002679105677176
158 8 19.180713938100002 4.047833987800002 7.560555002900000 -0.003328462750503 -0.003956343017864 0.004135191236185
5 1 11.508418611100007 6.644402959900002 11.745737660500000 0.000436122920626 0.000342091472468 0.002238741232112
21 1 11.508416103199998 8.859196511800004 8.613540438400001 0.000771069971645 0.001963823371129 0.001493790960551
125 8 11.508415542500003 9.240961061100004 11.232627459799998 0.000018104601835 0.001556947735735 0.000745472409622
133 8 11.508426393700002 6.644398071300002 9.396583635799999 -0.001272246727164 -0.001163004879915 -0.001731470784132
141 8 9.259738667500002 7.942686862000003 7.560553499600000 0.000819926983617 -0.002876947442828 -0.004717696682170
167 8 11.508439842400001 11.073986469400005 7.830487589900000 -0.000269410136939 -0.001022096654103 -0.000038928684077
37 7 13.426485478099996 9.966594381700006 11.745734611600000 -0.000246634989450 -0.000058294810620 0.001869725471499
45 7 15.344568302600001 6.644396246400003 11.745727975299999 -0.000614026160601 -0.000024481320059 0.000235589023220
53 7 15.344568726799995 8.859188158300002 8.613540254699998 0.001305706107957 0.000214689341198 -0.000045337310440
61 7 17.262640601600001 9.966587471600000 11.745738510299995 -0.000667441539221 0.000158545994936 -0.001853781887849
69 8 16.932029886000002 7.942681828100003 12.258844262099997 -0.001280577597938 0.000877116017632 -0.000127169623251
77 8 15.344574537800005 10.692224600700005 12.258847990200001 0.000534330333833 -0.001933387457392 -0.001446457976094
85 8 16.932019389799990 9.775705435000003 9.666531706799999 -0.001783160913588 -0.000587910669163 0.002001301682617
93 8 13.757112196700007 7.942669457500004 12.258833442600000 0.002090036890907 0.000887650319943 -0.002654316658919
101 8 15.344565511000003 7.026158843900003 9.666525792999996 -0.000757532347203 0.001760887978080 0.001552672337016
109 8 13.757110162900005 9.775701616500001 9.666529521300001 0.001418065798061 -0.001252107433895 0.001025973508448
142 8 16.932022037700005 7.942686862000003 7.560553499600000 -0.002620269044325 0.001481332091268 -0.000788530115412
149 8 13.757108114200001 7.942663574800001 7.560546762400000 0.000707171529223 0.000290925815657 -0.002188564632119
159 8 15.344572253000006 10.692226291400004 7.560555002900000 0.000138217659765 -0.001822175492125 -0.001640016763131
6 1 19.180701981300004 6.644402959900002 11.745737660500000 0.000436118513524 -0.000543618435455 -0.002402148576253
22 1 19.180699473400011 8.859196511800004 8.613540438400001 0.000775626218638 -0.002109791340626 -0.001581844733304
38 7 21.098768848300008 9.966594381700006 11.745734611600000 0.000643194625175 -0.000300868882596 -0.001270572700512
46 7 23.016851672800001 6.644396246400003 11.745727975299999 -0.000614047963075 -0.000032276823443 0.000217518717438
54 7 23.016852096999990 8.859188158300002 8.613540254699998 -0.004320221457938 0.000203520438892 -0.000051659098948
78 8 23.016857907999999 10.692224600700005 12.258847990200001 -0.000734433716374 -0.001933744344553 -0.001441538274359
94 8 21.429395566900006 7.942669457500004 12.258833442600000 0.001433310368872 0.001176705377645 -0.000782701718952
102 8 23.016848881199998 7.026158843900003 9.666525792999996 0.001960195164504 0.001767899259624 0.001562017408055
110 8 21.429393533100001 9.775701616500001 9.666529521300001 0.001923712832684 -0.000571595961358 0.002042190356152
126 8 19.180698912700002 9.240961061100004 11.232627459799998 0.000020637329869 0.002188470102899 0.002077740092276
134 8 19.180709763900005 6.644398071300002 9.396583635799999 -0.001279780996609 0.001080849361742 0.001882054991264
150 8 21.429391484400004 7.942663574800001 7.560546762400000 0.004136012263315 0.004649564162500 0.001742734290106
160 8 23.016855623200005 10.692226291400004 7.560555002900000 0.000222848040674 -0.001818093355912 -0.001640374198073
168 8 19.180723212599993 11.073986469400005 7.830487589900000 -0.000267990237800 0.001168749098068 0.000007626127408
62 7 24.934923971800000 9.966587471600000 11.745738510299995 0.000230446654227 0.000401873201231 0.001269858659744
70 8 24.604313256200005 7.942681828100003 12.258844262099997 -0.001939362256654 0.000591715463783 -0.001994095658625
86 8 24.604302759999996 9.775705435000003 9.666531706799999 -0.001275098497677 -0.001264316260210 0.000990410245678
7 1 15.344560296200003 13.288795263500004 11.745737660500000 -0.000330922697226 -0.000100765877635 -0.000081700835523
15 1 17.262640612500000 12.181390680000009 8.613533801700001 -0.000532607818527 -0.001488722966846 0.000700466458937
23 1 15.344557788300000 15.503588815399999 8.613540438400001 -0.006230964806059 -0.000024994295003 -0.000096019889533
31 1 13.426487796399995 12.181395589400003 8.613538384300000 -0.000204177069125 0.001439879431507 -0.000672087576790
39 7 17.262627163200005 16.610986685300006 11.745734611600000 -0.000255181167637 -0.000057038022995 0.001859661363710
95 8 17.593253881800010 14.587061761100006 12.258833442600000 0.001788466010411 0.001195524633516 -0.001450766443075
111 8 17.593251848000001 16.420093920100001 9.666529521300001 0.002608002048239 -0.000363841284137 -0.000342664652221
119 8 17.593249127900002 11.990500490400001 11.232628962800000 0.001997076735443 -0.000914859843003 0.001475527653589
127 8 15.344557227600006 15.885353364700006 11.232627459799998 0.001015903737111 0.001873310558291 0.001416500413663
135 8 15.344568078800005 13.288790374900007 9.396583635799999 0.000667207674534 -0.000048025384887 0.000077453796906
143 8 13.095880352600002 14.587079165600008 7.560553499600000 -0.000734286488975 -0.001244541753914 0.001082138880542
151 8 17.593249799300004 14.587055878400003 7.560546762400000 0.002620497409671 0.003031960604423 -0.004056881856850
175 8 13.095867367800004 11.990498335500007 11.232641519100001 -0.001448272147288 -0.000761114074309 0.001214192194755
8 1 23.016843666400000 13.288795263500004 11.745737660500000 0.000477723243207 -0.000100763567253 -0.000081705813380
24 1 23.016841158500000 15.503588815399999 8.613540438400001 0.002196515300317 -0.000078163217326 -0.000042348177616
32 1 21.098771166600002 12.181395589400003 8.613538384300000 0.000554771359103 -0.001075359580310 0.000200899860991
47 7 19.180709987699998 13.288788550000005 11.745727975299999 -0.000142610425228 -0.000028400427524 0.000226561312908
55 7 19.180710411900002 15.503580461900007 8.613540254699998 0.001808910494991 -0.003341541518086 0.004273905499937
63 7 21.098782286700004 16.610979775200004 11.745738510299995 0.000230926584582 0.000402361782179 0.001276437722677
71 8 20.768171571100002 14.587074131700003 12.258844262099997 -0.001970990770087 0.000542844177383 -0.001499395698168
79 8 19.180716222899996 17.336616904300001 12.258847990200001 -0.000460922717935 -0.002248538694153 -0.002107682499565
87 8 20.768161074900000 16.420097738599999 9.666531706799999 -0.002985804597704 -0.000970384916903 -0.000123579168424
103 8 19.180707196099995 13.670551147500003 9.666525792999996 -0.000182945868003 0.003097001251837 0.000445991984133
128 8 23.016840597800005 15.885353364700006 11.232627459799998 -0.000252866991623 0.001873677539121 0.001411587136740
136 8 23.016851449000004 13.288790374900007 9.396583635799999 -0.000469613827959 -0.000039904181038 0.000073880574365
144 8 20.768163722800004 14.587079165600008 7.560553499600000 -0.002932878388075 0.001715015035236 -0.001995298192764
176 8 20.768150737999996 11.990498335500007 11.232641519100001 -0.001830371764362 -0.000734263547897 0.001383715522289
16 1 24.934923982700003 12.181390680000009 8.613533801700001 0.000232381864998 0.001017150701687 -0.000169463484716
40 7 24.934910533400007 16.610986685300006 11.745734611600000 0.000642715103804 -0.000300376079664 -0.001263962272793
48 7 26.852993357900004 13.288788550000005 11.745727975299999 -0.000139327516553 -0.000028381891772 0.000226546071137
56 7 26.852993782099993 15.503580461900007 8.613540254699998 0.001822401739579 0.003743671659826 -0.004352411323768
64 7 28.771065656899999 16.610979775200004 11.745738510299995 -0.000658925192666 0.000159802075707 -0.001863819475434
72 8 28.440454941300004 14.587074131700003 12.258844262099997 -0.001588876523250 0.000569693725245 -0.001329879308568
80 8 26.852999593099998 17.336616904300001 12.258847990200001 -0.000463470325184 -0.001617015812280 -0.000775411320669
88 8 28.440444445099999 16.420097738599999 9.666531706799999 -0.000615098225464 -0.001476371568554 0.003373195000788
96 8 25.265537252000023 14.587061761100006 12.258833442600000 0.001403527176176 0.001223433000238 -0.001282012791830
104 8 26.852990566300001 13.670551147500003 9.666525792999996 -0.000185002161201 0.000430116429839 0.002663744898213
112 8 25.265535218199997 16.420093920100001 9.666529521300001 0.000216387510657 -0.000864098546119 0.003145954238035
120 8 25.265532498100001 11.990500490400001 11.232628962800000 0.001612137115231 -0.000942774676732 0.001306775616507
152 8 25.265533169500006 14.587055878400003 7.560546762400000 0.000400488259797 0.000069335328815 -0.000983849048533
