ITEM: TIMESTEP
0
ITEM: NUMBER OF ATOMS
176
ITEM: BOX BOUNDS xy xz yz pp pp pp
0.0000000000000000e+00 3.0689133480799999e+01 7.6722833701999980e+00
0.0000000000000000e+00 1.7718379476200003e+01 7.6722833702000024e+00
0.0000000000000000e+00 1.2528786279200000e+01 4.4295948690000015e+00
ITEM: ATOMS id type x y z fx fy fz
25 1 5.754204426199998 3.322205851300000 2.349145244699999 -0.012008189102038 -0.005136817602513 0.004099722991292
137 8 5.413596982400004 5.727889427500000 1.296160360000000 0.087302444441469 -0.021191860644434 -0.051762442258914
161 8 3.836156472199998 2.214796731300001 1.566094450300000 0.002566642788381 -0.001235957777445 0.000354978805608
169 8 5.423583997600000 3.131308597400002 4.968248379499999 0.000471710211007 -0.001794876707722 0.000631072961094
1 1 7.672276926000002 4.429605525400001 5.481344520900000 -0.000957750175266 -0.000548820008467 0.003626733281219
9 1 9.590357242299998 3.322200941900001 2.349140662099999 0.003066227710151 -0.002906900736066 0.000171115159929
41 7 11.508426617500000 4.429598811900002 5.481334835700000 0.001156127508301 -0.000244322652554 0.001110657430844
89 8 9.920970511600007 5.727872023000002 5.994440303000000 0.001012565428403 0.001221437183484 -0.002021656092542
97 8 11.508423825899998 4.811361409400002 3.402132653400000 -0.001187885538284 0.001995438163820 0.000830675836345
113 8 9.920965757699999 3.131310752300001 4.968235823200000 0.001130065966834 -0.000064085334142 0.000432593523745
129 8 7.672284708600001 4.429600636800002 3.132190496199999 -0.004122414625782 0.007026515793571 -0.006925383344918
145 8 9.920966429100000 5.727866140300000 1.296153622799999 -0.002562016906345 0.001566698790762 -0.001218666025284
153 8 7.672288882800000 1.833036553300000 1.296161863300000 -0.000268482599835 0.000081042349829 -0.002022270705322
162 8 11.508439842400000 2.214796731300001 1.566094450300000 -0.001394945556129 0.000813077510839 0.000150460449780
2 1 15.344560296200001 4.429605525400001 5.481344520900000 0.001622698179143 0.000526055069099 -0.001411567951562
10 1 17.262640612500000 3.322200941900001 2.349140662099999 0.002030902036123 0.005447523481764 -0.000185782537163
26 1 13.426487796400002 3.322205851300000 2.349145244699999 0.002091059191884 0.000395570669734 0.000106960311265
65 8 13.095888200900001 5.727884393600002 5.994451122499998 -0.002019587122799 0.000367176968646 -0.001032655027648
90 8 17.593253881800006 5.727872023000002 5.994440303000000 0.001070978569364 0.000763271200786 0.000308125347373
114 8 17.593249127900009 3.131310752300001 4.968235823200000 0.001289843006706 -0.002337957134449 0.002534644689064
130 8 15.344568078800005 4.429600636800002 3.132190496199999 -0.001972003801887 -0.001128411281996 0.000762671962279
138 8 13.095880352600009 5.727889427500000 1.296160360000000 -0.003770826722051 0.000866208415207 -0.001487900406849
146 8 17.593249799300011 5.727866140300000 1.296153622799999 -0.012347343382238 -0.001872374712035 -0.005631228128838
154 8 15.344572252999999 1.833036553300000 1.296161863300000 -0.000558171259955 -0.002546806059750 -0.001743297839002
170 8 13.095867367800004 3.131308597400002 4.968248379499999 -0.002282565829277 -0.000840503375917 0.001426689776884
42 7 19.180709987699998 4.429598811900002 5.481334835700000 -0.002526518249302 0.002558665235337 -0.006818560237172
66 8 20.768171571100002 5.727884393600002 5.994451122499998 0.000144975528200 0.000870651816378 -0.001020483539314
98 8 19.180707196099995 4.811361409400002 3.402132653400000 -0.002392295709156 -0.009057923114022 0.016963335032965
3 1 11.508418611100000 11.073997829000001 5.481344520900000 0.000368779432827 0.000187288401082 0.000177229778684
17 1 7.672274418099999 6.644399077300000 2.349147298800000 0.003077585558411 0.007651251131710 0.008827936424569
27 1 9.590346111300001 9.966598154900002 2.349145244699999 0.001284383823847 0.002082776336968 0.000390461387015
33 7 9.590343793000001 7.751796947200008 5.481341472000000 0.000934756923218 0.001060704368753 0.002905157907022
49 7 11.508427041700001 6.644390723800001 2.349147115100000 0.004805411411019 0.000640740162367 0.000253118512802
73 8 11.508432852700000 8.477427166200002 5.994454850600000 -0.001189895457678 -0.002136684772497 -0.002005692261750
105 8 9.920968477800001 7.560904182000002 3.402136381700000 -0.003206870188644 -0.002667403875605 -0.001001027357566
121 8 7.672273857400003 7.026163626600007 4.968234320200000 0.001586108518116 0.000634965843586 -0.002140168950448
131 8 11.508426393700001 11.073992940400007 3.132190496199999 -0.000604874697308 -0.000706614868065 -0.000066632579656
155 8 11.508430567899998 8.477428856900005 1.296161863300000 -0.000856254014344 -0.002372051939769 -0.001385926229161
163 8 7.672298157300000 8.859189034900005 1.566094450300000 0.000632689620350 -0.006645483320751 0.001088768497740
171 8 9.259725682700001 9.775700901000002 4.968248379499999 -0.001511157005035 -0.001619525867517 0.000852093379875
11 1 13.426498927399999 9.966593245500007 2.349140662099999 0.001469980182866 -0.000488503926717 0.000140167225478
18 1 15.344557788300000 6.644399077300000 2.349147298800000 0.005571344359097 -0.000441610741520 -0.000065484970609
28 1 17.262629481500003 9.966598154900002 2.349145244699999 0.001706227381223 -0.004150098575697 0.000320015323928
34 7 17.262627163200005 7.751796947200008 5.481341472000000 0.001943558047743 -0.001849959107063 -0.008919704481359
43 7 15.344568302600003 11.073991115500002 5.481334835700000 0.001011460841756 -0.001051870174363 -0.000790637897219
57 7 13.426498916499998 7.751790037100004 5.481345370700000 0.001894208777247 -0.000297998160074 -0.000652874380086
81 8 13.095877704700001 7.560908000500002 3.402138567200000 -0.003966751876583 -0.001019242709257 0.001090707459405
99 8 15.344565510999997 11.455753713000002 3.402132653400000 -0.000780039861039 0.002857250916223 0.001356176203087
106 8 17.593251848000001 7.560904182000002 3.402136381700000 -0.015289620170944 0.008851089562213 0.014219131370868
115 8 13.757107442799997 9.775703055900001 4.968235823200000 0.001263132868707 -0.000665629879213 0.001498700234040
122 8 15.344557227600001 7.026163626600007 4.968234320200000 -0.002070986604206 0.001617290983991 0.002942468824128
164 8 15.344581527500001 8.859189034900005 1.566094450300000 -0.001650650963662 0.001248579575818 -0.000764368496291
172 8 16.932009052900014 9.775700901000002 4.968248379499999 -0.002282294466569 0.001304727687212 0.002785580056971
4 1 19.180701981300000 11.073997829000001 5.481344520900000 0.000034713870572 -0.001283491323099 -0.000860762918875
12 1 21.098782297600000 9.966593245500007 2.349140662099999 -0.004498100239681 -0.000326568430033 0.000423405024628
44 7 23.016851672799998 11.073991115500002 5.481334835700000 -0.000558796750174 0.000404777895910 0.000720754084666
50 7 19.180710411899998 6.644390723800001 2.349147115100000 -0.029851347766283 0.007346242321307 0.010852722576697
58 7 21.098782286699997 7.751790037100004 5.481345370700000 -0.003860791724562 0.000383180316832 -0.000996339085544
74 8 19.180716222899989 8.477427166200002 5.994454850600000 0.000811926051495 -0.001320354036003 -0.000319842068596
82 8 20.768161074900000 7.560908000500002 3.402138567200000 0.010935316574612 0.000820156547949 0.003980837203708
100 8 23.016848881199998 11.455753713000002 3.402132653400000 0.000326448139302 0.001130350086082 0.001357653037650
116 8 21.429390813000008 9.775703055900001 4.968235823200000 0.002434493935539 -0.000685793889101 0.001526588735114
132 8 19.180709763900005 11.073992940400007 3.132190496199999 0.000848297432505 0.001199681721953 0.000436157352322
156 8 19.180713938099998 8.477428856900005 1.296161863300000 -0.000484186238066 0.009372083687868 -0.006076002789780
19 1 11.508416103199997 13.288791380900006 2.349147298800000 -0.000384696631802 0.000542125838073 -0.000045181945111
123 8 11.508415542500002 13.670555930200003 4.968234320200000 0.000559788778599 0.001754286683932 0.001341856340381
139 8 9.259738667499999 12.372281731100001 1.296160360000000 -0.001556302369407 0.000238714442074 -0.001604108162923
35 7 13.426485478100000 14.396189250800001 5.481341472000000 -0.000747468623030 0.000194822612383 0.000394805637645
51 7 15.344568726800000 13.288783027399999 2.349147115100000 0.000163442164439 -0.001986369923163 0.000132536253036
59 7 17.262640601600001 14.396182340700005 5.481345370700000 0.000023841705636 -0.000884852212171 0.000501610442163
67 8 16.932029885999999 12.372276697200000 5.994451122499998 -0.000987705205400 0.000640732069801 -0.000468307710347
75 8 15.344574537799998 15.121819469800011 5.994454850600000 -0.000217931302444 -0.001263147887927 -0.001699275758259
83 8 16.932019389799994 14.205300304100005 3.402138567200000 -0.001797953064931 0.000133287050243 0.000873987652283
91 8 13.757112196700003 12.372264326600002 5.994440303000000 0.001322062148751 0.001165398484151 -0.001275721451537
107 8 13.757110162900000 14.205296485600002 3.402136381700000 0.001534306609407 0.000239156036759 0.000873448107166
140 8 16.932022037700008 12.372281731100001 1.296160360000000 -0.001988186204247 0.001907438128609 -0.001752622032840
147 8 13.757108114200003 12.372258443900009 1.296153622799999 0.001836049479217 0.001376639712305 -0.001349245358342
20 1 19.180699473400008 13.288791380900006 2.349147298800000 0.000240797655543 -0.001232197708178 0.000026088651568
36 7 21.098768848300001 14.396189250800001 5.481341472000000 0.000585237348616 0.000004050335024 -0.000060848287792
52 7 23.016852096999997 13.288783027399999 2.349147115100000 -0.000067678267878 0.001239900220514 -0.000240355327029
76 8 23.016857907999988 15.121819469800011 5.994454850600000 -0.000806014129745 -0.002039150204000 -0.001239388430696
92 8 21.429395566900006 12.372264326600002 5.994440303000000 0.001428914469266 0.001079293076716 -0.001326077083108
108 8 21.429393533100004 14.205296485600002 3.402136381700000 0.001262990368073 -0.000912410323042 0.001636777337216
124 8 19.180698912699995 13.670555930200003 4.968234320200000 0.000031646663234 0.002162282626150 0.001551275723381
148 8 21.429391484400018 12.372258443900009 1.296153622799999 0.001808795254342 0.001010085648813 -0.001389290543739
60 7 24.934923971800007 14.396182340700005 5.481345370700000 -0.000056127882517 0.001338337895996 -0.000352001229016
68 8 24.604313256200001 12.372276697200000 5.994451122499998 -0.001431901766444 0.000060581703953 -0.001214116898897
84 8 24.604302760000003 14.205300304100005 3.402138567200000 -0.001686218573443 -0.001666510601054 0.001447292492615
29 1 9.590346111300004 5.537003285800003 8.613538384300000 0.000211585282825 0.000119892027408 0.000581121897715
157 8 11.508430567900000 4.047833987800002 7.560555002900000 -0.000089488813855 -0.001783235452371 -0.001937171706767
165 8 7.672298157300002 4.429594165800001 7.830487589900000 0.000019407137948 -0.000001707023891 -0.000844327571923
173 8 9.259725682700003 5.346106031900003 11.232641519100001 -0.001531954883513 -0.001409317238132 0.001184198548336
13 1 13.426498927400001 5.536998376400002 8.613533801700001 -0.000227395431091 -0.000385420639263 -0.000330732642655
30 1 17.262629481500003 5.537003285800003 8.613538384300000 0.000618841179241 -0.000356149015525 -0.001366806242899
117 8 13.757107442800002 5.346108186800002 11.232628962800000 0.002544287271634 0.000580342643179 0.001873259697969
166 8 15.344581527500001 4.429594165800001 7.830487589900000 -0.000493289972382 0.000180914200449 0.000489271212035
174 8 16.932009052900007 5.346106031900003 11.232641519100001 -0.002373527705626 0.000293361100871 0.001634063009587
14 1 21.098782297600003 5.536998376400002 8.613533801700001 -0.000419629864269 0.000080376566187 -0.000267936439955
118 8 21.429390813000005 5.346108186800002 11.232628962800000 0.001337754000481 -0.000994993613922 0.001266281349709
158 8 19.180713938100002 4.047833987800002 7.560555002900000 0.000183777705458 -0.002271239540697 0.000243845895699
5 1 11.508418611100007 6.644402959900002 11.745737660500000 -0.002251305345340 0.001024796243138 0.000464988198308
21 1 11.508416103199998 8.859196511800004 8.613540438400001 -0.001030459967276 -0.000078608883390 0.000712910941899
125 8 11.508415542500003 9.240961061100004 11.232627459799998 0.002801255485418 0.000634498531449 -0.003471689488191
133 8 11.508426393700002 6.644398071300002 9.396583635799999 0.000248373750794 -0.000359834463518 -0.000269176665089
141 8 9.259738667500002 7.942686862000003 7.560553499600000 -0.001576611364844 0.000487961186722 -0.002697821007803
167 8 11.508439842400001 11.073986469400005 7.830487589900000 0.000259258965205 0.000142607499240 -0.000169324047759
37 7 13.426485478099996 9.966594381700006 11.745734611600000 -0.017144995242397 -0.000211935748641 -0.003192604038546
45 7 15.344568302600001 6.644396246400003 11.745727975299999 0.001652510090422 -0.003790389913907 -0.001826209808183
53 7 15.344568726799995 8.859188158300002 8.613540254699998 0.000854413473903 -0.001132232746290 -0.002984634406032
61 7 17.262640601600001 9.966587471600000 11.745738510299995 0.008583447754233 -0.002862491445391 -0.004005010699699
69 8 16.932029886000002 7.942681828100003 12.258844262099997 -0.002604118457451 0.002449557243353 -0.000897064464109
77 8 15.344574537800005 10.692224600700005 12.258847990200001 -0.015611252653483 -0.005412156411740 0.013776265913233
85 8 16.932019389799990 9.775705435000003 9.666531706799999 -0.002086803838713 -0.000386398388470 0.003670764004446
93 8 13.757112196700007 7.942669457500004 12.258833442600000 0.004043455999999 0.008927343064585 0.003424631021913
101 8 15.344565511000003 7.026158843900003 9.666525792999996 -0.000245487791304 0.002248446088202 0.002718053092403
109 8 13.757110162900005 9.775701616500001 9.666529521300001 0.000398935295459 -0.000195676049584 0.007464781063759
142 8 16.932022037700005 7.942686862000003 7.560553499600000 -0.002655078555893 0.001658286463662 0.001162364713162
149 8 13.757108114200001 7.942663574800001 7.560546762400000 0.002061256857085 0.001372004228745 -0.000587008024710
159 8 15.344572253000006 10.692226291400004 7.560555002900000 -0.000085930638616 -0.002118038006186 -0.000662289367404
6 1 19.180701981300004 6.644402959900002 11.745737660500000 0.001108317020888 -0.000762883442469 -0.000430369606479
22 1 19.180699473400011 8.859196511800004 8.613540438400001 0.000591564532262 -0.000530711218832 -0.001278722599494
38 7 21.098768848300008 9.966594381700006 11.745734611600000 0.003177505301455 0.000423458689424 0.000560854423303
46 7 23.016851672800001 6.644396246400003 11.745727975299999 0.001033786403121 0.001062525729245 0.000957160755445
54 7 23.016852096999990 8.859188158300002 8.613540254699998 0.000346287083059 0.000672639634135 0.000766483327609
78 8 23.016857907999999 10.692224600700005 12.258847990200001 -0.003162656015978 -0.001763245715577 -0.002635166819295
94 8 21.429395566900006 7.942669457500004 12.258833442600000 0.000799873070023 0.001030580932363 -0.001414808687689
102 8 23.016848881199998 7.026158843900003 9.666525792999996 -0.000064975843647 0.001568571028652 0.001141119796040
110 8 21.429393533100001 9.775701616500001 9.666529521300001 0.001013569361448 -0.000897190365800 0.001464743350882
126 8 19.180698912700002 9.240961061100004 11.232627459799998 -0.002737664986593 0.002632382122233 0.002124758540562
134 8 19.180709763900005 6.644398071300002 9.396583635799999 -0.000182205549559 0.000179950563485 0.000557228766841
150 8 21.429391484400004 7.942663574800001 7.560546762400000 0.001974674034268 0.000979935754532 -0.001238520928442
160 8 23.016855623200005 10.692226291400004 7.560555002900000 -0.000150200826648 -0.001786213159048 -0.002031095806543
168 8 19.180723212599993 11.073986469400005 7.830487589900000 -0.000616977699543 0.000363372506273 0.000346649796881
62 7 24.934923971800000 9.966587471600000 11.745738510299995 0.002392996201371 0.001225217170079 0.008383512045825
70 8 24.604313256200005 7.942681828100003 12.258844262099997 -0.002649525193329 -0.001543189019516 -0.002547732928936
86 8 24.604302759999996 9.775705435000003 9.666531706799999 -0.002194692323246 -0.001334748861461 -0.000773953827586
7 1 15.344560296200003 13.288795263500004 11.745737660500000 -0.000687646335484 0.004413414922253 -0.002341278357465
15 1 17.262640612500000 12.181390680000009 8.613533801700001 0.000587952717710 0.000300754953779 -0.000949163773987
23 1 15.344557788300000 15.503588815399999 8.613540438400001 -0.000103184564099 0.000323667814526 -0.000083836877358
31 1 13.426487796399995 12.181395589400003 8.613538384300000 -0.000699371678391 0.000690185798970 -0.000867396776551
39 7 17.262627163200005 16.610986685300006 11.745734611600000 0.000046886168502 0.001088535612872 -0.000226273546914
95 8 17.593253881800010 14.587061761100006 12.258833442600000 0.001109295950500 0.000202362510890 -0.001090174968267
111 8 17.593251848000001 16.420093920100001 9.666529521300001 0.001526300559832 -0.001064364089657 0.001512974563096
119 8 17.593249127900002 11.990500490400001 11.232628962800000 -0.000370997953293 -0.002690782505498 0.002356395711851
127 8 15.344557227600006 15.885353364700006 11.232627459799998 0.000406828465460 0.001267080342370 0.001396649983087
135 8 15.344568078800005 13.288790374900007 9.396583635799999 0.000292713860139 -0.000526107510384 0.001033171673260
143 8 13.095880352600002 14.587079165600008 7.560553499600000 -0.001364904573309 0.000658657883752 -0.001646050051289
151 8 17.593249799300004 14.587055878400003 7.560546762400000 0.001710084556320 0.000843541732386 -0.001406249664321
175 8 13.095867367800004 11.990498335500007 11.232641519100001 0.001930068667078 -0.003238255021368 0.000944985169857
8 1 23.016843666400000 13.288795263500004 11.745737660500000 0.001530873133912 -0.001068239598088 0.000980656990742
24 1 23.016841158500000 15.503588815399999 8.613540438400001 0.000278746918845 -0.000206621232346 -0.000153148439233
32 1 21.098771166600002 12.181395589400003 8.613538384300000 0.000601950384665 -0.000058734948943 -0.000044579534708
47 7 19.180709987699998 13.288788550000005 11.745727975299999 0.001943717762428 0.001004945108060 -0.000148201059720
55 7 19.180710411900002 15.503580461900007 8.613540254699998 0.000058889678370 0.000387503429511 -0.000173819649307
63 7 21.098782286700004 16.610979775200004 11.745738510299995 -0.000072944070224 -0.000699043401797 -0.000008649798825
71 8 20.768171571100002 14.587074131700003 12.258844262099997 -0.002027903979177 0.000395473762735 -0.001197291262377
79 8 19.180716222899996 17.336616904300001 12.258847990200001 -0.000209370158864 -0.002031974882765 -0.001490964682585
87 8 20.768161074900000 16.420097738599999 9.666531706799999 -0.001689288202955 -0.000747239369571 0.001356986038636
103 8 19.180707196099995 13.670551147500003 9.666525792999996 -0.000461169490876 0.001379100729122 0.001750020861439
128 8 23.016840597800005 15.885353364700006 11.232627459799998 -0.000049410980436 0.002319381966366 0.001272732292143
136 8 23.016851449000004 13.288790374900007 9.396583635799999 -0.000476469206664 0.000192051189558 -0.000405269119183
144 8 20.768163722800004 14.587079165600008 7.560553499600000 -0.001828495419203 0.000816339988172 -0.001641823579164
176 8 20.768150737999996 11.990498335500007 11.232641519100001 -0.002696631679773 -0.000703818615873 0.001227279921397
16 1 24.934923982700003 12.181390680000009 8.613533801700001 -0.000164887418215 -0.000122593352401 0.001097559402640
40 7 24.934910533400007 16.610986685300006 11.745734611600000 0.000562896218019 -0.001814938055165 0.000455715682210
48 7 26.852993357900004 13.288788550000005 11.745727975299999 -0.003305690148926 -0.001369421968076 0.005920934662871
56 7 26.852993782099993 15.503580461900007 8.613540254699998 -0.000421009700962 0.000305045622234 -0.000282234584629
64 7 28.771065656899999 16.610979775200004 11.745738510299995 -0.000541271425534 0.000011583274912 0.000224116557738
72 8 28.440454941300004 14.587074131700003 12.258844262099997 0.000144645498137 0.001402619365630 -0.001869886828582
80 8 26.852999593099998 17.336616904300001 12.258847990200001 -0.000289763239106 -0.001503556661774 -0.001534011618760
88 8 28.440444445099999 16.420097738599999 9.666531706799999 -0.001441378594615 -0.000885472247273 0.001472751927180
96 8 25.265537252000023 14.587061761100006 12.258833442600000 0.000986079648161 0.002546739116075 -0.002305353280665
104 8 26.852990566300001 13.670551147500003 9.666525792999996 0.000492287789091 0.001836014405835 0.000491707155191
112 8 25.265535218199997 16.420093920100001 9.666529521300001 0.001462392743413 -0.000650222206537 0.001655169223404
120 8 25.265532498100001 11.990500490400001 11.232628962800000 0.001524241096392 0.000371925068757 -0.000277663902188
152 8 25.265533169500006 14.587055878400003 7.560546762400000 0.001700894374593 0.000894985049572 -0.001207668014471
