ITEM: TIMESTEP
0
ITEM: NUMBER OF ATOMS
176
ITEM: BOX BOUNDS xy xz yz pp pp pp
0.0000000000000000e+00 3.0689133480799999e+01 7.6722833701999980e+00
0.0000000000000000e+00 1.7718379476200003e+01 7.6722833702000024e+00
0.0000000000000000e+00 1.2528786279200000e+01 4.4295948690000015e+00
ITEM: ATOMS id type x y z fx fy fz
25 1 5.754204426199998 3.322205851300000 2.349145244699999 0.003154652694673 0.001658647959858 -0.000976578678706
137 8 5.423596982400004 5.727889427500000 1.296160360000000 -0.004535534968064 0.000990544821924 -0.000848323141928
161 8 3.836156472199998 2.214796731300001 1.566094450300000 -0.001132920768348 -0.000517767920275 0.000244262362653
169 8 5.423583997600000 3.131308597400002 4.968248379499999 -0.002014461927807 -0.001108040842823 0.001909730201159
1 1 7.672276926000002 4.429605525400001 5.481344520900000 -0.001416588881459 -0.000980541078866 -0.003013050166840
9 1 9.590357242299998 3.322200941900001 2.349140662099999 -0.000120758933061 0.017913768396718 -0.012670945436737
41 7 11.508426617500000 4.429598811900002 5.481334835700000 -0.005824605260958 -0.011585370815185 0.007090547807786
89 8 9.920970511600007 5.727872023000002 5.994440303000000 0.004706529134217 0.002862577054089 -0.003195343938261
97 8 11.508423825899998 4.811361409400002 3.402132653400000 0.008865380138467 0.001883861212503 0.017544735139730
113 8 9.920965757699999 3.131310752300001 4.968235823200000 0.005197880011996 0.001740200652459 0.002926913412347
129 8 7.672284708600001 4.429600636800002 3.132190496199999 -0.004272384743449 -0.002490153541485 0.004573834628676
145 8 9.920966429100000 5.727866140300000 1.296153622799999 0.025571483151810 0.014737923035085 0.015056991149763
153 8 7.672288882800000 1.833036553300000 1.296161863300000 -0.001324078264840 -0.004464587230930 -0.000890845245556
162 8 11.508439842400000 2.214796731300001 1.566094450300000 0.002748451640949 -0.001683676021299 0.001655544053333
2 1 15.344560296200001 4.429605525400001 5.481344520900000 0.003573669539734 -0.004537955698418 0.001505581900825
10 1 17.262640612500000 3.322200941900001 2.349140662099999 0.001278865354207 -0.001078512719015 -0.001040848392594
26 1 13.426487796400002 3.322205851300000 2.349145244699999 -0.002275816721832 -0.001416196773616 -0.007497514467082
65 8 13.095888200900001 5.727884393600002 5.994451122499998 -0.002038654003677 0.007578647030767 -0.007686581902105
90 8 17.593253881800006 5.727872023000002 5.994440303000000 -0.000264373713343 0.002057506948088 -0.002080319710670
114 8 17.593249127900009 3.131310752300001 4.968235823200000 0.000939059959922 -0.000287677259803 0.001491237570604
130 8 15.344568078800005 4.429600636800002 3.132190496199999 -0.000107081339180 0.003319855644545 0.001767706760470
138 8 13.095880352600009 5.727889427500000 1.296160360000000 0.002739833997336 0.008551177665274 0.014635343437528
146 8 17.593249799300011 5.727866140300000 1.296153622799999 -0.000287386951463 0.001590371073732 -0.000013615220872
154 8 15.344572252999999 1.833036553300000 1.296161863300000 0.000205290958289 -0.001823877375139 -0.000856068829335
170 8 13.095867367800004 3.131308597400002 4.968248379499999 -0.002665816774487 0.002433758141463 0.001559111326309
42 7 19.180709987699998 4.429598811900002 5.481334835700000 0.001239689750792 -0.000524062191093 0.000021566774929
66 8 20.768171571100002 5.727884393600002 5.994451122499998 -0.001890468618972 0.000760525662915 -0.001470646517183
98 8 19.180707196099995 4.811361409400002 3.402132653400000 -0.000866588864338 0.001968413769603 0.002145167283257
3 1 11.508418611100000 11.073997829000001 5.481344520900000 -0.002002269458503 0.005119782933858 0.001505528943350
17 1 7.672274418099999 6.644399077300000 2.349147298800000 0.015584393620146 -0.009016818334119 -0.012766984182319
27 1 9.590346111300001 9.966598154900002 2.349145244699999 -0.002223357703778 -0.001506768006314 -0.007497272862182
33 7 9.590343793000001 7.751796947200008 5.481341472000000 -0.012599979624477 0.000794163426374 0.006862687326924
49 7 11.513427041700048 6.647277475145923 2.357312080909257 -0.097543208090645 -0.056036271376364 -0.125116709247596
73 8 11.508432852700000 8.477427166200002 5.994454850600000 0.005556858186060 -0.005612497511882 -0.007699103502532
105 8 9.920968477800001 7.560904182000002 3.402136381700000 0.006098151227261 0.006689659225728 0.017565385408031
121 8 7.672273857400003 7.026163626600007 4.968234320200000 0.004095181178757 0.003534172198538 0.002963311967586
131 8 11.508426393700001 11.073992940400007 3.132190496199999 0.002841895609140 -0.001787967272885 0.001767701783817
155 8 11.508430567899998 8.477428856900005 1.296161863300000 0.008861506383737 -0.001943339309590 0.014592566358484
163 8 7.672298157300000 8.859189034900005 1.566094450300000 -0.000201933987237 0.003426534300053 0.001655521809686
171 8 9.259725682700001 9.775700901000002 4.968248379499999 0.000727072529910 -0.003443024765233 0.001559133251202
11 1 13.426498927399999 9.966593245500007 2.349140662099999 -0.000142062922910 0.017994295173700 -0.012773466515759
18 1 15.344557788300000 6.644399077300000 2.349147298800000 0.015644549309132 -0.009075691168981 -0.012870073289225
28 1 17.262629481500003 9.966598154900002 2.349145244699999 0.003158715245744 0.001661037443637 -0.000985720966903
34 7 17.262627163200005 7.751796947200008 5.481341472000000 0.007852667584513 0.001510080831094 0.003427808670412
43 7 15.344568302600003 11.073991115500002 5.481334835700000 0.005021790002288 0.005769346281140 0.003655394315860
57 7 13.426498916499998 7.751790037100004 5.481345370700000 0.012245362464457 0.007350481743027 0.048494685054732
81 8 13.095877704700001 7.560908000500002 3.402138567200000 0.025056150092554 0.014440160085408 0.019475139285534
99 8 15.344565510999997 11.455753713000002 3.402132653400000 -0.001246873361093 -0.000878439673314 0.002312715661833
106 8 17.593251848000001 7.560904182000002 3.402136381700000 -0.001350888066471 -0.000686470910214 0.002333613753237
115 8 13.757107442799997 9.775703055900001 4.968235823200000 -0.002333755537148 -0.011563205259460 -0.003012882199818
122 8 15.344557227600001 7.026163626600007 4.968234320200000 -0.011191789881732 0.003663227686807 -0.002976526300823
164 8 15.344581527500001 8.859189034900005 1.566094450300000 -0.004345513583095 -0.002372636674359 0.004495776021260
172 8 16.932009052900014 9.775700901000002 4.968248379499999 -0.003200326823455 -0.001792711041792 0.001120635453001
4 1 19.180701981300000 11.073997829000001 5.481344520900000 0.000824403529016 0.000313299364342 0.000901388806017
12 1 21.098782297600000 9.966593245500007 2.349140662099999 0.001286950971567 -0.001077622844830 -0.001036796332002
44 7 23.016851672799998 11.073991115500002 5.481334835700000 -0.002537802515156 0.001389584992576 0.000931502454864
50 7 19.180710411899998 6.644390723800001 2.349147115100000 0.003955681289471 -0.001060543290873 -0.001701487217777
58 7 21.098782286699997 7.751790037100004 5.481345370700000 -0.000699125425463 0.000212606074367 -0.000124865582957
74 8 19.180716222899989 8.477427166200002 5.994454850600000 -0.001985836865113 -0.002570729538268 -0.002650922298218
82 8 20.768161074900000 7.560908000500002 3.402138567200000 -0.003649848445451 -0.000350859793272 0.002807428796307
100 8 23.016848881199998 11.455753713000002 3.402132653400000 0.000268723434797 0.001767797513650 0.002343858481787
116 8 21.429390813000008 9.775703055900001 4.968235823200000 0.002154077077657 -0.000629927624805 0.001559041453875
132 8 19.180709763900005 11.073992940400007 3.132190496199999 -0.001062296106235 -0.000636893686644 0.000334409652376
156 8 19.180713938099998 8.477428856900005 1.296161863300000 -0.000941371911698 -0.001616091453206 -0.001050617171489
19 1 11.508416103199997 13.288791380900006 2.349147298800000 -0.000162937632965 0.001691296384170 -0.001137200873331
123 8 11.508415542500002 13.670555930200003 4.968234320200000 0.000209581619128 0.000859867053999 0.001527688143254
139 8 9.259738667499999 12.372281731100001 1.296160360000000 -0.001483979273972 0.000994630280965 -0.000813575238542
35 7 13.426485478100000 14.396189250800001 5.481341472000000 0.000511328584385 0.001381333359325 -0.000206071403517
51 7 15.344568726800000 13.288783027399999 2.349147115100000 0.000816312958340 0.004377015905977 -0.001701481318326
59 7 17.262640601600001 14.396182340700005 5.481345370700000 -0.000408504267525 -0.000290731677151 -0.000124881677185
67 8 16.932029885999999 12.372276697200000 5.994451122499998 -0.003175702478855 -0.000474392338393 -0.002638349605591
75 8 15.344574537799998 15.121819469800011 5.994454850600000 -0.000273753398348 -0.002075148343457 -0.001483212531628
83 8 16.932019389799994 14.205300304100005 3.402138567200000 -0.002105979860896 -0.003024935216300 0.002807430503311
91 8 13.757112196700003 12.372264326600002 5.994440303000000 0.001523821246705 -0.001039704049928 -0.002080340536377
107 8 13.757110162900000 14.205296485600002 3.402136381700000 0.001304737325081 -0.001780548010912 0.002166060974252
140 8 16.932022037700008 12.372281731100001 1.296160360000000 -0.001877350768467 -0.000102301569412 -0.001008117958958
147 8 13.757108114200003 12.372258443900009 1.296153622799999 0.001255649278257 -0.001082302338115 -0.000013593207375
20 1 19.180699473400008 13.288791380900006 2.349147298800000 -0.000158119982896 0.001697918516044 -0.001133183292990
36 7 21.098768848300001 14.396189250800001 5.481341472000000 0.000279839334324 -0.002846894801459 0.000703865528579
52 7 23.016852096999997 13.288783027399999 2.349147115100000 -0.000000718262730 0.000280264306165 -0.000753386267281
76 8 23.016857907999988 15.121819469800011 5.994454850600000 -0.000601341753431 -0.001018202104882 -0.001669258186454
92 8 21.429395566900006 12.372264326600002 5.994440303000000 0.002134269498443 0.001377547504382 -0.002026774984642
108 8 21.429393533100004 14.205296485600002 3.402136381700000 0.001698675395134 -0.000697036630094 0.002364769056428
124 8 19.180698912699995 13.670555930200003 4.968234320200000 0.000520708393675 0.002083213229964 0.001595492297134
148 8 21.429391484400018 12.372258443900009 1.296153622799999 0.001899143844282 0.001071018111032 -0.001056920742389
60 7 24.934923971800007 14.396182340700005 5.481345370700000 -0.000055636125679 0.000248548650132 -0.000106303683474
68 8 24.604313256200001 12.372276697200000 5.994451122499998 -0.001138906320937 -0.000051654744599 -0.001656684076033
84 8 24.604302760000003 14.205300304100005 3.402138567200000 -0.001452938330540 -0.000865188174467 0.001772189524511
29 1 9.590346111300004 5.537003285800003 8.613538384300000 -0.001124375660694 -0.000811800771126 0.002244693026326
157 8 11.508430567900000 4.047833987800002 7.560555002900000 0.000664863168006 0.000450059797562 -0.004890377355719
165 8 7.672298157300002 4.429594165800001 7.830487589900000 0.000601537507690 0.000483632512904 -0.000074371243555
173 8 9.259725682700003 5.346106031900003 11.232641519100001 -0.001098609742165 -0.000579264475260 0.000636072415146
13 1 13.426498927400001 5.536998376400002 8.613533801700001 0.000687721784521 -0.001154484779086 0.004681684788206
30 1 17.262629481500003 5.537003285800003 8.613538384300000 0.001424326488738 0.000650384886495 0.002075069051749
117 8 13.757107442800002 5.346108186800002 11.232628962800000 0.000418997899867 -0.001945672208327 0.000167120189803
166 8 15.344581527500001 4.429594165800001 7.830487589900000 -0.001144704987694 0.000841776893210 -0.001915303116815
174 8 16.932009052900007 5.346106031900003 11.232641519100001 -0.001713098791671 -0.002987789284987 0.000584599853508
14 1 21.098782297600003 5.536998376400002 8.613533801700001 -0.000869371836376 0.000438019329998 0.000837548830382
118 8 21.429390813000005 5.346108186800002 11.232628962800000 0.002439644847361 -0.001540061575109 0.001146347583358
158 8 19.180713938100002 4.047833987800002 7.560555002900000 -0.000260319934573 -0.001866949160607 -0.002050163326348
5 1 11.508418611100007 6.644402959900002 11.745737660500000 0.000816649575346 0.000308823973138 0.000908502792494
21 1 11.508416103199998 8.859196511800004 8.613540438400001 -0.000524307704991 0.001217372016926 0.004585290380625
125 8 11.508415542500003 9.240961061100004 11.232627459799998 -0.001486310306444 0.001238464808016 0.000203562554495
133 8 11.508426393700002 6.644398071300002 9.396583635799999 0.000277052550399 0.000136377155885 -0.001276498704758
141 8 9.259738667500002 7.942686862000003 7.560553499600000 0.000715095682166 0.000255672311040 -0.004847877948879
167 8 11.508439842400001 11.073986469400005 7.830487589900000 0.000038564848321 -0.001207738252492 -0.001915275847137
37 7 13.426485478099996 9.966594381700006 11.745734611600000 0.007822562703307 0.001506331890976 0.003429600825755
45 7 15.344568302600001 6.644396246400003 11.745727975299999 0.005003574408639 0.005745144648095 0.003657280195111
53 7 15.344568726799995 8.859188158300002 8.613540254699998 0.005952590477917 0.003717413243165 0.007477264361128
61 7 17.262640601600001 9.966587471600000 11.745738510299995 0.012077569078474 0.007253600307498 0.048137420855263
69 8 16.932029886000002 7.942681828100003 12.258844262099997 -0.005881299191160 -0.010039355930841 -0.005818099168425
77 8 15.344574537800005 10.692224600700005 12.258847990200001 -0.011622131074999 -0.000131346231817 -0.005830583307152
85 8 16.932019389799990 9.775705435000003 9.666531706799999 -0.004897049840250 -0.002853641117680 -0.010361166439324
93 8 13.757112196700007 7.942669457500004 12.258833442600000 0.000036930177081 0.000166672713279 -0.001549591143640
101 8 15.344565511000003 7.026158843900003 9.666525792999996 -0.001232283081343 0.001228236350807 -0.001157542772223
109 8 13.757110162900005 9.775701616500001 9.666529521300001 0.000480885091103 -0.001727163186784 -0.001136630888824
142 8 16.932022037700005 7.942686862000003 7.560553499600000 -0.002712494857248 -0.000042079741688 -0.004307314182742
149 8 13.757108114200001 7.942663574800001 7.560546762400000 -0.001544267885233 -0.000917011231109 -0.013231644177804
159 8 15.344572253000006 10.692226291400004 7.560555002900000 -0.001306789991970 -0.002369456563554 -0.004349798977088
6 1 19.180701981300004 6.644402959900002 11.745737660500000 -0.001982440557861 0.005110305769673 0.001516944351554
22 1 19.180699473400011 8.859196511800004 8.613540438400001 -0.000504809468354 0.001215023307722 0.004573242493288
38 7 21.098768848300008 9.966594381700006 11.745734611600000 -0.012539553177817 0.000815850984737 0.007030821086647
46 7 23.016851672800001 6.644396246400003 11.745727975299999 -0.002545328350740 0.001402427002478 0.000943872983798
54 7 23.016852096999990 8.859188158300002 8.613540254699998 -0.003480785504906 0.001844451962408 0.002363084818690
78 8 23.016857907999999 10.692224600700005 12.258847990200001 0.003646296964652 -0.000268379059555 0.000084618507216
94 8 21.429395566900006 7.942669457500004 12.258833442600000 0.003958129564573 -0.001513849268095 -0.001130279665495
102 8 23.016848881199998 7.026158843900003 9.666525792999996 0.000779624141966 0.001669878274127 0.000712101231045
110 8 21.429393533100001 9.775701616500001 9.666529521300001 0.003894601703223 -0.001430946149673 -0.001713112580962
126 8 19.180698912700002 9.240961061100004 11.232627459799998 0.005982164718462 -0.001768988199199 -0.004789187919063
134 8 19.180709763900005 6.644398071300002 9.396583635799999 0.000109055778423 -0.001318692488772 -0.001825166672505
150 8 21.429391484400004 7.942663574800001 7.560546762400000 0.002308014120448 0.000634335574415 -0.001966751734723
160 8 23.016855623200005 10.692226291400004 7.560555002900000 0.000706363649195 -0.001913651211620 -0.002480816341454
168 8 19.180723212599993 11.073986469400005 7.830487589900000 0.000191708889352 0.000247036492343 -0.001362058411791
62 7 24.934923971800000 9.966587471600000 11.745738510299995 -0.000725189126807 0.000215269112628 -0.000115205243498
70 8 24.604313256200005 7.942681828100003 12.258844262099997 -0.001422526238753 0.000852976315957 -0.001248345482730
86 8 24.604302759999996 9.775705435000003 9.666531706799999 -0.001042805543682 -0.001305105362080 0.000853960487266
7 1 15.344560296200003 13.288795263500004 11.745737660500000 0.003575282495284 -0.004515925222884 0.001516893928501
15 1 17.262640612500000 12.181390680000009 8.613533801700001 0.000695452292243 -0.001136462848029 0.004669575498198
23 1 15.344557788300000 15.503588815399999 8.613540438400001 0.000076293255631 -0.000927366448539 0.000741173106312
31 1 13.426487796399995 12.181395589400003 8.613538384300000 0.001416259685607 0.000664299121936 0.002075031385937
39 7 17.262627163200005 16.610986685300006 11.745734611600000 0.000287228526830 -0.002859762047294 0.000716222860748
95 8 17.593253881800010 14.587061761100006 12.258833442600000 0.000542113869227 0.004402674199276 -0.001130234864168
111 8 17.593251848000001 16.420093920100001 9.666529521300001 0.001869315894649 -0.000205637445433 0.000733005405880
119 8 17.593249127900002 11.990500490400001 11.232628962800000 0.001548679736009 0.006025950376076 -0.004825544689672
127 8 15.344557227600006 15.885353364700006 11.232627459799998 -0.000124702624708 0.002785575382757 0.001182794875066
135 8 15.344568078800005 13.288790374900007 9.396583635799999 -0.001067075795099 0.000718426701534 -0.001825140554573
143 8 13.095880352600002 14.587079165600008 7.560553499600000 -0.001754077428133 0.000612947321609 -0.002007656877857
151 8 17.593249799300004 14.587055878400003 7.560546762400000 0.001725408266011 0.001643470703564 -0.001966759715666
175 8 13.095867367800004 11.990498335500007 11.232641519100001 -0.003491672030073 0.000092836908584 0.000584597536173
8 1 23.016843666400000 13.288795263500004 11.745737660500000 -0.001430325668964 -0.000988455545903 -0.003009037086201
24 1 23.016841158500000 15.503588815399999 8.613540438400001 0.000075674049064 -0.000934530791575 0.000744791390265
32 1 21.098771166600002 12.181395589400003 8.613538384300000 -0.001118319841248 -0.000808341473323 0.002252144586827
47 7 19.180709987699998 13.288788550000005 11.745727975299999 -0.005775357204269 -0.011543458028602 0.007258151058470
55 7 19.180710411900002 15.503580461900007 8.613540254699998 -0.000386116809546 -0.003515648371598 0.002363072056866
63 7 21.098782286700004 16.610979775200004 11.745738510299995 -0.000419248927854 -0.000314649048679 -0.000115204692696
71 8 20.768171571100002 14.587074131700003 12.258844262099997 0.001634250185875 0.003251942548942 0.000097157992416
79 8 19.180716222899996 17.336616904300001 12.258847990200001 0.000040283798854 -0.001716125616507 -0.001260919109912
87 8 20.768161074900000 16.420097738599999 9.666531706799999 -0.001628859102129 -0.000290057180641 0.000853968455173
103 8 19.180707196099995 13.670551147500003 9.666525792999996 0.000731113438042 0.004036445879866 -0.001733969998752
128 8 23.016840597800005 15.885353364700006 11.232627459799998 0.000214457612655 0.001736919342884 0.001370417702409
136 8 23.016851449000004 13.288790374900007 9.396583635799999 0.000681392653057 0.000369832086627 0.000007478245307
144 8 20.768163722800004 14.587079165600008 7.560553499600000 -0.001311181959926 0.001473471224748 -0.002438314165161
176 8 20.768150737999996 11.990498335500007 11.232641519100001 0.001467624032405 0.000902424051920 -0.000550340639919
16 1 24.934923982700003 12.181390680000009 8.613533801700001 -0.000875869053843 0.000441046244810 0.000841145220720
40 7 24.934910533400007 16.610986685300006 11.745734611600000 0.000510118551690 0.001370574671009 -0.000204581981847
48 7 26.852993357900004 13.288788550000005 11.745727975299999 0.001229716590056 -0.000519714268613 0.000023054847604
56 7 26.852993782099993 15.503580461900007 8.613540254699998 0.000120211672407 0.000350079510259 0.000378650497916
64 7 28.771065656899999 16.610979775200004 11.745738510299995 -0.000052385576063 0.000250442178006 -0.000102088928063
72 8 28.440454941300004 14.587074131700003 12.258844262099997 -0.002643934229946 0.001194651894757 -0.001317198682146
80 8 26.852999593099998 17.336616904300001 12.258847990200001 -0.000274512058367 -0.002944723530190 -0.001329780392917
88 8 28.440444445099999 16.420097738599999 9.666531706799999 -0.001698439476647 -0.001006927643824 0.001107550876941
96 8 25.265537252000023 14.587061761100006 12.258833442600000 0.001222447429695 0.000851126852018 -0.000754374171478
104 8 26.852990566300001 13.670551147500003 9.666525792999996 -0.000184958671672 0.001713318814878 0.001146393691993
112 8 25.265535218199997 16.420093920100001 9.666529521300001 0.001424635779745 -0.001062696834017 0.001167290024113
120 8 25.265532498100001 11.990500490400001 11.232628962800000 0.001701057544931 -0.000721989035528 0.001333982651557
152 8 25.265533169500006 14.587055878400003 7.560546762400000 0.001656992090850 0.000931211337129 -0.001718498000024
