ITEM: TIMESTEP
0
ITEM: NUMBER OF ATOMS
176
ITEM: BOX BOUNDS xy xz yz pp pp pp
0.0000000000000000e+00 3.0689133480799999e+01 7.6722833701999980e+00
0.0000000000000000e+00 1.7718379476200003e+01 7.6722833702000024e+00
0.0000000000000000e+00 1.2528786279200000e+01 4.4295948690000015e+00
ITEM: ATOMS id type x y z fx fy fz
25 1 5.754204426199998 3.322205851300000 2.349145244699999 0.018811883290494 0.010698722624687 0.013667263659921
137 8 5.423596982400004 5.727889427500000 1.296160360000000 -0.002769413729873 0.005578316673393 -0.005723049380691
161 8 3.841156472200049 2.217683482645922 1.574259416109257 -0.047862676237319 -0.027497590988442 -0.075975431803942
169 8 5.423583997600000 3.131308597400002 4.968248379499999 -0.001920492842518 -0.001053814551338 0.008010127604605
1 1 7.672276926000002 4.429605525400001 5.481344520900000 -0.002315203688148 -0.001499336461205 -0.004494426493104
9 1 9.590357242299998 3.322200941900001 2.349140662099999 -0.004378995160290 0.000606582873580 0.000899066355181
41 7 11.508426617500000 4.429598811900002 5.481334835700000 -0.001197045548041 -0.000621267525554 -0.001450180810251
89 8 9.920970511600007 5.727872023000002 5.994440303000000 0.002467242235660 0.001569798964672 0.000040471082530
97 8 11.508423825899998 4.811361409400002 3.402132653400000 0.000914801365913 0.001985403890016 0.001684874830659
113 8 9.920965757699999 3.131310752300001 4.968235823200000 0.003021722785921 -0.000738728487242 0.002106543475553
129 8 7.672284708600001 4.429600636800002 3.132190496199999 0.014633771123550 0.008425169151982 0.006061086823708
145 8 9.920966429100000 5.727866140300000 1.296153622799999 0.002698728027657 0.001532661446593 -0.001873413490677
153 8 7.672288882800000 1.833036553300000 1.296161863300000 0.003532074756972 -0.005228894595474 -0.005765495262383
162 8 11.508439842400000 2.214796731300001 1.566094450300000 0.001173890090105 -0.000133559776222 -0.000371515743364
2 1 15.344560296200001 4.429605525400001 5.481344520900000 0.001274751834933 -0.000371471718321 -0.000450676377649
10 1 17.262640612500000 3.322200941900001 2.349140662099999 0.004902154343807 0.002954255683491 0.008290634651090
26 1 13.426487796400002 3.322205851300000 2.349145244699999 -0.000808915772227 0.000332135489433 0.000675926199462
65 8 13.095888200900001 5.727884393600002 5.994451122499998 -0.002021436452397 0.000813813945226 -0.000588866565905
90 8 17.593253881800006 5.727872023000002 5.994440303000000 0.000115923828782 0.002249844485192 -0.000366831652477
114 8 17.593249127900009 3.131310752300001 4.968235823200000 -0.000473207247881 -0.001102214019510 0.002168264609530
130 8 15.344568078800005 4.429600636800002 3.132190496199999 0.000014984468279 -0.000075978947725 0.000046285229205
138 8 13.095880352600009 5.727889427500000 1.296160360000000 -0.001334609537182 0.000664380289083 -0.001906071116786
146 8 17.593249799300011 5.727866140300000 1.296153622799999 0.000330121074659 0.000149598970163 -0.003655802457829
154 8 15.344572252999999 1.833036553300000 1.296161863300000 0.001707350877606 -0.001837549214025 -0.003361488761127
170 8 13.095867367800004 3.131308597400002 4.968248379499999 -0.001610687910416 -0.000877712023979 0.001329855185436
42 7 19.180709987699998 4.429598811900002 5.481334835700000 0.002723211168387 -0.001776681786985 -0.006203432043753
66 8 20.768171571100002 5.727884393600002 5.994451122499998 -0.001099242031972 0.002264048459661 -0.000022161837907
98 8 19.180707196099995 4.811361409400002 3.402132653400000 -0.004080382678387 0.010200117302497 0.005507597969027
3 1 11.508418611100000 11.073997829000001 5.481344520900000 0.000456546442089 0.001045686923363 -0.000450671467448
17 1 7.672274418099999 6.644399077300000 2.349147298800000 -0.001532556881340 -0.004051121340172 0.000802705089925
27 1 9.590346111300001 9.966598154900002 2.349145244699999 0.000024033542174 -0.001110612141452 0.000675925449755
33 7 9.590343793000001 7.751796947200008 5.481341472000000 -0.000791226741136 -0.000680315542256 -0.001677831577004
49 7 11.508427041700001 6.644390723800001 2.349147115100000 -0.001155737156403 -0.000386590568891 0.000209091164158
73 8 11.508432852700000 8.477427166200002 5.994454850600000 -0.000293086222089 -0.002215209020328 -0.000601430721261
105 8 9.920968477800001 7.560904182000002 3.402136381700000 0.002210149681036 -0.000246319480354 0.001705770842910
121 8 7.672273857400003 7.026163626600007 4.968234320200000 0.000860301371446 0.002889023829858 0.002142986371033
131 8 11.508426393700001 11.073992940400007 3.132190496199999 -0.000037885226459 0.000015652638052 0.000046281231448
155 8 11.508430567899998 8.477428856900005 1.296161863300000 -0.000006046689218 -0.001529389523100 -0.001948576285718
163 8 7.672298157300000 8.859189034900005 1.566094450300000 0.000353257309189 0.001287920740386 -0.000371500321948
171 8 9.259725682700001 9.775700901000002 4.968248379499999 -0.001613112021586 -0.000873521813130 0.001329852927590
11 1 13.426498927399999 9.966593245500007 2.349140662099999 0.000217484501863 0.000196645150362 0.000615757764954
18 1 15.344557788300000 6.644399077300000 2.349147298800000 0.000410697384886 0.000134544716564 0.000519382148129
28 1 17.262629481500003 9.966598154900002 2.349145244699999 0.000163405102879 -0.000068336394093 0.000282207675418
34 7 17.262627163200005 7.751796947200008 5.481341472000000 0.000952248925630 -0.001030271631022 -0.000498135487029
43 7 15.344568302600003 11.073991115500002 5.481334835700000 -0.000628408075087 0.001063611563338 -0.000270489237464
57 7 13.426498916499998 7.751790037100004 5.481345370700000 0.000380164103595 0.000500167415653 -0.001021401958241
81 8 13.095877704700001 7.560908000500002 3.402138567200000 -0.001636757682885 -0.000971315805201 0.001415422993857
99 8 15.344565510999997 11.455753713000002 3.402132653400000 0.000164885566396 0.000504986943890 0.001600796776727
106 8 17.593251848000001 7.560904182000002 3.402136381700000 0.000553096786999 -0.000155569455761 0.001621708720081
115 8 13.757107442799997 9.775703055900001 4.968235823200000 0.001640762617704 -0.001176839573688 0.001416601632179
122 8 15.344557227600001 7.026163626600007 4.968234320200000 -0.000209589810063 0.001912120411910 0.001453040648309
164 8 15.344581527500001 8.859189034900005 1.566094450300000 -0.000284114515520 -0.000027703677138 -0.000301470537855
172 8 16.932009052900014 9.775700901000002 4.968248379499999 -0.001508063579713 -0.000815666986191 0.001348692490618
4 1 19.180701981300000 11.073997829000001 5.481344520900000 -0.000111692308144 -0.000227169330834 -0.000179891455129
12 1 21.098782297600000 9.966593245500007 2.349140662099999 -0.000381649698604 -0.001047186324008 0.000371174747729
44 7 23.016851672799998 11.073991115500002 5.481334835700000 -0.000023962437004 0.000048420086072 0.000463442234011
50 7 19.180710411899998 6.644390723800001 2.349147115100000 0.002759249452092 -0.004666335078047 0.002739766467235
58 7 21.098782286699997 7.751790037100004 5.481345370700000 -0.000458730975887 -0.001957202497599 -0.001329318001081
74 8 19.180716222899989 8.477427166200002 5.994454850600000 -0.000374297038928 -0.001404647196645 -0.001053567286140
82 8 20.768161074900000 7.560908000500002 3.402138567200000 -0.001406135479444 0.000293840685237 0.001728092657126
100 8 23.016848881199998 11.455753713000002 3.402132653400000 0.000346622996965 0.002462981733909 0.000820383280106
116 8 21.429390813000008 9.775703055900001 4.968235823200000 0.002003667887448 -0.000166319082870 0.001430265631818
132 8 19.180709763900005 11.073992940400007 3.132190496199999 0.000178699157746 0.000079733971058 -0.000010666505653
156 8 19.180713938099998 8.477428856900005 1.296161863300000 -0.000270206249858 -0.000602348407421 -0.002504775825971
19 1 11.508416103199997 13.288791380900006 2.349147298800000 0.005141017841922 0.002812737405004 0.008194082967813
123 8 11.508415542500002 13.670555930200003 4.968234320200000 -0.001201965036566 0.000044056892554 0.002204652889402
139 8 9.259738667499999 12.372281731100001 1.296160360000000 -0.000744758270109 0.002302289495906 -0.003319005337747
35 7 13.426485478100000 14.396189250800001 5.481341472000000 0.000168308815005 0.003292380201579 -0.006431126222705
51 7 15.344568726800000 13.288783027399999 2.349147115100000 -0.002904672884332 0.005143731604073 0.002739784494897
59 7 17.262640601600001 14.396182340700005 5.481345370700000 -0.002167429920585 0.001002344077257 -0.001329294595430
67 8 16.932029885999999 12.372276697200000 5.994451122499998 -0.001360067755394 0.000338200247648 -0.001041010301015
75 8 15.344574537799998 15.121819469800011 5.994454850600000 0.001423953416950 -0.002141687755906 -0.000034723099050
83 8 16.932019389799994 14.205300304100005 3.402138567200000 -0.000425790704572 -0.001404176497403 0.001728080192563
91 8 13.757112196700003 12.372264326600002 5.994440303000000 0.001880530277902 -0.000806498615482 -0.000366830460964
107 8 13.757110162900000 14.205296485600002 3.402136381700000 0.006826836783445 -0.008679615816640 0.005528541645644
140 8 16.932022037700008 12.372281731100001 1.296160360000000 -0.000663830412479 -0.000027914083380 -0.002462281903722
147 8 13.757108114200003 12.372258443900009 1.296153622799999 0.000316628807963 0.000172964732335 -0.003655783705010
20 1 19.180699473400008 13.288791380900006 2.349147298800000 -0.000966047107339 0.000237572064184 0.000274813970344
36 7 21.098768848300001 14.396189250800001 5.481341472000000 0.000375291575450 0.000000764221005 0.000235794825903
52 7 23.016852096999997 13.288783027399999 2.349147115100000 -0.001676208510789 -0.000687088935306 0.002232111692543
76 8 23.016857907999988 15.121819469800011 5.994454850600000 -0.001269246108361 -0.001981324874445 -0.001131673172351
92 8 21.429395566900006 12.372264326600002 5.994440303000000 0.001620270405717 0.001080798955040 -0.001336186310408
108 8 21.429393533100004 14.205296485600002 3.402136381700000 0.002339640697707 -0.000977171645780 0.000841282854772
124 8 19.180698912699995 13.670555930200003 4.968234320200000 0.000846995047216 0.001721153693261 0.001466698812173
148 8 21.429391484400018 12.372258443900009 1.296153622799999 0.002191564616104 0.001239860143598 -0.001480485207010
60 7 24.934923971800007 14.396182340700005 5.481345370700000 0.002208932702415 0.001556016271585 -0.000868500416930
68 8 24.604313256200001 12.372276697200000 5.994451122499998 -0.002306962870002 -0.000148520618875 -0.001119110754122
84 8 24.604302760000003 14.205300304100005 3.402138567200000 -0.003216475992690 -0.001883389547935 -0.001257152552477
29 1 9.590346111300004 5.537003285800003 8.613538384300000 -0.002591204391680 -0.001658702280415 -0.004106006503599
157 8 11.508430567900000 4.047833987800002 7.560555002900000 -0.000005638649505 -0.001179223988394 -0.000391747515969
165 8 7.672298157300002 4.429594165800001 7.830487589900000 0.001160180739283 0.000806151355277 0.002074097788778
173 8 9.259725682700003 5.346106031900003 11.232641519100001 0.003891421237457 0.002301732867979 0.003227078530296
13 1 13.426498927400001 5.536998376400002 8.613533801700001 0.002833474788029 -0.001308934129811 -0.002818336154619
30 1 17.262629481500003 5.537003285800003 8.613538384300000 0.000941085442515 -0.000320310395413 -0.000712102442019
117 8 13.757107442800002 5.346108186800002 11.232628962800000 -0.004273086644165 0.001097120710406 0.001304323791568
166 8 15.344581527500001 4.429594165800001 7.830487589900000 -0.001095113047135 0.000443120267434 0.000805041479013
174 8 16.932009052900007 5.346106031900003 11.232641519100001 -0.001874376657721 -0.001031187998681 0.000903007657437
14 1 21.098782297600003 5.536998376400002 8.613533801700001 -0.001161409319484 -0.000586903303503 -0.001625998879651
118 8 21.429390813000005 5.346108186800002 11.232628962800000 0.003442015025481 0.000129686865850 0.001738025295626
158 8 19.180713938100002 4.047833987800002 7.560555002900000 -0.000269871395342 -0.001952153119264 0.000244606835692
5 1 11.508418611100007 6.644402959900002 11.745737660500000 0.005236700294159 0.002860511690835 0.023255468958311
21 1 11.508416103199998 8.859196511800004 8.613540438400001 0.000414810059160 0.003152901700081 -0.002914724729808
125 8 11.508415542500003 9.240961061100004 11.232627459799998 -0.001197215793432 -0.004346466599918 0.001340710189082
133 8 11.508426393700002 6.644398071300002 9.396583635799999 -0.000040942109318 -0.000047144811485 0.017806634691454
141 8 9.259738667500002 7.942686862000003 7.560553499600000 -0.001031148603138 0.000489645339210 -0.000349236707407
167 8 11.508439842400001 11.073986469400005 7.830487589900000 -0.000281864758269 -0.000965471449835 0.000805087667055
37 7 13.426485478099996 9.966594381700006 11.745734611600000 0.003103267773284 0.001566636097520 0.004675215088213
45 7 15.344568302600001 6.644396246400003 11.745727975299999 0.002696078888318 0.001627974559787 0.004902816906033
53 7 15.344568726799995 8.859188158300002 8.613540254699998 0.001106576409161 0.000919554774552 -0.000533773856685
61 7 17.262640601600001 9.966587471600000 11.745738510299995 -0.000990442180282 -0.000291142195410 0.001190066837403
69 8 16.932029886000002 7.942681828100003 12.258844262099997 -0.001720326667259 0.000584806253404 -0.002424308421589
77 8 15.344574537800005 10.692224600700005 12.258847990200001 -0.000340850384610 -0.001839948590031 -0.002436876797231
85 8 16.932019389799990 9.775705435000003 9.666531706799999 -0.001717232051437 -0.001017792304229 0.001281694301535
93 8 13.757112196700007 7.942669457500004 12.258833442600000 -0.002488693365776 -0.001291533184157 -0.008050393347274
101 8 15.344565511000003 7.026158843900003 9.666525792999996 -0.000811467466965 0.001396407188002 0.001207906637086
109 8 13.757110162900005 9.775701616500001 9.666529521300001 0.000836909852268 -0.001446817222214 0.001228796617107
142 8 16.932022037700005 7.942686862000003 7.560553499600000 -0.001921420482729 0.000960183464480 -0.001083239864064
149 8 13.757108114200001 7.942663574800001 7.560546762400000 0.001014855700302 0.000560472209768 -0.000500358129052
159 8 15.344572253000006 10.692226291400004 7.560555002900000 -0.000043277202054 -0.002185489788213 -0.001125739120452
6 1 19.180701981300004 6.644402959900002 11.745737660500000 -0.000924440264211 0.000017960931136 0.000185134677124
22 1 19.180699473400011 8.859196511800004 8.613540438400001 -0.000155317325058 -0.000197828956744 -0.000398242619915
38 7 21.098768848300008 9.966594381700006 11.745734611600000 -0.000795921161966 0.000680929628795 -0.000039563600723
46 7 23.016851672800001 6.644396246400003 11.745727975299999 -0.007334364613938 -0.000779240325822 -0.000421851608212
54 7 23.016852096999990 8.859188158300002 8.613540254699998 -0.001675730113356 0.001270625401559 -0.001729300630217
78 8 23.016857907999999 10.692224600700005 12.258847990200001 0.000490293449507 -0.002810324446757 -0.001924738667546
94 8 21.429395566900006 7.942669457500004 12.258833442600000 0.003497464272496 0.000129414236901 -0.001680705058521
102 8 23.016848881199998 7.026158843900003 9.666525792999996 0.001318497208704 0.001312465919006 0.003306803809883
110 8 21.429393533100001 9.775701616500001 9.666529521300001 0.002107061929358 -0.001166184622958 0.001870195080485
126 8 19.180698912700002 9.240961061100004 11.232627459799998 0.000845141154999 0.001889455333531 0.001391727814403
134 8 19.180709763900005 6.644398071300002 9.396583635799999 0.000189651630489 0.000057426772463 0.000382259415012
150 8 21.429391484400004 7.942663574800001 7.560546762400000 0.002371324084859 0.001343749959364 -0.000338716443932
160 8 23.016855623200005 10.692226291400004 7.560555002900000 0.000113840551103 -0.002259729250097 -0.001178495004065
168 8 19.180723212599993 11.073986469400005 7.830487589900000 0.000009699725887 0.000141927919237 0.000172278118423
62 7 24.934923971800000 9.966587471600000 11.745738510299995 -0.000731705969906 0.006373576694641 0.000959414050329
70 8 24.604313256200005 7.942681828100003 12.258844262099997 0.005891798889485 -0.005618663744287 0.000511367164049
86 8 24.604302759999996 9.775705435000003 9.666531706799999 -0.001134620492903 -0.001808919052773 0.002306197607092
7 1 15.344560296200003 13.288795263500004 11.745737660500000 -0.000305793036038 -0.001053577560684 0.000185152978663
15 1 17.262640612500000 12.181390680000009 8.613533801700001 -0.000353356485800 -0.000127349443008 -0.000301862590067
23 1 15.344557788300000 15.503588815399999 8.613540438400001 -0.000957324927808 -0.000667836765395 -0.001722338064733
31 1 13.426487796399995 12.181395589400003 8.613538384300000 0.000334023751233 0.000731151833757 -0.000712085497320
39 7 17.262627163200005 16.610986685300006 11.745734611600000 -0.003996759902214 -0.005916358780489 -0.000649517350014
95 8 17.593253881800010 14.587061761100006 12.258833442600000 0.001734948367859 0.003182185867654 -0.001680675493996
111 8 17.593251848000001 16.420093920100001 9.666529521300001 0.001829205308789 0.000439762050223 0.003327708052257
119 8 17.593249127900002 11.990500490400001 11.232628962800000 0.002148502728404 -0.000252066532812 0.001355286004306
127 8 15.344557227600006 15.885353364700006 11.232627459799998 0.001822541238306 0.002818808830773 0.001774473157391
135 8 15.344568078800005 13.288790374900007 9.396583635799999 0.000164884362194 0.000100219036445 0.000382088538577
143 8 13.095880352600002 14.587079165600008 7.560553499600000 -0.001832645983332 0.000647281306602 0.000287138114079
151 8 17.593249799300004 14.587055878400003 7.560546762400000 0.002371418625589 0.001343571359845 -0.000338718279179
175 8 13.095867367800004 11.990498335500007 11.232641519100001 -0.001877878114890 -0.001025144434937 0.000902996671679
8 1 23.016843666400000 13.288795263500004 11.745737660500000 0.000360191380292 0.000045281784499 -0.000005865242071
24 1 23.016841158500000 15.503588815399999 8.613540438400001 0.000928817674687 -0.000478088439462 -0.000628716620747
32 1 21.098771166600002 12.181395589400003 8.613538384300000 0.000174075520047 -0.000062161383565 -0.000290801744568
47 7 19.180709987699998 13.288788550000005 11.745727975299999 -0.000020515500117 -0.001305989941005 0.000188065510823
55 7 19.180710411900002 15.503580461900007 8.613540254699998 0.000019467394204 -0.001665510798155 -0.001729302726366
63 7 21.098782286700004 16.610979775200004 11.745738510299995 0.004910771137309 -0.003399407940613 0.000959369301994
71 8 20.768171571100002 14.587074131700003 12.258844262099997 -0.002145146987117 0.001789800583691 -0.001912163035840
79 8 19.180716222899996 17.336616904300001 12.258847990200001 -0.001907140803536 0.007854163646956 0.000498995085162
87 8 20.768161074900000 16.420097738599999 9.666531706799999 -0.002111072496123 -0.000117666698372 0.002306201724213
103 8 19.180707196099995 13.670551147500003 9.666525792999996 0.000066642701743 0.002356060618372 0.001849298879954
128 8 23.016840597800005 15.885353364700006 11.232627459799998 -0.001192518452564 0.002417765631843 0.001493244861625
136 8 23.016851449000004 13.288790374900007 9.396583635799999 -0.000164038621179 -0.000118294445942 0.000276862554381
144 8 20.768163722800004 14.587079165600008 7.560553499600000 -0.001907166665699 0.001133367080175 -0.001135990848583
176 8 20.768150737999996 11.990498335500007 11.232641519100001 -0.001636799218667 -0.000889991480142 0.001454920623465
16 1 24.934923982700003 12.181390680000009 8.613533801700001 -0.000053997689897 0.000951669915317 -0.000532362045562
40 7 24.934910533400007 16.610986685300006 11.745734611600000 0.000539334178483 0.000098580752034 0.000494479830924
48 7 26.852993357900004 13.288788550000005 11.745727975299999 0.000142760203810 0.000141566642828 0.000722111184876
56 7 26.852993782099993 15.503580461900007 8.613540254699998 0.000184621660962 0.000387270327717 -0.001393153282411
64 7 28.771065656899999 16.610979775200004 11.745738510299995 -0.001372743905963 -0.000511872245854 -0.000115881713287
72 8 28.440454941300004 14.587074131700003 12.258844262099997 -0.001542975190516 0.001178223955682 -0.001589808924442
80 8 26.852999593099998 17.336616904300001 12.258847990200001 0.000261728770011 -0.001983049838609 -0.001602360096190
88 8 28.440444445099999 16.420097738599999 9.666531706799999 -0.001082732465996 -0.000651462349549 0.002319853104269
96 8 25.265537252000023 14.587061761100006 12.258833442600000 0.001505761823072 0.001014687636776 -0.001519846757316
104 8 26.852990566300001 13.670551147500003 9.666525792999996 -0.000046930572280 0.001348972143163 0.001914496377524
112 8 25.265535218199997 16.420093920100001 9.666529521300001 0.001178119359316 -0.000761004540659 0.001935397537701
120 8 25.265532498100001 11.990500490400001 11.232628962800000 0.001587200481168 -0.002280872157518 0.001456790185025
152 8 25.265533169500006 14.587055878400003 7.560546762400000 0.001499220466175 0.000840110684633 -0.000926437334494
