ITEM: TIMESTEP
0
ITEM: NUMBER OF ATOMS
176
ITEM: BOX BOUNDS xy xz yz pp pp pp
0.0000000000000000e+00 3.0689133480799999e+01 7.6722833701999980e+00
0.0000000000000000e+00 1.7718379476200003e+01 7.6722833702000024e+00
0.0000000000000000e+00 1.2528786279200000e+01 4.4295948690000015e+00
ITEM: ATOMS id type x y z fx fy fz
25 1 5.754204426199998 3.322205851300000 2.349145244699999 0.004572412813849 0.002732885453525 0.000107045849427
137 8 5.423596982400004 5.727889427500000 1.296160360000000 -0.006557030931732 0.000386112487004 -0.002194785097128
161 8 3.836156472199998 2.214796731300001 1.566094450300000 -0.002165068129578 0.000080419236013 -0.000013020029026
169 8 5.423583997600000 3.131308597400002 4.968248379499999 -0.002891485878262 -0.001608607303264 0.001794880828447
1 1 7.672276926000002 4.429605525400001 5.481344520900000 0.002049571746760 0.003435142066680 -0.004593964062183
9 1 9.590357242299998 3.322200941900001 2.349140662099999 -0.002525663693101 0.019326580001500 -0.005230802964909
41 7 11.508426617500000 4.429598811900002 5.481334835700000 -0.011438182423103 0.000001082251398 0.000113760619899
89 8 9.920970511600007 5.727872023000002 5.994440303000000 0.004421898144796 -0.003984219541330 0.003020008233661
97 8 11.508423825899998 4.811361409400002 3.402132653400000 0.017742125321424 0.001905878869688 0.001473249779804
113 8 9.920965757699999 3.131310752300001 4.968235823200000 0.004133959430419 -0.001583023090122 0.002689221477828
129 8 7.672284708600001 4.429600636800002 3.132190496199999 -0.004353495392638 -0.005819104450812 0.002894566581161
145 8 9.920966429100000 5.727866140300000 1.296153622799999 0.030499333015130 0.007356276771458 -0.000850307845711
153 8 7.672288882800000 1.833036553300000 1.296161863300000 -0.001108526772141 -0.004465863973755 -0.001673191945525
162 8 11.508439842400000 2.214796731300001 1.566094450300000 0.005620488518422 0.000064454842949 -0.000018984483771
2 1 15.344560296200001 4.429605525400001 5.481344520900000 0.002037813449899 -0.003649631578602 0.004450593154506
10 1 17.262640612500000 3.322200941900001 2.349140662099999 0.004259941848055 -0.002802564161579 -0.000078709037518
26 1 13.426487796400002 3.322205851300000 2.349145244699999 -0.002283513203685 -0.019444580701244 0.005289246070289
65 8 13.095888200900001 5.727884393600002 5.994451122499998 0.001070891163853 0.005764953380562 -0.005807508401622
90 8 17.593253881800006 5.727872023000002 5.994440303000000 -0.000381424784524 0.001985678820824 -0.002040719806515
114 8 17.593249127900009 3.131310752300001 4.968235823200000 0.000552151112232 -0.000062720419432 0.000892097918390
130 8 15.344568078800005 4.429600636800002 3.132190496199999 -0.004359080219977 0.005789910225654 -0.002751919700465
138 8 13.095880352600009 5.727889427500000 1.296160360000000 0.028969140980706 -0.006653998479783 -0.003307125905029
146 8 17.593249799300011 5.727866140300000 1.296153622799999 -0.003239240721826 0.001401476877732 -0.000762507145839
154 8 15.344572252999999 1.833036553300000 1.296161863300000 -0.001099446325536 0.000821235804575 -0.001607233226477
170 8 13.095867367800004 3.131308597400002 4.968248379499999 0.000732257193715 -0.000121085835614 0.000015659049476
42 7 19.180709987699998 4.429598811900002 5.481334835700000 0.002630778316590 -0.000032780359303 0.000231401357629
66 8 20.768171571100002 5.727884393600002 5.994451122499998 -0.003755826892703 -0.000216249962216 -0.000743483154311
98 8 19.180707196099995 4.811361409400002 3.402132653400000 -0.001790283450553 0.001765207928558 0.001553517212883
3 1 11.508418611100000 11.073997829000001 5.481344520900000 -0.004091835009375 -0.000102659053817 -0.000085327029329
17 1 7.672274418099999 6.644399077300000 2.349147298800000 0.031016776545677 -0.000075543832565 -0.000046387074060
27 1 9.590346111300001 9.966598154900002 2.349145244699999 -0.002205004518706 -0.019379628206575 0.005259891383084
33 7 9.590343793000001 7.751796947200008 5.481341472000000 -0.000214787358194 -0.006302261810934 -0.041307145865322
49 7 11.518427041700001 6.644390723800001 2.349147115100000 -0.194909543125005 0.000213448155625 -0.000045683971099
73 8 11.508432852700000 8.477427166200002 5.994454850600000 0.011327952391512 -0.001936303886013 -0.001445110456100
105 8 9.920968477800001 7.560904182000002 3.402136381700000 0.030348061775022 -0.007257427625051 0.001053665739759
121 8 7.672273857400003 7.026163626600007 4.968234320200000 -0.007263868874290 0.001727008076691 0.007322152457460
131 8 11.508426393700001 11.073992940400007 3.132190496199999 0.005697140153336 -0.000030715967306 0.000079214719774
155 8 11.508430567899998 8.477428856900005 1.296161863300000 0.017669282496637 -0.001963625537037 -0.001557346816757
163 8 7.672298157300000 8.859189034900005 1.566094450300000 -0.004430157576022 0.005852757324968 -0.002834499332644
171 8 9.259725682700001 9.775700901000002 4.968248379499999 -0.003409755449917 0.007302810211352 0.005939689876410
11 1 13.426498927399999 9.966593245500007 2.349140662099999 -0.002604124190819 0.019390596348845 -0.005260175756900
18 1 15.344557788300000 6.644399077300000 2.349147298800000 0.031309741485120 -0.000075436691364 -0.000046596380556
28 1 17.262629481500003 9.966598154900002 2.349145244699999 0.004580647637147 0.002749081359147 0.000107843678865
34 7 17.262627163200005 7.751796947200008 5.481341472000000 0.007302757491018 0.001479326932184 0.003563639578169
43 7 15.344568302600003 11.073991115500002 5.481334835700000 0.002630185265000 0.004335578530296 0.002946476089125
57 7 13.426498916499998 7.751790037100004 5.481345370700000 -0.000669660951140 0.006430559805752 0.041423815081711
81 8 13.095877704700001 7.560908000500002 3.402138567200000 0.028943948700997 0.006493697420121 0.003161528583161
99 8 15.344565510999997 11.455753713000002 3.402132653400000 -0.001026227896993 -0.000879022329487 0.001523334006416
106 8 17.593251848000001 7.560904182000002 3.402136381700000 -0.003391817614163 -0.001301393683002 0.000967028398263
115 8 13.757107442799997 9.775703055900001 4.968235823200000 0.000037203529874 -0.008961793991150 -0.003242130372138
122 8 15.344557227600001 7.026163626600007 4.968234320200000 -0.007266992938549 0.001993331573812 -0.004533308313441
164 8 15.344581527500001 8.859189034900005 1.566094450300000 -0.004435769131603 -0.005756303021403 0.002812097930211
172 8 16.932009052900014 9.775700901000002 4.968248379499999 -0.002855378537491 -0.001956070364343 0.000935969697508
4 1 19.180701981300000 11.073997829000001 5.481344520900000 0.001533853151044 -0.000097095196322 -0.000080856211050
12 1 21.098782297600000 9.966593245500007 2.349140662099999 0.004251646174943 -0.002786404934087 -0.000077854639678
44 7 23.016851672799998 11.073991115500002 5.481334835700000 0.002634725076577 -0.004387176096149 -0.002490777425912
50 7 19.180710411899998 6.644390723800001 2.349147115100000 0.008032433163220 0.000210835823733 -0.000049071722275
58 7 21.098782286699997 7.751790037100004 5.481345370700000 0.006880409059580 -0.001370271322740 -0.003541982634583
74 8 19.180716222899989 8.477427166200002 5.994454850600000 -0.003682892849698 -0.001937158522169 -0.001446500237767
82 8 20.768161074900000 7.560908000500002 3.402138567200000 -0.006579862476572 -0.000545267583998 0.002050605011594
100 8 23.016848881199998 11.455753713000002 3.402132653400000 -0.001035299910864 0.004408046175866 0.001589276809257
116 8 21.429390813000008 9.775703055900001 4.968235823200000 0.000580992206639 0.000275143205086 0.001754275801477
132 8 19.180709763900005 11.073992940400007 3.132190496199999 -0.002088320784166 -0.000046814980963 0.000073194520570
156 8 19.180713938099998 8.477428856900005 1.296161863300000 -0.001863503467993 -0.001823019901954 -0.001637431377285
19 1 11.508416103199997 13.288791380900006 2.349147298800000 -0.000386870563859 -0.000081755961751 -0.000048011700073
123 8 11.508415542500002 13.670555930200003 4.968234320200000 0.000205930944152 0.001875489790010 0.001413762797230
139 8 9.259738667499999 12.372281731100001 1.296160360000000 -0.001973952814497 0.003057296661021 -0.002166889831096
35 7 13.426485478100000 14.396189250800001 5.481341472000000 0.000629132333932 0.001305053073155 -0.000093178376809
51 7 15.344568726800000 13.288783027399999 2.349147115100000 0.000936553561644 0.004307624621864 -0.000997152676756
59 7 17.262640601600001 14.396182340700005 5.481345370700000 -0.000364008091414 0.002479584514115 -0.000833833018183
67 8 16.932029885999999 12.372276697200000 5.994451122499998 -0.002645587777978 -0.000774729822455 -0.001962310784096
75 8 15.344574537799998 15.121819469800011 5.994454850600000 -0.000607000896919 -0.002985635504865 -0.001254775724863
83 8 16.932019389799994 14.205300304100005 3.402138567200000 -0.001996795208848 -0.003216440865047 0.002022726915309
91 8 13.757112196700003 12.372264326600002 5.994440303000000 0.002148446205998 -0.000288385680663 -0.001851365743297
107 8 13.757110162900000 14.205296485600002 3.402136381700000 0.001463933663321 -0.001872148143741 0.001848877708682
140 8 16.932022037700008 12.372281731100001 1.296160360000000 -0.001715082037315 -0.000196325762442 -0.001325338368449
147 8 13.757108114200003 12.372258443900009 1.296153622799999 0.001366071458064 -0.001267764602204 -0.000800608675103
20 1 19.180699473400008 13.288791380900006 2.349147298800000 -0.000386884998291 -0.000069408185580 -0.000045165054032
36 7 21.098768848300001 14.396189250800001 5.481341472000000 0.000035350329291 -0.002360551465202 0.000834392774728
52 7 23.016852096999997 13.288783027399999 2.349147115100000 0.000936562891192 -0.003885969205342 0.000899046224355
76 8 23.016857907999988 15.121819469800011 5.994454850600000 -0.000599752679611 -0.000879981782894 -0.001628504555067
92 8 21.429395566900006 12.372264326600002 5.994440303000000 0.000732877500866 0.002533781577617 -0.000819950760551
108 8 21.429393533100004 14.205296485600002 3.402136381700000 0.001213585569718 0.001367782278197 0.001005163932319
124 8 19.180698912699995 13.670555930200003 4.968234320200000 0.000831893961161 0.001867904677397 0.001413512094997
148 8 21.429391484400018 12.372258443900009 1.296153622799999 0.001616425153583 0.001972235490578 -0.001644369171889
60 7 24.934923971800007 14.396182340700005 5.481345370700000 0.000216381610631 -0.001208910346032 0.000101031872641
68 8 24.604313256200001 12.372276697200000 5.994451122499998 -0.001228650022319 0.002057309171574 -0.000927859597009
84 8 24.604302760000003 14.205300304100005 3.402138567200000 -0.001737925801759 0.000037170507467 0.001181172849897
29 1 9.590346111300004 5.537003285800003 8.613538384300000 -0.000289813566895 0.000335666539138 -0.002378989842336
157 8 11.508430567900000 4.047833987800002 7.560555002900000 0.001340495581809 -0.001824860381373 -0.001613749697057
165 8 7.672298157300002 4.429594165800001 7.830487589900000 -0.000437407732818 -0.000278773306393 0.001821118363652
173 8 9.259725682700003 5.346106031900003 11.232641519100001 -0.002505002427105 0.000583322065284 0.001846647578073
13 1 13.426498927400001 5.536998376400002 8.613533801700001 -0.000616543756324 -0.000394682405877 0.002404906639678
30 1 17.262629481500003 5.537003285800003 8.613538384300000 0.000685444597683 0.000219857644495 0.001288090265664
117 8 13.757107442800002 5.346108186800002 11.232628962800000 0.000941514288926 -0.002253108965252 0.000844736884046
166 8 15.344581527500001 4.429594165800001 7.830487589900000 -0.000431123961328 0.000428021066457 -0.001852514218372
174 8 16.932009052900007 5.346106031900003 11.232641519100001 -0.001088035209253 -0.002248731321187 0.000812144234648
14 1 21.098782297600003 5.536998376400002 8.613533801700001 0.000363055823950 -0.000275343884854 -0.001253807233983
118 8 21.429390813000005 5.346108186800002 11.232628962800000 0.002357039427247 0.000569049170357 0.001876095819964
158 8 19.180713938100002 4.047833987800002 7.560555002900000 -0.000500788672523 -0.001818974348485 -0.001642614154835
5 1 11.508418611100007 6.644402959900002 11.745737660500000 0.001533866124444 -0.000104439610766 -0.000082562223048
21 1 11.508416103199998 8.859196511800004 8.613540438400001 -0.001094890213733 -0.000076506557731 -0.000049579826658
125 8 11.508415542500003 9.240961061100004 11.232627459799998 -0.003201344033970 0.001877111747075 0.001416589986328
133 8 11.508426393700002 6.644398071300002 9.396583635799999 0.000575690692420 -0.000039273713272 0.000077174004003
141 8 9.259738667500002 7.942686862000003 7.560553499600000 -0.002571698934397 0.002149092789604 0.006971542944206
167 8 11.508439842400001 11.073986469400005 7.830487589900000 0.000177815472609 0.000076803436851 -0.000010397693051
37 7 13.426485478099996 9.966594381700006 11.745734611600000 0.007292596231775 0.001471725787238 0.003547820410707
45 7 15.344568302600001 6.644396246400003 11.745727975299999 0.002634649499024 0.004330297082240 0.002943898253426
53 7 15.344568726799995 8.859188158300002 8.613540254699998 0.002592735945337 0.002083765935947 0.005065252378153
61 7 17.262640601600001 9.966587471600000 11.745738510299995 -0.000627504400078 0.006403468455279 0.041312763227264
69 8 16.932029886000002 7.942681828100003 12.258844262099997 -0.003550213761042 -0.007494177596432 -0.006055457416898
77 8 15.344574537800005 10.692224600700005 12.258847990200001 -0.007745305495330 -0.001787004293460 -0.007352107019038
85 8 16.932019389799990 9.775705435000003 9.666531706799999 -0.002594517491186 -0.002308189384272 -0.007115576269174
93 8 13.757112196700007 7.942669457500004 12.258833442600000 0.000372394201442 0.000005543471860 -0.001729518011604
101 8 15.344565511000003 7.026158843900003 9.666525792999996 -0.000508597544821 0.001314571025859 -0.000313603659043
109 8 13.757110162900005 9.775701616500001 9.666529521300001 0.001043883405677 -0.001378352701471 -0.000535317110974
142 8 16.932022037700005 7.942686862000003 7.560553499600000 -0.002134979336148 0.000300117014389 -0.003714971005952
149 8 13.757108114200001 7.942663574800001 7.560546762400000 0.000767580411323 -0.000366697060141 -0.009937972546682
159 8 15.344572253000006 10.692226291400004 7.560555002900000 -0.000582238730272 -0.002269797510461 -0.003508883192829
6 1 19.180701981300004 6.644402959900002 11.745737660500000 -0.004091900802683 -0.000098868531258 -0.000078096207663
22 1 19.180699473400011 8.859196511800004 8.613540438400001 -0.001094892241078 -0.000074648871627 -0.000043636808172
38 7 21.098768848300008 9.966594381700006 11.745734611600000 -0.000257495778837 -0.006329120229218 -0.041418194266950
46 7 23.016851672800001 6.644396246400003 11.745727975299999 0.002630227050106 -0.004392347631242 -0.002493398200342
54 7 23.016852096999990 8.859188158300002 8.613540254699998 0.002592801086374 -0.001662115780837 -0.005163440855671
78 8 23.016857907999999 10.692224600700005 12.258847990200001 -0.007748584675220 -0.002053379591521 0.004503322607170
94 8 21.429395566900006 7.942669457500004 12.258833442600000 -0.000171425463544 0.009242341437000 0.003266892864450
102 8 23.016848881199998 7.026158843900003 9.666525792999996 -0.000509028729509 0.002211992684987 0.003425001968507
110 8 21.429393533100001 9.775701616500001 9.666529521300001 0.000615004862014 0.000466848176445 0.010142541632539
126 8 19.180698912700002 9.240961061100004 11.232627459799998 0.011809627712367 0.001876146664500 0.001415013084074
134 8 19.180709763900005 6.644398071300002 9.396583635799999 0.000254552230312 -0.000043175377189 0.000070598996224
150 8 21.429391484400004 7.942663574800001 7.560546762400000 0.001196366592290 0.001478416363475 0.000739870075683
160 8 23.016855623200005 10.692226291400004 7.560555002900000 -0.000581816032645 -0.001372368463996 0.000229706033200
168 8 19.180723212599993 11.073986469400005 7.830487589900000 0.000498936476058 0.000072904735353 -0.000016950077193
62 7 24.934923971800000 9.966587471600000 11.745738510299995 0.006890547867795 -0.001377843707810 -0.003557753364472
70 8 24.604313256200005 7.942681828100003 12.258844262099997 -0.002996000106191 0.001764632484742 -0.001051645730449
86 8 24.604302759999996 9.775705435000003 9.666531706799999 -0.002157836598759 -0.000459266532462 0.003570820477291
7 1 15.344560296200003 13.288795263500004 11.745737660500000 0.002049525352146 -0.003636654944439 0.004430511364017
15 1 17.262640612500000 12.181390680000009 8.613533801700001 -0.000610531976963 -0.000389184604897 0.002408059955021
23 1 15.344557788300000 15.503588815399999 8.613540438400001 0.000088443902636 -0.000075561186385 -0.000046606725990
31 1 13.426487796399995 12.181395589400003 8.613538384300000 0.000683758722726 0.000221833487171 0.001282900871228
39 7 17.262627163200005 16.610986685300006 11.745734611600000 0.000048271949294 -0.002378040797977 0.000839705744193
95 8 17.593253881800010 14.587061761100006 12.258833442600000 0.003925379551875 0.001863578902949 -0.002664428386975
111 8 17.593251848000001 16.420093920100001 9.666529521300001 0.001852509618676 -0.000870038535560 0.001330839763337
119 8 17.593249127900002 11.990500490400001 11.232628962800000 0.004630447598275 0.004264768664054 -0.002995183194543
127 8 15.344557227600006 15.885353364700006 11.232627459799998 -0.000125422854947 0.002925562269810 0.001224843483512
135 8 15.344568078800005 13.288790374900007 9.396583635799999 -0.000360664734502 0.000312375286950 -0.001760872168958
143 8 13.095880352600002 14.587079165600008 7.560553499600000 -0.001837838043447 0.000662250160343 -0.001662007491080
151 8 17.593249799300004 14.587055878400003 7.560546762400000 0.002004999726596 0.000970104110087 -0.001126308389206
175 8 13.095867367800004 11.990498335500007 11.232641519100001 -0.003615172936401 0.000024840554197 0.000627791449793
8 1 23.016843666400000 13.288795263500004 11.745737660500000 0.002037781822175 0.003448114768025 -0.004613934597484
24 1 23.016841158500000 15.503588815399999 8.613540438400001 0.000083853115121 -0.000075569896771 -0.000046587939482
32 1 21.098771166600002 12.181395589400003 8.613538384300000 -0.000295822589993 0.000341158778492 -0.002375748591163
47 7 19.180709987699998 13.288788550000005 11.745727975299999 -0.011437973772497 -0.000057532674185 0.000339357570414
55 7 19.180710411900002 15.503580461900007 8.613540254699998 -0.000651239204752 0.000210847579170 -0.000049066152862
63 7 21.098782286700004 16.610979775200004 11.745738510299995 -0.000376899294464 0.002462076395852 -0.000828519108552
71 8 20.768171571100002 14.587074131700003 12.258844262099997 0.000591579615226 -0.000070404182722 -0.000131364407320
79 8 19.180716222899996 17.336616904300001 12.258847990200001 0.000350303261444 -0.001927996918840 -0.001443457424581
87 8 20.768161074900000 16.420097738599999 9.666531706799999 -0.001345406215394 -0.000963854548154 0.001698350027749
103 8 19.180707196099995 13.670551147500003 9.666525792999996 0.001413683870223 0.001767023467721 0.001529900814880
128 8 23.016840597800005 15.885353364700006 11.232627459799998 -0.000118179456009 0.000819899712113 0.001598559793769
136 8 23.016851449000004 13.288790374900007 9.396583635799999 -0.000354368709320 -0.000394391996849 0.001912673319786
144 8 20.768163722800004 14.587079165600008 7.560553499600000 -0.001322562164276 0.000804693809097 -0.001842504205694
176 8 20.768150737999996 11.990498335500007 11.232641519100001 0.001211614698402 -0.005956571441537 0.005691822662109
16 1 24.934923982700003 12.181390680000009 8.613533801700001 0.000364716048636 -0.000273374415358 -0.001258950787010
40 7 24.934910533400007 16.610986685300006 11.745734611600000 0.000628644355942 0.001310418444506 -0.000095145603776
48 7 26.852993357900004 13.288788550000005 11.745727975299999 0.002630742228021 -0.000024008352068 0.000221701158801
56 7 26.852993782099993 15.503580461900007 8.613540254699998 0.000361378373360 0.000210841291715 -0.000049050746549
64 7 28.771065656899999 16.610979775200004 11.745738510299995 0.000216859860008 -0.001203563755643 0.000099067532736
72 8 28.440454941300004 14.587074131700003 12.258844262099997 -0.003032057738666 0.001417162760669 -0.001910547193488
80 8 26.852999593099998 17.336616904300001 12.258847990200001 -0.000275634670765 -0.001935551720052 -0.001443703204161
88 8 28.440444445099999 16.420097738599999 9.666531706799999 -0.001860673288577 -0.000821396085093 0.001517843289046
96 8 25.265537252000023 14.587061761100006 12.258833442600000 0.000343498116029 0.000343384606733 -0.000867338906402
104 8 26.852990566300001 13.670551147500003 9.666525792999996 -0.000427570662852 0.001761165817094 0.001558708129585
112 8 25.265535218199997 16.420093920100001 9.666529521300001 0.001342219005413 -0.001016057442628 0.001513451682523
120 8 25.265532498100001 11.990500490400001 11.232628962800000 -0.000172823903390 -0.001705042033498 0.002065487199660
152 8 25.265533169500006 14.587055878400003 7.560546762400000 0.001494709370675 0.001116130045025 -0.001308934889558
