ITEM: TIMESTEP
0
ITEM: NUMBER OF ATOMS
176
ITEM: BOX BOUNDS xy xz yz pp pp pp
0.0000000000000000e+00 3.0689133480799999e+01 7.6722833701999980e+00
0.0000000000000000e+00 1.7718379476200003e+01 7.6722833702000024e+00
0.0000000000000000e+00 1.2528786279200000e+01 4.4295948690000015e+00
ITEM: ATOMS id type x y z fx fy fz
25 1 5.754204426199998 3.322205851300000 2.349145244699999 -0.004014448171030 -0.009751793193479 -0.008954032653965
137 8 5.418596982399952 5.725002676154078 1.287995394190743 -0.004452811956306 0.031782957250022 0.098065820972579
161 8 3.836156472199998 2.214796731300001 1.566094450300000 0.001153265257500 -0.000420020687296 0.002662978105207
169 8 5.423583997600000 3.131308597400002 4.968248379499999 -0.001514197609799 0.000808694351185 0.000340611933261
1 1 7.672276926000002 4.429605525400001 5.481344520900000 0.000967869303524 -0.001658254543320 0.003864987027935
9 1 9.590357242299998 3.322200941900001 2.349140662099999 0.002229092178932 -0.002425907299217 -0.001844685089610
41 7 11.508426617500000 4.429598811900002 5.481334835700000 0.001156998149700 -0.000244776989148 0.001109317542199
89 8 9.920970511600007 5.727872023000002 5.994440303000000 0.000461793586228 0.001251307331176 -0.002234548860517
97 8 11.508423825899998 4.811361409400002 3.402132653400000 -0.000747277319510 0.002029177495031 0.001223460477783
113 8 9.920965757699999 3.131310752300001 4.968235823200000 0.000913816396365 0.000060768160342 0.000785758673944
129 8 7.672284708600001 4.429600636800002 3.132190496199999 -0.005751639469855 0.007967160925857 -0.004264558689400
145 8 9.920966429100000 5.727866140300000 1.296153622799999 -0.000830527276771 0.002018996653395 0.001518349718355
153 8 7.672288882800000 1.833036553300000 1.296161863300000 0.000210040124134 -0.001652202292910 0.000729608052701
162 8 11.508439842400000 2.214796731300001 1.566094450300000 -0.000743213248516 0.000438588164081 0.000401049336143
2 1 15.344560296200001 4.429605525400001 5.481344520900000 -0.000360845226846 -0.000271242159874 0.000154381318725
10 1 17.262640612500000 3.322200941900001 2.349140662099999 -0.000544891029826 0.000002508585738 -0.002588827262522
26 1 13.426487796400002 3.322205851300000 2.349145244699999 0.000739964027444 -0.000185166037298 -0.000281711329257
65 8 13.095888200900001 5.727884393600002 5.994451122499998 -0.001662344687701 0.000160759136425 -0.001616291094208
90 8 17.593253881800006 5.727872023000002 5.994440303000000 0.002547094630142 0.000844455375844 -0.002213513531370
114 8 17.593249127900009 3.131310752300001 4.968235823200000 0.002983251606988 0.000326930849447 0.001156458697364
130 8 15.344568078800005 4.429600636800002 3.132190496199999 -0.000263823325663 -0.000064122706699 0.000567231282111
138 8 13.095880352600009 5.727889427500000 1.296160360000000 -0.002572803062681 0.001063126970153 -0.001071036196340
146 8 17.593249799300011 5.727866140300000 1.296153622799999 -0.001310774910616 0.002997058362326 0.002954775943752
154 8 15.344572252999999 1.833036553300000 1.296161863300000 -0.000228868933975 -0.002170095863243 -0.001272456166643
170 8 13.095867367800004 3.131308597400002 4.968248379499999 -0.001893340204112 -0.000733318253129 0.001337227004410
42 7 19.180709987699998 4.429598811900002 5.481334835700000 -0.002016481862795 -0.001672193758852 0.004165232821919
66 8 20.768171571100002 5.727884393600002 5.994451122499998 -0.001242756029808 0.001663579173755 -0.003120253163002
98 8 19.180707196099995 4.811361409400002 3.402132653400000 0.007439951221086 0.006758783670760 -0.001750042308827
3 1 11.508418611100000 11.073997829000001 5.481344520900000 0.000842570427113 -0.000089108161208 0.001431900437200
17 1 7.672274418099999 6.644399077300000 2.349147298800000 0.011048205101300 0.003049220031315 -0.004188333757097
27 1 9.590346111300001 9.966598154900002 2.349145244699999 0.001687317589671 0.001850130812490 -0.000267535787831
33 7 9.590343793000001 7.751796947200008 5.481341472000000 0.003074126389463 0.001558135827118 0.003717862169741
49 7 11.508427041700001 6.644390723800001 2.349147115100000 0.002928494796491 -0.000008267277778 -0.000988255129953
73 8 11.508432852700000 8.477427166200002 5.994454850600000 -0.001760210732158 -0.002491488178174 -0.003213157821309
105 8 9.920968477800001 7.560904182000002 3.402136381700000 -0.003431014696750 -0.002537972806755 -0.000634949965717
121 8 7.672273857400003 7.026163626600007 4.968234320200000 -0.001645073847694 0.001048485256303 -0.002428334688058
131 8 11.508426393700001 11.073992940400007 3.132190496199999 -0.000625162305521 -0.000694899185043 -0.000033497426404
155 8 11.508430567899998 8.477428856900005 1.296161863300000 -0.000550315039458 -0.002182689424382 -0.001045678424155
163 8 7.672298157300000 8.859189034900005 1.566094450300000 -0.000776153441270 -0.005832040431858 0.003389443510857
171 8 9.259725682700001 9.775700901000002 4.968248379499999 -0.001996602555729 -0.001705241302095 0.000804990756176
11 1 13.426498927399999 9.966593245500007 2.349140662099999 0.000288416092239 0.000196521527735 0.000041231404323
18 1 15.344557788300000 6.644399077300000 2.349147298800000 0.000136966845502 -0.000752645625508 -0.001193472475847
28 1 17.262629481500003 9.966598154900002 2.349145244699999 -0.000733597852789 0.000709951232282 -0.000811519867024
34 7 17.262627163200005 7.751796947200008 5.481341472000000 -0.002056877945567 0.000466439324382 0.002406955357724
43 7 15.344568302600003 11.073991115500002 5.481334835700000 -0.000700915197812 -0.000063191313229 0.002005592201283
57 7 13.426498916499998 7.751790037100004 5.481345370700000 0.000183872180305 0.000689438991799 0.002139994420300
81 8 13.095877704700001 7.560908000500002 3.402138567200000 -0.002593252531156 -0.001128147278979 0.000986657430201
99 8 15.344565510999997 11.455753713000002 3.402132653400000 0.000000338939164 0.001720180902482 0.001253949010369
106 8 17.593251848000001 7.560904182000002 3.402136381700000 0.005997797053118 -0.003428210474331 -0.001678054029461
115 8 13.757107442799997 9.775703055900001 4.968235823200000 0.001677165566915 -0.000904675110001 0.000822622629128
122 8 15.344557227600001 7.026163626600007 4.968234320200000 0.001126217173173 0.001923114603130 0.001227856567496
164 8 15.344581527500001 8.859189034900005 1.566094450300000 -0.000030499249597 0.000309902791159 0.000303879719597
172 8 16.932009052900014 9.775700901000002 4.968248379499999 -0.000947270594192 -0.001612324123366 0.001072983665718
4 1 19.180701981300000 11.073997829000001 5.481344520900000 -0.000260027233415 0.000827516273436 0.000702804145028
12 1 21.098782297600000 9.966593245500007 2.349140662099999 -0.001076117473140 0.004600603514824 -0.001974110353185
44 7 23.016851672799998 11.073991115500002 5.481334835700000 0.000883560609389 0.001617116109517 0.001583097644495
50 7 19.180710411899998 6.644390723800001 2.349147115100000 -0.011455918484290 -0.003414151699003 -0.013118072329005
58 7 21.098782286699997 7.751790037100004 5.481345370700000 0.000051287745457 0.002063601963904 0.009928148574390
74 8 19.180716222899989 8.477427166200002 5.994454850600000 0.001469047532345 -0.002637691359660 -0.002836587533638
82 8 20.768161074900000 7.560908000500002 3.402138567200000 0.002136551104694 -0.015461254017138 -0.014505521738132
100 8 23.016848881199998 11.455753713000002 3.402132653400000 -0.000232545909189 0.000768761375774 0.001472367111010
116 8 21.429390813000008 9.775703055900001 4.968235823200000 0.000975756345390 -0.003468379899902 0.000157092959944
132 8 19.180709763900005 11.073992940400007 3.132190496199999 0.000773730488379 -0.000803837560964 0.000247685282471
156 8 19.180713938099998 8.477428856900005 1.296161863300000 0.000778838013636 -0.002581961393880 0.002496268662007
19 1 11.508416103199997 13.288791380900006 2.349147298800000 0.000020032265407 0.000308476999916 -0.000706096547448
123 8 11.508415542500002 13.670555930200003 4.968234320200000 0.000392580680770 0.002221295057879 0.001295870026541
139 8 9.259738667499999 12.372281731100001 1.296160360000000 -0.001741586908095 0.000345688373391 -0.001301532047396
35 7 13.426485478100000 14.396189250800001 5.481341472000000 -0.000103684385949 -0.001914272467507 0.001206338318295
51 7 15.344568726800000 13.288783027399999 2.349147115100000 -0.000212250035603 -0.000032008427168 -0.001116805679343
59 7 17.262640601600001 14.396182340700005 5.481345370700000 0.000021950547606 -0.000883775077439 0.000504697920024
67 8 16.932029885999999 12.372276697200000 5.994451122499998 -0.000606632205491 0.000420770206894 -0.001090604286880
75 8 15.344574537799998 15.121819469800011 5.994454850600000 -0.000520105607231 -0.000802815338867 -0.001913406714858
83 8 16.932019389799994 14.205300304100005 3.402138567200000 -0.001604899221170 -0.000264067365832 0.001266320431925
91 8 13.757112196700003 12.372264326600002 5.994440303000000 0.001343598795305 0.001839457398382 -0.002482957050881
107 8 13.757110162900000 14.205296485600002 3.402136381700000 0.001309132556970 0.000369130750529 0.001241171068503
140 8 16.932022037700008 12.372281731100001 1.296160360000000 -0.001558912882149 0.000770658180145 -0.001329257931208
147 8 13.757108114200003 12.372258443900009 1.296153622799999 0.001822396769662 0.001014056379169 -0.001007907994082
20 1 19.180699473400008 13.288791380900006 2.349147298800000 0.000066159107165 0.000225911699639 -0.000360370860283
36 7 21.098768848300001 14.396189250800001 5.481341472000000 0.000279162754823 0.000178173132397 0.000104063271333
52 7 23.016852096999997 13.288783027399999 2.349147115100000 -0.000064166097403 0.001234839014313 -0.000682509662507
76 8 23.016857907999988 15.121819469800011 5.994454850600000 -0.000325577931540 -0.001732889377740 -0.001570618606243
92 8 21.429395566900006 12.372264326600002 5.994440303000000 0.001397886641058 0.000514076067613 -0.001657119183964
108 8 21.429393533100004 14.205296485600002 3.402136381700000 0.001451025466163 -0.001020905649404 0.001635939967136
124 8 19.180698912699995 13.670555930200003 4.968234320200000 0.000129141136644 0.001767548115723 0.001463333171044
148 8 21.429391484400018 12.372258443900009 1.296153622799999 0.001650013868084 0.000538044423822 -0.000921377687360
60 7 24.934923971800007 14.396182340700005 5.481345370700000 -0.000389439315602 -0.000516361172675 0.000508188785235
68 8 24.604313256200001 12.372276697200000 5.994451122499998 -0.001792815078060 0.000259751660142 -0.001581448580131
84 8 24.604302760000003 14.205300304100005 3.402138567200000 -0.001652483882412 -0.001000475681155 0.001566288417887
29 1 9.590346111300004 5.537003285800003 8.613538384300000 0.001372121373342 0.000810631034567 0.001280949826910
157 8 11.508430567900000 4.047833987800002 7.560555002900000 -0.000241995416230 -0.002027083630815 -0.002234269847585
165 8 7.672298157300002 4.429594165800001 7.830487589900000 -0.000402968418732 0.000240360894485 -0.001469455881646
173 8 9.259725682700003 5.346106031900003 11.232641519100001 -0.002189769134321 -0.001596316973457 0.001249862238042
13 1 13.426498927400001 5.536998376400002 8.613533801700001 -0.000284077848346 0.001589731602695 0.001434928479620
30 1 17.262629481500003 5.537003285800003 8.613538384300000 -0.000784296980610 0.000453944815821 0.000924517515200
117 8 13.757107442800002 5.346108186800002 11.232628962800000 0.002053600203122 -0.002778875721049 0.001287430394969
166 8 15.344581527500001 4.429594165800001 7.830487589900000 0.000142007074746 -0.000185856785877 -0.000548161236122
174 8 16.932009052900007 5.346106031900003 11.232641519100001 -0.000116812809453 -0.002089282009868 0.001063371829520
14 1 21.098782297600003 5.536998376400002 8.613533801700001 -0.000112196601882 -0.000095383622420 0.001295523929063
118 8 21.429390813000005 5.346108186800002 11.232628962800000 0.001429622182077 -0.001048033525182 0.001116258660038
158 8 19.180713938100002 4.047833987800002 7.560555002900000 0.000209184855535 -0.001206215660057 -0.002912141287860
5 1 11.508418611100007 6.644402959900002 11.745737660500000 0.002570461849195 0.005173036175416 -0.000799628805461
21 1 11.508416103199998 8.859196511800004 8.613540438400001 0.002697444731233 0.001217614628941 0.004627444503135
125 8 11.508415542500003 9.240961061100004 11.232627459799998 -0.011133055459723 -0.002561783896966 -0.007325623744205
133 8 11.508426393700002 6.644398071300002 9.396583635799999 -0.000753355503381 -0.001831942294494 -0.001227321395284
141 8 9.259738667500002 7.942686862000003 7.560553499600000 -0.002572816865536 0.000174545415411 -0.003444183561416
167 8 11.508439842400001 11.073986469400005 7.830487589900000 -0.001152037430464 0.000960702112423 -0.001578593884427
37 7 13.426485478099996 9.966594381700006 11.745734611600000 -0.003665644309568 -0.007854553683637 -0.031265458935410
45 7 15.344568302600001 6.644396246400003 11.745727975299999 -0.006349353585923 0.004765763571317 -0.000575656522339
53 7 15.344568726799995 8.859188158300002 8.613540254699998 -0.007062230103142 0.003431724915674 0.005148995886319
61 7 17.262640601600001 9.966587471600000 11.745738510299995 -0.002777358330279 -0.000242304126078 -0.002765379566237
69 8 16.932029886000002 7.942681828100003 12.258844262099997 -0.000424734329991 0.001199559783123 -0.000090173839885
77 8 15.344574537800005 10.692224600700005 12.258847990200001 0.008581273952222 0.001980549335558 0.007123286926055
85 8 16.932019389799990 9.775705435000003 9.666531706799999 0.000019826284001 -0.000664715910407 0.001674332941119
93 8 13.757112196700007 7.942669457500004 12.258833442600000 0.009840832355250 -0.015911738406333 -0.003385041355940
101 8 15.344565511000003 7.026158843900003 9.666525792999996 0.001051933464170 0.000565963563489 0.000710557594860
109 8 13.757110162900005 9.775701616500001 9.666529521300001 0.006280020068206 -0.003602158265907 -0.021002761837600
142 8 16.932022037700005 7.942686862000003 7.560553499600000 0.000377641906282 -0.000092652440215 -0.003790005136475
149 8 13.757108114200001 7.942663574800001 7.560546762400000 0.001774375272912 -0.000614036969779 -0.003624801848551
159 8 15.344572253000006 10.692226291400004 7.560555002900000 0.001486972178680 -0.000879911509668 -0.003698229287916
6 1 19.180701981300004 6.644402959900002 11.745737660500000 -0.000271194695085 0.000031841487775 -0.000243079409511
22 1 19.180699473400011 8.859196511800004 8.613540438400001 -0.000808712121274 0.000277748399895 0.001007948898883
38 7 21.098768848300008 9.966594381700006 11.745734611600000 0.001272915247046 0.000055483656211 -0.000109108535240
46 7 23.016851672800001 6.644396246400003 11.745727975299999 0.001347687908798 0.000881299271335 0.000444583737480
54 7 23.016852096999990 8.859188158300002 8.613540254699998 0.001951835456955 0.001213277011855 0.001924779927428
78 8 23.016857907999999 10.692224600700005 12.258847990200001 -0.002487806106941 -0.001363831870547 -0.000996035713517
94 8 21.429395566900006 7.942669457500004 12.258833442600000 0.001153503399305 0.001073384433432 -0.001219986844754
102 8 23.016848881199998 7.026158843900003 9.666525792999996 -0.000413218286772 0.001522668555703 0.000937501587292
110 8 21.429393533100001 9.775701616500001 9.666529521300001 0.001203519290599 -0.001006865645936 0.001154550278287
126 8 19.180698912700002 9.240961061100004 11.232627459799998 0.000437745859778 0.001878527912511 0.001559132736216
134 8 19.180709763900005 6.644398071300002 9.396583635799999 0.000351482545989 -0.000128175196469 -0.000314302779212
150 8 21.429391484400004 7.942663574800001 7.560546762400000 0.001066405149589 0.000424874138919 -0.004375136235077
160 8 23.016855623200005 10.692226291400004 7.560555002900000 -0.000572388825614 -0.001938716962304 -0.002570320585782
168 8 19.180723212599993 11.073986469400005 7.830487589900000 0.000016370979062 -0.000002310029686 -0.000687628041287
62 7 24.934923971800000 9.966587471600000 11.745738510299995 0.008251200063012 -0.002156929113954 -0.001182716545003
70 8 24.604313256200005 7.942681828100003 12.258844262099997 -0.003765787161512 -0.000898723640341 -0.000724933943657
86 8 24.604302759999996 9.775705435000003 9.666531706799999 -0.003985753858414 -0.001089737217869 -0.000590299870049
7 1 15.344560296200003 13.288795263500004 11.745737660500000 -0.001863411463569 -0.001810518385579 -0.003611709574657
15 1 17.262640612500000 12.181390680000009 8.613533801700001 -0.001150685304266 -0.000636226279037 0.000807790969278
23 1 15.344557788300000 15.503588815399999 8.613540438400001 -0.000121234234413 -0.001023173110027 0.000617278553651
31 1 13.426487796399995 12.181395589400003 8.613538384300000 0.000041425888926 -0.003188881891384 0.003038535217020
39 7 17.262627163200005 16.610986685300006 11.745734611600000 0.000407612292939 0.000883307226866 -0.000378907676554
95 8 17.593253881800010 14.587061761100006 12.258833442600000 0.001399508365785 0.000719132395774 -0.000765993580883
111 8 17.593251848000001 16.420093920100001 9.666529521300001 0.001464290477122 -0.001028630356124 0.001308035763001
119 8 17.593249127900002 11.990500490400001 11.232628962800000 0.002279775016266 -0.000596482012832 0.001779198006507
127 8 15.344557227600006 15.885353364700006 11.232627459799998 0.000240427021327 0.001926836322848 0.001459740603731
135 8 15.344568078800005 13.288790374900007 9.396583635799999 0.001062221536473 0.001076128902322 0.000086782263698
143 8 13.095880352600002 14.587079165600008 7.560553499600000 -0.001597060611294 0.001681608932119 -0.002391289201404
151 8 17.593249799300004 14.587055878400003 7.560546762400000 0.001847088843963 0.001102878037757 -0.001701241703614
175 8 13.095867367800004 11.990498335500007 11.232641519100001 -0.002249987333835 0.010399880293139 -0.002864051674089
8 1 23.016843666400000 13.288795263500004 11.745737660500000 0.000912481059302 -0.000707468879949 -0.000394582031517
24 1 23.016841158500000 15.503588815399999 8.613540438400001 0.000047448045357 -0.000073086196911 0.000224556200425
32 1 21.098771166600002 12.181395589400003 8.613538384300000 0.000372699832377 0.000073629265663 0.000329790695223
47 7 19.180709987699998 13.288788550000005 11.745727975299999 0.000168520801758 -0.000015139282594 -0.000466903834897
55 7 19.180710411900002 15.503580461900007 8.613540254699998 0.000027010191538 0.000408497400276 0.000213139319602
63 7 21.098782286700004 16.610979775200004 11.745738510299995 -0.000073246555970 0.001348209250150 -0.000324076029135
71 8 20.768171571100002 14.587074131700003 12.258844262099997 -0.001605132166416 0.000160525645171 -0.000931194750174
79 8 19.180716222899996 17.336616904300001 12.258847990200001 -0.000515664141394 -0.002540642964234 -0.001164882910837
87 8 20.768161074900000 16.420097738599999 9.666531706799999 -0.001747457773426 -0.001297281193303 0.000998697675517
103 8 19.180707196099995 13.670551147500003 9.666525792999996 -0.000012206199942 0.001702993460509 0.001398567983061
128 8 23.016840597800005 15.885353364700006 11.232627459799998 0.000301551552027 0.001714154532102 0.001365374987510
136 8 23.016851449000004 13.288790374900007 9.396583635799999 -0.000578030535293 0.000250688487161 -0.000239413357034
144 8 20.768163722800004 14.587079165600008 7.560553499600000 -0.001741728257789 0.000766243357193 -0.001783507917901
176 8 20.768150737999996 11.990498335500007 11.232641519100001 -0.002001229590042 -0.000709057135344 0.001320362711280
16 1 24.934923982700003 12.181390680000009 8.613533801700001 0.001163029211424 -0.000893011199919 0.001314137739193
40 7 24.934910533400007 16.610986685300006 11.745734611600000 -0.000073120063368 0.000022027409122 -0.000212758322966
48 7 26.852993357900004 13.288788550000005 11.745727975299999 0.002528911226794 -0.004738154750242 -0.003606746730374
56 7 26.852993782099993 15.503580461900007 8.613540254699998 -0.000087482445909 -0.001357287615181 0.000880191153854
64 7 28.771065656899999 16.610979775200004 11.745738510299995 -0.000228408560594 -0.000169047851255 -0.000286781063133
72 8 28.440454941300004 14.587074131700003 12.258844262099997 -0.000964881882779 0.002043209192536 -0.000058049133813
80 8 26.852999593099998 17.336616904300001 12.258847990200001 -0.000147017269036 -0.001831090030033 -0.001341637663032
88 8 28.440444445099999 16.420097738599999 9.666531706799999 -0.001575280343689 -0.000563051502347 0.001265918990896
96 8 25.265537252000023 14.587061761100006 12.258833442600000 0.000979082053820 0.001763270701292 -0.000674567712936
104 8 26.852990566300001 13.670551147500003 9.666525792999996 -0.000609560497739 0.003259701989142 0.000671654502512
112 8 25.265535218199997 16.420093920100001 9.666529521300001 0.001654710256011 -0.000761247740496 0.001341120318842
120 8 25.265532498100001 11.990500490400001 11.232628962800000 0.000656801089019 0.000872736090014 0.001138749350413
152 8 25.265533169500006 14.587055878400003 7.560546762400000 0.001624486901422 0.001341712390766 -0.001748642989975
