ITEM: TIMESTEP
0
ITEM: NUMBER OF ATOMS
176
ITEM: BOX BOUNDS xy xz yz pp pp pp
0.0000000000000000e+00 3.0689133480799999e+01 7.6722833701999980e+00
0.0000000000000000e+00 1.7718379476200003e+01 7.6722833702000024e+00
0.0000000000000000e+00 1.2528786279200000e+01 4.4295948690000015e+00
ITEM: ATOMS id type x y z fx fy fz
25 1 5.754204426199998 3.322205851300000 2.349145244699999 -0.000916795843952 -0.001157261438089 -0.001900559334035
137 8 5.423596982400004 5.727889427500000 1.296160360000000 -0.001093027932287 0.000844042659404 -0.000688667636937
161 8 3.836156472199998 2.214796731300001 1.566094450300000 0.000467805077529 0.000429860196826 0.000565812173047
169 8 5.423583997600000 3.131308597400002 4.968248379499999 0.003168514765242 0.002143229870880 0.002140958298709
1 1 7.672276926000002 4.429605525400001 5.481344520900000 -0.002905327808562 -0.011043827693879 -0.004408460939968
9 1 9.590357242299998 3.322200941900001 2.349140662099999 0.004224217259264 -0.000239382941947 0.000485126775565
41 7 11.508426617500000 4.429598811900002 5.481334835700000 0.029565369421966 -0.012681900567023 -0.002866058721638
89 8 9.930970511600004 5.727872023000002 5.994440303000000 -0.087280957146295 0.055697851025494 0.002660142122474
97 8 11.508423825899998 4.811361409400002 3.402132653400000 0.000522029205616 0.002214013283619 -0.010474597783893
113 8 9.920965757699999 3.131310752300001 4.968235823200000 -0.010732826051912 -0.003769373904184 0.000541342389380
129 8 7.672284708600001 4.429600636800002 3.132190496199999 -0.000769802430078 0.001158835557971 0.006778246333013
145 8 9.920966429100000 5.727866140300000 1.296153622799999 -0.000170908214376 0.001157037035599 -0.002189124956001
153 8 7.672288882800000 1.833036553300000 1.296161863300000 -0.000288642552326 -0.001422389280992 -0.001110339740202
162 8 11.508439842400000 2.214796731300001 1.566094450300000 -0.000985363459177 -0.000679620927094 -0.001063882105307
2 1 15.344560296200001 4.429605525400001 5.481344520900000 -0.005398312472424 0.000039082569325 0.000257085123496
10 1 17.262640612500000 3.322200941900001 2.349140662099999 -0.001743841924064 0.000081658415238 0.000543320555809
26 1 13.426487796400002 3.322205851300000 2.349145244699999 -0.001338637475411 0.000986800528861 0.003952354427008
65 8 13.095888200900001 5.727884393600002 5.994451122499998 0.012320879743066 0.005657698015140 -0.000161138491766
90 8 17.593253881800006 5.727872023000002 5.994440303000000 0.003787070827310 0.000948499469320 -0.001377493633931
114 8 17.593249127900009 3.131310752300001 4.968235823200000 0.004168747976186 -0.000431314314160 0.001312139098398
130 8 15.344568078800005 4.429600636800002 3.132190496199999 0.001513610838283 0.000274536365742 -0.001281934801430
138 8 13.095880352600009 5.727889427500000 1.296160360000000 -0.000969812436049 0.001208256130731 -0.003304036509736
146 8 17.593249799300011 5.727866140300000 1.296153622799999 0.002001492983578 0.000858639179198 -0.001015303600302
154 8 15.344572252999999 1.833036553300000 1.296161863300000 0.000817822713497 -0.001996629126919 -0.002738909597927
170 8 13.095867367800004 3.131308597400002 4.968248379499999 0.015251440950221 -0.016046386761901 -0.003645175307405
42 7 19.180709987699998 4.429598811900002 5.481334835700000 -0.005087660526448 -0.000456603619684 -0.000078059352757
66 8 20.768171571100002 5.727884393600002 5.994451122499998 0.002535797997246 0.000351084819360 -0.001932610414601
98 8 19.180707196099995 4.811361409400002 3.402132653400000 0.000894006071997 0.001706768106170 0.002161123276389
3 1 11.508418611100000 11.073997829000001 5.481344520900000 0.001203548163018 -0.000815799703747 0.000174342904810
17 1 7.672274418099999 6.644399077300000 2.349147298800000 0.000860629341530 0.000550009760326 -0.005055810331811
27 1 9.590346111300001 9.966598154900002 2.349145244699999 0.001066968665557 0.000492886951163 -0.001006987680296
33 7 9.590343793000001 7.751796947200008 5.481341472000000 0.017625264001501 0.002973240046155 -0.000940331241587
49 7 11.508427041700001 6.644390723800001 2.349147115100000 0.003023494047330 -0.004710931060510 0.003113420984740
73 8 11.508432852700000 8.477427166200002 5.994454850600000 -0.002861486289500 0.003084714008959 -0.001902625862397
105 8 9.920968477800001 7.560904182000002 3.402136381700000 -0.001968307809974 0.000254068772517 0.003674215763454
121 8 7.672273857400003 7.026163626600007 4.968234320200000 0.015550769979764 -0.011315329345850 0.009765369042605
131 8 11.508426393700001 11.073992940400007 3.132190496199999 -0.000396321221009 0.000082208395645 -0.000040868023497
155 8 11.508430567899998 8.477428856900005 1.296161863300000 -0.000454501227892 -0.000841185375436 -0.002064245839917
163 8 7.672298157300000 8.859189034900005 1.566094450300000 -0.000429785931257 -0.000667225451554 0.000762243884509
171 8 9.259725682700001 9.775700901000002 4.968248379499999 -0.000436904317473 -0.006662740660751 0.002632680326958
11 1 13.426498927399999 9.966593245500007 2.349140662099999 -0.000108960018116 -0.000942962486057 0.000517470924047
18 1 15.344557788300000 6.644399077300000 2.349147298800000 -0.001357850935063 -0.000754706417202 0.001219663974157
28 1 17.262629481500003 9.966598154900002 2.349145244699999 -0.000234362872578 -0.000033263658293 -0.000026569205932
34 7 17.262627163200005 7.751796947200008 5.481341472000000 -0.002697305521591 -0.000777325093384 -0.000288242041578
43 7 15.344568302600003 11.073991115500002 5.481334835700000 -0.000628554880456 -0.000951218006548 0.000063020202129
57 7 13.426498916499998 7.751790037100004 5.481345370700000 -0.002737375369514 -0.008064168229981 0.001814907490014
81 8 13.095877704700001 7.560908000500002 3.402138567200000 -0.001322200415414 0.000211885735482 -0.000196482509861
99 8 15.344565510999997 11.455753713000002 3.402132653400000 0.000187977781995 0.002119750833844 0.001393729780391
106 8 17.593251848000001 7.560904182000002 3.402136381700000 0.002658475174061 -0.000856947084442 0.001378660267974
115 8 13.757107442799997 9.775703055900001 4.968235823200000 0.002396749017389 0.001431885893000 0.000988011800619
122 8 15.344557227600001 7.026163626600007 4.968234320200000 0.003102479580000 0.002940994371222 0.000854673650585
164 8 15.344581527500001 8.859189034900005 1.566094450300000 0.000339391792511 0.000449568007414 -0.000394333993552
172 8 16.932009052900014 9.775700901000002 4.968248379499999 -0.001051727867397 -0.000771532639655 0.001293929513569
4 1 19.180701981300000 11.073997829000001 5.481344520900000 -0.000418528485491 0.001212608792225 -0.000063303419289
12 1 21.098782297600000 9.966593245500007 2.349140662099999 -0.000861857175888 0.000845587322167 -0.000563938012488
44 7 23.016851672799998 11.073991115500002 5.481334835700000 -0.001136767369487 0.003187159354017 0.000514303843161
50 7 19.180710411899998 6.644390723800001 2.349147115100000 -0.002225921123467 0.000219757665992 -0.001148189696836
58 7 21.098782286699997 7.751790037100004 5.481345370700000 -0.008927846491944 0.004978386900636 0.001539300507376
74 8 19.180716222899989 8.477427166200002 5.994454850600000 0.002677450084596 -0.002857817182557 -0.001920832317405
82 8 20.768161074900000 7.560908000500002 3.402138567200000 0.000572996639377 -0.001250582768365 0.003569018723118
100 8 23.016848881199998 11.455753713000002 3.402132653400000 0.000123698282595 0.000939843933705 0.002162853823890
116 8 21.429390813000008 9.775703055900001 4.968235823200000 0.002288865140358 -0.003074774600163 0.001575528387627
132 8 19.180709763900005 11.073992940400007 3.132190496199999 0.000479941644337 -0.000477827837406 -0.000077013880737
156 8 19.180713938099998 8.477428856900005 1.296161863300000 0.000498964701538 -0.001875231512771 -0.001214040154787
19 1 11.508416103199997 13.288791380900006 2.349147298800000 -0.000195732325676 -0.000415708735596 -0.000231873481401
123 8 11.508415542500002 13.670555930200003 4.968234320200000 0.001129720733000 0.002472004627187 0.001416576847552
139 8 9.259738667499999 12.372281731100001 1.296160360000000 -0.001305792179607 0.000697952869187 -0.001658476920869
35 7 13.426485478100000 14.396189250800001 5.481341472000000 -0.000454520391811 -0.003199931784898 -0.000107611831715
51 7 15.344568726800000 13.288783027399999 2.349147115100000 0.000276597938505 -0.000399419032118 -0.000292656577266
59 7 17.262640601600001 14.396182340700005 5.481345370700000 0.003516460247713 0.001060021903288 -0.000517822055628
67 8 16.932029885999999 12.372276697200000 5.994451122499998 -0.002000937981399 0.000565427426115 -0.001386056948674
75 8 15.344574537799998 15.121819469800011 5.994454850600000 -0.001646300322139 0.001828845423477 -0.001459255877011
83 8 16.932019389799994 14.205300304100005 3.402138567200000 -0.002232440078277 -0.001136632908090 0.001402109130533
91 8 13.757112196700003 12.372264326600002 5.994440303000000 0.001592877246896 0.002215272445616 -0.001424186499598
107 8 13.757110162900000 14.205296485600002 3.402136381700000 0.001473003954264 -0.000198007690566 0.002116901917715
140 8 16.932022037700008 12.372281731100001 1.296160360000000 -0.001412644030914 0.000774125281487 -0.001594077014878
147 8 13.757108114200003 12.372258443900009 1.296153622799999 0.001405596433113 0.000986082912467 -0.000705166757451
20 1 19.180699473400008 13.288791380900006 2.349147298800000 0.000138320846985 0.001053168019569 0.000808773941384
36 7 21.098768848300001 14.396189250800001 5.481341472000000 -0.001463387368082 0.008919011369864 -0.001305074698059
52 7 23.016852096999997 13.288783027399999 2.349147115100000 -0.001293584802718 0.001511124661477 0.000576866172419
76 8 23.016857907999988 15.121819469800011 5.994454850600000 0.002010734980296 -0.003290390182085 -0.000691250605133
92 8 21.429395566900006 12.372264326600002 5.994440303000000 0.002671358776032 -0.001814232936880 -0.001240842881252
108 8 21.429393533100004 14.205296485600002 3.402136381700000 0.002244140905574 -0.002995669592487 0.000004402447298
124 8 19.180698912699995 13.670555930200003 4.968234320200000 -0.000872125036797 0.000610428002605 0.001208868934562
148 8 21.429391484400018 12.372258443900009 1.296153622799999 0.000961342359547 0.000089624555002 -0.001003585164235
60 7 24.934923971800007 14.396182340700005 5.481345370700000 -0.002238507324122 0.000963165912953 0.000238981505072
68 8 24.604313256200001 12.372276697200000 5.994451122499998 -0.002087555160256 -0.000179561042151 -0.001538538098100
84 8 24.604302760000003 14.205300304100005 3.402138567200000 -0.001061137109972 -0.001117044017523 0.001373779305707
29 1 9.590346111300004 5.537003285800003 8.613538384300000 0.012375612573575 -0.002247948297054 0.006142717678560
157 8 11.508430567900000 4.047833987800002 7.560555002900000 0.002430076817089 -0.012739282636759 0.013696679085658
165 8 7.672298157300002 4.429594165800001 7.830487589900000 0.003985331128922 0.004318799377632 -0.009011401557952
173 8 9.259725682700003 5.346106031900003 11.232641519100001 -0.001572456952256 -0.000592826993523 0.000025460541854
13 1 13.426498927400001 5.536998376400002 8.613533801700001 -0.002304779005351 -0.001589712003701 -0.005161787680674
30 1 17.262629481500003 5.537003285800003 8.613538384300000 -0.001723470605203 -0.000327574265475 -0.000404379760579
117 8 13.757107442800002 5.346108186800002 11.232628962800000 0.001888267038699 -0.000551759883101 0.002041248991296
166 8 15.344581527500001 4.429594165800001 7.830487589900000 0.001834881201325 -0.000211398151626 0.001239902137594
174 8 16.932009052900007 5.346106031900003 11.232641519100001 -0.001301142965141 -0.000928647391743 0.001365624354526
14 1 21.098782297600003 5.536998376400002 8.613533801700001 -0.003340084702699 0.000858568384973 0.002833746458588
118 8 21.429390813000005 5.346108186800002 11.232628962800000 0.002000006273437 -0.000611124875924 0.000153274214278
158 8 19.180713938100002 4.047833987800002 7.560555002900000 0.001225684193122 -0.001213887838157 -0.002101578119100
5 1 11.508418611100007 6.644402959900002 11.745737660500000 0.000557743481877 -0.000307996651589 -0.000663594730030
21 1 11.508416103199998 8.859196511800004 8.613540438400001 0.002424396200401 -0.000966151858858 -0.000925545529663
125 8 11.508415542500003 9.240961061100004 11.232627459799998 0.000149190381450 0.001951803907188 0.001489412836362
133 8 11.508426393700002 6.644398071300002 9.396583635799999 -0.002703687479267 0.000047500680744 0.001433679632174
141 8 9.259738667500002 7.942686862000003 7.560553499600000 -0.004027165235156 -0.006321041192057 -0.007410046865220
167 8 11.508439842400001 11.073986469400005 7.830487589900000 -0.000385450374002 0.000505203889749 0.000171343160385
37 7 13.426485478099996 9.966594381700006 11.745734611600000 0.000433322445397 -0.000256908265740 -0.001177656362912
45 7 15.344568302600001 6.644396246400003 11.745727975299999 -0.000214597188063 -0.000191059565581 -0.000807393032971
53 7 15.344568726799995 8.859188158300002 8.613540254699998 -0.001316082825616 -0.000841615574667 -0.000834045264804
61 7 17.262640601600001 9.966587471600000 11.745738510299995 0.000196931852098 0.000033113544523 0.000239354884603
69 8 16.932029886000002 7.942681828100003 12.258844262099997 -0.001835068694497 0.000697523194388 -0.001464746693240
77 8 15.344574537800005 10.692224600700005 12.258847990200001 -0.000467008163739 -0.001716266822621 -0.000876304581034
85 8 16.932019389799990 9.775705435000003 9.666531706799999 -0.001135684174741 -0.000788102442388 0.001606885142907
93 8 13.757112196700007 7.942669457500004 12.258833442600000 0.001572583338005 0.001267215023424 -0.000824627516422
101 8 15.344565511000003 7.026158843900003 9.666525792999996 0.000595957620174 0.002101910681561 0.002206758957961
109 8 13.757110162900005 9.775701616500001 9.666529521300001 0.001493793129868 -0.000581145177213 0.002029456354062
142 8 16.932022037700005 7.942686862000003 7.560553499600000 -0.000783594927592 0.000874014860441 -0.001577750063509
149 8 13.757108114200001 7.942663574800001 7.560546762400000 0.002623249620035 0.002777999056627 0.000362263083117
159 8 15.344572253000006 10.692226291400004 7.560555002900000 0.000102785123612 -0.001364303211663 -0.001595660679500
6 1 19.180701981300004 6.644402959900002 11.745737660500000 -0.000067749035459 0.000216235240032 0.001033013652431
22 1 19.180699473400011 8.859196511800004 8.613540438400001 -0.000935283299135 0.000473858285823 0.000461434558304
38 7 21.098768848300008 9.966594381700006 11.745734611600000 -0.000082671692224 0.000067930297091 0.001787104171588
46 7 23.016851672800001 6.644396246400003 11.745727975299999 -0.000445722824823 0.000532805603101 0.002358643807813
54 7 23.016852096999990 8.859188158300002 8.613540254699998 -0.001934836070305 0.003400270058801 0.002813680410919
78 8 23.016857907999999 10.692224600700005 12.258847990200001 -0.000010799842874 -0.001950192315142 -0.001909748308546
94 8 21.429395566900006 7.942669457500004 12.258833442600000 0.002004469541668 0.000850993175445 -0.002447398125184
102 8 23.016848881199998 7.026158843900003 9.666525792999996 0.000306313479054 0.001489015393645 -0.000363806259794
110 8 21.429393533100001 9.775701616500001 9.666529521300001 0.002335366466297 -0.001572843886228 0.000574125327146
126 8 19.180698912700002 9.240961061100004 11.232627459799998 0.000229581038561 0.001816265715415 0.000976887598832
134 8 19.180709763900005 6.644398071300002 9.396583635799999 0.001257904996830 -0.000442785293810 -0.000566420599017
150 8 21.429391484400004 7.942663574800001 7.560546762400000 0.002577864950788 -0.000109127629080 -0.002851899377411
160 8 23.016855623200005 10.692226291400004 7.560555002900000 0.000283287789639 -0.003077707530669 -0.001711021788553
168 8 19.180723212599993 11.073986469400005 7.830487589900000 0.000045144938401 -0.000453859010593 -0.000062113663089
62 7 24.934923971800000 9.966587471600000 11.745738510299995 -0.000271391214238 0.000489454526789 0.000831839445374
70 8 24.604313256200005 7.942681828100003 12.258844262099997 -0.001862344340775 0.000537550745389 -0.001796990638486
86 8 24.604302759999996 9.775705435000003 9.666531706799999 -0.002342272959480 -0.001885523811756 0.000323883912146
7 1 15.344560296200003 13.288795263500004 11.745737660500000 0.000276212363632 -0.000198725041456 -0.000470532746163
15 1 17.262640612500000 12.181390680000009 8.613533801700001 0.000145772153945 0.000276802685193 -0.000129052205889
23 1 15.344557788300000 15.503588815399999 8.613540438400001 0.001130774098274 -0.003422537444845 0.001611971082967
31 1 13.426487796399995 12.181395589400003 8.613538384300000 0.000155997910513 -0.000682721214287 0.000013590197821
39 7 17.262627163200005 16.610986685300006 11.745734611600000 0.001227711375550 -0.000544569979857 -0.000128040606016
95 8 17.593253881800010 14.587061761100006 12.258833442600000 0.001381195725323 0.001166778525608 -0.001234514715703
111 8 17.593251848000001 16.420093920100001 9.666529521300001 -0.000509901037824 0.000068884228910 0.002208596153741
119 8 17.593249127900002 11.990500490400001 11.232628962800000 0.001643437745144 -0.000836096070958 0.001313361426069
127 8 15.344557227600006 15.885353364700006 11.232627459799998 0.000157767083979 0.001891945783450 0.000695117641164
135 8 15.344568078800005 13.288790374900007 9.396583635799999 -0.000156473011443 0.000766701433779 -0.000129811673614
143 8 13.095880352600002 14.587079165600008 7.560553499600000 -0.000996278208029 0.001382554172476 -0.001959955720259
151 8 17.593249799300004 14.587055878400003 7.560546762400000 -0.000171229863760 0.000533489806728 -0.001404418186526
175 8 13.095867367800004 11.990498335500007 11.232641519100001 -0.001564458920149 -0.000761293373513 0.001467625457970
8 1 23.016843666400000 13.288795263500004 11.745737660500000 -0.000105704204847 0.000043376763208 0.000006337424305
24 1 23.016841158500000 15.503588815399999 8.613540438400001 -0.001449656459508 0.000969286021273 -0.001080872748399
32 1 21.098771166600002 12.181395589400003 8.613538384300000 -0.000251262730561 0.001312489599898 -0.000186900172403
47 7 19.180709987699998 13.288788550000005 11.745727975299999 0.000138750737717 0.000160069284400 0.000060001085072
55 7 19.180710411900002 15.503580461900007 8.613540254699998 0.002244181849709 0.005990766729775 -0.004836539575978
63 7 21.098782286700004 16.610979775200004 11.745738510299995 -0.000288216118247 0.000134053472536 -0.001203508579559
71 8 20.768171571100002 14.587074131700003 12.258844262099997 -0.001727183615890 0.000564624374971 -0.001295688446776
79 8 19.180716222899996 17.336616904300001 12.258847990200001 -0.000619990837662 -0.001826995173643 -0.001353935903283
87 8 20.768161074900000 16.420097738599999 9.666531706799999 -0.001087773344470 -0.001536294345808 0.003295777413102
103 8 19.180707196099995 13.670551147500003 9.666525792999996 -0.000145969002860 0.000136567900245 0.002609344549873
128 8 23.016840597800005 15.885353364700006 11.232627459799998 0.000745827548037 0.001717029576648 0.001580055564270
136 8 23.016851449000004 13.288790374900007 9.396583635799999 0.000356230753757 -0.000551484497361 0.000142525606205
144 8 20.768163722800004 14.587079165600008 7.560553499600000 -0.001054684754014 -0.000661278333288 -0.000751394013755
176 8 20.768150737999996 11.990498335500007 11.232641519100001 -0.001500554842336 -0.001033395915770 0.001124562359197
16 1 24.934923982700003 12.181390680000009 8.613533801700001 -0.000046460218162 0.000491283862514 0.000289193579368
40 7 24.934910533400007 16.610986685300006 11.745734611600000 -0.000105007516375 -0.000051376366770 -0.000100046702991
48 7 26.852993357900004 13.288788550000005 11.745727975299999 -0.000341153922532 0.000030350045591 0.000018415626301
56 7 26.852993782099993 15.503580461900007 8.613540254699998 -0.001438340964596 -0.000550702828374 0.000449261092485
64 7 28.771065656899999 16.610979775200004 11.745738510299995 -0.000368189674583 0.000070299053962 0.001177183161003
72 8 28.440454941300004 14.587074131700003 12.258844262099997 -0.001736381364939 0.000768972891764 -0.001313386885655
80 8 26.852999593099998 17.336616904300001 12.258847990200001 -0.000091887834994 -0.002160416018675 -0.001668785723900
88 8 28.440444445099999 16.420097738599999 9.666531706799999 -0.000928041742260 -0.000312420503844 0.000451260919951
96 8 25.265537252000023 14.587061761100006 12.258833442600000 0.001844770329977 0.001110231414395 -0.001381776370867
104 8 26.852990566300001 13.670551147500003 9.666525792999996 0.000127250593047 0.002030219893877 0.001422219619960
112 8 25.265535218199997 16.420093920100001 9.666529521300001 0.002244413364992 -0.000999383440399 0.001573989557159
120 8 25.265532498100001 11.990500490400001 11.232628962800000 0.001891331829847 -0.000773018228635 0.001144444285216
152 8 25.265533169500006 14.587055878400003 7.560546762400000 0.001993295097161 0.000712844419518 -0.000933790046436
