ITEM: TIMESTEP
0
ITEM: NUMBER OF ATOMS
176
ITEM: BOX BOUNDS xy xz yz pp pp pp
0.0000000000000000e+00 3.0689133480799999e+01 7.6722833701999980e+00
0.0000000000000000e+00 1.7718379476200003e+01 7.6722833702000024e+00
0.0000000000000000e+00 1.2528786279200000e+01 4.4295948690000015e+00
ITEM: ATOMS id type x y z fx fy fz
25 1 5.754204426199998 3.322205851300000 2.349145244699999 -0.004213085421334 -0.002862139961776 -0.000149144564169
137 8 5.423596982400004 5.727889427500000 1.296160360000000 0.003386917794386 0.001222082965683 -0.000987524396456
161 8 3.836156472199998 2.214796731300001 1.566094450300000 0.001951260195356 0.000080458346686 -0.000012987404774
169 8 5.423583997600000 3.131308597400002 4.968248379499999 -0.000360473898663 -0.000152811594034 0.000830240089566
1 1 7.672276926000002 4.429605525400001 5.481344520900000 -0.001823379761975 -0.003649616102433 0.004450553595951
9 1 9.590357242299998 3.322200941900001 2.349140662099999 0.002330170492548 -0.019384875730212 0.005359718554291
41 7 11.508426617500000 4.429598811900002 5.481334835700000 0.011115566397171 0.000000718458113 0.000113809853106
89 8 9.920970511600007 5.727872023000002 5.994440303000000 -0.001228559531188 0.006147030516069 -0.005728884050543
97 8 11.508423825899998 4.811361409400002 3.402132653400000 -0.017631115667788 0.001906104643219 0.001473334606419
113 8 9.920965757699999 3.131310752300001 4.968235823200000 -0.000540569401039 -0.000030895496138 0.000077515895356
129 8 7.672284708600001 4.429600636800002 3.132190496199999 0.004298721573925 0.005789810016522 -0.002751863339528
145 8 9.920966429100000 5.727866140300000 1.296153622799999 -0.028816894003614 -0.006471625209553 -0.003078535387724
153 8 7.672288882800000 1.833036553300000 1.296161863300000 0.001064075196765 0.000821264758843 -0.001607223323462
162 8 11.508439842400000 2.214796731300001 1.566094450300000 -0.005834296463056 0.000064269289825 -0.000019089660071
2 1 15.344560296200001 4.429605525400001 5.481344520900000 -0.001835118306272 0.003435158271503 -0.004594004275957
10 1 17.262640612500000 3.322200941900001 2.349140662099999 -0.004525542794686 0.002792496082147 0.000177441494231
26 1 13.426487796400002 3.322205851300000 2.349145244699999 0.002572734762018 0.019267100606776 -0.005301162897547
65 8 13.095888200900001 5.727884393600002 5.994451122499998 -0.004579386744455 -0.004366099564352 0.002941473202232
90 8 17.593253881800006 5.727872023000002 5.994440303000000 0.003598237090096 0.000165729157336 -0.000664899642742
114 8 17.593249127900009 3.131310752300001 4.968235823200000 0.003083098591274 -0.001518483949342 0.001856751496184
130 8 15.344568078800005 4.429600636800002 3.132190496199999 0.004293203276399 -0.005819204091704 0.002894622125158
138 8 13.095880352600009 5.727889427500000 1.296160360000000 -0.030356266623769 0.007179785461259 -0.001071903625045
146 8 17.593249799300011 5.727866140300000 1.296153622799999 0.006704507356861 0.000565479976666 -0.001969756996355
154 8 15.344572252999999 1.833036553300000 1.296161863300000 0.001073056179564 -0.004465836056897 -0.001673182108696
170 8 13.095867367800004 3.131308597400002 4.968248379499999 -0.003942357344277 -0.001673047254413 0.002627349546427
42 7 19.180709987699998 4.429598811900002 5.481334835700000 -0.002953394960040 -0.000032771280886 0.000231407045910
66 8 20.768171571100002 5.727884393600002 5.994451122499998 0.000223859267156 0.001603702688062 -0.002119297885218
98 8 19.180707196099995 4.811361409400002 3.402132653400000 0.001901294393240 0.001765221382456 0.001553516661097
3 1 11.508418611100000 11.073997829000001 5.481344520900000 0.004306279426414 -0.000102617066916 -0.000085293034174
17 1 7.672274418099999 6.644399077300000 2.349147298800000 -0.031177258522341 -0.000075593832536 -0.000046799736428
27 1 9.590346111300001 9.966598154900002 2.349145244699999 0.002650941299634 0.019330889580729 -0.005330551748526
33 7 9.590343793000001 7.751796947200008 5.481341472000000 0.000737177877099 0.006169737345502 0.041416044886658
49 7 11.498427041699999 6.644390723800001 2.349147115100000 0.194667424846900 0.000208214464893 -0.000052400088478
73 8 11.508432852700000 8.477427166200002 5.994454850600000 -0.011869707267671 -0.001936154867703 -0.001444978210769
105 8 9.920968477800001 7.560904182000002 3.402136381700000 -0.028970661202841 0.006572952438006 0.003284265370999
121 8 7.672273857400003 7.026163626600007 4.968234320200000 0.007688453256635 0.001993344657898 -0.004533197109104
131 8 11.508426393700001 11.073992940400007 3.132190496199999 -0.005757465922913 -0.000030761811604 0.000079246757478
155 8 11.508430567899998 8.477428856900005 1.296161863300000 -0.017704704237849 -0.001963956465030 -0.001557056481491
163 8 7.672298157300000 8.859189034900005 1.566094450300000 0.004221900123761 -0.005756216398820 0.002812183693774
171 8 9.259725682700001 9.775700901000002 4.968248379499999 0.000154584848484 -0.009051989935074 -0.003303979633899
11 1 13.426498927399999 9.966593245500007 2.349140662099999 0.002251915513349 -0.019320153886285 0.005330346769412
18 1 15.344557788300000 6.644399077300000 2.349147298800000 -0.030885989981003 -0.000075700586804 -0.000046590091348
28 1 17.262629481500003 9.966598154900002 2.349145244699999 -0.004204816635220 -0.002846047205029 -0.000148321746578
34 7 17.262627163200005 7.751796947200008 5.481341472000000 -0.006812432102027 -0.001631335415003 -0.003550041191858
43 7 15.344568302600003 11.073991115500002 5.481334835700000 -0.002957270996294 -0.004387118177142 -0.002490764200396
57 7 13.426498916499998 7.751790037100004 5.481345370700000 0.000283135590943 -0.006040975584613 -0.041298812642055
81 8 13.095877704700001 7.560908000500002 3.402138567200000 -0.030376827660457 -0.007337822477328 0.000929116571279
99 8 15.344565510999997 11.455753713000002 3.402132653400000 0.001146269519071 0.004408007589316 0.001589271511417
106 8 17.593251848000001 7.560904182000002 3.402136381700000 0.006552102520836 -0.000465425691495 0.002174274976339
115 8 13.757107442799997 9.775703055900001 4.968235823200000 0.003601257849087 0.007392831885221 0.006001571945327
122 8 15.344557227600001 7.026163626600007 4.968234320200000 0.007685187794735 0.001727019675123 0.007322265842063
164 8 15.344581527500001 8.859189034900005 1.566094450300000 0.004216408068344 0.005852842866211 -0.002834413247568
172 8 16.932009052900014 9.775700901000002 4.968248379499999 -0.000389378485571 0.000185041210628 0.001692408024597
4 1 19.180701981300000 11.073997829000001 5.481344520900000 -0.001319409465985 -0.000097097017824 -0.000080849475350
12 1 21.098782297600000 9.966593245500007 2.349140662099999 -0.004533750207290 0.002808625237365 0.000178207208512
44 7 23.016851672799998 11.073991115500002 5.481334835700000 -0.002952874054168 0.004335638160544 0.002946490272718
50 7 19.180710411899998 6.644390723800001 2.349147115100000 -0.008274349906306 0.000210845521039 -0.000049030849748
58 7 21.098782286699997 7.751790037100004 5.481345370700000 -0.007234870354847 0.001740371379247 0.003571700712510
74 8 19.180716222899989 8.477427166200002 5.994454850600000 0.003141139756349 -0.001937184272979 -0.001446517404582
82 8 20.768161074900000 7.560908000500002 3.402138567200000 0.003364066227819 -0.001381230933908 0.000843380338873
100 8 23.016848881199998 11.455753713000002 3.402132653400000 0.001137280150603 -0.000879062605738 0.001523328599041
116 8 21.429390813000008 9.775703055900001 4.968235823200000 0.003047056758400 -0.001865958857027 0.000997830073327
132 8 19.180709763900005 11.073992940400007 3.132190496199999 0.002027995957777 -0.000046816253245 0.000073200014018
156 8 19.180713938099998 8.477428856900005 1.296161863300000 0.001828082862778 -0.001823024814792 -0.001637412333676
19 1 11.508416103199997 13.288791380900006 2.349147298800000 0.000518502791197 -0.000081709567333 -0.000048025106660
123 8 11.508415542500002 13.670555930200003 4.968234320200000 0.000215456399485 0.001875476284992 0.001413753688162
139 8 9.259738667499999 12.372281731100001 1.296160360000000 -0.001218482893688 -0.001447130979581 -0.001025657789763
35 7 13.426485478100000 14.396189250800001 5.481341472000000 -0.000148447670671 -0.001469946408392 0.000092977667070
51 7 15.344568726800000 13.288783027399999 2.349147115100000 -0.001178469782510 -0.003885943663945 0.000899050297238
59 7 17.262640601600001 14.396182340700005 5.481345370700000 0.000032564511466 -0.002099535456345 0.000842458699943
67 8 16.932029885999999 12.372276697200000 5.994451122499998 -0.000890482877735 0.002151799825918 -0.000898550024449
75 8 15.344574537799998 15.121819469800011 5.994454850600000 0.000058005490994 -0.000879978560352 -0.001628509175119
83 8 16.932019389799994 14.205300304100005 3.402138567200000 -0.001241323510130 0.001287971774303 0.000881496579087
91 8 13.757112196700003 12.372264326600002 5.994440303000000 0.001071060739046 0.002439294235660 -0.000849240330390
107 8 13.757110162900000 14.205296485600002 3.402136381700000 0.001710173631374 0.000116993039133 0.001304834333845
140 8 16.932022037700008 12.372281731100001 1.296160360000000 -0.001468855673204 0.001792856776844 -0.001869380121657
147 8 13.757108114200003 12.372258443900009 1.296153622799999 0.002121515624146 0.003236693078933 -0.001941893678344
20 1 19.180699473400008 13.288791380900006 2.349147298800000 0.000518517199313 -0.000069403095639 -0.000045171460536
36 7 21.098768848300001 14.396189250800001 5.481341472000000 0.000431959800820 0.002218492551540 -0.000841886059883
52 7 23.016852096999997 13.288783027399999 2.349147115100000 -0.001178479017421 0.004307651154569 -0.000997148794006
76 8 23.016857907999988 15.121819469800011 5.994454850600000 0.000065240389116 -0.002985632598614 -0.001254780240380
92 8 21.429395566900006 12.372264326600002 5.994440303000000 0.002488037700194 -0.000392756292860 -0.001883750423573
108 8 21.429393533100004 14.205296485600002 3.402136381700000 0.001969019814721 -0.003136573472886 0.002146377513063
124 8 19.180698912699995 13.670555930200003 4.968234320200000 -0.000410506528851 0.001867928413648 0.001413511416766
148 8 21.429391484400018 12.372258443900009 1.296153622799999 0.001862664016436 -0.000016943315934 -0.001100303609101
60 7 24.934923971800007 14.396182340700005 5.481345370700000 -0.000561199743586 0.001566125823335 -0.000085113804460
68 8 24.604313256200001 12.372276697200000 5.994451122499998 -0.002306012735374 -0.000670356475817 -0.001929908131671
84 8 24.604302760000003 14.205300304100005 3.402138567200000 -0.001491694896881 -0.001952004854233 0.001725221446936
29 1 9.590346111300004 5.537003285800003 8.613538384300000 0.000663386439580 -0.000454263199829 0.002334507197747
157 8 11.508430567900000 4.047833987800002 7.560555002900000 -0.001375917050549 -0.001824827438410 -0.001613831484020
165 8 7.672298157300002 4.429594165800001 7.830487589900000 0.000217305372745 0.000428034816301 -0.001852517654912
173 8 9.259725682700003 5.346106031900003 11.232641519100001 -0.000749839740180 -0.002343239272530 0.000782852282711
13 1 13.426498927400001 5.536998376400002 8.613533801700001 0.000336698732918 0.000395271607312 -0.002308558929398
30 1 17.262629481500003 5.537003285800003 8.613538384300000 -0.000316195641938 -0.000334949451547 -0.001324225361378
117 8 13.757107442800002 5.346108186800002 11.232628962800000 0.002696618132831 0.000673405853219 0.001908491231953
166 8 15.344581527500001 4.429594165800001 7.830487589900000 0.000223610568140 -0.000278759885511 0.001821115279199
174 8 16.932009052900007 5.346106031900003 11.232641519100001 -0.002165398622737 0.000478931510310 0.001814260590633
14 1 21.098782297600003 5.536998376400002 8.613533801700001 -0.000638577118759 0.000279437892069 0.001358503501969
118 8 21.429390813000005 5.346108186800002 11.232628962800000 0.001279685104451 -0.002158635826973 0.000874038700846
158 8 19.180713938100002 4.047833987800002 7.560555002900000 0.000465367436880 -0.001818974948936 -0.001642608787863
5 1 11.508418611100007 6.644402959900002 11.745737660500000 -0.001319422445277 -0.000104423188603 -0.000082553683800
21 1 11.508416103199998 8.859196511800004 8.613540438400001 0.001226522448533 -0.000076483963425 -0.000049511685454
125 8 11.508415542500003 9.240961061100004 11.232627459799998 0.003622731129708 0.001877088243382 0.001416541072190
133 8 11.508426393700002 6.644398071300002 9.396583635799999 -0.000636015749898 -0.000039278205388 0.000077153370448
141 8 9.259738667500002 7.942686862000003 7.560553499600000 -0.000619951337592 -0.000546151841780 -0.010163028658667
167 8 11.508439842400001 11.073986469400005 7.830487589900000 -0.000391623502530 0.000076792292769 -0.000010413746752
37 7 13.426485478099996 9.966594381700006 11.745734611600000 -0.006822522854987 -0.001638825469526 -0.003565768652838
45 7 15.344568302600001 6.644396246400003 11.745727975299999 -0.002952798216176 -0.004392317014170 -0.002493402062189
53 7 15.344568726799995 8.859188158300002 8.613540254699998 -0.002834652214707 -0.001662084660122 -0.005163355590993
61 7 17.262640601600001 9.966587471600000 11.745738510299995 0.000325362829757 -0.006067944502968 -0.041409886594854
69 8 16.932029886000002 7.942681828100003 12.258844262099997 0.000013813577716 0.008860508597692 0.003188384292487
77 8 15.344574537800005 10.692224600700005 12.258847990200001 0.007206746486702 -0.002053490884264 0.004503264432884
85 8 16.932019389799990 9.775705435000003 9.666531706799999 -0.000642815978109 0.000386945056639 0.010018735973122
93 8 13.757112196700007 7.942669457500004 12.258833442600000 0.002838437075775 0.002146594428643 -0.000973060422238
101 8 15.344565511000003 7.026158843900003 9.666525792999996 0.000620033125587 0.002211987629554 0.003424989525376
109 8 13.757110162900005 9.775701616500001 9.666529521300001 0.002130071856437 -0.000379433350245 0.003694450764392
142 8 16.932022037700005 7.942686862000003 7.560553499600000 -0.001048806205961 0.001299044926342 0.000514831309884
149 8 13.757108114200001 7.942663574800001 7.560546762400000 0.002719221930397 0.002328400436640 0.007196538158757
159 8 15.344572253000006 10.692226291400004 7.560555002900000 0.000546392591471 -0.001372376324150 0.000229687914433
6 1 19.180701981300004 6.644402959900002 11.745737660500000 0.004306345057123 -0.000098910329424 -0.000078105295848
22 1 19.180699473400011 8.859196511800004 8.613540438400001 0.001226524569723 -0.000074637454563 -0.000043645136730
38 7 21.098768848300008 9.966594381700006 11.745734611600000 0.000695501904255 0.006142537774239 0.041304961492314
46 7 23.016851672800001 6.644396246400003 11.745727975299999 -0.002957312753289 0.004330329323958 0.002943895117506
54 7 23.016852096999990 8.859188158300002 8.613540254699998 -0.002834717566491 0.002083797488431 0.005065339414938
78 8 23.016857907999999 10.692224600700005 12.258847990200001 0.007203637146849 -0.001787115082368 -0.007352166032674
94 8 21.429395566900006 7.942669457500004 12.258833442600000 0.003392670241947 -0.007112057643082 -0.005976806821783
102 8 23.016848881199998 7.026158843900003 9.666525792999996 0.000619614255133 0.001314565790426 -0.000313616777942
110 8 21.429393533100001 9.775701616500001 9.666529521300001 0.002566815398590 -0.002228413894607 -0.006992067720452
126 8 19.180698912700002 9.240961061100004 11.232627459799998 -0.011388241451836 0.001876170175190 0.001415190319955
134 8 19.180709763900005 6.644398071300002 9.396583635799999 -0.000314877155946 -0.000043174089309 0.000070599432200
150 8 21.429391484400004 7.942663574800001 7.560546762400000 0.002282570549825 0.000479507201311 -0.003489964537004
160 8 23.016855623200005 10.692226291400004 7.560555002900000 0.000546819986608 -0.002269805698402 -0.003508901645708
168 8 19.180723212599993 11.073986469400005 7.830487589900000 -0.000712744403904 0.000072893509238 -0.000016990281122
62 7 24.934923971800000 9.966587471600000 11.745738510299995 -0.007224756115118 0.001732852715439 0.003555924510759
70 8 24.604313256200005 7.942681828100003 12.258844262099997 -0.000529986053020 -0.000376450656146 -0.001808093232894
86 8 24.604302759999996 9.775705435000003 9.666531706799999 -0.001071631828020 -0.001458198657252 -0.000659005288360
7 1 15.344560296200003 13.288795263500004 11.745737660500000 -0.001823333264887 0.003448074071554 -0.004613922113655
15 1 17.262640612500000 12.181390680000009 8.613533801700001 0.000342673056033 0.000400747120111 -0.002305323154971
23 1 15.344557788300000 15.503588815399999 8.613540438400001 0.000047771486475 -0.000075577229686 -0.000046579912804
31 1 13.426487796399995 12.181395589400003 8.613538384300000 -0.000317848292234 -0.000332961748045 -0.001329342878889
39 7 17.262627163200005 16.610986685300006 11.745734611600000 0.000444818387763 0.002200992310333 -0.000836561858045
95 8 17.593253881800010 14.587061761100006 12.258833442600000 -0.000749207656954 0.000311661528957 -0.000052781339991
111 8 17.593251848000001 16.420093920100001 9.666529521300001 0.001317650667765 -0.000884012461244 0.001821997042765
119 8 17.593249127900002 11.990500490400001 11.232628962800000 -0.001019890325073 -0.005866256496452 0.005753587223321
127 8 15.344557227600006 15.885353364700006 11.232627459799998 0.000539569040002 0.000819908931143 0.001598555165110
135 8 15.344568078800005 13.288790374900007 9.396583635799999 0.000294045413743 -0.000394390360200 0.001912658436169
143 8 13.095880352600002 14.587079165600008 7.560553499600000 -0.001347129111493 0.000936742786764 -0.001533956610444
151 8 17.593249799300004 14.587055878400003 7.560546762400000 0.001470142363318 0.000984084219084 -0.001617489315105
175 8 13.095867367800004 11.990498335500007 11.232641519100001 0.000364434460821 -0.001795140712581 0.002003626503561
8 1 23.016843666400000 13.288795263500004 11.745737660500000 -0.001835086825165 -0.003636696256218 0.004430524455776
24 1 23.016841158500000 15.503588815399999 8.613540438400001 0.000043195436456 -0.000075568530338 -0.000046598728031
32 1 21.098771166600002 12.181395589400003 8.613538384300000 0.000657409375651 -0.000448782288109 0.002337654721001
47 7 19.180709987699998 13.288788550000005 11.745727975299999 0.011115358406333 -0.000057823551712 0.000339275916207
55 7 19.180710411900002 15.503580461900007 8.613540254699998 0.000409323261929 0.000210833960862 -0.000049036340396
63 7 21.098782286700004 16.610979775200004 11.745738510299995 0.000019675609649 -0.002117016596637 0.000847782127374
71 8 20.768171571100002 14.587074131700003 12.258844262099997 -0.004082909045728 0.001481688823330 -0.002743005543657
79 8 19.180716222899996 17.336616904300001 12.258847990200001 -0.000892057182518 -0.001927979110445 -0.001443452492590
87 8 20.768161074900000 16.420097738599999 9.666531706799999 -0.001880267553805 -0.000949875304044 0.001207168994848
103 8 19.180707196099995 13.670551147500003 9.666525792999996 -0.001302673729018 0.001767048830336 0.001529870495796
128 8 23.016840597800005 15.885353364700006 11.232627459799998 0.000546808732071 0.002925571827550 0.001224838412165
136 8 23.016851449000004 13.288790374900007 9.396583635799999 0.000300338311825 0.000312377015244 -0.001760887504520
144 8 20.768163722800004 14.587079165600008 7.560553499600000 -0.001857428653831 0.000790732907749 -0.001351338956774
176 8 20.768150737999996 11.990498335500007 11.232641519100001 -0.004438881489123 0.004174869420220 -0.003057148722250
16 1 24.934923982700003 12.181390680000009 8.613533801700001 -0.000636898879001 0.000281432102122 0.001353340043519
40 7 24.934910533400007 16.610986685300006 11.745734611600000 -0.000148928684481 -0.001464633687861 0.000090997270518
48 7 26.852993357900004 13.288788550000005 11.745727975299999 -0.002953359057688 -0.000023998216618 0.000221699251702
56 7 26.852993782099993 15.503580461900007 8.613540254699998 -0.000603294338100 0.000210840165092 -0.000049051718776
64 7 28.771065656899999 16.610979775200004 11.745738510299995 -0.000560709066994 0.001571457446159 -0.000087097152664
72 8 28.440454941300004 14.587074131700003 12.258844262099997 -0.000501129449877 -0.000038591956710 -0.000945934497538
80 8 26.852999593099998 17.336616904300001 12.258847990200001 -0.000266119082328 -0.001935557380283 -0.001443699824976
88 8 28.440444445099999 16.420097738599999 9.666531706799999 -0.001369976830289 -0.001095900007915 0.001389796713357
96 8 25.265537252000023 14.587061761100006 12.258833442600000 0.002874534924641 0.001799142418824 -0.001831983448975
104 8 26.852990566300001 13.670551147500003 9.666525792999996 0.000538581031724 0.001761168121822 0.001558705023049
112 8 25.265535218199997 16.420093920100001 9.666529521300001 0.001832917611837 -0.000741559720309 0.001641506030193
120 8 25.265532498100001 11.990500490400001 11.232628962800000 0.003806854298539 0.000114956453712 0.000689660358972
152 8 25.265533169500006 14.587055878400003 7.560546762400000 0.001985409030253 0.000841624417663 -0.001436983713248
