ITEM: TIMESTEP
0
ITEM: NUMBER OF ATOMS
176
ITEM: BOX BOUNDS xy xz yz pp pp pp
0.0000000000000000e+00 3.0689133480799999e+01 7.6722833701999980e+00
0.0000000000000000e+00 1.7718379476200003e+01 7.6722833702000024e+00
0.0000000000000000e+00 1.2528786279200000e+01 4.4295948690000015e+00
ITEM: ATOMS id type x y z fx fy fz
25 1 5.754204426199998 3.322205851300000 2.349145244699999 -0.002791118067433 0.000280808748256 -0.001961653068262
137 8 5.423596982400004 5.727889427500000 1.296160360000000 -0.001206188159807 0.000311193749356 -0.001188394941786
161 8 3.836156472199998 2.214796731300001 1.566094450300000 0.000925234949872 0.000028495949150 0.000633757029842
169 8 5.423583997600000 3.131308597400002 4.968248379499999 0.001312651390128 -0.001660972497808 0.001384879716562
1 1 7.672276926000002 4.429605525400001 5.481344520900000 -0.015470957990894 0.014989045015026 0.004129196645663
9 1 9.590357242299998 3.322200941900001 2.349140662099999 -0.000131979736901 0.006095882438355 -0.021187133538625
41 7 11.503426617499983 4.420938557862166 5.481334835700000 0.097255607386866 0.136632675011491 0.011567767794718
89 8 9.920970511600007 5.727872023000002 5.994440303000000 -0.002724503888610 -0.016813825059180 -0.003248279455721
97 8 11.508423825899998 4.811361409400002 3.402132653400000 -0.008823732001505 -0.013501271535810 0.007083078707424
113 8 9.920965757699999 3.131310752300001 4.968235823200000 -0.024849703500996 -0.022913502845207 -0.007133255724789
129 8 7.672284708600001 4.429600636800002 3.132190496199999 0.004208453694280 -0.003477748534232 0.003885468738024
145 8 9.920966429100000 5.727866140300000 1.296153622799999 -0.001660594756232 -0.001314008542197 -0.003277042708527
153 8 7.672288882800000 1.833036553300000 1.296161863300000 0.001284719406426 -0.001653205016110 0.001101922146972
162 8 11.508439842400000 2.214796731300001 1.566094450300000 -0.002978987852718 -0.000939164693151 0.002196805877639
2 1 15.344560296200001 4.429605525400001 5.481344520900000 -0.015411917360533 0.014872829929575 0.004107942610435
10 1 17.262640612500000 3.322200941900001 2.349140662099999 -0.001560815148281 0.001387712188953 0.000706441307752
26 1 13.426487796400002 3.322205851300000 2.349145244699999 0.002591068477884 0.007476228137125 -0.001145702998583
65 8 13.095888200900001 5.727884393600002 5.994451122499998 -0.025595414587970 -0.019382960195700 -0.008925003447556
90 8 17.593253881800006 5.727872023000002 5.994440303000000 0.004551812461741 0.000304040262972 -0.001281517238853
114 8 17.593249127900009 3.131310752300001 4.968235823200000 0.003851867430395 -0.002272658154968 0.001254233938903
130 8 15.344568078800005 4.429600636800002 3.132190496199999 0.000064933771204 -0.002732939942726 -0.002528737581162
138 8 13.095880352600009 5.727889427500000 1.296160360000000 -0.000525850482383 -0.000518344182698 -0.004662187628149
146 8 17.593249799300011 5.727866140300000 1.296153622799999 0.002617635189928 0.000705295411047 -0.001808799044576
154 8 15.344572252999999 1.833036553300000 1.296161863300000 -0.000230971878553 -0.002564683564106 -0.001382553499794
170 8 13.095867367800004 3.131308597400002 4.968248379499999 -0.006135551127992 -0.018481045135306 -0.000492345645955
42 7 19.180709987699998 4.429598811900002 5.481334835700000 -0.004237921498065 0.001953351719015 0.000874412479734
66 8 20.768171571100002 5.727884393600002 5.994451122499998 0.000261136501323 -0.000792935518245 -0.001553285221235
98 8 19.180707196099995 4.811361409400002 3.402132653400000 0.000979144865764 0.001138632117167 0.001560187900133
3 1 11.508418611100000 11.073997829000001 5.481344520900000 0.000677879905910 -0.004886555047107 0.000241432426008
17 1 7.672274418099999 6.644399077300000 2.349147298800000 0.001603405953304 0.002980242398569 -0.000185404049433
27 1 9.590346111300001 9.966598154900002 2.349145244699999 0.001485925445908 -0.001948791320312 0.001445721063287
33 7 9.590343793000001 7.751796947200008 5.481341472000000 0.013019652736116 -0.007008046794126 0.001498490958017
49 7 11.508427041700001 6.644390723800001 2.349147115100000 0.005493213432076 -0.002580529133733 0.013151707486995
73 8 11.508432852700000 8.477427166200002 5.994454850600000 -0.006042386912834 0.005127831537563 -0.000075693046568
105 8 9.920968477800001 7.560904182000002 3.402136381700000 -0.001505920985433 0.000283654842399 -0.000728164257177
121 8 7.672273857400003 7.026163626600007 4.968234320200000 -0.003706497184977 -0.000121488586309 0.000351838588740
131 8 11.508426393700001 11.073992940400007 3.132190496199999 -0.000328797124475 0.001171941997151 -0.000536892634121
155 8 11.508430567899998 8.477428856900005 1.296161863300000 -0.000693343353320 0.000523777331733 -0.004880750712500
163 8 7.672298157300000 8.859189034900005 1.566094450300000 -0.000818484498140 0.000001155404228 -0.000424399825239
171 8 9.259725682700001 9.775700901000002 4.968248379499999 -0.003932763681574 0.002402567705381 0.000737855266383
11 1 13.426498927399999 9.966593245500007 2.349140662099999 -0.000969305911075 -0.003972761512029 0.002664031785444
18 1 15.344557788300000 6.644399077300000 2.349147298800000 -0.003402307415024 -0.000111042860455 0.004648964039457
28 1 17.262629481500003 9.966598154900002 2.349145244699999 -0.001048705850752 -0.002272702781986 -0.000001709517695
34 7 17.262627163200005 7.751796947200008 5.481341472000000 -0.007342387845538 -0.003842985708328 -0.000352991213230
43 7 15.344568302600003 11.073991115500002 5.481334835700000 -0.006234867101623 -0.008293177959280 -0.000570712018024
57 7 13.426498916499998 7.751790037100004 5.481345370700000 -0.012422013783168 -0.047554010193227 0.009382450014408
81 8 13.095877704700001 7.560908000500002 3.402138567200000 -0.001346537859379 0.002615033374536 -0.007043174092621
99 8 15.344565510999997 11.455753713000002 3.402132653400000 0.001344578408222 0.004500281339926 0.001170729406160
106 8 17.593251848000001 7.560904182000002 3.402136381700000 0.003453561831135 -0.000516566053623 0.000413371952400
115 8 13.757107442799997 9.775703055900001 4.968235823200000 0.005099083067949 0.010977209991113 -0.000775746881248
122 8 15.344557227600001 7.026163626600007 4.968234320200000 0.011561891431884 0.005409735404777 -0.001748992117818
164 8 15.344581527500001 8.859189034900005 1.566094450300000 0.000930019853290 0.001612803421234 -0.001363910671822
172 8 16.932009052900014 9.775700901000002 4.968248379499999 -0.000519051452915 0.001957751198189 0.001209301989908
4 1 19.180701981300000 11.073997829000001 5.481344520900000 0.000697337076033 -0.004898742518376 0.000243281699021
12 1 21.098782297600000 9.966593245500007 2.349140662099999 0.000602028621839 -0.000889098471618 -0.000099403824396
44 7 23.016851672799998 11.073991115500002 5.481334835700000 0.003198567124852 -0.002847205201909 -0.000509600033602
50 7 19.180710411899998 6.644390723800001 2.349147115100000 -0.001512004079130 0.000566484649421 0.000346342595418
58 7 21.098782286699997 7.751790037100004 5.481345370700000 0.000380906812326 0.000285139337737 -0.000065810663124
74 8 19.180716222899989 8.477427166200002 5.994454850600000 0.001426114481824 -0.000581893461980 -0.001247021899180
82 8 20.768161074900000 7.560908000500002 3.402138567200000 -0.001499017422854 -0.000942939125350 0.001372046151610
100 8 23.016848881199998 11.455753713000002 3.402132653400000 -0.000668575462680 0.002586256706062 0.001364000596219
116 8 21.429390813000008 9.775703055900001 4.968235823200000 0.001244855120602 -0.000112806791295 0.001502736336135
132 8 19.180709763900005 11.073992940400007 3.132190496199999 -0.000175655418111 0.002178447127879 0.000650262741358
156 8 19.180713938099998 8.477428856900005 1.296161863300000 0.000222759735293 -0.001417519925365 -0.001730372838700
19 1 11.508416103199997 13.288791380900006 2.349147298800000 -0.000651357483077 -0.001140468008819 -0.000109279625777
123 8 11.508415542500002 13.670555930200003 4.968234320200000 0.001925656882626 0.003224998241813 0.001610726447653
139 8 9.259738667499999 12.372281731100001 1.296160360000000 -0.002118007712632 0.001335353518892 -0.002108839031065
35 7 13.426485478100000 14.396189250800001 5.481341472000000 -0.007372389024430 -0.003842431082022 -0.000357074394761
51 7 15.344568726800000 13.288783027399999 2.349147115100000 -0.005304100730097 -0.004954529030601 -0.004372217737592
59 7 17.262640601600001 14.396182340700005 5.481345370700000 -0.012589636532212 -0.047923336816717 0.009410640123063
67 8 16.932029885999999 12.372276697200000 5.994451122499998 0.001518008599950 0.012505118602774 -0.003595317058214
75 8 15.344574537799998 15.121819469800011 5.994454850600000 0.011131482793725 0.001607960253177 -0.004593253631431
83 8 16.932019389799994 14.205300304100005 3.402138567200000 0.002535819515959 0.006769050669828 0.010144162496086
91 8 13.757112196700003 12.372264326600002 5.994440303000000 0.002728776937938 0.003909402180071 -0.001460949631592
107 8 13.757110162900000 14.205296485600002 3.402136381700000 0.003162176658432 -0.000393425053413 0.002369717247814
140 8 16.932022037700008 12.372281731100001 1.296160360000000 -0.001507518419155 0.002191599696155 0.000152344009739
147 8 13.757108114200003 12.372258443900009 1.296153622799999 0.003149435574835 0.002507242714141 -0.000675594263277
20 1 19.180699473400008 13.288791380900006 2.349147298800000 0.002175279675676 -0.003312262222614 -0.004439571936883
36 7 21.098768848300001 14.396189250800001 5.481341472000000 0.013080457047264 -0.006843147045595 0.001463189831333
52 7 23.016852096999997 13.288783027399999 2.349147115100000 0.002255598791161 -0.000926495011165 -0.001150969774468
76 8 23.016857907999988 15.121819469800011 5.994454850600000 -0.004155431475534 -0.003948969024376 -0.002491560753909
92 8 21.429395566900006 12.372264326600002 5.994440303000000 -0.000698898699643 0.004320035604694 -0.001921903461166
108 8 21.429393533100004 14.205296485600002 3.402136381700000 -0.000765328881431 -0.000256632321056 0.004071891468524
124 8 19.180698912699995 13.670555930200003 4.968234320200000 -0.005617060049349 0.008998474079925 0.002795801320117
148 8 21.429391484400018 12.372258443900009 1.296153622799999 0.001112634469378 0.001440815858264 -0.000746930007740
60 7 24.934923971800007 14.396182340700005 5.481345370700000 0.000354833362218 0.000295137677498 -0.000066522746294
68 8 24.604313256200001 12.372276697200000 5.994451122499998 -0.002334323618882 0.001367233923846 -0.001302963658101
84 8 24.604302760000003 14.205300304100005 3.402138567200000 -0.001952056148155 -0.001185815539700 0.001360277196409
29 1 9.590346111300004 5.537003285800003 8.613538384300000 0.002643314532258 0.007445744552671 -0.001231065092359
157 8 11.508430567900000 4.047833987800002 7.560555002900000 -0.008828221910212 -0.016935717038627 0.003572671934280
165 8 7.672298157300002 4.429594165800001 7.830487589900000 -0.000030035507391 -0.002641734773289 -0.002618929126135
173 8 9.259725682700003 5.346106031900003 11.232641519100001 -0.001736816514867 -0.001686810406844 0.001405231460439
13 1 13.426498927400001 5.536998376400002 8.613533801700001 -0.000152999352974 0.006025991080962 -0.021076537023117
30 1 17.262629481500003 5.537003285800003 8.613538384300000 -0.002787058157602 0.000272977050269 -0.001956419733877
117 8 13.757107442800002 5.346108186800002 11.232628962800000 0.002308009331111 -0.001381308415335 0.003775354659969
166 8 15.344581527500001 4.429594165800001 7.830487589900000 0.004135188133886 -0.003350666581834 0.003794192601446
174 8 16.932009052900007 5.346106031900003 11.232641519100001 -0.001342905171802 -0.001138289370325 0.002360543418502
14 1 21.098782297600003 5.536998376400002 8.613533801700001 -0.001552678058855 0.001391785048936 0.000705908743162
118 8 21.429390813000005 5.346108186800002 11.232628962800000 0.001654984691791 -0.001125154837366 0.001394064016588
158 8 19.180713938100002 4.047833987800002 7.560555002900000 0.000904372089103 -0.002444201117083 -0.001637947601293
5 1 11.508418611100007 6.644402959900002 11.745737660500000 0.000331157689504 0.000332511260707 -0.002115940757571
21 1 11.508416103199998 8.859196511800004 8.613540438400001 0.002155420623064 -0.003319754747847 -0.004426739090458
125 8 11.508415542500003 9.240961061100004 11.232627459799998 0.000214338348411 0.002104098295267 0.002403704417266
133 8 11.508426393700002 6.644398071300002 9.396583635799999 -0.002885474210415 -0.001029504967729 0.002289267568128
141 8 9.259738667500002 7.942686862000003 7.560553499600000 -0.003941769251005 0.001453873426823 0.000915962272965
167 8 11.508439842400001 11.073986469400005 7.830487589900000 -0.000246092344936 0.002291822497420 0.000556701237487
37 7 13.426485478099996 9.966594381700006 11.745734611600000 -0.000029911183754 -0.000371359207592 -0.001436304904655
45 7 15.344568302600001 6.644396246400003 11.745727975299999 -0.001098574212542 0.000140821859969 -0.004252115044242
53 7 15.344568726799995 8.859188158300002 8.613540254699998 -0.005285854555576 -0.004948154327918 -0.004348820590121
61 7 17.262640601600001 9.966587471600000 11.745738510299995 0.000074924017769 0.000461794325442 0.000433822487830
69 8 16.932029886000002 7.942681828100003 12.258844262099997 -0.001281930627011 0.000097952927743 0.000966554231051
77 8 15.344574537800005 10.692224600700005 12.258847990200001 -0.000274648442054 -0.001848152710731 -0.001328024069017
85 8 16.932019389799990 9.775705435000003 9.666531706799999 -0.000216921001087 0.000565090425310 0.002136822733834
93 8 13.757112196700007 7.942669457500004 12.258833442600000 0.001893633034446 0.000818974281166 -0.000304455971053
101 8 15.344565511000003 7.026158843900003 9.666525792999996 0.001361849576941 0.001937472012875 0.004298990165104
109 8 13.757110162900005 9.775701616500001 9.666529521300001 0.001674943911274 0.000510324439474 0.003317830115747
142 8 16.932022037700005 7.942686862000003 7.560553499600000 -0.000020666772937 0.001289070760744 -0.000808156490776
149 8 13.757108114200001 7.942663574800001 7.560546762400000 0.005854987759104 0.008693278835830 0.007282388198561
159 8 15.344572253000006 10.692226291400004 7.560555002900000 0.001270071760091 0.000916344089036 -0.002040991188242
6 1 19.180701981300004 6.644402959900002 11.745737660500000 0.000335971895320 0.000338532355427 -0.002111087736141
22 1 19.180699473400011 8.859196511800004 8.613540438400001 -0.000643625807509 -0.001145681752836 -0.000102684308126
38 7 21.098768848300008 9.966594381700006 11.745734611600000 0.000192998340378 0.000170625178230 0.002859039637592
46 7 23.016851672800001 6.644396246400003 11.745727975299999 -0.000281540432730 0.000612534298905 -0.000073698678164
54 7 23.016852096999990 8.859188158300002 8.613540254699998 0.002263049199108 -0.000942374887542 -0.001158930232519
78 8 23.016857907999999 10.692224600700005 12.258847990200001 0.000064543181689 -0.002020813947201 -0.002379284517894
94 8 21.429395566900006 7.942669457500004 12.258833442600000 0.001500252596383 0.000269904219017 -0.001273765137457
102 8 23.016848881199998 7.026158843900003 9.666525792999996 -0.000167487932495 0.001024469623184 0.001820963843507
110 8 21.429393533100001 9.775701616500001 9.666529521300001 0.001060434437836 -0.000341020897984 0.001064166289091
126 8 19.180698912700002 9.240961061100004 11.232627459799998 -0.000100473067822 0.001629644694572 0.001268321301870
134 8 19.180709763900005 6.644398071300002 9.396583635799999 0.000995845785908 -0.000087611395087 0.000719590463179
150 8 21.429391484400004 7.942663574800001 7.560546762400000 0.001396230844769 0.000754260164806 -0.001463718052363
160 8 23.016855623200005 10.692226291400004 7.560555002900000 -0.000741825574985 -0.000993581279078 -0.001834175347228
168 8 19.180723212599993 11.073986469400005 7.830487589900000 -0.000414094189843 0.001289519877613 -0.000632287042676
62 7 24.934923971800000 9.966587471600000 11.745738510299995 -0.000291971127819 0.000261052674159 -0.000094578545912
70 8 24.604313256200005 7.942681828100003 12.258844262099997 -0.001925431317107 0.000363857000811 -0.001411382460533
86 8 24.604302759999996 9.775705435000003 9.666531706799999 -0.002237608843257 -0.000493344205027 0.002080794494242
7 1 15.344560296200003 13.288795263500004 11.745737660500000 0.000097374160107 -0.000560560744810 0.000991917233093
15 1 17.262640612500000 12.181390680000009 8.613533801700001 -0.000961607783203 -0.003978136051366 0.002685083530365
23 1 15.344557788300000 15.503588815399999 8.613540438400001 -0.003400573027854 -0.000092969284735 0.004665866494670
31 1 13.426487796399995 12.181395589400003 8.613538384300000 -0.001056725312074 -0.002268029130797 0.000011412956135
39 7 17.262627163200005 16.610986685300006 11.745734611600000 0.000200356660457 0.000177947928194 0.002842712743846
95 8 17.593253881800010 14.587061761100006 12.258833442600000 0.001327455982770 0.001642127377819 -0.002266815346763
111 8 17.593251848000001 16.420093920100001 9.666529521300001 0.002627600557272 -0.002215610277142 -0.001468731704140
119 8 17.593249127900002 11.990500490400001 11.232628962800000 0.001830897180591 -0.000451168773277 0.000545737843379
127 8 15.344557227600006 15.885353364700006 11.232627459799998 0.000541152813657 0.001781984450681 0.000474201483604
135 8 15.344568078800005 13.288790374900007 9.396583635799999 0.001007647505093 0.001495244927193 -0.001282046960134
143 8 13.095880352600002 14.587079165600008 7.560553499600000 0.000280656794703 0.001159175985791 -0.002767762194515
151 8 17.593249799300004 14.587055878400003 7.560546762400000 0.002012300057222 0.004582268738395 -0.009950765887499
175 8 13.095867367800004 11.990498335500007 11.232641519100001 -0.001462795029926 -0.000435928752077 0.001350829019907
8 1 23.016843666400000 13.288795263500004 11.745737660500000 0.000096733431706 -0.000559560731445 0.000983989403982
24 1 23.016841158500000 15.503588815399999 8.613540438400001 0.001589686710773 0.002981380020950 -0.000194212112850
32 1 21.098771166600002 12.181395589400003 8.613538384300000 0.001491938728295 -0.001940616867397 0.001446557802886
47 7 19.180709987699998 13.288788550000005 11.745727975299999 0.000103854689772 -0.001060412269451 0.004543942973676
55 7 19.180710411900002 15.503580461900007 8.613540254699998 0.005542244034332 -0.002408253276785 0.013134665280282
63 7 21.098782286700004 16.610979775200004 11.745738510299995 0.000064166029477 0.000462927441120 0.000408059707420
71 8 20.768171571100002 14.587074131700003 12.258844262099997 -0.001751683898429 0.001030852654135 -0.002254381044083
79 8 19.180716222899996 17.336616904300001 12.258847990200001 -0.000580871671980 -0.002175758260307 -0.001579489862208
87 8 20.768161074900000 16.420097738599999 9.666531706799999 -0.004995834926175 -0.003265430960998 -0.000418382702240
103 8 19.180707196099995 13.670551147500003 9.666525792999996 -0.000627077492617 0.004070153194203 -0.001667735391084
128 8 23.016840597800005 15.885353364700006 11.232627459799998 0.000213563985910 0.001958905854268 0.001532705329154
136 8 23.016851449000004 13.288790374900007 9.396583635799999 -0.000738601461422 -0.000120968896500 -0.000330743739234
144 8 20.768163722800004 14.587079165600008 7.560553499600000 -0.004690208184803 0.001942037570084 -0.003898642003661
176 8 20.768150737999996 11.990498335500007 11.232641519100001 -0.001907466891065 -0.000312161710428 0.000398006118427
16 1 24.934923982700003 12.181390680000009 8.613533801700001 0.000595518175206 -0.000884679172025 -0.000097731981077
40 7 24.934910533400007 16.610986685300006 11.745734611600000 -0.000031135525957 -0.000373568326704 -0.001446978657085
48 7 26.852993357900004 13.288788550000005 11.745727975299999 -0.000402477479429 -0.000478045607208 0.000237844040666
56 7 26.852993782099993 15.503580461900007 8.613540254699998 -0.001521931532606 0.000569313237546 0.000349943370502
64 7 28.771065656899999 16.610979775200004 11.745738510299995 -0.000288683864039 0.000265636050287 -0.000094227627731
72 8 28.440454941300004 14.587074131700003 12.258844262099997 -0.001683277443765 0.001034200338887 -0.001500105338951
80 8 26.852999593099998 17.336616904300001 12.258847990200001 -0.000269774342863 -0.001704046803653 -0.000448674817607
88 8 28.440444445099999 16.420097738599999 9.666531706799999 -0.000737008735115 -0.001235980161956 0.001015009513229
96 8 25.265537252000023 14.587061761100006 12.258833442600000 0.001770360959571 0.001522941344785 -0.001311962435345
104 8 26.852990566300001 13.670551147500003 9.666525792999996 0.000298116458503 0.002164634176619 0.001463513202332
112 8 25.265535218199997 16.420093920100001 9.666529521300001 0.001976269527478 -0.001365604981062 0.001987245107415
120 8 25.265532498100001 11.990500490400001 11.232628962800000 0.001900488129148 -0.000451286852901 0.001306140450105
152 8 25.265533169500006 14.587055878400003 7.560546762400000 0.001864179102665 0.000994668765444 -0.001450661727948
