ITEM: TIMESTEP
0
ITEM: NUMBER OF ATOMS
176
ITEM: BOX BOUNDS xy xz yz pp pp pp
0.0000000000000000e+00 3.0689133480799999e+01 7.6722833701999980e+00
0.0000000000000000e+00 1.7718379476200003e+01 7.6722833702000024e+00
0.0000000000000000e+00 1.2528786279200000e+01 4.4295948690000015e+00
ITEM: ATOMS id type x y z fx fy fz
25 1 5.744204426200001 3.322205851300000 2.349145244699999 0.140203880162176 0.045905926332063 0.032479700934494
137 8 5.423596982400004 5.727889427500000 1.296160360000000 -0.014220812335896 0.000054412131638 0.000731875681314
161 8 3.836156472199998 2.214796731300001 1.566094450300000 -0.023803201304890 -0.007797442219460 -0.005580925647679
169 8 5.423583997600000 3.131308597400002 4.968248379499999 -0.014253748573395 0.001064506082197 -0.000165037583685
1 1 7.672276926000002 4.429605525400001 5.481344520900000 0.001001310832728 -0.003196935371699 -0.023228011699323
9 1 9.590357242299998 3.322200941900001 2.349140662099999 -0.032340297929510 0.003648792633824 0.002627795173644
41 7 11.508426617500000 4.429598811900002 5.481334835700000 -0.004549510993195 -0.000921237204481 -0.002415458557762
89 8 9.920970511600007 5.727872023000002 5.994440303000000 0.002734441173080 0.002185690177367 -0.000149764049246
97 8 11.508423825899998 4.811361409400002 3.402132653400000 0.002787552282311 0.003038224208170 0.002458290635541
113 8 9.920965757699999 3.131310752300001 4.968235823200000 0.005111700374612 -0.001728018819481 0.004879429865393
129 8 7.672284708600001 4.429600636800002 3.132190496199999 -0.022443516366633 -0.007094661464151 -0.004912953497015
145 8 9.920966429100000 5.727866140300000 1.296153622799999 0.005034420804643 0.003970542000477 -0.003421507668462
153 8 7.672288882800000 1.833036553300000 1.296161863300000 -0.002251771073045 -0.012217985893245 -0.008992037450046
162 8 11.508439842400000 2.214796731300001 1.566094450300000 0.005087578959487 -0.001788388476908 -0.001331947074398
2 1 15.344560296200001 4.429605525400001 5.481344520900000 -0.003112335997876 0.000490833475100 0.001993459541758
10 1 17.262640612500000 3.322200941900001 2.349140662099999 -0.032735960793453 0.003664370465158 0.002638647654612
26 1 13.426487796400002 3.322205851300000 2.349145244699999 -0.004515657345736 -0.000244516107519 -0.000153553563568
65 8 13.095888200900001 5.727884393600002 5.994451122499998 -0.000203412524385 0.001145312729951 -0.001133774002083
90 8 17.593253881800006 5.727872023000002 5.994440303000000 0.003187920345554 -0.000811458184484 -0.003555198970248
114 8 17.593249127900009 3.131310752300001 4.968235823200000 0.003944585105058 0.000942492629829 -0.002935761142727
130 8 15.344568078800005 4.429600636800002 3.132190496199999 0.005192355778110 -0.001930667669991 -0.001261398026603
138 8 13.095880352600009 5.727889427500000 1.296160360000000 0.000331103617767 0.000646591793055 -0.002013454164455
146 8 17.593249799300011 5.727866140300000 1.296153622799999 0.003867301243195 -0.002507610618909 0.001701351866676
154 8 15.344572252999999 1.833036553300000 1.296161863300000 0.002735291304760 -0.000525977773572 -0.000724930735771
170 8 13.095867367800004 3.131308597400002 4.968248379499999 0.000297829260446 -0.001326650621838 0.001308512578067
42 7 19.180709987699998 4.429598811900002 5.481334835700000 0.002320650921665 0.001367381402351 0.020293057559307
66 8 20.768171571100002 5.727884393600002 5.994451122499998 -0.006164831787819 -0.000698065818711 -0.002714150042464
98 8 19.180707196099995 4.811361409400002 3.402132653400000 -0.002594460649594 -0.008419813785417 -0.005643705474331
3 1 11.508418611100000 11.073997829000001 5.481344520900000 0.000502709991671 -0.001500067694841 0.000577805488142
17 1 7.672274418099999 6.644399077300000 2.349147298800000 0.000959961137022 -0.022930306363515 0.004749791266956
27 1 9.590346111300001 9.966598154900002 2.349145244699999 -0.000470661276701 -0.002579863902990 0.000202395625506
33 7 9.590343793000001 7.751796947200008 5.481341472000000 -0.000958970669982 -0.002974551559975 -0.002047996720754
49 7 11.508427041700001 6.644390723800001 2.349147115100000 -0.004509171571111 -0.002577714706512 -0.000010173428927
73 8 11.508432852700000 8.477427166200002 5.994454850600000 0.000433807937729 -0.001274975301407 -0.000976977255609
105 8 9.920968477800001 7.560904182000002 3.402136381700000 0.002713246490549 0.000624390079005 0.002224617917775
121 8 7.672273857400003 7.026163626600007 4.968234320200000 -0.000870133934023 0.005252401686007 0.003801995920109
131 8 11.508426393700001 11.073992940400007 3.132190496199999 -0.000231387300600 0.003289841613538 -0.000798393817163
155 8 11.508430567899998 8.477428856900005 1.296161863300000 0.000407360902993 -0.000516074207314 -0.002149593679543
163 8 7.672298157300000 8.859189034900005 1.566094450300000 -0.000299337213753 0.003406212786009 -0.000883932549173
171 8 9.259725682700001 9.775700901000002 4.968248379499999 -0.001588099772547 0.000471652525581 0.001385384384869
11 1 13.426498927399999 9.966593245500007 2.349140662099999 0.000489469108936 0.000081656956363 0.000004087573426
18 1 15.344557788300000 6.644399077300000 2.349147298800000 -0.003153759895560 0.002078105540025 -0.000180554713996
28 1 17.262629481500003 9.966598154900002 2.349145244699999 -0.000524300184762 0.002607119109870 -0.000358393050098
34 7 17.262627163200005 7.751796947200008 5.481341472000000 -0.000741401909494 0.002856593279398 0.002075225291259
43 7 15.344568302600003 11.073991115500002 5.481334835700000 0.000309543348849 0.001209369077002 -0.000629691087124
57 7 13.426498916499998 7.751790037100004 5.481345370700000 -0.001454649908186 0.000267880877558 0.000068210833916
81 8 13.095877704700001 7.560908000500002 3.402138567200000 -0.000052370981309 -0.000528551163875 0.001782021726427
99 8 15.344565510999997 11.455753713000002 3.402132653400000 -0.000283017847032 -0.001301350744889 0.003032343562869
106 8 17.593251848000001 7.560904182000002 3.402136381700000 0.003166704740151 -0.003585337610114 0.000534010817790
115 8 13.757107442799997 9.775703055900001 4.968235823200000 0.001540882851588 -0.000988617364863 0.001370513526595
122 8 15.344557227600001 7.026163626600007 4.968234320200000 0.001282777571641 0.001332844912823 0.001030438766214
164 8 15.344581527500001 8.859189034900005 1.566094450300000 0.000161268148465 -0.000962355822105 0.000214622547994
172 8 16.932009052900014 9.775700901000002 4.968248379499999 -0.001179256167358 -0.002244091761942 0.001224890150399
4 1 19.180701981300000 11.073997829000001 5.481344520900000 -0.000262732224571 0.000914176712179 -0.000197047574859
12 1 21.098782297600000 9.966593245500007 2.349140662099999 0.000489377351224 0.000069185566581 0.000002689034384
44 7 23.016851672799998 11.073991115500002 5.481334835700000 -0.000663486551150 -0.001169263045303 0.000336087895706
50 7 19.180710411899998 6.644390723800001 2.349147115100000 0.002361122409205 0.019595057583449 -0.005421977824506
58 7 21.098782286699997 7.751790037100004 5.481345370700000 0.003239632945095 0.000179773145908 0.000005913791549
74 8 19.180716222899989 8.477427166200002 5.994454850600000 -0.000984130400890 -0.002407339682072 -0.001777696750328
82 8 20.768161074900000 7.560908000500002 3.402138567200000 -0.006013885970346 -0.002633084953563 0.000570830275788
100 8 23.016848881199998 11.455753713000002 3.402132653400000 0.000482284685800 0.003072921433709 0.001043727595570
116 8 21.429390813000008 9.775703055900001 4.968235823200000 0.001640809667951 -0.000621335226099 0.001354270590234
132 8 19.180709763900005 11.073992940400007 3.132190496199999 0.000236718239267 -0.001072739582826 0.000302966908617
156 8 19.180713938099998 8.477428856900005 1.296161863300000 -0.000366935006269 -0.004875661911894 -0.000162066708068
19 1 11.508416103199997 13.288791380900006 2.349147298800000 0.001029660562736 -0.023013855765344 0.004773040814899
123 8 11.508415542500002 13.670555930200003 4.968234320200000 -0.002046281462793 0.002847418691250 -0.000456849920984
139 8 9.259738667499999 12.372281731100001 1.296160360000000 -0.000468382379998 0.002308680339220 -0.000946275556460
35 7 13.426485478100000 14.396189250800001 5.481341472000000 0.007967157396181 -0.001637158830948 -0.001192708828125
51 7 15.344568726800000 13.288783027399999 2.349147115100000 0.002253501598555 0.019538861621964 -0.005376345561463
59 7 17.262640601600001 14.396182340700005 5.481345370700000 -0.001935758070084 0.003362070266685 -0.004755973474228
67 8 16.932029885999999 12.372276697200000 5.994451122499998 -0.001802142769142 -0.000811646510784 -0.000774608837148
75 8 15.344574537799998 15.121819469800011 5.994454850600000 -0.002498900555426 -0.003364286528372 0.000094770759224
83 8 16.932019389799994 14.205300304100005 3.402138567200000 0.000508592288127 -0.004404240798986 0.004511419716443
91 8 13.757112196700003 12.372264326600002 5.994440303000000 0.000678687011993 0.001379995170349 -0.001315167834223
107 8 13.757110162900000 14.205296485600002 3.402136381700000 -0.010980751537787 -0.001743524908787 0.003942906119439
140 8 16.932022037700008 12.372281731100001 1.296160360000000 0.000000449558072 -0.001910374210701 -0.002641564939412
147 8 13.757108114200003 12.372258443900009 1.296153622799999 -0.002654576172083 -0.000701382112317 -0.002263008271059
20 1 19.180699473400008 13.288791380900006 2.349147298800000 -0.003146006586355 0.002062399788149 -0.000181053690768
36 7 21.098768848300001 14.396189250800001 5.481341472000000 -0.002295442183602 -0.000232170595558 -0.000102059341843
52 7 23.016852096999997 13.288783027399999 2.349147115100000 -0.004518407685094 -0.002595807356416 -0.000011899703129
76 8 23.016857907999988 15.121819469800011 5.994454850600000 0.001759864546005 -0.001697274304057 -0.002250475422684
92 8 21.429395566900006 12.372264326600002 5.994440303000000 0.002041111032900 0.001057801633411 -0.001344019185073
108 8 21.429393533100004 14.205296485600002 3.402136381700000 0.003511998681256 -0.001029434847031 0.001157178055026
124 8 19.180698912699995 13.670555930200003 4.968234320200000 0.002241825174868 0.001192841718585 0.001899422767771
148 8 21.429391484400018 12.372258443900009 1.296153622799999 0.003306567364071 0.001416779055743 -0.001039868079764
60 7 24.934923971800007 14.396182340700005 5.481345370700000 -0.001921704712545 -0.003265629711012 0.004612183504694
68 8 24.604313256200001 12.372276697200000 5.994451122499998 -0.001185736492346 0.002357945075542 -0.002102700883694
84 8 24.604302760000003 14.205300304100005 3.402138567200000 0.001687152139550 0.002057764095635 -0.000611018141082
29 1 9.590346111300004 5.537003285800003 8.613538384300000 -0.000470665039016 -0.000687373884528 -0.002473985305290
157 8 11.508430567900000 4.047833987800002 7.560555002900000 0.000407353963777 -0.001865892265166 -0.000240687966699
165 8 7.672298157300002 4.429594165800001 7.830487589900000 -0.000299338142531 0.000365532156476 0.003416213913798
173 8 9.259725682700003 5.346106031900003 11.232641519100001 -0.000501650910126 0.000233544863387 0.002519786853092
13 1 13.426498927400001 5.536998376400002 8.613533801700001 0.000489465972136 -0.000013827562289 0.000139114926640
30 1 17.262629481500003 5.537003285800003 8.613538384300000 -0.000524297530669 0.000512901928695 0.002603262059909
117 8 13.757107442800002 5.346108186800002 11.232628962800000 -0.002577278718751 -0.002193082621379 0.000088589822199
166 8 15.344581527500001 4.429594165800001 7.830487589900000 0.000161274983333 -0.000054917615000 -0.001068686323289
174 8 16.932009052900007 5.346106031900003 11.232641519100001 -0.000032808268557 -0.002771189437424 -0.000892810714094
14 1 21.098782297600003 5.536998376400002 8.613533801700001 0.000489379896421 -0.000019301934032 0.000127822255366
118 8 21.429390813000005 5.346108186800002 11.232628962800000 0.003383881760984 -0.000333838830777 0.001677870650200
158 8 19.180713938100002 4.047833987800002 7.560555002900000 -0.000366924836363 -0.001445229467450 -0.005013343712322
5 1 11.508418611100007 6.644402959900002 11.745737660500000 0.001071082218071 -0.003202897261251 -0.023314813926925
21 1 11.508416103199998 8.859196511800004 8.613540438400001 0.000461296718590 0.000079785931959 -0.001585717269337
125 8 11.508415542500003 9.240961061100004 11.232627459799998 -0.002046293133744 0.000435473784313 0.002954144817750
133 8 11.508426393700002 6.644398071300002 9.396583635799999 -0.000231385406716 0.000246023241274 0.003506227802514
141 8 9.259738667500002 7.942686862000003 7.560553499600000 -0.001554845499005 0.001318491240245 -0.000343657147438
167 8 11.508439842400001 11.073986469400005 7.830487589900000 -0.000340682690390 0.000036966500425 -0.000041236138511
37 7 13.426485478099996 9.966594381700006 11.745734611600000 0.007967171257280 -0.001722366692721 -0.001072045698505
45 7 15.344568302600001 6.644396246400003 11.745727975299999 0.002213094655091 0.001391814813501 0.020224730628475
53 7 15.344568726799995 8.859188158300002 8.613540254699998 0.000349898057510 -0.000183851043775 0.001403321661266
61 7 17.262640601600001 9.966587471600000 11.745738510299995 -0.001935787534944 -0.003249041015759 0.004593532281851
69 8 16.932029886000002 7.942681828100003 12.258844262099997 0.000357575368555 0.002426755293273 -0.005697613282809
77 8 15.344574537800005 10.692224600700005 12.258847990200001 -0.002498897394570 -0.000960908324316 -0.003304130284244
85 8 16.932019389799990 9.775705435000003 9.666531706799999 -0.001651127452191 -0.000842271117620 -0.000182736598787
93 8 13.757112196700007 7.942669457500004 12.258833442600000 -0.010959600448367 0.003016385434750 -0.002955003775226
101 8 15.344565511000003 7.026158843900003 9.666525792999996 -0.000283006095579 0.002132913072167 -0.001824363154050
109 8 13.757110162900005 9.775701616500001 9.666529521300001 0.000657489969438 -0.000742927690333 0.001853440116967
142 8 16.932022037700005 7.942686862000003 7.560553499600000 -0.001146019683000 0.000261935279697 -0.002850540171246
149 8 13.757108114200001 7.942663574800001 7.560546762400000 0.001463563821870 0.000908734150145 -0.001554746390846
159 8 15.344572253000006 10.692226291400004 7.560555002900000 -0.000210105647930 -0.001763423634181 -0.001599920356517
6 1 19.180701981300004 6.644402959900002 11.745737660500000 -0.003104592303712 0.000485124626217 0.001978814859236
22 1 19.180699473400011 8.859196511800004 8.613540438400001 -0.000304137145253 0.000154001058128 0.000948753724184
38 7 21.098768848300008 9.966594381700006 11.745734611600000 -0.002295449186143 -0.000225773929754 -0.000111122663545
46 7 23.016851672800001 6.644396246400003 11.745727975299999 -0.004558753181385 -0.000928900311951 -0.002431941191768
54 7 23.016852096999990 8.859188158300002 8.613540254699998 -0.000623146548195 -0.000066179867598 -0.001161186481519
78 8 23.016857907999999 10.692224600700005 12.258847990200001 0.001759886805451 -0.002616400264888 -0.000950633471988
94 8 21.429395566900006 7.942669457500004 12.258833442600000 0.003533191567550 0.000628044613995 -0.001353198890277
102 8 23.016848881199998 7.026158843900003 9.666525792999996 0.000482273114069 0.001716122120810 0.002962507196591
110 8 21.429393533100001 9.775701616500001 9.666529521300001 0.002019915121294 -0.000877530044514 0.001559303187478
126 8 19.180698912700002 9.240961061100004 11.232627459799998 0.002241825073269 0.002105457364528 0.000608767870190
134 8 19.180709763900005 6.644398071300002 9.396583635799999 0.000236714632935 -0.000169794001697 -0.000973981862051
150 8 21.429391484400004 7.942663574800001 7.560546762400000 0.001563503574439 0.001015853153674 -0.001203050583853
160 8 23.016855623200005 10.692226291400004 7.560555002900000 0.000203028513792 -0.001681907080594 -0.001542255169636
168 8 19.180723212599993 11.073986469400005 7.830487589900000 0.000120606338504 -0.000048079948727 -0.000101361522272
62 7 24.934923971800000 9.966587471600000 11.745738510299995 -0.001921719433507 0.003374205977059 -0.004777897378796
70 8 24.604313256200005 7.942681828100003 12.258844262099997 0.001536132188798 -0.000248821416967 0.002102368452601
86 8 24.604302759999996 9.775705435000003 9.666531706799999 -0.001034713205436 -0.001037863693962 0.003248250815167
7 1 15.344560296200003 13.288795263500004 11.745737660500000 0.000495388225010 -0.001505642594921 0.000579040219204
15 1 17.262640612500000 12.181390680000009 8.613533801700001 -0.000196480984143 -0.000046268690784 0.000014900238874
23 1 15.344557788300000 15.503588815399999 8.613540438400001 0.000453987442782 0.000079093888566 -0.001591370738131
31 1 13.426487796399995 12.181395589400003 8.613538384300000 0.000651720859244 -0.000166080828709 -0.000098089204112
39 7 17.262627163200005 16.610986685300006 11.745734611600000 -0.000956161297354 -0.002980952983985 -0.002052516096482
95 8 17.593253881800010 14.587061761100006 12.258833442600000 0.001646350080681 0.002431279326314 -0.001278762120235
111 8 17.593251848000001 16.420093920100001 9.666529521300001 0.001625148435491 -0.000358177850419 0.002832479028257
119 8 17.593249127900002 11.990500490400001 11.232628962800000 0.002400312692678 0.000870363912559 0.000705554401032
127 8 15.344557227600006 15.885353364700006 11.232627459799998 0.000917780324694 0.002534452723270 0.001880103909105
135 8 15.344568078800005 13.288790374900007 9.396583635799999 -0.000261235548201 -0.000078118522577 0.000048548090836
143 8 13.095880352600002 14.587079165600008 7.560553499600000 -0.002524536960818 0.000930689961873 -0.001294907572862
151 8 17.593249799300004 14.587055878400003 7.560546762400000 0.002322982609160 0.000901464445052 0.000419553270572
175 8 13.095867367800004 11.990498335500007 11.232641519100001 -0.002557780435603 -0.000554447993564 0.001336835663860
8 1 23.016843666400000 13.288795263500004 11.745737660500000 -0.000263119414894 0.000917203353788 -0.000198701230016
24 1 23.016841158500000 15.503588815399999 8.613540438400001 -0.000304523250767 0.000153447214934 0.000952151991052
32 1 21.098771166600002 12.181395589400003 8.613538384300000 -0.000195283726654 -0.000061505541268 -0.000024144459775
47 7 19.180709987699998 13.288788550000005 11.745727975299999 -0.000660763136021 -0.001164834859609 0.000333709587256
55 7 19.180710411900002 15.503580461900007 8.613540254699998 -0.000620407195084 -0.000066944890762 -0.001156215264469
63 7 21.098782286700004 16.610979775200004 11.745738510299995 0.003240649564614 0.000193323813281 0.000015486170806
71 8 20.768171571100002 14.587074131700003 12.258844262099997 -0.001945081306773 0.000857740630022 -0.001453026806178
79 8 19.180716222899996 17.336616904300001 12.258847990200001 -0.001363044144205 0.001450300602487 0.000950067438196
87 8 20.768161074900000 16.420097738599999 9.666531706799999 -0.001794058091536 -0.000925412874446 0.001617304947172
103 8 19.180707196099995 13.670551147500003 9.666525792999996 0.000276145097066 0.001901624297272 0.001654600801073
128 8 23.016840597800005 15.885353364700006 11.232627459799998 -0.000496527595592 0.001397670919930 0.001076276701224
136 8 23.016851449000004 13.288790374900007 9.396583635799999 0.000196824353563 -0.000163334679335 -0.000011700175313
144 8 20.768163722800004 14.587079165600008 7.560553499600000 -0.001159315617769 0.000801921126018 -0.001618837812684
176 8 20.768150737999996 11.990498335500007 11.232641519100001 -0.001192555218869 -0.000902808622176 0.001323424169855
16 1 24.934923982700003 12.181390680000009 8.613533801700001 -0.000193551285683 -0.000045919877818 0.000015161342063
40 7 24.934910533400007 16.610986685300006 11.745734611600000 -0.000743694763860 0.002849566836293 0.002070247306645
48 7 26.852993357900004 13.288788550000005 11.745727975299999 0.000321068399783 0.001197625978224 -0.000626152595614
56 7 26.852993782099993 15.503580461900007 8.613540254699998 0.000361422754061 -0.000184435895901 0.001391082934232
64 7 28.771065656899999 16.610979775200004 11.745738510299995 -0.001452003161852 0.000262668184233 0.000064527710422
72 8 28.440454941300004 14.587074131700003 12.258844262099997 -0.002042497260431 0.000501842796580 -0.001435497173608
80 8 26.852999593099998 17.336616904300001 12.258847990200001 0.000799466619895 -0.002468999477482 -0.001821295432703
88 8 28.440444445099999 16.420097738599999 9.666531706799999 -0.001891486433223 -0.001027522852272 0.001275906796041
96 8 25.265537252000023 14.587061761100006 12.258833442600000 0.002052218774896 -0.000281999915877 -0.001440083479543
104 8 26.852990566300001 13.670551147500003 9.666525792999996 -0.000139812308466 0.001819864118996 0.001596783292477
112 8 25.265535218199997 16.420093920100001 9.666529521300001 0.002031021373926 -0.001414699084769 0.000328144379240
120 8 25.265532498100001 11.990500490400001 11.232628962800000 0.001775742483065 -0.002299385417947 0.002032089106615
152 8 25.265533169500006 14.587055878400003 7.560546762400000 0.001698438930390 0.001095556392425 -0.003011058337261
