ITEM: TIMESTEP
0
ITEM: NUMBER OF ATOMS
176
ITEM: BOX BOUNDS xy xz yz pp pp pp
0.0000000000000000e+00 3.0689133480799999e+01 7.6722833701999980e+00
0.0000000000000000e+00 1.7718379476200003e+01 7.6722833702000024e+00
0.0000000000000000e+00 1.2528786279200000e+01 4.4295948690000015e+00
ITEM: ATOMS id type x y z fx fy fz
25 1 5.754204426199998 3.322205851300000 2.349145244699999 -0.019286471614398 -0.011297691397828 -0.024048117767976
137 8 5.423596982400004 5.727889427500000 1.296160360000000 0.000873682661562 -0.001734037754028 0.001832620055894
161 8 3.836156472199998 2.214796731300001 1.566094450300000 0.004140889404148 0.002527116608714 0.002913371530241
169 8 5.423583997600000 3.131308597400002 4.968248379499999 0.005868482164494 0.003443390426419 -0.008048861112199
1 1 7.667276925999956 4.426718774054080 5.473179555090741 0.030313190564263 0.017338516443519 0.146742608364459
9 1 9.590357242299998 3.322200941900001 2.349140662099999 0.020209887715633 -0.008085553338924 -0.008369745065327
41 7 11.508426617500000 4.429598811900002 5.481334835700000 -0.015712581850300 0.008901103644115 0.009500947429565
89 8 9.920970511600007 5.727872023000002 5.994440303000000 0.009495458418777 0.005627214544244 -0.010527959484415
97 8 11.508423825899998 4.811361409400002 3.402132653400000 -0.000686456131023 0.001053291710314 -0.003120935695961
113 8 9.920965757699999 3.131310752300001 4.968235823200000 -0.003718334414777 -0.006795949283732 -0.008504595696755
129 8 7.672284708600001 4.429600636800002 3.132190496199999 -0.005061007062976 -0.002945738024844 -0.024835699097743
145 8 9.920966429100000 5.727866140300000 1.296153622799999 -0.001736419224445 -0.001027981226517 0.000128306284874
153 8 7.672288882800000 1.833036553300000 1.296161863300000 -0.000978993993307 0.001582238714846 0.001790061920178
162 8 11.508439842400000 2.214796731300001 1.566094450300000 -0.003092033668366 0.001394891192834 0.001100169311652
2 1 15.344560296200001 4.429605525400001 5.481344520900000 -0.002553621255463 0.000457211170523 0.000483224761429
10 1 17.262640612500000 3.322200941900001 2.349140662099999 -0.003611843603622 -0.000441131885938 -0.001608401380503
26 1 13.426487796400002 3.322205851300000 2.349145244699999 0.000428919797685 0.000180442081322 0.000512629479770
65 8 13.095888200900001 5.727884393600002 5.994451122499998 0.001377093879365 0.001684472554287 -0.001754963931156
90 8 17.593253881800006 5.727872023000002 5.994440303000000 0.004080084336778 -0.000929482146905 -0.002584114394742
114 8 17.593249127900009 3.131310752300001 4.968235823200000 0.004950578260080 0.000194866862623 0.001042148314621
130 8 15.344568078800005 4.429600636800002 3.132190496199999 0.001001963026052 -0.000352522816166 -0.000118635273043
138 8 13.095880352600009 5.727889427500000 1.296160360000000 -0.001825232147985 0.000797445002760 -0.001673255444958
146 8 17.593249799300011 5.727866140300000 1.296153622799999 0.003346847160264 0.000987738559141 0.000127469919626
154 8 15.344572252999999 1.833036553300000 1.296161863300000 0.000391033944308 -0.001607198739537 -0.000051718682824
170 8 13.095867367800004 3.131308597400002 4.968248379499999 0.000858441839433 -0.002883650734350 0.000085647862765
42 7 19.180709987699998 4.429598811900002 5.481334835700000 -0.015707458069737 0.008984245677762 0.009599697439131
66 8 20.768171571100002 5.727884393600002 5.994451122499998 -0.007434849013729 -0.005273921444647 -0.011315849536761
98 8 19.180707196099995 4.811361409400002 3.402132653400000 0.004138650639224 -0.001102564880606 0.002674162207748
3 1 11.508418611100000 11.073997829000001 5.481344520900000 -0.000739975161505 -0.002684097140607 0.000483225718665
17 1 7.672274418099999 6.644399077300000 2.349147298800000 0.003234299651469 0.021589907369832 -0.008466346868114
27 1 9.590346111300001 9.966598154900002 2.349145244699999 0.000511606146080 0.000037247313470 0.000512624615811
33 7 9.590343793000001 7.751796947200008 5.481341472000000 0.000197530174067 -0.018012343671256 0.009273313204436
49 7 11.508427041700001 6.644390723800001 2.349147115100000 0.001575003683461 0.001190003037482 0.002745991217737
73 8 11.508432852700000 8.477427166200002 5.994454850600000 0.002160203262751 0.000292670914227 -0.001767539060034
105 8 9.920968477800001 7.560904182000002 3.402136381700000 0.000602272494235 -0.001167004670481 -0.003100058644753
121 8 7.672273857400003 7.026163626600007 4.968234320200000 -0.007755525959653 0.000080389956898 -0.008468174994309
131 8 11.508426393700001 11.073992940400007 3.132190496199999 0.000216093460000 0.001008623749842 -0.000118646200520
155 8 11.508430567899998 8.477428856900005 1.296161863300000 -0.000136115860914 -0.002020824553581 -0.001715760133717
163 8 7.672298157300000 8.859189034900005 1.566094450300000 -0.000456096972908 -0.003170852080198 0.001100233667019
171 8 9.259725682700001 9.775700901000002 4.968248379499999 -0.002115728283495 0.002267791617296 0.000085630111040
11 1 13.426498927399999 9.966593245500007 2.349140662099999 -0.000520428061026 -0.001007318332500 0.000188264921453
18 1 15.344557788300000 6.644399077300000 2.349147298800000 -0.001000935151610 0.000097486483487 0.000091902057698
28 1 17.262629481500003 9.966598154900002 2.349145244699999 0.000197866553534 -0.000048427614731 -0.000101491336395
34 7 17.262627163200005 7.751796947200008 5.481341472000000 -0.000580497643848 0.001067773078274 0.000686484381628
43 7 15.344568302600003 11.073991115500002 5.481334835700000 0.000422206701319 -0.001312808603881 0.000914118655308
57 7 13.426498916499998 7.751790037100004 5.481345370700000 -0.003200919470093 -0.001567355923439 0.001275047909574
81 8 13.095877704700001 7.560908000500002 3.402138567200000 -0.001556944574764 -0.000925238694107 0.000539711790320
99 8 15.344565510999997 11.455753713000002 3.402132653400000 -0.000066092038170 0.003314668904804 0.001031056039539
106 8 17.593251848000001 7.560904182000002 3.402136381700000 0.002870907183521 -0.001760440563473 0.001051948418115
115 8 13.757107442799997 9.775703055900001 4.968235823200000 0.002502942391218 0.000422881758171 0.001069466427105
122 8 15.344557227600001 7.026163626600007 4.968234320200000 0.001606898513302 0.001858937233064 0.001105905813698
164 8 15.344581527500001 8.859189034900005 1.566094450300000 0.000112540866009 0.000201318522844 0.000084203265423
172 8 16.932009052900014 9.775700901000002 4.968248379499999 -0.001772952080491 -0.000968607571642 0.001195370867008
4 1 19.180701981300000 11.073997829000001 5.481344520900000 0.000436032886127 0.000089080218523 0.000222910081742
12 1 21.098782297600000 9.966593245500007 2.349140662099999 -0.000073726230864 0.001594212912757 -0.000067141956315
44 7 23.016851672799998 11.073991115500002 5.481334835700000 0.000415957932462 -0.001327534951367 0.000909072753039
50 7 19.180710411899998 6.644390723800001 2.349147115100000 -0.003760900066329 0.004749127270324 -0.001567358630165
58 7 21.098782286699997 7.751790037100004 5.481345370700000 0.005113812579495 0.003148006634539 0.005184791386952
74 8 19.180716222899989 8.477427166200002 5.994454850600000 -0.001021942324024 -0.002168875868342 -0.002041008852832
82 8 20.768161074900000 7.560908000500002 3.402138567200000 -0.001498511749175 -0.003303470996391 -0.000553260700179
100 8 23.016848881199998 11.455753713000002 3.402132653400000 -0.000021746338696 0.001842701480084 0.001236661703341
116 8 21.429390813000008 9.775703055900001 4.968235823200000 0.001234417022994 -0.001299768116777 0.000773089697045
132 8 19.180709763900005 11.073992940400007 3.132190496199999 -0.000114445753444 -0.000089658351212 -0.000142682406218
156 8 19.180713938099998 8.477428856900005 1.296161863300000 0.000340953563951 -0.003358061645787 -0.000605102838059
19 1 11.508416103199997 13.288791380900006 2.349147298800000 -0.002056291543833 -0.002862843813897 -0.001704745707410
123 8 11.508415542500002 13.670555930200003 4.968234320200000 0.002633246073093 0.004092660104743 0.001078601782984
139 8 9.259738667499999 12.372281731100001 1.296160360000000 -0.001203446641416 0.001047159912575 -0.000009203674564
35 7 13.426485478100000 14.396189250800001 5.481341472000000 0.000272354774318 -0.018049303435076 0.009372023838673
51 7 15.344568726800000 13.288783027399999 2.349147115100000 0.001989359351800 -0.005210500907431 -0.001567321019594
59 7 17.262640601600001 14.396182340700005 5.481345370700000 0.005039908150831 0.003275675506812 0.005184566346830
67 8 16.932029885999999 12.372276697200000 5.994451122499998 -0.002345725376535 0.000159428744244 -0.002028419743403
75 8 15.344574537799998 15.121819469800011 5.994454850600000 -0.008271869818188 -0.003859301503965 -0.011328351267402
83 8 16.932019389799994 14.205300304100005 3.402138567200000 -0.003587308689072 0.000314421470065 -0.000553248042518
91 8 13.757112196700003 12.372264326600002 5.994440303000000 0.001109203847439 0.004216121703688 -0.002584079422477
107 8 13.757110162900000 14.205296485600002 3.402136381700000 0.001147788469630 0.004089546346376 0.002695052656194
140 8 16.932022037700008 12.372281731100001 1.296160360000000 -0.002744777168263 0.001879197503438 -0.000562606649090
147 8 13.757108114200003 12.372258443900009 1.296153622799999 0.002550862799660 0.002366395639814 0.000127441474223
20 1 19.180699473400008 13.288791380900006 2.349147298800000 0.001475393943010 -0.000816408728712 -0.000163496205193
36 7 21.098768848300001 14.396189250800001 5.481341472000000 -0.000596369447872 0.001069729826425 0.000681433768263
52 7 23.016852096999997 13.288783027399999 2.349147115100000 -0.000837190263879 -0.000202677766709 -0.001034956527246
76 8 23.016857907999988 15.121819469800011 5.994454850600000 0.001130550869271 -0.001946977103883 -0.001749246064055
92 8 21.429395566900006 12.372264326600002 5.994440303000000 0.001463197392112 0.000990117287426 -0.001468255637955
108 8 21.429393533100004 14.205296485600002 3.402136381700000 0.001618298710606 -0.000986046796601 0.001257561496086
124 8 19.180698912699995 13.670555930200003 4.968234320200000 -0.000519211547341 0.001621676942353 0.000809550163953
148 8 21.429391484400018 12.372258443900009 1.296153622799999 0.001522115329866 0.000853333251578 -0.000331658472984
60 7 24.934923971800007 14.396182340700005 5.481345370700000 -0.003205852519846 -0.001570233678794 0.001281914315852
68 8 24.604313256200001 12.372276697200000 5.994451122499998 -0.001077319449385 0.001912605033161 -0.001736678471346
84 8 24.604302760000003 14.205300304100005 3.402138567200000 -0.000611153002596 -0.000379184441852 0.001946659049735
29 1 9.590346111300004 5.537003285800003 8.613538384300000 -0.019075679096103 -0.011176135679016 -0.023737019815148
157 8 11.508430567900000 4.047833987800002 7.560555002900000 0.004027960559227 -0.004664543875161 -0.000510868371729
165 8 7.672298157300002 4.429594165800001 7.830487589900000 -0.005204744881010 -0.002868541066713 -0.023304741880487
173 8 9.259725682700003 5.346106031900003 11.232641519100001 -0.001364424803057 -0.000732752570681 0.004447042907555
13 1 13.426498927400001 5.536998376400002 8.613533801700001 -0.003594366008902 -0.000441047217731 -0.001609616033949
30 1 17.262629481500003 5.537003285800003 8.613538384300000 0.000439638921012 0.000179660728233 0.000506218184754
117 8 13.757107442800002 5.346108186800002 11.232628962800000 0.002909760205915 0.000132971518902 0.002736629741670
166 8 15.344581527500001 4.429594165800001 7.830487589900000 0.000920055961252 -0.000235413955835 -0.000207016904461
174 8 16.932009052900007 5.346106031900003 11.232641519100001 -0.002547066081707 -0.000058754847477 0.002109633338084
14 1 21.098782297600003 5.536998376400002 8.613533801700001 0.020102816308211 -0.008069978291959 -0.008395152047435
118 8 21.429390813000005 5.346108186800002 11.232628962800000 0.001078139381313 -0.000828359012085 0.003219902526299
158 8 19.180713938100002 4.047833987800002 7.560555002900000 -0.000767168922757 -0.002536964807646 -0.006314933657752
5 1 11.508418611100007 6.644402959900002 11.745737660500000 -0.002079725504718 -0.001363394372230 -0.004051701926103
21 1 11.508416103199998 8.859196511800004 8.613540438400001 -0.002047489441359 -0.002847773808081 -0.001705986627526
125 8 11.508415542500003 9.240961061100004 11.232627459799998 0.001559237907595 0.002356212136986 0.002773076861087
133 8 11.508426393700002 6.644398071300002 9.396583635799999 0.004180628496071 0.002390110567958 0.002998750527728
141 8 9.259738667500002 7.942686862000003 7.560553499600000 -0.002032715516318 0.005725497146684 -0.000468374617767
167 8 11.508439842400001 11.073986469400005 7.830487589900000 0.000138084394329 0.001119014260515 -0.000207034814879
37 7 13.426485478099996 9.966594381700006 11.745734611600000 -0.001178762926004 0.001007149932745 -0.004902241914793
45 7 15.344568302600001 6.644396246400003 11.745727975299999 0.000070600442470 -0.001800620497399 -0.004674573228263
53 7 15.344568726799995 8.859188158300002 8.613540254699998 -0.000831360845601 -0.000199310838220 -0.001036478271359
61 7 17.262640601600001 9.966587471600000 11.745738510299995 0.001742199696194 0.001286515701811 -0.003021205819163
69 8 16.932029886000002 7.942681828100003 12.258844262099997 -0.002511028642971 0.000653973805007 0.000416192729304
77 8 15.344574537800005 10.692224600700005 12.258847990200001 -0.000676313837254 -0.002559286361692 0.000403660237846
85 8 16.932019389799990 9.775705435000003 9.666531706799999 -0.001834269905759 -0.001085343929444 0.002498308749257
93 8 13.757112196700007 7.942669457500004 12.258833442600000 0.001864245958822 0.001221688232527 0.001811555792612
101 8 15.344565511000003 7.026158843900003 9.666525792999996 0.000459791923111 0.001973984997913 0.003152583142099
109 8 13.757110162900005 9.775701616500001 9.666529521300001 0.001972754669006 -0.000634660478021 0.003173481954620
142 8 16.932022037700005 7.942686862000003 7.560553499600000 -0.001565722626126 0.000693484842689 -0.001914727071925
149 8 13.757108114200001 7.942663574800001 7.560546762400000 0.002738998966015 0.001555913693347 -0.000877435653138
159 8 15.344572253000006 10.692226291400004 7.560555002900000 -0.000096394420820 -0.001744105501485 -0.001957226476298
6 1 19.180701981300004 6.644402959900002 11.745737660500000 0.001965241202573 -0.000920525429385 -0.001731196995554
22 1 19.180699473400011 8.859196511800004 8.613540438400001 0.001476550449028 -0.000820607526146 -0.000171667362455
38 7 21.098768848300008 9.966594381700006 11.745734611600000 0.000974574712977 -0.000514400042698 -0.000908903231299
46 7 23.016851672800001 6.644396246400003 11.745727975299999 0.000059587507367 -0.001796578812517 -0.004657981511025
54 7 23.016852096999990 8.859188158300002 8.613540254699998 0.001968016531804 -0.005194232808731 -0.001577213844979
78 8 23.016857907999999 10.692224600700005 12.258847990200001 -0.000037652927760 -0.001820172343474 -0.001094972234984
94 8 21.429395566900006 7.942669457500004 12.258833442600000 0.000691679696282 0.001894513064399 -0.000559318614930
102 8 23.016848881199998 7.026158843900003 9.666525792999996 -0.000887945567944 0.005143828699421 0.004973332061698
110 8 21.429393533100001 9.775701616500001 9.666529521300001 0.000438082076004 0.000198804607832 0.002613970002371
126 8 19.180698912700002 9.240961061100004 11.232627459799998 -0.000945832997163 0.002041893832079 0.002107358660874
134 8 19.180709763900005 6.644398071300002 9.396583635799999 -0.003011643590949 0.001278309326243 0.001198392837234
150 8 21.429391484400004 7.942663574800001 7.560546762400000 -0.000216221347928 0.002253093114864 -0.003353978442403
160 8 23.016855623200005 10.692226291400004 7.560555002900000 -0.000136661798235 -0.000268596472714 -0.002159879919779
168 8 19.180723212599993 11.073986469400005 7.830487589900000 -0.000190280631910 0.000026463324506 -0.000229539008635
62 7 24.934923971800000 9.966587471600000 11.745738510299995 -0.001313510510239 -0.000471262350817 -0.002168808458162
70 8 24.604313256200005 7.942681828100003 12.258844262099997 -0.000671885925525 0.001613890483976 -0.000070262830218
86 8 24.604302759999996 9.775705435000003 9.666531706799999 -0.000800723824647 0.000424003521700 0.002953374925624
7 1 15.344560296200003 13.288795263500004 11.745737660500000 0.000326295694869 0.001918210003939 -0.001731210140916
15 1 17.262640612500000 12.181390680000009 8.613533801700001 -0.000076780013344 0.001597292020135 -0.000075308419908
23 1 15.344557788300000 15.503588815399999 8.613540438400001 0.003194304553138 0.021489095060082 -0.008491449582456
31 1 13.426487796399995 12.181395589400003 8.613538384300000 0.000516286969871 0.000046914987458 0.000506216721197
39 7 17.262627163200005 16.610986685300006 11.745734611600000 -0.001180739690614 0.000995606304309 -0.004885610865190
95 8 17.593253881800010 14.587061761100006 12.258833442600000 0.001860670170195 -0.000130226692158 -0.000559321565147
111 8 17.593251848000001 16.420093920100001 9.666529521300001 0.004044036100479 -0.003386718176326 0.004994187928992
119 8 17.593249127900002 11.990500490400001 11.232628962800000 0.001385025706583 -0.001879317204829 0.002070916465840
127 8 15.344557227600006 15.885353364700006 11.232627459799998 -0.000189113833427 0.001250647116033 0.003256325787308
135 8 15.344568078800005 13.288790374900007 9.396583635799999 -0.000378345931651 -0.003282635860528 0.001198383882429
143 8 13.095880352600002 14.587079165600008 7.560553499600000 -0.002587755484361 0.000509008770594 -0.006272434443273
151 8 17.593249799300004 14.587055878400003 7.560546762400000 0.001865125332334 -0.001351922469613 -0.003353936951792
175 8 13.095867367800004 11.990498335500007 11.232641519100001 -0.001372058084525 -0.002093942605301 0.002109644709756
8 1 23.016843666400000 13.288795263500004 11.745737660500000 -0.000078027365437 -0.000207717683326 -0.000394717939928
24 1 23.016841158500000 15.503588815399999 8.613540438400001 -0.000998125718462 0.000095536601047 0.000091340374389
32 1 21.098771166600002 12.181395589400003 8.613538384300000 0.000196717985815 -0.000049088795101 -0.000104137356106
47 7 19.180709987699998 13.288788550000005 11.745727975299999 -0.000170472084787 0.000824992767535 -0.000681259768163
55 7 19.180710411900002 15.503580461900007 8.613540254699998 -0.003757361247900 0.004722471917207 -0.001577193816544
63 7 21.098782286700004 16.610979775200004 11.745738510299995 -0.001307937692857 -0.000480872079974 -0.002168765328253
71 8 20.768171571100002 14.587074131700003 12.258844262099997 -0.001551602694328 0.000837498795770 -0.001082402981765
79 8 19.180716222899996 17.336616904300001 12.258847990200001 0.001074571985399 -0.001446510701468 -0.000082833566944
87 8 20.768161074900000 16.420097738599999 9.666531706799999 -0.000010367228926 -0.000944953750711 0.002953359362295
103 8 19.180707196099995 13.670551147500003 9.666525792999996 0.000414251230664 0.000228193355484 0.002593051989119
128 8 23.016840597800005 15.885353364700006 11.232627459799998 0.000441034882654 0.001988462930690 0.001760462000707
136 8 23.016851449000004 13.288790374900007 9.396583635799999 0.000189841459337 0.000086046297912 0.000173811677774
144 8 20.768163722800004 14.587079165600008 7.560553499600000 -0.000308043977125 -0.000079140411903 -0.002117379434757
176 8 20.768150737999996 11.990498335500007 11.232641519100001 -0.001635792751081 -0.000889408851316 0.001592810872305
16 1 24.934923982700003 12.181390680000009 8.613533801700001 -0.000520716175395 -0.001003921403420 0.000187709444901
40 7 24.934910533400007 16.610986685300006 11.745734611600000 0.000977015375725 -0.000518160803461 -0.000912405994324
48 7 26.852993357900004 13.288788550000005 11.745727975299999 -0.000172497104985 0.000828996870028 -0.000684772414270
56 7 26.852993782099993 15.503580461900007 8.613540254699998 0.001586184114148 0.001196456625032 0.002735598427151
64 7 28.771065656899999 16.610979775200004 11.745738510299995 0.001735234320090 0.001282524670810 -0.003018963626013
72 8 28.440454941300004 14.587074131700003 12.258844262099997 -0.002196734688117 -0.000392854712518 -0.000736776445121
80 8 26.852999593099998 17.336616904300001 12.258847990200001 -0.001425732283667 -0.001763698182041 -0.000749347533956
88 8 28.440444445099999 16.420097738599999 9.666531706799999 -0.005082009243732 -0.002960427863233 0.002960320992304
96 8 25.265537252000023 14.587061761100006 12.258833442600000 0.001599168445214 0.001068610583852 -0.001073283788845
104 8 26.852990566300001 13.670551147500003 9.666525792999996 -0.000064536127216 0.001557843418478 0.001485983539649
112 8 25.265535218199997 16.420093920100001 9.666529521300001 0.001350205249714 -0.000880670016028 0.001506878632372
120 8 25.265532498100001 11.990500490400001 11.232628962800000 0.002032185815878 -0.000651540053193 0.001724018384871
152 8 25.265533169500006 14.587055878400003 7.560546762400000 0.001793813295688 0.001010212855743 -0.002290119211019
