ITEM: TIMESTEP
0
ITEM: NUMBER OF ATOMS
176
ITEM: BOX BOUNDS xy xz yz pp pp pp
0.0000000000000000e+00 3.0689133480799999e+01 7.6722833701999980e+00
0.0000000000000000e+00 1.7718379476200003e+01 7.6722833702000024e+00
0.0000000000000000e+00 1.2528786279200000e+01 4.4295948690000015e+00
ITEM: ATOMS id type x y z fx fy fz
25 1 5.754204426199998 3.322205851300000 2.349145244699999 0.002989418320269 0.000507993647392 0.000378551686094
137 8 5.423596982400004 5.727889427500000 1.296160360000000 -0.002578459344970 0.001131561153288 -0.001710302082069
161 8 3.836156472199998 2.214796731300001 1.566094450300000 -0.001832637850127 0.000040476169561 -0.000038752437512
169 8 5.423583997600000 3.131308597400002 4.968248379499999 -0.002611692901180 -0.000879165054878 0.001664696617728
1 1 7.672276926000002 4.429605525400001 5.481344520900000 0.003441366444670 -0.000533309597821 -0.002943271186191
9 1 9.590357242299998 3.322200941900001 2.349140662099999 -0.003086751028023 0.005909934148776 0.004226704608514
41 7 11.508426617500000 4.429598811900002 5.481334835700000 -0.017789737875396 -0.000185958028943 -0.000571856771397
89 8 9.920970511600007 5.727872023000002 5.994440303000000 0.001299939282586 0.002766021667480 0.003763341799144
97 8 11.498423825900000 4.811361409400002 3.402132653400000 0.051411432093412 -0.000451223417898 -0.000009418583027
113 8 9.920965757699999 3.131310752300001 4.968235823200000 -0.000865975805056 -0.010886957238820 0.011805790507864
129 8 7.672284708600001 4.429600636800002 3.132190496199999 -0.005417981722901 0.000858276239897 0.000710640712808
145 8 9.920966429100000 5.727866140300000 1.296153622799999 -0.000943312571821 0.007447925510166 -0.014365721439139
153 8 7.672288882800000 1.833036553300000 1.296161863300000 -0.002975569755478 -0.004460501652500 -0.003506982676581
162 8 11.508439842400000 2.214796731300001 1.566094450300000 0.008109196066139 0.000656904561018 0.000397075991702
2 1 15.344560296200001 4.429605525400001 5.481344520900000 0.003418301814317 0.000196222521398 0.002697460506251
10 1 17.262640612500000 3.322200941900001 2.349140662099999 0.002525459203931 -0.000584171966946 -0.000365444490831
26 1 13.426487796400002 3.322205851300000 2.349145244699999 -0.001781678289683 -0.007444417435599 -0.005244512307868
65 8 13.095888200900001 5.727884393600002 5.994451122499998 -0.001498886800617 -0.000414227828283 -0.005307463844400
90 8 17.593253881800006 5.727872023000002 5.994440303000000 0.000811624559989 0.000950640632093 -0.001445364325125
114 8 17.593249127900009 3.131310752300001 4.968235823200000 0.000681057140223 -0.000597582978011 0.001091662630265
130 8 15.344568078800005 4.429600636800002 3.132190496199999 -0.005190475449562 -0.001254582287631 -0.000783365289329
138 8 13.095880352600009 5.727889427500000 1.296160360000000 -0.004389729918283 -0.006122813172719 0.011011643382873
146 8 17.593249799300011 5.727866140300000 1.296153622799999 0.000603715166476 0.000776176033856 -0.001093115099120
154 8 15.344572252999999 1.833036553300000 1.296161863300000 -0.003130063199989 0.000940854606243 0.000312246143490
170 8 13.095867367800004 3.131308597400002 4.968248379499999 -0.004422406096154 0.008696639468857 -0.009414900088688
42 7 19.180709987699998 4.429598811900002 5.481334835700000 0.001678790083826 0.000103983838378 0.000260464186607
66 8 20.768171571100002 5.727884393600002 5.994451122499998 -0.002647013538675 0.000830119480803 -0.001294730307027
98 8 19.180707196099995 4.811361409400002 3.402132653400000 -0.000889930726596 0.001778545223504 0.001567574025652
3 1 11.508418611100000 11.073997829000001 5.481344520900000 -0.000130685495772 -0.000189968385848 -0.000067253614712
17 1 7.672274418099999 6.644399077300000 2.349147298800000 0.003399954905494 -0.002917626088148 0.000499445227721
27 1 9.590346111300001 9.966598154900002 2.349145244699999 -0.000211980906991 -0.001523449121820 0.000269241363173
33 7 9.590343793000001 7.751796947200008 5.481341472000000 -0.000670678810215 -0.003285911998255 -0.002268179783597
49 7 11.508427041700001 6.644390723800001 2.349147115100000 -0.017748552701469 -0.000593695309947 0.000068205619088
73 8 11.508432852700000 8.477427166200002 5.994454850600000 0.001444570616227 -0.001708502818155 -0.001283552243926
105 8 9.920968477800001 7.560904182000002 3.402136381700000 0.001278770054386 0.004507149002069 0.001467329572648
121 8 7.672273857400003 7.026163626600007 4.968234320200000 -0.000778097136965 0.002907160202842 0.002143652887237
131 8 11.508426393700001 11.073992940400007 3.132190496199999 0.000460516447729 0.000142773293056 0.000144815224930
155 8 11.508430567899998 8.477428856900005 1.296161863300000 -0.000023253100928 -0.001604413283398 -0.001865403813842
163 8 7.672298157300000 8.859189034900005 1.566094450300000 -0.000515004362489 0.001300563967107 -0.000374136485465
171 8 9.259725682700001 9.775700901000002 4.968248379499999 -0.001968629959294 0.000545606163751 0.001578443130792
11 1 13.426498927399999 9.966593245500007 2.349140662099999 -0.000430034408695 0.001705758505596 -0.000356688469884
18 1 15.344557788300000 6.644399077300000 2.349147298800000 0.003377040537023 0.002643666340112 -0.000692925752399
28 1 17.262629481500003 9.966598154900002 2.349145244699999 0.000616163181421 0.000661256623058 0.000033810605738
34 7 17.262627163200005 7.751796947200008 5.481341472000000 0.001479713160931 0.000668545395800 0.000528067377901
43 7 15.344568302600003 11.073991115500002 5.481334835700000 0.000439104847069 0.001188551868139 0.000373004086343
57 7 13.426498916499998 7.751790037100004 5.481345370700000 -0.000369764832273 0.004461217451407 0.003033449134340
81 8 13.095877704700001 7.560908000500002 3.402138567200000 -0.001347915193692 -0.004983583250014 0.001702893655905
99 8 15.344565510999997 11.455753713000002 3.402132653400000 -0.000201292989656 0.000795613525912 0.001860447695147
106 8 17.593251848000001 7.560904182000002 3.402136381700000 0.000790412608893 -0.001008806907879 0.001492048019513
115 8 13.757107442799997 9.775703055900001 4.968235823200000 0.001500236945995 -0.001981597304742 0.001167782470381
122 8 15.344557227600001 7.026163626600007 4.968234320200000 -0.000389730132669 0.001001765542205 0.000796287861006
164 8 15.344581527500001 8.859189034900005 1.566094450300000 -0.000490839354126 -0.001209508465834 0.000273356172467
172 8 16.932009052900014 9.775700901000002 4.968248379499999 -0.001673078270353 -0.001296647452482 0.001362154525247
4 1 19.180701981300000 11.073997829000001 5.481344520900000 -0.000045713716237 -0.000063979455982 -0.000086115583502
12 1 21.098782297600000 9.966593245500007 2.349140662099999 0.000283142312151 -0.000690358428066 -0.000011615436075
44 7 23.016851672799998 11.073991115500002 5.481334835700000 0.000366525169995 -0.001119318768761 0.000165677758093
50 7 19.180710411899998 6.644390723800001 2.349147115100000 0.001719165953368 0.000286941737107 0.000064454122708
58 7 21.098782286699997 7.751790037100004 5.481345370700000 0.001002699486525 -0.000522580983571 -0.000490739248746
74 8 19.180716222899989 8.477427166200002 5.994454850600000 -0.001096201868120 -0.001923672218911 -0.001435688263719
82 8 20.768161074900000 7.560908000500002 3.402138567200000 -0.002495991751252 -0.000785385970247 0.001538485863978
100 8 23.016848881199998 11.455753713000002 3.402132653400000 -0.000228568469407 0.002844347558935 0.001377635201516
116 8 21.429390813000008 9.775703055900001 4.968235823200000 0.001706845231225 -0.000312507580305 0.001375011688316
132 8 19.180709763900005 11.073992940400007 3.132190496199999 -0.000043396989299 0.000048533186532 0.000095769697070
156 8 19.180713938099998 8.477428856900005 1.296161863300000 -0.000397823930007 -0.001797637111458 -0.001635343528296
19 1 11.508416103199997 13.288791380900006 2.349147298800000 0.000860168957946 -0.000135573462946 -0.000152797098721
123 8 11.508415542500002 13.670555930200003 4.968234320200000 -0.000526582250342 0.001397144792114 0.001097923114557
139 8 9.259738667499999 12.372281731100001 1.296160360000000 -0.002156133919660 0.001688141585431 -0.001156943640781
35 7 13.426485478100000 14.396189250800001 5.481341472000000 0.001364987576000 0.000593227511229 -0.000458981997415
51 7 15.344568726800000 13.288783027399999 2.349147115100000 0.000961974244009 0.002991557338483 0.000186574762896
59 7 17.262640601600001 14.396182340700005 5.481345370700000 -0.000796060285822 0.005867368365654 -0.001969320754105
67 8 16.932029885999999 12.372276697200000 5.994451122499998 -0.001923313791468 -0.000959758742237 -0.001023901774674
75 8 15.344574537799998 15.121819469800011 5.994454850600000 -0.001379249356358 -0.002857299587249 -0.000933818722054
83 8 16.932019389799994 14.205300304100005 3.402138567200000 -0.001550344797771 -0.003620778676652 0.001963086808250
91 8 13.757112196700003 12.372264326600002 5.994440303000000 0.001490802922450 0.000495758802894 -0.001282627049835
107 8 13.757110162900000 14.205296485600002 3.402136381700000 0.001117516520717 -0.001241694809826 0.001798329009377
140 8 16.932022037700008 12.372281731100001 1.296160360000000 -0.001074530706954 0.000467565455802 -0.001587938525148
147 8 13.757108114200003 12.372258443900009 1.296153622799999 0.000968147538633 0.000326726704201 -0.001382979270028
20 1 19.180699473400008 13.288791380900006 2.349147298800000 -0.001812425205084 0.000047637859142 -0.000004030450142
36 7 21.098768848300001 14.396189250800001 5.481341472000000 -0.000378203377733 -0.005790706323207 0.001994392292757
52 7 23.016852096999997 13.288783027399999 2.349147115100000 0.000967648737784 -0.002394756711508 0.000072341128165
76 8 23.016857907999988 15.121819469800011 5.994454850600000 -0.001551210699257 -0.001061880955488 -0.001934787096511
92 8 21.429395566900006 12.372264326600002 5.994440303000000 0.001415708618822 0.002832630395708 -0.001750552095560
108 8 21.429393533100004 14.205296485600002 3.402136381700000 0.001274769901888 0.002225034028986 0.001020706129865
124 8 19.180698912699995 13.670555930200003 4.968234320200000 0.002423284195295 0.002004920041295 0.001333408576981
148 8 21.429391484400018 12.372258443900009 1.296153622799999 0.002024334945658 0.001696004222266 -0.000948607780842
60 7 24.934923971800007 14.396182340700005 5.481345370700000 0.001168885651935 -0.000681307144737 0.000311178012925
68 8 24.604313256200001 12.372276697200000 5.994451122499998 -0.001903301774494 0.001240954909163 -0.001476354088632
84 8 24.604302760000003 14.205300304100005 3.402138567200000 -0.002168015039407 -0.000636821445326 0.001218496883587
29 1 9.590346111300004 5.537003285800003 8.613538384300000 -0.000211964474045 -0.000272223151282 -0.001500258172078
157 8 11.508430567900000 4.047833987800002 7.560555002900000 -0.000023197484022 -0.001960789498494 -0.001361138325196
165 8 7.672298157300002 4.429594165800001 7.830487589900000 -0.000515012369513 0.000144302154914 0.001261079539925
173 8 9.259725682700003 5.346106031900003 11.232641519100001 -0.002189376848368 -0.000171927076842 0.002004984195631
13 1 13.426498927400001 5.536998376400002 8.613533801700001 -0.000430037743320 0.000187389282305 0.001790563787831
30 1 17.262629481500003 5.537003285800003 8.613538384300000 0.000616148076047 0.000234053267817 0.000637958116135
117 8 13.757107442800002 5.346108186800002 11.232628962800000 0.001045474526242 -0.001020701506957 0.000764547027989
166 8 15.344581527500001 4.429594165800001 7.830487589900000 -0.000490792308964 -0.000081922205510 -0.001321249384831
174 8 16.932009052900007 5.346106031900003 11.232641519100001 -0.001107779371271 -0.000985130819688 0.000997882634329
14 1 21.098782297600003 5.536998376400002 8.613533801700001 0.000283140374384 -0.000285968692579 -0.000583505799567
118 8 21.429390813000005 5.346108186800002 11.232628962800000 0.002101650372714 -0.000154721099840 0.001910710177034
158 8 19.180713938100002 4.047833987800002 7.560555002900000 -0.000397817337430 -0.001808238503290 -0.001620352460330
5 1 11.508418611100007 6.644402959900002 11.745737660500000 0.000901584041473 -0.000220893760654 -0.000102878262012
21 1 11.508416103199998 8.859196511800004 8.613540438400001 -0.000172088567989 -0.000091691749044 -0.000135520791740
125 8 11.508415542500003 9.240961061100004 11.232627459799998 -0.000526548310885 0.001417942700945 0.001068539864600
133 8 11.508426393700002 6.644398071300002 9.396583635799999 0.000460512292631 0.000086283913270 0.000224742653692
141 8 9.259738667500002 7.942686862000003 7.560553499600000 -0.001935355698994 0.001525164339974 -0.000338287027784
167 8 11.508439842400001 11.073986469400005 7.830487589900000 -0.000140237025855 0.000098433952907 0.000002229521919
37 7 13.426485478099996 9.966594381700006 11.745734611600000 0.001365015135248 -0.000287174287697 0.000786088862348
45 7 15.344568302600001 6.644396246400003 11.745727975299999 0.000921618630133 0.001120677025452 0.002769660927185
53 7 15.344568726799995 8.859188158300002 8.613540254699998 0.000479461305079 0.000754558026694 0.001049479666295
61 7 17.262640601600001 9.966587471600000 11.745738510299995 -0.000796117076259 0.000213352867958 0.006026675716572
69 8 16.932029886000002 7.942681828100003 12.258844262099997 -0.001701330988398 0.000285304908058 -0.004109571473561
77 8 15.344574537800005 10.692224600700005 12.258847990200001 -0.001379274625032 -0.001761719751263 -0.002483228266267
85 8 16.932019389799990 9.775705435000003 9.666531706799999 -0.001772284806774 -0.001126666312145 -0.000239277876872
93 8 13.757112196700007 7.942669457500004 12.258833442600000 0.001138725155078 0.001161769317029 -0.001767032092363
101 8 15.344565511000003 7.026158843900003 9.666525792999996 -0.000201282923639 0.001727028262287 0.000543248407588
109 8 13.757110162900005 9.775701616500001 9.666529521300001 0.001469598202046 -0.001006998001531 0.001008936794450
142 8 16.932022037700005 7.942686862000003 7.560553499600000 -0.001639829076219 0.000707159147173 -0.002003048508312
149 8 13.757108114200001 7.942663574800001 7.560546762400000 0.001422934805829 0.000386630539090 -0.002423361574560
159 8 15.344572253000006 10.692226291400004 7.560555002900000 -0.000177814593730 -0.002043048515253 -0.001797637509342
6 1 19.180701981300004 6.644402959900002 11.745737660500000 -0.001771045557566 -0.000019571434189 0.000020259999997
22 1 19.180699473400011 8.859196511800004 8.613540438400001 -0.000087125152835 -0.000067465923799 -0.000010445451260
38 7 21.098768848300008 9.966594381700006 11.745734611600000 -0.000378230880577 -0.000102073857823 -0.006050685030170
46 7 23.016851672800001 6.644396246400003 11.745727975299999 0.000927319897502 -0.000782520009664 -0.002270486407216
54 7 23.016852096999990 8.859188158300002 8.613540254699998 0.000406873125608 -0.000210192500055 -0.001057293740406
78 8 23.016857907999999 10.692224600700005 12.258847990200001 -0.001551276261891 -0.002106958569777 -0.000456749506838
94 8 21.429395566900006 7.942669457500004 12.258833442600000 0.001295928919823 0.001584244870834 0.001760706459615
102 8 23.016848881199998 7.026158843900003 9.666525792999996 -0.000228577023498 0.001954747203454 0.002635731059582
110 8 21.429393533100001 9.775701616500001 9.666529521300001 0.001394512634450 -0.000669202518690 0.003368194265438
126 8 19.180698912700002 9.240961061100004 11.232627459799998 0.002423276516512 0.001842515967287 0.001563107788102
134 8 19.180709763900005 6.644398071300002 9.396583635799999 -0.000043399086455 0.000008621484519 0.000152235274919
150 8 21.429391484400004 7.942663574800001 7.560546762400000 0.001629533661296 0.001138348923808 -0.000918798057884
160 8 23.016855623200005 10.692226291400004 7.560555002900000 -0.000193045669179 -0.001530831111979 -0.001435430875793
168 8 19.180723212599993 11.073986469400005 7.830487589900000 0.000112626100977 0.000115759175539 0.000014488075658
62 7 24.934923971800000 9.966587471600000 11.745738510299995 0.001168923380699 0.000180546710817 -0.000907674504546
70 8 24.604313256200005 7.942681828100003 12.258844262099997 -0.002319042351460 0.000577951383153 -0.001048000119915
86 8 24.604302759999996 9.775705435000003 9.666531706799999 -0.001752298390310 -0.000819660990929 0.001986380542685
7 1 15.344560296200003 13.288795263500004 11.745737660500000 0.000365486993081 -0.000890514330697 0.000394080439145
15 1 17.262640612500000 12.181390680000009 8.613533801700001 -0.000327357131969 0.000185879934052 0.000179062966635
23 1 15.344557788300000 15.503588815399999 8.613540438400001 0.000324087153479 0.000109755175977 -0.000949777664467
31 1 13.426487796399995 12.181395589400003 8.613538384300000 0.000407857767576 0.000059192226949 0.000061207860615
39 7 17.262627163200005 16.610986685300006 11.745734611600000 0.000331114972436 -0.000786139436420 -0.000500540047203
95 8 17.593253881800010 14.587061761100006 12.258833442600000 0.001797505116789 0.001206033709209 -0.001515109282054
111 8 17.593251848000001 16.420093920100001 9.666529521300001 0.001776300047181 -0.000989425517562 0.001756117309362
119 8 17.593249127900002 11.990500490400001 11.232628962800000 0.002304139063773 0.000207944959939 0.000782775358785
127 8 15.344557227600006 15.885353364700006 11.232627459799998 0.000162809818318 0.001666413463511 0.001266306768284
135 8 15.344568078800005 13.288790374900007 9.396583635799999 -0.000119240524807 -0.000026257905649 0.000085217343854
143 8 13.095880352600002 14.587079165600008 7.560553499600000 -0.001911525233579 0.000784820740295 -0.001091715700189
151 8 17.593249799300004 14.587055878400003 7.560546762400000 0.002226798156222 0.000753447784867 -0.000230707999125
175 8 13.095867367800004 11.990498335500007 11.232641519100001 -0.001944767583030 -0.000411535201510 0.001131584707931
8 1 23.016843666400000 13.288795263500004 11.745737660500000 0.000326734260815 0.000219714748136 -0.000673861477680
24 1 23.016841158500000 15.503588815399999 8.613540438400001 0.000285311660459 -0.000527018836191 0.000452917190896
32 1 21.098771166600002 12.181395589400003 8.613538384300000 0.000005969563442 -0.000199345240591 -0.000121617271734
47 7 19.180709987699998 13.288788550000005 11.745727975299999 -0.001521196672201 -0.000048761988980 0.000244114390536
55 7 19.180710411900002 15.503580461900007 8.613540254699998 -0.001480815961521 0.000220659638277 -0.000074210914427
63 7 21.098782286700004 16.610979775200004 11.745738510299995 0.000262383025035 0.000580513816132 0.000289286006580
71 8 20.768171571100002 14.587074131700003 12.258844262099997 -0.001549232259498 0.000489810255011 -0.001445669392606
79 8 19.180716222899996 17.336616904300001 12.258847990200001 -0.000531977261309 -0.001885544487753 -0.001408724883344
87 8 20.768161074900000 16.420097738599999 9.666531706799999 -0.001398200816562 -0.001041131788867 0.001267999057643
103 8 19.180707196099995 13.670551147500003 9.666525792999996 0.000451476134380 0.001772185758537 0.001563085061028
128 8 23.016840597800005 15.885353364700006 11.232627459799998 0.000116705822170 0.000619556946405 0.000525977684143
136 8 23.016851449000004 13.288790374900007 9.396583635799999 -0.000154136945782 0.000262051745127 0.000289090435649
144 8 20.768163722800004 14.587079165600008 7.560553499600000 -0.001056865951843 0.000957893066146 -0.002629344781790
176 8 20.768150737999996 11.990498335500007 11.232641519100001 -0.001090105825817 -0.001803593201494 0.001807361472520
16 1 24.934923982700003 12.181390680000009 8.613533801700001 0.000059838198262 -0.000118636304480 -0.000036265924014
40 7 24.934910533400007 16.610986685300006 11.745734611600000 -0.000203683969920 0.000455271556697 0.000377273166193
48 7 26.852993357900004 13.288788550000005 11.745727975299999 0.000324459676769 0.000115968910353 0.000258389569452
56 7 26.852993782099993 15.503580461900007 8.613540254699998 0.000364801640712 0.000288974949987 0.000076443232757
64 7 28.771065656899999 16.610979775200004 11.745738510299995 -0.000313454200331 -0.000486575611274 -0.000465246328730
72 8 28.440454941300004 14.587074131700003 12.258844262099997 -0.001870076790093 0.000905395232784 -0.001477935173903
80 8 26.852999593099998 17.336616904300001 12.258847990200001 0.000233958867169 -0.001781839308558 -0.001335402267787
88 8 28.440444445099999 16.420097738599999 9.666531706799999 -0.001719059813261 -0.000933010228721 0.001670525703858
96 8 25.265537252000023 14.587061761100006 12.258833442600000 0.001456607048452 0.000741760648611 -0.001419083738131
104 8 26.852990566300001 13.670551147500003 9.666525792999996 -0.000119673335723 0.001799616087447 0.001582468614137
112 8 25.265535218199997 16.420093920100001 9.666529521300001 0.001435413400290 -0.001053644010009 0.001286354927095
120 8 25.265532498100001 11.990500490400001 11.232628962800000 0.001295885124106 -0.000871247582025 0.001558513271214
152 8 25.265533169500006 14.587055878400003 7.560546762400000 0.001218568630393 0.001125108194379 -0.001506734814501
