ITEM: TIMESTEP
0
ITEM: NUMBER OF ATOMS
176
ITEM: BOX BOUNDS xy xz yz pp pp pp
0.0000000000000000e+00 3.0689133480799999e+01 7.6722833701999980e+00
0.0000000000000000e+00 1.7718379476200003e+01 7.6722833702000024e+00
0.0000000000000000e+00 1.2528786279200000e+01 4.4295948690000015e+00
ITEM: ATOMS id type x y z fx fy fz
25 1 5.754204426199998 3.322205851300000 2.349145244699999 -0.003937888489571 -0.001375586562241 0.000100671551797
137 8 5.423596982400004 5.727889427500000 1.296160360000000 0.000179627855172 0.000066246759972 -0.001979796292806
161 8 3.836156472199998 2.214796731300001 1.566094450300000 0.001176663790952 0.000820866564502 0.000150473295505
169 8 5.423583997600000 3.131308597400002 4.968248379499999 -0.000650396585310 -0.000653088701811 0.000370745223171
1 1 7.672276926000002 4.429605525400001 5.481344520900000 0.000251671124306 0.001045580639104 0.003626685340742
9 1 9.590357242299998 3.322200941900001 2.349140662099999 0.005048613581591 -0.006468703989981 0.008924459497088
41 7 11.508426617500000 4.429598811900002 5.481334835700000 0.001857793976882 0.003065082743178 -0.000776777930101
89 8 9.920970511600007 5.727872023000002 5.994440303000000 0.000807691831674 -0.000670345133637 -0.000941860589757
97 8 11.508423825899998 4.811361409400002 3.402132653400000 -0.004678859735450 -0.009995881439879 0.004083752718558
113 8 9.920965757699999 3.131310752300001 4.968235823200000 0.000057178677788 -0.001365380914054 -0.002176618892064
129 8 7.672284708600001 4.429600636800002 3.132190496199999 0.008136692397427 -0.000030776790536 -0.006925494931017
145 8 9.925966429100017 5.736526394337836 1.296153622799999 -0.061748395852011 -0.065007383375550 -0.051535662898659
153 8 7.672288882800000 1.833036553300000 1.296161863300000 0.002642200241238 0.001611639530251 -0.001486160810559
162 8 11.508439842400000 2.214796731300001 1.566094450300000 -0.006296439825277 0.002794001238655 0.001088688975441
2 1 15.344560296200001 4.429605525400001 5.481344520900000 -0.000880763729306 0.000553373772101 -0.000860748538957
10 1 17.262640612500000 3.322200941900001 2.349140662099999 -0.001226074299326 0.000429814860310 0.000122463648074
26 1 13.426487796400002 3.322205851300000 2.349145244699999 0.002078955253462 0.003885147955968 0.000353027232842
65 8 13.095888200900001 5.727884393600002 5.994451122499998 -0.001776737195090 -0.000552110371467 -0.000307257440090
90 8 17.593253881800006 5.727872023000002 5.994440303000000 0.001174945926793 0.000425453289914 -0.000389735083201
114 8 17.593249127900009 3.131310752300001 4.968235823200000 0.002157052459043 -0.000782914394012 0.001514810717954
130 8 15.344568078800005 4.429600636800002 3.132190496199999 0.000605048174148 -0.001422065285344 0.000436143205823
138 8 13.095880352600009 5.727889427500000 1.296160360000000 0.008333575709110 -0.004392233993094 -0.006033399109033
146 8 17.593249799300011 5.727866140300000 1.296153622799999 0.002897138132629 0.000768014408732 -0.001527588304582
154 8 15.344572252999999 1.833036553300000 1.296161863300000 -0.000025294854007 -0.001895410716290 -0.001656816380580
170 8 13.095867367800004 3.131308597400002 4.968248379499999 -0.001841003195091 -0.001471898710868 0.001464740772332
42 7 19.180709987699998 4.429598811900002 5.481334835700000 -0.001182691287385 0.000334978378245 0.000721245375347
66 8 20.768171571100002 5.727884393600002 5.994451122499998 -0.001212303753226 0.000311157291033 -0.001686709843926
98 8 19.180707196099995 4.811361409400002 3.402132653400000 0.001092699383961 0.001374668999700 0.000976757208998
3 1 11.508418611100000 11.073997829000001 5.481344520900000 -0.000107660175811 -0.001726585146323 -0.001411545177237
17 1 7.672274418099999 6.644399077300000 2.349147298800000 0.001762150371286 0.013022883786778 0.004073715275804
27 1 9.590346111300001 9.966598154900002 2.349145244699999 0.003814805721454 -0.004656145254313 -0.000256198876525
33 7 9.590343793000001 7.751796947200008 5.481341472000000 0.003663045360635 0.000674983461921 -0.007046171483483
49 7 11.508427041700001 6.644390723800001 2.349147115100000 0.020919120309285 0.022387603291901 0.010849294390010
73 8 11.508432852700000 8.477427166200002 5.994454850600000 -0.000271200967848 -0.001312314802414 0.000216965347121
105 8 9.920968477800001 7.560904182000002 3.402136381700000 -0.006559124491553 0.006650992292503 0.016984190520148
121 8 7.672273857400003 7.026163626600007 4.968234320200000 -0.001627203147641 0.000512609046561 0.000729371732236
131 8 11.508426393700001 11.073992940400007 3.132190496199999 -0.000001000664860 0.002184369105154 0.000762634442163
155 8 11.508430567899998 8.477428856900005 1.296161863300000 0.004556513503986 0.011805135938198 -0.005898602150363
163 8 7.672298157300000 8.859189034900005 1.566094450300000 -0.002578732821594 -0.001585342839741 0.000354924600755
171 8 9.259725682700001 9.775700901000002 4.968248379499999 -0.002699501499823 0.000345486306656 0.002472756742905
11 1 13.426498927399999 9.966593245500007 2.349140662099999 -0.003206694074227 -0.004581876711745 0.000030847419129
18 1 15.344557788300000 6.644399077300000 2.349147298800000 -0.004240519044707 0.000652747822068 0.000294047009645
28 1 17.262629481500003 9.966598154900002 2.349145244699999 -0.001045334044020 -0.001202420710419 0.000069712226476
34 7 17.262627163200005 7.751796947200008 5.481341472000000 -0.001232627962589 -0.000583533328908 -0.001018321285328
43 7 15.344568302600003 11.073991115500002 5.481334835700000 -0.001609582782862 -0.001578230769849 -0.000433258914724
57 7 13.426498916499998 7.751790037100004 5.481345370700000 -0.002556794714890 -0.000408806115190 -0.008911451025565
81 8 13.095877704700001 7.560908000500002 3.402138567200000 0.015249340938324 0.008791632571927 0.014095079918549
99 8 15.344565510999997 11.455753713000002 3.402132653400000 0.001178967623570 0.003829167911937 0.001193478933452
106 8 17.593251848000001 7.560904182000002 3.402136381700000 0.002953292462287 -0.000702833313561 0.001377103331378
115 8 13.757107442799997 9.775703055900001 4.968235823200000 0.002736380554591 0.001310475250116 0.002905985241467
122 8 15.344557227600001 7.026163626600007 4.968234320200000 0.002434129714267 0.001347829828236 0.002883905620485
164 8 15.344581527500001 8.859189034900005 1.566094450300000 0.001681649075435 0.000824569722419 -0.000764333966120
172 8 16.932009052900014 9.775700901000002 4.968248379499999 -0.001237882663065 -0.000467569689622 0.001436845589135
4 1 19.180701981300000 11.073997829000001 5.481344520900000 0.000225922353100 -0.000471312099554 0.000177241697348
12 1 21.098782297600000 9.966593245500007 2.349140662099999 0.000623283409695 0.000084341109903 0.000051185875182
44 7 23.016851672799998 11.073991115500002 5.481334835700000 0.000782634432492 -0.000707381074550 -0.000132383261463
50 7 19.180710411899998 6.644390723800001 2.349147115100000 -0.002165946036693 0.001063149125799 0.000132516903092
58 7 21.098782286699997 7.751790037100004 5.481345370700000 0.000559469485583 0.000899251965193 0.000402836284956
74 8 19.180716222899989 8.477427166200002 5.994454850600000 -0.000048528326378 -0.001730820851910 -0.001366865008065
82 8 20.768161074900000 7.560908000500002 3.402138567200000 -0.000620242900513 -0.001471939983236 0.000749772516085
100 8 23.016848881199998 11.455753713000002 3.402132653400000 -0.000521814323468 0.002177821994258 0.001550071206747
116 8 21.429390813000008 9.775703055900001 4.968235823200000 0.001539670605502 -0.001036274533041 0.001305407206580
132 8 19.180709763900005 11.073992940400007 3.132190496199999 -0.000319268322641 0.000789557890159 -0.000066648868905
156 8 19.180713938099998 8.477428856900005 1.296161863300000 0.000278535639480 -0.002102320324013 -0.001616753462592
19 1 11.508416103199997 13.288791380900006 2.349147298800000 -0.000496266962307 -0.001953360080073 0.000081005577103
123 8 11.508415542500002 13.670555930200003 4.968234320200000 0.000576449943002 0.002420696528328 0.001525000667678
139 8 9.259738667499999 12.372281731100001 1.296160360000000 -0.001951290984701 0.001630990728514 -0.001700772623278
35 7 13.426485478100000 14.396189250800001 5.481341472000000 -0.000605621239744 -0.001112686992489 0.000883013543468
51 7 15.344568726800000 13.288783027399999 2.349147115100000 -0.002211816551629 -0.004270494071362 0.000253156640517
59 7 17.262640601600001 14.396182340700005 5.481345370700000 0.000468183264963 -0.000990563213849 0.002913198099743
67 8 16.932029885999999 12.372276697200000 5.994451122499998 -0.001482827559811 0.001589695399431 -0.001993138809617
75 8 15.344574537799998 15.121819469800011 5.994454850600000 0.000154768596652 -0.001490806577514 -0.002112800558831
83 8 16.932019389799994 14.205300304100005 3.402138567200000 -0.000766854893968 0.004087271021972 -0.001124660763230
91 8 13.757112196700003 12.372264326600002 5.994440303000000 0.001454013289332 0.001456085817495 -0.000953971150688
107 8 13.757110162900000 14.205296485600002 3.402136381700000 0.002410889493151 0.000081275282996 0.000851587147808
140 8 16.932022037700008 12.372281731100001 1.296160360000000 -0.001650939391194 0.001801786633184 -0.001343424602005
147 8 13.757108114200003 12.372258443900009 1.296153622799999 0.002886713848635 0.002832441251023 -0.001262893925268
20 1 19.180699473400008 13.288791380900006 2.349147298800000 0.001368237670059 -0.002098391050821 0.000364506787988
36 7 21.098768848300001 14.396189250800001 5.481341472000000 0.000813986489781 0.000047913734372 0.000493116689865
52 7 23.016852096999997 13.288783027399999 2.349147115100000 0.000743591128708 -0.000349837777320 -0.000240357561548
76 8 23.016857907999988 15.121819469800011 5.994454850600000 -0.000176511759707 -0.001780292314586 -0.001417220898392
92 8 21.429395566900006 12.372264326600002 5.994440303000000 0.000894567819255 0.001100296590250 -0.001135534388043
108 8 21.429393533100004 14.205296485600002 3.402136381700000 0.000904546801980 -0.000797605384728 0.001378563493792
124 8 19.180698912699995 13.670555930200003 4.968234320200000 -0.000483893755827 0.002142137327909 0.000950405218977
148 8 21.429391484400018 12.372258443900009 1.296153622799999 0.001236035644298 0.001228365133341 -0.001379087981425
60 7 24.934923971800007 14.396182340700005 5.481345370700000 -0.000272123139964 -0.000159515142579 -0.000052788192361
68 8 24.604313256200001 12.372276697200000 5.994451122499998 -0.001590296464647 0.001208456584608 -0.001226829774692
84 8 24.604302760000003 14.205300304100005 3.402138567200000 -0.001481899622404 -0.000661198664444 0.001513130213837
29 1 9.590346111300004 5.537003285800003 8.613538384300000 0.000392115983114 0.000149601500175 -0.000338342891018
157 8 11.508430567900000 4.047833987800002 7.560555002900000 -0.000134337112421 -0.002023977906924 -0.001506055682033
165 8 7.672298157300002 4.429594165800001 7.830487589900000 -0.000236154772857 0.000003378805287 -0.000844322586716
173 8 9.259725682700003 5.346106031900003 11.232641519100001 -0.001560425848250 -0.000367467522564 0.001204417980815
13 1 13.426498927400001 5.536998376400002 8.613533801700001 -0.000793961310047 -0.000224701753265 -0.001182343558302
30 1 17.262629481500003 5.537003285800003 8.613538384300000 0.000079175632244 -0.000833207921527 -0.001019604860208
117 8 13.757107442800002 5.346108186800002 11.232628962800000 0.003948796677201 0.001380330407262 0.002088286968453
166 8 15.344581527500001 4.429594165800001 7.830487589900000 0.000398220060169 0.000371985900627 0.000346635148310
174 8 16.932009052900007 5.346106031900003 11.232641519100001 -0.002174622447218 0.001960199623432 0.002294473531599
14 1 21.098782297600003 5.536998376400002 8.613533801700001 0.000293324572313 -0.000050227851334 0.000012516262671
118 8 21.429390813000005 5.346108186800002 11.232628962800000 0.001194219421756 -0.000660184983063 0.001360215236292
158 8 19.180713938100002 4.047833987800002 7.560555002900000 -0.000120169667681 -0.001726673371410 -0.001673747605347
5 1 11.508418611100007 6.644402959900002 11.745737660500000 -0.000966730425577 -0.000636668523795 -0.000430369835334
21 1 11.508416103199998 8.859196511800004 8.613540438400001 -0.000411166226277 -0.000302533486585 -0.001392742686623
125 8 11.508415542500003 9.240961061100004 11.232627459799998 0.001603841729998 0.001932532216632 0.001732369565763
133 8 11.508426393700002 6.644398071300002 9.396583635799999 0.000237198814107 -0.000019779290717 0.000557231312821
141 8 9.259738667500002 7.942686862000003 7.560553499600000 -0.002083623335701 0.000850716946261 0.000286345104401
167 8 11.508439842400001 11.073986469400005 7.830487589900000 0.000178364103968 0.000356079098251 0.000489262886450
37 7 13.426485478099996 9.966594381700006 11.745734611600000 -0.003924756003949 0.000230479571829 -0.002053786620314
45 7 15.344568302600001 6.644396246400003 11.745727975299999 -0.007174986781923 -0.006089018989203 -0.003785422064742
53 7 15.344568726799995 8.859188158300002 8.613540254699998 -0.001771742544719 0.000037732011689 -0.002984596351534
61 7 17.262640601600001 9.966587471600000 11.745738510299995 0.008405976264030 0.015303498038873 -0.003183208583423
69 8 16.932029886000002 7.942681828100003 12.258844262099997 0.002891050219813 0.015717084163026 0.013789525126461
77 8 15.344574537800005 10.692224600700005 12.258847990200001 0.005313149310100 -0.007968985566419 0.003333690857952
85 8 16.932019389799990 9.775705435000003 9.666531706799999 -0.000429228120164 -0.000271285410014 0.007340915372577
93 8 13.757112196700007 7.942669457500004 12.258833442600000 0.003549599354274 0.000920997564655 -0.000818457971504
101 8 15.344565511000003 7.026158843900003 9.666525792999996 0.000787063573579 0.001884644579718 0.003773514369470
109 8 13.757110162900005 9.775701616500001 9.666529521300001 0.002158797661415 -0.000861340556017 0.002738937126467
142 8 16.932022037700005 7.942686862000003 7.560553499600000 -0.001816121427778 0.001007641466919 -0.000619819545428
149 8 13.757108114200001 7.942663574800001 7.560546762400000 0.003014824538769 0.001470143336072 0.001387357624610
159 8 15.344572253000006 10.692226291400004 7.560555002900000 0.000161895699308 -0.002295035780986 -0.000854524582506
6 1 19.180701981300004 6.644402959900002 11.745737660500000 0.004414118586100 -0.001669515910121 -0.002341307513018
22 1 19.180699473400011 8.859196511800004 8.613540438400001 0.001154111810369 0.000315928503520 -0.000893334467486
38 7 21.098768848300008 9.966594381700006 11.745734611600000 0.000650792848863 0.003313938323358 0.005693259526190
46 7 23.016851672800001 6.644396246400003 11.745727975299999 -0.000123717522768 0.000376104471267 0.000443687262150
54 7 23.016852096999990 8.859188158300002 8.613540254699998 0.000110644063076 0.000423594435083 -0.000282242814794
78 8 23.016857907999999 10.692224600700005 12.258847990200001 0.001315774926810 -0.002130533707529 -0.002396487052216
94 8 21.429395566900006 7.942669457500004 12.258833442600000 0.001268591826775 -0.000936024114514 -0.001791297394464
102 8 23.016848881199998 7.026158843900003 9.666525792999996 0.000032167921172 0.001575247576267 0.001575518012075
110 8 21.429393533100001 9.775701616500001 9.666529521300001 0.001432767441872 -0.001294065571668 0.000512603903340
126 8 19.180698912700002 9.240961061100004 11.232627459799998 -0.003606297384548 -0.000028745091209 0.001043124867444
134 8 19.180709763900005 6.644398071300002 9.396583635799999 -0.000611735925497 -0.000078048101448 0.001033164607243
150 8 21.429391484400004 7.942663574800001 7.560546762400000 0.001504047078507 0.000852638583987 -0.001421026353504
160 8 23.016855623200005 10.692226291400004 7.560555002900000 -0.000071015612680 -0.001744423331007 -0.001475177567050
168 8 19.180723212599993 11.073986469400005 7.830487589900000 -0.000231093638687 -0.000276485429299 -0.000169350583434
62 7 24.934923971800000 9.966587471600000 11.745738510299995 -0.001836239959854 0.000769314832416 0.000463777804218
70 8 24.604313256200005 7.942681828100003 12.258844262099997 -0.001384573636661 0.000493579846996 -0.001521437700647
86 8 24.604302759999996 9.775705435000003 9.666531706799999 -0.001354522787494 -0.000964980708845 0.001531515339395
7 1 15.344560296200003 13.288795263500004 11.745737660500000 0.002261277370767 0.001378930874636 0.000465011587722
15 1 17.262640612500000 12.181390680000009 8.613533801700001 0.000408586550926 0.000953939191047 0.000809346115543
23 1 15.344557788300000 15.503588815399999 8.613540438400001 0.000204724987783 -0.000187866666270 0.000555179162325
31 1 13.426487796399995 12.181395589400003 8.613538384300000 -0.000107384824641 0.000216021713214 -0.000401147778613
39 7 17.262627163200005 16.610986685300006 11.745734611600000 0.000587324022146 -0.001660230273555 0.000729493899340
95 8 17.593253881800010 14.587061761100006 12.258833442600000 0.000114520966058 0.002956736214064 -0.002469099205433
111 8 17.593251848000001 16.420093920100001 9.666529521300001 0.001479763644245 -0.000677728635320 0.001162019730816
119 8 17.593249127900002 11.990500490400001 11.232628962800000 -0.000550913556630 -0.002417391670628 -0.003508408637953
127 8 15.344557227600006 15.885353364700006 11.232627459799998 -0.000291467512483 0.002055048435514 0.001282510743965
135 8 15.344568078800005 13.288790374900007 9.396583635799999 -0.000445572534226 -0.000122773457729 -0.000269189338626
143 8 13.095880352600002 14.587079165600008 7.560553499600000 -0.001524383051938 0.000843322172482 -0.001894687521118
151 8 17.593249799300004 14.587055878400003 7.560546762400000 0.001462068083183 0.001121340278324 -0.002472809425572
175 8 13.095867367800004 11.990498335500007 11.232641519100001 -0.000799375767382 -0.002200060965214 0.001811404940837
8 1 23.016843666400000 13.288795263500004 11.745737660500000 -0.001442428940581 -0.000849939242028 0.000980664801192
24 1 23.016841158500000 15.503588815399999 8.613540438400001 -0.000145150368764 -0.000436611917672 -0.000070533717958
32 1 21.098771166600002 12.181395589400003 8.613538384300000 0.000088962758366 0.000030467132273 0.001027124292336
47 7 19.180709987699998 13.288788550000005 11.745727975299999 -0.000539885458947 -0.002771932745402 0.008602896034524
55 7 19.180710411900002 15.503580461900007 8.613540254699998 0.000045335207821 -0.000424714654909 0.000766501484852
63 7 21.098782286700004 16.610979775200004 11.745738510299995 -0.001205055329368 -0.002614210937617 0.000568911441647
71 8 20.768171571100002 14.587074131700003 12.258844262099997 -0.000173059925736 0.003111403277646 -0.002622562632894
79 8 19.180716222899996 17.336616904300001 12.258847990200001 0.000095834447954 -0.001211181261027 -0.001505950436117
87 8 20.768161074900000 16.420097738599999 9.666531706799999 -0.001343993237672 -0.000452796612925 0.001341086230712
103 8 19.180707196099995 13.670551147500003 9.666525792999996 0.000019759260048 0.002452293788667 -0.000671206353256
128 8 23.016840597800005 15.885353364700006 11.232627459799998 0.000901841608597 0.002710960997307 0.001325576614352
136 8 23.016851449000004 13.288790374900007 9.396583635799999 0.000394788906801 0.000229002646286 -0.000405268559209
144 8 20.768163722800004 14.587079165600008 7.560553499600000 -0.001496595578855 0.000897412349080 -0.001988596022532
176 8 20.768150737999996 11.990498335500007 11.232641519100001 -0.000469875353706 -0.001212435496829 -0.000339513264351
16 1 24.934923982700003 12.181390680000009 8.613533801700001 -0.000356887192735 -0.000115839789410 -0.000056784873920
40 7 24.934910533400007 16.610986685300006 11.745734611600000 0.000082505931666 -0.002419509750082 -0.000375851128629
48 7 26.852993357900004 13.288788550000005 11.745727975299999 -0.000973418016807 0.000325929263748 0.000210980784729
56 7 26.852993782099993 15.503580461900007 8.613540254699998 -0.000057881102061 -0.000033230537704 -0.000173832413673
64 7 28.771065656899999 16.610979775200004 11.745738510299995 0.000936260775411 -0.000235564377711 -0.000218221480784
72 8 28.440454941300004 14.587074131700003 12.258844262099997 -0.001882384145948 0.000688182481335 -0.001478400147255
80 8 26.852999593099998 17.336616904300001 12.258847990200001 -0.000776143470130 -0.001065031234996 -0.001181326345200
88 8 28.440444445099999 16.420097738599999 9.666531706799999 -0.001745173185275 -0.000813274801684 0.001389344982936
96 8 25.265537252000023 14.587061761100006 12.258833442600000 0.001482826176038 0.001449092772301 -0.001118758778651
104 8 26.852990566300001 13.670551147500003 9.666525792999996 0.000275832046770 0.001720827096575 0.001459750637750
112 8 25.265535218199997 16.420093920100001 9.666529521300001 0.001513769646505 -0.000239892403524 0.001770932418018
120 8 25.265532498100001 11.990500490400001 11.232628962800000 0.002333650554606 -0.000791262751498 0.001236264928752
152 8 25.265533169500006 14.587055878400003 7.560546762400000 0.001872394006401 0.001175280885245 -0.001416788816349
