ITEM: TIMESTEP
0
ITEM: NUMBER OF ATOMS
176
ITEM: BOX BOUNDS xy xz yz pp pp pp
0.0000000000000000e+00 3.0689133480799999e+01 7.6722833701999980e+00
0.0000000000000000e+00 1.7718379476200003e+01 7.6722833702000024e+00
0.0000000000000000e+00 1.2528786279200000e+01 4.4295948690000015e+00
ITEM: ATOMS id type x y z fx fy fz
25 1 5.754204426199998 3.322205851300000 2.349145244699999 -0.002007881885269 -0.013845974069680 0.007395056167315
137 8 5.423596982400004 5.727889427500000 1.296160360000000 0.008264635519157 0.000143220835470 -0.005180507106962
161 8 3.836156472199998 2.214796731300001 1.566094450300000 0.001485834116806 0.001949175432973 -0.000131457714300
169 8 5.423583997600000 3.131308597400002 4.968248379499999 -0.002582634115695 -0.001437906567348 -0.000236337743272
1 1 7.672276926000002 4.429605525400001 5.481344520900000 0.003234094075294 0.014160723489009 -0.005961600189593
9 1 9.590357242299998 3.322200941900001 2.349140662099999 0.002967576192113 0.001875822818276 0.005198462106011
41 7 11.508426617500000 4.429598811900002 5.481334835700000 -0.004192513167291 0.004056717397004 -0.001129241809614
89 8 9.920970511600007 5.727872023000002 5.994440303000000 0.005113892883666 -0.003771256470003 0.002270003038747
97 8 11.508423825899998 4.811361409400002 3.402132653400000 0.001396869090774 -0.001352452168393 0.000785152488111
113 8 9.920965757699999 3.131310752300001 4.968235823200000 0.001765364321522 -0.002978330972571 0.000955535139318
129 8 7.672284708600001 4.429600636800002 3.132190496199999 -0.005100027663091 -0.002928170091830 -0.008209608659116
145 8 9.920966429100000 5.727866140300000 1.296153622799999 -0.006206690129206 -0.003629383529442 -0.014432961843617
153 8 7.672288882800000 1.833036553300000 1.296161863300000 -0.000974163360335 -0.000219067621293 -0.002870469766934
162 8 11.508439842400000 2.214796731300001 1.566094450300000 -0.000449493997356 -0.000130379654181 -0.000586445444953
2 1 15.344560296200001 4.429605525400001 5.481344520900000 -0.000955675813990 0.000168339229818 0.000021733589186
10 1 17.262640612500000 3.322200941900001 2.349140662099999 -0.002255743869594 -0.001312976227841 0.000948774940493
26 1 13.426487796400002 3.322205851300000 2.349145244699999 -0.000918183052768 0.000919053121294 0.000784409741740
65 8 13.095888200900001 5.727884393600002 5.994451122499998 -0.000308615654953 0.000560639831746 -0.000635564394037
90 8 17.593253881800006 5.727872023000002 5.994440303000000 0.001486468331092 0.001005255848233 -0.001546843011130
114 8 17.593249127900009 3.131310752300001 4.968235823200000 0.001911726173847 -0.000505944016524 0.000800109743356
130 8 15.344568078800005 4.429600636800002 3.132190496199999 0.001000869328671 -0.000153924254778 -0.000317608813972
138 8 13.095880352600009 5.727889427500000 1.296160360000000 0.001047840824159 -0.000713227834334 -0.003990248581209
146 8 17.593249799300011 5.727866140300000 1.296153622799999 0.004717657157950 0.001308867714168 -0.001253328371124
154 8 15.344572252999999 1.833036553300000 1.296161863300000 0.000390075259403 -0.001313943673527 -0.001861398702782
170 8 13.095867367800004 3.131308597400002 4.968248379499999 -0.000351504603752 -0.002080386570381 0.001251748295018
42 7 19.180709987699998 4.429598811900002 5.481334835700000 0.001944624383074 0.001185027215812 0.003650932185462
66 8 20.768171571100002 5.727884393600002 5.994451122499998 -0.006142927556607 -0.002324951995952 -0.000617647644541
98 8 19.180707196099995 4.811361409400002 3.402132653400000 0.002033495684892 0.003395044730559 -0.003186733016794
3 1 11.508418611100000 11.073997829000001 5.481344520900000 -0.002084938454721 -0.002970045476280 -0.001657899700728
17 1 7.667274418099950 6.641512325954079 2.340982332990743 0.030278078768119 0.017367573725930 0.049289842266435
27 1 9.590346111300001 9.966598154900002 2.349145244699999 -0.002063535776568 -0.013810135678014 0.007295410206826
33 7 9.590343793000001 7.751796947200008 5.481341472000000 -0.015225098055710 -0.009008698566514 -0.025255717782449
49 7 11.508427041700001 6.644390723800001 2.349147115100000 -0.015651687626532 0.009090407363990 0.012678198841333
73 8 11.508432852700000 8.477427166200002 5.994454850600000 0.005112683839555 0.000034465028985 0.001429120914396
105 8 9.920968477800001 7.560904182000002 3.402136381700000 0.011872685404938 -0.001336434991750 -0.001668192945171
121 8 7.672273857400003 7.026163626600007 4.968234320200000 -0.007713740409637 0.003693497994945 0.008512432582067
131 8 11.508426393700001 11.073992940400007 3.132190496199999 0.001566172409386 0.001836657245039 -0.000036134835230
155 8 11.508430567899998 8.477428856900005 1.296161863300000 0.001962944656283 -0.000186606045411 -0.006365129943414
163 8 7.672298157300000 8.859189034900005 1.566094450300000 -0.005169650472180 -0.002888288129606 -0.008276569423504
171 8 9.259725682700001 9.775700901000002 4.968248379499999 -0.001820139765100 0.005873342750817 0.003099299604794
11 1 13.426498927399999 9.966593245500007 2.349140662099999 -0.002253506724494 -0.001310269236032 0.000940906498241
18 1 15.344557788300000 6.644399077300000 2.349147298800000 -0.002595060890390 0.000482408718196 0.000750680749732
28 1 17.262629481500003 9.966598154900002 2.349145244699999 -0.000910259965432 0.000919769272827 0.000788745534965
34 7 17.262627163200005 7.751796947200008 5.481341472000000 0.000827236236785 0.000255124237856 0.000942579167833
43 7 15.344568302600003 11.073991115500002 5.481334835700000 -0.000871302038473 -0.000437365732397 -0.000941354062075
57 7 13.426498916499998 7.751790037100004 5.481345370700000 -0.004601856935031 0.000100608965353 -0.001976134175306
81 8 13.095877704700001 7.560908000500002 3.402138567200000 0.001365321015633 -0.000625627297448 0.001581793560653
99 8 15.344565510999997 11.455753713000002 3.402132653400000 0.000460739236014 0.002265655093107 0.001335851128982
106 8 17.593251848000001 7.560904182000002 3.402136381700000 0.004221447465291 -0.002397189847814 -0.000823874609640
115 8 13.757107442799997 9.775703055900001 4.968235823200000 0.002921501352698 0.000152523833655 0.001624394808622
122 8 15.344557227600001 7.026163626600007 4.968234320200000 0.001604111296427 0.001634914682751 0.001303361401350
164 8 15.344581527500001 8.859189034900005 1.566094450300000 0.000921171772690 -0.000040256822257 -0.000406271394028
172 8 16.932009052900014 9.775700901000002 4.968248379499999 -0.001705212990810 -0.000928135758179 0.001187817164576
4 1 19.180701981300000 11.073997829000001 5.481344520900000 0.001597167698447 -0.000852380939235 -0.000253210374494
12 1 21.098782297600000 9.966593245500007 2.349140662099999 0.003055444018364 0.001765716699919 0.005183742270802
44 7 23.016851672799998 11.073991115500002 5.481334835700000 0.001926543499956 -0.005235535700616 -0.001591123651765
50 7 19.180710411899998 6.644390723800001 2.349147115100000 -0.015688391444249 0.009170764254444 0.012805563974001
58 7 21.098782286699997 7.751790037100004 5.481345370700000 0.020548538265838 -0.005701967603604 -0.004245709177444
74 8 19.180716222899989 8.477427166200002 5.994454850600000 -0.003981333752948 -0.001038286279116 -0.000797556963653
82 8 20.768161074900000 7.560908000500002 3.402138567200000 -0.009636146915779 -0.005569297287210 -0.011561104979800
100 8 23.016848881199998 11.455753713000002 3.402132653400000 -0.000892703981807 0.003370028236397 0.000343671782615
116 8 21.429390813000008 9.775703055900001 4.968235823200000 -0.000382221379349 0.001826136700732 0.000745961554035
132 8 19.180709763900005 11.073992940400007 3.132190496199999 -0.000384955040854 -0.000238627758799 -0.000492164500764
156 8 19.180713938099998 8.477428856900005 1.296161863300000 0.001319858227352 -0.004947538631458 -0.002432070950352
19 1 11.508416103199997 13.288791380900006 2.349147298800000 -0.000482160200581 -0.002284449339941 0.000667108297898
123 8 11.508415542500002 13.670555930200003 4.968234320200000 0.000384201101981 0.002438386931296 0.001318574861242
139 8 9.259738667499999 12.372281731100001 1.296160360000000 -0.001671604455686 0.001858135681603 -0.002512859636166
35 7 13.426485478100000 14.396189250800001 5.481341472000000 0.000469841035177 0.000058787927889 0.000363708903503
51 7 15.344568726800000 13.288783027399999 2.349147115100000 0.000106985440985 -0.001396724549527 0.000986306545443
59 7 17.262640601600001 14.396182340700005 5.481345370700000 0.000089798927536 0.002082038344072 -0.000229340518814
67 8 16.932029885999999 12.372276697200000 5.994451122499998 -0.002004629468631 0.000283566401282 -0.000932068083998
75 8 15.344574537799998 15.121819469800011 5.994454850600000 -0.000673010903041 -0.003269659775347 -0.001313368872970
83 8 16.932019389799994 14.205300304100005 3.402138567200000 -0.002017846780376 -0.001195007487085 0.000797329917239
91 8 13.757112196700003 12.372264326600002 5.994440303000000 0.002013768840456 0.001305709415076 -0.000685617991152
107 8 13.757110162900000 14.205296485600002 3.402136381700000 0.001504853221477 0.000178187544118 0.000659113738370
140 8 16.932022037700008 12.372281731100001 1.296160360000000 -0.001787448415403 0.000861760568880 -0.001720321710725
147 8 13.757108114200003 12.372258443900009 1.296153622799999 0.002107936966439 0.001608554330812 -0.001587725942237
20 1 19.180699473400008 13.288791380900006 2.349147298800000 0.000284889433233 0.000050911716948 0.000311149092648
36 7 21.098768848300001 14.396189250800001 5.481341472000000 0.000229107150915 -0.000086113400333 -0.000019034604148
52 7 23.016852096999997 13.288783027399999 2.349147115100000 0.000103819913226 -0.001408921642168 0.000982107652875
76 8 23.016857907999988 15.121819469800011 5.994454850600000 -0.000038979208813 -0.001833621550710 -0.001368567191192
92 8 21.429395566900006 12.372264326600002 5.994440303000000 0.000575033813289 0.002409792130640 -0.000896094222223
108 8 21.429393533100004 14.205296485600002 3.402136381700000 0.001392758663955 -0.000815464756467 0.001456660162926
124 8 19.180698912699995 13.670555930200003 4.968234320200000 0.000228042775221 0.001707315780158 0.001243427345660
148 8 21.429391484400018 12.372258443900009 1.296153622799999 0.001337365997121 0.000750355701580 -0.002031372447110
60 7 24.934923971800007 14.396182340700005 5.481345370700000 -0.000564514950387 -0.001088841912354 0.000203187533194
68 8 24.604313256200001 12.372276697200000 5.994451122499998 -0.001067762154659 0.002564516371265 -0.000840481436852
84 8 24.604302760000003 14.205300304100005 3.402138567200000 -0.001244961770577 -0.000327036266559 0.001239224520855
29 1 9.590346111300004 5.537003285800003 8.613538384300000 -0.000835379107747 0.000958664812485 -0.003688536473543
157 8 11.508430567900000 4.047833987800002 7.560555002900000 0.000654878469755 -0.002901119002867 0.000009302107391
165 8 7.672298157300002 4.429594165800001 7.830487589900000 -0.000453615390807 -0.001081576607843 0.002136950742005
173 8 9.259725682700003 5.346106031900003 11.232641519100001 -0.001217723065256 -0.000645758481035 0.001976146575904
13 1 13.426498927400001 5.536998376400002 8.613533801700001 -0.001200027007611 -0.000616471009730 -0.001689744647048
30 1 17.262629481500003 5.537003285800003 8.613538384300000 0.000880608684899 -0.000542329526571 -0.000729963314352
117 8 13.757107442800002 5.346108186800002 11.232628962800000 0.002512511804761 0.001087152699519 0.001964097549236
166 8 15.344581527500001 4.429594165800001 7.830487589900000 0.000111885380178 0.000202532568615 0.000344411674974
174 8 16.932009052900007 5.346106031900003 11.232641519100001 -0.002662107037238 0.000454469257084 0.001767965398583
14 1 21.098782297600003 5.536998376400002 8.613533801700001 0.001269866372038 0.000906557540921 -0.002000483721943
118 8 21.429390813000005 5.346108186800002 11.232628962800000 0.001579972506083 -0.001199640717476 0.001870756213735
158 8 19.180713938100002 4.047833987800002 7.560555002900000 -0.000452084357737 -0.002304603837567 -0.001614716757793
5 1 11.508418611100007 6.644402959900002 11.745737660500000 -0.002095391552551 -0.002988585362466 -0.001655690894927
21 1 11.508416103199998 8.859196511800004 8.613540438400001 -0.002595074970272 -0.001611836160933 -0.004391807191510
125 8 11.508415542500003 9.240961061100004 11.232627459799998 0.005625802801426 0.003849802730223 0.004290256002975
133 8 11.508426393700002 6.644398071300002 9.396583635799999 0.000998236086745 0.000556977458785 0.001755482800610
141 8 9.259738667500002 7.942686862000003 7.560553499600000 -0.001371404679268 0.002067667388007 0.004682887998578
167 8 11.508439842400001 11.073986469400005 7.830487589900000 0.000923793985654 0.000665473687630 0.001667182583653
37 7 13.426485478099996 9.966594381700006 11.745734611600000 -0.015393478534443 -0.009105746846930 -0.025530594545321
45 7 15.344568302600001 6.644396246400003 11.745727975299999 0.001950241873903 -0.005253330108295 -0.001582779895640
53 7 15.344568726799995 8.859188158300002 8.613540254699998 0.000467528350626 -0.001943309522977 -0.004378093951327
61 7 17.262640601600001 9.966587471600000 11.745738510299995 0.020693546767460 -0.005719555842213 -0.004194991366257
69 8 16.932029886000002 7.942681828100003 12.258844262099997 -0.003984375426596 0.003310892961986 -0.002076031161822
77 8 15.344574537800005 10.692224600700005 12.258847990200001 -0.008314340638107 -0.000229621952961 0.005102554970084
85 8 16.932019389799990 9.775705435000003 9.666531706799999 -0.002911503476981 -0.000317836978072 0.004079938625850
93 8 13.757112196700007 7.942669457500004 12.258833442600000 0.001412265963462 0.007883702340433 0.000435917793712
101 8 15.344565511000003 7.026158843900003 9.666525792999996 -0.000066909317153 0.002676952480641 0.002949634244705
109 8 13.757110162900005 9.775701616500001 9.666529521300001 0.001800086577357 0.000393633266136 0.007889498700320
142 8 16.932022037700005 7.942686862000003 7.560553499600000 -0.002453548839431 0.001352961415707 -0.000600676399938
149 8 13.757108114200001 7.942663574800001 7.560546762400000 0.003136892453558 0.001788657444898 0.000912128897612
159 8 15.344572253000006 10.692226291400004 7.560555002900000 -0.000097304519099 -0.002176779995371 -0.000200455063494
6 1 19.180701981300004 6.644402959900002 11.745737660500000 0.001596953988806 -0.000848638432380 -0.000244947011643
22 1 19.180699473400011 8.859196511800004 8.613540438400001 0.002208299113795 -0.000932840459442 -0.001690396339229
38 7 21.098768848300008 9.966594381700006 11.745734611600000 0.000813711684463 0.000255481517343 0.000950742450207
46 7 23.016851672800001 6.644396246400003 11.745727975299999 -0.000877976327671 -0.000443097565294 -0.000935268305277
54 7 23.016852096999990 8.859188158300002 8.613540254699998 0.000451382650910 -0.001935520814156 -0.004364967547386
78 8 23.016857907999999 10.692224600700005 12.258847990200001 0.001133419004214 -0.002173015117888 -0.001552559705977
94 8 21.429395566900006 7.942669457500004 12.258833442600000 0.001532319493558 0.001028664387718 -0.001479547278511
102 8 23.016848881199998 7.026158843900003 9.666525792999996 -0.000020840655726 0.001409990841184 0.002986511575991
110 8 21.429393533100001 9.775701616500001 9.666529521300001 0.000732761691536 -0.000329643264044 0.002566065163671
126 8 19.180698912700002 9.240961061100004 11.232627459799998 -0.003504933911858 0.002766931550792 0.002047229239965
134 8 19.180709763900005 6.644398071300002 9.396583635799999 -0.000897165906118 0.000166892242020 0.000729530490583
150 8 21.429391484400004 7.942663574800001 7.560546762400000 0.000450694446263 0.001622275321425 0.001260880993870
160 8 23.016855623200005 10.692226291400004 7.560555002900000 -0.000135843247810 -0.000915470046763 -0.000247152376907
168 8 19.180723212599993 11.073986469400005 7.830487589900000 -0.000975409496455 0.000281365423455 0.000643165519232
62 7 24.934923971800000 9.966587471600000 11.745738510299995 -0.004622929896204 0.000105534586603 -0.001971039432581
70 8 24.604313256200005 7.942681828100003 12.258844262099997 -0.000653849156668 0.001644874981152 -0.001183097720261
86 8 24.604302759999996 9.775705435000003 9.666531706799999 -0.000214500670950 -0.000153197827553 0.003737285062591
7 1 15.344560296200003 13.288795263500004 11.745737660500000 0.003277327820598 0.014253459984274 -0.005899472630994
15 1 17.262640612500000 12.181390680000009 8.613533801700001 0.001276600118858 0.000911845420233 -0.002000911026697
23 1 15.344557788300000 15.503588815399999 8.613540438400001 0.000284891665285 0.001943415748739 -0.001297382332184
31 1 13.426487796399995 12.181395589400003 8.613538384300000 -0.000833700361122 0.000972134123065 -0.003705034307846
39 7 17.262627163200005 16.610986685300006 11.745734611600000 0.000463081527340 0.000043035127957 0.000373417620666
95 8 17.593253881800010 14.587061761100006 12.258833442600000 0.000661040407241 0.000528821724504 -0.002911013959494
111 8 17.593251848000001 16.420093920100001 9.666529521300001 0.001587079848524 -0.001344189212885 0.001953843627128
119 8 17.593249127900002 11.990500490400001 11.232628962800000 -0.002573031836291 -0.003818715508121 0.002179777358704
127 8 15.344557227600006 15.885353364700006 11.232627459799998 -0.000192359926294 0.000535642934484 0.001537519386873
135 8 15.344568078800005 13.288790374900007 9.396583635799999 -0.000380805074481 -0.001198411843430 0.002219945138811
143 8 13.095880352600002 14.587079165600008 7.560553499600000 -0.001593572211169 0.000331288960762 -0.001216519580869
151 8 17.593249799300004 14.587055878400003 7.560546762400000 0.001562292881650 0.000458457653564 -0.000843848744315
175 8 13.095867367800004 11.990498335500007 11.232641519100001 0.001897693890061 -0.005772451663223 0.004959793408699
8 1 23.016843666400000 13.288795263500004 11.745737660500000 -0.000960578052745 0.000170822714546 0.000021804777554
24 1 23.016841158500000 15.503588815399999 8.613540438400001 -0.000119434018884 -0.000182523302615 -0.000349105252792
32 1 21.098771166600002 12.181395589400003 8.613538384300000 0.000877376312145 -0.000538877120803 -0.000727163211331
47 7 19.180709987699998 13.288788550000005 11.745727975299999 0.001931974816442 0.001182613260036 0.003659476783801
55 7 19.180710411900002 15.503580461900007 8.613540254699998 -0.000131218526426 0.001248496537711 -0.000902721490332
63 7 21.098782286700004 16.610979775200004 11.745738510299995 -0.000565178993484 -0.001095110623853 0.000205237995300
71 8 20.768171571100002 14.587074131700003 12.258844262099997 -0.001668100552951 0.000982278230732 -0.002004455457781
79 8 19.180716222899996 17.336616904300001 12.258847990200001 -0.000094333003484 -0.001363676895451 -0.001537295711171
87 8 20.768161074900000 16.420097738599999 9.666531706799999 -0.001383779906793 -0.000824060181823 0.001831808196491
103 8 19.180707196099995 13.670551147500003 9.666525792999996 -0.000379065240283 0.001278653805523 0.001576859303829
128 8 23.016840597800005 15.885353364700006 11.232627459799998 0.000442345141290 0.001972974713065 0.001486255579966
136 8 23.016851449000004 13.288790374900007 9.396583635799999 0.000190529331237 0.000084813223096 0.000433426724680
144 8 20.768163722800004 14.587079165600008 7.560553499600000 -0.001619142214756 0.000818427296377 -0.001336609824472
176 8 20.768150737999996 11.990498335500007 11.232641519100001 -0.001743988902037 -0.000953593494718 0.001116900420764
16 1 24.934923982700003 12.181390680000009 8.613533801700001 -0.001204529979741 -0.000607615773130 -0.001690136482737
40 7 24.934910533400007 16.610986685300006 11.745734611600000 0.000230755028406 -0.000085183667251 -0.000016352261221
48 7 26.852993357900004 13.288788550000005 11.745727975299999 -0.004202730682650 0.004082391425391 -0.001115592181878
56 7 26.852993782099993 15.503580461900007 8.613540254699998 -0.000131038100940 0.001254518935770 -0.000905563214151
64 7 28.771065656899999 16.610979775200004 11.745738510299995 0.000095167667730 0.002074802294061 -0.000219599757759
72 8 28.440454941300004 14.587074131700003 12.258844262099997 -0.001830335807011 -0.001498378452701 -0.001866182686364
80 8 26.852999593099998 17.336616904300001 12.258847990200001 -0.000255619187381 -0.002099201809813 -0.001613461460305
88 8 28.440444445099999 16.420097738599999 9.666531706799999 -0.001793150738856 -0.001478594362646 0.001978929972899
96 8 25.265537252000023 14.587061761100006 12.258833442600000 0.002883600919898 -0.000126243472555 -0.001415698193948
104 8 26.852990566300001 13.670551147500003 9.666525792999996 0.000730818768084 0.000673205094490 0.003206409512704
112 8 25.265535218199997 16.420093920100001 9.666529521300001 0.001560562242722 -0.000860518140698 0.001837813016614
120 8 25.265532498100001 11.990500490400001 11.232628962800000 0.003280180887771 -0.000933957294560 0.002171759901374
152 8 25.265533169500006 14.587055878400003 7.560546762400000 0.001972075091723 0.001111923053341 -0.000993956309080
