ITEM: TIMESTEP
0
ITEM: NUMBER OF ATOMS
176
ITEM: BOX BOUNDS xy xz yz pp pp pp
0.0000000000000000e+00 3.0689133480799999e+01 7.6722833701999980e+00
0.0000000000000000e+00 1.7718379476200003e+01 7.6722833702000024e+00
0.0000000000000000e+00 1.2528786279200000e+01 4.4295948690000015e+00
ITEM: ATOMS id type x y z fx fy fz
25 1 5.754204426199998 3.322205851300000 2.349145244699999 0.002431203794490 -0.002369618590697 0.015384888615864
137 8 5.423596982400004 5.727889427500000 1.296160360000000 -0.000644748741493 0.002451914594900 -0.001603396494138
161 8 3.836156472199998 2.214796731300001 1.566094450300000 -0.001703249140729 -0.000446690050955 -0.001821849254593
169 8 5.423583997600000 3.131308597400002 4.968248379499999 -0.011911103405382 0.002328176009206 0.000663642011925
1 1 7.677276926000019 4.438265779437837 5.481344520900000 -0.030104185294975 -0.052427408852022 -0.000082096058772
9 1 9.590357242299998 3.322200941900001 2.349140662099999 -0.003329169147378 -0.005424730440550 0.000099254025627
41 7 11.508426617500000 4.429598811900002 5.481334835700000 0.015405821237366 -0.015134294014076 -0.003936131922900
89 8 9.920970511600007 5.727872023000002 5.994440303000000 -0.008249219160755 0.004670522036581 -0.001926830699256
97 8 11.508423825899998 4.811361409400002 3.402132653400000 -0.001282005849532 0.003551502352928 0.004240544893910
113 8 9.920965757699999 3.131310752300001 4.968235823200000 0.009838094431278 0.013013353575091 0.001384599664001
129 8 7.672284708600001 4.429600636800002 3.132190496199999 0.005032590862510 0.008736222377237 0.000114196609706
145 8 9.920966429100000 5.727866140300000 1.296153622799999 0.001804071840615 0.002120539110301 0.000547167010950
153 8 7.672288882800000 1.833036553300000 1.296161863300000 0.000930483096180 -0.001212930459476 -0.003559836747816
162 8 11.508439842400000 2.214796731300001 1.566094450300000 0.000247880824171 0.000675026516120 -0.000017272487998
2 1 15.344560296200001 4.429605525400001 5.481344520900000 0.002768077044819 -0.001038432719461 -0.000342010707298
10 1 17.262640612500000 3.322200941900001 2.349140662099999 0.001979634912105 -0.000399367429002 0.001585006414933
26 1 13.426487796400002 3.322205851300000 2.349145244699999 0.001277819845391 -0.001145099416045 -0.000671322276533
65 8 13.095888200900001 5.727884393600002 5.994451122499998 -0.004743894452292 0.000469742821678 -0.001701091816330
90 8 17.593253881800006 5.727872023000002 5.994440303000000 -0.001031538688473 0.003834201114611 -0.000722496108244
114 8 17.593249127900009 3.131310752300001 4.968235823200000 -0.001163223955900 -0.001025553485914 0.001104719693363
130 8 15.344568078800005 4.429600636800002 3.132190496199999 -0.001058235228211 0.000366573352902 0.000052555562681
138 8 13.095880352600009 5.727889427500000 1.296160360000000 -0.002867319552953 0.001260477718997 -0.000487389137038
146 8 17.593249799300011 5.727866140300000 1.296153622799999 0.001641824069060 0.001424024347833 -0.001837662794886
154 8 15.344572252999999 1.833036553300000 1.296161863300000 -0.000422943734188 -0.001780265541500 -0.002187963673391
170 8 13.095867367800004 3.131308597400002 4.968248379499999 -0.004259526788909 0.001886205114136 0.001945263514315
42 7 19.180709987699998 4.429598811900002 5.481334835700000 0.015369539761619 -0.014987631175474 -0.003902576979628
66 8 20.768171571100002 5.727884393600002 5.994451122499998 0.006180533904100 0.014541842363144 -0.001438503521644
98 8 19.180707196099995 4.811361409400002 3.402132653400000 -0.001925059482717 0.005672687066068 -0.001559032457686
3 1 11.508418611100000 11.073997829000001 5.481344520900000 0.002768091548172 0.004508002282741 -0.000081708150055
17 1 7.672274418099999 6.644399077300000 2.349147298800000 -0.003104311303175 0.000624797875067 -0.015519158546623
27 1 9.590346111300001 9.966598154900002 2.349145244699999 0.001201264559799 0.003074233404218 -0.002218630143417
33 7 9.590343793000001 7.751796947200008 5.481341472000000 0.015873662225353 0.026998491951550 -0.000001089922215
49 7 11.508427041700001 6.644390723800001 2.349147115100000 0.003920440857076 0.000105953352863 -0.004372026892479
73 8 11.508432852700000 8.477427166200002 5.994454850600000 -0.005685925682598 -0.005305235070777 -0.002346814189948
105 8 9.920968477800001 7.560904182000002 3.402136381700000 -0.001935795172323 -0.002686417452598 0.007401545291117
121 8 7.672273857400003 7.026163626600007 4.968234320200000 0.008253940681434 -0.004865483086657 0.001988093210678
131 8 11.508426393700001 11.073992940400007 3.132190496199999 -0.001060839635444 -0.001823533921100 0.000078335146999
155 8 11.508430567899998 8.477428856900005 1.296161863300000 -0.000693041902117 -0.003013019952365 -0.000063080651157
163 8 7.672298157300000 8.859189034900005 1.566094450300000 0.000243734238395 -0.001562044908386 0.001791667487000
171 8 9.259725682700001 9.775700901000002 4.968248379499999 -0.001838180906599 -0.007259250304276 0.002218558971641
11 1 13.426498927399999 9.966593245500007 2.349140662099999 0.000930665542513 0.001846971717204 0.000045530031924
18 1 15.344557788300000 6.644399077300000 2.349147298800000 0.001133616044806 -0.000263689863971 -0.000268144507169
28 1 17.262629481500003 9.966598154900002 2.349145244699999 -0.000509793287986 0.000770330782276 0.000198586714097
34 7 17.262627163200005 7.751796947200008 5.481341472000000 -0.000333486515364 -0.001088916899230 0.000000103264272
43 7 15.344568302600003 11.073991115500002 5.481334835700000 -0.000733685261741 0.004756122010620 0.000811543718400
57 7 13.426498916499998 7.751790037100004 5.481345370700000 0.004278544759434 0.002071384793585 -0.000580970234149
81 8 13.095877704700001 7.560908000500002 3.402138567200000 -0.003078124143100 -0.001662131626752 0.001851142944204
99 8 15.344565510999997 11.455753713000002 3.402132653400000 0.000173648727304 0.000147600202668 0.001167490304712
106 8 17.593251848000001 7.560904182000002 3.402136381700000 0.001705820811655 -0.000669605374582 0.001577374607922
115 8 13.757107442799997 9.775703055900001 4.968235823200000 0.000416577131515 -0.003215169619139 0.001377833339480
122 8 15.344557227600001 7.026163626600007 4.968234320200000 -0.001193580661817 0.002056904562946 0.001601867614548
164 8 15.344581527500001 8.859189034900005 1.566094450300000 -0.000327589310822 -0.000305433910830 -0.000013678519312
172 8 16.932009052900014 9.775700901000002 4.968248379499999 -0.000770934443658 -0.001999042912442 0.001125960427481
4 1 19.180701981300000 11.073997829000001 5.481344520900000 -0.002035254713570 0.001734785973892 0.000178601369139
12 1 21.098782297600000 9.966593245500007 2.349140662099999 -0.001550447565370 0.001633497437211 -0.001490626892013
44 7 23.016851672799998 11.073991115500002 5.481334835700000 -0.000749808102137 0.004771150174625 0.000814488007504
50 7 19.180710411899998 6.644390723800001 2.349147115100000 -0.002214246205724 -0.003429457354170 -0.000046479132583
58 7 21.098782286699997 7.751790037100004 5.481345370700000 -0.021037898138642 0.006109989077799 0.004169633451439
74 8 19.180716222899989 8.477427166200002 5.994454850600000 0.003444730172415 -0.002829573891850 -0.002073532575001
82 8 20.768161074900000 7.560908000500002 3.402138567200000 0.002775044518289 -0.000708077098373 0.004573564429999
100 8 23.016848881199998 11.455753713000002 3.402132653400000 0.000135098191422 0.000523993950401 0.002372194286488
116 8 21.429390813000008 9.775703055900001 4.968235823200000 0.003113537541307 -0.003483387566237 0.001647287405506
132 8 19.180709763900005 11.073992940400007 3.132190496199999 0.000838352124906 -0.000730069769063 0.000099131804975
156 8 19.180713938099998 8.477428856900005 1.296161863300000 0.000416861102021 -0.001678472998647 -0.001177073243356
19 1 11.508416103199997 13.288791380900006 2.349147298800000 0.002257986977620 0.002366894753240 0.002133191895011
123 8 11.508415542500002 13.670555930200003 4.968234320200000 -0.005172890285479 -0.001490036596771 0.000514467385780
139 8 9.259738667499999 12.372281731100001 1.296160360000000 -0.001997498699891 0.000094818622087 -0.001594071238184
35 7 13.426485478100000 14.396189250800001 5.481341472000000 0.015705025915836 0.026706517922025 -0.000001052379056
51 7 15.344568726800000 13.288783027399999 2.349147115100000 -0.002208772219124 0.003660224351104 0.004254283785967
59 7 17.262640601600001 14.396182340700005 5.481345370700000 -0.020892401700699 0.006151608291566 0.004136270005753
67 8 16.932029885999999 12.372276697200000 5.994451122499998 -0.000476964859862 -0.002005137823771 -0.001158548690662
75 8 15.344574537799998 15.121819469800011 5.994454850600000 0.007653643468833 -0.009235395652638 -0.000791661041535
83 8 16.932019389799994 14.205300304100005 3.402138567200000 0.000584213786119 -0.001237932807248 -0.001226292557546
91 8 13.757112196700003 12.372264326600002 5.994440303000000 0.001387726864885 -0.005269873211625 -0.000453313029671
107 8 13.757110162900000 14.205296485600002 3.402136381700000 0.001781930317849 -0.004814193757386 -0.004198169422749
140 8 16.932022037700008 12.372281731100001 1.296160360000000 -0.000558754858008 -0.000074746951968 -0.002705157802431
147 8 13.757108114200003 12.372258443900009 1.296153622799999 0.001041484291508 -0.000200788752789 -0.002941399549510
20 1 19.180699473400008 13.288791380900006 2.349147298800000 -0.001424129886771 0.000336665415903 0.000604870161444
36 7 21.098768848300001 14.396189250800001 5.481341472000000 -0.000347070293457 -0.001081113165289 -0.000002279559971
52 7 23.016852096999997 13.288783027399999 2.349147115100000 0.000589033784742 0.001448293474037 -0.000052770610583
76 8 23.016857907999988 15.121819469800011 5.994454850600000 -0.001664279020239 -0.001750925950432 -0.001254197404667
92 8 21.429395566900006 12.372264326600002 5.994440303000000 0.002469824069320 -0.000050238632640 -0.001540661985607
108 8 21.429393533100004 14.205296485600002 3.402136381700000 0.001667059985496 -0.000744946728933 0.001577007596595
124 8 19.180698912699995 13.670555930200003 4.968234320200000 0.003921109027158 0.000966871779985 0.000783685895491
148 8 21.429391484400018 12.372258443900009 1.296153622799999 0.001978340404179 0.000645866831203 -0.000821443886984
60 7 24.934923971800007 14.396182340700005 5.481345370700000 0.004257514783259 0.002077881506865 -0.000578025380414
68 8 24.604313256200001 12.372276697200000 5.994451122499998 -0.003163178793149 -0.001731802615533 -0.001431632002003
84 8 24.604302760000003 14.205300304100005 3.402138567200000 -0.002719443971151 -0.001508247060519 0.000644363364671
29 1 9.590346111300004 5.537003285800003 8.613538384300000 0.002375422177066 -0.002451729598043 0.015451933379672
157 8 11.508430567900000 4.047833987800002 7.560555002900000 -0.001995646060499 0.002107141688989 -0.004760187226770
165 8 7.672298157300002 4.429594165800001 7.830487589900000 0.004962992216037 0.008847692386596 -0.000053884485789
173 8 9.259725682700003 5.346106031900003 11.232641519100001 -0.001543010082587 -0.000370421010453 0.000011516236260
13 1 13.426498927400001 5.536998376400002 8.613533801700001 0.001981858968688 -0.000405878631429 0.001590146227301
30 1 17.262629481500003 5.537003285800003 8.613538384300000 0.001285762380887 -0.001140764961101 -0.000672094057274
117 8 13.757107442800002 5.346108186800002 11.232628962800000 0.001447019183340 -0.000802052858354 0.000709035639160
166 8 15.344581527500001 4.429594165800001 7.830487589900000 -0.001137912781479 0.000482218632025 -0.000038938010046
174 8 16.932009052900007 5.346106031900003 11.232641519100001 -0.001430926307600 -0.000791162259804 0.001214195369457
14 1 21.098782297600003 5.536998376400002 8.613533801700001 -0.003241502277057 -0.005475596641001 0.000000328035621
118 8 21.429390813000005 5.346108186800002 11.232628962800000 0.002219892536606 -0.000096114405996 0.001380057117442
158 8 19.180713938100002 4.047833987800002 7.560555002900000 -0.001359076604435 -0.000055053036747 0.001039639929745
5 1 11.508418611100007 6.644402959900002 11.745737660500000 0.000655196283155 -0.000037360261848 0.002238738815990
21 1 11.508416103199998 8.859196511800004 8.613540438400001 0.002268436956168 0.002370997150936 0.002151407481102
125 8 11.508415542500003 9.240961061100004 11.232627459799998 0.000034148758596 0.001772732962631 0.000843900670972
133 8 11.508426393700002 6.644398071300002 9.396583635799999 -0.001622890287083 -0.000555651568071 -0.001731461817518
141 8 9.259738667500002 7.942686862000003 7.560553499600000 -0.001396019566682 -0.003155188667529 -0.007421990091509
167 8 11.508439842400001 11.073986469400005 7.830487589900000 -0.001135312786145 -0.001709281545195 -0.000018149921085
37 7 13.426485478099996 9.966594381700006 11.745734611600000 0.000017127743179 -0.000473794392030 0.000007967157261
45 7 15.344568302600001 6.644396246400003 11.745727975299999 -0.000386078042428 -0.000460650014976 0.002097348155858
53 7 15.344568726799995 8.859188158300002 8.613540254699998 0.000595701490069 0.001444431647863 -0.000045330277829
61 7 17.262640601600001 9.966587471600000 11.745738510299995 -0.000439495162095 -0.000236272023813 -0.001853753595994
69 8 16.932029886000002 7.942681828100003 12.258844262099997 -0.001363663135422 0.001389451851948 -0.001433880592163
77 8 15.344574537800005 10.692224600700005 12.258847990200001 0.000132166318509 -0.001605253615009 -0.000139754005243
85 8 16.932019389799990 9.775705435000003 9.666531706799999 -0.001377917953076 -0.001289797963068 0.002001290688396
93 8 13.757112196700007 7.942669457500004 12.258833442600000 0.001687891900608 0.001584179824012 -0.002654310541507
101 8 15.344565511000003 7.026158843900003 9.666525792999996 -0.000352283698037 0.001802335138046 0.001005079798859
109 8 13.757110162900005 9.775701616500001 9.666529521300001 0.001179550574526 -0.001582321825045 0.001573554381690
142 8 16.932022037700005 7.942686862000003 7.560553499600000 -0.001516031521755 0.000935706228804 -0.001597514046205
149 8 13.757108114200001 7.942663574800001 7.560546762400000 0.000627586560113 0.000428792137379 -0.002188564871530
159 8 15.344572253000006 10.692226291400004 7.560555002900000 0.000058632584676 -0.003051278139086 -0.000831046295429
6 1 19.180701981300004 6.644402959900002 11.745737660500000 -0.000111849794475 -0.000480208728481 -0.000081703523546
22 1 19.180699473400011 8.859196511800004 8.613540438400001 -0.001423911222837 0.000327629838337 0.000604092136160
38 7 21.098768848300008 9.966594381700006 11.745734611600000 0.000249445575961 -0.000063584683625 -0.000001084039554
46 7 23.016851672800001 6.644396246400003 11.745727975299999 -0.000389260357305 -0.000468688721572 0.002087299785196
54 7 23.016852096999990 8.859188158300002 8.613540254699998 -0.002232459957990 0.003658348828689 0.004273927378436
78 8 23.016857907999999 10.692224600700005 12.258847990200001 -0.000502528845190 -0.002036035649433 -0.001511963721719
94 8 21.429395566900006 7.942669457500004 12.258833442600000 0.001803726238249 0.001169098077646 -0.001450766041618
102 8 23.016848881199998 7.026158843900003 9.666525792999996 0.001011962231462 0.002388714908038 -0.000363575443700
110 8 21.429393533100001 9.775701616500001 9.666529521300001 0.002623947733260 -0.001752794607643 0.000466872890475
126 8 19.180698912700002 9.240961061100004 11.232627459799998 0.000195436888654 0.002089717974060 0.001511967761956
134 8 19.180709763900005 6.644398071300002 9.396583635799999 0.000312434525492 0.000566484742070 0.000077453863906
150 8 21.429391484400004 7.942663574800001 7.560546762400000 0.003958063400942 0.000715293381561 -0.004056952262692
160 8 23.016855623200005 10.692226291400004 7.560555002900000 0.000104693998950 -0.003438858062553 -0.002037809213274
168 8 19.180723212599993 11.073986469400005 7.830487589900000 0.000760083763438 -0.000611953793185 0.000007637806759
62 7 24.934923971800000 9.966587471600000 11.745738510299995 0.000220849619024 0.000419823103407 0.001276460870749
70 8 24.604313256200005 7.942681828100003 12.258844262099997 -0.002134214972768 0.000685126886929 -0.002095113301165
86 8 24.604302759999996 9.775705435000003 9.666531706799999 -0.002310478444364 -0.002140082478736 -0.000123587134733
7 1 15.344560296200003 13.288795263500004 11.745737660500000 -0.000111855618265 0.000405496184752 -0.002402147209984
15 1 17.262640612500000 12.181390680000009 8.613533801700001 -0.001543705878900 0.001634857531512 -0.001485466943847
23 1 15.344557788300000 15.503588815399999 8.613540438400001 -0.003061041621287 0.000714126908267 -0.015452385653794
31 1 13.426487796399995 12.181395589400003 8.613538384300000 0.001202966146669 0.003063164775439 -0.002200414522303
39 7 17.262627163200005 16.610986685300006 11.745734611600000 0.000010357688445 -0.000469908129702 -0.000010145261649
95 8 17.593253881800010 14.587061761100006 12.258833442600000 0.001609850930322 0.000870929830443 -0.000782700268708
111 8 17.593251848000001 16.420093920100001 9.666529521300001 0.002544487701331 0.000767690039463 0.001582934427055
119 8 17.593249127900002 11.990500490400001 11.232628962800000 0.001995202926559 -0.001115614936726 0.002041294323273
127 8 15.344557227600006 15.885353364700006 11.232627459799998 0.000612840519141 0.002196957148668 0.002715541854125
135 8 15.344568078800005 13.288790374900007 9.396583635799999 0.000316562706395 -0.001684103954503 0.001882054231930
143 8 13.095880352600002 14.587079165600008 7.560553499600000 -0.005097575592967 -0.000999423409919 0.004177681110100
151 8 17.593249799300004 14.587055878400003 7.560546762400000 0.006116586534454 0.001218912592716 0.001742653874352
175 8 13.095867367800004 11.990498335500007 11.232641519100001 -0.001625242371235 -0.001083671472735 0.001878396347467
8 1 23.016843666400000 13.288795263500004 11.745737660500000 0.000292472734134 0.000220100020375 -0.000081705679121
24 1 23.016841158500000 15.503588815399999 8.613540438400001 0.001128705204912 -0.000262789509442 -0.000265821648922
32 1 21.098771166600002 12.181395589400003 8.613538384300000 -0.000513028122385 0.000774125017911 0.000200901592636
47 7 19.180709987699998 13.288788550000005 11.745727975299999 -0.000151239463768 0.000431238285013 -0.001042914493332
55 7 19.180710411900002 15.503580461900007 8.613540254699998 -0.002226889414431 -0.003422121623387 -0.000051637326173
63 7 21.098782286700004 16.610979775200004 11.745738510299995 0.000220176514197 0.000419651179615 0.001269833269075
71 8 20.768171571100002 14.587074131700003 12.258844262099997 -0.001998354476463 0.000290860660425 -0.001428970667903
79 8 19.180716222899996 17.336616904300001 12.258847990200001 -0.000444385935414 -0.002033093243885 -0.002006656830381
87 8 20.768161074900000 16.420097738599999 9.666531706799999 -0.001709675966300 -0.000511615839617 0.000990416861053
103 8 19.180707196099995 13.670551147500003 9.666525792999996 0.000489882019056 0.001899977084506 0.002021281903911
128 8 23.016840597800005 15.885353364700006 11.232627459799998 -0.000021206354092 0.001770304758086 0.001343216844239
136 8 23.016851449000004 13.288790374900007 9.396583635799999 -0.000248952279937 -0.000422130798310 0.000073874526364
144 8 20.768163722800004 14.587079165600008 7.560553499600000 -0.001470181561687 0.001006955926020 -0.001597873145968
176 8 20.768150737999996 11.990498335500007 11.232641519100001 -0.001598721443385 -0.001135497147245 0.001383713633885
16 1 24.934923982700003 12.181390680000009 8.613533801700001 0.000926185252086 0.001849590428630 0.000054009067911
40 7 24.934910533400007 16.610986685300006 11.745734611600000 0.000251094934263 -0.000060741943402 -0.000001089378929
48 7 26.852993357900004 13.288788550000005 11.745727975299999 -0.000151036299967 0.000430589067422 -0.001036332919367
56 7 26.852993782099993 15.503580461900007 8.613540254699998 0.003910237819854 0.000127470667387 -0.004352411998539
64 7 28.771065656899999 16.610979775200004 11.745738510299995 -0.000434137996484 -0.000229520562696 -0.001863846169908
72 8 28.440454941300004 14.587074131700003 12.258844262099997 -0.001588578346289 0.000367153755913 -0.000762839439997
80 8 26.852999593099998 17.336616904300001 12.258847990200001 -0.000288219692962 -0.001718550072747 -0.001342445007215
88 8 28.440444445099999 16.420097738599999 9.666531706799999 -0.001563336939654 0.000165959386330 0.003373217965560
96 8 25.265537252000023 14.587061761100006 12.258833442600000 0.001635425411270 0.000821775889392 -0.001282010380496
104 8 26.852990566300001 13.670551147500003 9.666525792999996 -0.000617085264734 0.000567635334001 0.003125049874078
112 8 25.265535218199997 16.420093920100001 9.666529521300001 0.000313330804354 -0.000421146824605 0.002684653059156
120 8 25.265532498100001 11.990500490400001 11.232628962800000 0.001585830943535 -0.001195082349943 0.001375147915910
152 8 25.265533169500006 14.587055878400003 7.560546762400000 0.000282343188858 0.000273954595196 -0.000983853454393
