ITEM: TIMESTEP
0
ITEM: NUMBER OF ATOMS
176
ITEM: BOX BOUNDS xy xz yz pp pp pp
0.0000000000000000e+00 3.0689133480799999e+01 7.6722833701999980e+00
0.0000000000000000e+00 1.7718379476200003e+01 7.6722833702000024e+00
0.0000000000000000e+00 1.2528786279200000e+01 4.4295948690000015e+00
ITEM: ATOMS id type x y z fx fy fz
25 1 5.754204426199998 3.322205851300000 2.349145244699999 0.001092275714722 0.000467956141446 -0.002065543336830
137 8 5.423596982400004 5.727889427500000 1.296160360000000 -0.003025618042753 0.001205380058193 0.001206142064697
161 8 3.836156472199998 2.214796731300001 1.566094450300000 -0.000655182293214 -0.000241943738561 0.000215356840985
169 8 5.423583997600000 3.131308597400002 4.968248379499999 -0.001278530836468 -0.000683128088029 0.001560957235167
1 1 7.672276926000002 4.429605525400001 5.481344520900000 -0.001762839150313 -0.001180428004735 0.000086176990214
9 1 9.590357242299998 3.322200941900001 2.349140662099999 -0.008492296636271 -0.005375405591545 -0.012467223884104
41 7 11.508426617500000 4.429598811900002 5.481334835700000 -0.000622872847869 -0.004227623465861 0.011154290772049
89 8 9.920970511600007 5.727872023000002 5.994440303000000 0.002934046955977 0.001839295555019 -0.003601626046144
97 8 11.508423825899998 4.811361409400002 3.402132653400000 -0.010018057727358 0.017281746842912 -0.016806966896183
113 8 9.920965757699999 3.131310752300001 4.968235823200000 0.003707808342585 0.001973479176128 0.000855228382856
129 8 7.672284708600001 4.429600636800002 3.132190496199999 0.002157934679184 0.001222310273196 0.002298294519077
145 8 9.915966429099951 5.724979388954079 1.287988656990743 0.089064579916986 0.051396108831987 0.149340741566038
153 8 7.672288882800000 1.833036553300000 1.296161863300000 -0.000383003595840 -0.003264337238461 0.001163631025631
162 8 11.508439842400000 2.214796731300001 1.566094450300000 0.001168287646328 0.000743202977594 0.002396525954092
2 1 15.344560296200001 4.429605525400001 5.481344520900000 0.001933909936445 -0.000915080815481 0.001515164472658
10 1 17.262640612500000 3.322200941900001 2.349140662099999 0.001230831317621 -0.000554746863159 -0.000347395233933
26 1 13.426487796400002 3.322205851300000 2.349145244699999 0.002699192668605 -0.005449337442328 -0.002379301570199
65 8 13.095888200900001 5.727884393600002 5.994451122499998 -0.003225127352161 0.000770556853448 -0.003890025935729
90 8 17.593253881800006 5.727872023000002 5.994440303000000 0.000813388885001 0.000671430484853 -0.001599083015809
114 8 17.593249127900009 3.131310752300001 4.968235823200000 0.001405956017343 -0.000666827897406 0.001323480157269
130 8 15.344568078800005 4.429600636800002 3.132190496199999 -0.001715404768381 0.001009701345339 -0.000086731655011
138 8 13.095880352600009 5.727889427500000 1.296160360000000 -0.011735107656045 0.005688097816869 0.006802125822390
146 8 17.593249799300011 5.727866140300000 1.296153622799999 0.000622599521282 0.001195810668935 -0.000996160050257
154 8 15.344572252999999 1.833036553300000 1.296161863300000 -0.000302985811648 -0.001466906820888 -0.001193230332720
170 8 13.095867367800004 3.131308597400002 4.968248379499999 -0.003389292909587 0.001899638648570 -0.000041532974577
42 7 19.180709987699998 4.429598811900002 5.481334835700000 -0.000211561398000 0.000048940376597 0.000239792755257
66 8 20.768171571100002 5.727884393600002 5.994451122499998 -0.000995807505858 0.000756442453406 -0.001751372627500
98 8 19.180707196099995 4.811361409400002 3.402132653400000 -0.000183440937981 0.001803525957944 0.001791268221578
3 1 11.508418611100000 11.073997829000001 5.481344520900000 0.000315330823359 0.001888338696853 0.001515134899054
17 1 7.672274418099999 6.644399077300000 2.349147298800000 -0.008769489655821 -0.004622219969281 -0.012563368393421
27 1 9.590346111300001 9.966598154900002 2.349145244699999 -0.003228733481315 0.004818062413338 -0.002379266133813
33 7 9.590343793000001 7.751796947200008 5.481341472000000 -0.003627324987172 0.001620118263901 0.010926555611076
49 7 11.508427041700001 6.644390723800001 2.349147115100000 -0.017175396366639 -0.009635420415776 -0.022735519079115
73 8 11.508432852700000 8.477427166200002 5.994454850600000 -0.000932390248274 -0.003235989414162 -0.003902597315003
105 8 9.920968477800001 7.560904182000002 3.402136381700000 0.009990821520492 -0.017362366356552 -0.016785796660564
121 8 7.672273857400003 7.026163626600007 4.968234320200000 0.003552168237017 0.002127115853516 0.000891683104939
131 8 11.508426393700001 11.073992940400007 3.132190496199999 0.000037146395756 -0.002025778324548 -0.000086721643908
155 8 11.508430567899998 8.477428856900005 1.296161863300000 -0.000855518949118 -0.013048254897566 0.006759540098118
163 8 7.672298157300000 8.859189034900005 1.566094450300000 0.001109684500707 0.000844696327761 0.002396515691714
171 8 9.259725682700001 9.775700901000002 4.968248379499999 -0.000097206329823 -0.003802511008458 -0.000041512487111
11 1 13.426498927399999 9.966593245500007 2.349140662099999 0.002369041841542 0.004917118557207 -0.001015066912257
18 1 15.344557788300000 6.644399077300000 2.349147298800000 0.005574575248082 -0.000362344693738 -0.001111438854659
28 1 17.262629481500003 9.966598154900002 2.349145244699999 0.001302344298873 0.000589257120432 0.000019672351194
34 7 17.262627163200005 7.751796947200008 5.481341472000000 0.001886074888220 0.000750191641928 0.002869508525447
43 7 15.344568302600003 11.073991115500002 5.481334835700000 0.001380428778214 0.000982089357180 0.003097112310822
57 7 13.426498916499998 7.751790037100004 5.481345370700000 0.003775585854098 0.002460501169461 0.011192328862763
81 8 13.095877704700001 7.560908000500002 3.402138567200000 -0.022332793935932 -0.012920135334077 -0.013998548435651
99 8 15.344565510999997 11.455753713000002 3.402132653400000 -0.000585470203663 0.000618769647723 0.001304284413436
106 8 17.593251848000001 7.560904182000002 3.402136381700000 0.000276471835345 -0.000862281182942 0.001325176222009
115 8 13.757107442799997 9.775703055900001 4.968235823200000 0.000488068610472 -0.003668091146894 -0.000246856362481
122 8 15.344557227600001 7.026163626600007 4.968234320200000 -0.002943467026195 0.002159495162810 -0.000210432029825
164 8 15.344581527500001 8.859189034900005 1.566094450300000 -0.001540855299245 -0.000753308026277 0.000978252927691
172 8 16.932009052900014 9.775700901000002 4.968248379499999 -0.001986686633769 -0.001091983134131 0.000623357555938
4 1 19.180701981300000 11.073997829000001 5.481344520900000 -0.000634147963706 -0.000528791810333 0.001227141644955
12 1 21.098782297600000 9.966593245500007 2.349140662099999 -0.000541845688104 -0.000296775372825 -0.000585417651910
44 7 23.016851672799998 11.073991115500002 5.481334835700000 -0.001884034545942 0.001275073730923 0.001217840388137
50 7 19.180710411899998 6.644390723800001 2.349147115100000 0.001761497165903 -0.000403889043479 -0.001402197886898
58 7 21.098782286699997 7.751790037100004 5.481345370700000 -0.002218418947283 0.000751194219183 0.000825214174528
74 8 19.180716222899989 8.477427166200002 5.994454850600000 0.000444749609416 -0.002080270242467 -0.002674793739943
82 8 20.768161074900000 7.560908000500002 3.402138567200000 -0.001290115253321 -0.000893096348878 0.001781362646735
100 8 23.016848881199998 11.455753713000002 3.402132653400000 0.000776568297487 0.001339158954981 0.001463753970444
116 8 21.429390813000008 9.775703055900001 4.968235823200000 0.002256992905157 -0.000952228804540 0.001380841065144
132 8 19.180709763900005 11.073992940400007 3.132190496199999 -0.000083424832635 -0.000071745958120 0.000146550535196
156 8 19.180713938099998 8.477428856900005 1.296161863300000 -0.000320288721291 -0.001683667329078 -0.001274385948623
19 1 11.508416103199997 13.288791380900006 2.349147298800000 0.000266635664276 0.001387817419524 -0.000443756105682
123 8 11.508415542500002 13.670555930200003 4.968234320200000 0.000114671523274 0.001453778227553 0.001359918123386
139 8 9.259738667499999 12.372281731100001 1.296160360000000 -0.001428969111964 0.000375974682401 -0.001150731045179
35 7 13.426485478100000 14.396189250800001 5.481341472000000 0.000281930954497 -0.000161961711069 0.000012161574294
51 7 15.344568726800000 13.288783027399999 2.349147115100000 0.000287883882998 0.002148467367334 -0.001402199400260
59 7 17.262640601600001 14.396182340700005 5.481345370700000 -0.000701720131834 -0.001875800981644 0.000825217362602
67 8 16.932029885999999 12.372276697200000 5.994451122499998 -0.001535649865154 0.001385314944855 -0.002662214293640
75 8 15.344574537799998 15.121819469800011 5.994454850600000 0.000170037769031 -0.001298322542755 -0.001763939281549
83 8 16.932019389799994 14.205300304100005 3.402138567200000 -0.001395706122329 -0.000710230749259 0.001781363515062
91 8 13.757112196700003 12.372264326600002 5.994440303000000 0.000862371478225 0.000586632762899 -0.001599024034363
107 8 13.757110162900000 14.205296485600002 3.402136381700000 0.001503509215979 -0.001106484719546 0.001812165543265
140 8 16.932022037700008 12.372281731100001 1.296160360000000 -0.001625329625329 0.000469360299761 -0.001231877332555
147 8 13.757108114200003 12.372258443900009 1.296153622799999 0.001368940919679 -0.000096913683744 -0.000996148737703
20 1 19.180699473400008 13.288791380900006 2.349147298800000 -0.000396285573705 -0.000276352872777 -0.000681778070923
36 7 21.098768848300001 14.396189250800001 5.481341472000000 0.000507540619272 -0.002223418629405 0.000990220112335
52 7 23.016852096999997 13.288783027399999 2.349147115100000 0.000001670303333 0.000281629268492 -0.000741642881357
76 8 23.016857907999988 15.121819469800011 5.994454850600000 -0.000559123795945 -0.001343123677602 -0.001795666734412
92 8 21.429395566900006 12.372264326600002 5.994440303000000 0.001132912355297 0.000799344647500 -0.001031703539388
108 8 21.429393533100004 14.205296485600002 3.402136381700000 0.001581383918519 -0.000042939518976 0.001484666217504
124 8 19.180698912699995 13.670555930200003 4.968234320200000 0.000293024727173 0.002333486660381 0.001417279959458
148 8 21.429391484400018 12.372258443900009 1.296153622799999 0.001932083679674 0.001090027228530 -0.001119829548073
60 7 24.934923971800007 14.396182340700005 5.481345370700000 0.000387283786267 0.000504277109193 0.000120472380568
68 8 24.604313256200001 12.372276697200000 5.994451122499998 -0.001399185710570 0.000147356011329 -0.001783103598840
84 8 24.604302760000003 14.205300304100005 3.402138567200000 -0.001743601445274 -0.001033003892941 0.001411723171591
29 1 9.590346111300004 5.537003285800003 8.613538384300000 -0.000114248496779 -0.000228620244014 0.001500695317581
157 8 11.508430567900000 4.047833987800002 7.560555002900000 -0.000062226013077 -0.000748364047677 -0.004817317882605
165 8 7.672298157300002 4.429594165800001 7.830487589900000 0.000352718420277 0.000339981991947 -0.000729764033819
173 8 9.259725682700003 5.346106031900003 11.232641519100001 -0.001710016122246 -0.000932264964036 0.001153286839312
13 1 13.426498927400001 5.536998376400002 8.613533801700001 0.001275462439790 0.000821743301101 0.002321731264233
30 1 17.262629481500003 5.537003285800003 8.613538384300000 0.000152082468534 0.001898568876990 0.001870214157785
117 8 13.757107442800002 5.346108186800002 11.232628962800000 -0.000402105675705 -0.003126746017279 0.000825307800277
166 8 15.344581527500001 4.429594165800001 7.830487589900000 -0.000658448280460 -0.000218846052146 -0.001113472166113
174 8 16.932009052900007 5.346106031900003 11.232641519100001 -0.001200177911205 -0.004174061345982 0.000737851523724
14 1 21.098782297600003 5.536998376400002 8.613533801700001 -0.001288389418124 0.000698885973408 0.000731935248898
118 8 21.429390813000005 5.346108186800002 11.232628962800000 0.002499736920447 -0.001010438807278 0.001407285409937
158 8 19.180713938100002 4.047833987800002 7.560555002900000 0.000100368589947 -0.002065462853681 -0.001914497654557
5 1 11.508418611100007 6.644402959900002 11.745737660500000 0.001516220715247 0.000712715843536 0.000112044338809
21 1 11.508416103199998 8.859196511800004 8.613540438400001 0.001481020123181 0.000738236125777 0.002225350811137
125 8 11.508415542500003 9.240961061100004 11.232627459799998 -0.002919700837710 0.001117913200075 0.000861749513597
133 8 11.508426393700002 6.644398071300002 9.396583635799999 -0.000540930706858 -0.000335877338584 -0.000812191092486
141 8 9.259738667500002 7.942686862000003 7.560553499600000 -0.000686307293109 0.000225208573727 -0.004774820199874
167 8 11.508439842400001 11.073986469400005 7.830487589900000 -0.000636817183527 -0.000256317796126 -0.001113469489971
37 7 13.426485478099996 9.966594381700006 11.745734611600000 0.011618815083942 0.002575431630510 0.001213686402173
45 7 15.344568302600001 6.644396246400003 11.745727975299999 0.007827591093178 0.008498279011356 0.001441336416527
53 7 15.344568726799995 8.859188158300002 8.613540254699998 0.007811521495124 0.004790673442427 0.008080669564099
61 7 17.262640601600001 9.966587471600000 11.745738510299995 -0.013572333821663 -0.007555287094068 -0.028112402950147
69 8 16.932029886000002 7.942681828100003 12.258844262099997 -0.007724492632980 -0.024275063282740 -0.008045291083519
77 8 15.344574537800005 10.692224600700005 12.258847990200001 -0.024871944321158 0.005390159352611 -0.008057551798483
85 8 16.932019389799990 9.775705435000003 9.666531706799999 -0.007609198588912 -0.004419544338398 -0.027288843997530
93 8 13.757112196700007 7.942669457500004 12.258833442600000 -0.000457727344941 -0.000118909892222 -0.000445825071168
101 8 15.344565511000003 7.026158843900003 9.666525792999996 -0.001265618547441 0.000054340993322 -0.000468151991209
109 8 13.757110162900005 9.775701616500001 9.666529521300001 -0.000552408686929 -0.001169089733072 -0.000447236191503
142 8 16.932022037700005 7.942686862000003 7.560553499600000 -0.001334241900128 -0.001213148930674 -0.004651824506623
149 8 13.757108114200001 7.942663574800001 7.560546762400000 -0.001285522024495 -0.000767646279795 -0.006297612462895
159 8 15.344572253000006 10.692226291400004 7.560555002900000 -0.001631840701046 -0.000590327223617 -0.004694298498476
6 1 19.180701981300004 6.644402959900002 11.745737660500000 -0.004764995581416 0.003994948763972 -0.001332128112848
22 1 19.180699473400011 8.859196511800004 8.613540438400001 -0.003648588926050 0.001190447685487 0.003703273683936
38 7 21.098768848300008 9.966594381700006 11.745734611600000 -0.004927794839975 -0.003455377595228 -0.009836626499017
46 7 23.016851672800001 6.644396246400003 11.745727975299999 -0.000434771735117 -0.000213861224048 -0.000309102502349
54 7 23.016852096999990 8.859188158300002 8.613540254699998 -0.001658393987353 0.000745256548786 0.001067292086207
78 8 23.016857907999999 10.692224600700005 12.258847990200001 -0.000821820705609 -0.001483424591777 0.000139907134307
94 8 21.429395566900006 7.942669457500004 12.258833442600000 0.002871631607320 0.001585070824519 0.000382140594452
102 8 23.016848881199998 7.026158843900003 9.666525792999996 0.000436046390126 0.001713086761719 0.001315781429642
110 8 21.429393533100001 9.775701616500001 9.666529521300001 0.003412801435928 -0.000588900044883 0.001596950538231
126 8 19.180698912700002 9.240961061100004 11.232627459799998 0.014507712838593 -0.001412118012077 -0.002986251811171
134 8 19.180709763900005 6.644398071300002 9.396583635799999 0.000955803452975 -0.001520307749093 -0.000883888136498
150 8 21.429391484400004 7.942663574800001 7.560546762400000 0.002787216916697 0.000713659573977 -0.002171557950266
160 8 23.016855623200005 10.692226291400004 7.560555002900000 0.000347152461281 -0.002006341286006 -0.002134239199206
168 8 19.180723212599993 11.073986469400005 7.830487589900000 0.001508616607200 0.001007349648714 -0.001660860917446
62 7 24.934923971800000 9.966587471600000 11.745738510299995 0.001791074317311 -0.000184000932961 -0.000693421178425
70 8 24.604313256200005 7.942681828100003 12.258844262099997 -0.002070056268173 0.000722673079262 -0.001260502023044
86 8 24.604302759999996 9.775705435000003 9.666531706799999 -0.001792381648992 -0.001066533940029 0.001126772127633
7 1 15.344560296200003 13.288795263500004 11.745737660500000 0.001218080569208 -0.006367938442946 -0.001332104787576
15 1 17.262640612500000 12.181390680000009 8.613533801700001 -0.000897702543472 -0.003846720849440 0.003799599443359
23 1 15.344557788300000 15.503588815399999 8.613540438400001 0.000092707777806 -0.001420679720195 0.000635566054617
31 1 13.426487796399995 12.181395589400003 8.613538384300000 0.001861098701635 -0.001061566371446 0.001870192896977
39 7 17.262627163200005 16.610986685300006 11.745734611600000 -0.000057251575575 -0.000223874313320 -0.000536732367642
95 8 17.593253881800010 14.587061761100006 12.258833442600000 0.002682654836284 0.001912380683924 0.000382135510644
111 8 17.593251848000001 16.420093920100001 9.666529521300001 0.001734938571994 -0.000524778348221 0.001336688513855
119 8 17.593249127900002 11.990500490400001 11.232628962800000 0.006120442407870 0.013230787357604 -0.003022630738383
127 8 15.344557227600006 15.885353364700006 11.232627459799998 0.000364001088349 0.002572797182890 0.001443730635473
135 8 15.344568078800005 13.288790374900007 9.396583635799999 -0.000818300596829 0.001552525189319 -0.000883846506805
143 8 13.095880352600002 14.587079165600008 7.560553499600000 -0.001745644722314 0.001024567981135 -0.001871987237551
151 8 17.593249799300004 14.587055878400003 7.560546762400000 0.002033699818985 0.002018804782510 -0.002171551100354
175 8 13.095867367800004 11.990498335500007 11.232641519100001 -0.004262563967322 0.001130185065549 0.000737848108924
8 1 23.016843666400000 13.288795263500004 11.745737660500000 0.000625034867648 0.000198211840946 -0.001464511086287
24 1 23.016841158500000 15.503588815399999 8.613540438400001 0.000270705804823 0.000057514776713 0.000351005415056
32 1 21.098771166600002 12.181395589400003 8.613538384300000 -0.001237943164245 -0.000877389308964 0.000433619872366
47 7 19.180709987699998 13.288788550000005 11.745727975299999 -0.005668566854205 -0.002816136237946 -0.009608780529784
55 7 19.180710411900002 15.503580461900007 8.613540254699998 -0.000426856953802 -0.001387827332575 0.001067286714633
63 7 21.098782286700004 16.610979775200004 11.745738510299995 0.000493109065452 0.002064125270802 -0.000693419448326
71 8 20.768171571100002 14.587074131700003 12.258844262099997 -0.001652066825337 -0.000009973570557 0.000152465614895
79 8 19.180716222899996 17.336616904300001 12.258847990200001 -0.000396326808263 -0.002211747694705 -0.001273068044586
87 8 20.768161074900000 16.420097738599999 9.666531706799999 -0.001797033861192 -0.001058480930606 0.001126773317393
103 8 19.180707196099995 13.670551147500003 9.666525792999996 0.001219428752398 0.003198198987736 0.001576064182490
128 8 23.016840597800005 15.885353364700006 11.232627459799998 -0.000158055544812 0.001260314696295 0.001515464214462
136 8 23.016851449000004 13.288790374900007 9.396583635799999 0.000065818739070 0.000014420840230 0.000272464213939
144 8 20.768163722800004 14.587079165600008 7.560553499600000 -0.001571055400424 0.001208735485677 -0.002091729260467
176 8 20.768150737999996 11.990498335500007 11.232641519100001 -0.000580869761353 -0.000280352561945 0.002543373157523
16 1 24.934923982700003 12.181390680000009 8.613533801700001 0.000080770918132 0.000113934348573 0.000447365078372
40 7 24.934910533400007 16.610986685300006 11.745734611600000 0.000207025127032 0.001852094653743 -0.000247247256463
48 7 26.852993357900004 13.288788550000005 11.745727975299999 0.001495199682757 -0.001022951337935 -0.000019605797583
56 7 26.852993782099993 15.503580461900007 8.613540254699998 -0.000018291386287 0.000270114913029 0.000218716716299
64 7 28.771065656899999 16.610979775200004 11.745738510299995 -0.000420970197444 0.000037633428089 -0.000186584123547
72 8 28.440454941300004 14.587074131700003 12.258844262099997 -0.001934584957853 0.001186633701316 -0.001134003287284
80 8 26.852999593099998 17.336616904300001 12.258847990200001 0.000073219648998 -0.002326419793192 -0.001146576528464
88 8 28.440444445099999 16.420097738599999 9.666531706799999 -0.001526379733158 -0.000907588508919 0.001220500082519
96 8 25.265537252000023 14.587061761100006 12.258833442600000 0.000746375796523 0.000576161451098 -0.000757366714136
104 8 26.852990566300001 13.670551147500003 9.666525792999996 -0.000287267758766 0.002042805940829 0.001050277918179
112 8 25.265535218199997 16.420093920100001 9.666529521300001 0.001658832865161 -0.001316041884408 0.001071171290510
120 8 25.265532498100001 11.990500490400001 11.232628962800000 0.001102057783461 -0.000806295120664 0.001479030856144
152 8 25.265533169500006 14.587055878400003 7.560546762400000 0.001712503324537 0.000963259715150 -0.001514171835898
