ITEM: TIMESTEP
0
ITEM: NUMBER OF ATOMS
176
ITEM: BOX BOUNDS xy xz yz pp pp pp
0.0000000000000000e+00 3.0689133480799999e+01 7.6722833701999980e+00
0.0000000000000000e+00 1.7718379476200003e+01 7.6722833702000024e+00
0.0000000000000000e+00 1.2528786279200000e+01 4.4295948690000015e+00
ITEM: ATOMS id type x y z fx fy fz
25 1 5.754204426199998 3.322205851300000 2.349145244699999 -0.000812946999118 -0.001228491352365 -0.000340077589932
137 8 5.423596982400004 5.727889427500000 1.296160360000000 -0.000828490348910 0.000933394793173 -0.000591399981663
161 8 3.836156472199998 2.214796731300001 1.566094450300000 -0.000107755539087 0.000858197836521 -0.000516002691183
169 8 5.423583997600000 3.131308597400002 4.968248379499999 -0.000635100710502 0.001150290809292 0.001062209319118
1 1 7.672276926000002 4.429605525400001 5.481344520900000 -0.002968969986869 -0.004928960977282 -0.000415432676531
9 1 9.590357242299998 3.322200941900001 2.349140662099999 -0.000118563942260 -0.001450534387540 -0.001115202212038
41 7 11.508426617500000 4.429598811900002 5.481334835700000 0.005569619839948 -0.007800738545999 -0.001749118192200
89 8 9.920970511600007 5.727872023000002 5.994440303000000 0.003655990290686 0.014221587604606 -0.002801648275038
97 8 11.508423825899998 4.811361409400002 3.402132653400000 -0.000775406401734 0.002174988303910 0.002892752196509
113 8 9.920965757699999 3.131310752300001 4.968235823200000 0.002254982394994 0.002012400858583 0.001812889793766
129 8 7.672284708600001 4.429600636800002 3.132190496199999 0.000355726135255 0.001121999554782 0.001198657717195
145 8 9.920966429100000 5.727866140300000 1.296153622799999 0.001616146898931 0.001534827105302 0.000169025489036
153 8 7.672288882800000 1.833036553300000 1.296161863300000 0.000270127467043 -0.000710479972891 -0.001284371986333
162 8 11.508439842400000 2.214796731300001 1.566094450300000 -0.000228031433111 0.000637954431814 0.000369500819398
2 1 15.344560296200001 4.429605525400001 5.481344520900000 0.001518190520222 0.000297223974397 -0.000357265890939
10 1 17.262640612500000 3.322200941900001 2.349140662099999 0.000216781434163 -0.000091384580085 0.000484391062600
26 1 13.426487796400002 3.322205851300000 2.349145244699999 0.000812315969351 -0.000270383201150 -0.000317421254869
65 8 13.095888200900001 5.727884393600002 5.994451122499998 -0.006722118064433 -0.000304261865714 -0.001168399013086
90 8 17.593253881800006 5.727872023000002 5.994440303000000 0.002280631335099 0.000422265559853 -0.001191235856497
114 8 17.593249127900009 3.131310752300001 4.968235823200000 0.001568712863834 0.000118011931990 0.001017892098459
130 8 15.344568078800005 4.429600636800002 3.132190496199999 -0.000213200179650 -0.000719335136273 -0.000099788787798
138 8 13.095880352600009 5.727889427500000 1.296160360000000 -0.002518561561955 0.000697875584671 -0.001309632879922
146 8 17.593249799300011 5.727866140300000 1.296153622799999 0.001723117304323 0.000642034081711 -0.001386217620536
154 8 15.344572252999999 1.833036553300000 1.296161863300000 -0.000236012128277 -0.000659332884648 -0.001279333935320
170 8 13.095867367800004 3.131308597400002 4.968248379499999 -0.003104953259231 0.000523688078147 0.001547261632475
42 7 19.180709987699998 4.429598811900002 5.481334835700000 -0.001857237724774 -0.001338163514937 0.000346427171740
66 8 20.768171571100002 5.727884393600002 5.994451122499998 0.000416775699826 0.002041665411124 -0.002101064724890
98 8 19.180707196099995 4.811361409400002 3.402132653400000 0.000446389615027 0.002027947353694 0.001632395230006
3 1 11.508418611100000 11.073997829000001 5.481344520900000 0.008085636883273 -0.005961335744663 0.004484236800983
17 1 7.672274418099999 6.644399077300000 2.349147298800000 -0.001822770640962 -0.000905609845931 -0.004131764093850
27 1 9.590346111300001 9.966598154900002 2.349145244699999 0.002547532074744 0.003676982745548 -0.000335174705529
33 7 9.590343793000001 7.751796947200008 5.481341472000000 0.024970794439197 0.019791208533512 0.003106560783593
49 7 11.508427041700001 6.644390723800001 2.349147115100000 0.005634150201272 -0.000198684444825 -0.004546666773658
73 8 11.513432852700022 8.486087420237837 5.994454850600000 -0.089783936298240 -0.046526015548913 -0.001196349462591
105 8 9.920968477800001 7.560904182000002 3.402136381700000 0.000809085465911 -0.000876566039937 0.012339875709107
121 8 7.672273857400003 7.026163626600007 4.968234320200000 0.020796448559670 0.008646481004185 0.006209341380328
131 8 11.508426393700001 11.073992940400007 3.132190496199999 -0.001420976999578 0.000324033286386 -0.006588436207247
155 8 11.508430567899998 8.477428856900005 1.296161863300000 -0.001102717807882 -0.003333590395222 -0.001246290695654
163 8 7.672298157300000 8.859189034900005 1.566094450300000 0.000078269921970 -0.000982577435126 0.001053667862843
171 8 9.259725682700001 9.775700901000002 4.968248379499999 -0.005153938635057 -0.012774719539923 0.002590112392593
11 1 13.426498927399999 9.966593245500007 2.349140662099999 -0.000246107151951 0.001138581736054 0.005164787850657
18 1 15.344557788300000 6.644399077300000 2.349147298800000 0.000280389812365 0.000895659032870 0.000776387835474
28 1 17.262629481500003 9.966598154900002 2.349145244699999 -0.001089591219437 0.000082629524375 0.000887175351715
34 7 17.262627163200005 7.751796947200008 5.481341472000000 -0.003047364686248 0.000681395469529 -0.000300272717494
43 7 15.344568302600003 11.073991115500002 5.481334835700000 -0.008693311576606 -0.005193028359577 -0.001338661713157
57 7 13.426498916499998 7.751790037100004 5.481345370700000 0.004994539444752 0.017537012504354 0.001476733800867
81 8 13.095877704700001 7.560908000500002 3.402138567200000 -0.003726077974403 -0.004089626458481 -0.001729344544652
99 8 15.344565510999997 11.455753713000002 3.402132653400000 0.001450589910179 0.003441766327635 -0.000400449968642
106 8 17.593251848000001 7.560904182000002 3.402136381700000 0.002424040367588 -0.001112975639902 0.001028405085457
115 8 13.757107442799997 9.775703055900001 4.968235823200000 0.021089382414226 0.006352917451527 -0.006689111310355
122 8 15.344557227600001 7.026163626600007 4.968234320200000 0.006346750597418 -0.000056905695180 0.000044303939841
164 8 15.344581527500001 8.859189034900005 1.566094450300000 0.000396339411470 -0.000508296191381 -0.000759099161204
172 8 16.932009052900014 9.775700901000002 4.968248379499999 0.000711848233701 -0.001594758454875 0.001069699097924
4 1 19.180701981300000 11.073997829000001 5.481344520900000 -0.001290495172507 0.000069834014853 -0.000140899939899
12 1 21.098782297600000 9.966593245500007 2.349140662099999 -0.000903774005088 0.000942774792875 -0.000493172483492
44 7 23.016851672799998 11.073991115500002 5.481334835700000 0.000892376947914 0.003611023563309 0.000743420110345
50 7 19.180710411899998 6.644390723800001 2.349147115100000 -0.001817819166293 0.000365628786845 -0.000725387032637
58 7 21.098782286699997 7.751790037100004 5.481345370700000 -0.008658908734067 0.003189331960504 0.001303222524695
74 8 19.180716222899989 8.477427166200002 5.994454850600000 0.002735241272496 -0.002443928416498 -0.001581866387711
82 8 20.768161074900000 7.560908000500002 3.402138567200000 0.000404899549649 -0.001309900872250 0.003068641275737
100 8 23.016848881199998 11.455753713000002 3.402132653400000 -0.000140363489032 0.001016196733196 0.001824882564202
116 8 21.429390813000008 9.775703055900001 4.968235823200000 0.002238123425080 -0.002321870436252 0.001536181751942
132 8 19.180709763900005 11.073992940400007 3.132190496199999 0.000595297608093 -0.000158050875277 0.000036290696988
156 8 19.180713938099998 8.477428856900005 1.296161863300000 0.000337017844622 -0.001518383574034 -0.000933995931711
19 1 11.508416103199997 13.288791380900006 2.349147298800000 0.000471934707256 -0.001614989429390 0.001997689611271
123 8 11.508415542500002 13.670555930200003 4.968234320200000 -0.000014325728393 0.007409906075398 0.000665475283170
139 8 9.259738667499999 12.372281731100001 1.296160360000000 -0.001944639127544 0.000393138091018 -0.002138137635815
35 7 13.426485478100000 14.396189250800001 5.481341472000000 -0.001731170547850 -0.004728961078835 0.000168286561648
51 7 15.344568726800000 13.288783027399999 2.349147115100000 -0.001209324245997 -0.001290075607079 0.001044839218966
59 7 17.262640601600001 14.396182340700005 5.481345370700000 -0.001049803600375 -0.002862932173173 0.000264240730802
67 8 16.932029885999999 12.372276697200000 5.994451122499998 0.000447055365885 0.002693255414396 -0.000966802091056
75 8 15.344574537799998 15.121819469800011 5.994454850600000 0.000915122798016 -0.000256453237043 -0.001479695131974
83 8 16.932019389799994 14.205300304100005 3.402138567200000 -0.001079744973767 -0.000006579891482 0.001666462268917
91 8 13.757112196700003 12.372264326600002 5.994440303000000 0.003748986438251 0.004161764832168 -0.000719224216151
107 8 13.757110162900000 14.205296485600002 3.402136381700000 0.002058313732288 -0.000175702512331 0.001073965642952
140 8 16.932022037700008 12.372281731100001 1.296160360000000 -0.001069722792336 0.000830457403688 -0.002033471213597
147 8 13.757108114200003 12.372258443900009 1.296153622799999 0.001894972424201 0.001181987971126 -0.002271986686373
20 1 19.180699473400008 13.288791380900006 2.349147298800000 -0.000170906908071 -0.000422791351258 0.000003733022079
36 7 21.098768848300001 14.396189250800001 5.481341472000000 0.000815439120169 -0.001112108598176 0.000135788410902
52 7 23.016852096999997 13.288783027399999 2.349147115100000 0.000637740890486 0.000719798466014 0.000155927294523
76 8 23.016857907999988 15.121819469800011 5.994454850600000 -0.001264573659005 -0.001498839558997 -0.001465738747170
92 8 21.429395566900006 12.372264326600002 5.994440303000000 0.001668550250062 0.000729644626348 -0.001412116463051
108 8 21.429393533100004 14.205296485600002 3.402136381700000 0.001331699389532 -0.000524125028221 0.001789242818014
124 8 19.180698912699995 13.670555930200003 4.968234320200000 0.000407850645667 0.002359364550579 0.001399270845317
148 8 21.429391484400018 12.372258443900009 1.296153622799999 0.001565889171265 0.000611133221748 -0.001400369660112
60 7 24.934923971800007 14.396182340700005 5.481345370700000 0.002067923953299 -0.002163145672392 -0.000019129308342
68 8 24.604313256200001 12.372276697200000 5.994451122499998 -0.005415439087289 0.000917335454385 -0.001277166902204
84 8 24.604302760000003 14.205300304100005 3.402138567200000 -0.002271975400695 -0.000660461417381 0.001046192578176
29 1 9.590346111300004 5.537003285800003 8.613538384300000 0.000456945184002 -0.002608397567659 0.005186478185146
157 8 11.508430567900000 4.047833987800002 7.560555002900000 -0.001096222928464 -0.000547300824587 -0.003162825118088
165 8 7.672298157300002 4.429594165800001 7.830487589900000 0.001054080675514 0.001625414354593 -0.001216477175557
173 8 9.259725682700003 5.346106031900003 11.232641519100001 -0.001652610209546 -0.000828912908146 0.000301319972129
13 1 13.426498927400001 5.536998376400002 8.613533801700001 0.001842888899786 0.001681422488395 0.001012367339734
30 1 17.262629481500003 5.537003285800003 8.613538384300000 -0.000287993637084 0.000518677320220 -0.000126123801898
117 8 13.757107442800002 5.346108186800002 11.232628962800000 0.001653837824124 -0.000868184824407 0.001064399500823
166 8 15.344581527500001 4.429594165800001 7.830487589900000 -0.000585961805857 0.000079507756497 -0.000165525767920
174 8 16.932009052900007 5.346106031900003 11.232641519100001 -0.001433695671871 -0.000940422594744 0.001247441522705
14 1 21.098782297600003 5.536998376400002 8.613533801700001 -0.001699018342799 -0.000518806159898 0.001184122220862
118 8 21.429390813000005 5.346108186800002 11.232628962800000 0.001966097041304 -0.000605928649327 0.000789382766791
158 8 19.180713938100002 4.047833987800002 7.560555002900000 0.000351351402661 -0.000764296398064 -0.001452201263506
5 1 11.508418611100007 6.644402959900002 11.745737660500000 0.000509698710667 0.000293697136721 0.000438734558428
21 1 11.508416103199998 8.859196511800004 8.613540438400001 0.008022114551894 0.010332731950445 -0.004605287947250
125 8 11.508415542500003 9.240961061100004 11.232627459799998 -0.000012603026327 0.002030444544049 0.002430143440276
133 8 11.508426393700002 6.644398071300002 9.396583635799999 -0.001415660737010 -0.002060951576727 -0.000923437678086
141 8 9.259738667500002 7.942686862000003 7.560553499600000 0.009135041302954 -0.001931237302800 -0.016522357812414
167 8 11.508439842400001 11.073986469400005 7.830487589900000 -0.001752091487110 0.004595762238182 0.008255931586304
37 7 13.426485478099996 9.966594381700006 11.745734611600000 -0.000179935804799 -0.000317782512767 -0.002282812878180
45 7 15.344568302600001 6.644396246400003 11.745727975299999 -0.000484397231589 0.000105547252708 -0.000325711987124
53 7 15.344568726799995 8.859188158300002 8.613540254699998 -0.003693160281073 0.000260657985467 -0.002875826880106
61 7 17.262640601600001 9.966587471600000 11.745738510299995 -0.000461715419541 -0.000094351981827 -0.001905541078825
69 8 16.932029886000002 7.942681828100003 12.258844262099997 -0.001603999009159 0.000943312811425 -0.000953339387325
77 8 15.344574537800005 10.692224600700005 12.258847990200001 0.000145888854630 -0.001833683785074 -0.000480712504289
85 8 16.932019389799990 9.775705435000003 9.666531706799999 -0.000728390299522 -0.000700495073474 0.002369345609192
93 8 13.757112196700007 7.942669457500004 12.258833442600000 0.001693799061972 0.001006012015551 -0.001033852094000
101 8 15.344565511000003 7.026158843900003 9.666525792999996 0.000504290412886 0.000813658465845 0.002553374879801
109 8 13.757110162900005 9.775701616500001 9.666529521300001 0.001612399531505 -0.000873917405141 0.002976259593349
142 8 16.932022037700005 7.942686862000003 7.560553499600000 -0.000279204263061 0.000445183778840 -0.001502525401290
149 8 13.757108114200001 7.942663574800001 7.560546762400000 0.006517203344216 -0.004194442526922 0.004636229077921
159 8 15.344572253000006 10.692226291400004 7.560555002900000 0.001056449435295 -0.001739536445680 -0.000223681165054
6 1 19.180701981300004 6.644402959900002 11.745737660500000 -0.000125342323863 -0.000173261048842 -0.000159139336796
22 1 19.180699473400011 8.859196511800004 8.613540438400001 -0.001328652883891 0.000205493343810 0.000094056601107
38 7 21.098768848300008 9.966594381700006 11.745734611600000 0.000230678607528 0.000201772742189 0.000019732236302
46 7 23.016851672800001 6.644396246400003 11.745727975299999 -0.000166780200244 -0.000053355553143 0.001887862737895
54 7 23.016852096999990 8.859188158300002 8.613540254699998 -0.003983381508271 0.005121507625355 0.004710734118055
78 8 23.016857907999999 10.692224600700005 12.258847990200001 -0.000494161433007 -0.002233933580757 -0.001654907545385
94 8 21.429395566900006 7.942669457500004 12.258833442600000 0.001727141904946 0.001119925025521 -0.001428551451893
102 8 23.016848881199998 7.026158843900003 9.666525792999996 0.000796904459551 0.002094238435130 -0.000464213379530
110 8 21.429393533100001 9.775701616500001 9.666529521300001 0.002958658589509 -0.001886104823818 0.000463262794238
126 8 19.180698912700002 9.240961061100004 11.232627459799998 0.000405014965356 0.001873732871531 0.001563457003931
134 8 19.180709763900005 6.644398071300002 9.396583635799999 0.000591916875826 -0.000143499285953 -0.000173648718500
150 8 21.429391484400004 7.942663574800001 7.560546762400000 0.003175095031106 0.000733093003508 -0.002190311948778
160 8 23.016855623200005 10.692226291400004 7.560555002900000 -0.000291328273652 -0.003777969847266 -0.001674651775911
168 8 19.180723212599993 11.073986469400005 7.830487589900000 0.000424065694951 -0.000120925317023 -0.000024563287843
62 7 24.934923971800000 9.966587471600000 11.745738510299995 0.000512557823844 0.000526731348741 -0.000043454538984
70 8 24.604313256200005 7.942681828100003 12.258844262099997 -0.002038368497348 0.000573971603350 -0.001518880513477
86 8 24.604302759999996 9.775705435000003 9.666531706799999 -0.003141054386147 -0.002349777703060 0.000325432210660
7 1 15.344560296200003 13.288795263500004 11.745737660500000 -0.000271530730510 -0.000113558354013 -0.001214484885222
15 1 17.262640612500000 12.181390680000009 8.613533801700001 -0.001165048025632 -0.000625910083349 -0.000492994684618
23 1 15.344557788300000 15.503588815399999 8.613540438400001 -0.000676071485299 -0.001896399933890 0.000306000282326
31 1 13.426487796399995 12.181395589400003 8.613538384300000 -0.002250163510301 -0.002569842482148 -0.002972870548129
39 7 17.262627163200005 16.610986685300006 11.745734611600000 0.000520602450003 -0.000527986591589 0.000811057935795
95 8 17.593253881800010 14.587061761100006 12.258833442600000 0.001556761272563 0.001021872972204 -0.001416381966259
111 8 17.593251848000001 16.420093920100001 9.666529521300001 0.001556073798467 -0.000331015020722 0.000964488736370
119 8 17.593249127900002 11.990500490400001 11.232628962800000 0.001877763606887 -0.000839097399026 0.001706769916066
127 8 15.344557227600006 15.885353364700006 11.232627459799998 0.000397907052629 0.002041403963254 0.001300830870841
135 8 15.344568078800005 13.288790374900007 9.396583635799999 0.000880114397590 0.000719676775143 0.000602111747788
143 8 13.095880352600002 14.587079165600008 7.560553499600000 -0.001429951790814 0.001702296076889 -0.001258258274340
151 8 17.593249799300004 14.587055878400003 7.560546762400000 0.002075525517818 0.001609032521920 -0.001386693913024
175 8 13.095867367800004 11.990498335500007 11.232641519100001 -0.001567906144496 -0.000972217776190 0.002003229493278
8 1 23.016843666400000 13.288795263500004 11.745737660500000 0.000296763980233 -0.000012352582328 0.000289180247258
24 1 23.016841158500000 15.503588815399999 8.613540438400001 0.000617771969093 -0.000447379027789 -0.000097928983683
32 1 21.098771166600002 12.181395589400003 8.613538384300000 0.000143208423968 0.000280554142228 0.000121679786530
47 7 19.180709987699998 13.288788550000005 11.745727975299999 0.000153602311050 0.000199361981556 -0.000092748309533
55 7 19.180710411900002 15.503580461900007 8.613540254699998 0.000192539383046 -0.001436475713728 0.000740715021982
63 7 21.098782286700004 16.610979775200004 11.745738510299995 -0.000010155728558 0.000045877683777 0.001043999095838
71 8 20.768171571100002 14.587074131700003 12.258844262099997 -0.002016619735133 0.000644397791097 -0.002091154604168
79 8 19.180716222899996 17.336616904300001 12.258847990200001 -0.000415907951236 -0.001912199007550 -0.002011654638470
87 8 20.768161074900000 16.420097738599999 9.666531706799999 -0.001883537368508 -0.000969410849012 0.001042242818038
103 8 19.180707196099995 13.670551147500003 9.666525792999996 0.000151243676791 0.002241049275492 0.001391210508144
128 8 23.016840597800005 15.885353364700006 11.232627459799998 0.000147142929570 0.001934143106044 0.001223931393522
136 8 23.016851449000004 13.288790374900007 9.396583635799999 -0.000714593484320 0.000118143275636 0.000175044068399
144 8 20.768163722800004 14.587079165600008 7.560553499600000 -0.001908268060834 0.001035451534219 -0.001648383662340
176 8 20.768150737999996 11.990498335500007 11.232641519100001 -0.001669201846202 -0.001092495068827 0.001284815745522
16 1 24.934923982700003 12.181390680000009 8.613533801700001 0.003382010548047 -0.000923043816084 -0.001777169276981
40 7 24.934910533400007 16.610986685300006 11.745734611600000 0.000207693496539 -0.000427622942943 0.000050668132886
48 7 26.852993357900004 13.288788550000005 11.745727975299999 -0.000169894728066 -0.000302019293024 -0.000598306714337
56 7 26.852993782099993 15.503580461900007 8.613540254699998 -0.000129745437678 -0.001154283343312 -0.000692843437488
64 7 28.771065656899999 16.610979775200004 11.745738510299995 -0.000554735453978 -0.000432331100215 -0.000131361407240
72 8 28.440454941300004 14.587074131700003 12.258844262099997 -0.001517904703819 0.000814154849483 -0.001079186663363
80 8 26.852999593099998 17.336616904300001 12.258847990200001 -0.000224390963707 -0.001811846432714 -0.001441628773209
88 8 28.440444445099999 16.420097738599999 9.666531706799999 -0.001214027283657 -0.000351675292645 0.001468002717197
96 8 25.265537252000023 14.587061761100006 12.258833442600000 0.001572846991907 0.001228688465124 -0.001342364791741
104 8 26.852990566300001 13.670551147500003 9.666525792999996 -0.000160640469130 0.002426836872041 0.002288719089270
112 8 25.265535218199997 16.420093920100001 9.666529521300001 0.001397066598792 -0.000583478162344 0.001737455584243
120 8 25.265532498100001 11.990500490400001 11.232628962800000 0.001644849012397 -0.001168128920421 0.001572287035773
152 8 25.265533169500006 14.587055878400003 7.560546762400000 0.001461803827617 0.001321266601683 -0.001141579088798
