ITEM: TIMESTEP
0
ITEM: NUMBER OF ATOMS
176
ITEM: BOX BOUNDS xy xz yz pp pp pp
0.0000000000000000e+00 3.0689133480799999e+01 7.6722833701999980e+00
0.0000000000000000e+00 1.7718379476200003e+01 7.6722833702000024e+00
0.0000000000000000e+00 1.2528786279200000e+01 4.4295948690000015e+00
ITEM: ATOMS id type x y z fx fy fz
25 1 5.754204426199998 3.322205851300000 2.349145244699999 -0.017162404134357 -0.010071615150079 -0.013384228078378
137 8 5.423596982400004 5.727889427500000 1.296160360000000 -0.000442129401162 -0.003943175237238 0.002507921818755
161 8 3.831156472199951 2.211909979954079 1.557929484490743 0.045998505592479 0.026693188128045 0.077294493459197
169 8 5.423583997600000 3.131308597400002 4.968248379499999 -0.001348410675585 -0.000723485481619 -0.005329633373019
1 1 7.672276926000002 4.429605525400001 5.481344520900000 0.002517953285000 0.001291069061476 0.004301158057279
9 1 9.590357242299998 3.322200941900001 2.349140662099999 0.004068877041028 -0.000595717532040 -0.000801054578798
41 7 11.508426617500000 4.429598811900002 5.481334835700000 0.000861046923979 0.000566954800142 0.001910608426964
89 8 9.920970511600007 5.727872023000002 5.994440303000000 0.000758389798102 0.000583192548714 -0.002750024821043
97 8 11.508423825899998 4.811361409400002 3.402132653400000 -0.000793983474939 0.001541087450432 0.001426856817210
113 8 9.920965757699999 3.131310752300001 4.968235823200000 0.000618936573410 -0.000851172197190 0.000647954359088
129 8 7.672284708600001 4.429600636800002 3.132190496199999 -0.014512056207593 -0.008402046478696 -0.005824221161299
145 8 9.920966429100000 5.727866140300000 1.296153622799999 0.000786074164331 0.000428385129282 -0.000873955797245
153 8 7.672288882800000 1.833036553300000 1.296161863300000 -0.003550064701992 0.001547215058541 0.002465365359625
162 8 11.508439842400000 2.214796731300001 1.566094450300000 -0.001376641769074 0.000280578927759 0.000345321960790
2 1 15.344560296200001 4.429605525400001 5.481344520900000 -0.001070087890544 0.000181332955167 0.000313376451378
10 1 17.262640612500000 3.322200941900001 2.349140662099999 -0.005197942246078 -0.002877174318755 -0.008202857334621
26 1 13.426487796400002 3.322205851300000 2.349145244699999 0.001147007120262 -0.000445249521052 -0.000723323716044
65 8 13.095888200900001 5.727884393600002 5.994451122499998 -0.001505985769098 0.000569167227438 -0.002279533956600
90 8 17.593253881800006 5.727872023000002 5.994440303000000 0.003094686835096 -0.000103152987889 -0.002338472138680
114 8 17.593249127900009 3.131310752300001 4.968235823200000 0.004090303557581 -0.000494318412225 0.000549564857803
130 8 15.344568078800005 4.429600636800002 3.132190496199999 0.000025664114817 -0.000069647937856 0.000064001387497
138 8 13.095880352600009 5.727889427500000 1.296160360000000 -0.001846762076366 0.000934348429548 -0.001286261080182
146 8 17.593249799300011 5.727866140300000 1.296153622799999 0.003138738186633 0.001771196589010 0.000930616172595
154 8 15.344572252999999 1.833036553300000 1.296161863300000 -0.001720627179711 -0.001789839997269 0.000111537384143
170 8 13.095867367800004 3.131308597400002 4.968248379499999 -0.001632562619027 -0.000890333765610 0.001294155687956
42 7 19.180709987699998 4.429598811900002 5.481334835700000 -0.003001759101236 0.001722262039118 0.006653459250024
66 8 20.768171571100002 5.727884393600002 5.994451122499998 -0.002434177837531 -0.000872745333998 -0.002832581434368
98 8 19.180707196099995 4.811361409400002 3.402132653400000 0.004121261710907 -0.006622319333733 -0.002368775087944
3 1 11.508418611100000 11.073997829000001 5.481344520900000 -0.000237138105877 -0.001261389328968 0.000313394159682
17 1 7.672274418099999 6.644399077300000 2.349147298800000 0.001650184852292 0.003866188882243 -0.000897426893236
27 1 9.590346111300001 9.966598154900002 2.349145244699999 0.000328778964066 0.000971949122699 -0.000723318449796
33 7 9.590343793000001 7.751796947200008 5.481341472000000 0.001266865664348 0.000507942573337 0.001682982879886
49 7 11.508427041700001 6.644390723800001 2.349147115100000 0.000902825061612 0.000801923889743 -0.000307564358967
73 8 11.508432852700000 8.477427166200002 5.994454850600000 -0.000247228547036 -0.001646494637260 -0.002292100691054
105 8 9.920968477800001 7.560904182000002 3.402136381700000 0.000970963853357 -0.001504010838335 0.001447752984875
121 8 7.672273857400003 7.026163626600007 4.968234320200000 -0.000438482435768 0.000864368719429 0.000684392582588
131 8 11.508426393700001 11.073992940400007 3.132190496199999 -0.000027076240928 0.000021728022651 0.000063975128624
155 8 11.508430567899998 8.477428856900005 1.296161863300000 -0.000028315192183 -0.002107932473347 -0.001328763089361
163 8 7.672298157300000 8.859189034900005 1.566094450300000 -0.000563430509605 -0.001128032824773 0.000345308630741
171 8 9.259725682700001 9.775700901000002 4.968248379499999 -0.001634975833497 -0.000886152511114 0.001294160429201
11 1 13.426498927399999 9.966593245500007 2.349140662099999 -0.000477754951259 -0.000204716139124 -0.000519539017836
18 1 15.344557788300000 6.644399077300000 2.349147298800000 -0.000284502963928 -0.000266864746483 -0.000615900778544
28 1 17.262629481500003 9.966598154900002 2.349145244699999 0.000206181562582 -0.000043633594287 -0.000321326202278
34 7 17.262627163200005 7.751796947200008 5.481341472000000 -0.000466105860890 0.000871359711799 0.000499036737117
43 7 15.344568302600003 11.073991115500002 5.481334835700000 0.000309319410527 -0.001115570789342 0.000726682120054
57 7 13.426498916499998 7.751790037100004 5.481345370700000 -0.000727865453079 -0.000139556757167 0.001047436992705
81 8 13.095877704700001 7.560908000500002 3.402138567200000 -0.001591345805050 -0.000945097243424 0.001489592214753
99 8 15.344565510999997 11.455753713000002 3.402132653400000 -0.000057102116364 0.003013924609389 0.001508877124130
106 8 17.593251848000001 7.560904182000002 3.402136381700000 0.002614927021327 -0.001602255711106 0.001529765683919
115 8 13.757107442799997 9.775703055900001 4.968235823200000 0.001990972329075 -0.000408965025081 0.001332306007876
122 8 15.344557227600001 7.026163626600007 4.968234320200000 0.000630498746747 0.001831491591542 0.001368747306577
164 8 15.344581527500001 8.859189034900005 1.566094450300000 0.000068252838983 0.000175735752892 0.000273927064131
172 8 16.932009052900014 9.775700901000002 4.968248379499999 -0.001744177124744 -0.000951986146488 0.001279570993517
4 1 19.180701981300000 11.073997829000001 5.481344520900000 0.000324574644086 0.000024727131553 0.000018908522645
12 1 21.098782297600000 9.966593245500007 2.349140662099999 0.000106011427563 0.001044060997235 -0.000271088403035
44 7 23.016851672799998 11.073991115500002 5.481334835700000 -0.000308209111666 -0.000115677543046 -0.000000782223470
50 7 19.180710411899998 6.644390723800001 2.349147115100000 -0.002965994921497 0.005083630099589 -0.002828731847517
58 7 21.098782286699997 7.751790037100004 5.481345370700000 0.000116434240234 0.002305353099662 0.001336940942276
74 8 19.180716222899989 8.477427166200002 5.994454850600000 -0.000167485888442 -0.002460798651959 -0.001829109875681
82 8 20.768161074900000 7.560908000500002 3.402138567200000 -0.001825790271734 -0.002207979126296 0.001177523627055
100 8 23.016848881199998 11.455753713000002 3.402132653400000 -0.000226008446713 0.001071511772326 0.002290389580846
116 8 21.429390813000008 9.775703055900001 4.968235823200000 0.001632970090070 -0.001415212184963 0.001322006822787
132 8 19.180709763900005 11.073992940400007 3.132190496199999 -0.000239781538771 -0.000162024765286 0.000153211962612
156 8 19.180713938099998 8.477428856900005 1.296161863300000 0.000230801037889 -0.003031441694265 -0.000777978476180
19 1 11.508416103199997 13.288791380900006 2.349147298800000 -0.004958944038209 -0.003018341880511 -0.008298996073602
123 8 11.508415542500002 13.670555930200003 4.968234320200000 0.001606281957906 0.003692231315354 0.000585999472118
139 8 9.259738667499999 12.372281731100001 1.296160360000000 -0.002417409712601 -0.000690253181540 0.000154070529882
35 7 13.426485478100000 14.396189250800001 5.481341472000000 0.000335954843025 -0.003414936159872 0.006425870883590
51 7 15.344568726800000 13.288783027399999 2.349147115100000 0.002676517483045 -0.004689379563948 -0.002828751062659
59 7 17.262640601600001 14.396182340700005 5.481345370700000 0.001811640800513 -0.000630816178672 0.001336926547797
67 8 16.932029885999999 12.372276697200000 5.994451122499998 -0.002171316590197 0.001045375718990 -0.001816553059481
75 8 15.344574537799998 15.121819469800011 5.994454850600000 -0.001960070151358 -0.001729375597547 -0.002845142804802
83 8 16.932019389799994 14.205300304100005 3.402138567200000 -0.002802253417129 -0.000516707157577 0.001177527971129
91 8 13.757112196700003 12.372264326600002 5.994440303000000 0.001332125083589 0.002949639284911 -0.002338484122025
107 8 13.757110162900000 14.205296485600002 3.402136381700000 -0.003641300090084 0.006834383514032 -0.002347990114571
140 8 16.932022037700008 12.372281731100001 1.296160360000000 -0.002517017208178 0.001620517356264 -0.000735466514973
147 8 13.757108114200003 12.372258443900009 1.296153622799999 0.003125267844519 0.001794491387862 0.000930611583312
20 1 19.180699473400008 13.288791380900006 2.349147298800000 0.001088834129710 -0.000385712647933 -0.000367444783737
36 7 21.098768848300001 14.396189250800001 5.481341472000000 0.000091061984583 -0.000163348073799 -0.000228419067984
52 7 23.016852096999997 13.288783027399999 2.349147115100000 0.001387605618485 0.001081820882433 -0.002349423349015
76 8 23.016857907999988 15.121819469800011 5.994454850600000 0.000734333837773 -0.001885394790011 -0.001765131869892
92 8 21.429395566900006 12.372264326600002 5.994440303000000 0.001600115348846 0.001069162419041 -0.001369082491282
108 8 21.429393533100004 14.205296485600002 3.402136381700000 0.000848293129957 -0.000777354095359 0.002311282132214
124 8 19.180698912699995 13.670555930200003 4.968234320200000 -0.000419938685444 0.002024571866597 0.001358458981812
148 8 21.429391484400018 12.372258443900009 1.296153622799999 0.001295419612253 0.000722446199876 -0.001259247330293
60 7 24.934923971800007 14.396182340700005 5.481345370700000 -0.002553164851920 -0.001193397941750 0.000939674482680
68 8 24.604313256200001 12.372276697200000 5.994451122499998 -0.001222091610566 0.001538680989234 -0.001752578642974
84 8 24.604302760000003 14.205300304100005 3.402138567200000 0.000064158538101 0.000010685706535 0.004100336140240
29 1 9.590346111300004 5.537003285800003 8.613538384300000 0.002979269909081 0.001557431490323 0.004087443212777
157 8 11.508430567900000 4.047833987800002 7.560555002900000 -0.000027643685926 -0.002466721345605 -0.002892799027638
165 8 7.672298157300002 4.429594165800001 7.830487589900000 -0.001389954713670 -0.000666169999575 -0.002090277427498
173 8 9.259725682700003 5.346106031900003 11.232641519100001 -0.007191011347599 -0.004096749805665 -0.000596665830138
13 1 13.426498927400001 5.536998376400002 8.613533801700001 -0.003125618309037 0.001330193530580 0.002945768740175
30 1 17.262629481500003 5.537003285800003 8.613538384300000 -0.000584176658934 0.000214399824104 0.000676798539295
117 8 13.757107442800002 5.346108186800002 11.232628962800000 0.007944470218630 -0.002713881506319 0.001459701624499
166 8 15.344581527500001 4.429594165800001 7.830487589900000 0.000885016073192 -0.000300339179222 -0.000843253532192
174 8 16.932009052900007 5.346106031900003 11.232641519100001 -0.001371575110369 -0.000740894613416 0.001724072794927
14 1 21.098782297600003 5.536998376400002 8.613533801700001 0.000889409264928 0.000597128819325 0.001722977282110
118 8 21.429390813000005 5.346108186800002 11.232628962800000 0.000190371427115 -0.001718998247957 0.001015949615171
158 8 19.180713938100002 4.047833987800002 7.560555002900000 0.000232700041662 -0.001690651931315 -0.003522503799417
5 1 11.508418611100007 6.644402959900002 11.745737660500000 -0.004859889963305 -0.002968184330532 -0.024922613392227
21 1 11.508416103199998 8.859196511800004 8.613540438400001 -0.000279182636853 -0.003327458598304 0.002849441101858
125 8 11.508415542500003 9.240961061100004 11.232627459799998 0.001611156770270 0.008139925372127 0.001496124260912
133 8 11.508426393700002 6.644398071300002 9.396583635799999 -0.000029941714730 -0.000040929448468 -0.017884362080467
141 8 9.259738667500002 7.942686862000003 7.560553499600000 -0.002157155447175 0.001114334103158 -0.002850300690874
167 8 11.508439842400001 11.073986469400005 7.830487589900000 0.000064342821563 0.001121113849771 -0.000843307144733
37 7 13.426485478099996 9.966594381700006 11.745734611600000 -0.002621800582662 -0.001738762669268 -0.004673725934644
45 7 15.344568302600001 6.644396246400003 11.745727975299999 -0.003028966223991 -0.001677352776495 -0.004446045129389
53 7 15.344568726799995 8.859188158300002 8.613540254699998 -0.001359702836767 -0.000504336913553 0.000447392822577
61 7 17.262640601600001 9.966587471600000 11.745738510299995 0.000632804158994 0.000646024211785 -0.001167833174978
69 8 16.932029886000002 7.942681828100003 12.258844262099997 -0.001809654687269 0.000801505621387 -0.000433400217604
77 8 15.344574537800005 10.692224600700005 12.258847990200001 -0.000197855786072 -0.002025643276123 -0.000445947572287
85 8 16.932019389799990 9.775705435000003 9.666531706799999 -0.001508981201960 -0.000897558601633 0.001621773433011
93 8 13.757112196700007 7.942669457500004 12.258833442600000 0.005712677986034 0.003443530795744 0.005342228194735
101 8 15.344565511000003 7.026158843900003 9.666525792999996 0.000921321004973 0.002128552518598 0.001900770487490
109 8 13.757110162900005 9.775701616500001 9.666529521300001 0.002337386441058 -0.000312256370619 0.001921667725650
142 8 16.932022037700005 7.942686862000003 7.560553499600000 -0.001262788824565 0.000639882330835 -0.002116305926740
149 8 13.757108114200001 7.942663574800001 7.560546762400000 0.002468451862168 0.001399711439453 -0.002249440280397
159 8 15.344572253000006 10.692226291400004 7.560555002900000 0.000008655350319 -0.001454949447527 -0.002158817447789
6 1 19.180701981300004 6.644402959900002 11.745737660500000 0.001126613319926 -0.000213217383867 -0.000345209438431
22 1 19.180699473400011 8.859196511800004 8.613540438400001 0.000277687621278 0.000052151762617 0.000308827084628
38 7 21.098768848300008 9.966594381700006 11.745734611600000 0.001276401859539 -0.000843120463446 0.000031209395038
46 7 23.016851672800001 6.644396246400003 11.745727975299999 0.007035639617018 0.000713150980447 0.000838898644200
54 7 23.016852096999990 8.859188158300002 8.613540254699998 0.001444159854811 -0.000858561514258 0.001638445713291
78 8 23.016857907999999 10.692224600700005 12.258847990200001 -0.001033317689288 -0.001052883224135 -0.000953891448344
94 8 21.429395566900006 7.942669457500004 12.258833442600000 -0.000280982677739 0.002020667312007 -0.001015018918087
102 8 23.016848881199998 7.026158843900003 9.666525792999996 -0.001214219192014 0.002216251283122 -0.000198658885090
110 8 21.429393533100001 9.775701616500001 9.666529521300001 0.001065544825541 -0.000591947398522 0.001282669869928
126 8 19.180698912700002 9.240961061100004 11.232627459799998 -0.000420153350026 0.001859504543089 0.001434150917437
134 8 19.180709763900005 6.644398071300002 9.396583635799999 -0.000199856739888 -0.000167362776583 -0.000253638441395
150 8 21.429391484400004 7.942663574800001 7.560546762400000 0.001106214521842 0.000613337990974 -0.002404644394515
160 8 23.016855623200005 10.692226291400004 7.560555002900000 -0.000149730849620 -0.001377031534107 -0.002105982965159
168 8 19.180723212599993 11.073986469400005 7.830487589900000 -0.000220641471912 0.000008940378973 -0.000203847633686
62 7 24.934923971800000 9.966587471600000 11.745738510299995 0.000398761388928 -0.006029158023125 -0.000975163338121
70 8 24.604313256200005 7.942681828100003 12.258844262099997 -0.009496138415421 0.007054744594009 -0.003347710535951
86 8 24.604302759999996 9.775705435000003 9.666531706799999 -0.002096546554534 -0.000104781979515 0.000600662193956
7 1 15.344560296200003 13.288795263500004 11.745737660500000 0.000519520901744 0.000838265825898 -0.000345215341953
15 1 17.262640612500000 12.181390680000009 8.613533801700001 0.000079617885182 0.000122643246800 0.000405178093804
23 1 15.344557788300000 15.503588815399999 8.613540438400001 0.001093465883488 0.000516196402570 0.001626604797546
31 1 13.426487796399995 12.181395589400003 8.613538384300000 0.000034445895035 -0.000857123689454 0.000676797177834
39 7 17.262627163200005 16.610986685300006 11.745734611600000 0.004480835109183 0.005782167366695 0.000611292040535
95 8 17.593253881800010 14.587061761100006 12.258833442600000 0.001483589843018 -0.001035649203703 -0.001015040482403
111 8 17.593251848000001 16.420093920100001 9.666529521300001 0.001345555448200 -0.002205534034355 -0.000177763235832
119 8 17.593249127900002 11.990500490400001 11.232628962800000 0.001489903905304 -0.001332870837099 0.001397708688697
127 8 15.344557227600006 15.885353364700006 11.232627459799998 -0.001404344564939 0.000927128228108 0.001052383169878
135 8 15.344568078800005 13.288790374900007 9.396583635799999 -0.000224373265030 -0.000124612373604 -0.000253531591753
143 8 13.095880352600002 14.587079165600008 7.560553499600000 -0.001354882392934 0.000951761831698 -0.003480030913749
151 8 17.593249799300004 14.587055878400003 7.560546762400000 0.001106314314664 0.000613163658414 -0.002404636790312
175 8 13.095867367800004 11.990498335500007 11.232641519100001 -0.001375060815712 -0.000734843514853 0.001724086405899
8 1 23.016843666400000 13.288795263500004 11.745737660500000 -0.000146848936554 -0.000247463830224 -0.000160453259866
24 1 23.016841158500000 15.503588815399999 8.613540438400001 -0.000802939120806 0.000331735028969 0.000541167263886
32 1 21.098771166600002 12.181395589400003 8.613538384300000 0.000190989250176 -0.000052413819593 0.000250420016131
47 7 19.180709987699998 13.288788550000005 11.745727975299999 -0.000304252923759 0.001250761253740 0.000258857317937
55 7 19.180710411900002 15.503580461900007 8.613540254699998 -0.000264548937471 0.002100962531090 0.001638441128177
63 7 21.098782286700004 16.610979775200004 11.745738510299995 -0.005265133791107 0.003780917346601 -0.000975105905369
71 8 20.768171571100002 14.587074131700003 12.258844262099997 -0.001384927663373 -0.000408402935832 -0.000941338520248
79 8 19.180716222899996 17.336616904300001 12.258847990200001 0.001374390455375 -0.011809004237544 -0.003360406066732
87 8 20.768161074900000 16.420097738599999 9.666531706799999 -0.001116200476862 -0.001802771104954 0.000600671164242
103 8 19.180707196099995 13.670551147500003 9.666525792999996 0.000043187080995 0.001166964818619 0.001261771411991
128 8 23.016840597800005 15.885353364700006 11.232627459799998 0.001619878370144 0.001323148311888 0.001332805906645
136 8 23.016851449000004 13.288790374900007 9.396583635799999 0.000109204376607 0.000039610985817 -0.000124177654610
144 8 20.768163722800004 14.587079165600008 7.560553499600000 -0.001274490857279 0.000463759822279 -0.002063479526032
176 8 20.768150737999996 11.990498335500007 11.232641519100001 -0.001614531453790 -0.000877136248403 0.001174831036548
16 1 24.934923982700003 12.181390680000009 8.613533801700001 -0.000218545052287 -0.000953010303440 0.000637533166431
40 7 24.934910533400007 16.610986685300006 11.745734611600000 -0.000066405904335 -0.000251145080160 -0.000494671398891
48 7 26.852993357900004 13.288788550000005 11.745727975299999 -0.000462966567410 -0.000208148228164 -0.000267016002968
56 7 26.852993782099993 15.503580461900007 8.613540254699998 -0.000420842659782 0.000037706222777 0.001298925637940
64 7 28.771065656899999 16.610979775200004 11.745738510299995 0.001027157628665 0.000873710665770 0.000122336638583
72 8 28.440454941300004 14.587074131700003 12.258844262099997 -0.001990615308540 0.000208187051811 -0.001270809487613
80 8 26.852999593099998 17.336616904300001 12.258847990200001 -0.000802159852773 -0.001885722827419 -0.001283371496558
88 8 28.440444445099999 16.420097738599999 9.666531706799999 -0.002145139701615 -0.001264843438180 0.000584970972889
96 8 25.265537252000023 14.587061761100006 12.258833442600000 0.001711912420605 0.001133708732715 -0.001183208868365
104 8 26.852990566300001 13.670551147500003 9.666525792999996 0.000157327686083 0.002178483928816 0.001198053866623
112 8 25.265535218199997 16.420093920100001 9.666529521300001 0.001998607085768 -0.000998850607635 0.001218946791709
120 8 25.265532498100001 11.990500490400001 11.232628962800000 0.002045417601836 0.000702015667655 0.001296373016629
152 8 25.265533169500006 14.587055878400003 7.560546762400000 0.001978575335055 0.001116890716621 -0.001828284734393
