ITEM: TIMESTEP
0
ITEM: NUMBER OF ATOMS
176
ITEM: BOX BOUNDS xy xz yz pp pp pp
0.0000000000000000e+00 3.0689133480799999e+01 7.6722833701999980e+00
0.0000000000000000e+00 1.7718379476200003e+01 7.6722833702000024e+00
0.0000000000000000e+00 1.2528786279200000e+01 4.4295948690000015e+00
ITEM: ATOMS id type x y z fx fy fz
25 1 5.754204426199998 3.322205851300000 2.349145244699999 0.004536825321814 0.001348744723222 -0.000202157597063
137 8 5.423596982400004 5.727889427500000 1.296160360000000 -0.002748711826215 0.001447851478113 -0.001149192840436
161 8 3.836156472199998 2.214796731300001 1.566094450300000 -0.001212198586787 -0.000573490709977 -0.000223513053460
169 8 5.423583997600000 3.131308597400002 4.968248379499999 -0.002307437277867 -0.001029419974453 0.002048093358161
1 1 7.672276926000002 4.429605525400001 5.481344520900000 0.000106792390329 -0.001206114543682 -0.004000515619780
9 1 9.590357242299998 3.322200941900001 2.349140662099999 -0.006162642619654 0.004734433521960 -0.007704809512991
41 7 11.508426617500000 4.429598811900002 5.481334835700000 -0.002160796504359 -0.003121828986896 0.001254108602608
89 8 9.920970511600007 5.727872023000002 5.994440303000000 0.002338772166603 0.002768220487665 -0.002062353090110
97 8 11.508423825899998 4.811361409400002 3.402132653400000 0.004210757160539 0.013292111166086 -0.000743162300743
113 8 9.920965757699999 3.131310752300001 4.968235823200000 0.003452124608819 0.000144402610552 0.004512855704311
129 8 7.672284708600001 4.429600636800002 3.132190496199999 -0.007265719815681 0.000565274904844 0.006306411738456
145 8 9.915966429099983 5.719205886262164 1.296153622799999 0.059172219371912 0.064100148028172 0.050777531099827
153 8 7.672288882800000 1.833036553300000 1.296161863300000 -0.002495496179489 -0.004713298492953 -0.001721520031521
162 8 11.508439842400000 2.214796731300001 1.566094450300000 0.005923825869251 -0.002969141525068 -0.000928044725834
2 1 15.344560296200001 4.429605525400001 5.481344520900000 0.000662687208251 -0.000918455490944 0.000806466841169
10 1 17.262640612500000 3.322200941900001 2.349140662099999 0.000981069048327 -0.000410974822674 -0.000024599838870
26 1 13.426487796400002 3.322205851300000 2.349145244699999 -0.001819125044706 -0.003998599823692 -0.000295468353454
65 8 13.095888200900001 5.727884393600002 5.994451122499998 -0.001666126167257 0.001919794097154 -0.002440769022384
90 8 17.593253881800006 5.727872023000002 5.994440303000000 0.000767652688238 0.001052898624096 -0.001263368689528
114 8 17.593249127900009 3.131310752300001 4.968235823200000 0.001371468026023 -0.000801433713046 0.001347848605565
130 8 15.344568078800005 4.429600636800002 3.132190496199999 -0.000689810327833 0.001290160634782 -0.000218670785630
138 8 13.095880352600009 5.727889427500000 1.296160360000000 -0.009991928518332 0.006096104213517 0.002626716697460
146 8 17.593249799300011 5.727866140300000 1.296153622799999 0.000717469602893 0.001229160853322 -0.001345298134671
154 8 15.344572252999999 1.833036553300000 1.296161863300000 0.000076398861706 -0.001792443088600 -0.001644039841395
170 8 13.095867367800004 3.131308597400002 4.968248379499999 -0.001531591522763 -0.000078376295515 0.001211946109614
42 7 19.180709987699998 4.429598811900002 5.481334835700000 0.000595484008877 -0.000186742213714 -0.000170387945644
66 8 20.768171571100002 5.727884393600002 5.994451122499998 -0.001731996505897 0.001146623545753 -0.001400433952357
98 8 19.180707196099995 4.811361409400002 3.402132653400000 -0.000510306428860 0.002144526167205 0.001696927054814
3 1 11.508418611100000 11.073997829000001 5.481344520900000 0.000112714947201 0.001319826338859 0.001325879299589
17 1 7.672274418099999 6.644399077300000 2.349147298800000 -0.003194750998993 -0.013194916295339 -0.003155935342596
27 1 9.590346111300001 9.966598154900002 2.349145244699999 -0.003467785598801 0.004445816999835 0.000289008197950
33 7 9.590343793000001 7.751796947200008 5.481341472000000 -0.003132667947389 -0.000813282239117 0.007054147179440
49 7 11.508427041700001 6.644390723800001 2.349147115100000 -0.020762851290412 -0.022023582011741 -0.009840413511092
73 8 11.508432852700000 8.477427166200002 5.994454850600000 -0.000249789500051 -0.002528096991494 -0.003002925769728
105 8 9.920968477800001 7.560904182000002 3.402136381700000 0.009198359438351 -0.008736002482795 -0.013444499942977
121 8 7.672273857400003 7.026163626600007 4.968234320200000 0.002296168500442 0.002941107246016 0.001626719606759
131 8 11.508426393700001 11.073992940400007 3.132190496199999 -0.000077005868568 -0.002235080592114 -0.000542702367950
155 8 11.508430567899998 8.477428856900005 1.296161863300000 -0.003652456219486 -0.014051259920241 0.002402535036408
163 8 7.672298157300000 8.859189034900005 1.566094450300000 0.001983986295131 0.001687319381859 -0.000168260540202
171 8 9.259725682700001 9.775700901000002 4.968248379499999 -0.000442416922395 -0.002326468224658 0.000191842466615
11 1 13.426498927399999 9.966593245500007 2.349140662099999 0.003067475478653 0.004757343324967 0.000174129519575
18 1 15.344557788300000 6.644399077300000 2.349147298800000 0.004585362466384 -0.000764455899352 -0.000257585734885
28 1 17.262629481500003 9.966598154900002 2.349145244699999 0.001281290270406 0.001057271335189 0.000134246698863
34 7 17.262627163200005 7.751796947200008 5.481341472000000 0.001596090779955 -0.000037802195204 0.001231933297779
43 7 15.344568302600003 11.073991115500002 5.481334835700000 0.000966912236838 0.001609228290311 0.001033764458802
57 7 13.426498916499998 7.751790037100004 5.481345370700000 0.002144533423354 0.000735476061081 0.008786477343674
81 8 13.095877704700001 7.560908000500002 3.402138567200000 -0.017780451595745 -0.010284949197628 -0.010563026876911
99 8 15.344565510999997 11.455753713000002 3.402132653400000 -0.000821093941406 -0.000337181251068 0.001622201428455
106 8 17.593251848000001 7.560904182000002 3.402136381700000 0.000345359303066 -0.000736612350325 0.001351829406674
115 8 13.757107442799997 9.775703055900001 4.968235823200000 0.000884114632784 -0.002864623354522 0.000006198170041
122 8 15.344557227600001 7.026163626600007 4.968234320200000 -0.002016895146667 0.002344080208125 0.000136046890202
164 8 15.344581527500001 8.859189034900005 1.566094450300000 -0.001553216908389 -0.000476204899421 0.000593168412266
172 8 16.932009052900014 9.775700901000002 4.968248379499999 -0.001959933522364 -0.001181655515873 0.001145653682569
4 1 19.180701981300000 11.073997829000001 5.481344520900000 -0.000397252201933 0.000080760444318 -0.000270159534733
12 1 21.098782297600000 9.966593245500007 2.349140662099999 -0.000876969456693 -0.000196527534447 0.000080565268199
44 7 23.016851672799998 11.073991115500002 5.481334835700000 -0.001507752976047 0.000777158871051 0.000772950058274
50 7 19.180710411899998 6.644390723800001 2.349147115100000 0.002020805693365 -0.000545191498649 -0.000578862286593
58 7 21.098782286699997 7.751790037100004 5.481345370700000 -0.000573104044011 -0.000328049994031 -0.000406054888822
74 8 19.180716222899989 8.477427166200002 5.994454850600000 -0.000154022590506 -0.001654042453777 -0.001592227107118
82 8 20.768161074900000 7.560908000500002 3.402138567200000 -0.002379730007905 -0.000545718406033 0.002049040101409
100 8 23.016848881199998 11.455753713000002 3.402132653400000 0.000880355685617 0.001247202857761 0.001266352786517
116 8 21.429390813000008 9.775703055900001 4.968235823200000 0.002060074679231 -0.000658315020733 0.001513028826787
132 8 19.180709763900005 11.073992940400007 3.132190496199999 0.000153467465542 -0.000930134390671 0.000277763065627
156 8 19.180713938099998 8.477428856900005 1.296161863300000 -0.000299896627462 -0.001638456055061 -0.001635907714048
19 1 11.508416103199997 13.288791380900006 2.349147298800000 0.000674503504573 0.001822176070391 -0.000181661564114
123 8 11.508415542500002 13.670555930200003 4.968234320200000 -0.000177085633497 0.001258315459128 0.001376080631149
139 8 9.259738667499999 12.372281731100001 1.296160360000000 -0.001234667007786 0.000063278105310 -0.001517854188519
35 7 13.426485478100000 14.396189250800001 5.481341472000000 0.001164221353083 0.000756756037520 -0.000852002332157
51 7 15.344568726800000 13.288783027399999 2.349147115100000 0.002068562777766 0.004734193326853 -0.000574703417666
59 7 17.262640601600001 14.396182340700005 5.481345370700000 -0.000594100546622 0.001476051886736 -0.002935976384870
67 8 16.932029885999999 12.372276697200000 5.994451122499998 -0.001612579908782 -0.000164589127860 -0.000916757287617
75 8 15.344574537799998 15.121819469800011 5.994454850600000 -0.000419204437600 -0.002029276628275 -0.000977106624019
83 8 16.932019389799994 14.205300304100005 3.402138567200000 -0.002491060057133 -0.005860159866703 0.003998228981875
91 8 13.757112196700003 12.372264326600002 5.994440303000000 0.000965879667274 0.000176141913902 -0.001092279142822
107 8 13.757110162900000 14.205296485600002 3.402136381700000 0.000968586012875 -0.001518093148276 0.001983098726942
140 8 16.932022037700008 12.372281731100001 1.296160360000000 -0.001620012051323 -0.000159536778960 -0.001818234236620
147 8 13.757108114200003 12.372258443900009 1.296153622799999 0.000693169818858 -0.000778274403440 -0.001562836611105
20 1 19.180699473400008 13.288791380900006 2.349147298800000 -0.001362035069275 0.002053798459116 -0.000422448265601
36 7 21.098768848300001 14.396189250800001 5.481341472000000 -0.000453607252966 -0.000626365425218 -0.000312304219311
52 7 23.016852096999997 13.288783027399999 2.349147115100000 -0.000794962716220 0.000886235313987 -0.000218644863980
76 8 23.016857907999988 15.121819469800011 5.994454850600000 -0.000054934590875 -0.001589585374154 -0.001483116651542
92 8 21.429395566900006 12.372264326600002 5.994440303000000 0.001088174119843 0.000339617103884 -0.000505508591588
108 8 21.429393533100004 14.205296485600002 3.402136381700000 0.002322337347838 -0.000693359499631 0.001492904983072
124 8 19.180698912699995 13.670555930200003 4.968234320200000 0.000785437367817 0.001622205013869 0.001953736904142
148 8 21.429391484400018 12.372258443900009 1.296153622799999 0.002271070143078 0.000735030717801 -0.001433917722101
60 7 24.934923971800007 14.396182340700005 5.481345370700000 0.000309193359500 0.000737851388273 -0.000016029742111
68 8 24.604313256200001 12.372276697200000 5.994451122499998 -0.001415698438655 0.000216260661538 -0.001658681092039
84 8 24.604302760000003 14.205300304100005 3.402138567200000 -0.001666101631270 -0.001205710823837 0.001342592176946
29 1 9.590346111300004 5.537003285800003 8.613538384300000 -0.000009448983238 -0.000258686506776 0.000218850199305
157 8 11.508430567900000 4.047833987800002 7.560555002900000 0.000101364451803 -0.001579174512669 -0.001871639567209
165 8 7.672298157300002 4.429594165800001 7.830487589900000 0.000107535718315 0.000186842921460 0.000652651498985
173 8 9.259725682700003 5.346106031900003 11.232641519100001 -0.001676897762674 -0.001387745887370 0.001406692737358
13 1 13.426498927400001 5.536998376400002 8.613533801700001 0.000561025654785 0.000236441368699 0.001251711841392
30 1 17.262629481500003 5.537003285800003 8.613538384300000 0.000039068084446 0.000623004689850 0.001387274632472
117 8 13.757107442800002 5.346108186800002 11.232628962800000 -0.000245256982593 -0.002881666549307 0.000666710687780
166 8 15.344581527500001 4.429594165800001 7.830487589900000 -0.000354391784355 -0.000026556678082 -0.000593332124020
174 8 16.932009052900007 5.346106031900003 11.232641519100001 -0.001210339245125 -0.003608044522065 0.000314581710794
14 1 21.098782297600003 5.536998376400002 8.613533801700001 -0.000560040818534 0.000049475352234 0.000060323543177
118 8 21.429390813000005 5.346108186800002 11.232628962800000 0.002496103104119 -0.000993075729172 0.001337684552477
158 8 19.180713938100002 4.047833987800002 7.560555002900000 -0.000051809075691 -0.001934534265116 -0.001535022812227
5 1 11.508418611100007 6.644402959900002 11.745737660500000 0.001246007915302 0.000464268055241 0.000280346045437
21 1 11.508416103199998 8.859196511800004 8.613540438400001 0.000567062521418 0.000159064189359 0.001271374493679
125 8 11.508415542500003 9.240961061100004 11.232627459799998 -0.001055125544597 0.001833720678047 0.001115593692001
133 8 11.508426393700002 6.644398071300002 9.396583635799999 -0.000231074414679 -0.000035996206815 -0.000454236024517
141 8 9.259738667500002 7.942686862000003 7.560553499600000 -0.001077797440610 0.000718051554060 -0.003563232344273
167 8 11.508439842400001 11.073986469400005 7.830487589900000 -0.000185492824458 -0.000136682000487 -0.000653687989337
37 7 13.426485478099996 9.966594381700006 11.745734611600000 0.004319849971418 -0.000422710251299 0.001996819714274
45 7 15.344568302600001 6.644396246400003 11.745727975299999 0.006873591818990 0.006000571551612 0.004236599111574
53 7 15.344568726799995 8.859188158300002 8.613540254699998 0.001547295251535 0.000384507001031 0.002894214967823
61 7 17.262640601600001 9.966587471600000 11.745738510299995 -0.008965999373373 -0.015080762919414 0.004460287149697
69 8 16.932029886000002 7.942681828100003 12.258844262099997 -0.006880145702004 -0.014628893675198 -0.016485746296401
77 8 15.344574537800005 10.692224600700005 12.258847990200001 -0.006072296574949 0.003831465767049 -0.005779021628606
85 8 16.932019389799990 9.775705435000003 9.666531706799999 -0.003008838699398 -0.001766657696610 -0.004922534049738
93 8 13.757112196700007 7.942669457500004 12.258833442600000 -0.000108270094776 0.001364475000062 -0.001718206492842
101 8 15.344565511000003 7.026158843900003 9.666525792999996 -0.000708204748918 0.001565102558300 -0.000769073636986
109 8 13.757110162900005 9.775701616500001 9.666529521300001 0.000955585627703 -0.000917826691032 0.000369503612235
142 8 16.932022037700005 7.942686862000003 7.560553499600000 -0.001495115152897 0.000494545893112 -0.002573837186800
149 8 13.757108114200001 7.942663574800001 7.560546762400000 0.000498031519208 0.000471133092793 -0.004114222676701
159 8 15.344572253000006 10.692226291400004 7.560555002900000 -0.000296292886413 -0.001395607586681 -0.002442686242497
6 1 19.180701981300004 6.644402959900002 11.745737660500000 -0.004342470495117 0.001395729252066 0.002247880067377
22 1 19.180699473400011 8.859196511800004 8.613540438400001 -0.000993781580923 -0.000558927847788 0.000510369062775
38 7 21.098768848300008 9.966594381700006 11.745734611600000 0.001153164091733 -0.003520175403212 -0.006392509315610
46 7 23.016851672800001 6.644396246400003 11.745727975299999 -0.000123810868811 -0.000459627643989 -0.000029644912876
54 7 23.016852096999990 8.859188158300002 8.613540254699998 -0.000214521996283 -0.000011259745666 0.000098322245612
78 8 23.016857907999999 10.692224600700005 12.258847990200001 -0.001628166204353 -0.001633961183034 -0.000565587274337
94 8 21.429395566900006 7.942669457500004 12.258833442600000 0.002266450176540 0.002834039115293 -0.001047579778583
102 8 23.016848881199998 7.026158843900003 9.666525792999996 0.000161677899248 0.001935329745614 0.001483472188529
110 8 21.429393533100001 9.775701616500001 9.666529521300001 0.001844797045091 -0.000391022564352 0.002381332857582
126 8 19.180698912700002 9.240961061100004 11.232627459799998 0.004768659176725 0.003591228074325 0.000599317870631
134 8 19.180709763900005 6.644398071300002 9.396583635799999 0.000494374832889 -0.000051460348731 -0.000859090166431
150 8 21.429391484400004 7.942663574800001 7.560546762400000 0.002111778664558 0.001193953628287 -0.001402788959328
160 8 23.016855623200005 10.692226291400004 7.560555002900000 -0.000027193701550 -0.001929076431532 -0.001741023777572
168 8 19.180723212599993 11.073986469400005 7.830487589900000 0.000323002846620 0.000610412369600 -0.000243119354255
62 7 24.934923971800000 9.966587471600000 11.745738510299995 0.001613755406914 -0.000407021189977 -0.000524065778052
70 8 24.604313256200005 7.942681828100003 12.258844262099997 -0.002053261010160 0.000868574974603 -0.001390679154890
86 8 24.604302759999996 9.775705435000003 9.666531706799999 -0.001835686879129 -0.000944229211333 0.001345289985837
7 1 15.344560296200003 13.288795263500004 11.745737660500000 -0.002153104443903 -0.001617109689460 -0.000586154942549
15 1 17.262640612500000 12.181390680000009 8.613533801700001 -0.000732296168016 -0.000865782647150 -0.001006539808006
23 1 15.344557788300000 15.503588815399999 8.613540438400001 -0.000060909762593 0.000050741018157 -0.000689659053086
31 1 13.426487796399995 12.181395589400003 8.613538384300000 0.000339728363313 -0.000449411489898 0.000600543285477
39 7 17.262627163200005 16.610986685300006 11.745734611600000 -0.000085977398676 0.001574765892051 -0.000770338792507
95 8 17.593253881800010 14.587061761100006 12.258833442600000 0.003023716503004 -0.000393193627528 -0.000378246380068
111 8 17.593251848000001 16.420093920100001 9.666529521300001 0.001718804939041 -0.001008213425588 0.001929242324245
119 8 17.593249127900002 11.990500490400001 11.232628962800000 0.004369215861666 0.001590764551886 0.005039985019123
127 8 15.344557227600006 15.885353364700006 11.232627459799998 0.000683652896152 0.001765663759481 0.001489631879870
135 8 15.344568078800005 13.288790374900007 9.396583635799999 0.000331173224179 0.000022062561431 0.000417973502991
143 8 13.095880352600002 14.587079165600008 7.560553499600000 -0.001713411127041 0.000683987240050 -0.001249369216114
151 8 17.593249799300004 14.587055878400003 7.560546762400000 0.002130296632091 0.000892906344436 -0.000364136873735
175 8 13.095867367800004 11.990498335500007 11.232641519100001 -0.002390294377802 0.000247671487024 0.000832971723744
8 1 23.016843666400000 13.288795263500004 11.745737660500000 0.001468854236167 0.000556119521474 -0.001170268611786
24 1 23.016841158500000 15.503588815399999 8.613540438400001 0.000243319848114 0.000305841645903 -0.000000213373253
32 1 21.098771166600002 12.181395589400003 8.613538384300000 0.000173553059919 -0.000199667973588 -0.000733560346202
47 7 19.180709987699998 13.288788550000005 11.745727975299999 0.000829924280189 0.003862760568828 -0.008774992699489
55 7 19.180710411900002 15.503580461900007 8.613540254699998 -0.000222380665475 0.000969540408728 -0.000959838253123
63 7 21.098782286700004 16.610979775200004 11.745738510299995 0.000935403859202 0.003092759439154 -0.000625744991931
71 8 20.768171571100002 14.587074131700003 12.258844262099997 -0.003151674688221 -0.001566560887402 -0.000319086684445
79 8 19.180716222899996 17.336616904300001 12.258847990200001 -0.000608999396286 -0.002561812314947 -0.001424271649068
87 8 20.768161074900000 16.420097738599999 9.666531706799999 -0.001843240964943 -0.001427138368781 0.001517187050280
103 8 19.180707196099995 13.670551147500003 9.666525792999996 0.000198708264224 0.001126711535249 0.003505125844957
128 8 23.016840597800005 15.885353364700006 11.232627459799998 -0.000505885407843 0.001025526027399 0.001495280644265
136 8 23.016851449000004 13.288790374900007 9.396583635799999 -0.000445835561276 -0.000294414833388 0.000567307853690
144 8 20.768163722800004 14.587079165600008 7.560553499600000 -0.001740146615023 0.000677812447492 -0.001150732144624
176 8 20.768150737999996 11.990498335500007 11.232641519100001 -0.002420439806122 -0.000357335529862 0.002632645687336
16 1 24.934923982700003 12.181390680000009 8.613533801700001 0.000063517445272 0.000094093281749 0.000179675455713
40 7 24.934910533400007 16.610986685300006 11.745734611600000 0.000324376418894 0.002000828856172 0.000544683844821
48 7 26.852993357900004 13.288788550000005 11.745727975299999 0.000412541545684 -0.000307080376815 0.000369354746381
56 7 26.852993782099993 15.503580461900007 8.613540254699998 -0.000046600836208 0.000534461260647 -0.000169311044936
64 7 28.771065656899999 16.610979775200004 11.745738510299995 -0.001060830201003 0.000736214284263 0.000156548368480
72 8 28.440454941300004 14.587074131700003 12.258844262099997 -0.001408389409224 0.000654603855850 -0.001435670429549
80 8 26.852999593099998 17.336616904300001 12.258847990200001 0.000327416011712 -0.002571186757731 -0.001773294421881
88 8 28.440444445099999 16.420097738599999 9.666531706799999 -0.001446970009076 -0.001080183915998 0.001471157554431
96 8 25.265537252000023 14.587061761100006 12.258833442600000 0.000853914198768 0.000233696871864 -0.000944634610895
104 8 26.852990566300001 13.670551147500003 9.666525792999996 0.000030529861966 0.001722978188722 0.001350431965748
112 8 25.265535218199997 16.420093920100001 9.666529521300001 0.001673144540989 -0.001260996423555 0.001019575319401
120 8 25.265532498100001 11.990500490400001 11.232628962800000 0.001274482035531 -0.000824909630659 0.001520982819714
152 8 25.265533169500006 14.587055878400003 7.560546762400000 0.001680888809427 0.000864854917074 -0.001352977015403
