ITEM: TIMESTEP
0
ITEM: NUMBER OF ATOMS
176
ITEM: BOX BOUNDS xy xz yz pp pp pp
0.0000000000000000e+00 3.0689133480799999e+01 7.6722833701999980e+00
0.0000000000000000e+00 1.7718379476200003e+01 7.6722833702000024e+00
0.0000000000000000e+00 1.2528786279200000e+01 4.4295948690000015e+00
ITEM: ATOMS id type x y z fx fy fz
25 1 5.754204426199998 3.322205851300000 2.349145244699999 0.001313951962527 0.002244654955148 0.000355214908584
137 8 5.423596982400004 5.727889427500000 1.296160360000000 -0.006274964465339 -0.000892457776137 -0.004142400598128
161 8 3.836156472199998 2.214796731300001 1.566094450300000 -0.000785117115426 -0.000528983229809 -0.000217574467219
169 8 5.423583997600000 3.131308597400002 4.968248379499999 -0.001878854160063 -0.001720592808195 0.001645036743094
1 1 7.672276926000002 4.429605525400001 5.481344520900000 -0.000821577388714 0.004500978774461 -0.002411276896974
9 1 9.590357242299998 3.322200941900001 2.349140662099999 -0.004552244892920 -0.000233447104616 0.000324586434460
41 7 11.508426617500000 4.429598811900002 5.481334835700000 -0.002684289562346 -0.002539250669683 0.006618089643724
89 8 9.920970511600007 5.727872023000002 5.994440303000000 0.005375548664474 -0.002014395318179 -0.000538090195309
97 8 11.508423825899998 4.811361409400002 3.402132653400000 0.000442612347183 0.011685043160479 -0.002668247972088
113 8 9.920965757699999 3.131310752300001 4.968235823200000 0.003670329659925 -0.000483115681446 0.001072313652237
129 8 7.672284708600001 4.429600636800002 3.132190496199999 0.000349185804840 -0.006785647813716 0.000988176646115
145 8 9.920966429100000 5.727866140300000 1.296153622799999 0.013802335831554 0.003145391642342 0.000926744744547
153 8 7.672288882800000 1.833036553300000 1.296161863300000 0.000510546219669 -0.002363857486428 -0.001555890514725
162 8 11.508439842400000 2.214796731300001 1.566094450300000 0.000716082330006 0.001311496703993 0.000278881910232
2 1 15.344560296200001 4.429605525400001 5.481344520900000 0.001356936256270 -0.000951544981110 0.001006882872677
10 1 17.262640612500000 3.322200941900001 2.349140662099999 0.001376433911743 -0.000390526707642 -0.000105128334748
26 1 13.426487796400002 3.322205851300000 2.349145244699999 0.001846949840007 -0.004315109080464 0.000190340687812
65 8 13.095888200900001 5.727884393600002 5.994451122499998 -0.001708019949106 0.001643568945349 -0.002748408168815
90 8 17.593253881800006 5.727872023000002 5.994440303000000 0.000516190854290 0.001270814778843 -0.001434066667537
114 8 17.593249127900009 3.131310752300001 4.968235823200000 0.000712178337786 -0.000559957201901 0.000969357038938
130 8 15.344568078800005 4.429600636800002 3.132190496199999 -0.001230370649104 0.000936191044831 -0.000532992991184
138 8 13.095880352600009 5.727889427500000 1.296160360000000 -0.017752364765243 0.010136437719151 0.010419239312451
146 8 17.593249799300011 5.727866140300000 1.296153622799999 -0.000516707169584 0.000688433143668 -0.001438552947591
154 8 15.344572252999999 1.833036553300000 1.296161863300000 -0.000515410221953 -0.000673393469310 -0.001414827104006
170 8 13.095867367800004 3.131308597400002 4.968248379499999 -0.002044995515141 0.000441624236322 0.000437315527310
42 7 19.180709987699998 4.429598811900002 5.481334835700000 0.001682617688379 0.000938885751390 -0.000319206426645
66 8 20.768171571100002 5.727884393600002 5.994451122499998 -0.003918054090592 -0.001029797556738 -0.000430211772288
98 8 19.180707196099995 4.811361409400002 3.402132653400000 -0.000789035532803 0.001306818261149 0.001776808000561
3 1 11.508418611100000 11.073997829000001 5.481344520900000 -0.002336189466251 0.001098501217175 0.000422740164927
17 1 7.672274418099999 6.644399077300000 2.349147298800000 0.001151236384010 0.007508948692265 0.007708351745355
27 1 9.590346111300001 9.966598154900002 2.349145244699999 -0.012808259213493 -0.003792782816455 0.003088923057302
33 7 9.590343793000001 7.751796947200008 5.481341472000000 -0.017374562791000 -0.000094979172371 -0.004455704254481
49 7 11.508427041700001 6.644390723800001 2.349147115100000 -0.029698708039729 0.006971177774444 0.009743725982495
73 8 11.508432852700000 8.477427166200002 5.994454850600000 0.003069958149735 -0.002951360660570 -0.005106346114725
105 8 9.910968477800001 7.560904182000002 3.402136381700000 0.084969882990403 -0.019057941888775 -0.050573914009617
121 8 7.672273857400003 7.026163626600007 4.968234320200000 -0.015614564311599 -0.001358264657671 0.016467787640785
131 8 11.508426393700001 11.073992940400007 3.132190496199999 0.002411943902040 -0.001045423462957 0.000228441439304
155 8 11.508430567899998 8.477428856900005 1.296161863300000 -0.003016714122745 -0.012340268745659 0.013381620583372
163 8 7.672298157300000 8.859189034900005 1.566094450300000 -0.003199562208209 0.006643748558851 -0.006246274740497
171 8 9.259725682700001 9.775700901000002 4.968248379499999 0.000465861947607 0.007023226758058 0.005650870269301
11 1 13.426498927399999 9.966593245500007 2.349140662099999 0.001936494337163 0.005416709916498 -0.000259865123118
18 1 15.344557788300000 6.644399077300000 2.349147298800000 0.005785466399025 -0.000473489089529 -0.000170956404393
28 1 17.262629481500003 9.966598154900002 2.349145244699999 0.002131645436960 0.000365192041969 0.000114424557313
34 7 17.262627163200005 7.751796947200008 5.481341472000000 0.003315323813644 0.000416772291928 0.000631641934145
43 7 15.344568302600003 11.073991115500002 5.481334835700000 0.001108543763644 0.001081270913131 0.000995815494552
57 7 13.426498916499998 7.751790037100004 5.481345370700000 0.003693320841683 0.001268466271765 0.009008774415438
81 8 13.095877704700001 7.560908000500002 3.402138567200000 -0.014025169131640 -0.003926651606293 -0.002589285377344
99 8 15.344565510999997 11.455753713000002 3.402132653400000 -0.000403430111562 0.001084480828211 0.001476447997148
106 8 17.593251848000001 7.560904182000002 3.402136381700000 -0.000457891980165 -0.000851182708243 0.001767382283078
115 8 13.757107442799997 9.775703055900001 4.968235823200000 0.001254082452534 -0.002752597190232 0.000402968907511
122 8 15.344557227600001 7.026163626600007 4.968234320200000 -0.002438149071139 0.001943758444032 0.000301658413155
164 8 15.344581527500001 8.859189034900005 1.566094450300000 -0.002030482013830 -0.000981899183320 0.000602896239422
172 8 16.932009052900014 9.775700901000002 4.968248379499999 -0.002338944211133 -0.000904943101801 0.001296022488934
4 1 19.180701981300000 11.073997829000001 5.481344520900000 0.001165960380159 -0.000804465313780 -0.000443755928183
12 1 21.098782297600000 9.966593245500007 2.349140662099999 0.003256584803928 -0.003064114012914 0.000231371030578
44 7 23.016851672799998 11.073991115500002 5.481334835700000 0.001581743028614 -0.003733204373080 -0.001771400647343
50 7 19.180710411899998 6.644390723800001 2.349147115100000 0.004891113916589 0.000576346596754 0.000476561848007
58 7 21.098782286699997 7.751790037100004 5.481345370700000 0.008566697747359 -0.002896609959183 -0.004003103569128
74 8 19.180716222899989 8.477427166200002 5.994454850600000 -0.003110657469850 -0.001191252099156 -0.000733065962758
82 8 20.768161074900000 7.560908000500002 3.402138567200000 -0.005359477390265 -0.000259604749986 0.001534817475378
100 8 23.016848881199998 11.455753713000002 3.402132653400000 0.000038601164680 0.003088041771628 0.001107773047460
116 8 21.429390813000008 9.775703055900001 4.968235823200000 0.001210211539114 0.000838678591587 0.001742950726039
132 8 19.180709763900005 11.073992940400007 3.132190496199999 -0.001144081827934 0.000592184883626 0.000283696531625
156 8 19.180713938099998 8.477428856900005 1.296161863300000 -0.000880598240878 -0.001603887705339 -0.002046119218334
19 1 11.508416103199997 13.288791380900006 2.349147298800000 -0.000477036855593 0.000465547117307 -0.000077396067291
123 8 11.508415542500002 13.670555930200003 4.968234320200000 0.000357148241140 0.001544653215758 0.001418292864410
139 8 9.259738667499999 12.372281731100001 1.296160360000000 -0.001616801435798 0.001668431806124 -0.002193206452357
35 7 13.426485478100000 14.396189250800001 5.481341472000000 0.000276358379988 0.000967278608547 -0.000150660220156
51 7 15.344568726800000 13.288783027399999 2.349147115100000 0.000126946256169 0.001132251241936 0.000120527892548
59 7 17.262640601600001 14.396182340700005 5.481345370700000 -0.000526879822952 -0.000066823274179 0.000263178363858
67 8 16.932029885999999 12.372276697200000 5.994451122499998 -0.002228522528841 0.000484431707064 -0.001522375617750
75 8 15.344574537799998 15.121819469800011 5.994454850600000 -0.000104345542621 -0.002621053762340 -0.001404077338275
83 8 16.932019389799994 14.205300304100005 3.402138567200000 -0.001544036474434 -0.001026428718594 0.001457371591040
91 8 13.757112196700003 12.372264326600002 5.994440303000000 0.001751956862101 0.000610705358110 -0.001428424046008
107 8 13.757110162900000 14.205296485600002 3.402136381700000 0.001641650741872 -0.001461016858864 0.001638435689147
140 8 16.932022037700008 12.372281731100001 1.296160360000000 -0.001831575453678 0.000720376621414 -0.001486757800588
147 8 13.757108114200003 12.372258443900009 1.296153622799999 0.001706126185523 0.000007111368323 -0.001082738203338
20 1 19.180699473400008 13.288791380900006 2.349147298800000 0.000266265035707 -0.001250795580297 0.000027778379953
36 7 21.098768848300001 14.396189250800001 5.481341472000000 0.000623585839733 -0.001920606903283 0.000529951028548
52 7 23.016852096999997 13.288783027399999 2.349147115100000 0.000295182315628 -0.002022044200820 0.000480755651179
76 8 23.016857907999988 15.121819469800011 5.994454850600000 -0.000569501797086 -0.001479001188042 -0.001587383201996
92 8 21.429395566900006 12.372264326600002 5.994440303000000 0.000941430148513 0.002150591856280 -0.001054371310303
108 8 21.429393533100004 14.205296485600002 3.402136381700000 0.001292748658197 0.000131497871373 0.001549820661450
124 8 19.180698912699995 13.670555930200003 4.968234320200000 0.000220001816945 0.002210078246848 0.001373299303081
148 8 21.429391484400018 12.372258443900009 1.296153622799999 0.001787874986421 0.001660140375573 -0.001513333084913
60 7 24.934923971800007 14.396182340700005 5.481345370700000 -0.000126620681016 -0.000455090253230 -0.000135810866886
68 8 24.604313256200001 12.372276697200000 5.994451122499998 -0.001168894217733 0.001919958931151 -0.000948636009429
84 8 24.604302760000003 14.205300304100005 3.402138567200000 -0.001598818947455 -0.000623529521276 0.001449258821289
29 1 9.590346111300004 5.537003285800003 8.613538384300000 -0.000764593934281 0.000619435799306 -0.000577648515261
157 8 11.508430567900000 4.047833987800002 7.560555002900000 0.000533599685560 -0.001799173608277 -0.002444310919596
165 8 7.672298157300002 4.429594165800001 7.830487589900000 0.000146290791111 -0.000384900582331 0.000919283243374
173 8 9.259725682700003 5.346106031900003 11.232641519100001 -0.001325296803317 -0.000845076049633 0.001463973696822
13 1 13.426498927400001 5.536998376400002 8.613533801700001 -0.000265996976357 -0.000059624677801 0.000762706405749
30 1 17.262629481500003 5.537003285800003 8.613538384300000 0.000602854263835 -0.000019568788984 -0.000067023020759
117 8 13.757107442800002 5.346108186800002 11.232628962800000 0.000920999032868 -0.000709849805278 0.000530251907785
166 8 15.344581527500001 4.429594165800001 7.830487589900000 -0.000534228397087 0.000307887102261 -0.000507132806845
174 8 16.932009052900007 5.346106031900003 11.232641519100001 -0.001219914972844 -0.000898661578341 0.001354858942887
14 1 21.098782297600003 5.536998376400002 8.613533801700001 0.000379239051780 0.000468191902334 -0.001358172876567
118 8 21.429390813000005 5.346108186800002 11.232628962800000 0.001378428097800 -0.000075656392344 0.001288071204920
158 8 19.180713938100002 4.047833987800002 7.560555002900000 -0.000305649617997 -0.002085487392905 -0.001082589565188
5 1 11.508418611100007 6.644402959900002 11.745737660500000 0.000012197157035 0.000426901484899 0.000106742809974
21 1 11.508416103199998 8.859196511800004 8.613540438400001 -0.000984349947592 0.000005601557920 0.001009672459436
125 8 11.508415542500003 9.240961061100004 11.232627459799998 -0.000454399951145 0.001311873994939 0.000899403338455
133 8 11.508426393700002 6.644398071300002 9.396583635799999 0.000648827555363 -0.000145410121364 0.000303340572626
141 8 9.259738667500002 7.942686862000003 7.560553499600000 -0.002988786674623 0.001602811666724 0.004778911300023
167 8 11.508439842400001 11.073986469400005 7.830487589900000 0.000128376935222 -0.000206764641945 -0.000357755887784
37 7 13.426485478099996 9.966594381700006 11.745734611600000 0.001150402955315 0.000932985058426 0.002941815577148
45 7 15.344568302600001 6.644396246400003 11.745727975299999 -0.000981669144996 0.000298992519071 0.000537742263131
53 7 15.344568726799995 8.859188158300002 8.613540254699998 0.000485378259395 0.000678027380806 0.000861731277359
61 7 17.262640601600001 9.966587471600000 11.745738510299995 -0.003850918534273 0.000366153927221 -0.001020616919155
69 8 16.932029886000002 7.942681828100003 12.258844262099997 -0.001021908646347 0.001013313032369 -0.001327610445357
77 8 15.344574537800005 10.692224600700005 12.258847990200001 0.001358802306183 -0.002880288686176 -0.004579171421213
85 8 16.932019389799990 9.775705435000003 9.666531706799999 -0.001346853878950 -0.000941428146184 0.001684997396708
93 8 13.757112196700007 7.942669457500004 12.258833442600000 0.001678595090998 0.000450890007743 -0.001892494411038
101 8 15.344565511000003 7.026158843900003 9.666525792999996 -0.000123946124326 0.001829536708287 0.001109297236665
109 8 13.757110162900005 9.775701616500001 9.666529521300001 0.001708012065155 -0.001260191385231 0.000568690716274
142 8 16.932022037700005 7.942686862000003 7.560553499600000 -0.002111909493575 0.000763075005848 -0.001661356889284
149 8 13.757108114200001 7.942663574800001 7.560546762400000 0.001260969719168 0.000537207201673 -0.003321497249584
159 8 15.344572253000006 10.692226291400004 7.560555002900000 -0.000063905227722 -0.001998635925641 -0.001992242381718
6 1 19.180701981300004 6.644402959900002 11.745737660500000 -0.000323186392051 -0.000990652062331 -0.000969881955362
22 1 19.180699473400011 8.859196511800004 8.613540438400001 0.000616928683382 -0.000563313243994 -0.001248540359429
38 7 21.098768848300008 9.966594381700006 11.745734611600000 0.001878430574323 -0.001809078039191 -0.008780756513668
46 7 23.016851672800001 6.644396246400003 11.745727975299999 0.000552969994819 -0.001181753538723 -0.001006480123250
54 7 23.016852096999990 8.859188158300002 8.613540254699998 0.000863678168620 -0.001147120817134 -0.002992482467599
78 8 23.016857907999999 10.692224600700005 12.258847990200001 -0.002531173341827 -0.002160768152611 -0.000072559853094
94 8 21.429395566900006 7.942669457500004 12.258833442600000 0.000902569149033 0.003238647447526 -0.000074829906922
102 8 23.016848881199998 7.026158843900003 9.666525792999996 -0.000160168959563 0.001525679873244 0.002532451818374
110 8 21.429393533100001 9.775701616500001 9.666529521300001 0.000526557460185 -0.000057488692503 0.004318779336190
126 8 19.180698912700002 9.240961061100004 11.232627459799998 0.001323945447297 0.002400429473405 0.002423390169299
134 8 19.180709763900005 6.644398071300002 9.396583635799999 -0.000241518527368 0.000122747702272 0.000653528598205
150 8 21.429391484400004 7.942663574800001 7.560546762400000 0.001187100661541 0.001541767622113 0.000952731967552
160 8 23.016855623200005 10.692226291400004 7.560555002900000 -0.000367244846322 -0.001292441225946 -0.000432460884916
168 8 19.180723212599993 11.073986469400005 7.830487589900000 -0.000203050113466 0.000251102934919 0.000514424574234
62 7 24.934923971800000 9.966587471600000 11.745738510299995 0.001810155987067 0.000022897669878 -0.000800224329481
70 8 24.604313256200005 7.942681828100003 12.258844262099997 -0.002191550336819 0.000832594025748 -0.001261330829488
86 8 24.604302759999996 9.775705435000003 9.666531706799999 -0.001386705195536 -0.000505213817784 0.002256088010225
7 1 15.344560296200003 13.288795263500004 11.745737660500000 -0.000850237410800 -0.000653055948142 0.003837106028579
15 1 17.262640612500000 12.181390680000009 8.613533801700001 -0.000408591968579 0.000069322607804 -0.000189737483889
23 1 15.344557788300000 15.503588815399999 8.613540438400001 -0.000105516496349 0.000314072750254 -0.000057149180741
31 1 13.426487796399995 12.181395589400003 8.613538384300000 0.000229813873697 0.000116343454071 0.000622409434236
39 7 17.262627163200005 16.610986685300006 11.745734611600000 -0.000401449850085 0.000012780972491 0.000411955422389
95 8 17.593253881800010 14.587061761100006 12.258833442600000 0.003576212594442 -0.000198088005281 -0.001565525677365
111 8 17.593251848000001 16.420093920100001 9.666529521300001 0.001959429933348 -0.001093642520625 0.001607308793407
119 8 17.593249127900002 11.990500490400001 11.232628962800000 0.003649470216449 -0.000578691302843 0.002087104003383
127 8 15.344557227600006 15.885353364700006 11.232627459799998 0.000621409809169 0.002070873629231 0.001383055259065
135 8 15.344568078800005 13.288790374900007 9.396583635799999 0.000174259276373 -0.000170584431336 -0.000592433086037
143 8 13.095880352600002 14.587079165600008 7.560553499600000 -0.001613312432723 0.000593375478414 -0.001615318552088
151 8 17.593249799300004 14.587055878400003 7.560546762400000 0.001942712134805 0.000973576993520 -0.001299850610140
175 8 13.095867367800004 11.990498335500007 11.232641519100001 -0.001782850200264 -0.000803041752763 0.000848870478964
8 1 23.016843666400000 13.288795263500004 11.745737660500000 0.001340259666167 0.000604792523814 -0.001489302656718
24 1 23.016841158500000 15.503588815399999 8.613540438400001 0.000244899005475 -0.000203635822959 -0.000176508490814
32 1 21.098771166600002 12.181395589400003 8.613538384300000 0.000637612594984 -0.000373338922613 -0.001338622258067
47 7 19.180709987699998 13.288788550000005 11.745727975299999 -0.002482987943898 0.002525791445443 -0.006828774914998
55 7 19.180710411900002 15.503580461900007 8.613540254699998 -0.000360093538801 0.000180817186300 -0.000196436319048
63 7 21.098782286700004 16.610979775200004 11.745738510299995 -0.000147804768911 0.001749998989938 -0.000539368574045
71 8 20.768171571100002 14.587074131700003 12.258844262099997 -0.002424253988665 -0.001054033335389 -0.000307495927094
79 8 19.180716222899996 17.336616904300001 12.258847990200001 -0.000032412462908 -0.002076060612301 -0.001579442209620
87 8 20.768161074900000 16.420097738599999 9.666531706799999 -0.001714147994990 -0.001005005735594 0.001554396099960
103 8 19.180707196099995 13.670551147500003 9.666525792999996 0.000242059201883 0.001276025287154 0.003521858203097
128 8 23.016840597800005 15.885353364700006 11.232627459799998 -0.000026154223914 0.001331775340249 0.001641308344382
136 8 23.016851449000004 13.288790374900007 9.396583635799999 -0.000252435689969 -0.000078569900123 0.000713883910454
144 8 20.768163722800004 14.587079165600008 7.560553499600000 -0.001689929495611 0.000997987837305 -0.001489458852385
176 8 20.768150737999996 11.990498335500007 11.232641519100001 -0.002130158413560 -0.001199174480694 0.002874717662033
16 1 24.934923982700003 12.181390680000009 8.613533801700001 -0.000399177680279 -0.000328464494741 -0.000571455785663
40 7 24.934910533400007 16.610986685300006 11.745734611600000 0.000962814108947 -0.000218367805861 0.000021922235571
48 7 26.852993357900004 13.288788550000005 11.745727975299999 0.001025213199777 -0.000410437905669 0.001077491549462
56 7 26.852993782099993 15.503580461900007 8.613540254699998 0.000196480344458 0.000308253456783 0.000071208134932
64 7 28.771065656899999 16.610979775200004 11.745738510299995 0.000069079455937 -0.000553398054113 0.000403972330303
72 8 28.440454941300004 14.587074131700003 12.258844262099997 -0.002233459542469 0.001209682371760 -0.002163789649517
80 8 26.852999593099998 17.336616904300001 12.258847990200001 -0.000500688423907 -0.001551275390919 -0.001414245044888
88 8 28.440444445099999 16.420097738599999 9.666531706799999 -0.001731185121105 -0.000986438605713 0.001348366386916
96 8 25.265537252000023 14.587061761100006 12.258833442600000 0.000882184744341 0.001102452272818 -0.001314871677471
104 8 26.852990566300001 13.670551147500003 9.666525792999996 -0.000105237224837 0.001809464536752 0.001207955315588
112 8 25.265535218199997 16.420093920100001 9.666529521300001 0.001458983372512 -0.000885022616910 0.001557498937331
120 8 25.265532498100001 11.990500490400001 11.232628962800000 0.000718201793607 -0.000685742969026 0.001116993159609
152 8 25.265533169500006 14.587055878400003 7.560546762400000 0.001693239153078 0.000980970401991 -0.001166795045331
