ITEM: TIMESTEP
0
ITEM: NUMBER OF ATOMS
176
ITEM: BOX BOUNDS xy xz yz pp pp pp
0.0000000000000000e+00 3.0689133480799999e+01 7.6722833701999980e+00
0.0000000000000000e+00 1.7718379476200003e+01 7.6722833702000024e+00
0.0000000000000000e+00 1.2528786279200000e+01 4.4295948690000015e+00
ITEM: ATOMS id type x y z fx fy fz
25 1 5.754204426199998 3.322205851300000 2.349145244699999 0.001464609565377 -0.000145213383774 -0.000083334685910
137 8 5.423596982400004 5.727889427500000 1.296160360000000 -0.003620548175433 0.001256327410796 -0.000900579162133
161 8 3.836156472199998 2.214796731300001 1.566094450300000 -0.000583017205820 0.000991520655540 0.000633745082184
169 8 5.423583997600000 3.131308597400002 4.968248379499999 -0.003653743135220 -0.000074151119100 0.001512421326337
1 1 7.672276926000002 4.429605525400001 5.481344520900000 0.003966559618089 0.002786313607218 0.000241441685288
9 1 9.590357242299998 3.322200941900001 2.349140662099999 0.000850748765908 0.002076816033093 0.001516159170828
41 7 11.508426617500000 4.429598811900002 5.481334835700000 -0.000551337204826 0.014503324534788 0.001726246648401
89 8 9.920970511600007 5.727872023000002 5.994440303000000 -0.001620719787807 -0.007454663260529 0.000015286675471
97 8 11.508423825899998 4.811361409400002 3.402132653400000 0.000595275865485 -0.001497741777683 -0.000749108527619
113 8 9.920965757699999 3.131310752300001 4.968235823200000 0.000125088613733 -0.004434471107691 0.000799725930358
129 8 7.672284708600001 4.429600636800002 3.132190496199999 -0.000931271428758 -0.000906067456799 -0.000536903180106
145 8 9.920966429100000 5.727866140300000 1.296153622799999 0.000047810245559 -0.000778018322275 -0.004613208996579
153 8 7.672288882800000 1.833036553300000 1.296161863300000 -0.000218776960156 -0.002543333674649 -0.002151367603339
162 8 11.508439842400000 2.214796731300001 1.566094450300000 0.000312488636720 -0.000504887921265 -0.000424379734940
2 1 15.344560296200001 4.429605525400001 5.481344520900000 -0.005171728318727 -0.021137284448561 0.004129276169644
10 1 17.262640612500000 3.322200941900001 2.349140662099999 0.001058370437993 -0.002742000335429 -0.001891276533359
26 1 13.426487796400002 3.322205851300000 2.349145244699999 -0.003231444016517 -0.000252893040773 -0.000159490792066
65 8 13.095888200900001 5.727884393600002 5.994451122499998 0.015891956611371 0.005884698099083 -0.003327228491543
90 8 17.593253881800006 5.727872023000002 5.994440303000000 -0.007159529162085 0.009178209627216 -0.004501920504822
114 8 17.593249127900009 3.131310752300001 4.968235823200000 0.001021359629559 0.002139944009471 0.001446756756597
130 8 15.344568078800005 4.429600636800002 3.132190496199999 0.000826803861275 0.005348155435481 0.003885547235197
138 8 13.095880352600009 5.727889427500000 1.296160360000000 0.002093855458183 -0.000998761282321 -0.003502144018021
146 8 17.593249799300011 5.727866140300000 1.296153622799999 0.000944060174583 0.002023481853797 0.001369463723419
154 8 15.344572252999999 1.833036553300000 1.296161863300000 0.000212292544004 -0.001241584187415 -0.001230915457334
170 8 13.095867367800004 3.131308597400002 4.968248379499999 0.002060561581859 -0.003278618390882 0.000253541144628
42 7 19.180709987699998 4.429598811900002 5.481334835700000 0.006903623710577 -0.004739731495867 -0.000129454416658
66 8 20.768171571100002 5.727884393600002 5.994451122499998 -0.004781761831946 0.000244521928104 -0.001539538143881
98 8 19.180707196099995 4.811361409400002 3.402132653400000 -0.001152409510554 0.002883431228775 0.002348838708926
3 1 11.508418611100000 11.073997829000001 5.481344520900000 -0.005100704348635 -0.021027129813949 0.004108048919154
17 1 7.672274418099999 6.644399077300000 2.349147298800000 0.003925151236947 0.001191460992412 0.002567666297901
27 1 9.590346111300001 9.966598154900002 2.349145244699999 0.001948585619909 -0.003042254842941 0.004674863755460
33 7 9.590343793000001 7.751796947200008 5.481341472000000 0.047704801938733 0.013178891510538 0.009374623318257
49 7 11.508427041700001 6.644390723800001 2.349147115100000 -0.000510854272666 0.006468589391569 0.013151495296125
73 8 11.508432852700000 8.477427166200002 5.994454850600000 0.029033830879635 -0.012534482113946 -0.008938696007851
105 8 9.920968477800001 7.560904182000002 3.402136381700000 -0.001641891489343 -0.002433404407074 -0.006919401034778
121 8 7.672273857400003 7.026163626600007 4.968234320200000 -0.011624015164582 -0.001169877004501 -0.000739280003038
131 8 11.508426393700001 11.073992940400007 3.132190496199999 0.002253589061133 0.001387319513436 -0.002528703147447
155 8 11.508430567899998 8.477428856900005 1.296161863300000 0.000590483967406 -0.000237645550564 -0.004704650609714
163 8 7.672298157300000 8.859189034900005 1.566094450300000 -0.001957466091484 0.000203512636798 -0.001363943232176
171 8 9.259725682700001 9.775700901000002 4.968248379499999 -0.010363987561484 0.007178782639836 -0.001847272492663
11 1 13.426498927399999 9.966593245500007 2.349140662099999 -0.007863884864135 -0.001678563819509 -0.001075318043396
18 1 15.344557788300000 6.644399077300000 2.349147298800000 -0.005213305594249 -0.003117639674860 -0.021283692815910
28 1 17.262629481500003 9.966598154900002 2.349145244699999 0.001932086102277 0.003388666669120 -0.004413563324866
34 7 17.262627163200005 7.751796947200008 5.481341472000000 0.048109395367009 0.013218673674862 0.009402344345503
43 7 15.344568302600003 11.073991115500002 5.481334835700000 -0.000725007565809 0.014472998156752 0.001690704287924
57 7 13.436498916500000 7.751790037100004 5.481345370700000 -0.167244974268921 0.016222400272213 0.011351271046809
81 8 13.095877704700001 7.560908000500002 3.402138567200000 0.016043285851182 -0.001016794334704 0.006980415532074
99 8 15.344565510999997 11.455753713000002 3.402132653400000 0.000692960952457 -0.000586171767271 0.004050904065181
106 8 17.593251848000001 7.560904182000002 3.402136381700000 -0.007180695096370 -0.001147998721108 0.010267989731910
115 8 13.757107442799997 9.775703055900001 4.968235823200000 0.019312022871939 0.004098243227343 -0.000430218356131
122 8 15.344557227600001 7.026163626600007 4.968234320200000 0.032708732593759 -0.010164615188898 -0.007099778130636
164 8 15.344581527500001 8.859189034900005 1.566094450300000 0.002207007249286 -0.001905824167351 0.002196848790112
172 8 16.932009052900014 9.775700901000002 4.968248379499999 -0.004882198327983 -0.009493388017063 0.002697458417973
4 1 19.180701981300000 11.073997829000001 5.481344520900000 0.003967298783139 0.002809272286367 0.000243263289714
12 1 21.098782297600000 9.966593245500007 2.349140662099999 0.002398531163416 0.000043750887913 0.000068708065335
44 7 23.016851672799998 11.073991115500002 5.481334835700000 0.006889035004314 -0.004713502076169 -0.000125305565152
50 7 19.180710411899998 6.644390723800001 2.349147115100000 0.006943991966206 -0.001695239324037 -0.004372265386834
58 7 21.098782286699997 7.751790037100004 5.481345370700000 0.010022234444110 -0.000946222872704 -0.000790316830367
74 8 19.180716222899989 8.477427166200002 5.994454850600000 -0.012143322701787 -0.004995424983549 -0.003607829382162
82 8 20.768161074900000 7.560908000500002 3.402138567200000 -0.004630762154446 -0.001211396819231 0.001067983391576
100 8 23.016848881199998 11.455753713000002 3.402132653400000 -0.001191441951302 0.003197345740014 0.000392483155531
116 8 21.429390813000008 9.775703055900001 4.968235823200000 -0.001196644716307 -0.001255747197371 0.001271178391092
132 8 19.180709763900005 11.073992940400007 3.132190496199999 -0.001879477012516 -0.001276687450701 0.000650248123335
156 8 19.180713938099998 8.477428856900005 1.296161863300000 -0.001265530360652 -0.002442761938980 0.000109816188003
19 1 11.508416103199997 13.288791380900006 2.349147298800000 -0.000421383748179 -0.002001045880691 0.000610089131525
123 8 11.508415542500002 13.670555930200003 4.968234320200000 0.000474392615932 0.004374944624698 0.001290660512392
139 8 9.259738667499999 12.372281731100001 1.296160360000000 -0.001794094666110 0.001696742537278 -0.002033822055845
35 7 13.426485478100000 14.396189250800001 5.481341472000000 -0.000121999609446 0.000319613523991 -0.000074569075153
51 7 15.344568726800000 13.288783027399999 2.349147115100000 -0.000324274900027 0.002837619465629 -0.001150922797276
59 7 17.262640601600001 14.396182340700005 5.481345370700000 0.000589020104920 0.004500325517062 -0.000729185089634
67 8 16.932029885999999 12.372276697200000 5.994451122499998 -0.003423407387839 -0.002929117718852 -0.002000471749845
75 8 15.344574537799998 15.121819469800011 5.994454850600000 -0.000571500056439 -0.002762869909549 -0.001315523055214
83 8 16.932019389799994 14.205300304100005 3.402138567200000 -0.001966558935082 -0.001997808219216 0.001261230452461
91 8 13.757112196700003 12.372264326600002 5.994440303000000 0.005296619547590 -0.001282187204732 -0.002400424332723
107 8 13.757110162900000 14.205296485600002 3.402136381700000 0.001952405216336 -0.001057256939829 0.001483923676017
140 8 16.932022037700008 12.372281731100001 1.296160360000000 -0.001678554678104 0.000025594045271 -0.000971971616744
147 8 13.757108114200003 12.372258443900009 1.296153622799999 0.002491207846343 0.001166620996265 -0.001115040057044
20 1 19.180699473400008 13.288791380900006 2.349147298800000 0.000468945562567 0.001010451656803 -0.000195763508213
36 7 21.098768848300001 14.396189250800001 5.481341472000000 -0.000126384062103 0.000347285707245 -0.000073862393529
52 7 23.016852096999997 13.288783027399999 2.349147115100000 0.000266571005965 -0.001171651768279 0.000346340181211
76 8 23.016857907999988 15.121819469800011 5.994454850600000 0.000001482480221 0.000564909666465 -0.001565851513680
92 8 21.429395566900006 12.372264326600002 5.994440303000000 -0.000410287312811 0.001868019638654 -0.001155874496549
108 8 21.429393533100004 14.205296485600002 3.402136381700000 0.001515559031931 -0.000786371105896 0.001495704635277
124 8 19.180698912699995 13.670555930200003 4.968234320200000 -0.000092530396603 0.001037249137207 0.001539181193164
148 8 21.429391484400018 12.372258443900009 1.296153622799999 0.001270898495976 0.000985968893940 -0.001462844117741
60 7 24.934923971800007 14.396182340700005 5.481345370700000 0.000149966761881 -0.004340095565230 0.000654843959344
68 8 24.604313256200001 12.372276697200000 5.994451122499998 -0.002570961806155 0.003626009503583 -0.001360097111414
84 8 24.604302760000003 14.205300304100005 3.402138567200000 -0.001536762465786 0.000152968909521 0.001457425317528
29 1 9.590346111300004 5.537003285800003 8.613538384300000 0.001948615193978 0.003375233435363 -0.004400757972802
157 8 11.508430567900000 4.047833987800002 7.560555002900000 0.000590500591589 -0.004182064384445 0.000873474006773
165 8 7.672298157300002 4.429594165800001 7.830487589900000 -0.001957477675792 -0.001154590744476 0.000556694625309
173 8 9.259725682700003 5.346106031900003 11.232641519100001 -0.001827341837402 -0.000995807718879 0.002305393511003
13 1 13.426498927400001 5.536998376400002 8.613533801700001 -0.007864030746524 -0.001618247556615 -0.001160657357865
30 1 17.262629481500003 5.537003285800003 8.613538384300000 0.001932100730602 -0.003049845235452 0.004691830424233
117 8 13.757107442800002 5.346108186800002 11.232628962800000 0.002568521826090 -0.000488109066013 0.001467095765808
166 8 15.344581527500001 4.429594165800001 7.830487589900000 0.002207032703507 0.001499426537731 -0.002618965293331
174 8 16.932009052900007 5.346106031900003 11.232641519100001 -0.001711788402039 -0.000551695298920 0.000375893106935
14 1 21.098782297600003 5.536998376400002 8.613533801700001 0.002398550631137 0.000034462688768 0.000081837861414
118 8 21.429390813000005 5.346108186800002 11.232628962800000 0.001348211940028 -0.000876226176824 0.001412692473586
158 8 19.180713938100002 4.047833987800002 7.560555002900000 -0.001265507020219 -0.000377935927644 -0.002810267694455
5 1 11.508418611100007 6.644402959900002 11.745737660500000 -0.000379982872758 -0.000123461065714 -0.002115975660864
21 1 11.508416103199998 8.859196511800004 8.613540438400001 -0.005142098886978 -0.003101007698121 -0.021173126986129
125 8 11.508415542500003 9.240961061100004 11.232627459799998 0.000474404997146 0.002592230833969 0.003811862272533
133 8 11.508426393700002 6.644398071300002 9.396583635799999 0.002253621426077 -0.002019537033077 0.002289299553404
141 8 9.259738667500002 7.942686862000003 7.560553499600000 -0.010330713536323 0.000506418018552 0.007057285015700
167 8 11.508439842400001 11.073986469400005 7.830487589900000 0.000738486463978 0.005461201472144 0.003794232978691
37 7 13.426485478099996 9.966594381700006 11.745734611600000 -0.000122007723053 -0.000015930731075 0.000399939864280
45 7 15.344568302600001 6.644396246400003 11.745727975299999 -0.000364639285317 -0.000191655067019 0.003070377358681
53 7 15.344568726799995 8.859188158300002 8.613540254699998 -0.000684445929801 0.006425030145834 0.013134886102367
61 7 17.262640601600001 9.966587471600000 11.745738510299995 0.000589014602663 0.000926907690472 0.004324349821782
69 8 16.932029886000002 7.942681828100003 12.258844262099997 -0.002117567525381 0.000164576926151 -0.002345408480267
77 8 15.344574537800005 10.692224600700005 12.258847990200001 -0.000571494454176 -0.002090119659892 -0.002266947901823
85 8 16.932019389799990 9.775705435000003 9.666531706799999 -0.003272410797874 -0.002703850342600 -0.001770480182092
93 8 13.757112196700007 7.942669457500004 12.258833442600000 0.001973605530282 0.000926822403864 -0.001488333110926
101 8 15.344565511000003 7.026158843900003 9.666525792999996 0.000692965026435 0.003331583082590 -0.001489672623923
109 8 13.757110162900005 9.775701616500001 9.666529521300001 0.005275361658231 -0.002653464464471 -0.000294707327440
142 8 16.932022037700005 7.942686862000003 7.560553499600000 -0.004848972024260 -0.000766060415479 -0.010175867220412
149 8 13.757108114200001 7.942663574800001 7.560546762400000 0.019235096357180 0.000906688643812 0.003841276178892
159 8 15.344572253000006 10.692226291400004 7.560555002900000 0.000541951182486 -0.005074337628224 -0.003941054322853
6 1 19.180701981300004 6.644402959900002 11.745737660500000 0.000510351282122 0.000120602860522 0.000991931511514
22 1 19.180699473400011 8.859196511800004 8.613540438400001 0.003925948264692 0.001200847660752 0.002588710977250
38 7 21.098768848300008 9.966594381700006 11.745734611600000 -0.000126361194488 -0.000006028495932 0.000425782292835
46 7 23.016851672800001 6.644396246400003 11.745727975299999 0.000226227754239 -0.000116432701257 -0.001208681348136
54 7 23.016852096999990 8.859188158300002 8.613540254699998 0.006929420764648 -0.001682585098971 -0.004348872392691
78 8 23.016857907999999 10.692224600700005 12.258847990200001 0.000001491223216 -0.001216859737887 0.000953986342486
94 8 21.429395566900006 7.942669457500004 12.258833442600000 0.001536750818896 0.001028230660302 -0.001236871083346
102 8 23.016848881199998 7.026158843900003 9.666525792999996 -0.001191475504041 0.001143580998393 0.003296934441889
110 8 21.429393533100001 9.775701616500001 9.666529521300001 -0.000431501710485 -0.000430074095947 0.002260474256680
126 8 19.180698912700002 9.240961061100004 11.232627459799998 -0.000092542973486 0.001713956280838 0.000582167308428
134 8 19.180709763900005 6.644398071300002 9.396583635799999 -0.001879503602418 0.000089656974655 -0.001282041418577
150 8 21.429391484400004 7.942663574800001 7.560546762400000 -0.001273945166557 0.000726032121612 -0.001773486903264
160 8 23.016855623200005 10.692226291400004 7.560555002900000 -0.001227375573638 -0.000703804320604 -0.000850659541044
168 8 19.180723212599993 11.073986469400005 7.830487589900000 -0.001005455174155 -0.000798911936620 -0.000632278162823
62 7 24.934923971800000 9.966587471600000 11.745738510299995 0.000149967554653 -0.000715033941174 -0.004471754901611
70 8 24.604313256200005 7.942681828100003 12.258844262099997 -0.001687785980779 0.001066474317728 -0.000383002386484
86 8 24.604302759999996 9.775705435000003 9.666531706799999 -0.002419965561186 0.000084981529516 0.004196274191989
7 1 15.344560296200003 13.288795263500004 11.745737660500000 0.000509786149190 0.000119551443088 0.000983971392467
15 1 17.262640612500000 12.181390680000009 8.613533801700001 0.000840650014254 0.002077993307129 0.001516965027464
23 1 15.344557788300000 15.503588815399999 8.613540438400001 0.000468379844506 0.001002602142990 -0.000194105592323
31 1 13.426487796399995 12.181395589400003 8.613538384300000 -0.003225551946948 -0.000265409364570 -0.000168324152769
39 7 17.262627163200005 16.610986685300006 11.745734611600000 0.000230920189631 -0.000223398552212 -0.000102657026438
95 8 17.593253881800010 14.587061761100006 12.258833442600000 0.001516681156147 0.001408279831197 -0.002288106731928
111 8 17.593251848000001 16.420093920100001 9.666529521300001 0.001495478938652 -0.001650797905258 0.002204445186052
119 8 17.593249127900002 11.990500490400001 11.232628962800000 0.001463367337526 -0.001323209474918 0.000459880680256
127 8 15.344557227600006 15.885353364700006 11.232627459799998 -0.000127218223413 0.001774280737353 0.001342583919251
135 8 15.344568078800005 13.288790374900007 9.396583635799999 0.000393332123639 -0.000614519728923 -0.000330736390115
143 8 13.095880352600002 14.587079165600008 7.560553499600000 -0.001667968437066 0.000899568535552 -0.001675671490188
151 8 17.593249799300004 14.587055878400003 7.560546762400000 0.001386050036058 -0.000061360051504 -0.001566648200548
175 8 13.095867367800004 11.990498335500007 11.232641519100001 -0.001701207203006 -0.000923846147107 0.001434431270796
8 1 23.016843666400000 13.288795263500004 11.745737660500000 -0.000387598223539 -0.000122290629160 -0.002111089156169
24 1 23.016841158500000 15.503588815399999 8.613540438400001 -0.000429008860637 -0.001996069877768 0.000609574581181
32 1 21.098771166600002 12.181395589400003 8.613538384300000 0.001465246726531 -0.000135876438922 -0.000076728648136
47 7 19.180709987699998 13.288788550000005 11.745727975299999 -0.000354572903602 -0.000194375922464 0.003086654874871
55 7 19.180710411900002 15.503580461900007 8.613540254699998 -0.000314233265093 0.002852075627982 -0.001158925190452
63 7 21.098782286700004 16.610979775200004 11.745738510299995 -0.000667100905966 -0.000243312610961 -0.000293266364432
71 8 20.768171571100002 14.587074131700003 12.258844262099997 -0.001015595327420 0.001000337776890 -0.001352366004658
79 8 19.180716222899996 17.336616904300001 12.258847990200001 0.000093001610970 -0.001907085769524 -0.001423957030079
87 8 20.768161074900000 16.420097738599999 9.666531706799999 -0.000864560345628 -0.000782991423753 0.001718208109622
103 8 19.180707196099995 13.670551147500003 9.666525792999996 -0.000146934517361 0.001037051467723 0.001043266432506
128 8 23.016840597800005 15.885353364700006 11.232627459799998 0.000579116944470 0.001898605721344 0.001430494189413
136 8 23.016851449000004 13.288790374900007 9.396583635799999 -0.000502791671368 0.000870883600840 0.000719590544321
144 8 20.768163722800004 14.587079165600008 7.560553499600000 -0.001225781850338 0.000614473912815 -0.001688745071299
176 8 20.768150737999996 11.990498335500007 11.232641519100001 -0.001259045573676 -0.001031207706816 0.001170003350963
16 1 24.934923982700003 12.181390680000009 8.613533801700001 0.001063108598776 -0.002734596597776 -0.001886008982953
40 7 24.934910533400007 16.610986685300006 11.745734611600000 0.000225297402399 -0.000222887098548 -0.000102268249511
48 7 26.852993357900004 13.288788550000005 11.745727975299999 0.000228729728525 -0.000116406159009 -0.001219330814930
56 7 26.852993782099993 15.503580461900007 8.613540254699998 0.000269078063445 -0.001181694418962 0.000349932381600
64 7 28.771065656899999 16.610979775200004 11.745738510299995 0.000337828729069 0.000197246527879 0.000018263174143
72 8 28.440454941300004 14.587074131700003 12.258844262099997 -0.002235796822402 0.000607725406405 -0.001390537309899
80 8 26.852999593099998 17.336616904300001 12.258847990200001 -0.000608603634793 -0.002032550349142 -0.001512672964093
88 8 28.440444445099999 16.420097738599999 9.666531706799999 -0.002084778095430 -0.000949835608511 0.001360746916127
96 8 25.265537252000023 14.587061761100006 12.258833442600000 0.001409519827807 0.000960412131527 -0.000357543635034
104 8 26.852990566300001 13.670551147500003 9.666525792999996 0.000282488006170 0.002342499037381 0.001966335823763
112 8 25.265535218199997 16.420093920100001 9.666529521300001 0.001388326354500 0.000020055429810 0.001138661156783
120 8 25.265532498100001 11.990500490400001 11.232628962800000 0.001896525682983 -0.000421201480662 0.002422430998095
152 8 25.265533169500006 14.587055878400003 7.560546762400000 0.001819218240108 0.002089633695968 -0.001370419118151
