ITEM: TIMESTEP
0
ITEM: NUMBER OF ATOMS
176
ITEM: BOX BOUNDS xy xz yz pp pp pp
0.0000000000000000e+00 3.0689133480799999e+01 7.6722833701999980e+00
0.0000000000000000e+00 1.7718379476200003e+01 7.6722833702000024e+00
0.0000000000000000e+00 1.2528786279200000e+01 4.4295948690000015e+00
ITEM: ATOMS id type x y z fx fy fz
25 1 5.754204426199998 3.322205851300000 2.349145244699999 0.001055336882430 0.000859520361905 0.001089778105382
137 8 5.423596982400004 5.727889427500000 1.296160360000000 -0.002454539356358 0.000000225522329 -0.003666976429096
161 8 3.836156472199998 2.214796731300001 1.566094450300000 -0.000086618726527 0.000396721991900 -0.000844799945764
169 8 5.423583997600000 3.131308597400002 4.968248379499999 -0.002196058543427 -0.002131290640296 0.001081486167563
1 1 7.672276926000002 4.429605525400001 5.481344520900000 0.001771989942997 0.003910513869359 -0.000654836450243
9 1 9.590357242299998 3.322200941900001 2.349140662099999 -0.000013226197005 0.001721030991611 0.001110213608453
41 7 11.508426617500000 4.429598811900002 5.481334835700000 -0.005995777321532 0.002865856510493 -0.001074876775523
89 8 9.920970511600007 5.727872023000002 5.994440303000000 0.001766429847906 -0.010478268612352 0.002065004560070
97 8 11.508423825899998 4.811361409400002 3.402132653400000 0.000922891960624 -0.000072838570138 0.001315029772764
113 8 9.920965757699999 3.131310752300001 4.968235823200000 0.001859764772075 -0.002650042412755 0.001244052262350
129 8 7.672284708600001 4.429600636800002 3.132190496199999 -0.000528772480400 -0.001818355344829 -0.000882147446859
145 8 9.920966429100000 5.727866140300000 1.296153622799999 0.001218732714285 -0.000559633973697 -0.004051041265047
153 8 7.672288882800000 1.833036553300000 1.296161863300000 -0.000252890379317 -0.001539055705177 -0.001916082685773
162 8 11.508439842400000 2.214796731300001 1.566094450300000 -0.000005351262302 -0.000474727110343 -0.000429186881128
2 1 15.344560296200001 4.429605525400001 5.481344520900000 0.000141454270849 -0.001377194226614 -0.000733053216130
10 1 17.262640612500000 3.322200941900001 2.349140662099999 -0.000300726454418 -0.000039431111234 0.000485430434408
26 1 13.426487796400002 3.322205851300000 2.349145244699999 -0.000649431699649 0.000534012959019 0.000246555857290
65 8 13.095888200900001 5.727884393600002 5.994451122499998 0.000992939117754 0.003506747671709 0.000240118111243
90 8 17.593253881800006 5.727872023000002 5.994440303000000 0.000862085348523 0.001763487529495 -0.001221480356159
114 8 17.593249127900009 3.131310752300001 4.968235823200000 0.001585835676677 -0.000916581445111 0.001210411579768
130 8 15.344568078800005 4.429600636800002 3.132190496199999 0.000259609891119 -0.000064886004715 0.000354262146889
138 8 13.095880352600009 5.727889427500000 1.296160360000000 0.000045064916930 -0.000104369348045 -0.002990434837672
146 8 17.593249799300011 5.727866140300000 1.296153622799999 0.001798959090762 0.000617784714518 -0.002406553207639
154 8 15.344572252999999 1.833036553300000 1.296161863300000 0.000155518294435 -0.001095690642722 -0.001592891039556
170 8 13.095867367800004 3.131308597400002 4.968248379499999 -0.000559290360595 -0.001320552958595 0.001350728061755
42 7 19.180709987699998 4.429598811900002 5.481334835700000 0.001550998129871 0.000683521730226 0.000362536100767
66 8 20.768171571100002 5.727884393600002 5.994451122499998 -0.003927548367558 -0.000627393462494 -0.000444118404263
98 8 19.180707196099995 4.811361409400002 3.402132653400000 -0.000358502753769 0.001553822671850 0.001204886155925
3 1 11.508418611100000 11.073997829000001 5.481344520900000 -0.007886500403678 0.002555613499662 -0.011057605699357
17 1 7.672274418099999 6.644399077300000 2.349147298800000 0.002939685947173 0.001809836678086 0.004269733102689
27 1 9.590346111300001 9.966598154900002 2.349145244699999 -0.000111576098591 -0.004078748071398 0.004237342568368
33 7 9.590343793000001 7.751796947200008 5.481341472000000 -0.025575947847140 -0.009465489172285 -0.017275663358327
49 7 11.508427041700001 6.644390723800001 2.349147115100000 -0.005978998173706 0.004030167142354 0.005329717081371
73 8 11.503432852699959 8.474540414854081 5.986289884790744 0.091475079772890 0.018402105972946 0.044047766267703
105 8 9.920968477800001 7.560904182000002 3.402136381700000 -0.001155788286805 -0.004577178955055 -0.012688584924591
121 8 7.672273857400003 7.026163626600007 4.968234320200000 -0.021358067347699 -0.005147170524338 -0.003566323983149
131 8 11.508426393700001 11.073992940400007 3.132190496199999 0.001383203925509 0.001997204738777 0.001762973392048
155 8 11.508430567899998 8.477428856900005 1.296161863300000 0.001098513349580 -0.000739469642774 -0.003787648311599
163 8 7.672298157300000 8.859189034900005 1.566094450300000 -0.001325506421514 0.000744482669065 -0.001883434185246
171 8 9.259725682700001 9.775700901000002 4.968248379499999 -0.012305793821341 0.014689451043556 -0.000649381649729
11 1 13.426498927399999 9.966593245500007 2.349140662099999 -0.002087505594546 -0.001358093573190 -0.001163109592764
18 1 15.344557788300000 6.644399077300000 2.349147298800000 -0.001101645542757 -0.000031457268363 -0.000689969968537
28 1 17.262629481500003 9.966598154900002 2.349145244699999 0.000561383086547 0.000061677523289 -0.000404490166116
34 7 17.262627163200005 7.751796947200008 5.481341472000000 0.003512425643413 -0.000062858461228 -0.000816399637569
43 7 15.344568302600003 11.073991115500002 5.481334835700000 0.003507618002601 0.002662569859055 -0.000750166422092
57 7 13.426498916499998 7.751790037100004 5.481345370700000 -0.006221355175077 -0.006231163266861 -0.015313528112309
81 8 13.095877704700001 7.560908000500002 3.402138567200000 0.004025914213293 -0.001481244277922 0.001356381111581
99 8 15.344565510999997 11.455753713000002 3.402132653400000 -0.000383447340204 0.001061880738959 0.002963166506369
106 8 17.593251848000001 7.560904182000002 3.402136381700000 0.000993253435561 -0.000743353945653 0.002286568463983
115 8 13.757107442799997 9.775703055900001 4.968235823200000 -0.003132247617354 -0.004383864954063 0.008658734476599
122 8 15.344557227600001 7.026163626600007 4.968234320200000 -0.005388281798904 0.003736263766080 0.002726885612689
164 8 15.344581527500001 8.859189034900005 1.566094450300000 0.000405273549410 0.000258574781558 -0.000052141646335
172 8 16.932009052900014 9.775700901000002 4.968248379499999 -0.002865051763883 -0.000827683317916 0.001684873930287
4 1 19.180701981300000 11.073997829000001 5.481344520900000 0.001510349841940 -0.000360088080709 -0.000316439609031
12 1 21.098782297600000 9.966593245500007 2.349140662099999 0.001525663774955 -0.000708713639569 0.001139341116069
44 7 23.016851672799998 11.073991115500002 5.481334835700000 0.003661657277299 -0.006188136674384 -0.002833356490868
50 7 19.180710411899998 6.644390723800001 2.349147115100000 0.001589301836361 0.000895685688531 0.001192219172303
58 7 21.098782286699997 7.751790037100004 5.481345370700000 0.008472485250028 -0.002056094628552 -0.002409547867462
74 8 19.180716222899989 8.477427166200002 5.994454850600000 -0.003303576628263 -0.001654520089972 -0.000985490130147
82 8 20.768161074900000 7.560908000500002 3.402138567200000 -0.003931272843238 -0.000683036739735 -0.000020190132749
100 8 23.016848881199998 11.455753713000002 3.402132653400000 -0.000708242977659 0.003443444011775 0.000783659439098
116 8 21.429390813000008 9.775703055900001 4.968235823200000 0.000283149149232 0.000092662547390 0.001343779774584
132 8 19.180709763900005 11.073992940400007 3.132190496199999 -0.000665452445661 -0.000003598266622 -0.000022606878561
156 8 19.180713938099998 8.477428856900005 1.296161863300000 -0.000375142840828 -0.001435359515182 -0.001867834669095
19 1 11.508416103199997 13.288791380900006 2.349147298800000 -0.000338904414062 -0.000719733005062 -0.000122760333520
123 8 11.508415542500002 13.670555930200003 4.968234320200000 0.000435877189029 0.000594414869545 0.001661746245814
139 8 9.259738667499999 12.372281731100001 1.296160360000000 -0.001418594343752 0.001366025487874 -0.001991225948311
35 7 13.426485478100000 14.396189250800001 5.481341472000000 0.000868277996496 0.001918863102147 -0.000744128412912
51 7 15.344568726800000 13.288783027399999 2.349147115100000 0.000195515199555 0.000965765253505 -0.000388255031184
59 7 17.262640601600001 14.396182340700005 5.481345370700000 0.000117142870483 0.001935734180920 -0.000395172319528
67 8 16.932029885999999 12.372276697200000 5.994451122499998 -0.002741009360313 -0.000353763742667 -0.001379226566629
75 8 15.344574537799998 15.121819469800011 5.994454850600000 -0.000661975679801 -0.003043732882185 -0.001295186510017
83 8 16.932019389799994 14.205300304100005 3.402138567200000 -0.001759848497275 -0.001471634749803 0.001404765971215
91 8 13.757112196700003 12.372264326600002 5.994440303000000 0.001246439158782 -0.000762934207675 -0.000787240213286
107 8 13.757110162900000 14.205296485600002 3.402136381700000 0.001501684827165 -0.001171568865857 0.001850777441376
140 8 16.932022037700008 12.372281731100001 1.296160360000000 -0.001611742526158 0.000556504385799 -0.001590481341749
147 8 13.757108114200003 12.372258443900009 1.296153622799999 0.001838718311066 0.001056213985575 -0.001385024503282
20 1 19.180699473400008 13.288791380900006 2.349147298800000 0.000297114123181 0.000044881088632 0.000029962600241
36 7 21.098768848300001 14.396189250800001 5.481341472000000 0.000253272543439 -0.000354810510792 -0.000279400793699
52 7 23.016852096999997 13.288783027399999 2.349147115100000 -0.000103862967214 -0.000889084813219 0.000471473696199
76 8 23.016857907999988 15.121819469800011 5.994454850600000 -0.000076884767083 -0.001772956927395 -0.001339450317925
92 8 21.429395566900006 12.372264326600002 5.994440303000000 0.000301292397312 0.002396160997846 -0.000771458765759
108 8 21.429393533100004 14.205296485600002 3.402136381700000 0.001457545934337 -0.000742459543089 0.001560553141359
124 8 19.180698912699995 13.670555930200003 4.968234320200000 0.000018380795706 0.001683286964373 0.001444356027872
148 8 21.429391484400018 12.372258443900009 1.296153622799999 0.001337064879596 0.001008559197322 -0.001791693608075
60 7 24.934923971800007 14.396182340700005 5.481345370700000 -0.001068455312109 -0.000146061366552 -0.000537973124463
68 8 24.604313256200001 12.372276697200000 5.994451122499998 0.000103335730592 0.001734872494939 -0.000374863849005
84 8 24.604302760000003 14.205300304100005 3.402138567200000 -0.001348577748535 -0.000792282379902 0.001658816908323
29 1 9.590346111300004 5.537003285800003 8.613538384300000 -0.002206712903138 -0.000864704182604 -0.003612303296456
157 8 11.508430567900000 4.047833987800002 7.560555002900000 0.001091802067956 -0.002068145562808 0.000108358471415
165 8 7.672298157300002 4.429594165800001 7.830487589900000 -0.000320839250353 -0.000535327850906 0.001407925758430
173 8 9.259725682700003 5.346106031900003 11.232641519100001 -0.001145560324780 -0.000372149202948 0.001171312465555
13 1 13.426498927400001 5.536998376400002 8.613533801700001 0.000007410099113 -0.005053483148097 0.000775651064207
30 1 17.262629481500003 5.537003285800003 8.613538384300000 0.001275963218271 -0.000566322751110 0.000378595196269
117 8 13.757107442800002 5.346108186800002 11.232628962800000 0.001605967567637 -0.000088005538120 0.000644543646731
166 8 15.344581527500001 4.429594165800001 7.830487589900000 -0.000587920826692 0.001023874817819 0.000339773310531
174 8 16.932009052900007 5.346106031900003 11.232641519100001 -0.001931527427757 -0.000621826662758 0.000776291659652
14 1 21.098782297600003 5.536998376400002 8.613533801700001 0.000804315499482 0.000600465217740 -0.000826640803431
118 8 21.429390813000005 5.346108186800002 11.232628962800000 0.001705222346177 -0.000837713598692 0.001240260133722
158 8 19.180713938100002 4.047833987800002 7.560555002900000 -0.000398723087898 -0.001099454893009 -0.000708072220500
5 1 11.508418611100007 6.644402959900002 11.745737660500000 -0.000295700588105 -0.001371998999709 0.001962441297425
21 1 11.508416103199998 8.859196511800004 8.613540438400001 -0.007905047842397 -0.001461438915219 0.009013500475191
125 8 11.508415542500003 9.240961061100004 11.232627459799998 0.000434871966147 0.000764256437940 -0.004204343994895
133 8 11.508426393700002 6.644398071300002 9.396583635799999 0.001378720467796 0.006292618696455 -0.002121354286742
141 8 9.259738667500002 7.942686862000003 7.560553499600000 0.002105330253122 0.004131430390069 0.010330479140763
167 8 11.508439842400001 11.073986469400005 7.830487589900000 0.001522378528200 -0.010296223940394 -0.002357641562097
37 7 13.426485478099996 9.966594381700006 11.745734611600000 0.002332397674144 0.001126532358020 0.004324629314991
45 7 15.344568302600001 6.644396246400003 11.745727975299999 0.000898881674997 -0.000458512164346 0.002307532141665
53 7 15.344568726799995 8.859188158300002 8.613540254699998 0.008411215286702 0.003383581174356 0.004327732412193
61 7 17.262640601600001 9.966587471600000 11.745738510299995 0.000692435609330 0.000874752717608 0.002829877006477
69 8 16.932029886000002 7.942681828100003 12.258844262099997 -0.002282573024896 0.000192169193115 -0.002248732625341
77 8 15.344574537800005 10.692224600700005 12.258847990200001 -0.001468831635657 -0.002565870931331 -0.003153280208355
85 8 16.932019389799990 9.775705435000003 9.666531706799999 -0.003890003262233 -0.002106858281169 -0.000358608103135
93 8 13.757112196700007 7.942669457500004 12.258833442600000 0.001141114798377 0.001411654070312 -0.002211395272006
101 8 15.344565511000003 7.026158843900003 9.666525792999996 -0.001291269378382 0.003174003004682 -0.000798191929898
109 8 13.757110162900005 9.775701616500001 9.666529521300001 -0.000858801209501 -0.002537989781732 -0.001607191755146
142 8 16.932022037700005 7.942686862000003 7.560553499600000 -0.003803886480618 0.001231775192436 -0.000973698434729
149 8 13.757108114200001 7.942663574800001 7.560546762400000 -0.017352454568614 0.006624415402455 -0.010465254929460
159 8 15.344572253000006 10.692226291400004 7.560555002900000 -0.001379124975620 -0.003275520134359 -0.001318190075956
6 1 19.180701981300004 6.644402959900002 11.745737660500000 0.000336477462867 0.000010480748643 0.000250715061690
22 1 19.180699473400011 8.859196511800004 8.613540438400001 0.001466097341350 -0.000125336118805 -0.000242567503059
38 7 21.098768848300008 9.966594381700006 11.745734611600000 -0.000325467526388 0.000054741899911 0.000869973449401
46 7 23.016851672800001 6.644396246400003 11.745727975299999 -0.000888624409062 -0.000271116033060 0.000270939868490
54 7 23.016852096999990 8.859188158300002 8.613540254699998 -0.001204302046048 -0.001495100664207 -0.003300032279366
78 8 23.016857907999999 10.692224600700005 12.258847990200001 0.000725318692222 -0.002187646162597 -0.001943359303603
94 8 21.429395566900006 7.942669457500004 12.258833442600000 0.001851788581456 0.000823137402178 -0.001573800427605
102 8 23.016848881199998 7.026158843900003 9.666525792999996 0.000210196616808 0.001921891745590 0.002161056291039
110 8 21.429393533100001 9.775701616500001 9.666529521300001 0.001595106137126 -0.000748787553629 0.001813836855359
126 8 19.180698912700002 9.240961061100004 11.232627459799998 0.000020740180223 0.001669762623979 0.000897985317561
134 8 19.180709763900005 6.644398071300002 9.396583635799999 -0.000663520633981 -0.000258582362694 -0.000085144208087
150 8 21.429391484400004 7.942663574800001 7.560546762400000 0.001187704215339 0.001310059101833 0.000174698351162
160 8 23.016855623200005 10.692226291400004 7.560555002900000 0.000551971339220 -0.001224329246683 0.000141032990811
168 8 19.180723212599993 11.073986469400005 7.830487589900000 -0.000640602933503 0.000074010010548 0.000126195331304
62 7 24.934923971800000 9.966587471600000 11.745738510299995 -0.002526982344177 0.000801414816483 0.002080497013118
70 8 24.604313256200005 7.942681828100003 12.258844262099997 -0.001119182401359 0.001120583874736 -0.001837513565723
86 8 24.604302759999996 9.775705435000003 9.666531706799999 0.002330745019675 -0.001204691710954 0.000808504985356
7 1 15.344560296200003 13.288795263500004 11.745737660500000 0.000826146050098 0.000133192612450 0.001731218242537
15 1 17.262640612500000 12.181390680000009 8.613533801700001 0.000839446729951 0.000679440530089 0.000438817607687
23 1 15.344557788300000 15.503588815399999 8.613540438400001 0.000427842386110 0.000973045654613 -0.000424724217288
31 1 13.426487796399995 12.181395589400003 8.613538384300000 0.002526300397835 0.003350255972055 0.001263403210239
39 7 17.262627163200005 16.610986685300006 11.745734611600000 0.000125887434566 -0.001012118199274 0.000463742407632
95 8 17.593253881800010 14.587061761100006 12.258833442600000 0.001632373160014 0.001474834080043 -0.002169487827207
111 8 17.593251848000001 16.420093920100001 9.666529521300001 0.001626557895241 -0.000892856084455 0.001642359906651
119 8 17.593249127900002 11.990500490400001 11.232628962800000 0.001477218710287 -0.001020551325321 0.000674135830739
127 8 15.344557227600006 15.885353364700006 11.232627459799998 0.000009392989013 0.001835543808180 0.001151809249291
135 8 15.344568078800005 13.288790374900007 9.396583635799999 -0.001022145684837 -0.000950391379784 -0.000573729441809
143 8 13.095880352600002 14.587079165600008 7.560553499600000 -0.001525877633382 -0.000436302038730 -0.001425129902883
151 8 17.593249799300004 14.587055878400003 7.560546762400000 0.001681122862403 0.000572377516841 -0.001215913249527
175 8 13.095867367800004 11.990498335500007 11.232641519100001 -0.001722134210721 -0.001778619099823 0.000167048840315
8 1 23.016843666400000 13.288795263500004 11.745737660500000 -0.000421152037777 0.000043894251462 0.000224754627095
24 1 23.016841158500000 15.503588815399999 8.613540438400001 -0.000103513635533 -0.000474619713261 -0.000008785896830
32 1 21.098771166600002 12.181395589400003 8.613538384300000 0.000279523458284 -0.000352373843759 -0.000320902500333
47 7 19.180709987699998 13.288788550000005 11.745727975299999 -0.000475190206251 -0.000248076882915 0.001960149608628
55 7 19.180710411900002 15.503580461900007 8.613540254699998 -0.000433805442493 0.000348051872597 -0.000358019074994
63 7 21.098782286700004 16.610979775200004 11.745738510299995 -0.000422176676883 -0.000954272429166 0.000324903126024
71 8 20.768171571100002 14.587074131700003 12.258844262099997 -0.001461418462268 0.001095971526525 -0.001644701466163
79 8 19.180716222899996 17.336616904300001 12.258847990200001 -0.000085589706221 -0.001458486923122 -0.001679700860263
87 8 20.768161074900000 16.420097738599999 9.666531706799999 -0.001329149835707 -0.000404598049794 0.001322519198162
103 8 19.180707196099995 13.670551147500003 9.666525792999996 -0.000036365370320 0.001740251820074 0.001033050792855
128 8 23.016840597800005 15.885353364700006 11.232627459799998 0.000285985148199 0.001979848540964 0.001253918336810
136 8 23.016851449000004 13.288790374900007 9.396583635799999 0.000732470339298 -0.000332051894695 -0.000134601606613
144 8 20.768163722800004 14.587079165600008 7.560553499600000 -0.001542407299988 0.000797829745952 -0.001414654024844
176 8 20.768150737999996 11.990498335500007 11.232641519100001 -0.001290956999223 -0.000952404440919 0.000986114814832
16 1 24.934923982700003 12.181390680000009 8.613533801700001 -0.003567887611011 0.001817102769385 0.000205081999081
40 7 24.934910533400007 16.610986685300006 11.745734611600000 0.000380901280576 -0.000233909845059 0.000187435608327
48 7 26.852993357900004 13.288788550000005 11.745727975299999 -0.000162161763064 0.000948645461423 0.001495145694540
56 7 26.852993782099993 15.503580461900007 8.613540254699998 -0.000119106922696 0.001389057979883 -0.000226702696139
64 7 28.771065656899999 16.610979775200004 11.745738510299995 0.000024983083362 0.000182874698158 0.000308362489916
72 8 28.440454941300004 14.587074131700003 12.258844262099997 -0.002198909010274 0.000519602026402 -0.001908601833998
80 8 26.852999593099998 17.336616904300001 12.258847990200001 -0.000357645390190 -0.002036190513542 -0.001642220019633
88 8 28.440444445099999 16.420097738599999 9.666531706799999 -0.001901394466803 -0.001186008408771 0.001489729057280
96 8 25.265537252000023 14.587061761100006 12.258833442600000 0.001804615603908 0.000882450202878 -0.001491512818723
104 8 26.852990566300001 13.670551147500003 9.666525792999996 0.000271780231907 0.000511548254114 0.001024433656706
112 8 25.265535218199997 16.420093920100001 9.666529521300001 0.001639144189635 -0.000790543181335 0.001477608360995
120 8 25.265532498100001 11.990500490400001 11.232628962800000 0.002023955139117 -0.001404267692367 0.000735480601356
152 8 25.265533169500006 14.587055878400003 7.560546762400000 0.001782587331493 0.000314856552142 -0.001099011012302
