ITEM: TIMESTEP
0
ITEM: NUMBER OF ATOMS
176
ITEM: BOX BOUNDS xy xz yz pp pp pp
0.0000000000000000e+00 3.0689133480799999e+01 7.6722833701999980e+00
0.0000000000000000e+00 1.7718379476200003e+01 7.6722833702000024e+00
0.0000000000000000e+00 1.2528786279200000e+01 4.4295948690000015e+00
ITEM: ATOMS id type x y z fx fy fz
25 1 5.754204426199998 3.322205851300000 2.349145244699999 0.017527418408809 0.009956569654607 0.013341457846109
137 8 5.423596982400004 5.727889427500000 1.296160360000000 0.003636321849322 -0.006913578590265 0.002327276647048
161 8 3.836156472199998 2.214796731300001 1.566094450300000 0.014374773807602 0.008435820872983 0.005884490271833
169 8 5.423583997600000 3.131308597400002 4.968248379499999 -0.005729380941197 -0.003252842751287 -0.005378977492520
1 1 7.672276926000002 4.429605525400001 5.481344520900000 0.005073607494618 0.002766759536435 0.024756820722400
9 1 9.590357242299998 3.322200941900001 2.349140662099999 0.004924176645878 0.002883160143005 0.008302348067312
41 7 11.508426617500000 4.429598811900002 5.481334835700000 -0.007358253324618 -0.000769925193476 -0.000385763357531
89 8 9.920970511600007 5.727872023000002 5.994440303000000 0.007174070111873 0.004287245538100 0.000559659808660
97 8 11.508423825899998 4.811361409400002 3.402132653400000 0.001758372789822 0.001732008481247 -0.000195466166692
113 8 9.920965757699999 3.131310752300001 4.968235823200000 0.009547066542044 -0.007155975451601 0.003294032943993
129 8 7.677284708600050 4.432487388145922 3.140355462009256 -0.046132460204106 -0.026657960151680 -0.077231024750482
145 8 9.920966429100000 5.727866140300000 1.296153622799999 0.000060499162568 0.000009479291223 -0.004019493626769
153 8 7.672288882800000 1.833036553300000 1.296161863300000 -0.004083236329120 0.006564624475443 0.002284809310990
162 8 11.508439842400000 2.214796731300001 1.566094450300000 -0.000162808246592 0.000103313599646 -0.000003776059904
2 1 15.344560296200001 4.429605525400001 5.481344520900000 -0.000912171228669 0.000011689328758 0.000181785489665
10 1 17.262640612500000 3.322200941900001 2.349140662099999 -0.004342700825861 0.000601782845135 0.000900578738391
26 1 13.426487796400002 3.322205851300000 2.349145244699999 -0.000779395511956 0.000332144823069 0.000682051072043
65 8 13.095888200900001 5.727884393600002 5.994451122499998 -0.000139357093801 0.001617671339793 -0.001069771386235
90 8 17.593253881800006 5.727872023000002 5.994440303000000 0.001354616660939 0.000931447398181 -0.001761159481015
114 8 17.593249127900009 3.131310752300001 4.968235823200000 0.001860680938377 -0.000902816969967 0.000379593917765
130 8 15.344568078800005 4.429600636800002 3.132190496199999 0.001239578670616 -0.000246959813884 -0.000285132352189
138 8 13.095880352600009 5.727889427500000 1.296160360000000 -0.000853223615853 0.000698018815732 -0.002331783490873
146 8 17.593249799300011 5.727866140300000 1.296153622799999 0.002926975887823 0.000536941966445 -0.001096658187417
154 8 15.344572252999999 1.833036553300000 1.296161863300000 0.000831762976595 -0.001598891748664 -0.001510764567814
170 8 13.095867367800004 3.131308597400002 4.968248379499999 0.000264020318175 -0.001830150753761 0.000977909837940
42 7 19.180709987699998 4.429598811900002 5.481334835700000 0.002706288370066 0.001620572456711 0.004899156373250
66 8 20.768171571100002 5.727884393600002 5.994451122499998 -0.007893514645442 0.002612640621247 -0.001513496475726
98 8 19.180707196099995 4.811361409400002 3.402132653400000 0.003587823581186 -0.001605018927703 -0.002549310215663
3 1 11.508418611100000 11.073997829000001 5.481344520900000 -0.000305074996627 -0.001039779938306 0.000181792747729
17 1 7.672274418099999 6.644399077300000 2.349147298800000 0.005090550438095 0.002867261497759 0.008205841830502
27 1 9.590346111300001 9.966598154900002 2.349145244699999 0.000038828837852 -0.001085040621836 0.000682038631326
33 7 9.590343793000001 7.751796947200008 5.481341472000000 -0.004000514687167 -0.005941754691110 -0.000613434656905
49 7 11.508427041700001 6.644390723800001 2.349147115100000 -0.001629519858191 -0.000660090617381 0.002251339695415
73 8 11.508432852700000 8.477427166200002 5.994454850600000 0.001344112620011 -0.000987215552714 -0.001082329570235
105 8 9.920968477800001 7.560904182000002 3.402136381700000 0.002412516564183 0.000610971707746 -0.000174546067082
121 8 7.672273857400003 7.026163626600007 4.968234320200000 -0.001434514900895 0.011748734118000 0.003330393898988
131 8 11.508426393700001 11.073992940400007 3.132190496199999 0.000426341743279 0.001161619723049 -0.000285104432485
155 8 11.508430567899998 8.477428856900005 1.296161863300000 0.000263791875273 -0.001129334587067 -0.002374290878456
163 8 7.672298157300000 8.859189034900005 1.566094450300000 -0.000109990941297 0.000011818380675 -0.000003755827652
171 8 9.259725682700001 9.775700901000002 4.968248379499999 -0.001500576047528 0.001226265938436 0.000977918459776
11 1 13.426498927399999 9.966593245500007 2.349140662099999 -0.000379848469728 -0.001037988704240 0.000370625375035
18 1 15.344557788300000 6.644399077300000 2.349147298800000 -0.000957207468974 0.000234559374017 0.000274265669929
28 1 17.262629481500003 9.966598154900002 2.349145244699999 0.000161389382319 -0.000069483085448 0.000280046733867
34 7 17.262627163200005 7.751796947200008 5.481341472000000 0.000546581501781 0.000091588395364 0.000492486384935
43 7 15.344568302600003 11.073991115500002 5.481334835700000 0.000140338206157 0.000151359913260 0.000720127940129
57 7 13.426498916499998 7.751790037100004 5.481345370700000 -0.001371477990344 -0.000511132942260 -0.000108395705165
81 8 13.095877704700001 7.560908000500002 3.402138567200000 -0.001170692261379 -0.000702243094965 0.001340109756443
99 8 15.344565510999997 11.455753713000002 3.402132653400000 -0.000192986299316 0.002973642385420 0.000694072694627
106 8 17.593251848000001 7.560904182000002 3.402136381700000 0.002512081582756 -0.001699812710137 0.000714960844414
115 8 13.757107442799997 9.775703055900001 4.968235823200000 0.002041645259191 -0.000309509125779 0.001217001137128
122 8 15.344557227600001 7.026163626600007 4.968234320200000 0.000741986346914 0.001825646354336 0.001253432383721
164 8 15.344581527500001 8.859189034900005 1.566094450300000 0.000102786425601 0.000195632118012 -0.000093034243680
172 8 16.932009052900014 9.775700901000002 4.968248379499999 -0.001728872908134 -0.000943155677845 0.001146101831158
4 1 19.180701981300000 11.073997829000001 5.481344520900000 0.000361279734903 0.000045944801199 -0.000002961222254
12 1 21.098782297600000 9.966593245500007 2.349140662099999 0.000203893794845 0.000210812175319 0.000619071177807
44 7 23.016851672799998 11.073991115500002 5.481334835700000 -0.000018366827163 -0.001307525228613 0.000194261530879
50 7 19.180710411899998 6.644390723800001 2.349147115100000 -0.002918427065093 0.005111039439241 0.002730663594280
58 7 21.098782286699997 7.751790037100004 5.481345370700000 0.004920729088029 -0.003418347108870 0.000989079009249
74 8 19.180716222899989 8.477427166200002 5.994454850600000 -0.001680044672312 -0.001383206787131 -0.001362744607189
82 8 20.768161074900000 7.560908000500002 3.402138567200000 -0.003000524774520 -0.001774269972155 -0.000849760366421
100 8 23.016848881199998 11.455753713000002 3.402132653400000 0.000066106307609 0.002050122150351 0.001244857651672
116 8 21.429390813000008 9.775703055900001 4.968235823200000 0.001435969623879 0.000307086029058 0.000887522387653
132 8 19.180709763900005 11.073992940400007 3.132190496199999 -0.000205318573889 -0.000142106951381 -0.000213735011180
156 8 19.180713938099998 8.477428856900005 1.296161863300000 0.000094876051767 -0.003071726777188 -0.001592786581877
19 1 11.508416103199997 13.288791380900006 2.349147298800000 -0.001518514188208 -0.004017224627589 0.000804224871265
123 8 11.508415542500002 13.670555930200003 4.968234320200000 0.000137665957490 0.001965562023185 0.000416032417514
139 8 9.259738667499999 12.372281731100001 1.296160360000000 -0.000975894527168 0.001424689207292 -0.001468262109905
35 7 13.426485478100000 14.396189250800001 5.481341472000000 0.003101923272635 0.001579142083586 0.004671463698265
51 7 15.344568726800000 13.288783027399999 2.349147115100000 0.002723952779025 -0.004661885620442 0.002730671880865
59 7 17.262640601600001 14.396182340700005 5.481345370700000 -0.000743059703787 0.006391646937931 0.000989035981214
67 8 16.932029885999999 12.372276697200000 5.994451122499998 -0.001994385747521 -0.000803320498068 -0.001350189472707
75 8 15.344574537799998 15.121819469800011 5.994454850600000 -0.001671289034903 -0.008199771538882 -0.001526047361002
83 8 16.932019389799994 14.205300304100005 3.402138567200000 -0.003013990991945 -0.001750938973251 -0.000849745512555
91 8 13.757112196700003 12.372264326600002 5.994440303000000 0.001358108351305 0.000925412652869 -0.001761166770155
107 8 13.757110162900000 14.205296485600002 3.402136381700000 0.000437307159183 0.003863572032365 -0.002528294726010
140 8 16.932022037700008 12.372281731100001 1.296160360000000 -0.002619841955419 0.001522958247713 -0.001550276115066
147 8 13.757108114200003 12.372258443900009 1.296153622799999 0.001950534175834 0.002228178365176 -0.001096676443781
20 1 19.180699473400008 13.288791380900006 2.349147298800000 0.000416150290425 0.000115723498276 0.000522720238400
36 7 21.098768848300001 14.396189250800001 5.481341472000000 -0.000796206009640 0.000683599959786 -0.000033382968851
52 7 23.016852096999997 13.288783027399999 2.349147115100000 -0.001144720842872 -0.000380231050003 0.000209463504391
76 8 23.016857907999988 15.121819469800011 5.994454850600000 0.000359972846222 -0.001919573070688 -0.001464088831794
92 8 21.429395566900006 12.372264326600002 5.994440303000000 0.001597569119257 0.001067684553157 -0.001211928472407
108 8 21.429393533100004 14.205296485600002 3.402136381700000 0.001841840570489 -0.001013662395723 0.001265749326897
124 8 19.180698912699995 13.670555930200003 4.968234320200000 0.000973125451838 0.000992816447489 0.000923949469201
148 8 21.429391484400018 12.372258443900009 1.296153622799999 0.001716072665165 0.000965324005151 -0.001408732372982
60 7 24.934923971800007 14.396182340700005 5.481345370700000 -0.000977116821429 -0.000283467041099 0.001181749452731
68 8 24.604313256200001 12.372276697200000 5.994451122499998 -0.001438881454880 0.001231548796735 -0.001451524344536
84 8 24.604302760000003 14.205300304100005 3.402138567200000 -0.000661349774187 -0.000408162405142 0.000954833745405
29 1 9.590346111300004 5.537003285800003 8.613538384300000 -0.002611643898192 -0.001670521054645 -0.004128734168521
157 8 11.508430567900000 4.047833987800002 7.560555002900000 0.001252000773997 -0.002274068262478 0.000114735103355
165 8 7.672298157300002 4.429594165800001 7.830487589900000 -0.000106849399800 0.000074424428384 0.017944437097662
173 8 9.259725682700003 5.346106031900003 11.232641519100001 -0.000775389994196 -0.000392658800012 0.002712887284227
13 1 13.426498927400001 5.536998376400002 8.613533801700001 -0.001163249170544 -0.000591055496390 -0.001623417076727
30 1 17.262629481500003 5.537003285800003 8.613538384300000 0.000951744404563 -0.000327504906742 -0.000718077827957
117 8 13.757107442800002 5.346108186800002 11.232628962800000 0.002485207474450 0.000771428930182 0.002778742588300
166 8 15.344581527500001 4.429594165800001 7.830487589900000 0.000062823891940 0.000200976957343 0.000313821779620
174 8 16.932009052900007 5.346106031900003 11.232641519100001 -0.003111621609555 0.000293723697923 0.002301365782194
14 1 21.098782297600003 5.536998376400002 8.613533801700001 0.002851767623722 -0.001324113006844 -0.002846235378477
118 8 21.429390813000005 5.346108186800002 11.232628962800000 0.001557017922027 -0.000670485894594 0.002225704697834
158 8 19.180713938100002 4.047833987800002 7.560555002900000 -0.000883544129989 -0.002186367832787 -0.001984652375032
5 1 11.508418611100007 6.644402959900002 11.745737660500000 -0.002303502611621 -0.001492586142115 -0.004464500933150
21 1 11.508416103199998 8.859196511800004 8.613540438400001 -0.000961838591515 -0.000667338335198 -0.001719770376038
125 8 11.508415542500003 9.240961061100004 11.232627459799998 0.001899871384094 0.001669301002095 0.002815180427388
133 8 11.508426393700002 6.644398071300002 9.396583635799999 0.001252856354998 0.000699776388640 0.002150424009936
141 8 9.259738667500002 7.942686862000003 7.560553499600000 -0.001350471887594 0.002126220650615 0.000157246641950
167 8 11.508439842400001 11.073986469400005 7.830487589900000 0.000087341335394 0.000158233770232 0.000313720435460
37 7 13.426485478099996 9.966594381700006 11.745734611600000 0.000144144209564 0.003255338067554 -0.006427909461121
45 7 15.344568302600001 6.644396246400003 11.745727975299999 0.002679031830148 -0.001778996818528 -0.006200268507718
53 7 15.344568726799995 8.859188158300002 8.613540254699998 0.000178922529944 0.000383969823251 -0.001397008242381
61 7 17.262640601600001 9.966587471600000 11.745738510299995 0.002208845888965 0.001555916243051 -0.000925746274073
69 8 16.932029886000002 7.942681828100003 12.258844262099997 -0.004039267215482 0.000393006996337 -0.000603383497083
77 8 15.344574537800005 10.692224600700005 12.258847990200001 -0.001666417480451 -0.003752334042448 -0.000615860528094
85 8 16.932019389799990 9.775705435000003 9.666531706799999 -0.001853843498336 -0.001096652848673 0.001909142801473
93 8 13.757112196700007 7.942669457500004 12.258833442600000 0.001331516472740 0.000914132335536 0.005292434280064
101 8 15.344565511000003 7.026158843900003 9.666525792999996 -0.000194898579551 0.001632842941481 0.003438610546205
109 8 13.757110162900005 9.775701616500001 9.666529521300001 0.001349969918367 -0.001031071258100 0.003459491072735
142 8 16.932022037700005 7.942686862000003 7.560553499600000 -0.002003529752548 0.000919532087272 -0.001239445858984
149 8 13.757108114200001 7.942663574800001 7.560546762400000 0.002269870481876 0.001285069967879 -0.000504111066984
159 8 15.344572253000006 10.692226291400004 7.560555002900000 -0.000119542422540 -0.002236286791856 -0.001281962083228
6 1 19.180701981300004 6.644402959900002 11.745737660500000 0.001284530017324 -0.000382853859767 -0.000476777829997
22 1 19.180699473400011 8.859196511800004 8.613540438400001 0.000934559455448 -0.000482871556844 -0.000634346986503
38 7 21.098768848300008 9.966594381700006 11.745734611600000 0.000389165884963 0.000003805028126 0.000226244956183
46 7 23.016851672800001 6.644396246400003 11.745727975299999 -0.001183638393559 -0.000623729735219 -0.001457507387727
54 7 23.016852096999990 8.859188158300002 8.613540254699998 0.000022621489853 -0.001679267862104 -0.001736535199964
78 8 23.016857907999999 10.692224600700005 12.258847990200001 0.000359751886100 -0.002084637361575 -0.001388396213105
94 8 21.429395566900006 7.942669457500004 12.258833442600000 0.001615580596796 0.001080887570311 -0.001331260468164
102 8 23.016848881199998 7.026158843900003 9.666525792999996 0.000065433660898 0.002408912809017 0.002808905565124
110 8 21.429393533100001 9.775701616500001 9.666529521300001 0.001269580804231 -0.000543076337104 0.002042966188652
126 8 19.180698912700002 9.240961061100004 11.232627459799998 -0.000794534597602 0.001825320777055 0.001735200078800
134 8 19.180709763900005 6.644398071300002 9.396583635799999 -0.001022096803803 0.000333973758194 0.000903469680321
150 8 21.429391484400004 7.942663574800001 7.560546762400000 0.001240936028644 0.001823016630990 -0.000519800242290
160 8 23.016855623200005 10.692226291400004 7.560555002900000 -0.000005400789855 -0.001224776149546 -0.001345676125786
168 8 19.180723212599993 11.073986469400005 7.830487589900000 -0.000246234175737 -0.000005993087296 0.000184361693529
62 7 24.934923971800000 9.966587471600000 11.745738510299995 -0.002155954851898 0.000993363406140 -0.001322981333902
70 8 24.604313256200005 7.942681828100003 12.258844262099997 -0.000567914369278 0.000749859415321 -0.000701776123653
86 8 24.604302759999996 9.775705435000003 9.666531706799999 -0.000981585952286 -0.000592931107417 0.002485496126087
7 1 15.344560296200003 13.288795263500004 11.745737660500000 0.000451574231603 0.001059872251764 -0.000476803054643
15 1 17.262640612500000 12.181390680000009 8.613533801700001 -0.000055293230121 0.000959067826478 -0.000537992032275
23 1 15.344557788300000 15.503588815399999 8.613540438400001 0.000410824621604 0.003176275426571 -0.002942581837846
31 1 13.426487796399995 12.181395589400003 8.613538384300000 0.000333122733231 0.000744002793243 -0.000718067370882
39 7 17.262627163200005 16.610986685300006 11.745734611600000 -0.000786632843015 -0.000667467162416 -0.001685133235739
95 8 17.593253881800010 14.587061761100006 12.258833442600000 0.001618002830822 0.001076698642649 -0.001331265069481
111 8 17.593251848000001 16.420093920100001 9.666529521300001 0.002152225170960 -0.001193640778266 0.002829783638109
119 8 17.593249127900002 11.990500490400001 11.232628962800000 0.001273112356693 -0.001640007649638 0.001698771813919
127 8 15.344557227600006 15.885353364700006 11.232627459799998 0.000187045733271 0.001586424711683 0.002262138711299
135 8 15.344568078800005 13.288790374900007 9.396583635799999 -0.000201401459976 -0.001087467976752 0.000903482681196
143 8 13.095880352600002 14.587079165600008 7.560553499600000 -0.002342294364846 0.000232944621413 -0.001942162697158
151 8 17.593249799300004 14.587055878400003 7.560546762400000 0.002221259039278 0.000125022114206 -0.000519827318790
175 8 13.095867367800004 11.990498335500007 11.232641519100001 -0.001349078211793 -0.002759103575516 0.002301379296354
8 1 23.016843666400000 13.288795263500004 11.745737660500000 -0.000110142966695 -0.000226260918735 -0.000182333500935
24 1 23.016841158500000 15.503588815399999 8.613540438400001 -0.000146069398293 -0.000203295252294 -0.000402014587980
32 1 21.098771166600002 12.181395589400003 8.613538384300000 0.000176585416383 -0.000060687067811 -0.000291702785481
47 7 19.180709987699998 13.288788550000005 11.745727975299999 -0.000014395117114 0.000058915522951 0.000453876617058
55 7 19.180710411900002 15.503580461900007 8.613540254699998 -0.001686030186883 0.001280244928991 -0.001736527844443
63 7 21.098782286700004 16.610979775200004 11.745738510299995 -0.000460775948996 -0.001942759894019 -0.001322957495110
71 8 20.768171571100002 14.587074131700003 12.258844262099997 -0.001581936906401 0.001313898543023 -0.001375835576770
79 8 19.180716222899996 17.336616904300001 12.258847990200001 0.000378284341702 -0.000924459161026 -0.000714351289981
87 8 20.768161074900000 16.420097738599999 9.666531706799999 -0.000981476720854 -0.000593114571989 0.002485500753284
103 8 19.180707196099995 13.670551147500003 9.666525792999996 0.000187520898946 0.001319227273848 0.002022079648953
128 8 23.016840597800005 15.885353364700006 11.232627459799998 0.000107315746105 0.002400725182319 0.001799170042162
136 8 23.016851449000004 13.288790374900007 9.396583635799999 0.000083577932836 0.000024682012186 0.000264043051107
144 8 20.768163722800004 14.587079165600008 7.560553499600000 -0.001070467714406 0.000512626128138 -0.001303172194449
176 8 20.768150737999996 11.990498335500007 11.232641519100001 -0.001617085182758 -0.000878617876259 0.001331975195541
16 1 24.934923982700003 12.181390680000009 8.613533801700001 -0.000353460495521 -0.000116577477335 -0.000305631906919
40 7 24.934910533400007 16.610986685300006 11.745734611600000 0.000946299602398 -0.001030933697246 -0.000501219772885
48 7 26.852993357900004 13.288788550000005 11.745727975299999 -0.000631931255854 0.001058770480960 -0.000273582688289
56 7 26.852993782099993 15.503580461900007 8.613540254699998 0.001117761233602 0.000926025067932 -0.000545495987086
64 7 28.771065656899999 16.610979775200004 11.745738510299995 0.000383529732249 0.000502110018936 -0.001033475218964
72 8 28.440454941300004 14.587074131700003 12.258844262099997 -0.001939939563194 0.000307655095675 -0.001386122641047
80 8 26.852999593099998 17.336616904300001 12.258847990200001 -0.000690690845513 -0.001891551766455 -0.001398686200946
88 8 28.440444445099999 16.420097738599999 9.666531706799999 -0.002343711473532 -0.001379475585687 0.002330290891454
96 8 25.265537252000023 14.587061761100006 12.258833442600000 0.001727210697873 0.001142539056682 -0.001316664827269
104 8 26.852990566300001 13.670551147500003 9.666525792999996 0.000029139816156 0.001397147036317 0.002074917854168
112 8 25.265535218199997 16.420093920100001 9.666529521300001 0.001257868592026 -0.000719188797245 0.002095809185666
120 8 25.265532498100001 11.990500490400001 11.232628962800000 0.002222341053627 -0.001146683492324 0.001762739778467
152 8 25.265533169500006 14.587055878400003 7.560546762400000 0.001633719481399 0.000917790078294 -0.001540904010857
