ITEM: TIMESTEP
0
ITEM: NUMBER OF ATOMS
176
ITEM: BOX BOUNDS xy xz yz pp pp pp
0.0000000000000000e+00 3.0689133480799999e+01 7.6722833701999980e+00
0.0000000000000000e+00 1.7718379476200003e+01 7.6722833702000024e+00
0.0000000000000000e+00 1.2528786279200000e+01 4.4295948690000015e+00
ITEM: ATOMS id type x y z fx fy fz
25 1 5.754204426199998 3.322205851300000 2.349145244699999 0.002431174385131 0.013697219481228 -0.007336702031592
137 8 5.423596982400004 5.727889427500000 1.296160360000000 -0.011876825871849 0.001257407823089 0.001648259323344
161 8 3.836156472199998 2.214796731300001 1.566094450300000 -0.001703260776716 -0.001803067344383 0.000096312170595
169 8 5.423583997600000 3.131308597400002 4.968248379499999 -0.000678013693471 -0.000338287402322 0.002873884000098
1 1 7.672276926000002 4.429605525400001 5.481344520900000 -0.003062862019543 -0.014455008609635 0.005736288790829
9 1 9.590357242299998 3.322200941900001 2.349140662099999 -0.003329166104527 -0.001759629498967 -0.005084123432014
41 7 11.508426617500000 4.429598811900002 5.481334835700000 0.003880101716385 -0.004139142493264 0.001568647306351
89 8 9.920970511600007 5.727872023000002 5.994440303000000 -0.001914625059959 0.005962964598171 -0.004996877993516
97 8 11.508423825899998 4.811361409400002 3.402132653400000 -0.001282024763111 0.004889661856823 0.002348167489578
113 8 9.920965757699999 3.131310752300001 4.968235823200000 0.001881371638326 0.001397034988025 0.001812363162058
129 8 7.672284708600001 4.429600636800002 3.132190496199999 0.005032593405677 0.002922011671936 0.008336771844658
145 8 9.920966429100000 5.727866140300000 1.296153622799999 0.009760604798176 0.005589401404870 0.011641803641271
153 8 7.672288882800000 1.833036553300000 1.296161863300000 0.000930494160069 -0.003427783686130 -0.000427574384267
162 8 11.508439842400000 2.214796731300001 1.566094450300000 0.000247883793415 0.000272244359122 0.000552349518993
2 1 15.344560296200001 4.429605525400001 5.481344520900000 0.001175020292326 -0.000372350152500 -0.000185222107554
10 1 17.262640612500000 3.322200941900001 2.349140662099999 0.001979678784451 0.001316367308270 -0.000841374309046
26 1 13.426487796400002 3.322205851300000 2.349145244699999 0.001277833711884 -0.001032876746014 -0.000830040091089
65 8 13.095888200900001 5.727884393600002 5.994451122499998 -0.003229133291052 0.000832638585246 -0.002225562162339
90 8 17.593253881800006 5.727872023000002 5.994440303000000 0.001727010221755 0.001144144890316 -0.001154001753892
114 8 17.593249127900009 3.131310752300001 4.968235823200000 0.001719135028341 -0.001083598502233 0.001950639442876
130 8 15.344568078800005 4.429600636800002 3.132190496199999 -0.001058255871608 0.000073885891626 0.000466476759490
138 8 13.095880352600009 5.727889427500000 1.296160360000000 -0.004226337826471 0.002317864770947 0.000803339063513
146 8 17.593249799300011 5.727866140300000 1.296153622799999 -0.001240572111298 0.000645828617952 -0.001500947957470
154 8 15.344572252999999 1.833036553300000 1.296161863300000 -0.000422945865792 -0.002323480697322 -0.001419758719866
170 8 13.095867367800004 3.131308597400002 4.968248379499999 -0.002900549053890 0.000316806886544 0.001378597160008
42 7 19.180709987699998 4.429598811900002 5.481334835700000 -0.002254589952221 -0.001239372977932 -0.003206435366572
66 8 20.768171571100002 5.727884393600002 5.994451122499998 0.002624055376103 0.003717385591756 -0.002233588845256
98 8 19.180707196099995 4.811361409400002 3.402132653400000 -0.001925147761181 0.000128765418979 0.006281310363049
3 1 11.508418611100000 11.073997829000001 5.481344520900000 0.002309818765389 0.002787037616342 0.001492273567963
17 1 7.677274418100045 6.647285828645924 2.357312264609257 -0.030146403324677 -0.017518686261802 -0.049383023667616
27 1 9.590346111300001 9.966598154900002 2.349145244699999 0.002375401257832 0.013732666787765 -0.007436340351053
33 7 9.590343793000001 7.751796947200008 5.481341472000000 0.015873681537038 0.008946360907373 0.025528511223936
49 7 11.508427041700001 6.644390723800001 2.349147115100000 0.015446190503863 -0.008749001164886 -0.012903373156698
73 8 11.508432852700000 8.477427166200002 5.994454850600000 -0.005685946552954 -0.003909845414797 -0.004320211573256
105 8 9.920968477800001 7.560904182000002 3.402136381700000 -0.008270363881218 -0.000222834576507 0.005159418447071
121 8 7.672273857400003 7.026163626600007 4.968234320200000 0.008253969226960 0.000169630358103 -0.005132214412507
131 8 11.508426393700001 11.073992940400007 3.132190496199999 -0.001622878332613 -0.001915518899413 0.000191667362116
155 8 11.508430567899998 8.477428856900005 1.296161863300000 -0.001995702829276 -0.003452819505005 0.003102742408499
163 8 7.672298157300000 8.859189034900005 1.566094450300000 0.004962952099865 0.002961689638705 0.008269795875174
171 8 9.259725682700001 9.775700901000002 4.968248379499999 -0.001429200831334 -0.007693265135516 -0.000472992249804
11 1 13.426498927399999 9.966593245500007 2.349140662099999 0.001981867854808 0.001319029698803 -0.000849221922966
18 1 15.344557788300000 6.644399077300000 2.349147298800000 0.002726692989870 -0.000633547136391 -0.000843867424907
28 1 17.262629481500003 9.966598154900002 2.349145244699999 0.001285768732278 -0.001032165647946 -0.000825692050115
34 7 17.262627163200005 7.751796947200008 5.481341472000000 -0.000333476802721 -0.000415037173218 -0.000952930178621
43 7 15.344568302600003 11.073991115500002 5.481334835700000 0.000555354415102 0.000386313041263 0.001388349915810
57 7 13.426498916499998 7.751790037100004 5.481345370700000 0.004278555648420 0.000257007112295 0.001984968565392
81 8 13.095877704700001 7.560908000500002 3.402138567200000 -0.004592937999624 -0.001288610704390 0.001334204049909
99 8 15.344565510999997 11.455753713000002 3.402132653400000 -0.000352279400892 0.001256154049661 0.001777496479817
106 8 17.593251848000001 7.560904182000002 3.402136381700000 -0.001052781558358 0.000633928820313 0.003969777744724
115 8 13.757107442799997 9.775703055900001 4.968235823200000 0.000704894419356 -0.001746176980021 0.001129288727791
122 8 15.344557227600001 7.026163626600007 4.968234320200000 -0.001193590569901 0.002112939017694 0.001522620196444
164 8 15.344581527500001 8.859189034900005 1.566094450300000 -0.001137918162064 0.000187541454050 0.000377790425239
172 8 16.932009052900014 9.775700901000002 4.968248379499999 -0.001549288616171 -0.000838106074458 0.001442446722194
4 1 19.180701981300000 11.073997829000001 5.481344520900000 -0.001382510620389 0.000647112410069 0.000081541836254
12 1 21.098782297600000 9.966593245500007 2.349140662099999 -0.003241557471815 -0.001869761257693 -0.005098994616407
44 7 23.016851672799998 11.073991115500002 5.481334835700000 -0.002272851588015 0.005196616733388 0.002035904721227
50 7 19.180710411899998 6.644390723800001 2.349147115100000 0.015410054181291 -0.008668804247838 -0.012776589303365
58 7 21.098782286699997 7.751790037100004 5.481345370700000 -0.021038013193011 0.006082029419475 0.004209189004907
74 8 19.180716222899989 8.477427166200002 5.994454850600000 0.003444753057979 -0.002827003374645 -0.002077175091975
82 8 20.768161074900000 7.560908000500002 3.402138567200000 0.006331698805266 0.003649735921257 0.014513984331780
100 8 23.016848881199998 11.455753713000002 3.402132653400000 0.001011962210273 0.000161207533357 0.002786562782664
116 8 21.429390813000008 9.775703055900001 4.968235823200000 0.004035408772588 -0.003412231572264 0.002022177261693
132 8 19.180709763900005 11.073992940400007 3.132190496199999 0.000312431954782 0.000164009675247 0.000646647698939
156 8 19.180713938099998 8.477428856900005 1.296161863300000 -0.001359112841299 0.001294712886613 -0.000869058780557
19 1 11.508416103199997 13.288791380900006 2.349147298800000 0.000613792204880 0.002133310873131 -0.000760295003056
123 8 11.508415542500002 13.670555930200003 4.968234320200000 0.000034153323145 0.001303609645534 0.001507352815585
139 8 9.259738667499999 12.372281731100001 1.296160360000000 -0.001509771499828 -0.000257526191744 -0.000679609957163
35 7 13.426485478100000 14.396189250800001 5.481341472000000 0.000017117705982 -0.000202583558163 -0.000375593630631
51 7 15.344568726800000 13.288783027399999 2.349147115100000 -0.000345731794227 0.001830574557483 -0.001080203348940
59 7 17.262640601600001 14.396182340700005 5.481345370700000 -0.000439494458694 -0.001712241002316 0.000233558599669
67 8 16.932029885999999 12.372276697200000 5.994451122499998 -0.001528934893067 0.001098318938865 -0.001924573374344
75 8 15.344574537799998 15.121819469800011 5.994454850600000 0.000132167380366 -0.000595725713151 -0.001567466171577
83 8 16.932019389799994 14.205300304100005 3.402138567200000 -0.001212634665824 -0.000730125159607 0.002112225352721
91 8 13.757112196700003 12.372264326600002 5.994440303000000 0.001200751886226 0.000836306239501 -0.002013253996575
107 8 13.757110162900000 14.205296485600002 3.402136381700000 0.001666692236094 -0.001937420897573 0.002492349313280
140 8 16.932022037700008 12.372281731100001 1.296160360000000 -0.001397672259292 0.000736156127157 -0.001477163561871
147 8 13.757108114200003 12.372258443900009 1.296153622799999 0.001369700561904 0.000347265593635 -0.001158354593542
20 1 19.180699473400008 13.288791380900006 2.349147298800000 -0.000153257360300 -0.000202050165740 -0.000404335757836
36 7 21.098768848300001 14.396189250800001 5.481341472000000 0.000249451791562 -0.000074388413011 0.000014179779149
52 7 23.016852096999997 13.288783027399999 2.349147115100000 -0.000348905533488 0.001818434444246 -0.001084415902141
76 8 23.016857907999988 15.121819469800011 5.994454850600000 -0.000502527651277 -0.002033046183383 -0.001516197610839
92 8 21.429395566900006 12.372264326600002 5.994440303000000 0.002645151965366 -0.000263915323423 -0.001805090083710
108 8 21.429393533100004 14.205296485600002 3.402136381700000 0.001782531474787 -0.000941076204237 0.001699818703001
124 8 19.180698912699995 13.670555930200003 4.968234320200000 0.000195434686277 0.002039128596733 0.001583519905725
148 8 21.429391484400018 12.372258443900009 1.296153622799999 0.002142583630885 0.001215235957909 -0.000716461676514
60 7 24.934923971800007 14.396182340700005 5.481345370700000 0.000220850824404 0.001457678414287 -0.000191286473700
68 8 24.604313256200001 12.372276697200000 5.994451122499998 -0.002461489328826 -0.001188468212976 -0.002017924832474
84 8 24.604302760000003 14.205300304100005 3.402138567200000 -0.001983207413314 -0.001588325285445 0.001668577475223
29 1 9.590346111300004 5.537003285800003 8.613538384300000 0.001201277939158 -0.001085239348192 0.003663760972387
157 8 11.508430567900000 4.047833987800002 7.560555002900000 -0.000693031570964 -0.000731028150958 -0.003290278073633
165 8 7.672298157300002 4.429594165800001 7.830487589900000 0.000243728973453 0.001232038032687 -0.002159783127443
173 8 9.259725682700003 5.346106031900003 11.232641519100001 -0.002030724701090 -0.001115148869822 0.000648524072873
13 1 13.426498927400001 5.536998376400002 8.613533801700001 0.000930668149368 0.000613686763060 0.001789668300069
30 1 17.262629481500003 5.537003285800003 8.613538384300000 -0.000509798257102 0.000425771938685 0.000685870078301
117 8 13.757107442800002 5.346108186800002 11.232628962800000 0.001118801423257 -0.002665834018389 0.000786676091027
166 8 15.344581527500001 4.429594165800001 7.830487589900000 -0.000327592361160 -0.000051187795108 -0.000373226914941
174 8 16.932009052900007 5.346106031900003 11.232641519100001 -0.000592005760624 -0.002219237687884 0.000859017582601
14 1 21.098782297600003 5.536998376400002 8.613533801700001 -0.001550465969027 -0.000905784444995 0.002100479456886
118 8 21.429390813000005 5.346108186800002 11.232628962800000 0.002055653569469 -0.000384877600790 0.000878252491539
158 8 19.180713938100002 4.047833987800002 7.560555002900000 0.000416860559055 -0.001336452326841 -0.001660761963390
5 1 11.508418611100007 6.644402959900002 11.745737660500000 0.002299399074332 0.002768538405065 0.001494495468608
21 1 11.508416103199998 8.859196511800004 8.613540438400001 0.002726707075862 0.001460697760678 0.004298620710020
125 8 11.508415542500003 9.240961061100004 11.232627459799998 -0.005172906322852 -0.000094564918200 -0.001459051885387
133 8 11.508426393700002 6.644398071300002 9.396583635799999 -0.001060847958882 -0.000631849278934 -0.001606979235850
141 8 9.259738667500002 7.942686862000003 7.560553499600000 -0.001805020735742 -0.000472922142990 -0.007909958344044
167 8 11.508439842400001 11.073986469400005 7.830487589900000 -0.001135314886301 -0.000523355543387 -0.001695298883783
37 7 13.426485478099996 9.966594381700006 11.745734611600000 0.015705295469843 0.008848976924406 0.025253449922911
45 7 15.344568302600001 6.644396246400003 11.745727975299999 -0.002249167616970 0.005178691191545 0.002044207561694
53 7 15.344568726799995 8.859188158300002 8.613540254699998 -0.000693330388478 0.002357212914132 0.004266850007113
61 7 17.262640601600001 9.966587471600000 11.745738510299995 -0.020892741970102 0.006064602768224 0.004259398929114
69 8 16.932029886000002 7.942681828100003 12.258844262099997 0.000433250178525 -0.001927431904591 -0.000799740611526
77 8 15.344574537800005 10.692224600700005 12.258847990200001 0.007653746827021 -0.003753649841729 -0.008542654236766
85 8 16.932019389799990 9.775705435000003 9.666531706799999 -0.000325950772835 -0.001602080644024 -0.001180005228777
93 8 13.757112196700007 7.942669457500004 12.258833442600000 0.001803147473532 -0.005682673172847 -0.003136426902048
101 8 15.344565511000003 7.026158843900003 9.666525792999996 0.000173649973613 0.000857673344215 0.000163254412000
109 8 13.757110162900005 9.775701616500001 9.666529521300001 0.001366508110743 -0.002147002704763 -0.004703435593973
142 8 16.932022037700005 7.942686862000003 7.560553499600000 -0.000737668565624 0.000250325250693 -0.002586572254787
149 8 13.757108114200001 7.942663574800001 7.560546762400000 0.000339261704677 0.000173441868431 -0.003656404027795
159 8 15.344572253000006 10.692226291400004 7.560555002900000 0.000058638749910 -0.001467795915968 -0.003070417839022
6 1 19.180701981300004 6.644402959900002 11.745737660500000 -0.001382723620362 0.000650851975724 0.000089793957632
22 1 19.180699473400011 8.859196511800004 8.613540438400001 -0.002076667037383 0.000781702035521 0.001597209644716
38 7 21.098768848300008 9.966594381700006 11.745734611600000 -0.000347070577241 -0.000414676913955 -0.000944740607683
46 7 23.016851672800001 6.644396246400003 11.745727975299999 0.000548690472670 0.000380592003528 0.001394481298110
54 7 23.016852096999990 8.859188158300002 8.613540254699998 -0.000709412497860 0.002364980154269 0.004280006559031
78 8 23.016857907999999 10.692224600700005 12.258847990200001 -0.001664306131868 -0.001694981469115 -0.001333308331723
94 8 21.429395566900006 7.942669457500004 12.258833442600000 0.001688255125389 0.001118685745582 -0.001224917938769
102 8 23.016848881199998 7.026158843900003 9.666525792999996 0.000135095591968 0.002118969709442 0.000116551480506
110 8 21.429393533100001 9.775701616500001 9.666529521300001 0.002448625157198 -0.001432267629790 0.000580177050932
126 8 19.180698912700002 9.240961061100004 11.232627459799998 0.003921148361337 0.000978215412629 0.000767616533490
134 8 19.180709763900005 6.644398071300002 9.396583635799999 0.000838360704995 -0.000247749780053 -0.000582979368204
150 8 21.429391484400004 7.942663574800001 7.560546762400000 0.003036228114497 0.000338100727260 -0.003999092720744
160 8 23.016855623200005 10.692226291400004 7.560555002900000 0.000104691850016 -0.002734771157730 -0.003033546103437
168 8 19.180723212599993 11.073986469400005 7.830487589900000 0.000760081886445 -0.000133261563382 -0.000669329555825
62 7 24.934923971800000 9.966587471600000 11.745738510299995 0.004257564104253 0.000261958280947 0.001990093604667
70 8 24.604313256200005 7.942681828100003 12.258844262099997 -0.002870484706603 -0.000253854805966 -0.001678218419990
86 8 24.604302759999996 9.775705435000003 9.666531706799999 -0.003012185128099 -0.001768443039087 -0.000831288641301
7 1 15.344560296200003 13.288795263500004 11.745737660500000 -0.003019672546117 -0.014362230673146 0.005797963706672
15 1 17.262640612500000 12.181390680000009 8.613533801700001 -0.001543704528400 -0.000900466971802 0.002100000353497
23 1 15.344557788300000 15.503588815399999 8.613540438400001 -0.000153259603802 -0.002094554204891 0.001204195736533
31 1 13.426487796399995 12.181395589400003 8.613538384300000 0.001202961010917 -0.001071779579157 0.003647232747824
39 7 17.262627163200005 16.610986685300006 11.745734611600000 0.000010360141444 -0.000218347831326 -0.000365881915522
95 8 17.593253881800010 14.587061761100006 12.258833442600000 0.002565680885011 0.001628480485554 0.000199266045610
111 8 17.593251848000001 16.420093920100001 9.666529521300001 0.001588655373560 -0.000410604801118 0.001196015751977
119 8 17.593249127900002 11.990500490400001 11.232628962800000 0.006193966232915 0.002223648895216 0.000563826403924
127 8 15.344557227600006 15.885353364700006 11.232627459799998 0.000612837125178 0.003209599980005 0.001283429051251
135 8 15.344568078800005 13.288790374900007 9.396583635799999 0.000316558794251 0.001115196827239 -0.002076726065071
143 8 13.095880352600002 14.587079165600008 7.560553499600000 -0.001591993524286 0.001264880772510 -0.001974346215823
151 8 17.593249799300004 14.587055878400003 7.560546762400000 0.001917889788529 0.001498831683494 -0.001898075570124
175 8 13.095867367800004 11.990498335500007 11.232641519100001 -0.005130888521425 0.003961851736111 -0.002307119901997
8 1 23.016843666400000 13.288795263500004 11.745737660500000 0.001170121232652 -0.000369866802476 -0.000185137828897
24 1 23.016841158500000 15.503588815399999 8.613540438400001 0.000251066047381 0.000031384912080 0.000255918584350
32 1 21.098771166600002 12.181395589400003 8.613538384300000 -0.000513027257377 0.000429214665030 0.000688679474379
47 7 19.180709987699998 13.288788550000005 11.745727975299999 -0.002267242588297 -0.001241825375924 -0.003197765066444
55 7 19.180710411900002 15.503580461900007 8.613540254699998 -0.000110887043409 -0.000832819814299 0.000807445993643
63 7 21.098782286700004 16.610979775200004 11.745738510299995 0.000220175762989 0.001451383317587 -0.000189250602398
71 8 20.768171571100002 14.587074131700003 12.258844262099997 -0.001860698889287 0.000404631075178 -0.000853926436664
79 8 19.180716222899996 17.336616904300001 12.258847990200001 -0.000444387824635 -0.002498462629069 -0.001348518463630
87 8 20.768161074900000 16.420097738599999 9.666531706799999 -0.001847338821887 -0.001091689858789 0.001074820132979
103 8 19.180707196099995 13.670551147500003 9.666525792999996 0.000489878293145 0.002246786915984 0.001530809501894
128 8 23.016840597800005 15.885353364700006 11.232627459799998 -0.000021204608899 0.001773550233041 0.001338622730907
136 8 23.016851449000004 13.288790374900007 9.396583635799999 -0.000248955180098 -0.000168911732926 -0.000284224415026
144 8 20.768163722800004 14.587079165600008 7.560553499600000 -0.001565480906552 0.000781206480492 -0.001858315669807
176 8 20.768150737999996 11.990498335500007 11.232641519100001 -0.001503416734516 -0.000814699083893 0.001509743099005
16 1 24.934923982700003 12.181390680000009 8.613533801700001 0.000926184858525 0.000622551688327 0.001789298029434
40 7 24.934910533400007 16.610986685300006 11.745734611600000 0.000251086590416 -0.000073422913747 0.000016857994789
48 7 26.852993357900004 13.288788550000005 11.745727975299999 0.003869908461428 -0.004113524544360 0.001582395560230
56 7 26.852993782099993 15.503580461900007 8.613540254699998 -0.000110688309375 -0.000826832614424 0.000804633801291
64 7 28.771065656899999 16.610979775200004 11.745738510299995 -0.000434139375249 -0.001719490791758 0.000243270297384
72 8 28.440454941300004 14.587074131700003 12.258844262099997 -0.001714338726500 0.002877041798733 -0.001009348476906
80 8 26.852999593099998 17.336616904300001 12.258847990200001 -0.000288224616343 -0.001767385420711 -0.001273372280560
88 8 28.440444445099999 16.420097738599999 9.666531706799999 -0.001437563635534 -0.000438236661884 0.000924715767353
96 8 25.265537252000023 14.587061761100006 12.258833442600000 0.000334525751882 0.002270931451971 -0.001288848668875
104 8 26.852990566300001 13.670551147500003 9.666525792999996 -0.000617076497601 0.002843326659655 -0.000093243476255
112 8 25.265535218199997 16.420093920100001 9.666529521300001 0.001614230321016 -0.000897739815268 0.001316106063254
120 8 25.265532498100001 11.990500490400001 11.232628962800000 0.000359630098294 -0.000661954488609 0.000581734089357
152 8 25.265533169500006 14.587055878400003 7.560546762400000 0.001508511926912 0.000844285427252 -0.001750950660296
