ITEM: TIMESTEP
0
ITEM: NUMBER OF ATOMS
176
ITEM: BOX BOUNDS xy xz yz pp pp pp
0.0000000000000000e+00 3.0689133480799999e+01 7.6722833701999980e+00
0.0000000000000000e+00 1.7718379476200003e+01 7.6722833702000024e+00
0.0000000000000000e+00 1.2528786279200000e+01 4.4295948690000015e+00
ITEM: ATOMS id type x y z fx fy fz
25 1 5.754204426199998 3.322205851300000 2.349145244699999 -0.010311940164021 -0.008074746801844 0.004099707038720
137 8 5.423596982400004 5.727889427500000 1.296160360000000 -0.000071142472662 -0.000368125341579 -0.001979765670655
161 8 3.836156472199998 2.214796731300001 1.566094450300000 0.000094812766525 0.003045303996917 0.000354960749417
169 8 5.423583997600000 3.131308597400002 4.968248379499999 -0.001366195062619 0.001388501396352 0.000631057923338
1 1 7.672276926000002 4.429605525400001 5.481344520900000 -0.000813294117723 -0.000799024316828 0.003626715432287
9 1 9.590357242299998 3.322200941900001 2.349140662099999 0.008061105614262 -0.001251386500269 0.008924630865637
41 7 11.508426617500000 4.429598811900002 5.481334835700000 0.001173716444456 0.000002949072465 0.003132785001452
89 8 9.920970511600007 5.727872023000002 5.994440303000000 0.001438220170482 0.000484197456844 -0.002021662197343
97 8 11.508423825899998 4.811361409400002 3.402132653400000 -0.003890455433570 -0.001495307775787 -0.001021929384350
113 8 9.920965757699999 3.131310752300001 4.968235823200000 0.001432547261908 0.001016866515737 -0.002176573095295
129 8 7.672284708600001 4.429600636800002 3.132190496199999 0.004044345585252 -0.007118857372953 -0.006925489561216
145 8 9.920966429100000 5.727866140300000 1.296153622799999 0.000097779876963 -0.003040412144907 -0.001218600226765
153 8 7.667288882799985 1.824376299262165 1.296161863300000 0.025383657776598 0.086156866213269 -0.051802526228900
162 8 11.508439842400000 2.214796731300001 1.566094450300000 -0.005556719090943 0.004075149904146 0.001088661368810
2 1 15.344560296200001 4.429605525400001 5.481344520900000 0.000487455959724 -0.000018291071955 0.000177234913289
10 1 17.262640612500000 3.322200941900001 2.349140662099999 0.000172739129473 -0.000695972580424 0.000051190535627
26 1 13.426487796400002 3.322205851300000 2.349145244699999 0.002586832810044 -0.000173077099170 0.000390465434541
65 8 13.095888200900001 5.727884393600002 5.994451122499998 -0.002401847985587 -0.000002096241206 -0.001993123373486
90 8 17.593253881800006 5.727872023000002 5.994440303000000 0.001544454444872 0.000780265730974 -0.001275724871022
114 8 17.593249127900009 3.131310752300001 4.968235823200000 0.001888754860140 -0.000431618321036 0.001305418725552
130 8 15.344568078800005 4.429600636800002 3.132190496199999 -0.000893975285211 -0.000205885163816 -0.000066645579813
138 8 13.095880352600009 5.727889427500000 1.296160360000000 -0.002489486732920 0.000349405067972 -0.001343411680927
146 8 17.593249799300011 5.727866140300000 1.296153622799999 0.002132283435524 0.000863571092716 -0.001349241325411
154 8 15.344572252999999 1.833036553300000 1.296161863300000 -0.000485526128925 -0.001508535037486 -0.001646618609398
170 8 13.095867367800004 3.131308597400002 4.968248379499999 -0.002205760714291 -0.000416418651079 0.000852099892776
42 7 19.180709987699998 4.429598811900002 5.481334835700000 -0.000417289161634 -0.001020994689627 0.000622441934694
66 8 20.768171571100002 5.727884393600002 5.994451122499998 -0.001159353608039 0.000402883966919 -0.001686714418804
98 8 19.180707196099995 4.811361409400002 3.402132653400000 0.000997349120101 0.001157334492072 0.000852528511580
3 1 11.508418611100000 11.073997829000001 5.481344520900000 0.001407794345250 0.000898247121885 -0.001411561707097
17 1 7.672274418099999 6.644399077300000 2.349147298800000 -0.000852697144744 0.004153422662838 0.000074741970623
27 1 9.590346111300001 9.966598154900002 2.349145244699999 0.001528974582838 0.001369119291911 0.000106963050136
33 7 9.590343793000001 7.751796947200008 5.481341472000000 0.000711828273131 0.001169141545664 0.000883031901523
49 7 11.508427041700001 6.644390723800001 2.349147115100000 0.002714567312381 0.004262257168561 0.000253143861711
73 8 11.508432852700000 8.477427166200002 5.994454850600000 -0.000678981280328 -0.001990326162254 -0.001045191641274
105 8 9.920968477800001 7.560904182000002 3.402136381700000 0.001167503020813 -0.002072318644103 0.000851570189622
121 8 7.672273857400003 7.026163626600007 4.968234320200000 0.000498707932487 0.000913473037014 0.000469029212511
131 8 11.508426393700001 11.073992940400007 3.132190496199999 -0.001942813134545 -0.001178913657935 0.000762641240647
155 8 11.508430567899998 8.477428856900005 1.296161863300000 -0.001049361879206 -0.003740119315145 -0.001530419626980
163 8 7.672298157300000 8.859189034900005 1.566094450300000 -0.000111407264317 -0.001410121300839 0.000150469011451
171 8 9.259725682700001 9.775700901000002 4.968248379499999 -0.001916822256606 -0.001473989850638 0.001426688977567
11 1 13.426498927399999 9.966593245500007 2.349140662099999 0.002298887563071 0.004954044314216 0.000030844279771
18 1 15.344557788300000 6.644399077300000 2.349147298800000 0.000443587098684 0.001561836186850 0.000043781779962
28 1 17.262629481500003 9.966598154900002 2.349145244699999 -0.002600144038550 0.003308713385297 0.000320027008078
34 7 17.262627163200005 7.751796947200008 5.481341472000000 -0.000059883325039 0.001447618906570 -0.001018299502529
43 7 15.344568302600003 11.073991115500002 5.481334835700000 -0.000842606745834 0.002331876510530 -0.008691982770847
57 7 13.426498916499998 7.751790037100004 5.481345370700000 0.000445962923288 0.002210434986752 -0.000652880213515
81 8 13.095877704700001 7.560908000500002 3.402138567200000 -0.002843266085552 -0.002965160649812 0.001090713020507
99 8 15.344565510999997 11.455753713000002 3.402132653400000 0.000043549315215 -0.017718451581128 0.014198139900980
106 8 17.593251848000001 7.560904182000002 3.402136381700000 0.002117779336882 -0.002149995109310 0.001377087551209
115 8 13.757107442799997 9.775703055900001 4.968235823200000 0.000454768844826 -0.002641392491504 0.002906009580192
122 8 15.344557227600001 7.026163626600007 4.968234320200000 0.000044290712009 0.001329494089404 0.001535141184629
164 8 15.344581527500001 8.859189034900005 1.566094450300000 0.000137902472488 -0.001849315940920 -0.000764346137141
172 8 16.932009052900014 9.775700901000002 4.968248379499999 -0.000058886061971 -0.002546353769067 0.002785576842023
4 1 19.180701981300000 11.073997829000001 5.481344520900000 -0.000953306707352 0.000427779990908 -0.000860755583973
12 1 21.098782297600000 9.966593245500007 2.349140662099999 -0.001051107218237 0.000732890635960 0.000122461082194
44 7 23.016851672799998 11.073991115500002 5.481334835700000 0.000083852841860 0.000228578607445 0.000166787424917
50 7 19.180710411899998 6.644390723800001 2.349147115100000 -0.001881605170612 0.001555730916236 0.000132532672746
58 7 21.098782286699997 7.751790037100004 5.481345370700000 -0.000997434922526 0.000884105736603 0.000501608937002
74 8 19.180716222899989 8.477427166200002 5.994454850600000 0.000073928358452 -0.001233418106136 -0.000480894555585
82 8 20.768161074900000 7.560908000500002 3.402138567200000 -0.000760742737447 -0.001663215433166 0.000873995276150
100 8 23.016848881199998 11.455753713000002 3.402132653400000 -0.000135629814464 0.001498188882145 0.001615885642296
116 8 21.429390813000008 9.775703055900001 4.968235823200000 0.001978010088003 -0.001092990326126 0.001514840411652
132 8 19.180709763900005 11.073992940400007 3.132190496199999 0.001483510469305 0.000099445283333 0.000436149486280
156 8 19.180713938099998 8.477428856900005 1.296161863300000 0.000743699150363 -0.002716937827826 -0.001795123469666
19 1 11.508416103199997 13.288791380900006 2.349147298800000 0.005864710316095 -0.000920352559454 -0.000282110086926
123 8 11.508415542500002 13.670555930200003 4.968234320200000 -0.001390638939388 0.002188780036835 0.002571089403297
139 8 9.259738667499999 12.372281731100001 1.296160360000000 -0.002491750814451 0.000694930334757 -0.001700781619336
35 7 13.426485478100000 14.396189250800001 5.481341472000000 0.001297977076881 -0.003421618326336 -0.007046277498828
51 7 15.344568726800000 13.288783027399999 2.349147115100000 -0.008806634712277 -0.029100958118571 0.010850462829600
59 7 17.262640601600001 14.396182340700005 5.481345370700000 -0.001841639545905 -0.003114080291590 -0.000996409785740
67 8 16.932029885999999 12.372276697200000 5.994451122499998 -0.000693967338846 0.001323336206302 -0.000307277663199
75 8 15.344574537799998 15.121819469800011 5.994454850600000 0.000839340752520 -0.000367486637754 -0.001033024719447
83 8 16.932019389799994 14.205300304100005 3.402138567200000 0.006200724583821 0.009020555305542 0.003980956860497
91 8 13.757112196700003 12.372264326600002 5.994440303000000 0.001070655323454 0.000763843041654 0.000308121504538
107 8 13.757110162900000 14.205296485600002 3.402136381700000 -0.009007146719933 0.002411131835587 0.016984290465475
140 8 16.932022037700008 12.372281731100001 1.296160360000000 0.007867261870524 -0.005200472519777 -0.006033487282590
147 8 13.757108114200003 12.372258443900009 1.296153622799999 -0.007772925503517 -0.009795036484540 -0.005631194147397
20 1 19.180699473400008 13.288791380900006 2.349147298800000 -0.002400259007031 -0.003687677437739 0.000327070391953
36 7 21.098768848300001 14.396189250800001 5.481341472000000 0.000416487845309 -0.000640592114823 0.000493109853093
52 7 23.016852096999997 13.288783027399999 2.349147115100000 0.000796870162359 -0.000257538137706 -0.000240350823842
76 8 23.016857907999988 15.121819469800011 5.994454850600000 -0.000650634650321 -0.001328040609018 -0.001226664942786
92 8 21.429395566900006 12.372264326600002 5.994440303000000 0.001523299603764 0.000915842015473 -0.001326071503412
108 8 21.429393533100004 14.205296485600002 3.402136381700000 0.001175480647919 -0.000328341197997 0.001378561584487
124 8 19.180698912699995 13.670555930200003 4.968234320200000 0.000612533216669 0.002353978630958 0.001563046694851
148 8 21.429391484400018 12.372258443900009 1.296153622799999 0.001801201841709 0.001023226768956 -0.001389289106339
60 7 24.934923971800007 14.396182340700005 5.481345370700000 0.000887907097582 -0.000296744310001 -0.000352016747777
68 8 24.604313256200001 12.372276697200000 5.994451122499998 -0.002125440102239 0.000281585540059 -0.001226821856508
84 8 24.604302760000003 14.205300304100005 3.402138567200000 -0.002263551832104 -0.000666562412497 0.001447307603783
29 1 9.590346111300004 5.537003285800003 8.613538384300000 0.000350496273166 -0.000120705974124 0.000581120214814
157 8 11.508430567900000 4.047833987800002 7.560555002900000 -0.000279823752745 -0.001650762347719 -0.002740317599019
165 8 7.672298157300002 4.429594165800001 7.830487589900000 -0.000109845394000 0.000222159660867 -0.000844328559009
173 8 9.259725682700003 5.346106031900003 11.232641519100001 -0.002034118150886 -0.000539531301390 0.001184203970772
13 1 13.426498927400001 5.536998376400002 8.613533801700001 -0.000687694844438 -0.000944857865957 0.000809294880258
30 1 17.262629481500003 5.537003285800003 8.613538384300000 0.000388900481806 -0.001194785450315 -0.000867400927132
117 8 13.757107442800002 5.346108186800002 11.232628962800000 0.002039642550488 0.002069490092346 -0.003508243401732
166 8 15.344581527500001 4.429594165800001 7.830487589900000 0.000135061804628 0.000357710867633 -0.000169341014192
174 8 16.932009052900007 5.346106031900003 11.232641519100001 -0.001886968999321 0.003373173928169 0.000944918926257
14 1 21.098782297600003 5.536998376400002 8.613533801700001 0.000124326181476 -0.000342936949867 0.000012524434984
118 8 21.429390813000005 5.346108186800002 11.232628962800000 0.001390350749350 -0.000320476702614 0.001360213618465
158 8 19.180713938100002 4.047833987800002 7.560555002900000 -0.000026138226387 -0.001552770084227 -0.001688560608556
5 1 11.508418611100007 6.644402959900002 11.745737660500000 -0.000097268095615 -0.002706086558619 0.000464995299845
21 1 11.508416103199998 8.859196511800004 8.613540438400001 -0.000315844124832 0.000040318147128 -0.000427095669041
125 8 11.508415542500003 9.240961061100004 11.232627459799998 0.001763926391276 0.001816010601471 0.001909710425995
133 8 11.508426393700002 6.644398071300002 9.396583635799999 -0.000167024234544 0.000359663280517 -0.000269173413853
141 8 9.259738667500002 7.942686862000003 7.560553499600000 -0.001596156842447 0.000719038266540 -0.001894668133262
167 8 11.508439842400001 11.073986469400005 7.830487589900000 -0.000208029318924 -0.000313178080152 0.000489267331133
37 7 13.426485478099996 9.966594381700006 11.745734611600000 -0.002111020476804 0.003372022962163 -0.002053842111331
45 7 15.344568302600001 6.644396246400003 11.745727975299999 -0.008968579280110 -0.015018599825404 -0.002965274656481
53 7 15.344568726799995 8.859188158300002 8.613540254699998 -0.000796410378798 0.001727055775193 -0.002984635003706
61 7 17.262640601600001 9.966587471600000 11.745738510299995 0.001569700502174 0.009285680716485 -0.004005045109494
69 8 16.932029886000002 7.942681828100003 12.258844262099997 -0.012449185129454 -0.010853370294616 0.013788750449646
77 8 15.344574537800005 10.692224600700005 12.258847990200001 0.000832173539694 -0.003537721479584 -0.000909603845228
85 8 16.932019389799990 9.775705435000003 9.666531706799999 -0.001355231824286 -0.001653501133498 0.003670743459057
93 8 13.757112196700007 7.942669457500004 12.258833442600000 0.009627452798991 -0.000743948878375 0.003424768888694
101 8 15.344565511000003 7.026158843900003 9.666525792999996 0.000053029687754 0.000391559310676 0.007443908951245
109 8 13.757110162900005 9.775701616500001 9.666529521300001 0.001857806333023 -0.001382674828565 0.002738939846887
142 8 16.932022037700005 7.942686862000003 7.560553499600000 -0.001884339019527 0.000889524494295 -0.000619783789495
149 8 13.757108114200001 7.942663574800001 7.560546762400000 0.002240860106712 0.001060932658069 -0.000587015380789
159 8 15.344572253000006 10.692226291400004 7.560555002900000 0.000194475259980 -0.003169894057369 0.001119817248066
6 1 19.180701981300004 6.644402959900002 11.745737660500000 0.003619231252728 -0.003046230335782 -0.002341302383921
22 1 19.180699473400011 8.859196511800004 8.613540438400001 0.000686087908493 0.000403362888378 -0.001045537732325
38 7 21.098768848300008 9.966594381700006 11.745734611600000 0.002187571269234 0.001226590065659 -0.000375840627824
46 7 23.016851672800001 6.644396246400003 11.745727975299999 0.000753883733180 -0.000779899097705 0.000001362490306
54 7 23.016852096999990 8.859188158300002 8.613540254699998 0.000121955379206 0.000278258184421 -0.000173817444189
78 8 23.016857907999999 10.692224600700005 12.258847990200001 -0.000658577298895 -0.002011693032656 -0.001209870237489
94 8 21.429395566900006 7.942669457500004 12.258833442600000 0.000604027497093 0.001077514905004 -0.001090173674305
102 8 23.016848881199998 7.026158843900003 9.666525792999996 -0.000135563988590 0.001802223353975 0.001492094291356
110 8 21.429393533100001 9.775701616500001 9.666529521300001 0.000997094544990 -0.001134797655638 0.001770915759942
126 8 19.180698912700002 9.240961061100004 11.232627459799998 -0.002526564760914 0.000926879951919 0.002392820675093
134 8 19.180709763900005 6.644398071300002 9.396583635799999 -0.000288852745591 0.000481194997917 0.001033167339664
150 8 21.429391484400004 7.942663574800001 7.560546762400000 0.001607609672032 0.001021028897155 -0.001406258015914
160 8 23.016855623200005 10.692226291400004 7.560555002900000 -0.000121382033719 -0.002033092041730 -0.001684322648957
168 8 19.180723212599993 11.073986469400005 7.830487589900000 -0.000111870981057 -0.000511533224113 0.000346628209104
62 7 24.934923971800000 9.966587471600000 11.745738510299995 -0.000884987173389 0.000707388096757 -0.000008643312361
70 8 24.604313256200005 7.942681828100003 12.258844262099997 -0.001820904757689 0.000794693167449 -0.001478396592768
86 8 24.604302759999996 9.775705435000003 9.666531706799999 -0.001468967868930 -0.001128850372097 0.001356987138132
7 1 15.344560296200003 13.288795263500004 11.745737660500000 0.000034356340331 0.001097257837276 -0.000430369444522
15 1 17.262640612500000 12.181390680000009 8.613533801700001 -0.000268215349141 0.000685911624898 -0.001182352725528
23 1 15.344557788300000 15.503588815399999 8.613540438400001 -0.000008556284257 -0.000359066821951 -0.000364302706169
31 1 13.426487796399995 12.181395589400003 8.613538384300000 0.000141861157542 0.000470001077604 -0.001366800515649
39 7 17.262627163200005 16.610986685300006 11.745734611600000 0.001782420103955 0.000409746388000 0.000729515556291
95 8 17.593253881800010 14.587061761100006 12.258833442600000 0.001166592889136 0.000395423025069 -0.001414803636303
111 8 17.593251848000001 16.420093920100001 9.666529521300001 0.001359268750457 -0.000886428378939 0.001162021999569
119 8 17.593249127900002 11.990500490400001 11.232628962800000 0.001000502486747 -0.003726287087929 0.002088310252798
127 8 15.344557227600006 15.885353364700006 11.232627459799998 -0.000203625004262 0.001558786029588 0.001302721787649
135 8 15.344568078800005 13.288790374900007 9.396583635799999 0.000085151598255 -0.000283129163933 0.000557226734626
143 8 13.095880352600002 14.587079165600008 7.560553499600000 -0.001882147430599 0.001199685604273 0.000286345886033
151 8 17.593249799300004 14.587055878400003 7.560546762400000 0.001858024735488 0.001181951430841 -0.001238520348325
175 8 13.095867367800004 11.990498335500007 11.232641519100001 -0.000980354940903 -0.002119694267255 0.001634068734452
8 1 23.016843666400000 13.288795263500004 11.745737660500000 -0.000018817174496 0.001615874918619 0.000980679455574
24 1 23.016841158500000 15.503588815399999 8.613540438400001 -0.000056969549014 -0.000036959491669 0.001001207900667
32 1 21.098771166600002 12.181395589400003 8.613538384300000 0.000390976539780 0.000306667996318 -0.000044581613761
47 7 19.180709987699998 13.288788550000005 11.745727975299999 0.001743200905086 0.002263848854654 0.000788493095816
55 7 19.180710411900002 15.503580461900007 8.613540254699998 0.000512592139186 0.000384595767931 0.000766482983779
63 7 21.098782286700004 16.610979775200004 11.745738510299995 0.002014527612137 0.001880825980031 0.008383454968100
71 8 20.768171571100002 14.587074131700003 12.258844262099997 -0.003064809359789 -0.001897283072461 -0.002622595973820
79 8 19.180716222899996 17.336616904300001 12.258847990200001 -0.002648365084988 -0.001580690210427 -0.002560267728864
87 8 20.768161074900000 16.420097738599999 9.666531706799999 -0.002230459688243 -0.001272808391959 -0.000773941091383
103 8 19.180707196099995 13.670551147500003 9.666525792999996 -0.000247158747955 0.001274570510954 0.001443847226835
128 8 23.016840597800005 15.885353364700006 11.232627459799998 0.001073384767925 0.001036803043708 -0.000241239281508
136 8 23.016851449000004 13.288790374900007 9.396583635799999 -0.000051500965213 -0.000544012405517 -0.000405276887979
144 8 20.768163722800004 14.587079165600008 7.560553499600000 -0.001629099902721 0.000667930675431 -0.001988590027451
176 8 20.768150737999996 11.990498335500007 11.232641519100001 -0.002005495773492 -0.001900913360104 0.001227277962268
16 1 24.934923982700003 12.181390680000009 8.613533801700001 -0.000143953993228 0.000252967223868 -0.000056786738814
40 7 24.934910533400007 16.610986685300006 11.745734611600000 -0.002493528017588 -0.002132336478026 0.005693344352282
48 7 26.852993357900004 13.288788550000005 11.745727975299999 -0.001502612655615 0.001118740521740 0.000683360578019
56 7 26.852993782099993 15.503580461900007 8.613540254699998 -0.000189404079559 -0.000096111350868 -0.000282239216815
64 7 28.771065656899999 16.610979775200004 11.745738510299995 -0.000503680810731 -0.000053522811543 0.000224118211719
72 8 28.440454941300004 14.587074131700003 12.258844262099997 -0.001403468543116 0.000460854989396 -0.001521439127934
80 8 26.852999593099998 17.336616904300001 12.258847990200001 0.001299900172936 -0.000633781565114 -0.001882456481055
88 8 28.440444445099999 16.420097738599999 9.666531706799999 -0.001464722429593 -0.000845043297780 0.001472754829049
96 8 25.265537252000023 14.587061761100006 12.258833442600000 0.002572744364187 -0.000201398004612 -0.002305351441947
104 8 26.852990566300001 13.670551147500003 9.666525792999996 0.000191135765211 0.001539775426316 0.001634276217136
112 8 25.265535218199997 16.420093920100001 9.666529521300001 0.001869529870422 -0.000537563446484 0.000512603384752
120 8 25.265532498100001 11.990500490400001 11.232628962800000 0.002073552916787 -0.001241735543921 0.001236284398958
152 8 25.265533169500006 14.587055878400003 7.560546762400000 0.001647569128561 0.000987335076943 -0.001207661285441
