ITEM: TIMESTEP
0
ITEM: NUMBER OF ATOMS
176
ITEM: BOX BOUNDS xy xz yz pp pp pp
0.0000000000000000e+00 3.0689133480799999e+01 7.6722833701999980e+00
0.0000000000000000e+00 1.7718379476200003e+01 7.6722833702000024e+00
0.0000000000000000e+00 1.2528786279200000e+01 4.4295948690000015e+00
ITEM: ATOMS id type x y z fx fy fz
25 1 5.754204426199998 3.322205851300000 2.349145244699999 -0.003019368738377 -0.000912100998782 -0.002804531966103
137 8 5.423596982400004 5.727889427500000 1.296160360000000 -0.000905233794521 0.000153287856128 -0.000595361694510
161 8 3.836156472199998 2.214796731300001 1.566094450300000 0.001181142772410 0.000476411696843 0.000626620398666
169 8 5.423583997600000 3.131308597400002 4.968248379499999 0.002676268152884 -0.000542674393949 0.001816890747878
1 1 7.672276926000002 4.429605525400001 5.481344520900000 -0.002905776723936 0.010842702964542 0.004245360521420
9 1 9.590357242299998 3.322200941900001 2.349140662099999 0.012054828039175 0.002194622358927 -0.006113341408382
41 7 11.508426617500000 4.429598811900002 5.481334835700000 0.029563210816971 0.012623179533149 0.003317873544075
89 8 9.920970511600007 5.727872023000002 5.994440303000000 -0.010941487646838 0.004050183989669 -0.000516444606202
97 8 11.508423825899998 4.811361409400002 3.402132653400000 0.002503351457328 0.012681535326969 -0.013780788257306
113 8 9.930965757700001 3.131310752300001 4.968235823200000 -0.087069328158698 -0.055416070115496 -0.002633978759378
129 8 7.672284708600001 4.429600636800002 3.132190496199999 0.004062068397895 -0.004285136306588 0.009071287371517
145 8 9.920966429100000 5.727866140300000 1.296153622799999 -0.000357354570421 0.000031151569345 -0.002004037009250
153 8 7.672288882800000 1.833036553300000 1.296161863300000 0.000233126552756 -0.001546848869590 0.000279905990719
162 8 11.508439842400000 2.214796731300001 1.566094450300000 -0.002780383999028 -0.000013910944928 -0.001373520324770
2 1 15.344560296200001 4.429605525400001 5.481344520900000 -0.005398216394359 -0.000240631982004 -0.000420521877930
10 1 17.262640612500000 3.322200941900001 2.349140662099999 -0.002044170575369 0.000274040377645 0.000433501290283
26 1 13.426487796400002 3.322205851300000 2.349145244699999 -0.001984075520706 0.001536140880599 0.005190892513601
65 8 13.095888200900001 5.727884393600002 5.994451122499998 0.015109794333071 0.015853832297965 0.003529484136196
90 8 17.593253881800006 5.727872023000002 5.994440303000000 0.003960147140890 0.000711983380096 -0.001287397876257
114 8 17.593249127900009 3.131310752300001 4.968235823200000 0.003995651239111 -0.000667841086818 0.001402244612637
130 8 15.344568078800005 4.429600636800002 3.132190496199999 0.001911642381909 0.000245042070925 -0.001179678155153
138 8 13.095880352600009 5.727889427500000 1.296160360000000 -0.001064955988876 0.001377150899010 -0.003439895228393
146 8 17.593249799300011 5.727866140300000 1.296153622799999 0.002396900781426 0.001099474197972 -0.001369455297438
154 8 15.344572252999999 1.833036553300000 1.296161863300000 0.000522745759626 -0.002159716933590 -0.002290659520492
170 8 13.095867367800004 3.131308597400002 4.968248379499999 0.012461796465769 -0.005849340039555 0.000045695268735
42 7 19.180709987699998 4.429598811900002 5.481334835700000 -0.005087569896949 0.000399846053182 0.000531122408981
66 8 20.768171571100002 5.727884393600002 5.994451122499998 0.003027968731643 -0.002334690693065 -0.002256680249807
98 8 19.180707196099995 4.811361409400002 3.402132653400000 0.001298858960599 0.001156107464538 0.002017673949397
3 1 11.508418611100000 11.073997829000001 5.481344520900000 -0.000418538237794 -0.001414107146908 -0.000100114298841
17 1 7.672274418099999 6.644399077300000 2.349147298800000 0.001130771127039 0.003271355800425 -0.001705109943770
27 1 9.590346111300001 9.966598154900002 2.349145244699999 0.000466477029046 -0.000330309557232 0.000158173106936
33 7 9.590343793000001 7.751796947200008 5.481341472000000 0.003928618180841 -0.000958481489219 0.000523651671671
49 7 11.508427041700001 6.644390723800001 2.349147115100000 0.002244153282790 -0.005569001342036 0.004738357234367
73 8 11.508432852700000 8.477427166200002 5.994454850600000 -0.001353648647238 -0.000670509822595 -0.001238793614316
105 8 9.920968477800001 7.560904182000002 3.402136381700000 -0.000323742971168 -0.000433406307375 0.001608962540345
121 8 7.672273857400003 7.026163626600007 4.968234320200000 -0.001164662935956 -0.001888903221327 0.001429336068685
131 8 11.508426393700001 11.073992940400007 3.132190496199999 0.000121887645775 0.000487489528178 0.000122304860810
155 8 11.508430567899998 8.477428856900005 1.296161863300000 -0.000219180019616 -0.000194379423340 -0.002693251968890
163 8 7.672298157300000 8.859189034900005 1.566094450300000 -0.000233220801873 -0.000733072543753 0.000190008438214
171 8 9.259725682700001 9.775700901000002 4.968248379499999 -0.001860321448479 -0.000756857143312 0.001270387116055
11 1 13.426498927399999 9.966593245500007 2.349140662099999 -0.000571977993503 -0.001365993020446 0.000216013906134
18 1 15.344557788300000 6.644399077300000 2.349147298800000 -0.001449645447643 -0.001120421829735 0.000987673276738
28 1 17.262629481500003 9.966598154900002 2.349145244699999 0.000274257041147 -0.000544817157238 -0.000260041533083
34 7 17.262627163200005 7.751796947200008 5.481341472000000 -0.001826197002073 -0.000861656813377 -0.000233164070333
43 7 15.344568302600003 11.073991115500002 5.481334835700000 -0.001136633960575 -0.003243844298797 -0.000061210720191
57 7 13.426498916499998 7.751790037100004 5.481345370700000 -0.001875573719836 -0.008817205951733 0.001310912685922
81 8 13.095877704700001 7.560908000500002 3.402138567200000 -0.001077541399363 0.000502107355719 0.000607278004138
99 8 15.344565510999997 11.455753713000002 3.402132653400000 0.000356508848344 0.003019907763753 0.001627111234066
106 8 17.593251848000001 7.560904182000002 3.402136381700000 0.001840903975610 -0.000612725433036 0.001138283045633
115 8 13.757107442799997 9.775703055900001 4.968235823200000 0.002879960068088 0.002094877116621 0.001265615554904
122 8 15.344557227600001 7.026163626600007 4.968234320200000 0.002492251221410 0.003230301841976 0.000661321198439
164 8 15.344581527500001 8.859189034900005 1.566094450300000 0.000279497138080 0.000585098243142 -0.000082334397758
172 8 16.932009052900014 9.775700901000002 4.968248379499999 -0.001946956569950 -0.000011825459411 0.001422870072541
4 1 19.180701981300000 11.073997829000001 5.481344520900000 0.001203540034559 0.000614288180359 -0.000337762574341
12 1 21.098782297600000 9.966593245500007 2.349140662099999 -0.000164712547951 0.000629194289187 0.000015537775817
44 7 23.016851672799998 11.073991115500002 5.481334835700000 -0.000628573091384 0.000894457381386 0.000390080188800
50 7 19.180710411899998 6.644390723800001 2.349147115100000 -0.001438243681485 0.000972342564783 -0.000547388888584
58 7 21.098782286699997 7.751790037100004 5.481345370700000 -0.000866789602061 0.003301394830964 0.000113466366954
74 8 19.180716222899989 8.477427166200002 5.994454850600000 0.000648139458601 -0.002532080181050 -0.001446518490372
82 8 20.768161074900000 7.560908000500002 3.402138567200000 -0.001019129609225 -0.001541684142747 0.001815793507673
100 8 23.016848881199998 11.455753713000002 3.402132653400000 0.000176000700200 0.001306487065384 0.001511762764756
116 8 21.429390813000008 9.775703055900001 4.968235823200000 0.001801496554576 -0.001934630045010 0.001448953839325
132 8 19.180709763900005 11.073992940400007 3.132190496199999 -0.000308713639388 -0.000471584873053 -0.000111145439946
156 8 19.180713938099998 8.477428856900005 1.296161863300000 0.000054010555652 -0.002088038198597 -0.001506100953082
19 1 11.508416103199997 13.288791380900006 2.349147298800000 -0.000935285429548 -0.000624988714273 -0.000554615572644
123 8 11.508415542500002 13.670555930200003 4.968234320200000 0.003159020534412 0.002797709617478 0.001890889877043
139 8 9.259738667499999 12.372281731100001 1.296160360000000 -0.001112833334151 0.000628951683449 -0.001751048238813
35 7 13.426485478100000 14.396189250800001 5.481341472000000 -0.008515491708771 -0.004876729769028 -0.001533466374683
51 7 15.344568726800000 13.288783027399999 2.349147115100000 -0.001934830951838 -0.002978553975742 -0.002911755278297
59 7 17.262640601600001 14.396182340700005 5.481345370700000 0.017212529890255 -0.002871301796585 0.000946039504436
67 8 16.932029885999999 12.372276697200000 5.994451122499998 -0.000577676413177 0.006471139131918 -0.002748372015112
75 8 15.344574537799998 15.121819469800011 5.994454850600000 0.015069697428819 0.011255579250126 -0.009795814830138
83 8 16.932019389799994 14.205300304100005 3.402138567200000 -0.004050042495376 0.006162268304607 0.007266136990380
91 8 13.757112196700003 12.372264326600002 5.994440303000000 0.002080239687738 0.003355418269760 -0.001550727313916
107 8 13.757110162900000 14.205296485600002 3.402136381700000 0.002425375029873 0.000209192152407 0.003056419606057
140 8 16.932022037700008 12.372281731100001 1.296160360000000 -0.002319433978070 0.001726381489038 -0.000468003862090
147 8 13.757108114200003 12.372258443900009 1.296153622799999 0.002487844113768 0.001672910530078 -0.000369610412900
20 1 19.180699473400008 13.288791380900006 2.349147298800000 0.002424417998311 0.000815047633928 0.000832378855428
36 7 21.098768848300001 14.396189250800001 5.481341472000000 -0.002325177542376 0.008165824215490 -0.001809104942441
52 7 23.016852096999997 13.288783027399999 2.349147115100000 -0.001316089680926 0.001263297880452 0.000735953398700
76 8 23.016857907999988 15.121819469800011 5.994454850600000 0.002620906296297 -0.003001064967552 -0.000884609294359
92 8 21.429395566900006 12.372264326600002 5.994440303000000 0.002188173084168 -0.001151241861797 -0.000963268470020
108 8 21.429393533100004 14.205296485600002 3.402136381700000 0.002470788048692 -0.002677944891206 -0.000157759404466
124 8 19.180698912699995 13.670555930200003 4.968234320200000 -0.002379957802847 -0.003144879316441 0.001872763468663
148 8 21.429391484400018 12.372258443900009 1.296153622799999 0.001646285774435 0.000681205286458 -0.001824935845857
60 7 24.934923971800007 14.396182340700005 5.481345370700000 -0.003109572421301 0.000878824107876 0.000294121700046
68 8 24.604313256200001 12.372276697200000 5.994451122499998 -0.001192334203993 0.000580110968252 -0.001409614792679
84 8 24.604302760000003 14.205300304100005 3.402138567200000 -0.000806425627516 -0.001033171223626 0.001433590850217
29 1 9.590346111300004 5.537003285800003 8.613538384300000 0.004544853969807 0.000185881917654 -0.000455941851167
157 8 11.508430567900000 4.047833987800002 7.560555002900000 0.000448802632623 -0.002271782167130 0.010390262424058
165 8 7.672298157300002 4.429594165800001 7.830487589900000 -0.000846604317765 -0.001125198998360 -0.006717981274358
173 8 9.259725682700003 5.346106031900003 11.232641519100001 -0.001694451095321 -0.000888953315673 0.001349053286670
13 1 13.426498927400001 5.536998376400002 8.613533801700001 -0.001659327503100 -0.001040326412239 -0.003923151541227
30 1 17.262629481500003 5.537003285800003 8.613538384300000 -0.001423103301192 -0.000135203207665 -0.000514172879896
117 8 13.757107442800002 5.346108186800002 11.232628962800000 0.002213052250951 -0.000570331639770 0.002472141589111
166 8 15.344581527500001 4.429594165800001 7.830487589900000 0.001436843936485 -0.000240915261369 0.001342126466394
174 8 16.932009052900007 5.346106031900003 11.232641519100001 -0.001721734729607 -0.000728942354387 0.001681332081139
14 1 21.098782297600003 5.536998376400002 8.613533801700001 -0.001237470178411 0.001103708210958 0.001929667356988
118 8 21.429390813000005 5.346108186800002 11.232628962800000 0.001781182349127 -0.000986556763277 0.000849371583724
158 8 19.180713938100002 4.047833987800002 7.560555002900000 0.000820777889281 -0.001764596310534 -0.002244997363346
5 1 11.508418611100007 6.644402959900002 11.745737660500000 -0.000067755517298 -0.000417757656568 -0.001196391670732
21 1 11.508416103199998 8.859196511800004 8.613540438400001 0.000138279943548 -0.001204264139227 -0.000901928962847
125 8 11.508415542500003 9.240961061100004 11.232627459799998 0.000389633157853 0.002100321426504 0.001638857331847
133 8 11.508426393700002 6.644398071300002 9.396583635799999 -0.000908594895516 0.000713222869817 0.001124024836098
141 8 9.259738667500002 7.942686862000003 7.560553499600000 -0.002209612000757 0.000977471556300 -0.001546268854995
167 8 11.508439842400001 11.073986469400005 7.830487589900000 0.000403210233178 0.000511446292178 0.000137205002362
37 7 13.426485478099996 9.966594381700006 11.745734611600000 0.000044087005202 0.000031236123637 -0.001171395062126
45 7 15.344568302600001 6.644396246400003 11.745727975299999 -0.000445692808668 -0.000589589937157 -0.001905479144371
53 7 15.344568726799995 8.859188158300002 8.613540254699998 -0.001293409261513 -0.001089461870305 -0.000675014240010
61 7 17.262640601600001 9.966587471600000 11.745738510299995 0.000815412667651 0.000646060303682 0.000133936959722
69 8 16.932029886000002 7.942681828100003 12.258844262099997 -0.001713065007824 0.000401395316429 -0.000141120892932
77 8 15.344574537800005 10.692224600700005 12.258847990200001 -0.000323809404300 -0.001952015739640 -0.000725088342926
85 8 16.932019389799990 9.775705435000003 9.666531706799999 -0.001328641885379 -0.000857108102004 0.001514296609113
93 8 13.757112196700007 7.942669457500004 12.258833442600000 0.001791389873628 0.000891802872999 -0.000128569066582
101 8 15.344565511000003 7.026158843900003 9.666525792999996 0.000891013444786 0.001938847159498 0.002654996775526
109 8 13.757110162900005 9.775701616500001 9.666529521300001 0.000808874149097 0.000010415482596 0.001208100749943
142 8 16.932022037700005 7.942686862000003 7.560553499600000 -0.001038360707826 0.000957922857232 -0.001517894919481
149 8 13.757108114200001 7.942663574800001 7.560546762400000 0.002396611134951 0.003095759371002 0.000200128344288
159 8 15.344572253000006 10.692226291400004 7.560555002900000 0.000050432980093 -0.000997680498198 -0.002246704446976
6 1 19.180701981300004 6.644402959900002 11.745737660500000 0.000557751652906 0.000106461335500 0.000500191272569
22 1 19.180699473400011 8.859196511800004 8.613540438400001 -0.000195740970725 0.000264581024665 0.000138691607956
38 7 21.098768848300008 9.966594381700006 11.745734611600000 0.000124073687274 -0.000032519519027 0.001209275280533
46 7 23.016851672800001 6.644396246400003 11.745727975299999 -0.000214597336419 0.000134270491911 0.001260514520306
54 7 23.016852096999990 8.859188158300002 8.613540254699998 0.000276649092623 0.000821091838678 0.000194541094291
78 8 23.016857907999999 10.692224600700005 12.258847990200001 0.000264254547016 -0.001777107722157 -0.001609992539092
94 8 21.429395566900006 7.942669457500004 12.258833442600000 0.001679681827918 0.000832417351391 -0.002016499260166
102 8 23.016848881199998 7.026158843900003 9.666525792999996 -0.000215428677772 0.001364599238635 0.001026429310242
110 8 21.429393533100001 9.775701616500001 9.666529521300001 0.001253121153759 -0.000886031295424 0.000909683054232
126 8 19.180698912700002 9.240961061100004 11.232627459799998 -0.000138447112896 0.001766918779390 0.001324008257023
134 8 19.180709763900005 6.644398071300002 9.396583635799999 0.000544544343202 -0.000396221751901 -0.000505609846153
150 8 21.429391484400004 7.942663574800001 7.560546762400000 0.001625505311026 0.000298081571826 -0.001912369314554
160 8 23.016855623200005 10.692226291400004 7.560555002900000 0.000114742076938 -0.002177568505503 -0.001477622455653
168 8 19.180723212599993 11.073986469400005 7.830487589900000 -0.000473066594929 -0.000048583917159 0.000101056206925
62 7 24.934923971800000 9.966587471600000 11.745738510299995 -0.000517277179773 0.000152880160558 0.000105925498854
70 8 24.604313256200005 7.942681828100003 12.258844262099997 -0.001441767199526 0.000737232637381 -0.001481317484592
86 8 24.604302759999996 9.775705435000003 9.666531706799999 -0.001435484932955 -0.000933273048018 0.001449899119075
7 1 15.344560296200003 13.288795263500004 11.745737660500000 0.000276209678956 -0.000002808445220 0.000307121864589
15 1 17.262640612500000 12.181390680000009 8.613533801700001 0.000746260216175 -0.000546376923046 0.001036103272413
23 1 15.344557788300000 15.503588815399999 8.613540438400001 0.000860632192302 -0.000701086772984 0.004962642488256
31 1 13.426487796399995 12.181395589400003 8.613538384300000 -0.000541153658542 -0.000899128420548 0.000593096812676
39 7 17.262627163200005 16.610986685300006 11.745734611600000 0.000609188168369 0.000068376656662 -0.000233454956302
95 8 17.593253881800010 14.587061761100006 12.258833442600000 0.001434828254810 0.001116759413870 -0.001288603313422
111 8 17.593251848000001 16.420093920100001 9.666529521300001 -0.000323395678620 -0.001056959710168 0.002393659077999
119 8 17.593249127900002 11.990500490400001 11.232628962800000 0.001589800130524 -0.000886108266550 0.001259276446938
127 8 15.344557227600006 15.885353364700006 11.232627459799998 0.000014570622099 0.001656193991150 0.000846360243489
135 8 15.344568078800005 13.288790374900007 9.396583635799999 -0.000353032888652 0.000700844860102 -0.000702063354263
143 8 13.095880352600002 14.587079165600008 7.560553499600000 0.000595855632492 0.001091433542293 -0.003713164833722
151 8 17.593249799300004 14.587055878400003 7.560546762400000 -0.001815701160735 -0.000154028567181 -0.003469562668163
175 8 13.095867367800004 11.990498335500007 11.232641519100001 -0.001595773456698 -0.000960354060274 0.001197717737441
8 1 23.016843666400000 13.288795263500004 11.745737660500000 -0.000105706152120 -0.000244909213040 -0.000169752399610
24 1 23.016841158500000 15.503588815399999 8.613540438400001 -0.001357835758488 0.000603547339673 -0.001312833462006
32 1 21.098771166600002 12.181395589400003 8.613538384300000 0.000211749091630 0.000889421361398 -0.000488314779043
47 7 19.180709987699998 13.288788550000005 11.745727975299999 0.000138747725236 -0.000216840161659 0.000393089192896
55 7 19.180710411900002 15.503580461900007 8.613540254699998 0.003023418613129 0.005132438073335 -0.003211511192232
63 7 21.098782286700004 16.610979775200004 11.745738510299995 -0.000494941723342 0.000033563958641 -0.001781190233482
71 8 20.768171571100002 14.587074131700003 12.258844262099997 -0.001641174474221 0.000841977552239 -0.001240246091201
79 8 19.180716222899996 17.336616904300001 12.258847990200001 -0.000251988210504 -0.001876337094151 -0.001006830210574
87 8 20.768161074900000 16.420097738599999 9.666531706799999 -0.000992670196653 -0.001367389011150 0.003159839971128
103 8 19.180707196099995 13.670551147500003 9.666525792999996 -0.000381286446642 0.000783390673560 0.001980345475204
128 8 23.016840597800005 15.885353364700006 11.232627459799998 0.000470739920081 0.001890105564146 0.001879830737220
136 8 23.016851449000004 13.288790374900007 9.396583635799999 0.000416145630151 -0.000415936718680 0.000454520898640
144 8 20.768163722800004 14.587079165600008 7.560553499600000 -0.001299333344529 -0.000371038964421 0.000052393265708
176 8 20.768150737999996 11.990498335500007 11.232641519100001 -0.001586575380311 -0.000756023637430 0.001180012017926
16 1 24.934923982700003 12.181390680000009 8.613533801700001 -0.000555082648806 -0.000020258018030 0.000055697756951
40 7 24.934910533400007 16.610986685300006 11.745734611600000 0.000140887075574 -0.000387953565022 -0.000826085256892
48 7 26.852993357900004 13.288788550000005 11.745727975299999 -0.000341140835368 -0.000087152114078 0.000434706618232
56 7 26.852993782099993 15.503580461900007 8.613540254699998 -0.002225883218540 0.000201928373552 0.001050086508142
64 7 28.771065656899999 16.610979775200004 11.745738510299995 0.000021048446768 0.000358406407466 0.001183540251949
72 8 28.440454941300004 14.587074131700003 12.258844262099997 -0.001705098010365 0.000569874795974 -0.001583330692128
80 8 26.852999593099998 17.336616904300001 12.258847990200001 -0.000332365324201 -0.002011886794193 -0.001519355956785
88 8 28.440444445099999 16.420097738599999 9.666531706799999 -0.001115869378904 -0.001003209365125 0.000544523347411
96 8 25.265537252000023 14.587061761100006 12.258833442600000 0.001682728869514 0.001053684994972 -0.001119690394489
104 8 26.852990566300001 13.670551147500003 9.666525792999996 0.000572174855890 0.001817447417469 0.001130133887529
112 8 25.265535218199997 16.420093920100001 9.666529521300001 0.001849158379269 -0.000758579257618 0.001219915633389
120 8 25.265532498100001 11.990500490400001 11.232628962800000 0.002053378116254 -0.000829558186456 0.001406537123894
152 8 25.265533169500006 14.587055878400003 7.560546762400000 0.002810971828105 0.000957011114027 -0.001174131731203
