ITEM: TIMESTEP
0
ITEM: NUMBER OF ATOMS
176
ITEM: BOX BOUNDS xy xz yz pp pp pp
0.0000000000000000e+00 3.0689133480799999e+01 7.6722833701999980e+00
0.0000000000000000e+00 1.7718379476200003e+01 7.6722833702000024e+00
0.0000000000000000e+00 1.2528786279200000e+01 4.4295948690000015e+00
ITEM: ATOMS id type x y z fx fy fz
25 1 5.754204426199998 3.322205851300000 2.349145244699999 -0.000695773938508 0.015502548734206 -0.002230521865907
137 8 5.423596982400004 5.727889427500000 1.296160360000000 -0.003952438990798 -0.003317840845643 -0.011292286006392
161 8 3.836156472199998 2.214796731300001 1.566094450300000 -0.001356542670529 -0.002003255439158 -0.000469891105510
169 8 5.423583997600000 3.131308597400002 4.968248379499999 -0.000625502615224 -0.002521028146514 0.002442071722496
1 1 7.672276926000002 4.429605525400001 5.481344520900000 -0.006189612651798 -0.000071036037290 -0.000145887354405
9 1 9.590357242299998 3.322200941900001 2.349140662099999 -0.001115399102009 -0.015616498514112 0.002288750715384
41 7 11.508426617500000 4.429598811900002 5.481334835700000 0.001768603938909 -0.002920064846289 0.005016693898969
89 8 9.920970511600007 5.727872023000002 5.994440303000000 0.002489185510231 0.002920655172255 -0.004181620400993
97 8 11.508423825899998 4.811361409400002 3.402132653400000 -0.003271391810584 0.006537959322093 -0.002409906574957
113 8 9.920965757699999 3.131310752300001 4.968235823200000 0.002837795465169 0.000844843312845 0.000250486500063
129 8 7.672284708600001 4.429600636800002 3.132190496199999 0.010102439173207 -0.000005317723837 0.000057858658835
145 8 9.920966429100000 5.727866140300000 1.296153622799999 -0.000075084333894 0.004967100680813 0.008179782508528
153 8 7.672288882800000 1.833036553300000 1.296161863300000 0.001886932296221 -0.001827543524058 -0.001643298349390
162 8 11.508439842400000 2.214796731300001 1.566094450300000 -0.001348939763828 0.002151577703844 0.000441106008762
2 1 15.344560296200001 4.429605525400001 5.481344520900000 0.002237929482244 -0.000103896770995 -0.000077852799910
10 1 17.262640612500000 3.322200941900001 2.349140662099999 0.003074450459473 0.002283970244175 -0.000038321983942
26 1 13.426487796400002 3.322205851300000 2.349145244699999 0.003403902511088 -0.002356935241614 0.000066916567205
65 8 13.095888200900001 5.727884393600002 5.994451122499998 -0.003106729974928 0.000761963199899 -0.002425449469875
90 8 17.593253881800006 5.727872023000002 5.994440303000000 0.000269149294056 0.001010836611492 -0.000364040419846
114 8 17.593249127900009 3.131310752300001 4.968235823200000 0.000446216001899 -0.002277528231569 0.001885002958952
130 8 15.344568078800005 4.429600636800002 3.132190496199999 -0.002089263266947 -0.000038111073982 0.000072393060636
138 8 13.095880352600009 5.727889427500000 1.296160360000000 -0.007220158804691 0.002653484597289 0.000932798772122
146 8 17.593249799300011 5.727866140300000 1.296153622799999 -0.003864642084221 -0.000861217315413 -0.003883406644655
154 8 15.344572252999999 1.833036553300000 1.296161863300000 -0.000830733134784 -0.001816431566153 -0.001639795929617
170 8 13.095867367800004 3.131308597400002 4.968248379499999 -0.002996184812528 0.000607187719411 0.000799460656633
42 7 19.180709987699998 4.429598811900002 5.481334835700000 0.001782038298111 0.002851314685853 -0.004538697464263
66 8 20.768171571100002 5.727884393600002 5.994451122499998 -0.000908105516744 -0.001152985978880 0.001390707941935
98 8 19.180707196099995 4.811361409400002 3.402132653400000 -0.003255286533636 -0.002970678566218 0.005495242773630
3 1 11.508418611100000 11.073997829000001 5.481344520900000 0.000812478153456 0.002031313508545 0.001327590135279
17 1 7.682274418099999 6.644399077300000 2.349147298800000 -0.060357231385037 -0.000076338960087 -0.000047171871733
27 1 9.590346111300001 9.966598154900002 2.349145244699999 -0.000794612671494 0.015562964799573 -0.002259585645521
33 7 9.590343793000001 7.751796947200008 5.481341472000000 -0.005058378830681 0.003007315829920 0.021217981994992
49 7 11.508427041700001 6.644390723800001 2.349147115100000 0.031145829820526 0.000210640657570 -0.000049213132738
73 8 11.508432852700000 8.477427166200002 5.994454850600000 -0.001952299501801 -0.003011476032644 -0.003678606383013
105 8 9.920968477800001 7.560904182000002 3.402136381700000 -0.000227183127028 -0.004866567574986 -0.007975056899877
121 8 7.672273857400003 7.026163626600007 4.968234320200000 0.016178338051037 0.001895534861094 0.001450038055033
131 8 11.508426393700001 11.073992940400007 3.132190496199999 -0.001272239724410 -0.002117974383455 -0.000380934270725
155 8 11.508430567899998 8.477428856900005 1.296161863300000 -0.003344661036882 -0.006595740458660 0.002325991353269
163 8 7.672298157300000 8.859189034900005 1.566094450300000 0.010025521099188 0.000039116709049 0.000002395053720
171 8 9.259725682700001 9.775700901000002 4.968248379499999 0.000786752103420 -0.005050806527546 -0.001112090344214
11 1 13.426498927399999 9.966593245500007 2.349140662099999 0.003083186525584 0.002303428890243 -0.000037792964718
18 1 15.344557788300000 6.644399077300000 2.349147298800000 0.005387612351945 -0.000075565058785 -0.000046593017580
28 1 17.262629481500003 9.966598154900002 2.349145244699999 0.003395151506710 -0.002337458305002 0.000067450347323
34 7 17.262627163200005 7.751796947200008 5.481341472000000 0.004097476748194 -0.000490939243073 -0.002918856996503
43 7 15.344568302600003 11.073991115500002 5.481334835700000 0.001265355326744 -0.000023613278224 0.000228937512310
57 7 13.426498916499998 7.751790037100004 5.481345370700000 0.003690119442234 0.000596749919334 0.002945897626285
81 8 13.095877704700001 7.560908000500002 3.402138567200000 -0.007242989528236 -0.002812637606083 -0.001076938215873
99 8 15.344565510999997 11.455753713000002 3.402132653400000 -0.000757522908929 0.001758622034254 0.001555887064512
106 8 17.593251848000001 7.560904182000002 3.402136381700000 -0.004017224911579 0.000961285623491 0.004087986078915
115 8 13.757107442799997 9.775703055900001 4.968235823200000 0.000784479850219 -0.001792129738458 0.000999313269667
122 8 15.344557227600001 7.026163626600007 4.968234320200000 -0.002586981651821 0.001874142561690 0.001409988759263
164 8 15.344581527500001 8.859189034900005 1.566094450300000 -0.002165988255774 0.000071699287091 -0.000012202830210
172 8 16.932009052900014 9.775700901000002 4.968248379499999 -0.002653519501096 0.000106518892738 0.001687207394446
4 1 19.180701981300000 11.073997829000001 5.481344520900000 0.000817009182722 -0.002226273913762 -0.001487836396250
12 1 21.098782297600000 9.966593245500007 2.349140662099999 -0.001016663034727 -0.015556078772687 0.002259756136604
44 7 23.016851672799998 11.073991115500002 5.481334835700000 -0.004360559325880 -0.000033218046984 0.000220555792942
50 7 19.180710411899998 6.644390723800001 2.349147115100000 0.030809912659286 0.000210882033151 -0.000049109033356
58 7 21.098782286699997 7.751790037100004 5.481345370700000 -0.005362035515452 -0.002902171185306 -0.021102165236814
74 8 19.180716222899989 8.477427166200002 5.994454850600000 -0.001962112493095 -0.000855731027543 0.000791198699520
82 8 20.768161074900000 7.560908000500002 3.402138567200000 -0.003975464074574 0.003158700837468 0.011148273646806
100 8 23.016848881199998 11.455753713000002 3.402132653400000 0.001960168703295 0.001769729680114 0.001559380479602
116 8 21.429390813000008 9.775703055900001 4.968235823200000 0.004213363611731 0.003367156384725 0.003798201478375
132 8 19.180709763900005 11.073992940400007 3.132190496199999 -0.001279746178546 0.002036852612408 0.000530060154533
156 8 19.180713938099998 8.477428856900005 1.296161863300000 -0.003328528985623 0.002912883266272 -0.005579123885516
19 1 11.508416103199997 13.288791380900006 2.349147298800000 0.000394718795289 0.002259795302082 -0.000402549388854
123 8 11.508415542500002 13.670555930200003 4.968234320200000 0.000018100898111 0.001138872411002 0.001336716156676
139 8 9.259738667499999 12.372281731100001 1.296160360000000 -0.001106715318706 -0.000490231078757 -0.001337792732711
35 7 13.426485478100000 14.396189250800001 5.481341472000000 -0.000246658365380 0.001691223819671 -0.000604445046580
51 7 15.344568726800000 13.288783027399999 2.349147115100000 -0.000573677272982 0.000220657924807 -0.000048384693825
59 7 17.262640601600001 14.396182340700005 5.481345370700000 -0.000667436438411 -0.001580644445366 0.000605781721207
67 8 16.932029885999999 12.372276697200000 5.994451122499998 -0.001934176339761 0.001332290565028 -0.001262824840418
75 8 15.344574537799998 15.121819469800011 5.994454850600000 0.000534325885139 -0.001937051149472 -0.001441253304702
83 8 16.932019389799994 14.205300304100005 3.402138567200000 -0.001129552857131 0.000331049542088 0.001193641657160
91 8 13.757112196700003 12.372264326600002 5.994440303000000 0.001439266116298 0.000430112070150 -0.001519393353709
107 8 13.757110162900000 14.205296485600002 3.402136381700000 0.002068842310402 -0.002169598742367 0.001835647754442
140 8 16.932022037700008 12.372281731100001 1.296160360000000 -0.001765505647473 0.001365055883795 -0.001691007209030
147 8 13.757108114200003 12.372258443900009 1.296153622799999 0.001564599917122 0.000408736002373 -0.001279784326736
20 1 19.180699473400008 13.288791380900006 2.349147298800000 0.000394703316417 -0.002410914948160 0.000309361407003
36 7 21.098768848300001 14.396189250800001 5.481341472000000 0.000643200201617 -0.001350362722463 0.000213633578747
52 7 23.016852096999997 13.288783027399999 2.349147115100000 -0.000573691692262 0.000201046050015 -0.000049711145238
76 8 23.016857907999988 15.121819469800011 5.994454850600000 -0.000734430211623 -0.001932551849314 -0.001443229889813
92 8 21.429395566900006 12.372264326600002 5.994440303000000 0.001944907760263 0.001615041079533 -0.001216552946654
108 8 21.429393533100004 14.205296485600002 3.402136381700000 0.001412115817045 -0.000308685160174 0.001484307032994
124 8 19.180698912699995 13.670555930200003 4.968234320200000 0.000020639868986 0.002605453325024 0.001488032809003
148 8 21.429391484400018 12.372258443900009 1.296153622799999 0.002221347766221 0.002269700757526 -0.001631157152750
60 7 24.934923971800007 14.396182340700005 5.481345370700000 0.000230446760762 0.001445475650948 -0.000206013009345
68 8 24.604313256200001 12.372276697200000 5.994451122499998 -0.001426131676770 0.000153726264814 -0.001563581481798
84 8 24.604302760000003 14.205300304100005 3.402138567200000 -0.001788346064366 -0.001524211413188 0.001546839171156
29 1 9.590346111300004 5.537003285800003 8.613538384300000 -0.000211896766419 -0.000172774813466 0.001602668023190
157 8 11.508430567900000 4.047833987800002 7.560555002900000 -0.000256167946424 -0.001218406967912 -0.003268338537621
165 8 7.672298157300002 4.429594165800001 7.830487589900000 0.000590461671786 0.000074457455604 -0.000007085135659
173 8 9.259725682700003 5.346106031900003 11.232641519100001 -0.001793550851202 -0.001523716699697 0.001147159018857
13 1 13.426498927400001 5.536998376400002 8.613533801700001 0.000234054594483 0.000133756560175 0.001084152207626
30 1 17.262629481500003 5.537003285800003 8.613538384300000 0.000553102628848 -0.000187897269570 -0.001049831832244
117 8 13.757107442800002 5.346108186800002 11.232628962800000 0.002153503469724 -0.001334377862302 0.001241309735238
166 8 15.344581527500001 4.429594165800001 7.830487589900000 -0.000546360063679 0.000075122480789 -0.000015968995614
174 8 16.932009052900007 5.346106031900003 11.232641519100001 -0.001285512427241 -0.000345160569801 0.001447885597715
14 1 21.098782297600003 5.536998376400002 8.613533801700001 -0.000524900765379 0.000118430854884 -0.001578251549521
118 8 21.429390813000005 5.346108186800002 11.232628962800000 0.001647878521926 -0.000149450134927 0.001544159692065
158 8 19.180713938100002 4.047833987800002 7.560555002900000 -0.000258212219438 -0.002420367189092 -0.000014815629715
5 1 11.508418611100007 6.644402959900002 11.745737660500000 0.000817010430477 0.002024750361385 0.001324442122262
21 1 11.508416103199998 8.859196511800004 8.613540438400001 0.000584199202044 0.000603414809495 0.002654790789343
125 8 11.508415542500003 9.240961061100004 11.232627459799998 -0.001480558978096 0.000795689844009 -0.000821092731881
133 8 11.508426393700002 6.644398071300002 9.396583635799999 -0.000191246108829 -0.000426668653136 -0.000949330026204
141 8 9.259738667500002 7.942686862000003 7.560553499600000 -0.000510753977422 0.000172652155605 -0.005264146124660
167 8 11.508439842400001 11.073986469400005 7.830487589900000 -0.000269410376559 -0.000313887091397 -0.001040487308756
37 7 13.426485478099996 9.966594381700006 11.745734611600000 -0.004949651569730 0.003003698095365 0.021107949150966
45 7 15.344568302600001 6.644396246400003 11.745727975299999 -0.004360514736497 -0.000023516973220 0.000232574277541
53 7 15.344568726799995 8.859188158300002 8.613540254699998 -0.001281704562520 0.000214568983656 -0.000042089321233
61 7 17.262640601600001 9.966587471600000 11.745738510299995 -0.005470517994646 -0.002905631103538 -0.021211770230093
69 8 16.932029886000002 7.942681828100003 12.258844262099997 0.000646060491625 0.004859347097926 0.000996450712076
77 8 15.344574537800005 10.692224600700005 12.258847990200001 0.015696750144353 -0.001955626583628 -0.001479905252569
85 8 16.932019389799990 9.775705435000003 9.666531706799999 -0.000533585123697 -0.000331812842032 0.005119969063993
93 8 13.757112196700007 7.942669457500004 12.258833442600000 0.004004746142491 -0.003086422734409 -0.003773429533968
101 8 15.344565511000003 7.026158843900003 9.666525792999996 0.000296048446116 0.001761997798918 0.001554051878583
109 8 13.757110162900005 9.775701616500001 9.666529521300001 0.002657701613959 -0.001508309846701 -0.002089294778984
142 8 16.932022037700005 7.942686862000003 7.560553499600000 -0.002131086321405 0.001054822964572 -0.000311142829553
149 8 13.757108114200001 7.942663574800001 7.560546762400000 0.001196837289805 0.000721583364769 -0.002668826242865
159 8 15.344572253000006 10.692226291400004 7.560555002900000 0.000138225193241 -0.001820825710615 -0.001641929755963
6 1 19.180701981300004 6.644402959900002 11.745737660500000 0.000812497635068 -0.002232861467725 -0.001491006973540
22 1 19.180699473400011 8.859196511800004 8.613540438400001 0.000584203764433 -0.000754551294005 -0.002747978407573
38 7 21.098768848300008 9.966594381700006 11.745734611600000 0.004102361363414 -0.000495278509781 -0.002940026028074
46 7 23.016851672800001 6.644396246400003 11.745727975299999 0.001265355127905 -0.000033165349718 0.000224164623053
54 7 23.016852096999990 8.859188158300002 8.613540254699998 -0.001281706679839 0.000207108591875 -0.000056009339881
78 8 23.016857907999999 10.692224600700005 12.258847990200001 -0.003068538767467 -0.001934194271247 -0.001439932381577
94 8 21.429395566900006 7.942669457500004 12.258833442600000 0.000575869943555 0.002072779776814 -0.000974547371627
102 8 23.016848881199998 7.026158843900003 9.666525792999996 0.000211446425620 0.001763019234723 0.001558035041930
110 8 21.429393533100001 9.775701616500001 9.666529521300001 0.001044348615001 -0.000621501460852 0.002873345338492
126 8 19.180698912700002 9.240961061100004 11.232627459799998 -0.001470730735680 0.002951402584783 0.003648675724302
134 8 19.180709763900005 6.644398071300002 9.396583635799999 -0.000192672069463 0.000347504136011 0.001100682438359
150 8 21.429391484400004 7.942663574800001 7.560546762400000 0.002810168608971 0.001608354313117 0.002293829520069
160 8 23.016855623200005 10.692226291400004 7.560555002900000 0.000222839819164 -0.001819809668476 -0.001637965891568
168 8 19.180723212599993 11.073986469400005 7.830487589900000 -0.000267984799203 0.000460294382551 0.001009523567139
62 7 24.934923971800000 9.966587471600000 11.745738510299995 0.003685206513477 0.000592399624167 0.002924740202948
70 8 24.604313256200005 7.942681828100003 12.258844262099997 -0.002794133467711 -0.000297941364045 -0.001802904628822
86 8 24.604302759999996 9.775705435000003 9.666531706799999 -0.002153936009585 -0.001213975865418 0.000166971542953
7 1 15.344560296200003 13.288795263500004 11.745737660500000 -0.006189559086442 -0.000130462926828 -0.000017618305502
15 1 17.262640612500000 12.181390680000009 8.613533801700001 -0.000532599794937 0.000119261973927 -0.001573555708766
23 1 15.344557788300000 15.503588815399999 8.613540438400001 -0.000372325333177 -0.000075567762439 -0.000046595748408
31 1 13.426487796399995 12.181395589400003 8.613538384300000 -0.000204182050286 -0.000171939665057 0.001607341804352
39 7 17.262627163200005 16.610986685300006 11.745734611600000 -0.000255175768409 0.001682141544091 -0.000599899919548
95 8 17.593253881800010 14.587061761100006 12.258833442600000 0.002629194926591 -0.000564159441044 -0.000225716962747
111 8 17.593251848000001 16.420093920100001 9.666529521300001 0.001767269643385 -0.000932265482065 0.001724734367783
119 8 17.593249127900002 11.990500490400001 11.232628962800000 0.002697792378106 -0.002639933679379 0.004206353529453
127 8 15.344557227600006 15.885353364700006 11.232627459799998 0.001015899444922 0.001876972698207 0.001411309235462
135 8 15.344568078800005 13.288790374900007 9.396583635799999 0.000667195968037 -0.000040836232093 0.000067305013887
143 8 13.095880352600002 14.587079165600008 7.560553499600000 -0.001415016726407 0.000746173158180 -0.001448837820537
151 8 17.593249799300004 14.587055878400003 7.560546762400000 0.001919763180013 0.001032329989822 -0.001520208400797
175 8 13.095867367800004 11.990498335500007 11.232641519100001 -0.000767566840705 0.000961573299554 -0.001506375324872
8 1 23.016843666400000 13.288795263500004 11.745737660500000 0.002237921113836 -0.000097637738201 -0.000085559563117
24 1 23.016841158500000 15.503588815399999 8.613540438400001 0.000436315386858 -0.000075569608101 -0.000046592766192
32 1 21.098771166600002 12.181395589400003 8.613538384300000 0.000554769315775 -0.000187277582789 -0.001055019363532
47 7 19.180709987699998 13.288788550000005 11.745727975299999 0.001768558799390 0.002863209921035 -0.004563592381751
55 7 19.180710411900002 15.503580461900007 8.613540254699998 -0.000102258083017 0.000210843791308 -0.000049059011931
63 7 21.098782286700004 16.610979775200004 11.745738510299995 0.000230926136800 0.001451842059460 -0.000207747234668
71 8 20.768171571100002 14.587074131700003 12.258844262099997 -0.003136799443511 -0.000798562702959 -0.000915131124185
79 8 19.180716222899996 17.336616904300001 12.258847990200001 -0.000460924538679 -0.002665526608126 -0.001517972514777
87 8 20.768161074900000 16.420097738599999 9.666531706799999 -0.001819977568531 -0.001074096955052 0.001335867127179
103 8 19.180707196099995 13.670551147500003 9.666525792999996 -0.000182942545131 0.001160599028374 0.003184469178146
128 8 23.016840597800005 15.885353364700006 11.232627459799998 -0.000252861775158 0.001872473054166 0.001413294358606
136 8 23.016851449000004 13.288790374900007 9.396583635799999 -0.000469617721355 -0.000041498448518 0.000076131180049
144 8 20.768163722800004 14.587079165600008 7.560553499600000 -0.001797134451169 0.000914944746303 -0.001480029365394
176 8 20.768150737999996 11.990498335500007 11.232641519100001 -0.002966115297862 -0.000953358240224 0.002309776768923
16 1 24.934923982700003 12.181390680000009 8.613533801700001 0.000232382263541 0.000134379399240 0.001078965176174
40 7 24.934910533400007 16.610986685300006 11.745734611600000 0.000642711738401 -0.001343962275198 0.000211891314693
48 7 26.852993357900004 13.288788550000005 11.745727975299999 0.001782063544957 -0.002908106959061 0.004991774212448
56 7 26.852993782099993 15.503580461900007 8.613540254699998 -0.000098982771443 0.000210839398898 -0.000049046307796
64 7 28.771065656899999 16.610979775200004 11.745738510299995 -0.000658929817529 -0.001589698311631 0.000610327804795
72 8 28.440454941300004 14.587074131700003 12.258844262099997 -0.000766088408816 0.002329578689559 -0.002557778622670
80 8 26.852999593099998 17.336616904300001 12.258847990200001 -0.000463471741290 -0.001198945955391 -0.001366658767640
88 8 28.440444445099999 16.420097738599999 9.666531706799999 -0.001437857657719 -0.000905325767284 0.001304678318371
96 8 25.265537252000023 14.587061761100006 12.258833442600000 0.000237586038626 0.002558202640894 -0.001860239921987
104 8 26.852990566300001 13.670551147500003 9.666525792999996 -0.000184994998617 0.002362561361916 -0.000069123365350
112 8 25.265535218199997 16.420093920100001 9.666529521300001 0.001382328967326 -0.000763857597229 0.001694795680531
120 8 25.265532498100001 11.990500490400001 11.232628962800000 0.000477782037977 -0.000730160104433 0.000388808667892
152 8 25.265533169500006 14.587055878400003 7.560546762400000 0.001534818748894 0.000863924536200 -0.001490279714972
