ITEM: TIMESTEP
0
ITEM: NUMBER OF ATOMS
176
ITEM: BOX BOUNDS xy xz yz pp pp pp
0.0000000000000000e+00 3.0689133480799999e+01 7.6722833701999980e+00
0.0000000000000000e+00 1.7718379476200003e+01 7.6722833702000024e+00
0.0000000000000000e+00 1.2528786279200000e+01 4.4295948690000015e+00
ITEM: ATOMS id type x y z fx fy fz
25 1 5.754204426199998 3.322205851300000 2.349145244699999 -0.002219164371894 -0.000405299685086 0.000226252866952
137 8 5.423596982400004 5.727889427500000 1.296160360000000 -0.000587731453207 0.000552339743579 -0.001513750337569
161 8 3.836156472199998 2.214796731300001 1.566094450300000 0.000756907263372 0.000262947686467 0.000093708951678
169 8 5.423583997600000 3.131308597400002 4.968248379499999 -0.001213646638811 -0.000879892213765 0.000728906295513
1 1 7.672276926000002 4.429605525400001 5.481344520900000 0.002573292857581 0.000750953642605 0.003448273297814
9 1 9.590357242299998 3.322200941900001 2.349140662099999 -0.008334769347839 -0.007945852794944 0.004191269635497
41 7 11.508426617500000 4.429598811900002 5.481334835700000 0.008524494455123 -0.000533910015841 0.031493488361486
89 8 9.920970511600007 5.727872023000002 5.994440303000000 -0.007850914322064 0.007256452798019 0.002826913313236
97 8 11.513423825900048 4.814248160745925 3.410297619209257 -0.025345812793275 0.019732254027659 -0.098108850777433
113 8 9.920965757699999 3.131310752300001 4.968235823200000 -0.005998625527122 -0.006502816949735 -0.007189676229304
129 8 7.672284708600001 4.429600636800002 3.132190496199999 0.005419660319324 -0.002414679975058 -0.003329209424624
145 8 9.920966429100000 5.727866140300000 1.296153622799999 0.012423487300680 -0.009521004099713 0.014586242924552
153 8 7.672288882800000 1.833036553300000 1.296161863300000 0.003928224644962 0.001696367379021 0.000571920655648
162 8 11.508439842400000 2.214796731300001 1.566094450300000 -0.004181280628200 0.009033546310248 0.004324687590943
2 1 15.344560296200001 4.429605525400001 5.481344520900000 -0.005691691054449 0.000402929955632 0.000636236074349
10 1 17.262640612500000 3.322200941900001 2.349140662099999 -0.000446599833122 0.000234711591764 0.000709273702131
26 1 13.426487796400002 3.322205851300000 2.349145244699999 0.010679332355915 -0.001268593301512 0.008912698179137
65 8 13.095888200900001 5.727884393600002 5.994451122499998 0.007746634890050 0.008298574352104 0.007308313039058
90 8 17.593253881800006 5.727872023000002 5.994440303000000 0.002508034458056 0.001206285791347 -0.001286961637230
114 8 17.593249127900009 3.131310752300001 4.968235823200000 0.002465592511827 -0.000885074656061 0.001098499426008
130 8 15.344568078800005 4.429600636800002 3.132190496199999 -0.000231896141646 -0.001379614495560 -0.002602791006928
138 8 13.095880352600009 5.727889427500000 1.296160360000000 -0.009611534731981 -0.003097372630473 0.001708722298156
146 8 17.593249799300011 5.727866140300000 1.296153622799999 0.001794593624180 0.000990596068205 -0.001485435021605
154 8 15.344572252999999 1.833036553300000 1.296161863300000 -0.000959543872607 -0.000955126857976 -0.001304148129940
170 8 13.095867367800004 3.131308597400002 4.968248379499999 0.008968791038854 -0.016506218792828 0.003348001235035
42 7 19.180709987699998 4.429598811900002 5.481334835700000 -0.001079118185355 0.000308107205823 0.000604379923915
66 8 20.768171571100002 5.727884393600002 5.994451122499998 -0.001827482333794 0.000693146459715 -0.001477116454814
98 8 19.180707196099995 4.811361409400002 3.402132653400000 0.000523313847778 0.001664686214458 0.001260118603944
3 1 11.508418611100000 11.073997829000001 5.481344520900000 0.000230006091441 -0.001101461179378 0.000231162688740
17 1 7.672274418099999 6.644399077300000 2.349147298800000 -0.003446157088729 0.003036550449727 0.001977258753342
27 1 9.590346111300001 9.966598154900002 2.349145244699999 -0.000021340102723 0.001121181262680 0.000770230054081
33 7 9.590343793000001 7.751796947200008 5.481341472000000 0.002973699933820 -0.004764349963298 0.003832207550121
49 7 11.508427041700001 6.644390723800001 2.349147115100000 0.008685684009802 0.008215330845836 0.013019643415869
73 8 11.508432852700000 8.477427166200002 5.994454850600000 -0.001133586677628 -0.000095269205511 -0.001205145911140
105 8 9.920968477800001 7.560904182000002 3.402136381700000 0.001848879798408 -0.001949697043500 -0.002559248032146
121 8 7.672273857400003 7.026163626600007 4.968234320200000 -0.001360065445677 0.001854873313327 0.000040696421886
131 8 11.508426393700001 11.073992940400007 3.132190496199999 -0.000272136334760 0.000010477678325 -0.000243681408686
155 8 11.508430567899998 8.477428856900005 1.296161863300000 -0.000015234419851 -0.006914583264789 0.001615116694424
163 8 7.672298157300000 8.859189034900005 1.566094450300000 0.000151807146014 -0.001003009597199 -0.000187483876489
171 8 9.259725682700001 9.775700901000002 4.968248379499999 -0.001907678199214 0.000006253449697 0.000637479852580
11 1 13.426498927399999 9.966593245500007 2.349140662099999 0.000413866252186 -0.000397084499812 0.001196651742939
18 1 15.344557788300000 6.644399077300000 2.349147298800000 0.000270348394090 0.000277484646736 0.002592003963137
28 1 17.262629481500003 9.966598154900002 2.349145244699999 0.000017085210099 -0.000602514412226 0.000240427121212
34 7 17.262627163200005 7.751796947200008 5.481341472000000 -0.001302207738945 -0.000931762099094 -0.000219102184856
43 7 15.344568302600003 11.073991115500002 5.481334835700000 -0.000794855427907 -0.000855198372247 0.000334579246544
57 7 13.426498916499998 7.751790037100004 5.481345370700000 -0.002358848263873 -0.008282651477862 0.001196717953260
81 8 13.095877704700001 7.560908000500002 3.402138567200000 -0.001837583679362 0.002692008355570 -0.002874034986026
99 8 15.344565510999997 11.455753713000002 3.402132653400000 0.000317606031211 0.002743250934008 0.001029646572078
106 8 17.593251848000001 7.560904182000002 3.402136381700000 0.001995954944800 -0.000871066220548 0.001209435721908
115 8 13.757107442799997 9.775703055900001 4.968235823200000 0.002432505195323 0.001411220726199 0.000929638843354
122 8 15.344557227600001 7.026163626600007 4.968234320200000 0.002588155528014 0.002809539216791 0.000707532104718
164 8 15.344581527500001 8.859189034900005 1.566094450300000 0.000029946631835 0.000265375669155 -0.000507013822525
172 8 16.932009052900014 9.775700901000002 4.968248379499999 -0.001397440304260 -0.000489708252407 0.001182879366632
4 1 19.180701981300000 11.073997829000001 5.481344520900000 0.000181590489729 0.000293278009988 0.000079669083512
12 1 21.098782297600000 9.966593245500007 2.349140662099999 -0.000398181282511 0.000153476676303 0.000363546168019
44 7 23.016851672799998 11.073991115500002 5.481334835700000 -0.000092868871601 0.000293768661192 0.000438227519399
50 7 19.180710411899998 6.644390723800001 2.349147115100000 -0.001036145918083 0.000673658064069 0.000584415802826
58 7 21.098782286699997 7.751790037100004 5.481345370700000 0.000159351225746 0.000054815555555 0.000300717169602
74 8 19.180716222899989 8.477427166200002 5.994454850600000 0.000143432985091 -0.001724944496777 -0.001182639056229
82 8 20.768161074900000 7.560908000500002 3.402138567200000 -0.001188271345668 -0.001101516375282 0.001002248431613
100 8 23.016848881199998 11.455753713000002 3.402132653400000 0.000063947882393 0.001718972095986 0.001287857653449
116 8 21.429390813000008 9.775703055900001 4.968235823200000 0.001666782249807 -0.000849572307689 0.001275253862379
132 8 19.180709763900005 11.073992940400007 3.132190496199999 -0.000027230168218 0.000692066515945 -0.000340862942890
156 8 19.180713938099998 8.477428856900005 1.296161863300000 0.000173366094147 -0.001773092197594 -0.001698957905688
19 1 11.508416103199997 13.288791380900006 2.349147298800000 -0.000314415913634 -0.000347191890368 -0.000038042598299
123 8 11.508415542500002 13.670555930200003 4.968234320200000 0.000590471432832 0.001467974452329 0.000913788516136
139 8 9.259738667499999 12.372281731100001 1.296160360000000 -0.001528135553188 0.000826346454139 -0.001295346319634
35 7 13.426485478100000 14.396189250800001 5.481341472000000 0.000063716080077 -0.000358788487901 0.000692376827735
51 7 15.344568726800000 13.288783027399999 2.349147115100000 -0.001455909615431 -0.002539593672393 0.000890167389060
59 7 17.262640601600001 14.396182340700005 5.481345370700000 0.001497344308370 0.002225757095408 0.002779318782570
67 8 16.932029885999999 12.372276697200000 5.994451122499998 -0.001884323240220 0.000498067875115 -0.001576499072783
75 8 15.344574537799998 15.121819469800011 5.994454850600000 -0.000672723619417 -0.002235436095362 -0.001845575042808
83 8 16.932019389799994 14.205300304100005 3.402138567200000 -0.001230556492887 0.001787114943341 -0.001437476309040
91 8 13.757112196700003 12.372264326600002 5.994440303000000 0.001645373444984 0.001486614670469 -0.001357452244638
107 8 13.757110162900000 14.205296485600002 3.402136381700000 0.002167590748166 -0.000598996492081 0.000982667304124
140 8 16.932022037700008 12.372281731100001 1.296160360000000 -0.001421942160876 0.001628278291723 -0.001264879523332
147 8 13.757108114200003 12.372258443900009 1.296153622799999 0.002375537205568 0.001741458754353 -0.000905808970316
20 1 19.180699473400008 13.288791380900006 2.349147298800000 0.000986291807968 -0.003339089701018 0.001847878416521
36 7 21.098768848300001 14.396189250800001 5.481341472000000 -0.000817835296346 0.007676444020386 0.000801206226358
52 7 23.016852096999997 13.288783027399999 2.349147115100000 0.000134993447150 0.000168465428765 0.001018726208175
76 8 23.016857907999988 15.121819469800011 5.994454850600000 0.001330427707949 -0.003130733178514 -0.001353819235128
92 8 21.429395566900006 12.372264326600002 5.994440303000000 0.001898460526751 -0.000835461022221 -0.001100464512865
108 8 21.429393533100004 14.205296485600002 3.402136381700000 0.001328046978281 -0.000992214965958 -0.000792669431996
124 8 19.180698912699995 13.670555930200003 4.968234320200000 -0.000899552166543 0.000965178722247 0.000072774044896
148 8 21.429391484400018 12.372258443900009 1.296153622799999 0.001133080309169 0.001317568912090 -0.001185474580681
60 7 24.934923971800007 14.396182340700005 5.481345370700000 -0.001232186679296 0.000679024634253 0.000338014077544
68 8 24.604313256200001 12.372276697200000 5.994451122499998 -0.001673861408050 0.000533861888563 -0.001382746164715
84 8 24.604302760000003 14.205300304100005 3.402138567200000 -0.001686700962892 -0.001012801893149 0.001088762772430
29 1 9.590346111300004 5.537003285800003 8.613538384300000 0.002967655859354 -0.001499452026174 -0.003079817772375
157 8 11.508430567900000 4.047833987800002 7.560555002900000 -0.000005710177861 -0.007245579018873 0.020939601905388
165 8 7.672298157300002 4.429594165800001 7.830487589900000 -0.001620571792997 -0.000312870492591 -0.000026570180857
173 8 9.259725682700003 5.346106031900003 11.232641519100001 -0.002155919964524 -0.000271289311665 0.002445837912779
13 1 13.426498927400001 5.536998376400002 8.613533801700001 -0.002572669765650 -0.001629434601905 -0.004624295540792
30 1 17.262629481500003 5.537003285800003 8.613538384300000 -0.001161386847417 -0.000652089844246 -0.001322235144150
117 8 13.757107442800002 5.346108186800002 11.232628962800000 0.003045288980120 0.000217294266197 0.003146752895995
166 8 15.344581527500001 4.429594165800001 7.830487589900000 0.001805713933756 -0.000194550654830 0.001287531547066
174 8 16.932009052900007 5.346106031900003 11.232641519100001 -0.001205666875747 0.000198276964771 0.002197424723532
14 1 21.098782297600003 5.536998376400002 8.613533801700001 0.000777249789909 -0.000308772757228 -0.000614107416562
118 8 21.429390813000005 5.346108186800002 11.232628962800000 0.000962812181614 -0.000012335174618 0.001847019531922
158 8 19.180713938100002 4.047833987800002 7.560555002900000 0.000173423461719 -0.001788448473960 -0.001371045624964
5 1 11.508418611100007 6.644402959900002 11.745737660500000 -0.000270538412671 -0.000731752790595 -0.001595304810703
21 1 11.508416103199998 8.859196511800004 8.613540438400001 0.000191845644609 -0.001649381807454 -0.001310935682374
125 8 11.508415542500003 9.240961061100004 11.232627459799998 0.000598405392780 0.001680103210537 0.001564040138840
133 8 11.508426393700002 6.644398071300002 9.396583635799999 -0.000274985571548 0.001307180501620 0.001638769434187
141 8 9.259738667500002 7.942686862000003 7.560553499600000 -0.002556438597678 0.002124272276327 -0.000713098108625
167 8 11.508439842400001 11.073986469400005 7.830487589900000 -0.000085557905895 0.000694904118779 0.000299607187809
37 7 13.426485478099996 9.966594381700006 11.745734611600000 -0.001707395688637 -0.000161931438203 -0.001357630778490
45 7 15.344568302600001 6.644396246400003 11.745727975299999 -0.002996767459241 -0.001663759135938 -0.003492373836669
53 7 15.344568726799995 8.859188158300002 8.613540254699998 -0.002025481254135 -0.001083033450618 -0.002022880204136
61 7 17.262640601600001 9.966587471600000 11.745738510299995 -0.001914044236490 0.000928975912086 -0.009914221962086
69 8 16.932029886000002 7.942681828100003 12.258844262099997 -0.000124078480808 0.001886841182888 0.002410951117268
77 8 15.344574537800005 10.692224600700005 12.258847990200001 0.002466464174565 -0.002542060848735 -0.000223478688652
85 8 16.932019389799990 9.775705435000003 9.666531706799999 -0.000798445009068 -0.000652681231921 0.004455990060408
93 8 13.757112196700007 7.942669457500004 12.258833442600000 0.002505757077052 0.000984540896872 -0.000842087675313
101 8 15.344565511000003 7.026158843900003 9.666525792999996 0.001087141234428 0.002298985224155 0.003402771846212
109 8 13.757110162900005 9.775701616500001 9.666529521300001 0.001967350666289 -0.000457875026250 0.002507299763117
142 8 16.932022037700005 7.942686862000003 7.560553499600000 -0.001150320290214 0.001085746247830 -0.000978901970282
149 8 13.757108114200001 7.942663574800001 7.560546762400000 0.003038521736383 0.002966637501585 0.000671150527862
159 8 15.344572253000006 10.692226291400004 7.560555002900000 0.000284958783315 -0.001551720271835 -0.001217557316298
6 1 19.180701981300004 6.644402959900002 11.745737660500000 0.001025714571319 -0.001624857907800 -0.004028391511356
22 1 19.180699473400011 8.859196511800004 8.613540438400001 0.000138678129348 -0.000146189609132 -0.001292341910032
38 7 21.098768848300008 9.966594381700006 11.745734611600000 0.002591236656477 0.000704960677960 -0.003939821006115
46 7 23.016851672800001 6.644396246400003 11.745727975299999 0.001599330959984 -0.000647902699981 -0.000980901772819
54 7 23.016852096999990 8.859188158300002 8.613540254699998 0.001220338315314 -0.000602208546715 -0.000978302257616
78 8 23.016857907999999 10.692224600700005 12.258847990200001 -0.001824132973904 -0.002382941091780 -0.001222825498296
94 8 21.429395566900006 7.942669457500004 12.258833442600000 0.000087394926821 0.001823733735236 -0.000377665945773
102 8 23.016848881199998 7.026158843900003 9.666525792999996 -0.000705900966784 0.002207508518476 0.002349888849522
110 8 21.429393533100001 9.775701616500001 9.666529521300001 0.000942189315005 -0.000768484264977 0.002849169370128
126 8 19.180698912700002 9.240961061100004 11.232627459799998 -0.000892356688023 0.001905654248278 0.003102882516334
134 8 19.180709763900005 6.644398071300002 9.396583635799999 -0.000025679560416 0.000298288857951 0.001529647019728
150 8 21.429391484400004 7.942663574800001 7.560546762400000 0.001377192727482 0.001142436785212 -0.001185058839006
160 8 23.016855623200005 10.692226291400004 7.560555002900000 -0.000153344765025 -0.001819655092488 -0.001404128785190
168 8 19.180723212599993 11.073986469400005 7.830487589900000 -0.000222215764568 -0.000299512203409 0.000374492415214
62 7 24.934923971800000 9.966587471600000 11.745738510299995 0.000540678972063 0.000020605177983 -0.000494256393641
70 8 24.604313256200005 7.942681828100003 12.258844262099997 -0.002158571943484 0.000708614233209 -0.001313239131607
86 8 24.604302759999996 9.775705435000003 9.666531706799999 -0.001871519784748 -0.000677578399483 0.001829492362952
7 1 15.344560296200003 13.288795263500004 11.745737660500000 -0.000513064251622 0.000681424718791 -0.000866208687987
15 1 17.262640612500000 12.181390680000009 8.613533801700001 -0.000005640300117 0.000937070004100 -0.001004771038316
23 1 15.344557788300000 15.503588815399999 8.613540438400001 0.001126338399015 0.000482743803159 -0.000804621497473
31 1 13.426487796399995 12.181395589400003 8.613538384300000 -0.000023403348066 -0.000155064783274 -0.000371075933482
39 7 17.262627163200005 16.610986685300006 11.745734611600000 0.000540079886377 0.000370104341182 -0.001780127427159
95 8 17.593253881800010 14.587061761100006 12.258833442600000 0.001900619287115 0.000122229999704 -0.001110082326074
111 8 17.593251848000001 16.420093920100001 9.666529521300001 0.000020713306020 -0.001711925795917 0.003635240875705
119 8 17.593249127900002 11.990500490400001 11.232628962800000 0.001557282693315 -0.002652425793047 0.002770198682179
127 8 15.344557227600006 15.885353364700006 11.232627459799998 -0.000134117486684 0.000733361001064 0.001073159968619
135 8 15.344568078800005 13.288790374900007 9.396583635799999 -0.000025195682830 -0.000186210439964 0.000747831447669
143 8 13.095880352600002 14.587079165600008 7.560553499600000 -0.001506997833578 0.000828629511709 -0.001439965774548
151 8 17.593249799300004 14.587055878400003 7.560546762400000 0.000667675482189 -0.000289797354393 -0.001593455037998
175 8 13.095867367800004 11.990498335500007 11.232641519100001 -0.001035249698485 -0.000981003642428 0.001620014442428
8 1 23.016843666400000 13.288795263500004 11.745737660500000 0.000488891640150 0.000219369694593 -0.000317799841230
24 1 23.016841158500000 15.503588815399999 8.613540438400001 -0.001234749248408 0.000845214134441 -0.001431763522570
32 1 21.098771166600002 12.181395589400003 8.613538384300000 0.000225724731752 0.001037094906854 -0.000965811941697
47 7 19.180709987699998 13.288788550000005 11.745727975299999 0.000514130156811 0.002233971088128 -0.002181513695583
55 7 19.180710411900002 15.503580461900007 8.613540254699998 0.000560297101852 0.007832592181348 -0.005247203152566
63 7 21.098782286700004 16.610979775200004 11.745738510299995 -0.000790281815643 0.000126995138057 -0.002126033035903
71 8 20.768171571100002 14.587074131700003 12.258844262099997 -0.002267154125930 -0.000075841242964 -0.001245224775066
79 8 19.180716222899996 17.336616904300001 12.258847990200001 -0.000104472506502 -0.001867642069335 -0.000889004728814
87 8 20.768161074900000 16.420097738599999 9.666531706799999 -0.000252706308558 -0.001785268373191 0.003705687073029
103 8 19.180707196099995 13.670551147500003 9.666525792999996 -0.000156672024609 -0.000389781283930 0.003748646200344
128 8 23.016840597800005 15.885353364700006 11.232627459799998 0.000618853660192 0.001517641985062 0.001598800829232
136 8 23.016851449000004 13.288790374900007 9.396583635799999 0.000070960683475 -0.000386789610346 0.000608359129536
144 8 20.768163722800004 14.587079165600008 7.560553499600000 -0.001054347860626 -0.000661472953838 -0.000751926981638
176 8 20.768150737999996 11.990498335500007 11.232641519100001 -0.001895964575537 -0.001811091198273 0.002176434795885
16 1 24.934923982700003 12.181390680000009 8.613533801700001 -0.000129895978048 0.000020188459252 -0.000221380261818
40 7 24.934910533400007 16.610986685300006 11.745734611600000 -0.000231619064312 -0.001329636949480 -0.000883828827706
48 7 26.852993357900004 13.288788550000005 11.745727975299999 -0.000404229468945 0.000066777079638 0.000121404137501
56 7 26.852993782099993 15.503580461900007 8.613540254699998 -0.000366119966232 0.000181528763200 -0.000311235020640
64 7 28.771065656899999 16.610979775200004 11.745738510299995 0.000653094786609 -0.000519379408339 -0.000490741820524
72 8 28.440454941300004 14.587074131700003 12.258844262099997 -0.001633893197924 0.000709871661357 -0.001480711640066
80 8 26.852999593099998 17.336616904300001 12.258847990200001 -0.000558898401127 -0.000723850753106 -0.000852159648403
88 8 28.440444445099999 16.420097738599999 9.666531706799999 -0.001775977974704 -0.000989777808442 0.001782097180441
96 8 25.265537252000023 14.587061761100006 12.258833442600000 0.001612427919813 0.001381044010062 -0.001374331633425
104 8 26.852990566300001 13.670551147500003 9.666525792999996 0.000159181315192 0.001875095417943 0.001742112123482
112 8 25.265535218199997 16.420093920100001 9.666529521300001 0.001878666390305 -0.000788200304080 0.002171262055759
120 8 25.265532498100001 11.990500490400001 11.232628962800000 0.001671012765820 -0.000645830504580 0.001504237746987
152 8 25.265533169500006 14.587055878400003 7.560546762400000 0.002099134154559 0.000924437340542 -0.000917821345456
