ITEM: TIMESTEP
0
ITEM: NUMBER OF ATOMS
176
ITEM: BOX BOUNDS xy xz yz pp pp pp
0.0000000000000000e+00 3.0689133480799999e+01 7.6722833701999980e+00
0.0000000000000000e+00 1.7718379476200003e+01 7.6722833702000024e+00
0.0000000000000000e+00 1.2528786279200000e+01 4.4295948690000015e+00
ITEM: ATOMS id type x y z fx fy fz
25 1 5.754204426199998 3.322205851300000 2.349145244699999 -0.001319716564204 -0.000459345416520 -0.001900537786637
137 8 5.423596982400004 5.727889427500000 1.296160360000000 -0.001383248043087 0.000366131385233 -0.001067834728394
161 8 3.836156472199998 2.214796731300001 1.566094450300000 0.000488094301430 0.000394715555079 0.000565814068273
169 8 5.423583997600000 3.131308597400002 4.968248379499999 0.003392638590714 0.001754937598227 0.002140945160279
1 1 7.672276926000002 4.429605525400001 5.481344520900000 -0.010875781887383 0.002762077186942 -0.004408349379928
9 1 9.590357242299998 3.322200941900001 2.349140662099999 0.000802239491796 0.000378627060061 -0.004959435050501
41 7 11.508426617500000 4.429598811900002 5.481334835700000 0.011174149457241 0.013501299177806 -0.000712290991810
89 8 9.925970511600019 5.736532277037837 5.994440303000000 0.004469598082972 -0.103216509661225 0.002659240073848
97 8 11.508423825899998 4.811361409400002 3.402132653400000 -0.000740993611479 -0.001883363476481 0.003653205315413
113 8 9.920965757699999 3.131310752300001 4.968235823200000 -0.001934358383644 0.019086182242979 0.009729098051984
129 8 7.672284708600001 4.429600636800002 3.132190496199999 0.000639089073904 -0.001281431951789 0.006778195447162
145 8 9.920966429100000 5.727866140300000 1.296153622799999 0.000938621074391 -0.000764725807914 -0.002189104441346
153 8 7.672288882800000 1.833036553300000 1.296161863300000 0.000270349076532 -0.001410017562341 -0.000731187703982
162 8 11.508439842400000 2.214796731300001 1.566094450300000 -0.000910790077146 0.000165912341774 0.000762234612714
2 1 15.344560296200001 4.429605525400001 5.481344520900000 0.000036115997212 0.001206194130514 0.000174342203149
10 1 17.262640612500000 3.322200941900001 2.349140662099999 -0.000562282511666 -0.000053416692327 -0.000135501500723
26 1 13.426487796400002 3.322205851300000 2.349145244699999 0.001101195474164 0.000433586345385 -0.001006971202170
65 8 13.095888200900001 5.727884393600002 5.994451122499998 0.001284213491674 -0.004060378679903 -0.001890125602895
90 8 17.593253881800006 5.727872023000002 5.994440303000000 0.002589073612460 0.000489844282582 -0.001424195439717
114 8 17.593249127900009 3.131310752300001 4.968235823200000 0.002795277995176 -0.000296898011613 0.001380120866385
130 8 15.344568078800005 4.429600636800002 3.132190496199999 -0.000106554621516 -0.000419688733214 -0.000040866553570
138 8 13.095880352600009 5.727889427500000 1.296160360000000 -0.000962821891168 -0.000068109351252 -0.002021757099726
146 8 17.593249799300011 5.727866140300000 1.296153622799999 0.001578774990921 0.000686083861583 -0.000705110423470
154 8 15.344572252999999 1.833036553300000 1.296161863300000 0.000037449658446 -0.001521220240781 -0.001700970009860
170 8 13.095867367800004 3.131308597400002 4.968248379499999 -0.006035984921735 0.003035404516738 0.002632599381946
42 7 19.180709987699998 4.429598811900002 5.481334835700000 -0.003210747688081 0.000930109156784 0.000120046183561
66 8 20.768171571100002 5.727884393600002 5.994451122499998 0.000804310111458 -0.002380202169871 -0.001446734726404
98 8 19.180707196099995 4.811361409400002 3.402132653400000 0.000588075760046 0.001322856870548 0.002096010063342
3 1 11.508418611100000 11.073997829000001 5.481344520900000 -0.002524349911721 -0.004938548088763 0.000257100335122
17 1 7.672274418099999 6.644399077300000 2.349147298800000 0.002036449000586 0.003822466987510 0.000388726319581
27 1 9.590346111300001 9.966598154900002 2.349145244699999 0.000326156631566 -0.001896664528430 0.003952257684511
33 7 9.590343793000001 7.751796947200008 5.481341472000000 0.004145310359113 0.031988058326496 -0.003092508217470
49 7 11.508427041700001 6.644390723800001 2.349147115100000 -0.002811072078799 0.005394784579237 0.003113359322125
73 8 11.508432852700000 8.477427166200002 5.994454850600000 0.011072883516652 0.007783671592548 -0.000173763895269
105 8 9.920968477800001 7.560904182000002 3.402136381700000 0.002211715559341 -0.000700764072619 -0.010453471639282
121 8 7.672273857400003 7.026163626600007 4.968234320200000 -0.008641456034349 -0.007507269375062 0.000577716152329
131 8 11.508426393700001 11.073992940400007 3.132190496199999 0.001014961150073 0.001138171485482 -0.001281915831306
155 8 11.508430567899998 8.477428856900005 1.296161863300000 0.000647373375180 -0.001485400536926 -0.003346514994425
163 8 7.672298157300000 8.859189034900005 1.566094450300000 -0.001199313698248 -0.000309027310422 -0.001063871280290
171 8 9.259725682700001 9.775700901000002 4.968248379499999 -0.006318277635517 0.021313507708360 -0.003645199161940
11 1 13.426498927399999 9.966593245500007 2.349140662099999 -0.001436872782204 -0.000890341635680 0.001316012568390
18 1 15.344557788300000 6.644399077300000 2.349147298800000 -0.000739453846944 0.000421636234760 0.000421104070148
28 1 17.262629481500003 9.966598154900002 2.349145244699999 -0.000005114872160 -0.000430341313244 -0.000026570540337
34 7 17.262627163200005 7.751796947200008 5.481341472000000 -0.000792732601575 -0.000023010639426 -0.000164620413836
43 7 15.344568302600003 11.073991115500002 5.481334835700000 -0.002234082827644 -0.002223475545468 -0.000060595431244
57 7 13.426498916499998 7.751790037100004 5.481345370700000 -0.008595457762048 0.002082432513872 0.001814951871760
81 8 13.095877704700001 7.560908000500002 3.402138567200000 -0.000454821510304 -0.001290516629544 -0.000196461626152
99 8 15.344565510999997 11.455753713000002 3.402132653400000 0.000610149251514 0.002678974483095 0.001357759855913
106 8 17.593251848000001 7.560904182000002 3.402136381700000 0.001963084849377 -0.000942957750275 0.001414627680243
115 8 13.757107442799997 9.775703055900001 4.968235823200000 0.004187811083377 0.001177062230159 0.000818204620629
122 8 15.344557227600001 7.026163626600007 4.968234320200000 0.002427637952462 0.001262460714384 0.001024461139991
164 8 15.344581527500001 8.859189034900005 1.566094450300000 0.000440948626681 0.000273659458333 -0.000394331049871
172 8 16.932009052900014 9.775700901000002 4.968248379499999 -0.001241675322163 -0.000442534444748 0.001293928301785
4 1 19.180701981300000 11.073997829000001 5.481344520900000 0.000981743357515 -0.001212757266870 -0.000063300662139
12 1 21.098782297600000 9.966593245500007 2.349140662099999 0.000876802795143 -0.000498567150997 0.000905147717441
44 7 23.016851672799998 11.073991115500002 5.481334835700000 0.006779984304788 -0.006002952497632 -0.001077391842019
50 7 19.180710411899998 6.644390723800001 2.349147115100000 -0.000450708893133 0.000860279555458 -0.000292670306562
58 7 21.098782286699997 7.751790037100004 5.481345370700000 0.002433068762934 0.002936378237777 -0.000517812336021
74 8 19.180716222899989 8.477427166200002 5.994454850600000 -0.000497951146006 -0.002073277123666 -0.001398624953206
82 8 20.768161074900000 7.560908000500002 3.402138567200000 -0.002077761481616 -0.001404540567628 0.001402114552918
100 8 23.016848881199998 11.455753713000002 3.402132653400000 -0.001449184169514 0.003389497542362 -0.000016469143698
116 8 21.429390813000008 9.775703055900001 4.968235823200000 0.000182220337312 -0.001099727516543 0.001172422477757
132 8 19.180709763900005 11.073992940400007 3.132190496199999 -0.000153421435216 0.000619191410463 -0.000077018936490
156 8 19.180713938099998 8.477428856900005 1.296161863300000 0.000049995980816 -0.001651837959269 -0.001636572426760
19 1 11.508416103199997 13.288791380900006 2.349147298800000 -0.000669530869439 -0.001506488702379 0.000446939252189
123 8 11.508415542500002 13.670555930200003 4.968234320200000 0.001700038591970 0.003728649428816 0.001348589588704
139 8 9.259738667499999 12.372281731100001 1.296160360000000 -0.001327320023224 0.001611465682514 -0.002696395481337
35 7 13.426485478100000 14.396189250800001 5.481341472000000 -0.002593875314356 -0.004131954814497 -0.000305704396299
51 7 15.344568726800000 13.288783027399999 2.349147115100000 -0.001165713273735 -0.001616538440412 -0.001148171444779
59 7 17.262640601600001 14.396182340700005 5.481345370700000 -0.000395576748827 -0.009799882447146 0.001539382632492
67 8 16.932029885999999 12.372276697200000 5.994451122499998 -0.001092683602684 0.003707679868737 -0.001908272235177
75 8 15.344574537799998 15.121819469800011 5.994454850600000 0.001584834733191 0.001962700392816 -0.001945177769309
83 8 16.932019389799994 14.205300304100005 3.402138567200000 -0.000773719500468 0.001082048037537 0.003569023878288
91 8 13.757112196700003 12.372264326600002 5.994440303000000 0.002589076915015 0.003023419920975 -0.001377486841541
107 8 13.757110162900000 14.205296485600002 3.402136381700000 0.001958448567539 -0.000125024948874 0.002182010216208
140 8 16.932022037700008 12.372281731100001 1.296160360000000 -0.001381621399666 0.001274645090141 -0.001171531554115
147 8 13.757108114200003 12.372258443900009 1.296153622799999 0.001766432597715 0.001265932297536 -0.001015365439945
20 1 19.180699473400008 13.288791380900006 2.349147298800000 0.000433056202530 -0.001124657638569 -0.000660320250943
36 7 21.098768848300001 14.396189250800001 5.481341472000000 0.002537082829003 -0.002532268050131 0.000286676293410
52 7 23.016852096999997 13.288783027399999 2.349147115100000 0.000418780801756 -0.001454771811650 0.000576856167436
76 8 23.016857907999988 15.121819469800011 5.994454850600000 -0.001186440241116 -0.001775784986671 -0.001551106816774
92 8 21.429395566900006 12.372264326600002 5.994440303000000 -0.000361364132841 0.003438590983383 -0.001240839432209
108 8 21.429393533100004 14.205296485600002 3.402136381700000 0.000909108141438 -0.000408658149627 0.002183756733637
124 8 19.180698912699995 13.670555930200003 4.968234320200000 -0.001529230775838 0.003422384682626 0.001611959585686
148 8 21.429391484400018 12.372258443900009 1.296153622799999 0.000580295870515 0.000749626393854 -0.001003637705596
60 7 24.934923971800007 14.396182340700005 5.481345370700000 -0.000528214934976 -0.001999130420385 0.000238982588583
68 8 24.604313256200001 12.372276697200000 5.994451122499998 -0.001800662856229 0.003346541981635 -0.000678691322113
84 8 24.604302760000003 14.205300304100005 3.402138567200000 -0.001475153597722 -0.000399956907952 0.001373781656493
29 1 9.590346111300004 5.537003285800003 8.613538384300000 0.004381901364109 0.011597577722708 0.006142365038265
157 8 11.508430567900000 4.047833987800002 7.560555002900000 -0.007401916183483 -0.000368629117849 -0.007452543204922
165 8 7.672298157300002 4.429594165800001 7.830487589900000 0.005614611565843 0.001496563680689 -0.009011317583265
173 8 9.259725682700003 5.346106031900003 11.232641519100001 -0.001347281798503 -0.000982853521478 0.000025511373861
13 1 13.426498927400001 5.536998376400002 8.613533801700001 0.000271048486112 0.002490916860755 -0.000829204675411
30 1 17.262629481500003 5.537003285800003 8.613538384300000 -0.000372379050781 0.000232457998219 0.000013591909787
117 8 13.757107442800002 5.346108186800002 11.232628962800000 0.001854525714115 -0.000885960138421 0.001452971800483
166 8 15.344581527500001 4.429594165800001 7.830487589900000 0.000126709962154 -0.000381905125184 0.000171334682255
174 8 16.932009052900007 5.346106031900003 11.232641519100001 -0.001489166685557 -0.000891692520697 0.001467623831849
14 1 21.098782297600003 5.536998376400002 8.613533801700001 -0.002502922823019 0.002598779866410 0.001708306122141
118 8 21.429390813000005 5.346108186800002 11.232628962800000 0.001806959746005 -0.000848590216037 0.000658682337145
158 8 19.180713938100002 4.047833987800002 7.560555002900000 0.000785068593361 -0.001595482519964 -0.002002457613416
5 1 11.508418611100007 6.644402959900002 11.745737660500000 0.000153009132552 0.000392996410918 -0.000663617319513
21 1 11.508416103199998 8.859196511800004 8.613540438400001 -0.002397385429715 -0.001156628794864 -0.005258126053850
125 8 11.508415542500003 9.240961061100004 11.232627459799998 0.000455496459917 0.001813940366987 0.002077702849749
133 8 11.508426393700002 6.644398071300002 9.396583635799999 -0.001290264468626 -0.002400526117160 0.001433689651944
141 8 9.259738667500002 7.942686862000003 7.560553499600000 -0.009824290004979 0.008378814481824 0.013738732645267
167 8 11.508439842400001 11.073986469400005 7.830487589900000 0.000616299795565 0.001899279440711 0.001239893607665
37 7 13.426485478099996 9.966594381700006 11.745734611600000 0.000072601591111 -0.000044600074733 -0.001035048158303
45 7 15.344568302600001 6.644396246400003 11.745727975299999 -0.000218102385968 0.000227498950447 -0.000950003067911
53 7 15.344568726799995 8.859188158300002 8.613540254699998 -0.001629962153582 -0.000297933787204 -0.000834036410506
61 7 17.262640601600001 9.966587471600000 11.745738510299995 -0.000115929256415 0.000574997189297 0.000239339596757
69 8 16.932029886000002 7.942681828100003 12.258844262099997 -0.001676293873953 0.000413713706154 -0.000863734183458
77 8 15.344574537800005 10.692224600700005 12.258847990200001 -0.000300610425204 -0.001995675296443 -0.001477309472017
85 8 16.932019389799990 9.775705435000003 9.666531706799999 -0.001227552152524 -0.000628982418297 0.001606885260558
93 8 13.757112196700007 7.942669457500004 12.258833442600000 0.001757867255009 0.000946302046386 -0.000824630053761
101 8 15.344565511000003 7.026158843900003 9.666525792999996 0.000266663229686 0.001532428408814 0.002008558685505
109 8 13.757110162900005 9.775701616500001 9.666529521300001 0.002151623052963 -0.000580709448518 0.002227657777463
142 8 16.932022037700005 7.942686862000003 7.560553499600000 -0.001137214193314 0.000676070345463 -0.001553160750571
149 8 13.757108114200001 7.942663574800001 7.560546762400000 0.003739472558664 0.000844594824215 0.000362254972977
159 8 15.344572253000006 10.692226291400004 7.560555002900000 0.000451021696201 -0.001157028383182 -0.001620249322741
6 1 19.180701981300004 6.644402959900002 11.745737660500000 0.000106882940442 0.000094563000755 -0.000470528207880
22 1 19.180699473400011 8.859196511800004 8.613540438400001 0.000444233517560 0.000032369067229 -0.000225406852463
38 7 21.098768848300008 9.966594381700006 11.745734611600000 0.000553330120256 0.000085854821527 -0.000167618996816
46 7 23.016851672800001 6.644396246400003 11.745727975299999 -0.000070034209243 0.001059253936323 0.000099605014544
54 7 23.016852096999990 8.859188158300002 8.613540254699998 0.006067043969702 -0.000630760622667 -0.004836431451983
78 8 23.016857907999999 10.692224600700005 12.258847990200001 -0.000361755364306 -0.001835796691920 -0.001308255396243
94 8 21.429395566900006 7.942669457500004 12.258833442600000 0.001575189882231 0.000830771553319 -0.001234515954968
102 8 23.016848881199998 7.026158843900003 9.666525792999996 -0.000172218950321 -0.000527802803991 0.002187679987135
110 8 21.429393533100001 9.775701616500001 9.666529521300001 0.000078638898904 -0.000240570222815 0.002630250838697
126 8 19.180698912700002 9.240961061100004 11.232627459799998 0.000086833671348 0.001744071442553 0.001349806059855
134 8 19.180709763900005 6.644398071300002 9.396583635799999 0.000606161349695 -0.000554221450075 -0.000129809430170
150 8 21.429391484400004 7.942663574800001 7.560546762400000 0.000398451570481 -0.000453235557210 -0.001404419221257
160 8 23.016855623200005 10.692226291400004 7.560555002900000 -0.001014113840489 -0.000624157833178 -0.000793917408515
168 8 19.180723212599993 11.073986469400005 7.830487589900000 -0.000488549060871 0.000470528290864 -0.000062114662502
62 7 24.934923971800000 9.966587471600000 11.745738510299995 -0.000271102165899 0.000104415037227 -0.001203474629440
70 8 24.604313256200005 7.942681828100003 12.258844262099997 -0.001848687509154 0.000336596204858 -0.001341364277626
86 8 24.604302759999996 9.775705435000003 9.666531706799999 -0.001851556586908 -0.000213420535707 0.003295745410822
7 1 15.344560296200003 13.288795263500004 11.745737660500000 0.000294268490023 -0.000410800883831 0.001032991431837
15 1 17.262640612500000 12.181390680000009 8.613533801700001 -0.000161658948230 -0.001138659835738 0.000557804934853
23 1 15.344557788300000 15.503588815399999 8.613540438400001 -0.000794821148180 -0.003277331883261 0.002737341725708
31 1 13.426487796399995 12.181395589400003 8.613538384300000 -0.001004532557491 -0.001572780091544 -0.000404374144793
39 7 17.262627163200005 16.610986685300006 11.745734611600000 0.000583932223124 -0.000606653504929 0.002130932182953
95 8 17.593253881800010 14.587061761100006 12.258833442600000 0.001613350276412 0.001528417328489 -0.002447380096816
111 8 17.593251848000001 16.420093920100001 9.666529521300001 0.001476036697330 -0.000525100059314 -0.000342892595248
119 8 17.593249127900002 11.990500490400001 11.232628962800000 0.001777332783143 -0.000748569299735 0.000940441290130
127 8 15.344557227600006 15.885353364700006 11.232627459799998 0.000459933119494 0.001940376815481 0.000189737861065
135 8 15.344568078800005 13.288790374900007 9.396583635799999 0.000265900726152 0.001275385022628 -0.000566411847799
143 8 13.095880352600002 14.587079165600008 7.560553499600000 -0.000445527429078 0.001573313646685 -0.002059070585500
151 8 17.593249799300004 14.587055878400003 7.560546762400000 0.001216475146427 0.002248875386765 -0.002851898858770
175 8 13.095867367800004 11.990498335500007 11.232641519100001 -0.001502449252162 -0.000579979007459 0.001365624060715
8 1 23.016843666400000 13.288795263500004 11.745737660500000 0.000125589966511 -0.000357237260608 0.000006342363364
24 1 23.016841158500000 15.503588815399999 8.613540438400001 0.000533892946645 -0.000241342319626 0.000192811100949
32 1 21.098771166600002 12.181395589400003 8.613538384300000 0.001151873692243 -0.001117826795159 -0.000186889961602
47 7 19.180709987699998 13.288788550000005 11.745727975299999 -0.000194769736274 -0.000381775118323 0.002014714501534
55 7 19.180710411900002 15.503580461900007 8.613540254699998 0.001734154388171 -0.002954668478906 0.002813578247162
63 7 21.098782286700004 16.610979775200004 11.745738510299995 0.000045090668119 -0.000058721970359 0.000831813138614
71 8 20.768171571100002 14.587074131700003 12.258844262099997 -0.001650779144598 0.000925767562956 -0.001897169738512
79 8 19.180716222899996 17.336616904300001 12.258847990200001 -0.000452777611077 -0.001939304006869 -0.001809553856989
87 8 20.768161074900000 16.420097738599999 9.666531706799999 -0.002781229051336 -0.001125193131043 0.000323884194422
103 8 19.180707196099995 13.670551147500003 9.666525792999996 -0.000171390435058 0.002757098165768 0.000553231909012
128 8 23.016840597800005 15.885353364700006 11.232627459799998 0.000265397785551 0.001927219114325 0.001180892445276
136 8 23.016851449000004 13.288790374900007 9.396583635799999 -0.000279059018813 0.000548880469704 0.000142526258865
144 8 20.768163722800004 14.587079165600008 7.560553499600000 -0.002530810407854 0.001689103016904 -0.001668517363610
176 8 20.768150737999996 11.990498335500007 11.232641519100001 -0.001692866150186 -0.000700301281979 0.001124563629201
16 1 24.934923982700003 12.181390680000009 8.613533801700001 0.000010190204722 -0.001831821001861 -0.000984473749494
40 7 24.934910533400007 16.610986685300006 11.745734611600000 0.000201070474557 -0.000264898003553 -0.000209238224555
48 7 26.852993357900004 13.288788550000005 11.745727975299999 -0.000309277654006 -0.000341476872607 0.000127604638068
56 7 26.852993782099993 15.503580461900007 8.613540254699998 -0.001439142642914 -0.000549245787092 0.000449263654979
64 7 28.771065656899999 16.610979775200004 11.745738510299995 -0.000366297620301 0.000067039984668 0.001177164360897
72 8 28.440454941300004 14.587074131700003 12.258844262099997 -0.001873383710624 0.000960653427314 -0.001656222272417
80 8 26.852999593099998 17.336616904300001 12.258847990200001 -0.000189388718917 -0.001945927772863 -0.001325946524074
88 8 28.440444445099999 16.420097738599999 9.666531706799999 -0.000711787678590 -0.000687006316686 0.000451269401247
96 8 25.265537252000023 14.587061761100006 12.258833442600000 0.001758008268706 0.001260509806367 -0.001381777619356
104 8 26.852990566300001 13.670551147500003 9.666525792999996 0.000279756948189 0.002391606759861 0.001553090349120
112 8 25.265535218199997 16.420093920100001 9.666529521300001 0.001855185665707 -0.000950764617199 0.001443120579407
120 8 25.265532498100001 11.990500490400001 11.232628962800000 0.001949509919239 -0.000251862676754 0.001543594228728
152 8 25.265533169500006 14.587055878400003 7.560546762400000 0.001636018069798 0.001331866505972 -0.000933762816018
