ITEM: TIMESTEP
0
ITEM: NUMBER OF ATOMS
176
ITEM: BOX BOUNDS xy xz yz pp pp pp
0.0000000000000000e+00 3.0689133480799999e+01 7.6722833701999980e+00
0.0000000000000000e+00 1.7718379476200003e+01 7.6722833702000024e+00
0.0000000000000000e+00 1.2528786279200000e+01 4.4295948690000015e+00
ITEM: ATOMS id type x y z fx fy fz
25 1 5.754204426199998 3.322205851300000 2.349145244699999 -0.004213073973278 -0.001112897600381 -0.002622951671308
137 8 5.423596982400004 5.727889427500000 1.296160360000000 -0.000327221916003 0.000586949202322 -0.000747334160486
161 8 3.836156472199998 2.214796731300001 1.566094450300000 0.001951250990202 0.000078094749472 -0.000009633945704
169 8 5.423583997600000 3.131308597400002 4.968248379499999 0.003353565229606 -0.000167571906111 0.001509094127111
1 1 7.672276926000002 4.429605525400001 5.481344520900000 -0.031136053909231 -0.000100828425746 -0.000081628318171
9 1 9.590357242299998 3.322200941900001 2.349140662099999 0.002330226854301 -0.001453307420214 -0.019999104857443
41 7 11.498426617500002 4.429598811900002 5.481334835700000 0.194622968008600 -0.000036040703635 0.000223885338330
89 8 9.920970511600007 5.727872023000002 5.994440303000000 -0.028949240709283 0.005167544111881 0.005105197634804
97 8 11.508423825899998 4.811361409400002 3.402132653400000 -0.017631946234548 0.001732382119708 0.001718902109688
113 8 9.920965757699999 3.131310752300001 4.968235823200000 -0.028738729433406 -0.004884114896537 -0.005079474208516
129 8 7.672284708600001 4.429600636800002 3.132190496199999 0.004298695148523 -0.000762398319567 0.006514410623176
145 8 9.920966429100000 5.727866140300000 1.296153622799999 -0.000617924918762 0.000008934342913 -0.000220803437746
153 8 7.672288882800000 1.833036553300000 1.296161863300000 0.001064067004785 -0.000908747625005 0.000839337947461
162 8 11.508439842400000 2.214796731300001 1.566094450300000 -0.005834281131591 0.000066934538006 -0.000022907481582
2 1 15.344560296200001 4.429605525400001 5.481344520900000 -0.030844321088539 -0.000100763966534 -0.000081766253334
10 1 17.262640612500000 3.322200941900001 2.349140662099999 -0.004525523595675 0.001053207934261 0.002637139047885
26 1 13.426487796400002 3.322205851300000 2.349145244699999 0.002572613716948 0.001406088750635 0.019957782420355
65 8 13.095888200900001 5.727884393600002 5.994451122499998 -0.030523882624871 -0.001924498876960 -0.007267908643196
90 8 17.593253881800006 5.727872023000002 5.994440303000000 0.006573289793304 0.001774965100370 -0.001160480665529
114 8 17.593249127900009 3.131310752300001 4.968235823200000 0.006781811785053 -0.001494320664398 0.001185229783440
130 8 15.344568078800005 4.429600636800002 3.132190496199999 0.004293142386821 0.000691482993953 -0.006312813688825
138 8 13.095880352600009 5.727889427500000 1.296160360000000 -0.003909165177574 0.001774535234596 -0.002779674472496
146 8 17.593249799300011 5.727866140300000 1.296153622799999 0.003005761787547 0.001190548682314 -0.002216370339581
154 8 15.344572252999999 1.833036553300000 1.296161863300000 0.001073071207848 -0.002733325750183 -0.004123279790060
170 8 13.095867367800004 3.131308597400002 4.968248379499999 -0.030387515029867 0.001736527505990 0.007153984004906
42 7 19.180709987699998 4.429598811900002 5.481334835700000 -0.008314693832610 -0.000028341878140 0.000226559559788
66 8 20.768171571100002 5.727884393600002 5.994451122499998 0.003213054388819 -0.000023951696710 -0.001624830112589
98 8 19.180707196099995 4.811361409400002 3.402132653400000 0.001901268570876 0.001760856375973 0.001559683004624
3 1 11.508418611100000 11.073997829000001 5.481344520900000 0.001267918026776 -0.000103809043218 -0.000081596826045
17 1 7.672274418099999 6.644399077300000 2.349147298800000 -0.001864782527679 0.003014498152925 -0.004903238456536
27 1 9.590346111300001 9.966598154900002 2.349145244699999 0.000663382074989 0.002031336427250 -0.001180663525801
33 7 9.590343793000001 7.751796947200008 5.481341472000000 0.000737133730678 0.041051738214382 -0.007914791335440
49 7 11.508427041700001 6.644390723800001 2.349147115100000 0.011155916268532 0.000114191992733 0.000016020566881
73 8 11.508432852700000 8.477427166200002 5.994454850600000 -0.011869768964116 -0.001936652272458 -0.001444381307688
105 8 9.920968477800001 7.560904182000002 3.402136381700000 -0.001249729499891 -0.003315236389632 0.007819119815104
121 8 7.672273857400003 7.026163626600007 4.968234320200000 0.007688373490343 -0.003692452563495 0.003507721665283
131 8 11.508426393700001 11.073992940400007 3.132190496199999 -0.000636003886658 -0.000038213334506 0.000075641408697
155 8 11.508430567899998 8.477428856900005 1.296161863300000 -0.001375948662117 -0.001797005665665 -0.001653154075720
163 8 7.672298157300000 8.859189034900005 1.566094450300000 0.000217306676434 -0.001540370808823 0.000931232477794
171 8 9.259725682700001 9.775700901000002 4.968248379499999 -0.000653073465982 -0.009407938461825 0.002900563826809
11 1 13.426498927399999 9.966593245500007 2.349140662099999 0.000336690961279 -0.002089643910355 0.001205654182224
18 1 15.344557788300000 6.644399077300000 2.349147298800000 -0.001876480132716 -0.003151138243313 0.004791160449746
28 1 17.262629481500003 9.966598154900002 2.349145244699999 -0.000316185220750 -0.001378370980158 0.000151408659987
34 7 17.262627163200005 7.751796947200008 5.481341472000000 -0.006812360284487 -0.003942922690416 -0.000280939188134
43 7 15.344568302600003 11.073991115500002 5.481334835700000 -0.002874992212812 -0.005474527867617 0.000165504570695
57 7 13.426498916499998 7.751790037100004 5.481345370700000 0.000283268618485 -0.040836234668492 0.007909081381240
81 8 13.095877704700001 7.560908000500002 3.402138567200000 -0.004428458297560 0.001476403345358 -0.004772584266995
99 8 15.344565510999997 11.455753713000002 3.402132653400000 0.000620026157857 0.003674222062237 0.001357079759709
106 8 17.593251848000001 7.560904182000002 3.402136381700000 0.003577047664391 -0.000534620242849 0.000491881146206
115 8 13.757107442799997 9.775703055900001 4.968235823200000 0.002796530763658 0.007735322523391 -0.000208086460753
122 8 15.344557227600001 7.026163626600007 4.968234320200000 0.007685056279184 0.007396145560065 -0.000695198409618
164 8 15.344581527500001 8.859189034900005 1.566094450300000 0.000223609590945 0.001687553613147 -0.000959666417521
172 8 16.932009052900014 9.775700901000002 4.968248379499999 -0.001082055018463 0.001274563069667 0.001080881163794
4 1 19.180701981300000 11.073997829000001 5.481344520900000 0.001267951390336 -0.000097633534730 -0.000081816112911
12 1 21.098782297600000 9.966593245500007 2.349140662099999 -0.000638572104143 0.001329056197498 -0.000125869642605
44 7 23.016851672799998 11.073991115500002 5.481334835700000 -0.002875132793646 0.005417915707280 0.000287605976460
50 7 19.180710411899998 6.644390723800001 2.349147115100000 -0.002913044613906 0.000213960361408 -0.000054809148920
58 7 21.098782286699997 7.751790037100004 5.481345370700000 -0.007234852036428 0.004061843826687 0.000288684750625
74 8 19.180716222899989 8.477427166200002 5.994454850600000 0.003141134750992 -0.001938408355720 -0.001444807203730
82 8 20.768161074900000 7.560908000500002 3.402138567200000 0.000374913465428 -0.001304892365014 0.002542686543003
100 8 23.016848881199998 11.455753713000002 3.402132653400000 0.000619617515655 -0.000149724112067 0.001757190714692
116 8 21.429390813000008 9.775703055900001 4.968235823200000 0.002359894834459 -0.002956253324658 0.001610907411964
132 8 19.180709763900005 11.073992940400007 3.132190496199999 -0.000314883833168 -0.000045688985188 0.000074142385171
156 8 19.180713938099998 8.477428856900005 1.296161863300000 0.000465374664478 -0.001822206835018 -0.001638043100104
19 1 11.508416103199997 13.288791380900006 2.349147298800000 -0.001360827892359 -0.000077593171266 -0.000049763416526
123 8 11.508415542500002 13.670555930200003 4.968234320200000 0.003622731734636 0.001878295811461 0.001414851243028
139 8 9.259738667499999 12.372281731100001 1.296160360000000 -0.000716590593109 -0.000187873667048 -0.002796697707722
35 7 13.426485478100000 14.396189250800001 5.481341472000000 -0.006822503313969 -0.003960264907033 -0.000282793280028
51 7 15.344568726800000 13.288783027399999 2.349147115100000 -0.002912451804800 -0.003808202353580 -0.003256738005137
59 7 17.262640601600001 14.396182340700005 5.481345370700000 0.000325573509947 -0.040950066217556 0.007920869461212
67 8 16.932029885999999 12.372276697200000 5.994451122499998 -0.000793870864413 0.009216272794097 -0.003016258019930
75 8 15.344574537799998 15.121819469800011 5.994454850600000 0.007206696478265 0.003632331267222 -0.003537756375823
83 8 16.932019389799994 14.205300304100005 3.402138567200000 0.000164804428688 0.006118029679129 0.007615149470707
91 8 13.757112196700003 12.372264326600002 5.994440303000000 0.002151268229681 0.003236867671762 -0.001586125027682
107 8 13.757110162900000 14.205296485600002 3.402136381700000 0.002817225188087 -0.000164866153876 0.002462173753744
140 8 16.932022037700008 12.372281731100001 1.296160360000000 -0.002132173674427 0.001725258174456 -0.000479701922679
147 8 13.757108114200003 12.372258443900009 1.296153622799999 0.002619305167694 0.001969958295302 -0.000167092582753
20 1 19.180699473400008 13.288791380900006 2.349147298800000 0.004264926572470 -0.000071517766414 -0.000046001371479
36 7 21.098768848300001 14.396189250800001 5.481341472000000 0.000695076111675 0.040938795671520 -0.007903391920959
52 7 23.016852096999997 13.288783027399999 2.349147115100000 -0.002916992079667 0.004225680128515 0.003154604268665
76 8 23.016857907999988 15.121819469800011 5.994454850600000 0.007203598155147 -0.007456114566720 0.000665234278747
92 8 21.429395566900006 12.372264326600002 5.994440303000000 0.002588069881790 -0.007454860385773 0.000232836587262
108 8 21.429393533100004 14.205296485600002 3.402136381700000 0.003371500388116 -0.007968615516751 -0.004599158025596
124 8 19.180698912699995 13.670555930200003 4.968234320200000 -0.011388464400480 0.001876593201846 0.001414446565971
148 8 21.429391484400018 12.372258443900009 1.296153622799999 0.001202379370632 0.000050652981580 -0.002492385939261
60 7 24.934923971800007 14.396182340700005 5.481345370700000 -0.007224720697882 0.004044424309194 0.000286834652427
68 8 24.604313256200001 12.372276697200000 5.994451122499998 -0.001222647814042 -0.001465984102253 -0.001196562742758
84 8 24.604302760000003 14.205300304100005 3.402138567200000 -0.000378973618784 -0.001671556890637 0.000572059233478
29 1 9.590346111300004 5.537003285800003 8.613538384300000 0.002650883968415 0.001399772886057 0.020028189113795
157 8 11.508430567900000 4.047833987800002 7.560555002900000 -0.017705563763940 -0.001789809377309 -0.001802855666278
165 8 7.672298157300002 4.429594165800001 7.830487589900000 0.004221927320657 0.000796151520876 -0.006454300446308
173 8 9.259725682700003 5.346106031900003 11.232641519100001 -0.001251725302189 -0.001093218695468 -0.000994691991531
13 1 13.426498927400001 5.536998376400002 8.613533801700001 0.002251883756346 -0.001459604415656 -0.019928556826132
30 1 17.262629481500003 5.537003285800003 8.613538384300000 -0.004204811544355 -0.001106772833360 -0.002608020945804
117 8 13.757107442800002 5.346108186800002 11.232628962800000 0.002198821438647 -0.000577640650140 0.003694326271784
166 8 15.344581527500001 4.429594165800001 7.830487589900000 0.004216368605072 -0.000657821421549 0.006373037063126
174 8 16.932009052900007 5.346106031900003 11.232641519100001 -0.001502103228417 -0.000808717930850 0.002341180601085
14 1 21.098782297600003 5.536998376400002 8.613533801700001 -0.004533774117098 0.001059342870338 0.002652097954302
118 8 21.429390813000005 5.346108186800002 11.232628962800000 0.001939981287887 -0.000868729276088 0.000346303324016
158 8 19.180713938100002 4.047833987800002 7.560555002900000 0.001828066229561 -0.001818654122213 -0.001643588858741
5 1 11.508418611100007 6.644402959900002 11.745737660500000 0.000559907089613 -0.000104164236116 -0.000087012022365
21 1 11.508416103199998 8.859196511800004 8.613540438400001 0.004264881825044 -0.000079529769591 -0.000047109022066
125 8 11.508415542500003 9.240961061100004 11.232627459799998 0.000215455163520 0.001875110621202 0.001414259076203
133 8 11.508426393700002 6.644398071300002 9.396583635799999 -0.005757497291348 -0.000033380260642 0.000082951879017
141 8 9.259738667500002 7.942686862000003 7.560553499600000 0.000187659066838 -0.006277144437883 -0.007759315445026
167 8 11.508439842400001 11.073986469400005 7.830487589900000 -0.000391618667683 0.000079281604377 -0.000013957197187
37 7 13.426485478099996 9.966594381700006 11.745734611600000 -0.000148453066424 -0.000454483282848 -0.001343107340690
45 7 15.344568302600001 6.644396246400003 11.745727975299999 -0.001218805451559 -0.000500108047264 -0.003951911695999
53 7 15.344568726799995 8.859188158300002 8.613540254699998 -0.002916915959972 -0.003803964949547 -0.003252671829284
61 7 17.262640601600001 9.966587471600000 11.745738510299995 0.000032578453739 0.000208723358048 -0.002421897190427
69 8 16.932029886000002 7.942681828100003 12.258844262099997 -0.001392359224838 0.000901794776425 0.000879077285984
77 8 15.344574537800005 10.692224600700005 12.258847990200001 0.000058008451425 -0.001757567954532 -0.000387378481541
85 8 16.932019389799990 9.775705435000003 9.666531706799999 -0.000739455175088 0.000028696063696 0.002652548891534
93 8 13.757112196700007 7.942669457500004 12.258833442600000 0.001731368058315 0.001149395426695 -0.000321552499360
101 8 15.344565511000003 7.026158843900003 9.666525792999996 0.001146279953335 0.002675509274030 0.004039389835771
109 8 13.757110162900005 9.775701616500001 9.666529521300001 0.001049867383894 0.000049421864278 0.002696875321875
142 8 16.932022037700005 7.942686862000003 7.560553499600000 -0.000356144760892 0.001512418366961 -0.000716222584558
149 8 13.757108114200001 7.942663574800001 7.560546762400000 0.003523876594872 0.008068706791296 0.004803640804954
159 8 15.344572253000006 10.692226291400004 7.560555002900000 0.000546385122581 0.000091883709544 -0.001841083283681
6 1 19.180701981300004 6.644402959900002 11.745737660500000 0.000559928916002 -0.000097366066095 -0.000076344881967
22 1 19.180699473400011 8.859196511800004 8.613540438400001 -0.001360827624146 -0.000073538856601 -0.000043423083808
38 7 21.098768848300008 9.966594381700006 11.745734611600000 0.000431968154004 -0.000106403931685 0.002446002134382
46 7 23.016851672800001 6.644396246400003 11.745727975299999 -0.001218844579643 0.000443356719295 0.004405062840754
54 7 23.016852096999990 8.859188158300002 8.613540254699998 -0.002912493735125 0.004229897063338 0.003158690444623
78 8 23.016857907999999 10.692224600700005 12.258847990200001 0.000065248498032 -0.002107109020385 -0.002497240738435
94 8 21.429395566900006 7.942669457500004 12.258833442600000 0.001990231588732 0.000858283162414 -0.003669585732757
102 8 23.016848881199998 7.026158843900003 9.666525792999996 0.001137285743381 0.000850946058998 -0.000923274763062
110 8 21.429393533100001 9.775701616500001 9.666529521300001 0.002466834999160 -0.001869902658327 0.000371605246495
126 8 19.180698912700002 9.240961061100004 11.232627459799998 -0.000410499018478 0.001872371432159 0.001407237126058
134 8 19.180709763900005 6.644398071300002 9.396583635799999 0.002028002682122 -0.000044448106656 0.000069840187078
150 8 21.429391484400004 7.942663574800001 7.560546762400000 0.002969724431563 0.000264917231102 -0.002257675207613
160 8 23.016855623200005 10.692226291400004 7.560555002900000 0.000546820387210 -0.003732050182902 -0.001440998310614
168 8 19.180723212599993 11.073986469400005 7.830487589900000 -0.000712752005763 0.000071794160125 -0.000015438614377
62 7 24.934923971800000 9.966587471600000 11.745738510299995 -0.000561206890474 0.000556074058018 0.001343317433835
70 8 24.604313256200005 7.942681828100003 12.258844262099997 -0.001642712471642 0.000617297440609 -0.002456874285009
86 8 24.604302759999996 9.775705435000003 9.666531706799999 -0.002154989972615 -0.001884397053082 0.000335501714053
7 1 15.344560296200003 13.288795263500004 11.745737660500000 0.000089179321947 -0.000100752555224 -0.000081713596345
15 1 17.262640612500000 12.181390680000009 8.613533801700001 0.000342687202775 -0.002084811028751 0.001209772939568
23 1 15.344557788300000 15.503588815399999 8.613540438400001 -0.001864738263798 -0.003165651283697 0.004810028909352
31 1 13.426487796399995 12.181395589400003 8.613538384300000 -0.000317853861419 -0.001382547786233 0.000154992888887
39 7 17.262627163200005 16.610986685300006 11.745734611600000 0.000444833921535 -0.000107227146881 0.002427739246509
95 8 17.593253881800010 14.587061761100006 12.258833442600000 0.001338843484220 0.001303307708345 -0.001437694886766
111 8 17.593251848000001 16.420093920100001 9.666529521300001 -0.000770443978515 0.000091120104065 0.000425441307516
119 8 17.593249127900002 11.990500490400001 11.232628962800000 0.001547454982315 -0.001022661099032 0.001462472040160
127 8 15.344557227600006 15.885353364700006 11.232627459799998 0.000539570890756 0.001697488535610 0.000357457439342
135 8 15.344568078800005 13.288790374900007 9.396583635799999 0.000294048546413 0.001573959582415 -0.000871008794373
143 8 13.095880352600002 14.587079165600008 7.560553499600000 0.000397718304628 0.001145787176539 -0.002686843643860
151 8 17.593249799300004 14.587055878400003 7.560546762400000 -0.001097230357240 0.003415262805894 -0.007614406720844
175 8 13.095867367800004 11.990498335500007 11.232641519100001 -0.001380374435864 -0.000777844157731 0.001422243898422
8 1 23.016843666400000 13.288795263500004 11.745737660500000 0.000084595698370 -0.000100768122800 -0.000081707427412
24 1 23.016841158500000 15.503588815399999 8.613540438400001 -0.001876504822508 0.002999934101251 -0.004884389138175
32 1 21.098771166600002 12.181395589400003 8.613538384300000 0.000657405291022 0.002036175204957 -0.001176558874923
47 7 19.180709987699998 13.288788550000005 11.745727975299999 0.000368979533324 -0.000028376815646 0.000226531653454
55 7 19.180710411900002 15.503580461900007 8.613540254699998 0.011155708178166 0.000307391706114 -0.000114467327840
63 7 21.098782286700004 16.610979775200004 11.745738510299995 0.000019664893705 0.000207894343186 -0.002440124770960
71 8 20.768171571100002 14.587074131700003 12.258844262099997 -0.002031280056403 0.000462916002189 -0.001339374182228
79 8 19.180716222899996 17.336616904300001 12.258847990200001 -0.000892048083964 -0.001932429240925 -0.001437159065011
87 8 20.768161074900000 16.420097738599999 9.666531706799999 -0.003931942661421 -0.001933596935279 0.002635486162225
103 8 19.180707196099995 13.670551147500003 9.666525792999996 -0.001302704507657 0.001739132530880 0.001569321459656
128 8 23.016840597800005 15.885353364700006 11.232627459799998 0.000546815033767 0.002047042443044 0.002467289638779
136 8 23.016851449000004 13.288790374900007 9.396583635799999 0.000300354147276 -0.001653920027113 0.001019868857791
144 8 20.768163722800004 14.587079165600008 7.560553499600000 -0.004405574836579 -0.001635522506976 0.004628582720960
176 8 20.768150737999996 11.990498335500007 11.232641519100001 -0.001890674838131 -0.000654335340056 0.001223700875640
16 1 24.934923982700003 12.181390680000009 8.613533801700001 -0.000636905626496 0.001324857155849 -0.000122284699049
40 7 24.934910533400007 16.610986685300006 11.745734611600000 -0.000148932393688 -0.000454572220417 -0.001337430920834
48 7 26.852993357900004 13.288788550000005 11.745727975299999 -0.000643644185427 -0.000028389902248 0.000226552178949
56 7 26.852993782099993 15.503580461900007 8.613540254699998 -0.002913008716721 0.000207724056167 -0.000043288400320
64 7 28.771065656899999 16.610979775200004 11.745738510299995 -0.000560711094352 0.000555986112252 0.001348998005308
72 8 28.440454941300004 14.587074131700003 12.258844262099997 -0.001520993227512 0.000586414600757 -0.001537929035340
80 8 26.852999593099998 17.336616904300001 12.258847990200001 -0.000266125645119 -0.001935193389879 -0.001444220413200
88 8 28.440444445099999 16.420097738599999 9.666531706799999 -0.000350126260536 -0.000746101606737 0.000603224400304
96 8 25.265537252000023 14.587061761100006 12.258833442600000 0.001854116827236 0.001180624031770 -0.001243227126601
104 8 26.852990566300001 13.670551147500003 9.666525792999996 0.000538589937454 0.001764399810632 0.001554138582257
112 8 25.265535218199997 16.420093920100001 9.666529521300001 0.002853307568620 -0.001090463452236 0.002420901792745
120 8 25.265532498100001 11.990500490400001 11.232628962800000 0.002062726614096 -0.000899959949874 0.001267986142604
152 8 25.265533169500006 14.587055878400003 7.560546762400000 0.003729551026174 0.000634695034479 -0.000287347831928
