ITEM: TIMESTEP
0
ITEM: NUMBER OF ATOMS
176
ITEM: BOX BOUNDS xy xz yz pp pp pp
0.0000000000000000e+00 3.0689133480799999e+01 7.6722833701999980e+00
0.0000000000000000e+00 1.7718379476200003e+01 7.6722833702000024e+00
0.0000000000000000e+00 1.2528786279200000e+01 4.4295948690000015e+00
ITEM: ATOMS id type x y z fx fy fz
25 1 5.754204426199998 3.322205851300000 2.349145244699999 0.002147984998549 0.007332049807580 0.005203633164658
137 8 5.423596982400004 5.727889427500000 1.296160360000000 -0.001279703376565 -0.002304353051530 -0.001041237287621
161 8 3.836156472199998 2.214796731300001 1.566094450300000 0.005053391834967 0.001288212662853 0.000843553677165
169 8 5.423583997600000 3.131308597400002 4.968248379499999 -0.001312870885656 -0.001393727627664 -0.001797689308634
1 1 7.672276926000002 4.429605525400001 5.481344520900000 0.001985420104871 -0.000181949283197 -0.000183706435942
9 1 9.590357242299998 3.322200941900001 2.349140662099999 0.002812958645464 -0.005904175591445 -0.004127198104610
41 7 11.508426617500000 4.429598811900002 5.481334835700000 -0.001244272122504 -0.001177458295285 -0.002316576193012
89 8 9.920970511600007 5.727872023000002 5.994440303000000 0.001090837778504 0.001175720528760 -0.001034980626896
97 8 11.508423825899998 4.811361409400002 3.402132653400000 0.003013361038706 0.004402685899301 0.003423117320417
113 8 9.920965757699999 3.131310752300001 4.968235823200000 0.001752366756304 -0.000386634458028 0.004055678805421
129 8 7.672284708600001 4.429600636800002 3.132190496199999 -0.008246181186490 -0.000623131686708 -0.000336776650522
145 8 9.920966429100000 5.727866140300000 1.296153622799999 0.001675063010492 0.003641102456671 -0.001882297074237
153 8 7.682288882800005 1.833036553300000 1.296161863300000 -0.051373185313211 0.000393299854512 -0.000075094832757
162 8 11.508439842400000 2.214796731300001 1.566094450300000 0.005280875243259 -0.000824610868839 -0.000650427982255
2 1 15.344560296200001 4.429605525400001 5.481344520900000 -0.000687132072680 0.000019355434819 -0.000060533758764
10 1 17.262640612500000 3.322200941900001 2.349140662099999 -0.002799267945184 0.000590239582041 0.000464978473136
26 1 13.426487796400002 3.322205851300000 2.349145244699999 -0.002621894831403 -0.000621113735229 -0.000419851360217
65 8 13.095888200900001 5.727884393600002 5.994451122499998 -0.000994444292518 0.000919401152393 -0.000818353744323
90 8 17.593253881800006 5.727872023000002 5.994440303000000 0.002172421019242 0.000362497698357 -0.002042087935400
114 8 17.593249127900009 3.131310752300001 4.968235823200000 0.002370080450472 -0.000679274632436 0.000994181741166
130 8 15.344568078800005 4.429600636800002 3.132190496199999 0.001695584889874 -0.000006872309890 0.000098929750118
138 8 13.095880352600009 5.727889427500000 1.296160360000000 -0.001122423141362 0.001162402616292 -0.001818833272685
146 8 17.593249799300011 5.727866140300000 1.296153622799999 0.002292761210427 0.000657033787861 -0.001137640699981
154 8 15.344572252999999 1.833036553300000 1.296161863300000 0.000927750461812 -0.001836347808950 -0.001651467976471
170 8 13.095867367800004 3.131308597400002 4.968248379499999 -0.001155685493772 -0.000971221208751 0.001729938335463
42 7 19.180709987699998 4.429598811900002 5.481334835700000 -0.001249906215394 0.000725742471896 0.002723558686552
66 8 20.768171571100002 5.727884393600002 5.994451122499998 -0.002050635184485 0.000053418428283 -0.001964522340694
98 8 19.180707196099995 4.811361409400002 3.402132653400000 0.003167860085231 -0.000998668679832 -0.000396192873762
3 1 11.508418611100000 11.073997829000001 5.481344520900000 -0.000112302331774 -0.000421252751221 0.000510465865577
17 1 7.672274418099999 6.644399077300000 2.349147298800000 0.001944028823440 -0.000198802625797 -0.000089139329779
27 1 9.590346111300001 9.966598154900002 2.349145244699999 -0.000248583300600 -0.000774364326447 -0.000075099974482
33 7 9.590343793000001 7.751796947200008 5.481341472000000 0.000683883706223 -0.000614838433578 -0.000379457770794
49 7 11.508427041700001 6.644390723800001 2.349147115100000 -0.001203940001853 -0.002569892699578 -0.000284685225439
73 8 11.508432852700000 8.477427166200002 5.994454850600000 -0.000176867914096 -0.000679633724329 -0.000555967653597
105 8 9.920968477800001 7.560904182000002 3.402136381700000 0.001069637710919 -0.000546860316542 0.001567463535239
121 8 7.672273857400003 7.026163626600007 4.968234320200000 -0.000294136093172 0.001721774308422 0.001305459502000
131 8 11.508426393700001 11.073992940400007 3.132190496199999 0.000353766879933 0.001243111728404 -0.000213154925617
155 8 11.508430567899998 8.477428856900005 1.296161863300000 0.000239091748711 -0.000853414876915 -0.001944343311710
163 8 7.672298157300000 8.859189034900005 1.566094450300000 -0.000093667009097 -0.000014916970893 -0.000035575140614
171 8 9.259725682700001 9.775700901000002 4.968248379499999 -0.001473569510033 -0.000551200033200 0.001381987386480
11 1 13.426498927399999 9.966593245500007 2.349140662099999 0.000156165985186 -0.001699711524095 0.000456238175964
18 1 15.344557788300000 6.644399077300000 2.349147298800000 -0.000728540725498 -0.000015563494982 0.000059612780296
28 1 17.262629481500003 9.966598154900002 2.349145244699999 0.000579591493892 0.001410323399930 -0.000310506059722
34 7 17.262627163200005 7.751796947200008 5.481341472000000 0.000149100080360 0.000626580318129 0.000498354566520
43 7 15.344568302600003 11.073991115500002 5.481334835700000 0.001198601523010 -0.000008012413905 0.000208976627499
57 7 13.426498916499998 7.751790037100004 5.481345370700000 -0.000606719651652 -0.000217976715933 -0.000275368894177
81 8 13.095877704700001 7.560908000500002 3.402138567200000 -0.000843402384448 -0.000306491198283 0.001463865980613
99 8 15.344565510999997 11.455753713000002 3.402132653400000 0.000061045256668 0.001546605646264 0.001781488736180
106 8 17.593251848000001 7.560904182000002 3.402136381700000 0.002151213178763 -0.001767444953301 0.001136448312972
115 8 13.757107442799997 9.775703055900001 4.968235823200000 0.001600241242839 -0.000591130965666 0.001391861903924
122 8 15.344557227600001 7.026163626600007 4.968234320200000 0.000471789707964 0.001825476597712 0.001378785472088
164 8 15.344581527500001 8.859189034900005 1.566094450300000 -0.000597599341442 -0.000109166941771 -0.000084633395748
172 8 16.932009052900014 9.775700901000002 4.968248379499999 -0.001814468830526 -0.001015488395658 0.001478020617943
4 1 19.180701981300000 11.073997829000001 5.481344520900000 -0.000151052594149 0.000688981625145 -0.000557498875812
12 1 21.098782297600000 9.966593245500007 2.349140662099999 -0.000557001265953 0.000696426502161 0.000111164595550
44 7 23.016851672799998 11.073991115500002 5.481334835700000 -0.000647082283652 -0.000172747988553 0.000194713772719
50 7 19.180710411899998 6.644390723800001 2.349147115100000 -0.001209530347953 0.002816421516434 -0.000170413146925
58 7 21.098782286699997 7.751790037100004 5.481345370700000 -0.000030866171335 0.000849087621921 0.000479167243085
74 8 19.180716222899989 8.477427166200002 5.994454850600000 -0.000222996725992 -0.001726472782692 -0.001296273696740
82 8 20.768161074900000 7.560908000500002 3.402138567200000 -0.001899613091596 -0.001675772321405 0.001029467562636
100 8 23.016848881199998 11.455753713000002 3.402132653400000 0.000435620617145 0.001739839122193 0.001551443415379
116 8 21.429390813000008 9.775703055900001 4.968235823200000 0.001921103674501 -0.001006707697926 0.001424126047093
132 8 19.180709763900005 11.073992940400007 3.132190496199999 0.000377955774990 -0.001266967421787 0.000434325337705
156 8 19.180713938099998 8.477428856900005 1.296161863300000 0.000266369141151 -0.002902166506242 -0.001461548512542
19 1 11.508416103199997 13.288791380900006 2.349147298800000 -0.003245393962477 -0.002794755766196 0.000599731802754
123 8 11.508415542500002 13.670555930200003 4.968234320200000 0.001491118760037 0.002046893304286 0.000426806652138
139 8 9.259738667499999 12.372281731100001 1.296160360000000 -0.000795315233792 0.000929496513276 -0.001512548137884
35 7 13.426485478100000 14.396189250800001 5.481341472000000 0.000858345643731 -0.000057408867959 0.006048563538813
51 7 15.344568726800000 13.288783027399999 2.349147115100000 0.017506924922903 0.001015302217571 -0.000166126017130
59 7 17.262640601600001 14.396182340700005 5.481345370700000 0.000451753528402 0.000149183794815 -0.006012681422815
67 8 16.932029885999999 12.372276697200000 5.994451122499998 -0.002253109077284 -0.000309263892317 -0.000836577148408
75 8 15.344574537799998 15.121819469800011 5.994454850600000 -0.002483442394050 -0.001902591015350 -0.001593067277283
83 8 16.932019389799994 14.205300304100005 3.402138567200000 0.001067953099377 -0.007427809955296 0.014446492414463
91 8 13.757112196700003 12.372264326600002 5.994440303000000 0.001073139651180 0.001994133692933 -0.001844466547760
107 8 13.757110162900000 14.205296485600002 3.402136381700000 0.004384925392708 0.006043395761039 -0.011032211618230
140 8 16.932022037700008 12.372281731100001 1.296160360000000 -0.001283755811945 -0.004586529745055 -0.001487806693999
147 8 13.757108114200003 12.372258443900009 1.296153622799999 0.001472652437322 0.005003747266184 -0.001621966538244
20 1 19.180699473400008 13.288791380900006 2.349147298800000 -0.003268393535043 0.002766543197155 -0.000592647927079
36 7 21.098768848300001 14.396189250800001 5.481341472000000 -0.000884789409143 0.000127629161066 -0.000788263407075
52 7 23.016852096999997 13.288783027399999 2.349147115100000 -0.001961079043421 0.000134736702743 -0.000162551674431
76 8 23.016857907999988 15.121819469800011 5.994454850600000 0.000466356699549 -0.001478005637713 -0.001098498105757
92 8 21.429395566900006 12.372264326600002 5.994440303000000 0.001927816765159 0.000602099291440 -0.001168688622747
108 8 21.429393533100004 14.205296485600002 3.402136381700000 0.002573557751041 -0.001210878535982 0.001689812754728
124 8 19.180698912699995 13.670555930200003 4.968234320200000 0.001319087795352 0.001701670001264 0.002453303186298
148 8 21.429391484400018 12.372258443900009 1.296153622799999 0.002620721333604 0.000805601367893 -0.001457622630831
60 7 24.934923971800007 14.396182340700005 5.481345370700000 -0.001513238860835 0.000181983032275 0.000921606042788
68 8 24.604313256200001 12.372276697200000 5.994451122499998 -0.001244856622938 0.000769934569983 -0.001612329789424
84 8 24.604302760000003 14.205300304100005 3.402138567200000 -0.000478959711182 -0.000755954627536 0.001173997467197
29 1 9.590346111300004 5.537003285800003 8.613538384300000 -0.000248575962040 -0.000347164472305 -0.000679245435482
157 8 11.508430567900000 4.047833987800002 7.560555002900000 0.000239083568859 -0.001784829203525 -0.000627158527997
165 8 7.672298157300002 4.429594165800001 7.830487589900000 -0.000093669234224 0.000024999089552 -0.000092041376881
173 8 9.259725682700003 5.346106031900003 11.232641519100001 -0.000828596183518 -0.000760096828602 0.001408262750590
13 1 13.426498927400001 5.536998376400002 8.613533801700001 0.000156168128607 -0.000181315870298 -0.001691041583061
30 1 17.262629481500003 5.537003285800003 8.613538384300000 0.000579578899323 0.000159105142905 0.001458913670247
117 8 13.757107442800002 5.346108186800002 11.232628962800000 0.001549958983201 0.000312970051763 0.005253788588693
166 8 15.344581527500001 4.429594165800001 7.830487589900000 -0.000597581327145 -0.000052673747881 -0.000164557006242
174 8 16.932009052900007 5.346106031900003 11.232641519100001 -0.001317035081489 -0.002575526663436 -0.003800354847991
14 1 21.098782297600003 5.536998376400002 8.613533801700001 -0.000556990874022 0.000292046081349 0.000683038349969
118 8 21.429390813000005 5.346108186800002 11.232628962800000 0.002698038012397 -0.000931428532416 0.001240906045483
158 8 19.180713938100002 4.047833987800002 7.560555002900000 0.000266369991391 -0.002012558437552 -0.002719624743341
5 1 11.508418611100007 6.644402959900002 11.745737660500000 -0.003203922259313 -0.000397751952642 -0.002860829781521
21 1 11.508416103199998 8.859196511800004 8.613540438400001 -0.000153700162430 0.000375904972555 -0.000546095787024
125 8 11.508415542500003 9.240961061100004 11.232627459799998 0.001491039834258 0.001001776352133 0.001904849584264
133 8 11.508426393700002 6.644398071300002 9.396583635799999 0.000353733663055 0.000115549202071 0.001381439396505
141 8 9.259738667500002 7.942686862000003 7.560553499600000 -0.001440325689801 0.000974337328327 -0.001306847871436
167 8 11.508439842400001 11.073986469400005 7.830487589900000 0.000017068185280 -0.000228441611437 -0.000228910234131
37 7 13.426485478099996 9.966594381700006 11.745734611600000 0.000858370899866 0.005631154305814 -0.001996511049328
45 7 15.344568302600001 6.644396246400003 11.745727975299999 0.017467438512322 0.000129345661310 0.001024441548283
53 7 15.344568726799995 8.859188158300002 8.613540254699998 0.001238921246880 0.000201043836181 -0.000023915229810
61 7 17.262640601600001 9.966587471600000 11.745738510299995 0.000451743230930 -0.005504776343971 0.001983308725277
69 8 16.932029886000002 7.942681828100003 12.258844262099997 0.000917006874197 0.010785584744750 -0.011859559393506
77 8 15.344574537800005 10.692224600700005 12.258847990200001 -0.002483433521048 -0.002064998721786 -0.001363355006746
85 8 16.932019389799990 9.775705435000003 9.666531706799999 -0.002102084934880 -0.000733232000339 0.000311569092392
93 8 13.757112196700007 7.942669457500004 12.258833442600000 0.004405726241742 -0.008506118418062 0.009377872413174
101 8 15.344565511000003 7.026158843900003 9.666525792999996 0.000060991461712 0.001902951970263 0.001277411165679
109 8 13.757110162900005 9.775701616500001 9.666529521300001 0.001051948213436 -0.001037227402150 0.002608847344808
142 8 16.932022037700005 7.942686862000003 7.560553499600000 -0.001781228614911 0.000910119105364 -0.001776613421731
149 8 13.757108114200001 7.942663574800001 7.560546762400000 0.001522931108585 0.001061357204463 -0.001187124181344
159 8 15.344572253000006 10.692226291400004 7.560555002900000 -0.000413687187362 -0.001829998593517 -0.001646992695288
6 1 19.180701981300004 6.644402959900002 11.745737660500000 -0.003226947076656 0.000331789549987 0.002779923113024
22 1 19.180699473400011 8.859196511800004 8.613540438400001 -0.000192449926074 -0.000260889206685 0.000856591182298
38 7 21.098768848300008 9.966594381700006 11.745734611600000 -0.000884767988168 -0.000752785222037 0.000456830212318
46 7 23.016851672800001 6.644396246400003 11.745727975299999 -0.002001413682985 -0.000160763252234 0.000192638050059
54 7 23.016852096999990 8.859188158300002 8.613540254699998 -0.000606725642685 0.000132707180991 -0.000174538231191
78 8 23.016857907999999 10.692224600700005 12.258847990200001 0.000466394643212 -0.001457213278007 -0.001127883919234
94 8 21.429395566900006 7.942669457500004 12.258833442600000 0.002594778717565 0.001069734662527 -0.001701814129647
102 8 23.016848881199998 7.026158843900003 9.666525792999996 0.000435612569725 0.001750441219833 0.001536446971621
110 8 21.429393533100001 9.775701616500001 9.666529521300001 0.001906615625539 -0.000864132832245 0.001071211774711
126 8 19.180698912700002 9.240961061100004 11.232627459799998 0.001319060877664 0.002797250565990 0.000903875153757
134 8 19.180709763900005 6.644398071300002 9.396583635799999 0.000377939406650 -0.000110694261555 -0.001200890483976
150 8 21.429391484400004 7.942663574800001 7.560546762400000 0.001843791920676 0.000953248071400 -0.001589667200963
160 8 23.016855623200005 10.692226291400004 7.560555002900000 0.000157474970896 -0.001857423702130 -0.001666375662050
168 8 19.180723212599993 11.073986469400005 7.830487589900000 -0.000017825841702 0.000059872504764 -0.000025021595228
62 7 24.934923971800000 9.966587471600000 11.745738510299995 -0.001513213411586 0.001043852905352 -0.000297249490371
70 8 24.604313256200005 7.942681828100003 12.258844262099997 -0.000629993421090 0.000496265035977 -0.001145485561780
86 8 24.604302759999996 9.775705435000003 9.666531706799999 -0.001093828878217 -0.001104876317314 0.001587595979957
7 1 15.344560296200003 13.288795263500004 11.745737660500000 0.000260149638643 -0.000137550028497 -0.000077287756547
15 1 17.262640612500000 12.181390680000009 8.613533801700001 0.000053506747158 -0.000179795329909 -0.000079525349111
23 1 15.344557788300000 15.503588815399999 8.613540438400001 0.000218750987360 -0.000083667331295 -0.000082740101996
31 1 13.426487796399995 12.181395589400003 8.613538384300000 0.000361602465490 0.000086239687092 0.000080336971150
39 7 17.262627163200005 16.610986685300006 11.745734611600000 -0.000999532651315 -0.000828090212194 -0.000530242228578
95 8 17.593253881800010 14.587061761100006 12.258833442600000 0.001656123398779 0.001487191310985 -0.001399249627806
111 8 17.593251848000001 16.420093920100001 9.666529521300001 0.001634924363614 -0.000786470221041 0.001982546746927
119 8 17.593249127900002 11.990500490400001 11.232628962800000 0.001974340181751 0.000858428140087 0.000970084566209
127 8 15.344557227600006 15.885353364700006 11.232627459799998 0.001036039325449 0.001863602010414 0.001405740469838
135 8 15.344568078800005 13.288790374900007 9.396583635799999 -0.000249693147338 -0.000082139320350 0.000045705759241
143 8 13.095880352600002 14.587079165600008 7.560553499600000 -0.001399431562125 0.000589879229780 -0.003388706900973
151 8 17.593249799300004 14.587055878400003 7.560546762400000 0.001897011289488 0.001146890791749 0.000320134468335
175 8 13.095867367800004 11.990498335500007 11.232641519100001 -0.001432659587118 -0.002642137424349 0.001713461323771
8 1 23.016843666400000 13.288795263500004 11.745737660500000 0.000345130393168 -0.000011587039077 -0.000096155755638
24 1 23.016841158500000 15.503588815399999 8.613540438400001 0.000303716146676 -0.000059459100725 0.000042320075605
32 1 21.098771166600002 12.181395589400003 8.613538384300000 -0.000040275789813 -0.000172302498925 -0.000102496429926
47 7 19.180709987699998 13.288788550000005 11.745727975299999 -0.000761724664618 -0.001245329136462 0.000080098575092
55 7 19.180710411900002 15.503580461900007 8.613540254699998 -0.000721381836571 -0.000332885329733 -0.001147576598586
63 7 21.098782286700004 16.610979775200004 11.745738510299995 0.000025422094896 -0.004098695809214 -0.003019471912220
71 8 20.768171571100002 14.587074131700003 12.258844262099997 -0.001449211741554 0.001880291174257 -0.001221596003486
79 8 19.180716222899996 17.336616904300001 12.258847990200001 0.000329558532588 -0.001061827448010 -0.000826241559897
87 8 20.768161074900000 16.420097738599999 9.666531706799999 -0.001298200055346 -0.000366389979212 0.002504212974155
103 8 19.180707196099995 13.670551147500003 9.666525792999996 0.000215609224448 0.001985242604141 0.001713730945167
128 8 23.016840597800005 15.885353364700006 11.232627459799998 -0.001504781261802 0.001648457321850 0.001253621544570
136 8 23.016851449000004 13.288790374900007 9.396583635799999 0.000003172525357 -0.000064809247770 0.000057961036903
144 8 20.768163722800004 14.587079165600008 7.560553499600000 -0.001474517869471 0.000927685806825 -0.001029428028126
176 8 20.768150737999996 11.990498335500007 11.232641519100001 -0.001507766465607 -0.000305196043457 0.001245520189104
16 1 24.934923982700003 12.181390680000009 8.613533801700001 -0.000333691956019 0.000124711951554 0.000135813121925
40 7 24.934910533400007 16.610986685300006 11.745734611600000 0.001151001386186 0.003126316263553 0.002265954976726
48 7 26.852993357900004 13.288788550000005 11.745727975299999 -0.000689134778977 0.001062520576949 0.000287434101255
56 7 26.852993782099993 15.503580461900007 8.613540254699998 -0.000648783956728 0.000631869051580 0.000959178132475
64 7 28.771065656899999 16.610979775200004 11.745738510299995 -0.001347050017892 0.000885143477318 0.000504685898650
72 8 28.440454941300004 14.587074131700003 12.258844262099997 -0.001655810910874 0.000211181155222 -0.001428831634028
80 8 26.852999593099998 17.336616904300001 12.258847990200001 0.000717900787103 -0.002967238684894 -0.002173615615511
88 8 28.440444445099999 16.420097738599999 9.666531706799999 -0.001504794592173 -0.001118126723757 0.000999657330530
96 8 25.265537252000023 14.587061761100006 12.258833442600000 0.001951638144889 -0.000355007670586 -0.001615555371507
104 8 26.852990566300001 13.670551147500003 9.666525792999996 0.000230841601171 0.001473020682965 0.001351524305736
112 8 25.265535218199997 16.420093920100001 9.666529521300001 0.001930436449277 -0.001604476916908 0.000317788757573
120 8 25.265532498100001 11.990500490400001 11.232628962800000 0.001954337056827 -0.001342271197113 0.001422532207429
152 8 25.265533169500006 14.587055878400003 7.560546762400000 0.001877038662319 0.000839886303282 -0.001905513589406
