ITEM: TIMESTEP
0
ITEM: NUMBER OF ATOMS
176
ITEM: BOX BOUNDS xy xz yz pp pp pp
0.0000000000000000e+00 3.0689133480799999e+01 7.6722833701999980e+00
0.0000000000000000e+00 1.7718379476200003e+01 7.6722833702000024e+00
0.0000000000000000e+00 1.2528786279200000e+01 4.4295948690000015e+00
ITEM: ATOMS id type x y z fx fy fz
25 1 5.754204426199998 3.322205851300000 2.349145244699999 -0.018441680342447 -0.010809796078281 -0.013706987366012
137 8 5.423596982400004 5.727889427500000 1.296160360000000 -0.006831697256520 0.008600199947751 -0.005548885382041
161 8 3.836156472199998 2.214796731300001 1.566094450300000 -0.014770616113223 -0.008391705285199 -0.006000975255148
169 8 5.423583997600000 3.131308597400002 4.968248379499999 0.002471459008997 0.001481914424839 0.008012963430681
1 1 7.672276926000002 4.429605525400001 5.481344520900000 -0.005021626879376 -0.003062129980783 -0.023416647983286
9 1 9.590357242299998 3.322200941900001 2.349140662099999 -0.005176012654634 -0.002948184774251 -0.008191078429004
41 7 11.508426617500000 4.429598811900002 5.481334835700000 0.007011744921040 0.000722456178644 0.000874930879458
89 8 9.920970511600007 5.727872023000002 5.994440303000000 -0.003908409358868 -0.002111140239563 -0.003264309092059
97 8 11.508423825899998 4.811361409400002 3.402132653400000 -0.001669559981017 0.001779745866851 0.003277591403634
113 8 9.920965757699999 3.131310752300001 4.968235823200000 -0.005840673625029 0.005517276079634 -0.000565375675491
129 8 7.667284708599951 4.426713885454079 3.124025530390742 0.047722806157790 0.027529403614712 0.076032300970181
145 8 9.920966429100000 5.727866140300000 1.296153622799999 0.003341276753542 0.001903637144675 0.001338057002946
153 8 7.672288882800000 1.833036553300000 1.296161863300000 0.004117983859625 -0.010257988842289 -0.005591414870304
162 8 11.508439842400000 2.214796731300001 1.566094450300000 -0.000151990153088 0.000109568627696 0.000013881825221
2 1 15.344560296200001 4.429605525400001 5.481344520900000 0.001138871367110 -0.000219487737572 -0.000348548784592
10 1 17.262640612500000 3.322200941900001 2.349140662099999 0.004105114124684 -0.000600495164162 -0.000799505527577
26 1 13.426487796400002 3.322205851300000 2.349145244699999 0.001176460422876 -0.000445248810179 -0.000717229991466
65 8 13.095888200900001 5.727884393600002 5.994451122499998 -0.003390972521181 -0.000230994241824 -0.001791848868532
90 8 17.593253881800006 5.727872023000002 5.994440303000000 0.001857390024127 0.001221742193591 -0.000940110949321
114 8 17.593249127900009 3.131310752300001 4.968235823200000 0.001771341810222 -0.000686131791995 0.002370489502443
130 8 15.344568078800005 4.429600636800002 3.132190496199999 -0.001310968080850 0.000167186552624 0.000431711772132
138 8 13.095880352600009 5.727889427500000 1.296160360000000 -0.002344560733646 0.000897856249312 -0.000861786486153
146 8 17.593249799300011 5.727866140300000 1.296153622799999 0.000550519969440 0.001424404647494 -0.001647237155219
154 8 15.344572252999999 1.833036553300000 1.296161863300000 -0.000876994667779 -0.002043211243403 -0.001768774955075
170 8 13.095867367800004 3.131308597400002 4.968248379499999 -0.003514444473442 0.000061174891826 0.001643594392709
42 7 19.180709987699998 4.429598811900002 5.481334835700000 -0.003018639677388 -0.001684754401802 -0.004449720849266
66 8 20.768171571100002 5.727884393600002 5.994451122499998 0.004324176285661 -0.001198498534872 -0.001358130890459
98 8 19.180707196099995 4.811361409400002 3.402132653400000 -0.003494303975157 0.005171086339694 0.005681627312383
3 1 11.508418611100000 11.073997829000001 5.481344520900000 0.000520218408108 0.000852038766711 -0.000348563382061
17 1 7.672274418099999 6.644399077300000 2.349147298800000 -0.005009439622765 -0.002963972666660 -0.008287262380977
27 1 9.590346111300001 9.966598154900002 2.349145244699999 0.000343521267354 0.000997493214499 -0.000717223641414
33 7 9.590343793000001 7.751796947200008 5.481341472000000 0.004476850258727 0.005756867142679 0.000647335082702
49 7 11.508427041700001 6.644390723800001 2.349147115100000 0.001434311583872 0.001108736678907 -0.002330235942892
73 8 11.508432852700000 8.477427166200002 5.994454850600000 -0.001882669827034 -0.002878855396733 -0.001804406088763
105 8 9.920968477800001 7.560904182000002 3.402136381700000 0.000739805821340 -0.002381686382919 0.003298464272531
121 8 7.672273857400003 7.026163626600007 4.968234320200000 0.001846934819331 -0.007913989645796 -0.000528842826650
131 8 11.508426393700001 11.073992940400007 3.132190496199999 -0.000490302479768 -0.001254257709354 0.000431686529068
155 8 11.508430567899998 8.477428856900005 1.296161863300000 -0.000308832694263 -0.002520788062734 -0.000904290532462
163 8 7.672298157300000 8.859189034900005 1.566094450300000 -0.000099177661618 0.000018052138834 0.000013881230084
171 8 9.259725682700001 9.775700901000002 4.968248379499999 -0.001751890230613 -0.002991688299325 0.001643595798239
11 1 13.426498927399999 9.966593245500007 2.349140662099999 0.000107808273056 0.001053238865062 -0.000271635512267
18 1 15.344557788300000 6.644399077300000 2.349147298800000 0.001097661594258 -0.000388708801438 -0.000367995528381
28 1 17.262629481500003 9.966598154900002 2.349145244699999 0.000204173669148 -0.000044758191379 -0.000323488921367
34 7 17.262627163200005 7.751796947200008 5.481341472000000 -0.000059108801984 -0.000258121845147 -0.000496642877237
43 7 15.344568302600003 11.073991115500002 5.481334835700000 -0.000465369431199 -0.000198330762266 -0.000269008729729
57 7 13.426498916499998 7.751790037100004 5.481345370700000 0.001028394470729 0.000874414650517 0.000129829326683
81 8 13.095877704700001 7.560908000500002 3.402138567200000 -0.002066830740913 -0.001219621098975 0.001561349876447
99 8 15.344565510999997 11.455753713000002 3.402132653400000 0.000307992586712 0.000544556020138 0.002420876960611
106 8 17.593251848000001 7.560904182000002 3.402136381700000 0.000658918388424 -0.000051401858712 0.002441769657002
115 8 13.757107442799997 9.775703055900001 4.968235823200000 0.001594004937642 -0.001279532349673 0.001535994472315
122 8 15.344557227600001 7.026163626600007 4.968234320200000 -0.000321916136523 0.001922975259539 0.001572419976724
164 8 15.344581527500001 8.859189034900005 1.566094450300000 -0.000315730332612 -0.000046116856976 0.000070852505416
172 8 16.932009052900014 9.775700901000002 4.968248379499999 -0.001522729683102 -0.000824138838042 0.001482735736257
4 1 19.180701981300000 11.073997829000001 5.481344520900000 -0.000145757119363 -0.000246816388860 -0.000157561157639
12 1 21.098782297600000 9.966593245500007 2.349140662099999 -0.000491332029791 -0.000190578148829 -0.000516205370880
44 7 23.016851672799998 11.073991115500002 5.481334835700000 -0.000302099908057 0.001249200011941 0.000265027301276
50 7 19.180710411899998 6.644390723800001 2.349147115100000 0.002662722528405 -0.004722022146582 -0.002837902740304
58 7 21.098782286699997 7.751790037100004 5.481345370700000 -0.005255059597076 0.003761972713697 -0.000945430844131
74 8 19.180716222899989 8.477427166200002 5.994454850600000 0.001132315324335 -0.002477824915954 -0.001523177853623
82 8 20.768161074900000 7.560908000500002 3.402138567200000 -0.000191906907204 -0.000152708035676 0.003736649168542
100 8 23.016848881199998 11.455753713000002 3.402132653400000 0.000043841423330 0.001471593329590 0.001864675879244
116 8 21.429390813000008 9.775703055900001 4.968235823200000 0.002196159050890 -0.001891094363320 0.001858358302396
132 8 19.180709763900005 11.073992940400007 3.132190496199999 0.000147044367205 0.000061329930292 0.000361665666079
156 8 19.180713938099998 8.477428856900005 1.296161863300000 -0.000127095990883 -0.000562786328159 -0.001684703544243
19 1 11.508416103199997 13.288791380900006 2.349147298800000 0.001664154856344 0.003899888053109 -0.000895875618438
123 8 11.508415542500002 13.670555930200003 4.968234320200000 0.000280671627451 0.001779878345004 0.002406911676800
139 8 9.259738667499999 12.372281731100001 1.296160360000000 -0.002215052895092 0.000167019417621 -0.001726268258260
35 7 13.426485478100000 14.396189250800001 5.481341472000000 -0.002622981926756 -0.001726095376982 -0.004677322336938
51 7 15.344568726800000 13.288783027399999 2.349147115100000 -0.003001048804046 0.005088006729117 -0.002837899750035
59 7 17.262640601600001 14.396182340700005 5.481345370700000 0.000387312516740 -0.006010930249905 -0.000945416415245
67 8 16.932029885999999 12.372276697200000 5.994451122499998 -0.001536172410982 0.002179555583733 -0.001510625926017
75 8 15.344574537799998 15.121819469800011 5.994454850600000 0.001136998289423 0.004286150198371 -0.001370667033095
83 8 16.932019389799994 14.205300304100005 3.402138567200000 -0.000205382303632 -0.000129393724606 0.003736641008347
91 8 13.757112196700003 12.372264326600002 5.994440303000000 0.001860899901965 0.001215681025247 -0.000940114670303
107 8 13.757110162900000 14.205296485600002 3.402136381700000 0.002764403898470 -0.005657381554021 0.005702410029995
140 8 16.932022037700008 12.372281731100001 1.296160360000000 -0.000558013909661 0.000076248196772 -0.001642200021445
147 8 13.757108114200003 12.372258443900009 1.296153622799999 0.001530872299150 -0.000273572749707 -0.001647216225444
20 1 19.180699473400008 13.288791380900006 2.349147298800000 -0.000279087461596 -0.000285670654076 -0.000612573599297
36 7 21.098768848300001 14.396189250800001 5.481341472000000 0.001276130264833 -0.000840507185021 0.000037387255952
52 7 23.016852096999997 13.288783027399999 2.349147115100000 0.000913801901737 0.000808260823506 -0.000307195338308
76 8 23.016857907999988 15.121819469800011 5.994454850600000 -0.000905323306398 -0.001949521534297 -0.001421674111121
92 8 21.429395566900006 12.372264326600002 5.994440303000000 0.001619830213582 0.001080542900205 -0.001492020068861
108 8 21.429393533100004 14.205296485600002 3.402136381700000 0.001329688964033 -0.000743684943714 0.001885577537289
124 8 19.180698912699995 13.670555930200003 4.968234320200000 -0.000550471351016 0.002750254336451 0.001894786483864
148 8 21.429391484400018 12.372258443900009 1.296153622799999 0.001761495359961 0.000991548814506 -0.001334559072910
60 7 24.934923971800007 14.396182340700005 5.481345370700000 0.000646084838340 0.000653704542830 -0.001176096411792
68 8 24.604313256200001 12.372276697200000 5.994451122499998 -0.002097470397295 0.000150759648617 -0.001409109363970
84 8 24.604302760000003 14.205300304100005 3.402138567200000 -0.002573989761310 -0.001512426817722 0.001954258998721
29 1 9.590346111300004 5.537003285800003 8.613538384300000 0.002958740899377 0.001545573765775 0.004064726797731
157 8 11.508430567900000 4.047833987800002 7.560555002900000 -0.001280698707190 -0.001370265296355 -0.003390702132050
165 8 7.672298157300002 4.429594165800001 7.830487589900000 -0.000096389692380 0.000080890679083 -0.017746316764425
173 8 9.259725682700003 5.346106031900003 11.232641519100001 -0.002484171005854 -0.001379223980079 -0.000077532992309
13 1 13.426498927400001 5.536998376400002 8.613533801700001 0.000887560948782 0.000592966302496 0.001725517825460
30 1 17.262629481500003 5.537003285800003 8.613538384300000 -0.000573498088515 0.000207203626567 0.000670815076924
117 8 13.757107442800002 5.346108186800002 11.232628962800000 0.001150283369066 -0.002365356394070 -0.000031621546731
166 8 15.344581527500001 4.429594165800001 7.830487589900000 -0.000326683645052 -0.000023807297245 -0.000322070127107
174 8 16.932009052900007 5.346106031900003 11.232641519100001 -0.000132915200842 -0.002059296190594 0.000329749239956
14 1 21.098782297600003 5.536998376400002 8.613533801700001 -0.003107332072182 0.001315008462679 0.002917895469208
118 8 21.429390813000005 5.346108186800002 11.232628962800000 0.002072462657745 -0.000915125507102 0.000535064340692
158 8 19.180713938100002 4.047833987800002 7.560555002900000 0.000849257565153 -0.001454207686985 -0.001291818816736
5 1 11.508418611100007 6.644402959900002 11.745737660500000 0.002529645060063 0.001297801285623 0.004330952473508
21 1 11.508416103199998 8.859196511800004 8.613540438400001 0.001088944938751 0.000516696067318 0.001629140851797
125 8 11.508415542500003 9.240961061100004 11.232627459799998 -0.001484123209491 0.002081619105864 0.000004797530713
133 8 11.508426393700002 6.644398071300002 9.396583635799999 -0.001297215111211 -0.000772508022321 -0.002013856303589
141 8 9.259738667500002 7.942686862000003 7.560553499600000 -0.001834121152954 -0.000519073856208 -0.003348192488729
167 8 11.508439842400001 11.073986469400005 7.830487589900000 -0.000301918330381 -0.000066603621034 -0.000321905252338
37 7 13.426485478099996 9.966594381700006 11.745734611600000 0.000311981043236 -0.003451891916532 0.006428811808454
45 7 15.344568302600001 6.644396246400003 11.745727975299999 -0.003045726215510 0.001719871276883 0.006656474667123
53 7 15.344568726799995 8.859188158300002 8.613540254699998 -0.000426534980586 0.000034428183127 0.001295032657807
61 7 17.262640601600001 9.966587471600000 11.745738510299995 -0.002553282924042 -0.001193423503797 0.000882447816580
69 8 16.932029886000002 7.942681828100003 12.258844262099997 0.000524237357346 0.001000891648991 -0.002222047258532
77 8 15.344574537800005 10.692224600700005 12.258847990200001 0.001141750349795 -0.000104118813302 -0.002234663352848
85 8 16.932019389799990 9.775705435000003 9.666531706799999 -0.001374488185208 -0.000819904732521 0.001007316721945
93 8 13.757112196700007 7.942669457500004 12.258833442600000 0.001903471594638 0.001244264079904 -0.008047151614474
101 8 15.344565511000003 7.026158843900003 9.666525792999996 0.000307667364679 0.001894356457876 -0.000328508161137
109 8 13.757110162900005 9.775701616500001 9.666529521300001 0.001827725273107 -0.000726595342574 -0.000307609541431
142 8 16.932022037700005 7.942686862000003 7.560553499600000 -0.001183035339852 0.000681674937507 -0.001955906825732
149 8 13.757108114200001 7.942663574800001 7.560546762400000 0.001207472361636 0.000671694142610 -0.002238991943759
159 8 15.344572253000006 10.692226291400004 7.560555002900000 0.000084710565422 -0.001406786800525 -0.001998399805682
6 1 19.180701981300004 6.644402959900002 11.745737660500000 -0.001060312003643 0.000169941409105 0.000287261571457
22 1 19.180699473400011 8.859196511800004 8.613540438400001 -0.000797196130488 0.000326937162908 0.000535537530761
38 7 21.098768848300008 9.966594381700006 11.745734611600000 0.000104883768214 -0.000160322636636 -0.000237967942378
46 7 23.016851672800001 6.644396246400003 11.745727975299999 0.000874404235229 0.000564485792624 0.001903288320850
54 7 23.016852096999990 8.859188158300002 8.613540254699998 -0.000261375327082 0.002087185502209 0.001631195085124
78 8 23.016857907999999 10.692224600700005 12.258847990200001 -0.000907166906389 -0.001781220339841 -0.001496640415462
94 8 21.429395566900006 7.942669457500004 12.258833442600000 0.001593732347650 0.001068269833715 -0.001366946137025
102 8 23.016848881199998 7.026158843900003 9.666525792999996 0.000043434922849 0.001121423887115 0.000307839187472
110 8 21.429393533100001 9.775701616500001 9.666529521300001 0.001902244110482 -0.001212671654843 0.001115487529647
126 8 19.180698912700002 9.240961061100004 11.232627459799998 0.001209075631352 0.001921244461426 0.001101739460570
134 8 19.180709763900005 6.644398071300002 9.396583635799999 0.000958056993117 -0.000409504586293 -0.000744861605038
150 8 21.429391484400004 7.942663574800001 7.560546762400000 0.002235801117225 0.000137895387185 -0.002225335370442
160 8 23.016855623200005 10.692226291400004 7.560555002900000 -0.000028864332764 -0.002413860291059 -0.001933201868211
168 8 19.180723212599993 11.073986469400005 7.830487589900000 0.000027041463948 0.000151900617706 -0.000216684023623
62 7 24.934923971800000 9.966587471600000 11.745738510299995 0.001823072947345 -0.000639777908746 0.001343242979977
70 8 24.604313256200005 7.942681828100003 12.258844262099997 -0.002970689232401 0.000637411537305 -0.002160355427868
86 8 24.604302759999996 9.775705435000003 9.666531706799999 -0.002246686681147 -0.001323348072895 0.000419587317501
7 1 15.344560296200003 13.288795263500004 11.745737660500000 -0.000242095577469 -0.001247220613357 0.000287255937533
15 1 17.262640612500000 12.181390680000009 8.613533801700001 -0.000219842879698 -0.000945604610221 0.000631894634620
23 1 15.344557788300000 15.503588815399999 8.613540438400001 -0.000283188706103 -0.003303994271584 0.002821491934575
31 1 13.426487796399995 12.181395589400003 8.613538384300000 0.000033558998210 -0.000844246337759 0.000670787993133
39 7 17.262627163200005 16.610986685300006 11.745734611600000 0.001271395252342 0.000520731845183 0.001675632983182
95 8 17.593253881800010 14.587061761100006 12.258833442600000 0.001596153308239 0.001064087464499 -0.001366947672283
111 8 17.593251848000001 16.420093920100001 9.666529521300001 0.001026244785480 -0.000568959083683 0.000328749296302
119 8 17.593249127900002 11.990500490400001 11.232628962800000 0.002358003010080 0.000047202674406 0.001065296257116
127 8 15.344557227600006 15.885353364700006 11.232627459799998 0.000232900654074 0.002155140007771 0.000571508958295
135 8 15.344568078800005 13.288790374900007 9.396583635799999 0.000144786764138 0.000999072067403 -0.000744876509617
143 8 13.095880352600002 14.587079165600008 7.560553499600000 -0.000841839378288 0.001367488981159 -0.001249304343719
151 8 17.593249799300004 14.587055878400003 7.560546762400000 0.001259380177903 0.001829137076623 -0.002225324448910
175 8 13.095867367800004 11.990498335500007 11.232641519100001 -0.001897509931396 0.000997070644228 0.000329724609617
8 1 23.016843666400000 13.288795263500004 11.745737660500000 0.000326125467590 0.000025647733949 0.000016475717252
24 1 23.016841158500000 15.503588815399999 8.613540438400001 0.000286949020235 0.000046689332989 0.000305064899930
32 1 21.098771166600002 12.181395589400003 8.613538384300000 0.000193500794694 -0.000050949887324 0.000249523182016
47 7 19.180709987699998 13.288788550000005 11.745727975299999 -0.000298666983777 -0.000105211607036 -0.000010323360481
55 7 19.180710411900002 15.503580461900007 8.613540254699998 0.001433770122727 -0.000848933254421 0.001631181149187
63 7 21.098782286700004 16.610979775200004 11.745738510299995 0.000114400616168 0.002319729269120 0.001343221080713
71 8 20.768171571100002 14.587074131700003 12.258844262099997 -0.001952637528739 0.000065002625434 -0.001484079966297
79 8 19.180716222899996 17.336616904300001 12.258847990200001 -0.000920471460456 -0.002949069836100 -0.002172911277825
87 8 20.768161074900000 16.420097738599999 9.666531706799999 -0.002246592172173 -0.001323518607798 0.000419583066415
103 8 19.180707196099995 13.670551147500003 9.666525792999996 -0.000076031134899 0.002201927975592 0.001094592680376
128 8 23.016840597800005 15.885353364700006 11.232627459799998 0.000314110638700 0.001344574291995 0.001023631175352
136 8 23.016851449000004 13.288790374900007 9.396583635799999 -0.000146765610014 -0.000108306882148 -0.000112086932824
144 8 20.768163722800004 14.587079165600008 7.560553499600000 -0.002111976621515 0.001086858374367 -0.001890707233158
176 8 20.768150737999996 11.990498335500007 11.232641519100001 -0.001637229035192 -0.000890247944419 0.001299077839447
16 1 24.934923982700003 12.181390680000009 8.613533801700001 0.000079510162407 0.000133416979136 0.000401396028605
40 7 24.934910533400007 16.610986685300006 11.745734611600000 -0.000472043849567 0.000870746981407 0.000495965908928
48 7 26.852993357900004 13.288788550000005 11.745727975299999 0.000305783021688 -0.001120369121649 0.000723601755453
56 7 26.852993782099993 15.503580461900007 8.613540254699998 -0.001348471032078 -0.000497870468027 0.000435669997867
64 7 28.771065656899999 16.610979775200004 11.745738510299995 -0.000724493322340 -0.000137610603031 0.001035328910941
72 8 28.440454941300004 14.587074131700003 12.258844262099997 -0.001589740025016 0.001075521582767 -0.001470419446668
80 8 26.852999593099998 17.336616904300001 12.258847990200001 0.000149406754084 -0.001972193993166 -0.001482980808838
88 8 28.440444445099999 16.420097738599999 9.666531706799999 -0.000890132472683 -0.000540250157316 0.000581235944089
96 8 25.265537252000023 14.587061761100006 12.258833442600000 0.001491099971311 0.001006214557034 -0.001385791927040
104 8 26.852990566300001 13.670551147500003 9.666525792999996 0.000081071689726 0.002127686457282 0.001041836460026
112 8 25.265535218199997 16.420093920100001 9.666529521300001 0.001916508805131 -0.001039497193117 0.001062724369465
120 8 25.265532498100001 11.990500490400001 11.232628962800000 0.001411098464447 -0.000439520887071 0.000987199275188
152 8 25.265533169500006 14.587055878400003 7.560546762400000 0.001841960637182 0.001038018187745 -0.001200841278426
