ITEM: TIMESTEP
0
ITEM: NUMBER OF ATOMS
176
ITEM: BOX BOUNDS xy xz yz pp pp pp
0.0000000000000000e+00 3.0689133480799999e+01 7.6722833701999980e+00
0.0000000000000000e+00 1.7718379476200003e+01 7.6722833702000024e+00
0.0000000000000000e+00 1.2528786279200000e+01 4.4295948690000015e+00
ITEM: ATOMS id type x y z fx fy fz
25 1 5.754204426199998 3.322205851300000 2.349145244699999 0.007564524652534 -0.002049038145556 0.005203310699519
137 8 5.428596982400019 5.736549681537836 1.296160360000000 -0.025353942590206 -0.044782065186712 -0.000032419402307
161 8 3.836156472199998 2.214796731300001 1.566094450300000 0.003524261517821 0.003936795026158 0.000843579969282
169 8 5.423583997600000 3.131308597400002 4.968248379499999 -0.001911071869861 -0.000357614230718 -0.001797713948208
1 1 7.672276926000002 4.429605525400001 5.481344520900000 0.000976016290239 0.001566422283108 -0.000183718407895
9 1 9.590357242299998 3.322200941900001 2.349140662099999 0.000695446932065 0.001691259689545 0.000007215421091
41 7 11.508426617500000 4.429598811900002 5.481334835700000 -0.000402814583008 0.000623476212291 -0.000151805765135
89 8 9.920970511600007 5.727872023000002 5.994440303000000 0.001437739873534 0.000574830587093 -0.001034983018215
97 8 11.508423825899998 4.811361409400002 3.402132653400000 0.000084261811915 0.001147961090730 0.001546554599017
113 8 9.920965757699999 3.131310752300001 4.968235823200000 0.001433653800392 -0.001154865007853 0.001269024822363
129 8 7.672284708600001 4.429600636800002 3.132190496199999 -0.004642322144702 -0.006865277091370 -0.000336763407800
145 8 9.920966429100000 5.727866140300000 1.296153622799999 0.004012779553316 -0.000408050230717 -0.001882230323736
153 8 7.672288882800000 1.833036553300000 1.296161863300000 -0.002549579417374 0.000002500980379 -0.001083743171822
162 8 11.508439842400000 2.214796731300001 1.566094450300000 -0.000177810017286 0.000130840654131 -0.000035577155964
2 1 15.344560296200001 4.429605525400001 5.481344520900000 -0.000280065238743 -0.000130632209969 0.000510449426241
10 1 17.262640612500000 3.322200941900001 2.349140662099999 -0.004147429478908 -0.001505007053799 0.000696101646050
26 1 13.426487796400002 3.322205851300000 2.349145244699999 -0.000654045648659 -0.000072093088992 -0.000075099313414
65 8 13.095888200900001 5.727884393600002 5.994451122499998 -0.000633495006078 0.000146648719792 -0.000543377552566
90 8 17.593253881800006 5.727872023000002 5.994440303000000 0.002137676346200 0.000150309932602 -0.001844455002751
114 8 17.593249127900009 3.131310752300001 4.968235823200000 0.002607827130948 0.000228615552676 0.000390372967975
130 8 15.344568078800005 4.429600636800002 3.132190496199999 0.001273877288365 -0.000350563080648 -0.000213166928231
138 8 13.095880352600009 5.727889427500000 1.296160360000000 -0.000626628340782 0.000538679518866 -0.001901855382101
146 8 17.593249799300011 5.727866140300000 1.296153622799999 0.005091795986469 -0.001264672342148 -0.001621947476972
154 8 15.344572252999999 1.833036553300000 1.296161863300000 0.000493209696730 -0.001194915171695 -0.001555051437815
170 8 13.095867367800004 3.131308597400002 4.968248379499999 -0.001261793014261 -0.000918030201744 0.001381980774968
42 7 19.180709987699998 4.429598811900002 5.481334835700000 0.000167161450063 0.000495925953745 0.006276192224428
66 8 20.768171571100002 5.727884393600002 5.994451122499998 -0.002845871844197 -0.001239410538710 -0.001580473652477
98 8 19.180707196099995 4.811361409400002 3.402132653400000 0.007449253443274 0.000723924929284 -0.011053164640848
3 1 11.508418611100000 11.073997829000001 5.481344520900000 -0.000185923153711 -0.000848772543232 -0.000060535311132
17 1 7.672274418099999 6.644399077300000 2.349147298800000 -0.003574393412580 0.005432828631140 -0.004223218844844
27 1 9.590346111300001 9.966598154900002 2.349145244699999 -0.001707958158697 -0.002204062212552 -0.000419845277550
33 7 9.590343793000001 7.751796947200008 5.481341472000000 -0.001296474430157 -0.000443134705446 -0.002544220980223
49 7 11.508427041700001 6.644390723800001 2.349147115100000 -0.003070606401212 0.000663342458390 -0.000284666025827
73 8 11.508432852700000 8.477427166200002 5.994454850600000 0.000311843391061 -0.001378584272936 -0.000830915231716
105 8 9.920968477800001 7.560904182000002 3.402136381700000 0.005352858519097 0.000362427867180 0.003443993482432
121 8 7.672273857400003 7.026163626600007 4.968234320200000 0.000530576243904 0.001613694104161 0.004092194326483
131 8 11.508426393700001 11.073992940400007 3.132190496199999 0.000862247017483 0.001436489343506 0.000098942244645
155 8 11.508430567899998 8.477428856900005 1.296161863300000 0.000531342276067 -0.001594661326927 -0.001861338889270
163 8 7.672298157300000 8.859189034900005 1.566094450300000 0.001808268748398 0.005190277375549 -0.000650507588919
171 8 9.259725682700001 9.775700901000002 4.968248379499999 -0.001466587061751 -0.000432714937301 0.001729930895408
11 1 13.426498927399999 9.966593245500007 2.349140662099999 -0.000482141421374 -0.000714887266103 0.000155979637407
18 1 15.344557788300000 6.644399077300000 2.349147298800000 -0.001262244032282 0.001029638826682 0.000359863803123
28 1 17.262629481500003 9.966598154900002 2.349145244699999 0.001652050920772 -0.000447240403230 -0.000310529123909
34 7 17.262627163200005 7.751796947200008 5.481341472000000 0.000937705818414 0.001087718841679 -0.000018637325172
43 7 15.344568302600003 11.073991115500002 5.481334835700000 0.000404910069090 -0.000460364526765 0.000726007155578
57 7 13.426498916499998 7.751790037100004 5.481345370700000 -0.000735229037820 0.000004558001419 -0.000275350119264
81 8 13.095877704700001 7.560908000500002 3.402138567200000 -0.000664322447259 -0.000616658213603 0.001463841301168
99 8 15.344565510999997 11.455753713000002 3.402132653400000 -0.000432006861749 0.002694919832406 0.001115553686608
106 8 17.593251848000001 7.560904182000002 3.402136381700000 0.001403289867068 -0.000766296461383 0.001802365795665
115 8 13.757107442799997 9.775703055900001 4.968235823200000 0.001906419997185 -0.000543397863057 0.001342344917021
122 8 15.344557227600001 7.026163626600007 4.968234320200000 0.000277382394650 0.001584202387618 0.001428299229523
164 8 15.344581527500001 8.859189034900005 1.566094450300000 -0.000511399793331 -0.000258455455001 -0.000084619379643
172 8 16.932009052900014 9.775700901000002 4.968248379499999 -0.001834310140587 -0.000981110026514 0.001478009097803
4 1 19.180701981300000 11.073997829000001 5.481344520900000 0.000662040151788 -0.000719306063942 -0.000557489703067
12 1 21.098782297600000 9.966593245500007 2.349140662099999 0.000657283014562 -0.004305527685407 -0.000496267443684
44 7 23.016851672799998 11.073991115500002 5.481334835700000 -0.000544113079063 -0.001106271173952 -0.000560599501741
50 7 19.180710411899998 6.644390723800001 2.349147115100000 0.009389958585407 0.015074414851334 -0.000166347823503
58 7 21.098782286699997 7.751790037100004 5.481345370700000 0.000112003008113 0.000737649418517 -0.006012725625313
74 8 19.180716222899989 8.477427166200002 5.994454850600000 -0.001381532307744 -0.001854301740504 -0.000849147617307
82 8 20.768161074900000 7.560908000500002 3.402138567200000 -0.005875901259757 0.004599344169660 0.014446714911009
100 8 23.016848881199998 11.455753713000002 3.402132653400000 0.000261157084440 0.002782389612923 0.001668893646983
116 8 21.429390813000008 9.775703055900001 4.968235823200000 0.002222831211721 0.000252283167937 0.002416842579165
132 8 19.180709763900005 11.073992940400007 3.132190496199999 -0.000887833543894 0.000925434434135 0.000434329544337
156 8 19.180713938099998 8.477428856900005 1.296161863300000 -0.004528043379576 0.001140174226719 -0.001530300969749
19 1 11.508416103199997 13.288791380900006 2.349147298800000 -0.000756835136258 -0.002674851424083 0.000368618119485
123 8 11.508415542500002 13.670555930200003 4.968234320200000 0.000585971224843 0.002294950184173 0.001030626364083
139 8 9.259738667499999 12.372281731100001 1.296160360000000 -0.001133548267510 0.001626525193269 -0.001608960664931
35 7 13.426485478100000 14.396189250800001 5.481341472000000 0.000348910626241 -0.001399601017852 0.002495923097277
51 7 15.344568726800000 13.288783027399999 2.349147115100000 0.001591242878330 -0.002034671414862 -0.000170424123615
59 7 17.262640601600001 14.396182340700005 5.481345370700000 0.000476816824749 -0.000030269929332 0.000479181717992
67 8 16.932029885999999 12.372276697200000 5.994451122499998 -0.001563115115319 0.000630104503118 -0.001283764361899
75 8 15.344574537799998 15.121819469800011 5.994454850600000 -0.000966208176619 -0.001860284027762 -0.001977088472264
83 8 16.932019389799994 14.205300304100005 3.402138567200000 -0.002378251676028 -0.000846719948160 0.001029463676555
91 8 13.757112196700003 12.372264326600002 5.994440303000000 0.001274262175791 0.001918107527189 -0.002042078293909
107 8 13.757110162900000 14.205296485600002 3.402136381700000 0.000752406386619 0.003196819937922 -0.000375240652259
140 8 16.932022037700008 12.372281731100001 1.296160360000000 -0.002387250314347 0.001586665371184 -0.001419028601748
147 8 13.757108114200003 12.372258443900009 1.296153622799999 0.001737436216391 0.001618878941872 -0.001137646691709
20 1 19.180699473400008 13.288791380900006 2.349147298800000 0.000456273720588 -0.000786054412197 0.000014797641113
36 7 21.098768848300001 14.396189250800001 5.481341472000000 -0.000127788888693 -0.000428291662530 -0.000032920757980
52 7 23.016852096999997 13.288783027399999 2.349147115100000 -0.001106924568416 -0.001344711496688 -0.000162561517558
76 8 23.016857907999988 15.121819469800011 5.994454850600000 0.000057203159322 -0.001520730457914 -0.001624896814440
92 8 21.429395566900006 12.372264326600002 5.994440303000000 0.001359452013060 0.001586492447401 -0.001168687424815
108 8 21.429393533100004 14.205296485600002 3.402136381700000 0.001757892769853 -0.000538521205224 0.001572340898491
124 8 19.180698912699995 13.670555930200003 4.968234320200000 0.000077911196385 0.002069845939105 0.001460563997695
148 8 21.429391484400018 12.372258443900009 1.296153622799999 0.002030088845194 0.001828641570263 -0.001457639127208
60 7 24.934923971800007 14.396182340700005 5.481345370700000 -0.000842101944234 -0.000980493352580 0.000921609758211
68 8 24.604313256200001 12.372276697200000 5.994451122499998 -0.001003288340446 0.001102869232635 -0.001085923275093
84 8 24.604302760000003 14.205300304100005 3.402138567200000 -0.000871350003262 -0.000076329788798 0.001173995061679
29 1 9.590346111300004 5.537003285800003 8.613538384300000 -0.000284062652541 -0.000285688829386 -0.000679252956844
157 8 11.508430567900000 4.047833987800002 7.560555002900000 0.000209526427905 -0.001775930075894 -0.001349359031933
165 8 7.672298157300002 4.429594165800001 7.830487589900000 -0.000143245263462 0.000110875687840 -0.000092037943919
173 8 9.259725682700003 5.346106031900003 11.232641519100001 -0.001120201741155 -0.000255012853356 0.001408257869679
13 1 13.426498927400001 5.536998376400002 8.613533801700001 0.000144291854357 -0.000412786477522 -0.000449726556289
30 1 17.262629481500003 5.537003285800003 8.613538384300000 0.000396362980574 0.000026044277553 0.000080338019033
117 8 13.757107442800002 5.346108186800002 11.232628962800000 0.001702695981740 0.000751138644826 0.001868401775032
166 8 15.344581527500001 4.429594165800001 7.830487589900000 -0.000307350103123 0.000333490965185 -0.000228895110148
174 8 16.932009052900007 5.346106031900003 11.232641519100001 -0.003052107442269 0.000162862638406 0.001713453369488
14 1 21.098782297600003 5.536998376400002 8.613533801700001 -0.000067468824764 0.000139540569106 0.000013616842639
118 8 21.429390813000005 5.346108186800002 11.232628962800000 0.002221547742759 -0.000073832482548 0.001369297507170
158 8 19.180713938100002 4.047833987800002 7.560555002900000 -0.000102958438234 -0.001548299789082 -0.003431197502965
5 1 11.508418611100007 6.644402959900002 11.745737660500000 -0.001805563155037 -0.002819780291043 -0.002860854644088
21 1 11.508416103199998 8.859196511800004 8.613540438400001 0.000052690776162 0.000270441167705 -0.001787396131690
125 8 11.508415542500003 9.240961061100004 11.232627459799998 0.001035148962254 0.001088566751281 0.005290090059298
133 8 11.508426393700002 6.644398071300002 9.396583635799999 0.000297343011262 0.000213207723304 0.001381453373953
141 8 9.259738667500002 7.942686862000003 7.560553499600000 -0.001433252391739 0.001004381721237 -0.000584645213644
167 8 11.508439842400001 11.073986469400005 7.830487589900000 -0.000462454627362 -0.000286703779442 -0.000164545385681
37 7 13.426485478099996 9.966594381700006 11.745734611600000 0.009190843789900 0.015107902203702 0.000797021788058
45 7 15.344568302600001 6.644396246400003 11.745727975299999 0.005093677708521 -0.002348393912823 -0.001768906961038
53 7 15.344568726799995 8.859188158300002 8.613540254699998 0.000550514455833 0.001393399078395 -0.000023921388950
61 7 17.262640601600001 9.966587471600000 11.745738510299995 -0.004784527881015 0.003564602569003 0.001983299293759
69 8 16.932029886000002 7.942681828100003 12.258844262099997 -0.002986483090597 -0.001158191113415 -0.001350795967955
77 8 15.344574537800005 10.692224600700005 12.258847990200001 0.009812068760385 -0.004656423996178 -0.011872205870208
85 8 16.932019389799990 9.775705435000003 9.666531706799999 -0.001663234889715 -0.001493337566419 0.000311575728319
93 8 13.757112196700007 7.942669457500004 12.258833442600000 -0.005289498776613 0.008286439403187 0.009377613976518
101 8 15.344565511000003 7.026158843900003 9.666525792999996 -0.000349240993675 0.001377829403742 0.002587940550147
109 8 13.757110162900005 9.775701616500001 9.666529521300001 0.001711816957668 -0.000944477287020 0.001298453392761
142 8 16.932022037700005 7.942686862000003 7.560553499600000 -0.001798769331454 0.000461662799028 -0.001604490248864
149 8 13.757108114200001 7.942663574800001 7.560546762400000 0.001702677332245 0.000750040313859 -0.001187119555198
159 8 15.344572253000006 10.692226291400004 7.560555002900000 -0.000016546094339 -0.002039049044451 -0.001819107642649
6 1 19.180701981300004 6.644402959900002 11.745737660500000 0.000151825591958 0.000050075829960 -0.000077291339697
22 1 19.180699473400011 8.859196511800004 8.613540438400001 0.000002690911928 0.000180767591020 -0.000175884188208
38 7 21.098768848300008 9.966594381700006 11.745734611600000 -0.001114015603043 0.000008719238582 -0.000147542686088
46 7 23.016851672800001 6.644396246400003 11.745727975299999 -0.001429183665327 -0.000727777388145 -0.000302609199350
54 7 23.016852096999990 8.859188158300002 8.613540254699998 -0.000892044137721 -0.000037283941432 -0.001147586330730
78 8 23.016857907999999 10.692224600700005 12.258847990200001 0.000916630555794 -0.002252888324845 -0.001234162209976
94 8 21.429395566900006 7.942669457500004 12.258833442600000 0.001990140705809 0.000908647656575 -0.001399252484470
102 8 23.016848881199998 7.026158843900003 9.666525792999996 0.000159401525295 0.001757313416226 0.001961649135250
110 8 21.429393533100001 9.775701616500001 9.666529521300001 0.001860415407372 -0.000851759123115 0.001734629033380
126 8 19.180698912700002 9.240961061100004 11.232627459799998 0.001719809533036 0.001183386330633 0.001006523819296
134 8 19.180709763900005 6.644398071300002 9.396583635799999 -0.000175563119458 -0.000210531529124 0.000045708342749
150 8 21.429391484400004 7.942663574800001 7.560546762400000 0.001963792009954 0.001031230848107 0.000320147729601
160 8 23.016855623200005 10.692226291400004 7.560555002900000 0.000152039251008 -0.001782210588563 -0.001071939009055
168 8 19.180723212599993 11.073986469400005 7.830487589900000 -0.000075123693039 0.000159118765492 -0.000025018803066
62 7 24.934923971800000 9.966587471600000 11.745738510299995 -0.003779994088615 0.002492378738751 -0.003019568127177
70 8 24.604313256200005 7.942681828100003 12.258844262099997 -0.000711258707412 0.000776336527228 -0.000813662028938
86 8 24.604302759999996 9.775705435000003 9.666531706799999 -0.000943598274142 -0.000980574249473 0.002504225937505
7 1 15.344560296200003 13.288795263500004 11.745737660500000 -0.001185247370877 -0.003204489221373 0.002779907628950
15 1 17.262640612500000 12.181390680000009 8.613533801700001 -0.000426548282862 -0.000127965613431 0.000952947913613
23 1 15.344557788300000 15.503588815399999 8.613540438400001 0.000106074522949 -0.000583858880690 0.000586674045112
31 1 13.426487796399995 12.181395589400003 8.613538384300000 0.000568445100124 0.000178375469668 0.001458911632884
39 7 17.262627163200005 16.610986685300006 11.745734611600000 -0.000794569114835 -0.001607160354202 -0.000034999828148
95 8 17.593253881800010 14.587061761100006 12.258833442600000 0.002097937701238 0.001930238704437 -0.001701812664601
111 8 17.593251848000001 16.420093920100001 9.666529521300001 0.001767067762214 -0.000543826471548 0.001557340619631
119 8 17.593249127900002 11.990500490400001 11.232628962800000 0.003171623981814 -0.000295519627534 0.000867437643383
127 8 15.344557227600006 15.885353364700006 11.232627459799998 0.000531570905914 0.002705035184869 0.001277351473230
135 8 15.344568078800005 13.288790374900007 9.396583635799999 0.000113511571440 0.000347292586959 -0.001200859700002
143 8 13.095880352600002 14.587079165600008 7.560553499600000 -0.001616832176054 0.001141873207008 -0.002677110286154
151 8 17.593249799300004 14.587055878400003 7.560546762400000 0.001769474507303 0.001081978383608 -0.001589665227858
175 8 13.095867367800004 11.990498335500007 11.232641519100001 -0.002936575261750 0.000229626928758 -0.003800373935710
8 1 23.016843666400000 13.288795263500004 11.745737660500000 0.000303425422148 0.000060676100078 -0.000096160089887
24 1 23.016841158500000 15.503588815399999 8.613540438400001 0.000072803414686 -0.000306810250175 0.000039448720271
32 1 21.098771166600002 12.181395589400003 8.613538384300000 -0.000028481517089 -0.000192729973646 -0.000102496863457
47 7 19.180709987699998 13.288788550000005 11.745727975299999 -0.001306608197999 -0.000666045249230 0.000684466900019
55 7 19.180710411900002 15.503580461900007 8.613540254699998 -0.000431504444333 -0.000170771244439 -0.000174541284866
63 7 21.098782286700004 16.610979775200004 11.745738510299995 -0.000095684275427 -0.001411416065864 -0.000297222724577
71 8 20.768171571100002 14.587074131700003 12.258844262099997 -0.000985200005578 0.001092575356374 -0.001115326889472
79 8 19.180716222899996 17.336616904300001 12.258847990200001 0.000127614143063 -0.000851420128240 -0.001158049576167
87 8 20.768161074900000 16.420097738599999 9.666531706799999 -0.001480961465225 -0.000434342338529 0.001587582459787
103 8 19.180707196099995 13.670551147500003 9.666525792999996 0.000227986484419 0.002031444036804 0.001050317080152
128 8 23.016840597800005 15.885353364700006 11.232627459799998 -0.000196077354990 0.002266397490175 0.001458972732075
136 8 23.016851449000004 13.288790374900007 9.396583635799999 -0.000034130583949 -0.000000206047846 0.000057972294411
144 8 20.768163722800004 14.587079165600008 7.560553499600000 -0.001536932919830 0.000970001544993 -0.001623869934811
176 8 20.768150737999996 11.990498335500007 11.232641519100001 -0.001065840164355 -0.001070649848781 0.001245519088963
16 1 24.934923982700003 12.181390680000009 8.613533801700001 -0.000004028492457 0.000201001422987 0.000138685120158
40 7 24.934910533400007 16.610986685300006 11.745734611600000 0.000920948390090 -0.001082340766911 0.000059790933587
48 7 26.852993357900004 13.288788550000005 11.745727975299999 0.003070678690563 -0.000842631508948 0.002493619551510
56 7 26.852993782099993 15.503580461900007 8.613540254699998 -0.000020247221964 -0.000456785226699 0.000959181866891
64 7 28.771065656899999 16.610979775200004 11.745738510299995 -0.000150036021366 -0.001188119639399 0.000504689137212
72 8 28.440454941300004 14.587074131700003 12.258844262099997 -0.002167206523862 0.002065368150846 -0.002161054137362
80 8 26.852999593099998 17.336616904300001 12.258847990200001 -0.000632164240422 -0.001597259465078 -0.001441402248811
88 8 28.440444445099999 16.420097738599999 9.666531706799999 -0.001697916305634 -0.000783636565978 0.000999655356847
96 8 25.265537252000023 14.587061761100006 12.258833442600000 0.000542487476123 0.002085689553093 -0.001615562394448
104 8 26.852990566300001 13.670551147500003 9.666525792999996 -0.000401238349568 0.002422243057138 0.000296882302000
112 8 25.265535218199997 16.420093920100001 9.666529521300001 0.001424439637154 -0.000582459841519 0.001372426553353
120 8 25.265532498100001 11.990500490400001 11.232628962800000 0.000764829521875 -0.002166650877831 0.001217177427928
152 8 25.265533169500006 14.587055878400003 7.560546762400000 0.001687935226731 0.001167440880436 -0.001905513308807
