ITEM: TIMESTEP
0
ITEM: NUMBER OF ATOMS
176
ITEM: BOX BOUNDS xy xz yz pp pp pp
0.0000000000000000e+00 3.0689133480799999e+01 7.6722833701999980e+00
0.0000000000000000e+00 1.7718379476200003e+01 7.6722833702000024e+00
0.0000000000000000e+00 1.2528786279200000e+01 4.4295948690000015e+00
ITEM: ATOMS id type x y z fx fy fz
25 1 5.754204426199998 3.322205851300000 2.349145244699999 0.002617755467795 0.002456736805691 0.002931583027122
137 8 5.423596982400004 5.727889427500000 1.296160360000000 -0.001617320115071 0.000794584985637 -0.002996775153297
161 8 3.836156472199998 2.214796731300001 1.566094450300000 -0.001017197785904 -0.000686075363208 -0.000541935981751
169 8 5.423583997600000 3.131308597400002 4.968248379499999 -0.003765958937668 -0.003971239797156 0.000682142916225
1 1 7.672276926000002 4.429605525400001 5.481344520900000 -0.007871440854628 0.005758804509628 -0.004647594917590
9 1 9.590357242299998 3.322200941900001 2.349140662099999 -0.003655891066683 0.000929122969587 0.001876724191847
41 7 11.508426617500000 4.429598811900002 5.481334835700000 -0.001215079190571 -0.003667748445863 -0.000290283530381
89 8 9.920970511600007 5.727872023000002 5.994440303000000 0.005137286614161 0.012965035039321 -0.002627093212708
97 8 11.508423825899998 4.811361409400002 3.402132653400000 0.000329122361614 0.003720154622240 0.001590728262996
113 8 9.920965757699999 3.131310752300001 4.968235823200000 0.005466438488960 -0.001018642075820 0.001223374208359
129 8 7.672284708600001 4.429600636800002 3.132190496199999 0.001615113492330 -0.004562015798877 -0.008195677971544
145 8 9.920966429100000 5.727866140300000 1.296153622799999 0.003265783125583 0.002370042453210 -0.000244598496145
153 8 7.672288882800000 1.833036553300000 1.296161863300000 0.000198421979768 -0.002484676361610 -0.002372591160143
162 8 11.508439842400000 2.214796731300001 1.566094450300000 0.000577508546551 -0.000084508294517 -0.000114837732023
2 1 15.344560296200001 4.429605525400001 5.481344520900000 0.001504956682558 -0.000271372768994 -0.000022508983412
10 1 17.262640612500000 3.322200941900001 2.349140662099999 0.000891192681924 0.000631977879194 0.000592535607686
26 1 13.426487796400002 3.322205851300000 2.349145244699999 0.000224371656380 -0.000393678806036 -0.000162972048124
65 8 13.095888200900001 5.727884393600002 5.994451122499998 -0.002187116132610 0.002220568237725 -0.001590001664519
90 8 17.593253881800006 5.727872023000002 5.994440303000000 -0.000728801459029 0.001785273914227 -0.001106776849544
114 8 17.593249127900009 3.131310752300001 4.968235823200000 -0.000396050747290 -0.002794600166349 0.000912987672430
130 8 15.344568078800005 4.429600636800002 3.132190496199999 -0.000561140490205 0.000154548884611 0.000084755976385
138 8 13.095880352600009 5.727889427500000 1.296160360000000 -0.002963601459878 0.001806801861157 -0.000483743245013
146 8 17.593249799300011 5.727866140300000 1.296153622799999 0.000853117523887 0.000720709734347 -0.002288496972063
154 8 15.344572252999999 1.833036553300000 1.296161863300000 -0.000113448934934 -0.002298853526299 -0.001475117103982
170 8 13.095867367800004 3.131308597400002 4.968248379499999 -0.001685499335332 -0.000539106955559 0.001375010145211
42 7 19.180709987699998 4.429598811900002 5.481334835700000 0.008370734203097 0.005136247277802 0.001791814235103
66 8 20.768171571100002 5.727884393600002 5.994451122499998 -0.021038507725936 -0.006454323036848 0.006635356584575
98 8 19.180707196099995 4.811361409400002 3.402132653400000 -0.001018633144056 0.001681719054115 0.000139763240910
3 1 11.508418611100000 11.073997829000001 5.481344520900000 0.003183403990038 0.004727471633755 0.000252036721306
17 1 7.672274418099999 6.644399077300000 2.349147298800000 -0.007890505746224 -0.010483761641277 0.004512138362476
27 1 9.590346111300001 9.966598154900002 2.349145244699999 -0.000089426130855 0.002495308201859 -0.005227824916791
33 7 9.590343793000001 7.751796947200008 5.481341472000000 -0.024496245176569 -0.019952500386727 -0.003110605623580
49 7 11.508427041700001 6.644390723800001 2.349147115100000 0.003741506263524 -0.004699908986717 -0.004808890301299
73 8 11.508432852700000 8.477427166200002 5.994454850600000 -0.020856700679513 -0.008706511227822 -0.006239380816442
105 8 9.920968477800001 7.560904182000002 3.402136381700000 -0.009140015260464 0.001852088021902 0.016502229013967
121 8 7.667273857399991 7.017503372562171 4.968234320200000 0.089730114110020 0.046468651853013 0.001167210504132
131 8 11.508426393700001 11.073992940400007 3.132190496199999 -0.001191162604981 -0.001591798827381 0.001276685270905
155 8 11.508430567899998 8.477428856900005 1.296161863300000 -0.000759131291994 -0.002152061361353 0.000380379222286
163 8 7.672298157300000 8.859189034900005 1.566094450300000 0.001278635937218 0.002094637503638 0.000983587588802
171 8 9.259725682700001 9.775700901000002 4.968248379499999 -0.003672795674563 -0.014031518594382 0.002764611474355
11 1 13.426498927399999 9.966593245500007 2.349140662099999 0.001425172479538 0.000524886078017 -0.001084583354609
18 1 15.344557788300000 6.644399077300000 2.349147298800000 0.001460304062961 -0.000356637233614 -0.000187257507301
28 1 17.262629481500003 9.966598154900002 2.349145244699999 0.000655594561979 -0.000631791488034 0.000084837764940
34 7 17.262627163200005 7.751796947200008 5.481341472000000 0.003527611286296 -0.000840924521294 0.000298085866707
43 7 15.344568302600003 11.073991115500002 5.481334835700000 0.001534636902294 0.001281402926093 0.000106629399800
57 7 13.426498916499998 7.751790037100004 5.481345370700000 0.008314664430604 -0.002826826408286 -0.001289255524108
81 8 13.095877704700001 7.560908000500002 3.402138567200000 -0.003050422648365 -0.000712841721162 0.002271190690950
99 8 15.344565510999997 11.455753713000002 3.402132653400000 -0.000313555815120 0.000706441562307 0.001368314299140
106 8 17.593251848000001 7.560904182000002 3.402136381700000 0.000274263031693 -0.000524493044901 0.001482032438018
115 8 13.757107442799997 9.775703055900001 4.968235823200000 -0.000365771744212 -0.002142994209027 0.002047251513422
122 8 15.344557227600001 7.026163626600007 4.968234320200000 -0.002795455552722 0.002383855288137 0.001551935955337
164 8 15.344581527500001 8.859189034900005 1.566094450300000 -0.000728985458641 0.000177117667796 0.000233831851950
172 8 16.932009052900014 9.775700901000002 4.968248379499999 -0.002297619154068 -0.000231708275721 0.001154132341871
4 1 19.180701981300000 11.073997829000001 5.481344520900000 -0.001303747895296 -0.000498763437742 0.000193865686019
12 1 21.098782297600000 9.966593245500007 2.349140662099999 -0.002116729835156 -0.001675358330096 -0.000912856033805
44 7 23.016851672799998 11.073991115500002 5.481334835700000 -0.005892403023851 0.007744125589027 0.002202202580446
50 7 19.180710411899998 6.644390723800001 2.349147115100000 0.003451347534507 0.000161092324043 0.002777789708016
58 7 21.098782286699997 7.751790037100004 5.481345370700000 -0.005339047790090 -0.017174208814555 -0.001462734584179
74 8 19.180716222899989 8.477427166200002 5.994454850600000 -0.006407116949808 -0.000003063803302 -0.000074196720561
82 8 20.768161074900000 7.560908000500002 3.402138567200000 -0.006392646493517 0.004214530574833 -0.004555530134875
100 8 23.016848881199998 11.455753713000002 3.402132653400000 0.001134045743125 0.000489462221226 0.003078974684147
116 8 21.429390813000008 9.775703055900001 4.968235823200000 0.006773103388322 0.000202946117293 0.001114582561189
132 8 19.180709763900005 11.073992940400007 3.132190496199999 0.000448898770890 -0.000045879454525 0.000225713556227
156 8 19.180713938099998 8.477428856900005 1.296161863300000 -0.000466508046919 -0.000871445166497 -0.002637281298414
19 1 11.508416103199997 13.288791380900006 2.349147298800000 0.000807703537706 0.001745273389123 -0.000399201221279
123 8 11.508415542500002 13.670555930200003 4.968234320200000 -0.000975344859689 0.000196344947098 0.001449747788902
139 8 9.259738667499999 12.372281731100001 1.296160360000000 -0.001560985392151 0.000251677442317 -0.000984981341791
35 7 13.426485478100000 14.396189250800001 5.481341472000000 0.002211439329594 0.004569413981760 -0.000170443791327
51 7 15.344568726800000 13.288783027399999 2.349147115100000 -0.000112187992157 0.001576031117557 0.000594705174399
59 7 17.262640601600001 14.396182340700005 5.481345370700000 -0.002412272336450 0.002525704477239 0.000033085068623
67 8 16.932029885999999 12.372276697200000 5.994451122499998 -0.001517672027818 -0.000219321229395 -0.001071705037121
75 8 15.344574537799998 15.121819469800011 5.994454850600000 -0.000045827707519 -0.007469989701027 -0.000695403974837
83 8 16.932019389799994 14.205300304100005 3.402138567200000 -0.001337074809562 -0.001301033505878 0.001222435559063
91 8 13.757112196700003 12.372264326600002 5.994440303000000 0.000618080249029 -0.000959716462274 -0.001099309415324
107 8 13.757110162900000 14.205296485600002 3.402136381700000 0.001425037989914 -0.001781610443534 0.001237740813347
140 8 16.932022037700008 12.372281731100001 1.296160360000000 -0.001401982927974 0.000504167012088 -0.001757956110053
147 8 13.757108114200003 12.372258443900009 1.296153622799999 0.001338760567581 0.000371893976854 -0.001387122830140
20 1 19.180699473400008 13.288791380900006 2.349147298800000 -0.000486132380656 0.000296244647443 0.000004740446907
36 7 21.098768848300001 14.396189250800001 5.481341472000000 -0.000335245296657 0.000952542073587 -0.000137975839571
52 7 23.016852096999997 13.288783027399999 2.349147115100000 -0.000434460546188 0.001858157385268 -0.000838829902865
76 8 23.016857907999988 15.121819469800011 5.994454850600000 -0.000468026553132 -0.002419440191168 -0.001429213585675
92 8 21.429395566900006 12.372264326600002 5.994440303000000 0.003088032379846 -0.000333131155403 -0.001584390287600
108 8 21.429393533100004 14.205296485600002 3.402136381700000 0.001903348478044 -0.001114764051316 0.001627878717955
124 8 19.180698912699995 13.670555930200003 4.968234320200000 0.001204396568922 0.001438784446424 0.001435793287463
148 8 21.429391484400018 12.372258443900009 1.296153622799999 0.002008270679587 0.000989643580847 -0.000961379187351
60 7 24.934923971800007 14.396182340700005 5.481345370700000 0.000705475385360 0.003225521171794 -0.000250300637888
68 8 24.604313256200001 12.372276697200000 5.994451122499998 -0.002203959629891 -0.002113774035053 -0.001866725810101
84 8 24.604302760000003 14.205300304100005 3.402138567200000 -0.001950790388881 -0.001588815580461 0.001467554696059
29 1 9.590346111300004 5.537003285800003 8.613538384300000 -0.002180001031924 -0.003790140561821 0.000293838698680
157 8 11.508430567900000 4.047833987800002 7.560555002900000 0.000178184720200 -0.001074060029862 -0.001908747994029
165 8 7.672298157300002 4.429594165800001 7.830487589900000 0.001284005266493 -0.000290391431427 0.006648840971478
173 8 9.259725682700003 5.346106031900003 11.232641519100001 -0.001573717703703 -0.000831319318130 0.001379281416154
13 1 13.426498927400001 5.536998376400002 8.613533801700001 0.000629923399874 -0.000936709771518 0.000592725607443
30 1 17.262629481500003 5.537003285800003 8.613538384300000 0.001457176640832 -0.000195746448272 -0.000928453583012
117 8 13.757107442800002 5.346108186800002 11.232628962800000 0.001568927920809 -0.000915476172011 0.001025380037547
166 8 15.344581527500001 4.429594165800001 7.830487589900000 -0.000732370358134 0.000191661933820 0.000023901633692
174 8 16.932009052900007 5.346106031900003 11.232641519100001 -0.001589802662594 -0.001038140569088 0.001305268776650
14 1 21.098782297600003 5.536998376400002 8.613533801700001 -0.000027720756384 -0.001132525446099 -0.005065327178039
118 8 21.429390813000005 5.346108186800002 11.232628962800000 0.002067653520499 -0.000745719377736 0.002037344561698
158 8 19.180713938100002 4.047833987800002 7.560555002900000 -0.001412815721534 -0.003499595377568 0.000316531454936
5 1 11.508418611100007 6.644402959900002 11.745737660500000 0.000485979875165 -0.000087971967085 0.001051078938643
21 1 11.508416103199998 8.859196511800004 8.613540438400001 0.001954398923092 0.000754477816817 0.004038630630974
125 8 11.508415542500003 9.240961061100004 11.232627459799998 -0.000206082799970 0.001773604331429 0.000450765070533
133 8 11.508426393700002 6.644398071300002 9.396583635799999 -0.000215336085957 0.001016200221494 -0.000993464860997
141 8 9.259738667500002 7.942686862000003 7.560553499600000 -0.000813860143245 0.000797353644859 -0.012360344930377
167 8 11.508439842400001 11.073986469400005 7.830487589900000 -0.000492815694419 -0.001088421950775 -0.001138497819165
37 7 13.426485478099996 9.966594381700006 11.745734611600000 0.000660166877428 0.000158227745991 0.002280652361347
45 7 15.344568302600001 6.644396246400003 11.745727975299999 -0.000152739580865 0.000245249469814 0.001051363552108
53 7 15.344568726799995 8.859188158300002 8.613540254699998 0.001575899569315 0.000056095816701 0.000627267225993
61 7 17.262640601600001 9.966587471600000 11.745738510299995 -0.000856898878806 -0.000164163182210 0.000057406626560
69 8 16.932029886000002 7.942681828100003 12.258844262099997 -0.001593814806808 0.001066807270149 -0.001626096970816
77 8 15.344574537800005 10.692224600700005 12.258847990200001 -0.000047574568837 -0.002090510441483 -0.002460103742127
85 8 16.932019389799990 9.775705435000003 9.666531706799999 -0.001598398250893 -0.000621816795751 0.001467080375637
93 8 13.757112196700007 7.942669457500004 12.258833442600000 0.001550929496774 0.001162758028822 -0.002040336880904
101 8 15.344565511000003 7.026158843900003 9.666525792999996 -0.000299205593205 0.001460574548749 0.000850097187490
109 8 13.757110162900005 9.775701616500001 9.666529521300001 0.000823573512607 -0.001012705237866 0.000570894919756
142 8 16.932022037700005 7.942686862000003 7.560553499600000 -0.002428971818637 0.001033649901142 -0.001048911387287
149 8 13.757108114200001 7.942663574800001 7.560546762400000 -0.000280168791929 0.001330158037019 -0.002987792418793
159 8 15.344572253000006 10.692226291400004 7.560555002900000 -0.000408606183011 -0.002085777838617 -0.001716271635477
6 1 19.180701981300004 6.644402959900002 11.745737660500000 -0.000082313810752 -0.000189176656925 -0.000452591786866
22 1 19.180699473400011 8.859196511800004 8.613540438400001 -0.000148710542210 -0.001046796730543 -0.000869600074832
38 7 21.098768848300008 9.966594381700006 11.745734611600000 0.000249517609228 -0.000361336035209 -0.000021926736106
46 7 23.016851672800001 6.644396246400003 11.745727975299999 -0.000476229065944 -0.000256153525193 0.000545845746663
54 7 23.016852096999990 8.859188158300002 8.613540254699998 -0.005876167114336 0.000620305660275 0.004448624362049
78 8 23.016857907999999 10.692224600700005 12.258847990200001 -0.000465198497113 -0.001933805470051 -0.001593399642705
94 8 21.429395566900006 7.942669457500004 12.258833442600000 0.001652242927323 0.001283046205550 -0.001321909281477
102 8 23.016848881199998 7.026158843900003 9.666525792999996 0.001140519839915 0.003275793157075 0.001162396536720
110 8 21.429393533100001 9.775701616500001 9.666529521300001 0.002513650087773 -0.000777171336257 0.001289138499627
126 8 19.180698912700002 9.240961061100004 11.232627459799998 0.000433973450900 0.002173859283782 0.001624976062892
134 8 19.180709763900005 6.644398071300002 9.396583635799999 -0.000533445638562 0.000541924464846 0.000819318372383
150 8 21.429391484400004 7.942663574800001 7.560546762400000 0.003850745619172 0.004109921859411 0.001810394063710
160 8 23.016855623200005 10.692226291400004 7.560555002900000 0.000813210191546 -0.002232794856239 -0.002976668769640
168 8 19.180723212599993 11.073986469400005 7.830487589900000 0.000076134467361 0.000752970378400 0.000159976221462
62 7 24.934923971800000 9.966587471600000 11.745738510299995 0.000117392976629 0.000456911467435 0.001919497677644
70 8 24.604313256200005 7.942681828100003 12.258844262099997 -0.001826730508674 0.000737779618898 -0.001760592190901
86 8 24.604302759999996 9.775705435000003 9.666531706799999 -0.001491398563357 -0.001514595202210 -0.000088186342464
7 1 15.344560296200003 13.288795263500004 11.745737660500000 -0.000295252762964 -0.000495226011949 -0.000602141593832
15 1 17.262640612500000 12.181390680000009 8.613533801700001 -0.000490642361517 0.000097469613578 -0.000384835474900
23 1 15.344557788300000 15.503588815399999 8.613540438400001 -0.000340287489544 0.001463865362403 -0.002090900133766
31 1 13.426487796399995 12.181395589400003 8.613538384300000 0.001180555054045 0.001115403719795 0.000298803299075
39 7 17.262627163200005 16.610986685300006 11.745734611600000 -0.000040395623350 0.000368394842442 -0.000813255795506
95 8 17.593253881800010 14.587061761100006 12.258833442600000 0.001635626995758 0.001019490240233 -0.000338370082017
111 8 17.593251848000001 16.420093920100001 9.666529521300001 0.001939728612308 -0.000472456776726 0.002117639962076
119 8 17.593249127900002 11.990500490400001 11.232628962800000 0.002089391342670 -0.000675291874172 0.001465079204405
127 8 15.344557227600006 15.885353364700006 11.232627459799998 0.000355723707524 0.001852129845710 0.001981709925743
135 8 15.344568078800005 13.288790374900007 9.396583635799999 -0.000029317029679 -0.000824570505337 0.000576189816174
143 8 13.095880352600002 14.587079165600008 7.560553499600000 -0.002063236706385 0.000096384800754 -0.001094460073602
151 8 17.593249799300004 14.587055878400003 7.560546762400000 0.002396716433127 0.000680689743983 -0.000965323848869
175 8 13.095867367800004 11.990498335500007 11.232641519100001 -0.001710760696852 -0.000815457696311 0.000996747009187
8 1 23.016843666400000 13.288795263500004 11.745737660500000 0.000339795220076 -0.000028265593272 -0.000004271561821
24 1 23.016841158500000 15.503588815399999 8.613540438400001 0.000302547687694 0.000271663794208 -0.000096918978545
32 1 21.098771166600002 12.181395589400003 8.613538384300000 -0.000444726593050 0.000157240511102 0.000276125984466
47 7 19.180709987699998 13.288788550000005 11.745727975299999 -0.000155870386373 -0.000003402465553 -0.001434871477804
55 7 19.180710411900002 15.503580461900007 8.613540254699998 -0.000879685748927 -0.000298010607182 -0.000254066361835
63 7 21.098782286700004 16.610979775200004 11.745738510299995 0.000210399017766 0.000794890929374 0.000145300783497
71 8 20.768171571100002 14.587074131700003 12.258844262099997 -0.001915051061249 0.000504623843260 -0.000843169431954
79 8 19.180716222899996 17.336616904300001 12.258847990200001 -0.000458088297270 -0.002101467105180 -0.001330764188720
87 8 20.768161074900000 16.420097738599999 9.666531706799999 -0.001441158330637 -0.000590911296040 0.001481235991561
103 8 19.180707196099995 13.670551147500003 9.666525792999996 0.000273821956265 0.000601503138738 0.001195467766985
128 8 23.016840597800005 15.885353364700006 11.232627459799998 0.000164207239035 0.001751776324470 0.001411686875969
136 8 23.016851449000004 13.288790374900007 9.396583635799999 0.000090963528690 -0.000604336943236 -0.000309320431992
144 8 20.768163722800004 14.587079165600008 7.560553499600000 -0.001336624058031 0.000444819303306 -0.001809731184705
176 8 20.768150737999996 11.990498335500007 11.232641519100001 -0.001744091412150 -0.000929372592395 0.001391471261050
16 1 24.934923982700003 12.181390680000009 8.613533801700001 -0.000155276877340 0.001456647645096 0.001214772539737
40 7 24.934910533400007 16.610986685300006 11.745734611600000 0.000272515068846 0.000268056919341 -0.000052853050386
48 7 26.852993357900004 13.288788550000005 11.745727975299999 0.000161778320511 -0.000162311745479 0.000778779166267
56 7 26.852993782099993 15.503580461900007 8.613540254699998 0.000967396159982 0.001711807187142 -0.001142953648363
64 7 28.771065656899999 16.610979775200004 11.745738510299995 -0.000334171063614 0.000316672617662 -0.001030057191298
72 8 28.440454941300004 14.587074131700003 12.258844262099997 -0.001602796282729 0.000766878823215 -0.001118211535914
80 8 26.852999593099998 17.336616904300001 12.258847990200001 -0.000207322118607 -0.001994213175555 -0.001253872655001
88 8 28.440444445099999 16.420097738599999 9.666531706799999 -0.001770237521866 -0.001161758337059 0.002352844384376
96 8 25.265537252000023 14.587061761100006 12.258833442600000 0.001416717815285 0.001130983806188 -0.001284529301892
104 8 26.852990566300001 13.670551147500003 9.666525792999996 -0.000232330337803 0.000652652404049 0.001200474591413
112 8 25.265535218199997 16.420093920100001 9.666529521300001 0.001064805545293 -0.000909766149022 0.002012968408870
120 8 25.265532498100001 11.990500490400001 11.232628962800000 0.001655025390903 -0.001044638713032 0.000899520472587
152 8 25.265533169500006 14.587055878400003 7.560546762400000 0.001204488661267 0.000026792285139 -0.001585598672016
