ITEM: TIMESTEP
0
ITEM: NUMBER OF ATOMS
176
ITEM: BOX BOUNDS xy xz yz pp pp pp
0.0000000000000000e+00 3.0689133480799999e+01 7.6722833701999980e+00
0.0000000000000000e+00 1.7718379476200003e+01 7.6722833702000024e+00
0.0000000000000000e+00 1.2528786279200000e+01 4.4295948690000015e+00
ITEM: ATOMS id type x y z fx fy fz
25 1 5.754204426199998 3.322205851300000 2.349145244699999 0.003577363821792 0.003010571389699 -0.000202160237692
137 8 5.423596982400004 5.727889427500000 1.296160360000000 -0.005336591210722 0.000100455629959 -0.001678938258891
161 8 3.836156472199998 2.214796731300001 1.566094450300000 -0.001220811427321 -0.000558562969195 -0.000223512767718
169 8 5.423583997600000 3.131308597400002 4.968248379499999 -0.002092876645754 -0.001401040811036 0.002048089672549
1 1 7.672276926000002 4.429605525400001 5.481344520900000 -0.000850227132694 0.000451494503501 -0.004000510591184
9 1 9.590357242299998 3.322200941900001 2.349140662099999 -0.013129061098604 0.003738913637698 -0.003059644534875
41 7 11.508426617500000 4.429598811900002 5.481334835700000 -0.002482955889430 -0.002582536482585 0.007281809202283
89 8 9.920970511600007 5.727872023000002 5.994440303000000 0.003440862462077 0.000859337591683 -0.002062349940785
97 8 11.508423825899998 4.811361409400002 3.402132653400000 -0.002943472385201 0.012282234674373 -0.013465557515946
113 8 9.920965757699999 3.131310752300001 4.968235823200000 0.003784737194629 0.000478736467038 0.001590302858981
129 8 7.672284708600001 4.429600636800002 3.132190496199999 -0.003123056495023 -0.006609981428369 0.006306394727293
145 8 9.910966429100002 5.727866140300000 1.296153622799999 0.085119309007495 0.019157113499438 0.050777933819935
153 8 7.672288882800000 1.833036553300000 1.296161863300000 -0.000034606748719 -0.003145786535723 -0.001191693567536
162 8 11.508439842400000 2.214796731300001 1.566094450300000 0.002335188015044 0.001079089691780 -0.000168280158958
2 1 15.344560296200001 4.429605525400001 5.481344520900000 0.001340235715726 -0.000806296184724 0.001325897109031
10 1 17.262640612500000 3.322200941900001 2.349140662099999 0.001810917035496 -0.000418703989880 -0.000085298032057
26 1 13.426487796400002 3.322205851300000 2.349145244699999 0.002257250921041 -0.005470202744105 0.000289016403435
65 8 13.095888200900001 5.727884393600002 5.994451122499998 -0.002270748177174 0.001007766232601 -0.002990336835632
90 8 17.593253881800006 5.727872023000002 5.994440303000000 0.000509732734338 0.000966352157915 -0.001092331340291
114 8 17.593249127900009 3.131310752300001 4.968235823200000 0.001090809330928 -0.000821765215745 0.001339642279915
130 8 15.344568078800005 4.429600636800002 3.132190496199999 -0.001953732240855 0.001015476646943 -0.000542710126412
138 8 13.095880352600009 5.727889427500000 1.296160360000000 -0.014002169954675 0.003767324655078 0.002445048454779
146 8 17.593249799300011 5.727866140300000 1.296153622799999 -0.000305336053590 0.000951260452418 -0.001562847435185
154 8 15.344572252999999 1.833036553300000 1.296161863300000 -0.000476639805871 -0.001142291212465 -0.001560352989032
170 8 13.095867367800004 3.131308597400002 4.968248379499999 -0.002283601474842 0.000862651915644 0.000191825751214
42 7 19.180709987699998 4.429598811900002 5.481334835700000 0.001025204554883 0.000353647570743 -0.000624354461649
66 8 20.768171571100002 5.727884393600002 5.994451122499998 -0.001923455114332 0.000611639386234 -0.000964561278635
98 8 19.180707196099995 4.811361409400002 3.402132653400000 -0.000807350472472 0.001546090682102 0.001962193193464
3 1 11.508418611100000 11.073997829000001 5.481344520900000 -0.000323185001890 0.000789124045912 0.000806448556984
17 1 7.672274418099999 6.644399077300000 2.349147298800000 0.001151677442791 -0.007660275107146 -0.007801504546508
27 1 9.590346111300001 9.966598154900002 2.349145244699999 -0.004231433017930 0.000179836687261 -0.000295473462427
33 7 9.590343793000001 7.751796947200008 5.481341472000000 -0.003438517911428 -0.000264668277652 0.001026415956467
49 7 11.508427041700001 6.644390723800001 2.349147115100000 -0.029697786738729 -0.006548356957775 -0.009840600547733
73 8 11.508432852700000 8.477427166200002 5.994454850600000 0.000842361166447 -0.002460483676657 -0.002453330407688
105 8 9.920968477800001 7.560904182000002 3.402136381700000 0.013649804674377 -0.003045196747626 -0.000722147334189
121 8 7.672273857400003 7.026163626600007 4.968234320200000 0.001840272973740 0.002820200645759 0.004549174025311
131 8 11.508426393700001 11.073992940400007 3.132190496199999 0.000792796518326 -0.001277829326890 -0.000218667145639
155 8 11.508430567899998 8.477428856900005 1.296161863300000 0.000369420442413 -0.011742539578498 0.002584167691603
163 8 7.672298157300000 8.859189034900005 1.566094450300000 0.000272489598418 0.006819190711834 -0.000928027105798
171 8 9.259725682700001 9.775700901000002 4.968248379499999 -0.000881377899660 -0.001204669474841 0.001211956074828
11 1 13.426498927399999 9.966593245500007 2.349140662099999 0.001526211163937 0.004261481156108 -0.000161229563104
18 1 15.344557788300000 6.644399077300000 2.349147298800000 0.005785369867095 0.000322407609078 0.000077770078651
28 1 17.262629481500003 9.966598154900002 2.349145244699999 0.001697107944328 0.000337033228755 0.000134248369128
34 7 17.262627163200005 7.751796947200008 5.481341472000000 0.002222401456086 0.000078515218484 0.000806155654233
43 7 15.344568302600003 11.073991115500002 5.481334835700000 0.000553019443687 0.001124957798642 0.001459556049608
57 7 13.426498916499998 7.751790037100004 5.481345370700000 0.001466131710808 0.001910481726356 0.008786456048979
81 8 13.095877704700001 7.560908000500002 3.402138567200000 -0.017774392934136 -0.010295245317392 -0.010562970674298
99 8 15.344565510999997 11.455753713000002 3.402132653400000 -0.000442193154371 0.000615585263592 0.001330942275245
106 8 17.593251848000001 7.560904182000002 3.402136381700000 -0.000669186803588 -0.000588370802425 0.001643083252775
115 8 13.757107442799997 9.775703055900001 4.968235823200000 0.001111212580200 -0.002957950365857 0.000099627451535
122 8 15.344557227600001 7.026163626600007 4.968234320200000 -0.002049594612415 0.002100741898003 0.000042624904078
164 8 15.344581527500001 8.859189034900005 1.566094450300000 -0.001307050639484 -0.000902557559616 0.000593173938895
172 8 16.932009052900014 9.775700901000002 4.968248379499999 -0.002050963634543 -0.001023978964305 0.001145650964052
4 1 19.180701981300000 11.073997829000001 5.481344520900000 0.000012164500271 -0.000628380102910 -0.000270149181928
12 1 21.098782297600000 9.966593245500007 2.349140662099999 0.000993175146728 -0.002298127391498 -0.000326072127127
44 7 23.016851672799998 11.073991115500002 5.481334835700000 -0.000981511997680 -0.000355803221022 -0.000084656892769
50 7 19.180710411899998 6.644390723800001 2.349147115100000 0.004891031765400 -0.000154627686921 -0.000574698181048
58 7 21.098782286699997 7.751790037100004 5.481345370700000 0.000738112512431 -0.000831479882116 -0.002935900415099
74 8 19.180716222899989 8.477427166200002 5.994454850600000 -0.000935946634365 -0.001371949076046 -0.000929345387702
82 8 20.768161074900000 7.560908000500002 3.402138567200000 -0.006297669184650 0.000733216332210 0.003998185448657
100 8 23.016848881199998 11.455753713000002 3.402132653400000 0.000583754014016 0.002306028527584 0.001471987257679
116 8 21.429390813000008 9.775703055900001 4.968235823200000 0.001887209045297 -0.000170169458615 0.001917281267114
132 8 19.180709763900005 11.073992940400007 3.132190496199999 -0.000708341827967 0.000562575418104 0.000277760597239
156 8 19.180713938099998 8.477428856900005 1.296161863300000 -0.000862248259749 -0.001364624306906 -0.001860724623257
19 1 11.508416103199997 13.288791380900006 2.349147298800000 0.000266271561806 0.001099632323313 -0.000120963652950
123 8 11.508415542500002 13.670555930200003 4.968234320200000 -0.000019146770004 0.001491215083799 0.001384284925884
139 8 9.259738667499999 12.372281731100001 1.296160360000000 -0.001521204937451 0.000867289085080 -0.001601531704185
35 7 13.426485478100000 14.396189250800001 5.481341472000000 0.000481350190451 0.000654791641916 -0.000398018648686
51 7 15.344568726800000 13.288783027399999 2.349147115100000 0.000295187258319 0.002443695876776 -0.000578874741723
59 7 17.262640601600001 14.396182340700005 5.481345370700000 -0.000813706315136 0.000088725387749 -0.000406066932109
67 8 16.932029885999999 12.372276697200000 5.994451122499998 -0.001465916584326 0.000653641614843 -0.001579655607144
75 8 15.344574537799998 15.121819469800011 5.994454850600000 0.000139842003897 -0.002130943411076 -0.001413003481778
83 8 16.932019389799994 14.205300304100005 3.402138567200000 -0.001639684206596 -0.001827596757232 0.002049064150314
91 8 13.757112196700003 12.372264326600002 5.994440303000000 0.001169830118736 0.000356275103558 -0.001263328402126
107 8 13.757110162900000 14.205296485600002 3.402136381700000 0.001635387046982 -0.001560039082705 0.001717824712450
140 8 16.932022037700008 12.372281731100001 1.296160360000000 -0.001575977087734 0.000464397189970 -0.001593402030250
147 8 13.757108114200003 12.372258443900009 1.296153622799999 0.001445251610932 -0.000031429118606 -0.001345283691970
20 1 19.180699473400008 13.288791380900006 2.349147298800000 -0.000477050593564 -0.000616697220441 -0.000015784817013
36 7 21.098768848300001 14.396189250800001 5.481341472000000 0.000264456174604 -0.001648580759369 0.000545320544998
52 7 23.016852096999997 13.288783027399999 2.349147115100000 0.000126950614121 -0.000710562401848 -0.000218646378919
76 8 23.016857907999988 15.121819469800011 5.994454850600000 -0.000507701311570 -0.001391872984523 -0.001671247496169
92 8 21.429395566900006 12.372264326600002 5.994440303000000 0.000712438971159 0.000990412591132 -0.000505553158250
108 8 21.429393533100004 14.205296485600002 3.402136381700000 0.001553651663248 0.000092902976853 0.001287264962679
124 8 19.180698912699995 13.670555930200003 4.968234320200000 0.000449112700186 0.002015978680483 0.001549470975431
148 8 21.429391484400018 12.372258443900009 1.296153622799999 0.001794154745270 0.001561090840524 -0.001433921964074
60 7 24.934923971800007 14.396182340700005 5.481345370700000 0.000550520896049 0.000319861426785 -0.000016029840277
68 8 24.604313256200001 12.372276697200000 5.994451122499998 -0.001360541458283 0.000707217981034 -0.001470558039701
84 8 24.604302760000003 14.205300304100005 3.402138567200000 -0.001854421790086 -0.000879532437466 0.001342588423857
29 1 9.590346111300004 5.537003285800003 8.613538384300000 -0.000087873220072 -0.000122840942412 0.000218851424732
157 8 11.508430567900000 4.047833987800002 7.560555002900000 0.000168843184450 -0.001333830027197 -0.003605721676422
165 8 7.672298157300002 4.429594165800001 7.830487589900000 0.000097513946002 0.000204202246465 0.000652647520696
173 8 9.259725682700003 5.346106031900003 11.232641519100001 -0.002087913595063 -0.000675847093906 0.001406693028046
13 1 13.426498927400001 5.536998376400002 8.613533801700001 0.000316898059008 0.000319817807527 0.001367748284929
30 1 17.262629481500003 5.537003285800003 8.613538384300000 -0.000078470205804 0.000274936214869 0.000600558898963
117 8 13.757107442800002 5.346108186800002 11.232628962800000 0.001150084958867 -0.001869888684474 0.001079150954108
166 8 15.344581527500001 4.429594165800001 7.830487589900000 -0.000329178839586 0.000112196679318 -0.000653690439254
174 8 16.932009052900007 5.346106031900003 11.232641519100001 -0.001028302260003 -0.002111365644723 0.000832954933773
14 1 21.098782297600003 5.536998376400002 8.613533801700001 -0.000090906997892 -0.000169865921007 -0.000593285287537
118 8 21.429390813000005 5.346108186800002 11.232628962800000 0.001960550815233 -0.000330037252852 0.001453186913383
158 8 19.180713938100002 4.047833987800002 7.560555002900000 -0.000178461254337 -0.001867256239385 -0.001291885696228
5 1 11.508418611100007 6.644402959900002 11.745737660500000 0.001165955965371 0.000602923384538 0.000280340388773
21 1 11.508416103199998 8.859196511800004 8.613540438400001 0.000616931593981 0.000412167314083 0.001155333322972
125 8 11.508415542500003 9.240961061100004 11.232627459799998 -0.002629040146134 0.001131210663066 0.000703161751805
133 8 11.508426393700002 6.644398071300002 9.396583635799999 -0.000126301753864 -0.000217473059458 -0.000454233902699
141 8 9.259738667500002 7.942686862000003 7.560553499600000 -0.001324029328243 0.000782289282600 -0.001829137121041
167 8 11.508439842400001 11.073986469400005 7.830487589900000 -0.000318260851139 -0.000089140389928 -0.000593331306935
37 7 13.426485478099996 9.966594381700006 11.745734611600000 0.008978829720694 0.002998084218447 0.004008859393703
45 7 15.344568302600001 6.644396246400003 11.745727975299999 0.001581615695841 0.003676276410114 0.002224494717271
53 7 15.344568726799995 8.859188158300002 8.613540254699998 0.000863577493492 0.001568772610607 0.002894229986370
61 7 17.262640601600001 9.966587471600000 11.745738510299995 -0.017786347818283 0.000196713158864 0.004460581653796
69 8 16.932029886000002 7.942681828100003 12.258844262099997 0.000325537989054 -0.007214617074710 -0.005766629305288
77 8 15.344574537800005 10.692224600700005 12.258847990200001 -0.016096188199714 0.001298394635633 -0.016497928042540
85 8 16.932019389799990 9.775705435000003 9.666531706799999 -0.003011599459602 -0.001761918533726 -0.004922647265209
93 8 13.757112196700007 7.942669457500004 12.258833442600000 0.001001646277229 -0.000557963690139 -0.001718205194218
101 8 15.344565511000003 7.026158843900003 9.666525792999996 -0.000294032962278 0.001234666892159 0.000348573284372
109 8 13.757110162900005 9.775701616500001 9.666529521300001 0.001034641895420 -0.001441733921448 -0.000748156241922
142 8 16.932022037700005 7.942686862000003 7.560553499600000 -0.001363854648826 0.000346114455577 -0.002400197912844
149 8 13.757108114200001 7.942663574800001 7.560546762400000 0.000679064542524 0.000157570316635 -0.004114216009923
159 8 15.344572253000006 10.692226291400004 7.560555002900000 -0.000233382379520 -0.001583487102566 -0.002616344199934
6 1 19.180701981300004 6.644402959900002 11.745737660500000 -0.002336192563941 -0.001300093762451 -0.000586176643927
22 1 19.180699473400011 8.859196511800004 8.613540438400001 -0.000984328229576 -0.000156749924410 -0.001102877449759
38 7 21.098768848300008 9.966594381700006 11.745734611600000 0.004105708911801 -0.001166905644895 -0.009002846292833
46 7 23.016851672800001 6.644396246400003 11.745727975299999 0.001108558752385 -0.001138056875863 -0.000542720816708
54 7 23.016852096999990 8.859188158300002 8.613540254699998 0.000485387454419 -0.000256344047032 -0.000959814538174
78 8 23.016857907999999 10.692224600700005 12.258847990200001 -0.002919650967058 -0.002003808842950 -0.000331647445282
94 8 21.429395566900006 7.942669457500004 12.258833442600000 0.001045459088624 0.003033206341492 -0.000378229021597
102 8 23.016848881199998 7.026158843900003 9.666525792999996 0.000009311360517 0.001940831883008 0.001908338773880
110 8 21.429393533100001 9.775701616500001 9.666529521300001 0.001108465085233 -0.000437114419091 0.003525989611883
126 8 19.180698912700002 9.240961061100004 11.232627459799998 0.003551518697414 0.002891222834619 0.005076478549315
134 8 19.180709763900005 6.644398071300002 9.396583635799999 0.000205122465815 0.000240394084871 0.000417963690368
150 8 21.429391484400004 7.942663574800001 7.560546762400000 0.001860486697601 0.001360258290715 -0.000364165506481
160 8 23.016855623200005 10.692226291400004 7.560555002900000 -0.000197184132790 -0.001887324622323 -0.001193254654805
168 8 19.180723212599993 11.073986469400005 7.830487589900000 0.000572068616391 0.000179011915259 -0.000243129927649
62 7 24.934923971800000 9.966587471600000 11.745738510299995 0.002903025274955 -0.000315287944323 -0.000625755918123
70 8 24.604313256200005 7.942681828100003 12.258844262099997 -0.002479556369508 0.000713522705863 -0.001411705683646
86 8 24.604302759999996 9.775705435000003 9.666531706799999 -0.002134751588053 -0.000922221341609 0.001517184476864
7 1 15.344560296200003 13.288795263500004 11.745737660500000 -0.000821569810811 -0.004702476837969 0.002247789244483
15 1 17.262640612500000 12.181390680000009 8.613533801700001 -0.001085303634582 -0.000672923544130 0.000606741538731
23 1 15.344557788300000 15.503588815399999 8.613540438400001 -0.000105519424689 -0.000465218883148 -0.000036043441699
31 1 13.426487796399995 12.181395589400003 8.613538384300000 0.000699940292001 -0.000521662131848 0.001387256068509
39 7 17.262627163200005 16.610986685300006 11.745734611600000 -0.000114604509442 0.000168303494737 -0.000257281632761
95 8 17.593253881800010 14.587061761100006 12.258833442600000 0.003461697343262 0.000763798024813 -0.001047579957046
111 8 17.593251848000001 16.420093920100001 9.666529521300001 0.001790217994718 -0.000873504944594 0.001504378203129
119 8 17.593249127900002 11.990500490400001 11.232628962800000 0.005583980847192 0.002294966985864 0.000562805079980
127 8 15.344557227600006 15.885353364700006 11.232627459799998 0.000377211527378 0.002560972901864 0.001374137187307
135 8 15.344568078800005 13.288790374900007 9.396583635799999 0.000223028454839 0.000418506696736 -0.000859043714821
143 8 13.095880352600002 14.587079165600008 7.560553499600000 -0.001708349675615 0.000827318967621 -0.001492510227590
151 8 17.593249799300004 14.587055878400003 7.560546762400000 0.002111915166668 0.001193695750150 -0.001402775971079
175 8 13.095867367800004 11.990498335500007 11.232641519100001 -0.003777482011984 0.000838388070956 0.000314598218524
8 1 23.016843666400000 13.288795263500004 11.745737660500000 0.001356884080942 0.000750015637976 -0.001170263884562
24 1 23.016841158500000 15.503588815399999 8.613540438400001 0.000244893176942 0.000052492875012 0.000083316040469
32 1 21.098771166600002 12.181395589400003 8.613538384300000 0.000054712619808 0.000006145909130 -0.000733545162775
47 7 19.180709987699998 13.288788550000005 11.745727975299999 -0.002684318124384 0.002482366465434 -0.006164651409190
55 7 19.180710411900002 15.503580461900007 8.613540254699998 -0.000360085877096 0.000240852583878 0.000098315249801
63 7 21.098782286700004 16.610979775200004 11.745738510299995 0.000211314350122 0.002022071889943 -0.000524058456580
71 8 20.768171571100002 14.587074131700003 12.258844262099997 -0.002185600197518 -0.000632999535201 -0.000553030542717
79 8 19.180716222899996 17.336616904300001 12.258847990200001 -0.000261579295007 -0.002270151055122 -0.001403245217273
87 8 20.768161074900000 16.420097738599999 9.666531706799999 -0.001712766114279 -0.001157136355286 0.001345291829314
103 8 19.180707196099995 13.670551147500003 9.666525792999996 0.000606799845163 0.001741360798720 0.002360429485287
128 8 23.016840597800005 15.885353364700006 11.232627459799998 -0.000087951384520 0.001418939833869 0.001557420191286
136 8 23.016851449000004 13.288790374900007 9.396583635799999 -0.000457464446874 -0.000274265661276 0.000567307333742
144 8 20.768163722800004 14.587079165600008 7.560553499600000 -0.001691307836486 0.000845899313005 -0.001698514625988
176 8 20.768150737999996 11.990498335500007 11.232641519100001 -0.001567293142912 -0.001835015845998 0.002632641523015
16 1 24.934923982700003 12.181390680000009 8.613533801700001 0.000282136690125 -0.000033944826646 0.000096148423191
40 7 24.934910533400007 16.610986685300006 11.745734611600000 0.000285650764305 0.000556554460798 0.000141734889898
48 7 26.852993357900004 13.288788550000005 11.745727975299999 0.001682676821855 -0.000995685676920 0.000772288978827
56 7 26.852993782099993 15.503580461900007 8.613540254699998 0.000196484813175 0.000113424234753 -0.000169311302845
64 7 28.771065656899999 16.610979775200004 11.745738510299995 -0.000135914102465 -0.000865787902801 0.000156547128432
72 8 28.440454941300004 14.587074131700003 12.258844262099997 -0.002019451570377 0.001529139296684 -0.001760699815429
80 8 26.852999593099998 17.336616904300001 12.258847990200001 -0.000124425326134 -0.001604727805169 -0.001448244706356
88 8 28.440444445099999 16.420097738599999 9.666531706799999 -0.001636142403128 -0.000752517419212 0.001471158493949
96 8 25.265537252000023 14.587061761100006 12.258833442600000 0.000503678787934 0.000840523411324 -0.000944610112031
104 8 26.852990566300001 13.670551147500003 9.666525792999996 -0.000232433076176 0.002027670363810 0.000998693027891
112 8 25.265535218199997 16.420093920100001 9.666529521300001 0.001540755858479 -0.000880911962226 0.001371321414301
120 8 25.265532498100001 11.990500490400001 11.232628962800000 0.000724814877170 -0.000990128831887 0.001458849174161
152 8 25.265533169500006 14.587055878400003 7.560546762400000 0.001611474199973 0.000985084082390 -0.001352976377951
