ITEM: TIMESTEP
0
ITEM: NUMBER OF ATOMS
176
ITEM: BOX BOUNDS xy xz yz pp pp pp
0.0000000000000000e+00 3.0689133480799999e+01 7.6722833701999980e+00
0.0000000000000000e+00 1.7718379476200003e+01 7.6722833702000024e+00
0.0000000000000000e+00 1.2528786279200000e+01 4.4295948690000015e+00
ITEM: ATOMS id type x y z fx fy fz
25 1 5.754204426199998 3.322205851300000 2.349145244699999 -0.000880226731297 0.001606808916515 0.001155514693870
137 8 5.423596982400004 5.727889427500000 1.296160360000000 0.000097405193120 -0.000597748575014 -0.003893747136687
161 8 3.836156472199998 2.214796731300001 1.566094450300000 -0.000284654598366 -0.000455878451799 -0.000389720903417
169 8 5.423583997600000 3.131308597400002 4.968248379499999 0.000064092799934 -0.003514139521486 0.000762151799092
1 1 7.672276926000002 4.429605525400001 5.481344520900000 -0.015843013421439 -0.001094029926754 -0.000196063258551
9 1 9.590357242299998 3.322200941900001 2.349140662099999 -0.001246570054441 -0.001515664285197 -0.001024108843090
41 7 11.508426617500000 4.429598811900002 5.481334835700000 0.007318153513080 -0.008812324564757 -0.001813427812713
89 8 9.920970511600007 5.727872023000002 5.994440303000000 -0.013940692939631 0.019754743309425 -0.010770510430953
97 8 11.508423825899998 4.811361409400002 3.402132653400000 -0.000898190949407 0.003843560365536 0.003027731758483
113 8 9.920965757699999 3.131310752300001 4.968235823200000 0.003135931016670 0.002303585310466 0.001789091989605
129 8 7.672284708600001 4.429600636800002 3.132190496199999 0.003243965466432 0.000595225192031 0.000524681417292
145 8 9.920966429100000 5.727866140300000 1.296153622799999 0.003058616384967 0.002400823990747 0.001409690131458
153 8 7.672288882800000 1.833036553300000 1.296161863300000 0.000415109908351 -0.001669430489327 -0.001533365576155
162 8 11.508439842400000 2.214796731300001 1.566094450300000 -0.000384404450754 0.000765552910527 0.000473958214060
2 1 15.344560296200001 4.429605525400001 5.481344520900000 0.002904795546028 -0.000081793884722 -0.000071760497024
10 1 17.262640612500000 3.322200941900001 2.349140662099999 0.000960609164813 0.000996360869797 0.000752148547021
26 1 13.426487796400002 3.322205851300000 2.349145244699999 0.001227275946832 -0.001003155958871 -0.000689986331217
65 8 13.095888200900001 5.727884393600002 5.994451122499998 -0.004481685437670 0.001496048513785 -0.001838100999450
90 8 17.593253881800006 5.727872023000002 5.994440303000000 -0.001197933665600 0.000223544845459 -0.000950043367588
114 8 17.593249127900009 3.131310752300001 4.968235823200000 -0.000415734043226 -0.003118883009695 0.000847583280588
130 8 15.344568078800005 4.429600636800002 3.132190496199999 -0.001094905636336 -0.000016047318758 0.000092440424944
138 8 13.095880352600009 5.727889427500000 1.296160360000000 -0.003899429854403 0.002080300446068 0.000472123217429
146 8 17.593249799300011 5.727866140300000 1.296153622799999 -0.000493073264405 -0.000294396626624 -0.003388859823585
154 8 15.344572252999999 1.833036553300000 1.296161863300000 -0.000205422033347 -0.001809385412217 -0.001632402102990
170 8 13.095867367800004 3.131308597400002 4.968248379499999 -0.003932629328097 0.001494709708742 0.001831695911985
42 7 19.180709987699998 4.429598811900002 5.481334835700000 0.007286361389590 0.008810746900681 0.002325094980926
66 8 20.768171571100002 5.727884393600002 5.994451122499998 -0.017353478788448 -0.018715240424637 0.007679641421589
98 8 19.180707196099995 4.811361409400002 3.402132653400000 -0.000582669348953 -0.000255135309695 0.000129578843741
3 1 11.508418611100000 11.073997829000001 5.481344520900000 0.001909390074002 0.005219672121024 0.000002857162765
17 1 7.672274418099999 6.644399077300000 2.349147298800000 -0.015884403117414 -0.000514549098168 -0.000944970225746
27 1 9.590346111300001 9.966598154900002 2.349145244699999 -0.002041088757667 0.004132458932485 -0.004318748623860
33 7 9.590343793000001 7.751796947200008 5.481341472000000 -0.029655207997366 -0.002514310509827 -0.001722866357372
49 7 11.508427041700001 6.644390723800001 2.349147115100000 0.007358586005066 -0.004640487153478 -0.007650697533953
73 8 11.508432852700000 8.477427166200002 5.994454850600000 -0.026698928747519 -0.010597170557925 -0.007569016806585
105 8 9.920968477800001 7.560904182000002 3.402136381700000 -0.013962276831741 -0.003532573737114 0.022329608008705
121 8 7.662273857400002 7.026163626600007 4.968234320200000 0.181489736831838 -0.001952508829907 -0.001293668766527
131 8 11.508426393700001 11.073992940400007 3.132190496199999 -0.000701391561798 -0.001599418772241 0.001119257905372
155 8 11.508430567899998 8.477428856900005 1.296161863300000 -0.001203192554939 -0.003172457426607 0.001435853701795
163 8 7.672298157300000 8.859189034900005 1.566094450300000 0.002692359171783 -0.000069059290488 -0.000187956897620
171 8 9.259725682700001 9.775700901000002 4.968248379499999 0.001572788347215 -0.014442327351264 0.003123218703632
11 1 13.426498927399999 9.966593245500007 2.349140662099999 0.001845167408865 0.000967939728894 -0.001250236365473
18 1 15.344557788300000 6.644399077300000 2.349147298800000 0.002863407789493 -0.000059864024659 -0.000032029014587
28 1 17.262629481500003 9.966598154900002 2.349145244699999 0.002276230131159 -0.001301269697498 0.001192385223178
34 7 17.262627163200005 7.751796947200008 5.481341472000000 0.012166449457142 0.002194174575004 0.001606933296808
43 7 15.344568302600003 11.073991115500002 5.481334835700000 0.003245091208702 -0.000094508535355 0.000052067647614
57 7 13.426498916499998 7.751790037100004 5.481345370700000 0.011592665778796 -0.002052653507234 -0.001572659702421
81 8 13.095877704700001 7.560908000500002 3.402138567200000 -0.004330720398262 -0.001075704743483 0.002347451215434
99 8 15.344565510999997 11.455753713000002 3.402132653400000 -0.000660631718470 0.001257625487707 0.001259212106399
106 8 17.593251848000001 7.560904182000002 3.402136381700000 -0.001219135549448 -0.000784163098851 0.000641468155562
115 8 13.757107442799997 9.775703055900001 4.968235823200000 -0.001002404913793 -0.002807616721463 0.002187020827910
122 8 15.344557227600001 7.026163626600007 4.968234320200000 -0.005827621789256 0.001865951058345 0.001407411015388
164 8 15.344581527500001 8.859189034900005 1.566094450300000 -0.001364590797029 0.000163875261835 0.000074985183119
172 8 16.932009052900014 9.775700901000002 4.968248379499999 -0.004571373177267 0.001115250270236 0.000434602433342
4 1 19.180701981300000 11.073997829000001 5.481344520900000 0.001677247959305 -0.005296286027791 -0.000138033572093
12 1 21.098782297600000 9.966593245500007 2.349140662099999 -0.002411653553100 -0.004309512983844 0.004328002514804
44 7 23.016851672799998 11.073991115500002 5.481334835700000 -0.011750611352059 0.000695400564067 0.000322538797931
50 7 19.180710411899998 6.644390723800001 2.349147115100000 0.007326839199064 0.005135805708607 0.007585100575744
58 7 21.098782286699997 7.751790037100004 5.481345370700000 -0.032069455253760 0.003122960284194 0.002087339473538
74 8 19.180716222899989 8.477427166200002 5.994454850600000 -0.027735698456374 0.007002256833809 0.004875960382885
82 8 20.768161074900000 7.560908000500002 3.402138567200000 -0.017202685346920 0.001160432952830 -0.019880392980022
100 8 23.016848881199998 11.455753713000002 3.402132653400000 0.002249973125563 0.001953867615889 0.001460150842093
116 8 21.429390813000008 9.775703055900001 4.968235823200000 0.004425711976412 0.014209429736210 -0.000255207485200
132 8 19.180709763900005 11.073992940400007 3.132190496199999 -0.000747002680300 0.001511372247305 -0.001000369026485
156 8 19.180713938099998 8.477428856900005 1.296161863300000 -0.001225561567756 -0.000631646202745 -0.004550296686535
19 1 11.508416103199997 13.288791380900006 2.349147298800000 0.000264380464139 0.001389133766433 -0.000440101205372
123 8 11.508415542500002 13.670555930200003 4.968234320200000 0.000021911677552 0.000692047278867 0.001491423361563
139 8 9.259738667499999 12.372281731100001 1.296160360000000 -0.001268096803826 0.000283090716530 -0.001413399192824
35 7 13.426485478100000 14.396189250800001 5.481341472000000 -0.000100943939222 0.002290801275786 -0.000129623577005
51 7 15.344568726800000 13.288783027399999 2.349147115100000 -0.000112962687774 0.000148323416647 0.000019384651332
59 7 17.262640601600001 14.396182340700005 5.481345370700000 -0.000362667684064 -0.002071537821906 0.000271556088076
67 8 16.932029885999999 12.372276697200000 5.994451122499998 -0.002456953382266 0.001917265537526 -0.001157695055648
75 8 15.344574537799998 15.121819469800011 5.994454850600000 0.000178386945338 -0.001817344006709 -0.001489806435216
83 8 16.932019389799994 14.205300304100005 3.402138567200000 -0.001473872766809 -0.000150889038571 0.001621237661783
91 8 13.757112196700003 12.372264326600002 5.994440303000000 0.000752266492885 0.000054739706659 -0.001251580451375
107 8 13.757110162900000 14.205296485600002 3.402136381700000 0.001671754797335 -0.001203624349672 0.001537435149692
140 8 16.932022037700008 12.372281731100001 1.296160360000000 -0.001828153820029 0.001072181416689 -0.001737274878928
147 8 13.757108114200003 12.372258443900009 1.296153622799999 0.001527854292216 0.000626628658087 -0.001235668125233
20 1 19.180699473400008 13.288791380900006 2.349147298800000 0.000247949757467 -0.001510310178276 0.000382073050441
36 7 21.098768848300001 14.396189250800001 5.481341472000000 0.000537158259822 -0.002026568688199 0.000130637082680
52 7 23.016852096999997 13.288783027399999 2.349147115100000 -0.000748604104367 0.000257451010431 -0.000045372060623
76 8 23.016857907999988 15.121819469800011 5.994454850600000 -0.000657269972785 -0.001914849456910 -0.001435126422114
92 8 21.429395566900006 12.372264326600002 5.994440303000000 0.002621318528211 0.002597188765373 -0.001084434533451
108 8 21.429393533100004 14.205296485600002 3.402136381700000 0.001567160367590 -0.000427905334090 0.001610677021264
124 8 19.180698912699995 13.670555930200003 4.968234320200000 0.000005341125254 0.003201126077554 0.001428638251937
148 8 21.429391484400018 12.372258443900009 1.296153622799999 0.002043981088367 0.001591642878682 -0.001587580752611
60 7 24.934923971800007 14.396182340700005 5.481345370700000 0.000132130181272 0.002272558280131 -0.000103967331574
68 8 24.604313256200001 12.372276697200000 5.994451122499998 -0.000619755225809 -0.000606013257775 -0.001533259074386
84 8 24.604302760000003 14.205300304100005 3.402138567200000 -0.001619928010742 -0.001306982924498 0.001425787819769
29 1 9.590346111300004 5.537003285800003 8.613538384300000 -0.002041099656774 -0.002712470439427 0.005361440564360
157 8 11.508430567900000 4.047833987800002 7.560555002900000 -0.001203120914218 0.000628856569439 -0.003940138261425
165 8 7.672298157300002 4.429594165800001 7.830487589900000 0.002692352712333 -0.000136723425820 -0.000092307762004
173 8 9.259725682700003 5.346106031900003 11.232641519100001 -0.001301340244651 -0.000882065683363 0.000765808900289
13 1 13.426498927400001 5.536998376400002 8.613533801700001 0.001845156029431 -0.000901003237065 0.001392849385997
30 1 17.262629481500003 5.537003285800003 8.613538384300000 0.002276231531288 0.000672185393770 -0.001598478689574
117 8 13.757107442800002 5.346108186800002 11.232628962800000 0.001605124760482 -0.000781870592841 0.000998215681537
166 8 15.344581527500001 4.429594165800001 7.830487589900000 -0.001364591896463 0.000188837761991 0.000039668597248
174 8 16.932009052900007 5.346106031900003 11.232641519100001 -0.001861354557643 -0.000924423332608 0.001617724579567
14 1 21.098782297600003 5.536998376400002 8.613533801700001 -0.002411657629167 0.002599133647596 -0.005442294389704
118 8 21.429390813000005 5.346108186800002 11.232628962800000 0.002121294123216 -0.000791947151191 0.002025306540913
158 8 19.180713938100002 4.047833987800002 7.560555002900000 -0.001225527444321 -0.004167861753451 0.000450554431508
5 1 11.508418611100007 6.644402959900002 11.745737660500000 0.000305790500361 0.000016479705502 0.001430380608785
21 1 11.508416103199998 8.859196511800004 8.613540438400001 0.001867944178631 0.001777630503138 0.004941418451627
125 8 11.508415542500003 9.240961061100004 11.232627459799998 0.000021917923162 0.001553858956787 0.000272627650258
133 8 11.508426393700002 6.644398071300002 9.396583635799999 -0.000701369702375 0.000424245905790 -0.001742631508258
141 8 9.259738667500002 7.942686862000003 7.560553499600000 0.001605886054008 -0.002014143750133 -0.014983242625296
167 8 11.508439842400001 11.073986469400005 7.830487589900000 -0.000252227298905 -0.001497336152185 -0.001126158485981
37 7 13.426485478099996 9.966594381700006 11.745734611600000 -0.000100955922062 0.000589230756856 0.002276763776852
45 7 15.344568302600001 6.644396246400003 11.745727975299999 -0.000153313966984 0.000015311420694 0.000144598694933
53 7 15.344568726799995 8.859188158300002 8.613540254699998 0.003285444093313 0.000024480404050 -0.000053295799280
61 7 17.262640601600001 9.966587471600000 11.745738510299995 -0.000362657024126 -0.000320195558805 -0.002205201638366
69 8 16.932029886000002 7.942681828100003 12.258844262099997 -0.001624888539744 0.001119626522020 -0.000724099323092
77 8 15.344574537800005 10.692224600700005 12.258847990200001 0.000178394205367 -0.001939254811769 -0.001317400693924
85 8 16.932019389799990 9.775705435000003 9.666531706799999 -0.002305960561722 -0.000293816992892 0.002517764633430
93 8 13.757112196700007 7.942669457500004 12.258833442600000 0.001692949586119 0.000928490884615 -0.001644169866175
101 8 15.344565511000003 7.026158843900003 9.666525792999996 -0.000660607879193 0.001314171494321 0.001179221132317
109 8 13.757110162900005 9.775701616500001 9.666529521300001 0.000731082034276 -0.001124750363915 0.000582776346790
142 8 16.932022037700005 7.942686862000003 7.560553499600000 -0.004538194952062 0.000636604382141 0.000580096528786
149 8 13.757108114200001 7.942663574800001 7.560546762400000 -0.001079668044834 0.001072205435073 -0.003541843367919
159 8 15.344572253000006 10.692226291400004 7.560555002900000 -0.000822549116899 -0.001772558084260 -0.001606294727344
6 1 19.180701981300004 6.644402959900002 11.745737660500000 0.000289350477873 -0.000174859252483 -0.001577291889994
22 1 19.180699473400011 8.859196511800004 8.613540438400001 0.001635837558088 -0.001860520919598 -0.004926233112278
38 7 21.098768848300008 9.966594381700006 11.745734611600000 0.000537141403908 -0.000604497237290 -0.001880452768204
46 7 23.016851672800001 6.644396246400003 11.745727975299999 -0.000788947275054 -0.000009377959849 0.000269250721017
54 7 23.016852096999990 8.859188158300002 8.613540254699998 -0.011710041205839 0.000542498782119 0.000601267667692
78 8 23.016857907999999 10.692224600700005 12.258847990200001 -0.000657275711082 -0.001920206672826 -0.001427545982898
94 8 21.429395566900006 7.942669457500004 12.258833442600000 0.001588362486359 0.001256098450322 -0.000937221824107
102 8 23.016848881199998 7.026158843900003 9.666525792999996 0.002249967491503 0.001735704577180 0.001768711614085
110 8 21.429393533100001 9.775701616500001 9.666529521300001 0.002600105614178 -0.000119653881103 0.002924125332057
126 8 19.180698912700002 9.240961061100004 11.232627459799998 0.000005331031670 0.002331022241588 0.002659157439269
134 8 19.180709763900005 6.644398071300002 9.396583635799999 -0.000747026339240 -0.000537226519700 0.001896787614709
150 8 21.429391484400004 7.942663574800001 7.560546762400000 0.004348357667585 0.004441965699895 0.013315976330987
160 8 23.016855623200005 10.692226291400004 7.560555002900000 0.001682347171211 -0.001595492934454 -0.001481178054180
168 8 19.180723212599993 11.073986469400005 7.830487589900000 -0.000374036036794 0.002094342800407 0.001413525430730
62 7 24.934923971800000 9.966587471600000 11.745738510299995 0.000132150491136 0.000773786997865 0.002015610105717
70 8 24.604313256200005 7.942681828100003 12.258844262099997 -0.001770952335495 0.000549981166184 -0.001748928361023
86 8 24.604302759999996 9.775705435000003 9.666531706799999 -0.000468720237953 -0.001488967401237 0.000264025809465
7 1 15.344560296200003 13.288795263500004 11.745737660500000 -0.000700400602102 -0.000168066298675 -0.000059277985294
15 1 17.262640612500000 12.181390680000009 8.613533801700001 0.000437480948337 -0.001184699186257 -0.000790037491616
23 1 15.344557788300000 15.503588815399999 8.613540438400001 -0.000741812496326 -0.000076841605739 -0.000117523439833
31 1 13.426487796399995 12.181395589400003 8.613538384300000 0.000962432088418 0.000785494178864 0.000574801516312
39 7 17.262627163200005 16.610986685300006 11.745734611600000 -0.000243634806117 0.000341074652341 0.000296506212563
95 8 17.593253881800010 14.587061761100006 12.258833442600000 0.001771466996621 0.000973075474285 -0.000532241839644
111 8 17.593251848000001 16.420093920100001 9.666529521300001 0.001750297834494 -0.000140450308253 0.001208811581630
119 8 17.593249127900002 11.990500490400001 11.232628962800000 0.001995069994290 -0.000801065537147 0.001808494137665
127 8 15.344557227600006 15.885353364700006 11.232627459799998 0.000545138217386 0.001902031815773 0.001432914757919
135 8 15.344568078800005 13.288790374900007 9.396583635799999 -0.000007108564248 -0.000115801906621 0.000021886374032
143 8 13.095880352600002 14.587079165600008 7.560553499600000 -0.001405609070098 0.000342488140186 -0.001590694604819
151 8 17.593249799300004 14.587055878400003 7.560546762400000 0.001917848417794 0.001384157292246 -0.001523828700010
175 8 13.095867367800004 11.990498335500007 11.232641519100001 -0.001438815494701 -0.001029449492913 0.000880908662772
8 1 23.016843666400000 13.288795263500004 11.745737660500000 0.000572717924501 -0.000132939778655 -0.000088766739505
24 1 23.016841158500000 15.503588815399999 8.613540438400001 0.000531317074471 -0.000092940316868 -0.000074570773428
32 1 21.098771166600002 12.181395589400003 8.613538384300000 -0.000393104580022 -0.001365187970836 -0.000945941003424
47 7 19.180709987699998 13.288788550000005 11.745727975299999 0.000162984168548 0.000093181311398 -0.002125067113669
55 7 19.180710411900002 15.503580461900007 8.613540254699998 0.000203334367088 -0.001965410995951 0.000849323880558
63 7 21.098782286700004 16.610979775200004 11.745738510299995 0.000293468643501 0.000558434177639 0.000273658075958
71 8 20.768171571100002 14.587074131700003 12.258844262099997 -0.002028287580231 0.000510612205157 -0.000755745399233
79 8 19.180716222899996 17.336616904300001 12.258847990200001 -0.000390542883883 -0.002012485486173 -0.001498480532122
87 8 20.768161074900000 16.420097738599999 9.666531706799999 -0.001877292549807 -0.000383736461891 0.001057566058750
103 8 19.180707196099995 13.670551147500003 9.666525792999996 -0.000000679267536 0.001245509656124 0.001190668966205
128 8 23.016840597800005 15.885353364700006 11.232627459799998 0.000076809672617 0.001918897123095 0.001444839404625
136 8 23.016851449000004 13.288790374900007 9.396583635799999 0.000195203042488 -0.000060270353351 0.000061149017186
144 8 20.768163722800004 14.587079165600008 7.560553499600000 -0.001867134483009 0.001379636901917 -0.001608267519041
176 8 20.768150737999996 11.990498335500007 11.232641519100001 -0.001900290708958 -0.000700334052946 0.001864630998332
16 1 24.934923982700003 12.181390680000009 8.613533801700001 -0.000920765788551 0.001053519128036 0.000792607144850
40 7 24.934910533400007 16.610986685300006 11.745734611600000 0.000527185089368 -0.000126977604366 -0.000034469530266
48 7 26.852993357900004 13.288788550000005 11.745727975299999 0.000178848415064 -0.000262961220053 0.002129871994931
56 7 26.852993782099993 15.503580461900007 8.613540254699998 0.000219190732440 0.001927305396430 -0.000904691091823
64 7 28.771065656899999 16.610979775200004 11.745738510299995 -0.000496067055240 0.000080994358015 -0.000063930165037
72 8 28.440454941300004 14.587074131700003 12.258844262099997 -0.001465989220686 0.000916115040863 -0.001899195843643
80 8 26.852999593099998 17.336616904300001 12.258847990200001 -0.000401871602862 -0.001755142337795 -0.001316519687710
88 8 28.440444445099999 16.420097738599999 9.666531706799999 -0.001314968920972 -0.001326617310508 0.001821037162204
96 8 25.265537252000023 14.587061761100006 12.258833442600000 0.001105075381582 0.001447255596309 -0.001594722136937
104 8 26.852990566300001 13.670551147500003 9.666525792999996 -0.000034405089684 0.000818651263317 0.000888795587851
112 8 25.265535218199997 16.420093920100001 9.666529521300001 0.001083878666657 -0.000984094263867 0.002010039474788
120 8 25.265532498100001 11.990500490400001 11.232628962800000 0.001539934642814 -0.001059130543578 0.000763955241718
152 8 25.265533169500006 14.587055878400003 7.560546762400000 0.001462668108726 0.000313346611852 -0.001419005814089
