ITEM: TIMESTEP
0
ITEM: NUMBER OF ATOMS
176
ITEM: BOX BOUNDS xy xz yz pp pp pp
0.0000000000000000e+00 3.0689133480799999e+01 7.6722833701999980e+00
0.0000000000000000e+00 1.7718379476200003e+01 7.6722833702000024e+00
0.0000000000000000e+00 1.2528786279200000e+01 4.4295948690000015e+00
ITEM: ATOMS id type x y z fx fy fz
25 1 5.754204426199998 3.322205851300000 2.349145244699999 0.005219264304388 0.012037933462962 0.004538547271149
137 8 5.423596982400004 5.727889427500000 1.296160360000000 -0.001600421133357 0.000823929269505 -0.002996843774490
161 8 3.836156472199998 2.214796731300001 1.566094450300000 -0.001163545705659 -0.002135383126442 0.000983555083174
169 8 5.428583997600013 3.139968851437838 4.968248379499999 0.004514111837290 -0.100710635474668 0.001070611914128
1 1 7.672276926000002 4.429605525400001 5.481344520900000 -0.008957401352711 0.003878671501059 -0.004647652651395
9 1 9.590357242299998 3.322200941900001 2.349140662099999 -0.002698413126260 0.002587497859310 0.001876702558106
41 7 11.508426617500000 4.429598811900002 5.481334835700000 -0.003311657543369 0.000739410077899 0.000252682445463
89 8 9.920970511600007 5.727872023000002 5.994440303000000 0.006516105291376 0.003647530953552 -0.000604260803777
97 8 11.508423825899998 4.811361409400002 3.402132653400000 0.000490887475094 0.001692699620757 0.001325195149956
113 8 9.920965757699999 3.131310752300001 4.968235823200000 0.003836798923817 -0.003841124379475 0.001223413126735
129 8 7.672284708600001 4.429600636800002 3.132190496199999 0.004707744677770 0.000794626541894 -0.008195487036749
145 8 9.920966429100000 5.727866140300000 1.296153622799999 0.002423334819656 0.001124084237027 -0.002105138168184
153 8 7.672288882800000 1.833036553300000 1.296161863300000 -0.000459367374664 -0.003837239396474 -0.000512110215995
162 8 11.508439842400000 2.214796731300001 1.566094450300000 0.000373090659736 -0.000438547138935 -0.000114828418081
2 1 15.344560296200001 4.429605525400001 5.481344520900000 -0.000253495815172 0.001320178169309 0.000193868073891
10 1 17.262640612500000 3.322200941900001 2.349140662099999 0.000326790158878 0.002556816521473 -0.000912780596505
26 1 13.426487796400002 3.322205851300000 2.349145244699999 -0.000414172388430 0.000235539793545 0.000030698073221
65 8 13.095888200900001 5.727884393600002 5.994451122499998 -0.000852654784269 0.000932589106535 -0.001071726342208
90 8 17.593253881800006 5.727872023000002 5.994440303000000 -0.003131552685327 0.005423460418217 0.000017086408260
114 8 17.593249127900009 3.131310752300001 4.968235823200000 0.003432173894799 -0.005583662676512 0.001114624311627
130 8 15.344568078800005 4.429600636800002 3.132190496199999 0.000213564169426 -0.000453411942677 0.000225694295791
138 8 13.095880352600009 5.727889427500000 1.296160360000000 -0.001241213424772 0.000782611103979 -0.001757974989317
146 8 17.593249799300011 5.727866140300000 1.296153622799999 0.000693805727779 0.000893350961181 -0.002369797103127
154 8 15.344572252999999 1.833036553300000 1.296161863300000 0.000107311219270 -0.002057959121342 -0.001228922054972
170 8 13.095867367800004 3.131308597400002 4.968248379499999 -0.000752513863256 -0.001526868453841 0.001337495818516
42 7 19.180709987699998 4.429598811900002 5.481334835700000 0.012286536823886 0.013123698535363 -0.001243708334506
66 8 20.768171571100002 5.727884393600002 5.994451122499998 -0.005212943512370 0.020955299306712 0.006635011298714
98 8 19.180707196099995 4.811361409400002 3.402132653400000 -0.006813472481528 0.003313283097754 -0.004452898994835
3 1 11.508418611100000 11.073997829000001 5.481344520900000 -0.002536135386338 -0.005179035444690 0.000252055258926
17 1 7.672274418099999 6.644399077300000 2.349147298800000 -0.000893790014288 -0.003440053854100 0.002905646557477
27 1 9.590346111300001 9.966598154900002 2.349145244699999 -0.001022172427004 -0.001609476810964 -0.000373255280456
33 7 9.590343793000001 7.751796947200008 5.481341472000000 -0.002800529797505 -0.004111626934979 -0.000170474039590
49 7 11.508427041700001 6.644390723800001 2.349147115100000 -0.001298841041157 -0.000479323287219 0.000594734397563
73 8 11.508432852700000 8.477427166200002 5.994454850600000 0.000995165488457 -0.000058588017589 -0.001190471021951
105 8 9.920968477800001 7.560904182000002 3.402136381700000 0.002287926409421 -0.000287088682194 0.001237750336395
121 8 7.672273857400003 7.026163626600007 4.968234320200000 0.001814552905052 0.005270743507079 0.000780428419646
131 8 11.508426393700001 11.073992940400007 3.132190496199999 0.000732405155090 0.001739906358262 0.001276731643760
155 8 11.508430567899998 8.477428856900005 1.296161863300000 0.000307547026297 -0.001169241757803 -0.001654668786946
163 8 7.672298157300000 8.859189034900005 1.566094450300000 0.000096732972984 0.001243293173246 -0.000541935483381
171 8 9.259725682700001 9.775700901000002 4.968248379499999 -0.000766371919612 0.000982104100145 0.001351438112319
11 1 13.426498927399999 9.966593245500007 2.349140662099999 0.000192184017828 -0.001610736346065 -0.001084616497211
18 1 15.344557788300000 6.644399077300000 2.349147298800000 0.000799905096978 -0.000196566868183 0.000058893802110
28 1 17.262629481500003 9.966598154900002 2.349145244699999 0.001124461086747 -0.001123688188540 -0.000161313469408
34 7 17.262627163200005 7.751796947200008 5.481341472000000 0.002543104747300 -0.002546475235291 0.000298084127121
43 7 15.344568302600003 11.073991115500002 5.481334835700000 0.006687381651407 -0.005874381348369 -0.001069690972271
57 7 13.426498916499998 7.751790037100004 5.481345370700000 -0.000458488207168 -0.001942372065376 -0.000112798836960
81 8 13.095877704700001 7.560908000500002 3.402138567200000 -0.000884985479090 -0.000111130855200 0.001265521997286
99 8 15.344565510999997 11.455753713000002 3.402132653400000 -0.000875191559297 0.002882431351325 0.002373979768909
106 8 17.593251848000001 7.560904182000002 3.402136381700000 0.000623784677246 0.000080975401776 0.001482010094342
115 8 13.757107442799997 9.775703055900001 4.968235823200000 0.001894492397457 0.001771952916607 0.002047222222012
122 8 15.344557227600001 7.026163626600007 4.968234320200000 -0.000689863751360 0.002129374441607 0.001252411747891
164 8 15.344581527500001 8.859189034900005 1.566094450300000 -0.000506720853614 0.000562102840793 0.000233836998780
172 8 16.932009052900014 9.775700901000002 4.968248379499999 -0.003570907264717 0.001464633491333 0.001453627345025
4 1 19.180701981300000 11.073997829000001 5.481344520900000 0.000953853302238 -0.001225936678461 -0.000022507737754
12 1 21.098782297600000 9.966593245500007 2.349140662099999 -0.000167552519025 -0.001201812919100 0.000592541058265
44 7 23.016851672799998 11.073991115500002 5.481334835700000 -0.002358876249213 -0.002310571504481 -0.000030709087719
50 7 19.180710411899998 6.644390723800001 2.349147115100000 0.001708300578289 -0.002858085568169 0.002777880694892
58 7 21.098782286699997 7.751790037100004 5.481345370700000 -0.000378901424577 -0.009790189138855 0.001572198558523
74 8 19.180716222899989 8.477427166200002 5.994454850600000 -0.002055497297050 -0.000264608553984 -0.001197898093814
82 8 20.768161074900000 7.560908000500002 3.402138567200000 -0.002082307973408 0.000011789094155 0.000036973755941
100 8 23.016848881199998 11.455753713000002 3.402132653400000 0.000433258232049 0.002368077183120 0.001570313561141
116 8 21.429390813000008 9.775703055900001 4.968235823200000 0.002443667924806 0.002123982752657 0.000912972647430
132 8 19.180709763900005 11.073992940400007 3.132190496199999 -0.000464988997041 0.000321089489745 0.000084755072086
156 8 19.180713938099998 8.477428856900005 1.296161863300000 -0.000237356206358 -0.000923043340926 -0.002556050656435
19 1 11.508416103199997 13.288791380900006 2.349147298800000 -0.002280816512464 -0.001114834145612 -0.005253882443996
123 8 11.508415542500002 13.670555930200003 4.968234320200000 0.010573580369934 0.010220182384248 0.002863047120018
139 8 9.259738667499999 12.372281731100001 1.296160360000000 -0.001102042625064 0.001046562326014 -0.000984964766404
35 7 13.426485478100000 14.396189250800001 5.481341472000000 0.005081241669568 0.031282354486269 -0.003111445610489
51 7 15.344568726800000 13.288783027399999 2.349147115100000 0.006063165785030 -0.000678751536219 -0.004809004838826
59 7 17.262640601600001 14.396182340700005 5.481345370700000 0.002452846019433 0.002913564706195 -0.000509856679083
67 8 16.932029885999999 12.372276697200000 5.994451122499998 -0.003300374606443 0.000292387653791 -0.001590014352063
75 8 15.344574537799998 15.121819469800011 5.994454850600000 -0.008804503215905 -0.010934761570536 -0.002718358501443
83 8 16.932019389799994 14.205300304100005 3.402138567200000 -0.003173784748674 -0.002174677152669 0.001487984297797
91 8 13.757112196700003 12.372264326600002 5.994440303000000 -0.002818634837773 0.022289694414403 -0.006148332181859
107 8 13.757110162900000 14.205296485600002 3.402136381700000 -0.006141340152227 0.007045585014512 0.016502302529315
140 8 16.932022037700008 12.372281731100001 1.296160360000000 -0.003150159106329 0.001483700269625 -0.000483734491329
147 8 13.757108114200003 12.372258443900009 1.296153622799999 0.001656546952073 0.001787056198271 0.000647840168871
20 1 19.180699473400008 13.288791380900006 2.349147298800000 0.000378080090168 0.000057840284434 -0.000188928747549
36 7 21.098768848300001 14.396189250800001 5.481341472000000 -0.000941566635784 -0.000097661550045 -0.000137970124528
52 7 23.016852096999997 13.288783027399999 2.349147115100000 -0.001704334091022 -0.000341308451997 -0.000838823215115
76 8 23.016857907999988 15.121819469800011 5.994454850600000 0.001687459998680 -0.002510927627536 -0.001675535690802
92 8 21.429395566900006 12.372264326600002 5.994440303000000 0.001931043811845 0.001487867646743 -0.001338069508616
108 8 21.429393533100004 14.205296485600002 3.402136381700000 0.001949543613392 -0.001034745131459 0.001627873582114
124 8 19.180698912699995 13.670555930200003 4.968234320200000 -0.000117577658393 0.001752934611058 0.001473314312061
148 8 21.429391484400018 12.372258443900009 1.296153622799999 0.002106514022925 0.001301291075346 -0.001207593346170
60 7 24.934923971800007 14.396182340700005 5.481345370700000 -0.009768998252231 0.001258398040034 0.001982673767597
68 8 24.604313256200001 12.372276697200000 5.994451122499998 0.000444917438792 0.002474130959025 -0.001866742259114
84 8 24.604302760000003 14.205300304100005 3.402138567200000 0.000026552883790 -0.001256445900539 0.002976217234189
29 1 9.590346111300004 5.537003285800003 8.613538384300000 -0.001352471198460 -0.000474584220262 -0.002064954888165
157 8 11.508430567900000 4.047833987800002 7.560555002900000 0.000569062178896 -0.002239847832280 -0.001232903112943
165 8 7.672298157300002 4.429594165800001 7.830487589900000 0.000904736123164 -0.000947450896813 0.006648782036661
173 8 9.259725682700003 5.346106031900003 11.232641519100001 -0.001534785149583 -0.000998565060668 0.001883386605999
13 1 13.426498927400001 5.536998376400002 8.613533801700001 -0.000395570414569 0.000262117561496 -0.000384865503172
30 1 17.262629481500003 5.537003285800003 8.613538384300000 0.000917653721773 0.000614824324643 -0.000843694678982
117 8 13.757107442800002 5.346108186800002 11.232628962800000 0.001851012973679 -0.001088229910588 0.001465061004137
166 8 15.344581527500001 4.429594165800001 7.830487589900000 -0.000602889651244 -0.000423084269290 0.000160011369027
174 8 16.932009052900007 5.346106031900003 11.232641519100001 -0.001774286097018 -0.001227197851127 0.001526682447571
14 1 21.098782297600003 5.536998376400002 8.613533801700001 0.000901086624351 0.000476212740860 -0.005065361611805
118 8 21.429390813000005 5.346108186800002 11.232628962800000 0.001901136682146 -0.001034142556851 0.002037339715798
158 8 19.180713938100002 4.047833987800002 7.560555002900000 -0.001673696685423 -0.005213823128644 0.001542943203309
5 1 11.508418611100007 6.644402959900002 11.745737660500000 0.000247599927448 0.000445031251362 -0.000602110569162
21 1 11.508416103199998 8.859196511800004 8.613540438400001 -0.000450761415965 -0.001524791551441 0.000272852116718
125 8 11.508415542500003 9.240961061100004 11.232627459799998 0.000109142841781 0.001912988606312 0.001095030585191
133 8 11.508426393700002 6.644398071300002 9.396583635799999 0.000648869763884 0.000350075171720 0.000576185509736
141 8 9.259738667500002 7.942686862000003 7.560553499600000 -0.001218681285718 0.001559157571068 -0.001094485206803
167 8 11.508439842400001 11.073986469400005 7.830487589900000 0.000707377535400 0.000990355618908 -0.001138523337884
37 7 13.426485478099996 9.966594381700006 11.745734611600000 0.000244022855408 -0.000562580084481 0.002280697163608
45 7 15.344568302600001 6.644396246400003 11.745727975299999 -0.000204519830543 0.000737333693434 0.000276982642579
53 7 15.344568726799995 8.859188158300002 8.613540254699998 0.000861555040475 -0.001181284635995 0.000627302833816
61 7 17.262640601600001 9.966587471600000 11.745738510299995 -0.000404857450491 0.000037052647149 0.000831932535410
69 8 16.932029886000002 7.942681828100003 12.258844262099997 -0.002004510574978 0.000355466154295 -0.001626106747564
77 8 15.344574537800005 10.692224600700005 12.258847990200001 -0.000376502581386 -0.001927697089518 -0.002131528332492
85 8 16.932019389799990 9.775705435000003 9.666531706799999 -0.001531060616979 -0.000500756440025 0.000747253342846
93 8 13.757112196700007 7.942669457500004 12.258833442600000 0.001856399710328 0.000959271295579 -0.002368964110147
101 8 15.344565511000003 7.026158843900003 9.666525792999996 -0.000227990881095 0.001579397533492 0.001569852455406
109 8 13.757110162900005 9.775701616500001 9.666529521300001 0.001321266535663 -0.000150658383298 0.000570899874783
142 8 16.932022037700005 7.942686862000003 7.560553499600000 -0.002213265683829 0.001407289371346 -0.001048915260867
149 8 13.757108114200001 7.942663574800001 7.560546762400000 0.001774374650760 0.001450356048238 -0.001448800060078
159 8 15.344572253000006 10.692226291400004 7.560555002900000 -0.001331808828755 -0.000246291623834 -0.003255347329941
6 1 19.180701981300004 6.644402959900002 11.745737660500000 0.000089024257000 0.000107578153002 -0.000452591390361
22 1 19.180699473400011 8.859196511800004 8.613540438400001 0.000823042281891 -0.001108773705330 -0.000954443225937
38 7 21.098768848300008 9.966594381700006 11.745734611600000 -0.000044928005415 -0.000281764762008 -0.000052846601025
46 7 23.016851672800001 6.644396246400003 11.745727975299999 -0.000359566288152 0.000044208277123 -0.000810467572032
54 7 23.016852096999990 8.859188158300002 8.613540254699998 -0.000876589346899 -0.001482143774325 -0.001142931695157
78 8 23.016857907999999 10.692224600700005 12.258847990200001 -0.000416108216923 -0.001795574587157 -0.001375686157623
94 8 21.429395566900006 7.942669457500004 12.258833442600000 0.001693141759428 0.001049492333108 -0.001162728822089
102 8 23.016848881199998 7.026158843900003 9.666525792999996 0.000153702043205 0.001998203550973 0.002455622268857
110 8 21.429393533100001 9.775701616500001 9.666529521300001 0.001352741898956 -0.000411045907158 0.002012973960360
126 8 19.180698912700002 9.240961061100004 11.232627459799998 0.000362465902542 0.001919571907415 0.001403560120383
134 8 19.180709763900005 6.644398071300002 9.396583635799999 -0.000786617059682 0.000103423187428 0.000819337683304
150 8 21.429391484400004 7.942663574800001 7.560546762400000 0.002496672892206 0.003026957789859 0.000584094464042
160 8 23.016855623200005 10.692226291400004 7.560555002900000 0.000539268142681 -0.000880412614579 -0.001853140571078
168 8 19.180723212599993 11.073986469400005 7.830487589900000 -0.000521005212295 0.000557748216329 0.000023905910964
62 7 24.934923971800000 9.966587471600000 11.745738510299995 0.000105371861246 -0.000031547472167 0.000559307850844
70 8 24.604313256200005 7.942681828100003 12.258844262099997 -0.001749271972478 0.000513200066861 -0.001118242581623
86 8 24.604302759999996 9.775705435000003 9.666531706799999 -0.000797983650579 -0.000154703240281 0.001097741173358
7 1 15.344560296200003 13.288795263500004 11.745737660500000 0.000285526623492 -0.000435173130349 0.001051093549792
15 1 17.262640612500000 12.181390680000009 8.613533801700001 0.001060362777682 -0.000191221474717 0.000592725570225
23 1 15.344557788300000 15.503588815399999 8.613540438400001 0.002117351418683 0.003838353195934 0.000267939528170
31 1 13.426487796399995 12.181395589400003 8.613538384300000 0.000409234243177 -0.002107182733991 0.004064631286868
39 7 17.262627163200005 16.610986685300006 11.745734611600000 -0.000288282697034 -0.000060951627916 -0.000813265271205
95 8 17.593253881800010 14.587061761100006 12.258833442600000 0.001660648632220 0.001320282140376 -0.001239618777316
111 8 17.593251848000001 16.420093920100001 9.666529521300001 0.001411454324249 -0.001387402539695 0.002117631265245
119 8 17.593249127900002 11.990500490400001 11.232628962800000 0.001798783886216 -0.000517371511962 0.001025363678277
127 8 15.344557227600006 15.885353364700006 11.232627459799998 0.000191411136040 0.001802222184301 0.001477568620643
135 8 15.344568078800005 13.288790374900007 9.396583635799999 -0.001038334013538 -0.000409200737876 -0.000993509073452
143 8 13.095880352600002 14.587079165600008 7.560553499600000 -0.001201102229364 0.000126628704467 -0.012360740142858
151 8 17.593249799300004 14.587055878400003 7.560546762400000 0.001191539728307 0.000436307138382 -0.001641281349968
175 8 13.095867367800004 11.990498335500007 11.232641519100001 -0.001747687817632 -0.000472738063038 0.000352449813120
8 1 23.016843666400000 13.288795263500004 11.745737660500000 0.000160727487688 -0.000338435334862 -0.000004270356161
24 1 23.016841158500000 15.503588815399999 8.613540438400001 -0.000433612601358 0.000361864100634 0.000250136249316
32 1 21.098771166600002 12.181395589400003 8.613538384300000 0.000001445861886 -0.000435178192021 -0.000070974685637
47 7 19.180709987699998 13.288788550000005 11.745727975299999 -0.000501438168472 -0.000666527201910 0.000364889487641
55 7 19.180710411900002 15.503580461900007 8.613540254699998 -0.000059469550983 0.001122457629732 -0.000253999242557
63 7 21.098782286700004 16.610979775200004 11.745738510299995 -0.000191071986138 0.000164097376931 -0.001654252625287
71 8 20.768171571100002 14.587074131700003 12.258844262099997 -0.001678264190957 0.000914781545937 -0.000843191354058
79 8 19.180716222899996 17.336616904300001 12.258847990200001 -0.000210066840828 -0.001929430019200 -0.000429529343011
87 8 20.768161074900000 16.420097738599999 9.666531706799999 -0.000500628127593 -0.000567469400610 0.001092737757001
103 8 19.180707196099995 13.670551147500003 9.666525792999996 -0.000176131288787 0.001427765687944 0.001584011516870
128 8 23.016840597800005 15.885353364700006 11.232627459799998 0.000191101926474 0.001998821697478 0.001489750532758
136 8 23.016851449000004 13.288790374900007 9.396583635799999 0.000518295952786 0.000135790783165 -0.000309317962068
144 8 20.768163722800004 14.587079165600008 7.560553499600000 -0.001157120877738 0.000755651122485 -0.001809773237607
176 8 20.768150737999996 11.990498335500007 11.232641519100001 -0.001543636585288 -0.000782522606225 0.001313386146606
16 1 24.934923982700003 12.181390680000009 8.613533801700001 -0.001404995704794 -0.000707897681762 0.001214786532023
40 7 24.934910533400007 16.610986685300006 11.745734611600000 0.000488662749747 0.000052847696293 -0.000021923713111
48 7 26.852993357900004 13.288788550000005 11.745727975299999 -0.000255238143208 -0.000416969582979 0.002139105988855
56 7 26.852993782099993 15.503580461900007 8.613540254699998 -0.003353354632846 0.004990412164196 0.004448655487762
64 7 28.771065656899999 16.610979775200004 11.745738510299995 -0.000132386477567 0.000567894918453 0.000326279109189
72 8 28.440454941300004 14.587074131700003 12.258844262099997 -0.001836028490655 0.000721669635088 -0.001760597697232
80 8 26.852999593099998 17.336616904300001 12.258847990200001 -0.000430047120362 -0.002075573353486 -0.001413061848862
88 8 28.440444445099999 16.420097738599999 9.666531706799999 -0.002383241736682 -0.002655220936440 0.001059597545423
96 8 25.265537252000023 14.587061761100006 12.258833442600000 0.001511891995242 0.001242604168905 -0.001502253139068
104 8 26.852990566300001 13.670551147500003 9.666525792999996 0.000598710594503 0.001933130243944 0.000014534169650
112 8 25.265535218199997 16.420093920100001 9.666529521300001 0.001962335973280 -0.001732087114805 0.001289152999699
120 8 25.265532498100001 11.990500490400001 11.232628962800000 0.001953692314741 -0.000527353532097 0.000899497973601
152 8 25.265533169500006 14.587055878400003 7.560546762400000 0.002512661242392 0.000465724635080 -0.002709135310155
