ITEM: TIMESTEP
0
ITEM: NUMBER OF ATOMS
176
ITEM: BOX BOUNDS xy xz yz pp pp pp
0.0000000000000000e+00 3.0689133480799999e+01 7.6722833701999980e+00
0.0000000000000000e+00 1.7718379476200003e+01 7.6722833702000024e+00
0.0000000000000000e+00 1.2528786279200000e+01 4.4295948690000015e+00
ITEM: ATOMS id type x y z fx fy fz
25 1 5.754204426199998 3.322205851300000 2.349145244699999 0.001162278768328 -0.015676251502472 0.002218311532204
137 8 5.423596982400004 5.727889427500000 1.296160360000000 0.000221408068638 0.004787083961027 0.007954104879268
161 8 3.836156472199998 2.214796731300001 1.566094450300000 0.001135194677275 0.002151627621602 0.000441149212626
169 8 5.423583997600000 3.131308597400002 4.968248379499999 -0.002646190780496 0.000754756048376 0.000188629140764
1 1 7.672276926000002 4.429605525400001 5.481344520900000 0.006404056264429 -0.000071028811986 -0.000146004829500
9 1 9.590357242299998 3.322200941900001 2.349140662099999 0.000742624428935 0.015561982040066 -0.002160130698293
41 7 11.508426617500000 4.429598811900002 5.481334835700000 -0.002104706735737 0.002851317899744 -0.004538601252566
89 8 9.920970511600007 5.727872023000002 5.994440303000000 0.000750617622751 -0.000771024955911 0.001469269409450
97 8 11.508423825899998 4.811361409400002 3.402132653400000 0.003366257486477 -0.002970540258082 0.005495136905813
113 8 9.920965757699999 3.131310752300001 4.968235823200000 0.000817188245905 -0.002430901119499 0.002503943082041
129 8 7.672284708600001 4.429600636800002 3.132190496199999 -0.010162767732433 -0.000004944540376 0.000057695940505
145 8 9.920966429100000 5.727866140300000 1.296153622799999 0.004101207652736 -0.003139073524989 -0.011067888909933
153 8 7.672288882800000 1.833036553300000 1.296161863300000 -0.001922353486426 -0.001827614324585 -0.001643332016906
162 8 11.508439842400000 2.214796731300001 1.566094450300000 0.001142672012575 -0.002003205667048 -0.000469847861175
2 1 15.344560296200001 4.429605525400001 5.481344520900000 -0.002023485703684 -0.000103896748626 -0.000077839572763
10 1 17.262640612500000 3.322200941900001 2.349140662099999 -0.003357058378894 -0.002297384989093 0.000137334937934
26 1 13.426487796400002 3.322205851300000 2.349145244699999 -0.003027567364262 0.002224335175619 -0.000108734562731
65 8 13.095888200900001 5.727884393600002 5.994451122499998 -0.000426749004624 0.000628850167774 -0.000442649672768
90 8 17.593253881800006 5.727872023000002 5.994440303000000 0.002949174098505 0.001143932368182 -0.002346898695259
114 8 17.593249127900009 3.131310752300001 4.968235823200000 0.003187829214340 0.000697269871490 0.000861309396559
130 8 15.344568078800005 4.429600636800002 3.132190496199999 0.002028938023908 -0.000038081070613 0.000072375844301
138 8 13.095880352600009 5.727889427500000 1.296160360000000 0.004012225689778 -0.001040547876534 -0.004108415463958
146 8 17.593249799300011 5.727866140300000 1.296153622799999 0.007367726758562 0.002832915638803 0.001157835506874
154 8 15.344572252999999 1.833036553300000 1.296161863300000 0.000795312025892 -0.001816395725987 -0.001639787207318
170 8 13.095867367800004 3.131308597400002 4.968248379499999 -0.000254569841567 -0.002367660463783 0.001823123068026
42 7 19.180709987699998 4.429598811900002 5.481334835700000 -0.002091169417399 -0.002920062324633 0.005016791074444
66 8 20.768171571100002 5.727884393600002 5.994451122499998 -0.002646853327685 0.002538660891093 -0.004260219561516
98 8 19.180707196099995 4.811361409400002 3.402132653400000 0.003382444459585 0.006538100748911 -0.002410014840573
3 1 11.508418611100000 11.073997829000001 5.481344520900000 -0.000602568772212 -0.002226260575003 -0.001487840131988
17 1 7.662274418099999 6.644399077300000 2.349147298800000 0.060488962692870 -0.000074793452529 -0.000046021594227
27 1 9.590346111300001 9.966598154900002 2.349145244699999 0.001063267214007 -0.015615484965406 0.002189218498488
33 7 9.590343793000001 7.751796947200008 5.481341472000000 0.005429858746434 -0.003163350034477 -0.021110220016325
49 7 11.508427041700001 6.644390723800001 2.349147115100000 -0.031050988672562 0.000211038227614 -0.000048891165898
73 8 11.508432852700000 8.477427166200002 5.994454850600000 0.001420382150389 -0.000855762730412 0.000791161095237
105 8 9.920968477800001 7.560904182000002 3.402136381700000 0.003948350512361 0.003238686321948 0.011272215851160
121 8 7.672273857400003 7.026163626600007 4.968234320200000 -0.015756951460280 0.001895561028970 0.001450034703926
131 8 11.508426393700001 11.073992940400007 3.132190496199999 0.001219455014083 0.002036848570855 0.000530063305775
155 8 11.508430567899998 8.477428856900005 1.296161863300000 0.003293095127253 0.002912706087281 -0.005579030999243
163 8 7.672298157300000 8.859189034900005 1.566094450300000 -0.010239331719784 0.000038390789784 0.000002439586201
171 8 9.259725682700001 9.775700901000002 4.968248379499999 -0.004021732696376 0.003277063161038 0.003736313729414
11 1 13.426498927399999 9.966593245500007 2.349140662099999 -0.003348282860181 -0.002277862860349 0.000137864907541
18 1 15.344557788300000 6.644399077300000 2.349147298800000 -0.005255980571624 -0.000075573346579 -0.000046593733469
28 1 17.262629481500003 9.966598154900002 2.349145244699999 -0.003036327988466 0.002243838869474 -0.000108209089273
34 7 17.262627163200005 7.751796947200008 5.481341472000000 -0.003622195213604 0.000335750294054 0.002937886736462
43 7 15.344568302600003 11.073991115500002 5.481334835700000 -0.001587972009994 -0.000023588824603 0.000228949004561
57 7 13.426498916499998 7.751790037100004 5.481345370700000 -0.004029534601875 -0.000229830578334 -0.002910749611246
81 8 13.095877704700001 7.560908000500002 3.402138567200000 0.003989372955386 0.000881397742457 0.003964230703745
99 8 15.344565510999997 11.455753713000002 3.402132653400000 0.000868533386468 0.001758589865277 0.001555886197918
106 8 17.593251848000001 7.560904182000002 3.402136381700000 0.007215327899080 -0.002732846613633 -0.000953376223597
115 8 13.757107442799997 9.775703055900001 4.968235823200000 0.002845160385551 0.000196603308858 0.001749071960989
122 8 15.344557227600001 7.026163626600007 4.968234320200000 0.003008369035280 0.001874138807058 0.001409985913624
164 8 15.344581527500001 8.859189034900005 1.566094450300000 0.001952180419834 0.000071739202984 -0.000012178998872
172 8 16.932009052900014 9.775700901000002 4.968248379499999 -0.000592829971168 -0.001882259560372 0.000937448924581
4 1 19.180701981300000 11.073997829000001 5.481344520900000 -0.000598030979959 0.002031326838324 0.001327586503559
12 1 21.098782297600000 9.966593245500007 2.349140662099999 0.000841736563724 0.015622745857472 -0.002189291320980
44 7 23.016851672799998 11.073991115500002 5.481334835700000 0.004037942581035 -0.000033298409865 0.000220496910481
50 7 19.180710411899998 6.644390723800001 2.349147115100000 -0.031388601967661 0.000210798878149 -0.000048992274721
58 7 21.098782286699997 7.751790037100004 5.481345370700000 0.005126422880194 0.003268244965628 0.021226046394917
74 8 19.180716222899989 8.477427166200002 5.994454850600000 0.001410521054169 -0.003011507514463 -0.003678643804200
82 8 20.768161074900000 7.560908000500002 3.402138567200000 0.000198756766808 -0.004946251842859 -0.008098419865156
100 8 23.016848881199998 11.455753713000002 3.402132653400000 -0.001849158305340 0.001769812953927 0.001559440100737
116 8 21.429390813000008 9.775703055900001 4.968235823200000 -0.000595092305484 -0.004960686088992 -0.001050249782896
132 8 19.180709763900005 11.073992940400007 3.132190496199999 0.001211880901638 -0.002117978397054 -0.000380931243580
156 8 19.180713938099998 8.477428856900005 1.296161863300000 0.003309255908272 -0.006595921069512 0.002326086129545
19 1 11.508416103199997 13.288791380900006 2.349147298800000 -0.000263086823219 -0.002410933838534 0.000309362676083
123 8 11.508415542500002 13.670555930200003 4.968234320200000 0.000400741499441 0.002605455484256 0.001488031613650
139 8 9.259738667499999 12.372281731100001 1.296160360000000 -0.002073750360594 0.002090314905905 -0.001856163316116
35 7 13.426485478100000 14.396189250800001 5.481341472000000 0.000735390194503 -0.001841705136510 0.000597720347761
51 7 15.344568726800000 13.288783027399999 2.349147115100000 0.000331761356172 0.000220684055712 -0.000048391332075
59 7 17.262640601600001 14.396182340700005 5.481345370700000 0.000314571183400 0.001952271851701 -0.000596387664871
67 8 16.932029885999999 12.372276697200000 5.994451122499998 -0.001596837384467 0.000048122026997 -0.001597981735510
75 8 15.344574537799998 15.121819469800011 5.994454850600000 -0.001076079649232 -0.001937056251811 -0.001441247115910
83 8 16.932019389799994 14.205300304100005 3.402138567200000 -0.002096595775100 -0.002249436510616 0.001711990319817
91 8 13.757112196700003 12.372264326600002 5.994440303000000 0.001776591742043 0.001714255781147 -0.001184252835089
107 8 13.757110162900000 14.205296485600002 3.402136381700000 0.001101792767211 0.000410890924860 0.001317301850395
140 8 16.932022037700008 12.372281731100001 1.296160360000000 -0.001417026951800 0.000229362612107 -0.001504811571978
147 8 13.757108114200003 12.372258443900009 1.296153622799999 0.001913084056755 0.001544444149988 -0.001465988882515
20 1 19.180699473400008 13.288791380900006 2.349147298800000 -0.000263071371769 0.002259776687816 -0.000402548053511
36 7 21.098768848300001 14.396189250800001 5.481341472000000 -0.000162519950068 0.001184417153688 -0.000214074524918
52 7 23.016852096999997 13.288783027399999 2.349147115100000 0.000331775779138 0.000200974749029 -0.000049717799413
76 8 23.016857907999988 15.121819469800011 5.994454850600000 0.000192676392304 -0.001932540970153 -0.001443238330231
92 8 21.429395566900006 12.372264326600002 5.994440303000000 0.001268538473036 0.000535709808958 -0.001484991262590
108 8 21.429393533100004 14.205296485600002 3.402136381700000 0.001760586272978 -0.001444357767332 0.001670505368447
124 8 19.180698912699995 13.670555930200003 4.968234320200000 0.000403292819240 0.001138874563545 0.001336714998665
148 8 21.429391484400018 12.372258443900009 1.296153622799999 0.001254269041234 -0.000310855454360 -0.001112753327598
60 7 24.934923971800007 14.396182340700005 5.481345370700000 -0.000575260475539 -0.001089312509012 0.000221690866530
68 8 24.604313256200001 12.372276697200000 5.994451122499998 -0.002102470384772 0.001233069178330 -0.001295122744436
84 8 24.604302760000003 14.205300304100005 3.402138567200000 -0.001439869490924 -0.000388510289297 0.001360655493194
29 1 9.590346111300004 5.537003285800003 8.613538384300000 0.000571760812399 0.000058827943585 -0.001648646845264
157 8 11.508430567900000 4.047833987800002 7.560555002900000 0.000222805738230 -0.002420363515113 -0.000014820698477
165 8 7.672298157300002 4.429594165800001 7.830487589900000 -0.000804269380110 0.000074449644062 -0.000007091616100
173 8 9.259725682700003 5.346106031900003 11.232641519100001 -0.001456233963304 -0.000239542861468 0.001482285773818
13 1 13.426498927400001 5.536998376400002 8.613533801700001 -0.000506236614086 -0.000128298940808 -0.000979411590070
30 1 17.262629481500003 5.537003285800003 8.613538384300000 -0.000187192862056 0.000074169091941 0.001013741302123
117 8 13.757107442800002 5.346108186800002 11.232628962800000 0.001477160371361 -0.000255050701323 0.001509761879056
166 8 15.344581527500001 4.429594165800001 7.830487589900000 0.000332552088073 0.000075125884439 -0.000015947389161
174 8 16.932009052900007 5.346106031900003 11.232641519100001 -0.001961860819520 -0.001424482236085 0.001179457346035
14 1 21.098782297600003 5.536998376400002 8.613533801700001 0.000258764462228 -0.000113191814424 0.001673103756857
118 8 21.429390813000005 5.346108186800002 11.232628962800000 0.001985196964299 -0.001433595555324 0.001209014113180
158 8 19.180713938100002 4.047833987800002 7.560555002900000 0.000220731948014 -0.001218403332412 -0.003268343676693
5 1 11.508418611100007 6.644402959900002 11.745737660500000 -0.000598032073489 -0.002232858336671 -0.001491013821167
21 1 11.508416103199998 8.859196511800004 8.613540438400001 -0.000452567121878 -0.000754553221374 -0.002747977364015
125 8 11.508415542500003 9.240961061100004 11.232627459799998 0.001892109669985 0.002951406112132 0.003648651768082
133 8 11.508426393700002 6.644398071300002 9.396583635799999 0.000132339990765 0.000347507724780 0.001100679530837
141 8 9.259738667500002 7.942686862000003 7.560553499600000 -0.002662569959348 0.001428997844596 0.002068788265267
167 8 11.508439842400001 11.073986469400005 7.830487589900000 0.000054183543512 0.000460294257338 0.001009524782610
37 7 13.426485478099996 9.966594381700006 11.745734611600000 0.005538570898522 -0.003166772579991 -0.021220061941413
45 7 15.344568302600001 6.644396246400003 11.745727975299999 0.004037897680348 -0.000023524698996 0.000232581614644
53 7 15.344568726799995 8.859188158300002 8.613540254699998 0.001039788500915 0.000214582207970 -0.000042047516373
61 7 17.262640601600001 9.966587471600000 11.745738510299995 0.005017463516371 0.003264667694183 0.021115780815986
69 8 16.932029886000002 7.942681828100003 12.258844262099997 -0.004162270144664 -0.003468451538016 -0.003852035564700
77 8 15.344574537800005 10.692224600700005 12.258847990200001 -0.016238500537447 -0.001955613090459 -0.001480058109187
85 8 16.932019389799990 9.775705435000003 9.666531706799999 -0.002685421537628 -0.001588140501793 -0.002212935949463
93 8 13.757112196700007 7.942669457500004 12.258833442600000 -0.000803692656230 0.005241274342556 0.001075005127259
101 8 15.344565511000003 7.026158843900003 9.666525792999996 -0.000185038138005 0.001761997538982 0.001554046625224
109 8 13.757110162900005 9.775701616500001 9.666529521300001 0.000505791440945 -0.000251964539824 0.005243645487982
142 8 16.932022037700005 7.942686862000003 7.560553499600000 -0.001049264311557 0.000542189765339 -0.002893851023023
149 8 13.757108114200001 7.942663574800001 7.560546762400000 0.002278664607809 0.001234190986914 -0.000086122116311
159 8 15.344572253000006 10.692226291400004 7.560555002900000 -0.000173646400127 -0.001820831363401 -0.001641946093299
6 1 19.180701981300004 6.644402959900002 11.745737660500000 -0.000602588397089 0.002024753613823 0.001324435378880
22 1 19.180699473400011 8.859196511800004 8.613540438400001 -0.000452571811104 0.000603412952329 0.002654791833974
38 7 21.098768848300008 9.966594381700006 11.745734611600000 -0.003617243316392 0.000331359616981 0.002916647874917
46 7 23.016851672800001 6.644396246400003 11.745727975299999 -0.001587971799842 -0.000033190649217 0.000224157669712
54 7 23.016852096999990 8.859188158300002 8.613540254699998 0.001039790532976 0.000207103246232 -0.000056058504315
78 8 23.016857907999999 10.692224600700005 12.258847990200001 0.002526785092019 -0.001934229869971 -0.001439928736626
94 8 21.429395566900006 7.942669457500004 12.258833442600000 0.002636552887436 0.000084068776186 -0.001724310430450
102 8 23.016848881199998 7.026158843900003 9.666525792999996 -0.000100435981235 0.001763022473881 0.001558030833817
110 8 21.429393533100001 9.775701616500001 9.666529521300001 0.002126171541210 -0.001134135526456 0.000290642007236
126 8 19.180698912700002 9.240961061100004 11.232627459799998 0.001901956014832 0.000795692805090 -0.000821117688122
134 8 19.180709763900005 6.644398071300002 9.396583635799999 0.000130928269486 -0.000426665119673 -0.000949332673360
150 8 21.429391484400004 7.942663574800001 7.560546762400000 0.000658306476895 0.000352057373243 -0.005039140935632
160 8 23.016855623200005 10.692226291400004 7.560555002900000 -0.000258260956994 -0.001819801143106 -0.001637942564298
168 8 19.180723212599993 11.073986469400005 7.830487589900000 0.000055595662943 -0.000313887097287 -0.001040486242466
62 7 24.934923971800000 9.966587471600000 11.745738510299995 -0.004034458661902 -0.000234210073432 -0.002932000089024
70 8 24.604313256200005 7.942681828100003 12.258844262099997 -0.000733444857052 0.001690834829954 -0.001053113128330
86 8 24.604302759999996 9.775705435000003 9.666531706799999 -0.001072097523157 -0.000701340031669 0.002749698187777
7 1 15.344560296200003 13.288795263500004 11.745737660500000 0.006404003413397 -0.000130528109748 -0.000017311462234
15 1 17.262640612500000 12.181390680000009 8.613533801700001 0.000251032155506 -0.000112349425898 0.001677788792161
23 1 15.344557788300000 15.503588815399999 8.613540438400001 0.000503957439978 -0.000075570691663 -0.000046590886633
31 1 13.426487796399995 12.181395589400003 8.613538384300000 0.000579477574380 0.000059666447271 -0.001643939936464
39 7 17.262627163200005 16.610986685300006 11.745734611600000 0.000726844431038 -0.001850768772934 0.000602275678938
95 8 17.593253881800010 14.587061761100006 12.258833442600000 0.000608571939978 0.002711539851036 -0.002479185396672
111 8 17.593251848000001 16.420093920100001 9.666529521300001 0.001410110469517 -0.000825482064776 0.001428331617102
119 8 17.593249127900002 11.990500490400001 11.232628962800000 0.000959228987761 0.001051626213502 -0.001444476088891
127 8 15.344557227600006 15.885353364700006 11.232627459799998 -0.000594512030669 0.001876992095689 0.001411304672607
135 8 15.344568078800005 13.288790374900007 9.396583635799999 -0.000727520921629 -0.000040824443056 0.000067258753973
143 8 13.095880352600002 14.587079165600008 7.560553499600000 -0.001772193895443 0.000852950199296 -0.001745234641968
151 8 17.593249799300004 14.587055878400003 7.560546762400000 0.001562598711740 0.000925554910385 -0.001223818514556
175 8 13.095867367800004 11.990498335500007 11.232641519100001 -0.002506163313455 -0.002730095098936 0.004144525446902
8 1 23.016843666400000 13.288795263500004 11.745737660500000 -0.002023477444214 -0.000097623786616 -0.000085569633095
24 1 23.016841158500000 15.503588815399999 8.613540438400001 -0.000304683356480 -0.000075568797943 -0.000046593903375
32 1 21.098771166600002 12.181395589400003 8.613538384300000 -0.000185519645519 0.000074785730925 0.001008532987413
47 7 19.180709987699998 13.288788550000005 11.745727975299999 -0.002104662267702 -0.002908021146905 0.004991708836651
55 7 19.180710411900002 15.503580461900007 8.613540254699998 -0.000142940571041 0.000210837669564 -0.000049043456160
63 7 21.098782286700004 16.610979775200004 11.745738510299995 -0.000574779838100 -0.001082896184559 0.000219957862061
71 8 20.768171571100002 14.587074131700003 12.258844262099997 -0.000395183901797 0.002176187977645 -0.001938813915101
79 8 19.180716222899996 17.336616904300001 12.258847990200001 -0.000078284208293 -0.001198944142328 -0.001366661791157
87 8 20.768161074900000 16.420097738599999 9.666531706799999 -0.001410081529196 -0.000843697317122 0.001571137525626
103 8 19.180707196099995 13.670551147500003 9.666525792999996 0.000296012046202 0.002362556256433 -0.000069119810847
128 8 23.016840597800005 15.885353364700006 11.232627459799998 0.000674249248645 0.001872476907899 0.001413287393246
136 8 23.016851449000004 13.288790374900007 9.396583635799999 0.000409292847229 -0.000041503592905 0.000076172235187
144 8 20.768163722800004 14.587079165600008 7.560553499600000 -0.001387241704674 0.000684546395356 -0.001715299424809
176 8 20.768150737999996 11.990498335500007 11.232641519100001 -0.000286134591052 -0.000820302357777 0.000326960650748
16 1 24.934923982700003 12.181390680000009 8.613533801700001 -0.000507904218305 -0.000127685417103 -0.000984620546612
40 7 24.934910533400007 16.610986685300006 11.745734611600000 -0.000162991575346 0.001190799574124 -0.000215799475376
48 7 26.852993357900004 13.288788550000005 11.745727975299999 -0.002091194401654 0.002863295644382 -0.004563658793985
56 7 26.852993782099993 15.503580461900007 8.613540254699998 -0.000139650523086 0.000210842066900 -0.000049056131895
64 7 28.771065656899999 16.610979775200004 11.745738510299995 0.000323127799429 0.001943179818455 -0.000591833378662
72 8 28.440454941300004 14.587074131700003 12.258844262099997 -0.002786834059912 -0.000946153642128 -0.000304283554688
80 8 26.852999593099998 17.336616904300001 12.258847990200001 -0.000080827300730 -0.002665524817972 -0.001517975457858
88 8 28.440444445099999 16.420097738599999 9.666531706799999 -0.001795035926738 -0.001012100698640 0.001601069949139
96 8 25.265537252000023 14.587061761100006 12.258833442600000 0.002979241789591 -0.000416621873550 -0.000836544946823
104 8 26.852990566300001 13.670551147500003 9.666525792999996 0.000293946346912 0.001160593779790 0.003184472764330
112 8 25.265535218199997 16.420093920100001 9.666529521300001 0.001792216627482 -0.000994257775688 0.001459526709747
120 8 25.265532498100001 11.990500490400001 11.232628962800000 0.003157759098482 -0.000863286539074 0.002371658034838
152 8 25.265533169500006 14.587055878400003 7.560546762400000 0.001944708626761 0.001094328128831 -0.001255003557261
