ITEM: TIMESTEP
0
ITEM: NUMBER OF ATOMS
176
ITEM: BOX BOUNDS xy xz yz pp pp pp
0.0000000000000000e+00 3.0689133480799999e+01 7.6722833701999980e+00
0.0000000000000000e+00 1.7718379476200003e+01 7.6722833702000024e+00
0.0000000000000000e+00 1.2528786279200000e+01 4.4295948690000015e+00
ITEM: ATOMS id type x y z fx fy fz
25 1 5.754204426199998 3.322205851300000 2.349145244699999 0.004572402130201 0.000993642248443 0.002566712496636
137 8 5.423596982400004 5.727889427500000 1.296160360000000 -0.002858247172652 0.001011146872369 -0.002441427011291
161 8 3.836156472199998 2.214796731300001 1.566094450300000 -0.002165058922906 0.000078045635681 -0.000009674323766
169 8 5.423583997600000 3.131308597400002 4.968248379499999 -0.006590169317152 -0.001584398137413 0.001123397713447
1 1 7.672276926000002 4.429605525400001 5.481344520900000 0.031058381999484 -0.000100698224483 -0.000081782056677
9 1 9.590357242299998 3.322200941900001 2.349140662099999 -0.002525719302679 0.001465619388298 0.020028169981435
41 7 11.518426617499998 4.429598811900002 5.481334835700000 -0.194945554696028 -0.000020644870116 0.000229176308844
89 8 9.920970511600007 5.727872023000002 5.994440303000000 0.030369019454086 -0.001545483128658 -0.007190316937974
97 8 11.508423825899998 4.811361409400002 3.402132653400000 0.017742955701431 0.001731913308855 0.001719342435771
113 8 9.920965757699999 3.131310752300001 4.968235823200000 0.030575789092750 0.001823446651010 0.007214167573596
129 8 7.672284708600001 4.429600636800002 3.132190496199999 -0.004353470339002 0.000691469358754 -0.006312828564697
145 8 9.920966429100000 5.727866140300000 1.296153622799999 0.004056685268428 0.001953884045003 -0.002554718160295
153 8 7.672288882800000 1.833036553300000 1.296161863300000 -0.001108518961173 -0.002733345914098 -0.004123297720965
162 8 11.508439842400000 2.214796731300001 1.566094450300000 0.005620473993171 0.000067110916907 -0.000022693580154
2 1 15.344560296200001 4.429605525400001 5.481344520900000 0.031350883996142 -0.000100763909711 -0.000081644380086
10 1 17.262640612500000 3.322200941900001 2.349140662099999 0.004259922887668 -0.001053277255597 -0.002552547293825
26 1 13.426487796400002 3.322205851300000 2.349145244699999 -0.002283394127449 -0.001512962800661 -0.020069547732993
65 8 13.095888200900001 5.727884393600002 5.994451122499998 0.028788852670631 0.004782504608150 0.005025597018571
90 8 17.593253881800006 5.727872023000002 5.994440303000000 -0.003370612811522 0.000358113622456 -0.001546212725215
114 8 17.593249127900009 3.131310752300001 4.968235823200000 -0.003161917716641 -0.000077435280322 0.001570990961997
130 8 15.344568078800005 4.429600636800002 3.132190496199999 -0.004359016681594 -0.000762413458839 0.006514395653820
138 8 13.095880352600009 5.727889427500000 1.296160360000000 0.000765556582518 -0.000170478344089 -0.000445892766819
146 8 17.593249799300011 5.727866140300000 1.296153622799999 0.000474858118937 0.000766308877661 -0.000522344286815
154 8 15.344572252999999 1.833036553300000 1.296161863300000 -0.001099462037155 -0.000908767520606 0.000839320753013
170 8 13.095867367800004 3.131308597400002 4.968248379499999 0.028933810808395 -0.004977537006508 -0.005143055418915
42 7 19.180709987699998 4.429598811900002 5.481334835700000 0.007992077333992 -0.000028437234578 0.000226544817237
66 8 20.768171571100002 5.727884393600002 5.994451122499998 -0.006730886418947 0.001393074183689 -0.001239023612693
98 8 19.180707196099995 4.811361409400002 3.402132653400000 -0.001790257895400 0.001760850688504 0.001559685772500
3 1 11.508418611100000 11.073997829000001 5.481344520900000 -0.001053474264936 -0.000103902929874 -0.000081591911599
17 1 7.672274418099999 6.644399077300000 2.349147298800000 0.002008163447607 -0.003151096182601 0.004791179938858
27 1 9.590346111300001 9.966598154900002 2.349145244699999 -0.000289809146550 -0.002149287208342 0.001135267156736
33 7 9.590343793000001 7.751796947200008 5.481341472000000 -0.000214740803245 -0.041097571574733 0.007901077986776
49 7 11.508427041700001 6.644390723800001 2.349147115100000 -0.011397832535067 0.000114377907672 0.000016286369016
73 8 11.508432852700000 8.477427166200002 5.994454850600000 0.011328015409896 -0.001936712617648 -0.001444425901608
105 8 9.920968477800001 7.560904182000002 3.402136381700000 0.004400673760472 0.001556271274179 -0.004649058576921
121 8 7.672273857400003 7.026163626600007 4.968234320200000 -0.007263791298867 0.007396132803977 -0.000695187645398
131 8 11.508426393700001 11.073992940400007 3.132190496199999 0.000575678873469 -0.000038175417935 0.000075626454408
155 8 11.508430567899998 8.477428856900005 1.296161863300000 0.001340527316130 -0.001796971104125 -0.001653213569189
163 8 7.672298157300000 8.859189034900005 1.566094450300000 -0.000437409031995 0.001687555700943 -0.000959695049491
171 8 9.259725682700001 9.775700901000002 4.968248379499999 -0.002605066553602 0.007645567848688 -0.000269967671753
11 1 13.426498927399999 9.966593245500007 2.349140662099999 -0.000616536146792 0.002090878702716 -0.001110219559259
18 1 15.344557788300000 6.644399077300000 2.349147298800000 0.001996362895657 0.003014540127989 -0.004903219242329
28 1 17.262629481500003 9.966598154900002 2.349145244699999 0.000685434239382 0.001269459157310 -0.000196283384906
34 7 17.262627163200005 7.751796947200008 5.481341472000000 0.007302686394433 0.003800755090413 0.000280620930457
43 7 15.344568302600003 11.073991115500002 5.481334835700000 0.002552375401262 0.005417748798724 0.000287599868391
57 7 13.426498916499998 7.751790037100004 5.481345370700000 -0.000669795715483 0.041312508562243 -0.007906675671891
81 8 13.095877704700001 7.560908000500002 3.402138567200000 0.001222000037677 -0.003395048049805 0.007695328206633
99 8 15.344565510999997 11.455753713000002 3.402132653400000 -0.000508590775125 -0.000149702502907 0.001757189221500
106 8 17.593251848000001 7.560904182000002 3.402136381700000 -0.000402628332118 -0.001225077381830 0.002666345273800
115 8 13.757107442799997 9.775703055900001 4.968235823200000 0.000844900331109 -0.009317477720939 0.002962411411239
122 8 15.344557227600001 7.026163626600007 4.968234320200000 -0.007266861389207 -0.003692464621431 0.003507732206791
164 8 15.344581527500001 8.859189034900005 1.566094450300000 -0.000431123146212 -0.001540368711398 0.000931203692178
172 8 16.932009052900014 9.775700901000002 4.968248379499999 -0.002168220376864 -0.003046355361635 0.001549037531256
4 1 19.180701981300000 11.073997829000001 5.481344520900000 -0.001053507483540 -0.000097709403243 -0.000081816907757
12 1 21.098782297600000 9.966593245500007 2.349140662099999 0.000363050870889 -0.001318782155734 0.000221825953424
44 7 23.016851672799998 11.073991115500002 5.481334835700000 0.002552515944805 -0.005474694859063 0.000165498541746
50 7 19.180710411899998 6.644390723800001 2.349147115100000 0.002671128668239 0.000213945974905 -0.000054798766186
58 7 21.098782286699997 7.751790037100004 5.481345370700000 0.006880392212071 -0.003681902895930 -0.000272884409979
74 8 19.180716222899989 8.477427166200002 5.994454850600000 -0.003682887799510 -0.001938345549253 -0.001444800434209
82 8 20.768161074900000 7.560908000500002 3.402138567200000 -0.003604846539263 -0.000614485493995 0.000368222529286
100 8 23.016848881199998 11.455753713000002 3.402132653400000 -0.000509031995484 0.003674243441134 0.001357078349297
116 8 21.429390813000008 9.775703055900001 4.968235823200000 0.001273671297923 0.001364675408255 0.001142740169115
132 8 19.180709763900005 11.073992940400007 3.132190496199999 0.000254558954199 -0.000045676849026 0.000074149941047
156 8 19.180713938099998 8.477428856900005 1.296161863300000 -0.000500795885298 -0.001822202879991 -0.001638043533854
19 1 11.508416103199997 13.288791380900006 2.349147298800000 0.001492459874380 -0.000077597915107 -0.000049770574546
123 8 11.508415542500002 13.670555930200003 4.968234320200000 -0.003201344635136 0.001878315298657 0.001414869933288
139 8 9.259738667499999 12.372281731100001 1.296160360000000 -0.002471761699406 0.001790598708176 -0.000392106704449
35 7 13.426485478100000 14.396189250800001 5.481341472000000 0.007292578230944 0.003783324580634 0.000278762391445
51 7 15.344568726800000 13.288783027399999 2.349147115100000 0.002675004456903 0.004225678638583 0.003154564733037
59 7 17.262640601600001 14.396182340700005 5.481345370700000 -0.000627716338523 0.041198900360536 -0.007895391160533
67 8 16.932029885999999 12.372276697200000 5.994451122499998 -0.002745498738121 -0.007836751273514 0.000154300628297
75 8 15.344574537799998 15.121819469800011 5.994454850600000 -0.007745255772932 -0.007456153932054 0.000665336112192
83 8 16.932019389799994 14.205300304100005 3.402138567200000 -0.003399168976169 -0.008048494907686 -0.004722723969289
91 8 13.757112196700003 12.372264326600002 5.994440303000000 0.001065080119884 -0.001083967564468 -0.001117994920310
107 8 13.757110162900000 14.205296485600002 3.402136381700000 0.000351212232231 -0.001591720962041 0.000695726934365
140 8 16.932022037700008 12.372281731100001 1.296160360000000 -0.001054770383350 -0.000128744353118 -0.002717389521773
147 8 13.757108114200003 12.372258443900009 1.296153622799999 0.000864198039306 -0.000008472226122 -0.002571666082142
20 1 19.180699473400008 13.288791380900006 2.349147298800000 -0.004133294380163 -0.000071573301278 -0.000046053555175
36 7 21.098768848300001 14.396189250800001 5.481341472000000 -0.000257070387545 -0.041212067395182 0.007912753028154
52 7 23.016852096999997 13.288783027399999 2.349147115100000 0.002670607042158 -0.003808203446868 -0.003256777041073
76 8 23.016857907999988 15.121819469800011 5.994454850600000 -0.007748547124142 0.003632292317512 -0.003537655953300
92 8 21.429395566900006 12.372264326600002 5.994440303000000 0.000636143569469 0.009598337358482 -0.002937633553627
108 8 21.429393533100004 14.205296485600002 3.402136381700000 -0.000192648530437 0.006197829662503 0.007738900719064
124 8 19.180698912699995 13.670555930200003 4.968234320200000 0.011809851389464 0.001876630318095 0.001414475180119
148 8 21.429391484400018 12.372258443900009 1.296153622799999 0.002279716127990 0.001904622765972 -0.000254660871689
60 7 24.934923971800007 14.396182340700005 5.481345370700000 0.006890512007844 -0.003699256003095 -0.000274746625089
68 8 24.604313256200001 12.372276697200000 5.994451122499998 -0.002308856271423 0.002854928555839 -0.001664717432183
84 8 24.604302760000003 14.205300304100005 3.402138567200000 -0.002844977388149 -0.000244709086407 0.002338523537497
29 1 9.590346111300004 5.537003285800003 8.613538384300000 -0.002204949651199 -0.001519115354370 -0.019998996635027
157 8 11.508430567900000 4.047833987800002 7.560555002900000 0.017670142786640 -0.001790108418739 -0.001803183584798
165 8 7.672298157300002 4.429594165800001 7.830487589900000 -0.004430184446781 -0.000657976082282 0.006373104949693
173 8 9.259725682700003 5.346106031900003 11.232641519100001 -0.002007199892244 -0.000667747364593 0.003632454103456
13 1 13.426498927400001 5.536998376400002 8.613533801700001 -0.002604092000933 0.001459444444407 0.020098578428191
30 1 17.262629481500003 5.537003285800003 8.613538384300000 0.004580643120962 0.000999808323860 0.002581683411613
117 8 13.757107442800002 5.346108186800002 11.232628962800000 0.001443394398695 -0.001003111285573 -0.000932834765104
166 8 15.344581527500001 4.429594165800001 7.830487589900000 -0.004435727997378 0.000795996968896 -0.006454232911581
174 8 16.932009052900007 5.346106031900003 11.232641519100001 -0.001748324176375 -0.000958839602670 0.000284450455420
14 1 21.098782297600003 5.536998376400002 8.613533801700001 0.004251670442639 -0.001047121867379 -0.002537604626326
118 8 21.429390813000005 5.346108186800002 11.232628962800000 0.001693736907638 -0.000718614206112 0.002403056367420
158 8 19.180713938100002 4.047833987800002 7.560555002900000 -0.001863487070038 -0.001818668279692 -0.001643589719303
5 1 11.508418611100007 6.644402959900002 11.745737660500000 -0.000345463254479 -0.000104159180808 -0.000087070307157
21 1 11.508416103199998 8.859196511800004 8.613540438400001 -0.004133249642772 -0.000079654786196 -0.000047209081350
125 8 11.508415542500003 9.240961061100004 11.232627459799998 0.000205932178973 0.001875129072060 0.001414284593501
133 8 11.508426393700002 6.644398071300002 9.396583635799999 0.005697171916030 -0.000033419898647 0.000083035245736
141 8 9.259738667500002 7.942686862000003 7.560553499600000 -0.003376340709463 0.007889306049722 0.004578565564260
167 8 11.508439842400001 11.073986469400005 7.830487589900000 0.000177810704569 0.000079330192839 -0.000013948171350
37 7 13.426485478099996 9.966594381700006 11.745734611600000 0.000629137708609 0.000295010452852 0.001335241133286
45 7 15.344568302600001 6.644396246400003 11.745727975299999 0.000896188905596 0.000443329022466 0.004405016554954
53 7 15.344568726799995 8.859188158300002 8.613540254699998 0.002670531756754 0.004229852056012 0.003158640504488
61 7 17.262640601600001 9.966587471600000 11.745738510299995 -0.000364021960602 0.000154648172296 0.002454108619767
69 8 16.932029886000002 7.942681828100003 12.258844262099997 -0.002147795053537 0.000476324116222 -0.003748201657129
77 8 15.344574537800005 10.692224600700005 12.258847990200001 -0.000607003863629 -0.002107100451651 -0.002497243657178
85 8 16.932019389799990 9.775705435000003 9.666531706799999 -0.002494579662663 -0.001949723559797 0.000247931057775
93 8 13.757112196700007 7.942669457500004 12.258833442600000 0.001485132404346 0.000999270381489 -0.002378279861399
101 8 15.344565511000003 7.026158843900003 9.666525792999996 -0.001026239035620 0.000850968966207 -0.000923240177794
109 8 13.757110162900005 9.775701616500001 9.666529521300001 0.002127246146814 -0.001804559902910 0.000459209646687
142 8 16.932022037700005 7.942686862000003 7.560553499600000 -0.002822123535483 0.000085544493890 -0.002482684649772
149 8 13.757108114200001 7.942663574800001 7.560546762400000 -0.000040044022755 -0.006097783537616 -0.007534345073252
159 8 15.344572253000006 10.692226291400004 7.560555002900000 -0.000582231416957 -0.003732018893246 -0.001440995569530
6 1 19.180701981300004 6.644402959900002 11.745737660500000 -0.000345485126214 -0.000097365220601 -0.000076393494567
22 1 19.180699473400011 8.859196511800004 8.613540438400001 0.001492459734684 -0.000073546803067 -0.000043416186105
38 7 21.098768848300008 9.966594381700006 11.745734611600000 0.000035341989458 -0.000052333043589 -0.002429909322950
46 7 23.016851672800001 6.644396246400003 11.745727975299999 0.000896227588743 -0.000500135698853 -0.003951958049084
54 7 23.016852096999990 8.859188158300002 8.613540254699998 0.002675046061842 -0.003804009861630 -0.003252721769683
78 8 23.016857907999999 10.692224600700005 12.258847990200001 -0.000599760901645 -0.001757559526174 -0.000387381500193
94 8 21.429395566900006 7.942669457500004 12.258833442600000 0.001234766974925 0.001283791073590 0.000957621324270
102 8 23.016848881199998 7.026158843900003 9.666525792999996 -0.001035305531622 0.002675531876928 0.004039423981282
110 8 21.429393533100001 9.775701616500001 9.666529521300001 0.000711686781731 0.000108553404933 0.002776192510251
126 8 19.180698912700002 9.240961061100004 11.232627459799998 0.000831886507988 0.001872359312114 0.001407203640488
134 8 19.180709763900005 6.644398071300002 9.396583635799999 -0.002088327467595 -0.000044445951518 0.000069855071544
150 8 21.429391484400004 7.942663574800001 7.560546762400000 0.000503695157266 0.001691806975594 -0.000491186411987
160 8 23.016855623200005 10.692226291400004 7.560555002900000 -0.000581816561327 0.000091915093743 -0.001841080704333
168 8 19.180723212599993 11.073986469400005 7.830487589900000 0.000498944129479 0.000071840674141 -0.000015442058195
62 7 24.934923971800000 9.966587471600000 11.745738510299995 0.000216388745787 -0.000193438251298 -0.001335064910964
70 8 24.604313256200005 7.942681828100003 12.258844262099997 -0.001888943883947 0.000767412867742 -0.000400118229486
86 8 24.604302759999996 9.775705435000003 9.666531706799999 -0.001077637231069 -0.000030420965941 0.002573266276655
7 1 15.344560296200003 13.288795263500004 11.745737660500000 0.000129847830664 -0.000100774948850 -0.000081697206336
15 1 17.262640612500000 12.181390680000009 8.613533801700001 -0.000610546199160 0.002095727446127 -0.001106122410032
23 1 15.344557788300000 15.503588815399999 8.613540438400001 0.002008118131429 0.002999972218204 -0.004884343327936
31 1 13.426487796399995 12.181395589400003 8.613538384300000 0.000683764296449 0.001265239601646 -0.000192695150228
39 7 17.262627163200005 16.610986685300006 11.745734611600000 0.000048256049298 -0.000053144376190 -0.002448179829794
95 8 17.593253881800010 14.587061761100006 12.258833442600000 0.001873710165122 0.000844901049728 -0.001260804781095
111 8 17.593251848000001 16.420093920100001 9.666529521300001 0.003904223838147 -0.001853800134680 0.002759116151080
119 8 17.593249127900002 11.990500490400001 11.232628962800000 0.002082316283001 -0.000564225362283 0.001285555135288
127 8 15.344557227600006 15.885353364700006 11.232627459799998 -0.000125424756404 0.002047037259343 0.002467278245279
135 8 15.344568078800005 13.288790374900007 9.396583635799999 -0.000360667988579 -0.001653898315704 0.001019858719647
143 8 13.095880352600002 14.587079165600008 7.560553499600000 -0.003581967976280 0.000455285696014 -0.000512389116788
151 8 17.593249799300004 14.587055878400003 7.560546762400000 0.004553159682263 -0.001456157430212 0.004853384368011
175 8 13.095867367800004 11.990498335500007 11.232641519100001 -0.001871082450661 -0.000990067220925 0.001206123555161
8 1 23.016843666400000 13.288795263500004 11.745737660500000 0.000125264684337 -0.000100759417858 -0.000081703366339
24 1 23.016841158500000 15.503588815399999 8.613540438400001 0.001996388430862 -0.003165613257941 0.004810074643479
32 1 21.098771166600002 12.181395589400003 8.613538384300000 -0.000295818481263 -0.002144444687314 0.001139378274242
47 7 19.180709987699998 13.288788550000005 11.745727975299999 -0.000691596235062 -0.000028402525214 0.000226573152335
55 7 19.180710411900002 15.503580461900007 8.613540254699998 -0.011397623985445 0.000307391971762 -0.000114035010885
63 7 21.098782286700004 16.610979775200004 11.745738510299995 -0.000376888268855 0.000153842930236 0.002435802690823
71 8 20.768171571100002 14.587074131700003 12.258844262099997 -0.001496429469237 0.000921337347847 -0.001516285623326
79 8 19.180716222899996 17.336616904300001 12.258847990200001 0.000350294200498 -0.001932444250844 -0.001437168290491
87 8 20.768161074900000 16.420097738599999 9.666531706799999 0.000742649101110 0.000011237624145 0.000301754381270
103 8 19.180707196099995 13.670551147500003 9.666525792999996 0.001413714890928 0.001739229726424 0.001569236064351
128 8 23.016840597800005 15.885353364700006 11.232627459799998 -0.000118185892366 0.001697483121080 0.000357446258852
136 8 23.016851449000004 13.288790374900007 9.396583635799999 -0.000354384595468 0.001573981137584 -0.000871018985298
144 8 20.768163722800004 14.587079165600008 7.560553499600000 0.001244798430689 0.003235864278618 -0.007839650162209
176 8 20.768150737999996 11.990498335500007 11.232641519100001 -0.001355805870396 -0.001112765168683 0.001400597418475
16 1 24.934923982700003 12.181390680000009 8.613533801700001 0.000364722868932 -0.001322979533785 0.000225413559542
40 7 24.934910533400007 16.610986685300006 11.745734611600000 0.000628648167411 0.000294936823812 0.001340948026049
48 7 26.852993357900004 13.288788550000005 11.745727975299999 0.000321027453240 -0.000028389197892 0.000226552249541
56 7 26.852993782099993 15.503580461900007 8.613540254699998 0.002671092572420 0.000207732400746 -0.000043308751369
64 7 28.771065656899999 16.610979775200004 11.745738510299995 0.000216861810443 -0.000193512845513 -0.001329362081218
72 8 28.440454941300004 14.587074131700003 12.258844262099997 -0.002011692539622 0.000798649621060 -0.001321799912688
80 8 26.852999593099998 17.336616904300001 12.258847990200001 -0.000275628093492 -0.001935189315202 -0.001444209917303
88 8 28.440444445099999 16.420097738599999 9.666531706799999 -0.002881024697444 -0.001170297391003 0.002297211201848
96 8 25.265537252000023 14.587061761100006 12.258833442600000 0.001363413088045 0.000968395535829 -0.001459341672418
104 8 26.852990566300001 13.670551147500003 9.666525792999996 -0.000427579544855 0.001764394507220 0.001554138271236
112 8 25.265535218199997 16.420093920100001 9.666529521300001 0.000322331347725 -0.000666257012521 0.000726852558747
120 8 25.265532498100001 11.990500490400001 11.232628962800000 0.001572020890297 -0.000687737367310 0.001484110100955
152 8 25.265533169500006 14.587055878400003 7.560546762400000 -0.000250149061233 0.001325140619587 -0.002461839427207
