ITEM: TIMESTEP
0
ITEM: NUMBER OF ATOMS
176
ITEM: BOX BOUNDS xy xz yz pp pp pp
0.0000000000000000e+00 3.0689133480799999e+01 7.6722833701999980e+00
0.0000000000000000e+00 1.7718379476200003e+01 7.6722833702000024e+00
0.0000000000000000e+00 1.2528786279200000e+01 4.4295948690000015e+00
ITEM: ATOMS id type x y z fx fy fz
25 1 5.754204426199998 3.322205851300000 2.349145244699999 -0.010311649189176 0.001155319656922 -0.008953922713288
137 8 5.423596982400004 5.727889427500000 1.296160360000000 -0.001332912801409 0.000912902389365 0.000772114126097
161 8 3.836156472199998 2.214796731300001 1.566094450300000 0.000094755511154 0.001413253417348 0.002662966469212
169 8 5.423583997600000 3.131308597400002 4.968248379499999 -0.000104407128871 -0.001633162697605 0.000340604510674
1 1 7.672276926000002 4.429605525400001 5.481344520900000 -0.000811280606283 0.001423290641293 0.003864931148372
9 1 9.590357242299998 3.322200941900001 2.349140662099999 0.008060809430956 0.007952259744583 -0.004091646651225
41 7 11.508426617500000 4.429598811900002 5.481334835700000 0.002674174990571 0.001606973272594 0.003945461855893
89 8 9.920970511600007 5.727872023000002 5.994440303000000 0.001188711821762 -0.000007697380242 -0.002234549988695
97 8 11.508423825899998 4.811361409400002 3.402132653400000 -0.003890410490225 -0.001754120533158 -0.000655848795649
113 8 9.920965757699999 3.131310752300001 4.968235823200000 0.000175090033943 -0.001988143377365 -0.002464707170817
129 8 7.672284708600001 4.429600636800002 3.132190496199999 0.004044341216159 -0.009000145980047 -0.004264627191278
145 8 9.920966429100000 5.727866140300000 1.296153622799999 0.001355244834035 -0.001767085824140 0.001518413747005
153 8 7.667288882799953 1.830149801954079 1.287996897490743 0.025384068167904 -0.019788437757134 0.098018987752788
162 8 11.508439842400000 2.214796731300001 1.566094450300000 -0.005556659890992 0.002448279662651 0.003389324697364
2 1 15.344560296200001 4.429605525400001 5.481344520900000 0.000484984544567 0.000530214867848 0.001431897294074
10 1 17.262640612500000 3.322200941900001 2.349140662099999 0.000172767285268 -0.000228634469611 -0.000609732003435
26 1 13.426487796400002 3.322205851300000 2.349145244699999 0.002586807346354 0.000292195069269 -0.000267528103941
65 8 13.095888200900001 5.727884393600002 5.994451122499998 -0.002994265303234 -0.000318609512429 -0.003200582337286
90 8 17.593253881800006 5.727872023000002 5.994440303000000 0.002138978158115 0.000461874912077 -0.002482953171298
114 8 17.593249127900009 3.131310752300001 4.968235823200000 0.002209592089666 -0.000809927511046 0.001259431757855
130 8 15.344568078800005 4.429600636800002 3.132190496199999 -0.000893975343419 -0.000229310860468 -0.000033507061623
138 8 13.095880352600009 5.727889427500000 1.296160360000000 -0.002172529408909 0.000519673425809 -0.001003172892396
146 8 17.593249799300011 5.727866140300000 1.296153622799999 0.001811444449389 0.001033033439471 -0.001007905990556
154 8 15.344572252999999 1.833036553300000 1.296161863300000 -0.000485529198567 -0.001722499411378 -0.001344034755786
170 8 13.095867367800004 3.131308597400002 4.968248379499999 -0.002522712549512 -0.000793968790193 0.000804995350052
42 7 19.180709987699998 4.429598811900002 5.481334835700000 -0.001921914353751 0.000591089690705 0.001433951288175
66 8 20.768171571100002 5.727884393600002 5.994451122499998 -0.000911776440912 -0.000088967902274 -0.001900843557520
98 8 19.180707196099995 4.811361409400002 3.402132653400000 0.000997307183403 0.000897353731075 0.001220254288268
3 1 11.508418611100000 11.073997829000001 5.481344520900000 -0.000274446437396 -0.000420892855736 0.000154382828340
17 1 7.672274418099999 6.644399077300000 2.349147298800000 -0.000854715748530 0.003187944254693 -0.001941049258824
27 1 9.590346111300001 9.966598154900002 2.349145244699999 0.000350498161310 0.000489411523018 -0.000281712451641
33 7 9.590343793000001 7.751796947200008 5.481341472000000 0.000711822448073 0.001170083679888 0.000881666263855
49 7 11.508427041700001 6.644390723800001 2.349147115100000 0.001214049454257 0.002961305396691 -0.000988224757760
73 8 11.508432852700000 8.477427166200002 5.994454850600000 -0.000679039457198 -0.001577708406436 -0.001628793423309
105 8 9.920968477800001 7.560904182000002 3.402136381700000 0.001417024785614 -0.001707609813662 0.001244370049914
121 8 7.672273857400003 7.026163626600007 4.968234320200000 0.000498708295361 0.000663772202176 0.000822199819260
131 8 11.508426393700001 11.073992940400007 3.132190496199999 -0.000167033107257 -0.000231743467136 0.000567213469853
155 8 11.508430567899998 8.477428856900005 1.296161863300000 -0.000279823751025 -0.002801080539218 -0.001113559893397
163 8 7.672298157300000 8.859189034900005 1.566094450300000 -0.000109846697587 -0.000658460685229 0.000401060242999
171 8 9.259725682700001 9.775700901000002 4.968248379499999 -0.001629390934212 -0.001190498928720 0.001337228801600
11 1 13.426498927399999 9.966593245500007 2.349140662099999 -0.000687692062528 0.000403219197110 -0.001097118355505
18 1 15.344557788300000 6.644399077300000 2.349147298800000 0.000446054026236 0.000196059791454 -0.000055136024527
28 1 17.262629481500003 9.966598154900002 2.349145244699999 0.000388899434961 -0.001234298984806 -0.000811537023510
34 7 17.262627163200005 7.751796947200008 5.481341472000000 -0.000059858171741 -0.000529677771458 0.001777939706098
43 7 15.344568302600003 11.073991115500002 5.481334835700000 -0.000836770523960 -0.002290708746416 0.002634556088962
57 7 13.426498916499998 7.751790037100004 5.481345370700000 0.000445949523635 0.000235550997905 0.002139979590412
81 8 13.095877704700001 7.560908000500002 3.402138567200000 -0.002250832375002 -0.001721247045195 0.000986655565961
99 8 15.344565510999997 11.455753713000002 3.402132653400000 0.000053008208655 0.006856487585536 -0.001698895836342
106 8 17.593251848000001 7.560904182000002 3.402136381700000 0.001523240587753 -0.000905652830963 0.001274863004942
115 8 13.757107442799997 9.775703055900001 4.968235823200000 0.002318175837340 -0.000025489490165 0.001191431460985
122 8 15.344557227600001 7.026163626600007 4.968234320200000 0.000044292912498 0.001807570198869 0.000859070958419
164 8 15.344581527500001 8.859189034900005 1.566094450300000 0.000135073385780 0.000023110049015 0.000303872596696
172 8 16.932009052900014 9.775700901000002 4.968248379499999 -0.001917580448358 0.000068329316435 0.001072995715949
4 1 19.180701981300000 11.073997829000001 5.481344520900000 0.000727512938622 -0.000882972125729 0.000702824665488
12 1 21.098782297600000 9.966593245500007 2.349140662099999 0.000124334904899 -0.000147407303246 -0.000264001280350
44 7 23.016851672799998 11.073991115500002 5.481334835700000 0.000081607531015 -0.000123554669562 0.000331698483780
50 7 19.180710411899998 6.644390723800001 2.349147115100000 -0.000376926026260 0.000253200307611 -0.001116818077979
58 7 21.098782286699997 7.751790037100004 5.481345370700000 -0.000997429380346 0.000881914009158 0.000504681210463
74 8 19.180716222899989 8.477427166200002 5.994454850600000 0.000073947338054 -0.000793433643367 -0.001103154581892
82 8 20.768161074900000 7.560908000500002 3.402138567200000 -0.001008333197296 -0.001297350246173 0.001266339427569
100 8 23.016848881199998 11.455753713000002 3.402132653400000 -0.000135568805128 0.001715282500372 0.001615054759092
116 8 21.429390813000008 9.775703055900001 4.968235823200000 0.001684909994382 -0.000811191128768 0.001426898224864
132 8 19.180709763900005 11.073992940400007 3.132190496199999 -0.000288867358569 0.001036633979193 0.000247681902584
156 8 19.180713938099998 8.477428856900005 1.296161863300000 -0.000026141878711 -0.001776786311205 -0.001371759158449
19 1 11.508416103199997 13.288791380900006 2.349147298800000 -0.000138632073461 -0.000428560000751 -0.002685166306247
123 8 11.508415542500002 13.670555930200003 4.968234320200000 0.001763955011284 0.002322878607990 0.001192889061042
139 8 9.259738667499999 12.372281731100001 1.296160360000000 -0.002000876488797 0.000791756633822 -0.001229939200117
35 7 13.426485478100000 14.396189250800001 5.481341472000000 -0.002111022224483 -0.000864470495934 0.003937515863384
51 7 15.344568726800000 13.288783027399999 2.349147115100000 -0.008927862225347 -0.007793614874674 -0.013117970912729
59 7 17.262640601600001 14.396182340700005 5.481345370700000 0.001569692861977 -0.000566386423419 0.009928005700842
67 8 16.932029885999999 12.372276697200000 5.994451122499998 -0.001506250862918 0.002551086329213 -0.002824001228492
75 8 15.344574537799998 15.121819469800011 5.994454850600000 0.000832159464636 -0.001965725038384 -0.003132798080016
83 8 16.932019389799994 14.205300304100005 3.402138567200000 -0.012298683116570 0.009541448985563 -0.014505214655920
91 8 13.757112196700003 12.372264326600002 5.994440303000000 0.001878999417689 0.002001600126409 -0.002213495966440
107 8 13.757110162900000 14.205296485600002 3.402136381700000 0.009606533974451 0.003017982697190 -0.001729100352211
140 8 16.932022037700008 12.372281731100001 1.296160360000000 -0.001853717562203 0.001870362378850 0.002538788707847
147 8 13.757108114200003 12.372258443900009 1.296153622799999 0.001962280466523 -0.002671772051069 0.002954728854523
20 1 19.180699473400008 13.288791380900006 2.349147298800000 0.003577846606658 -0.003187731686519 -0.002070454489046
36 7 21.098768848300001 14.396189250800001 5.481341472000000 0.002187593113429 0.000002366592225 0.001355466561585
52 7 23.016852096999997 13.288783027399999 2.349147115100000 0.000794242809168 -0.000251972295862 -0.000682512293758
76 8 23.016857907999988 15.121819469800011 5.994454850600000 -0.000658581593906 -0.001740173493961 -0.001594002135345
92 8 21.429395566900006 12.372264326600002 5.994440303000000 0.001018294975676 0.001171568994284 -0.001657114066067
108 8 21.429393533100004 14.205296485600002 3.402136381700000 0.000582834364308 -0.000631646081924 0.001493267310564
124 8 19.180698912699995 13.670555930200003 4.968234320200000 -0.002526622661698 0.002481955730460 0.000193541014380
148 8 21.429391484400018 12.372258443900009 1.296153622799999 0.001313031230773 0.001121740702765 -0.000921386019528
60 7 24.934923971800007 14.396182340700005 5.481345370700000 -0.000884985145391 0.000341939202743 0.000508182375657
68 8 24.604313256200001 12.372276697200000 5.994451122499998 -0.001619984185242 0.000544518533489 -0.001558054435949
84 8 24.604302760000003 14.205300304100005 3.402138567200000 -0.001669880486652 -0.000970360805320 0.001566301408284
29 1 9.590346111300004 5.537003285800003 8.613538384300000 0.001528952632312 0.000538971443690 0.001280945348925
157 8 11.508430567900000 4.047833987800002 7.560555002900000 -0.001049346585062 -0.002356793963878 -0.003486666768708
165 8 7.672298157300002 4.429594165800001 7.830487589900000 -0.000111404585611 -0.000264659759085 -0.001469447014586
173 8 9.259725682700003 5.346106031900003 11.232641519100001 -0.002524964026257 -0.001015715500010 0.001249864043149
13 1 13.426498927400001 5.536998376400002 8.613533801700001 0.002298798104748 0.001635458344675 0.004723824145315
30 1 17.262629481500003 5.537003285800003 8.613538384300000 -0.002600072273531 0.001386313234499 0.003038520160814
117 8 13.757107442800002 5.346108186800002 11.232628962800000 -0.007695497393606 -0.008399831581288 -0.007362193618763
166 8 15.344581527500001 4.429594165800001 7.830487589900000 0.000137892582877 -0.001273537049074 -0.001578575489635
174 8 16.932009052900007 5.346106031900003 11.232641519100001 0.007833695658811 -0.007065845624528 -0.002863989776345
14 1 21.098782297600003 5.536998376400002 8.613533801700001 -0.001051085461051 0.000314846168355 0.000713638328723
118 8 21.429390813000005 5.346108186800002 11.232628962800000 0.001878510252997 -0.000794458536808 0.001423302258393
158 8 19.180713938100002 4.047833987800002 7.560555002900000 0.000743686012498 -0.002265301730471 -0.002433784682491
5 1 11.508418611100007 6.644402959900002 11.745737660500000 0.005906099717262 -0.000604451368443 -0.000799601154458
21 1 11.508416103199998 8.859196511800004 8.613540438400001 0.001366355599980 -0.000996340254371 0.001338566217863
125 8 11.508415542500003 9.240961061100004 11.232627459799998 -0.001390579447417 0.003070671971360 0.001323873048758
133 8 11.508426393700002 6.644398071300002 9.396583635799999 -0.001942768016742 0.000228195640044 -0.001227319956795
141 8 9.259738667500002 7.942686862000003 7.560553499600000 -0.001883592296617 0.000708887981407 -0.002191765158337
167 8 11.508439842400001 11.073986469400005 7.830487589900000 -0.000208021918804 0.000420405028491 -0.000548173676146
37 7 13.426485478099996 9.966594381700006 11.745734611600000 0.001297941066471 -0.007835826844682 -0.000803329185629
45 7 15.344568302600001 6.644396246400003 11.745727975299999 -0.008847119043720 0.000475875330253 -0.031034177357568
53 7 15.344568726799995 8.859188158300002 8.613540254699998 -0.000802255151661 -0.007410829522537 0.005148972061396
61 7 17.262640601600001 9.966587471600000 11.745738510299995 -0.001841617140275 -0.001863040911290 -0.002765429003434
69 8 16.932029886000002 7.942681828100003 12.258844262099997 0.006049367228531 0.006401292622215 0.007135786472038
77 8 15.344574537800005 10.692224600700005 12.258847990200001 0.000839345241971 -0.001025312434655 -0.000102720816054
85 8 16.932019389799990 9.775705435000003 9.666531706799999 -0.000542938637564 0.000310010092948 0.001674333819389
93 8 13.757112196700007 7.942669457500004 12.258833442600000 -0.008985751289867 0.016696508424666 -0.003385167134135
101 8 15.344565511000003 7.026158843900003 9.666525792999996 0.000043554366956 0.007187733704857 -0.021023418755880
109 8 13.757110162900005 9.775701616500001 9.666529521300001 0.001049456018869 0.000582139869615 0.000731455722039
142 8 16.932022037700005 7.942686862000003 7.560553499600000 -0.000025637103467 0.001632619671704 -0.003655715386713
149 8 13.757108114200001 7.942663574800001 7.560546762400000 0.000377460771562 0.001805493208520 -0.003624809807923
159 8 15.344572253000006 10.692226291400004 7.560555002900000 0.000194476308134 0.000331942834206 -0.003832498918288
6 1 19.180701981300004 6.644402959900002 11.745737660500000 -0.002358756186653 -0.000952502006728 -0.003611718855358
22 1 19.180699473400011 8.859196511800004 8.613540438400001 -0.000994685577048 -0.000633860438320 0.000711418998460
38 7 21.098768848300008 9.966594381700006 11.745734611600000 0.000416506464823 0.000199245700512 -0.000694558344317
46 7 23.016851672800001 6.644396246400003 11.745727975299999 0.000756516965628 -0.000364884760500 -0.000151262928901
54 7 23.016852096999990 8.859188158300002 8.613540254699998 0.000124204248134 0.000240155631807 0.000213139745715
78 8 23.016857907999999 10.692224600700005 12.258847990200001 -0.000650654450147 -0.001528041379356 -0.000943765922381
94 8 21.429395566900006 7.942669457500004 12.258833442600000 0.001196678164350 0.001070468372068 -0.000765996846904
102 8 23.016848881199998 7.026158843900003 9.666525792999996 -0.000135629639013 0.001730641386155 0.001287145828762
110 8 21.429393533100001 9.775701616500001 9.666529521300001 0.001502080837879 -0.000907934623623 0.001419471979414
126 8 19.180698912700002 9.240961061100004 11.232627459799998 0.000612506155943 0.002175355171704 0.001815639985569
134 8 19.180709763900005 6.644398071300002 9.396583635799999 0.001483462733773 0.000346491500977 0.000086778810152
150 8 21.429391484400004 7.942663574800001 7.560546762400000 0.001900700723239 0.001010009119921 -0.001701244626950
160 8 23.016855623200005 10.692226291400004 7.560555002900000 -0.000121382021432 -0.001932900299585 -0.001826014616374
168 8 19.180723212599993 11.073986469400005 7.830487589900000 -0.000111881604859 0.000219812442894 -0.000687647132204
62 7 24.934923971800000 9.966587471600000 11.745738510299995 0.000887875800470 -0.000316500003326 -0.000324065635701
70 8 24.604313256200005 7.942681828100003 12.258844262099997 -0.002414581854328 0.000783779700471 -0.001152313710669
86 8 24.604302759999996 9.775705435000003 9.666531706799999 -0.001974406321500 -0.000904206103387 0.000998689358208
7 1 15.344560296200003 13.288795263500004 11.745737660500000 0.000032852821121 -0.000494779505973 -0.000243077570028
15 1 17.262640612500000 12.181390680000009 8.613533801700001 -0.000268204685091 -0.000930972676554 0.001104306137918
23 1 15.344557788300000 15.503588815399999 8.613540438400001 -0.000007049930205 -0.000004943799857 0.001199149056849
31 1 13.426487796399995 12.181395589400003 8.613538384300000 0.000141848566884 -0.001150177866246 0.000924508897439
39 7 17.262627163200005 16.610986685300006 11.745734611600000 0.001782414968735 0.000772195234713 0.000216943047699
95 8 17.593253881800010 14.587061761100006 12.258833442600000 0.001380467412332 0.000680269100363 -0.001219984531127
111 8 17.593251848000001 16.420093920100001 9.666529521300001 0.001145398611716 -0.001165055610421 0.000958402726221
119 8 17.593249127900002 11.990500490400001 11.232628962800000 0.001935338162126 -0.000599429946121 0.001522698421870
127 8 15.344557227600006 15.885353364700006 11.232627459799998 -0.000203627187388 0.001664868467905 0.001152694574341
135 8 15.344568078800005 13.288790374900007 9.396583635799999 0.000085153271367 0.000333123828121 -0.000314295935842
143 8 13.095880352600002 14.587079165600008 7.560553499600000 -0.000947111769645 0.000689174057819 -0.002869641702997
151 8 17.593249799300004 14.587055878400003 7.560546762400000 0.000923194400898 0.000672925798609 -0.004375107531008
175 8 13.095867367800004 11.990498335500007 11.232641519100001 -0.001915420765344 0.001026028725102 0.001063367897284
8 1 23.016843666400000 13.288795263500004 11.745737660500000 -0.000015574322706 0.000899959278394 -0.000394567037542
24 1 23.016841158500000 15.503588815399999 8.613540438400001 -0.000060211114431 0.001498244720661 0.001217761273542
32 1 21.098771166600002 12.181395589400003 8.613538384300000 0.000390983719922 0.000041953603208 0.000329786935325
47 7 19.180709987699998 13.288788550000005 11.745727975299999 0.000472241148219 0.000798437520533 0.000118532835958
55 7 19.180710411900002 15.503580461900007 8.613540254699998 0.001783553378574 0.001504709357875 0.001924770955021
63 7 21.098782286700004 16.610979775200004 11.745738510299995 0.002014512038799 0.008645169995250 -0.001182695974251
71 8 20.768171571100002 14.587074131700003 12.258844262099997 -0.002381473671940 -0.001512566083975 -0.000983470371763
79 8 19.180716222899996 17.336616904300001 12.258847990200001 -0.002648352405135 -0.002869594947622 -0.000737484101389
87 8 20.768161074900000 16.420097738599999 9.666531706799999 -0.002913786551941 -0.002946401286797 -0.000590290366502
103 8 19.180707196099995 13.670551147500003 9.666525792999996 -0.000247165578951 0.001493902711499 0.001133655406766
128 8 23.016840597800005 15.885353364700006 11.232627459799998 0.001073378878092 0.000035215658275 0.001175197276168
136 8 23.016851449000004 13.288790374900007 9.396583635799999 -0.000051500564577 -0.000661281649488 -0.000239419761736
144 8 20.768163722800004 14.587079165600008 7.560553499600000 -0.001972265084486 0.000378558756112 -0.002527813768039
176 8 20.768150737999996 11.990498335500007 11.232641519100001 -0.001662332649432 -0.001296063745255 0.001320360793842
16 1 24.934923982700003 12.181390680000009 8.613533801700001 -0.000143959955959 -0.000014111486089 0.000320923608049
40 7 24.934910533400007 16.610986685300006 11.745734611600000 -0.002493558987002 0.004604837018732 -0.003834359029655
48 7 26.852993357900004 13.288788550000005 11.745727975299999 -0.000229761466879 -0.000350545201620 0.000014887296856
56 7 26.852993782099993 15.503580461900007 8.613540254699998 -0.001462251071500 0.001023878864837 0.000880187395331
64 7 28.771065656899999 16.610979775200004 11.745738510299995 -0.000503665454751 0.000307727276581 -0.000286771317189
72 8 28.440454941300004 14.587074131700003 12.258844262099997 -0.001615745114929 0.000748248866233 -0.001329070526485
80 8 26.852999593099998 17.336616904300001 12.258847990200001 0.001299878314453 -0.001914918836603 -0.000070633438417
88 8 28.440444445099999 16.420097738599999 9.666531706799999 -0.001252454280969 -0.001122208446983 0.001265918070643
96 8 25.265537252000023 14.587061761100006 12.258833442600000 0.001890731741196 0.000184287313662 -0.000674593672598
104 8 26.852990566300001 13.670551147500003 9.666525792999996 0.000191140804271 0.001761846168856 0.001320222067108
112 8 25.265535218199997 16.420093920100001 9.666529521300001 0.002551534734788 -0.002203593385505 0.000692558451521
120 8 25.265532498100001 11.990500490400001 11.232628962800000 0.001724881524638 -0.000635185742043 0.001328932290051
152 8 25.265533169500006 14.587055878400003 7.560546762400000 0.001996239047909 0.000697813814716 -0.001748636162534
