ITEM: TIMESTEP
0
ITEM: NUMBER OF ATOMS
176
ITEM: BOX BOUNDS xy xz yz pp pp pp
0.0000000000000000e+00 3.0689133480799999e+01 7.6722833701999980e+00
0.0000000000000000e+00 1.7718379476200003e+01 7.6722833702000024e+00
0.0000000000000000e+00 1.2528786279200000e+01 4.4295948690000015e+00
ITEM: ATOMS id type x y z fx fy fz
25 1 5.754204426199998 3.322205851300000 2.349145244699999 -0.000934786145674 -0.000702360406825 -0.000060948237179
137 8 5.423596982400004 5.727889427500000 1.296160360000000 -0.000281355256375 0.000782964610866 -0.001345680456773
161 8 3.836156472199998 2.214796731300001 1.566094450300000 -0.000053634749141 0.000105361957844 -0.000086356278922
169 8 5.423583997600000 3.131308597400002 4.968248379499999 -0.000763305246726 -0.000385631827241 0.000720265069850
1 1 7.672276926000002 4.429605525400001 5.481344520900000 -0.000410620830479 -0.000399732823115 0.001301113640753
9 1 9.590357242299998 3.322200941900001 2.349140662099999 -0.002642939562105 -0.004911108123083 0.001114629054405
41 7 11.508426617500000 4.429598811900002 5.481334835700000 0.005345959782501 0.002759227168111 0.010062164210299
89 8 9.920970511600007 5.727872023000002 5.994440303000000 0.000563927918341 0.000470919822783 -0.002580474048884
97 8 11.508423825899998 4.811361409400002 3.402132653400000 0.000893266160125 0.012990606706930 -0.006843652797517
113 8 9.920965757699999 3.131310752300001 4.968235823200000 0.001703105647739 -0.000091322211671 -0.000206293363223
129 8 7.672284708600001 4.429600636800002 3.132190496199999 0.001403845375426 0.000786930866468 -0.000918095003474
145 8 9.920966429100000 5.727866140300000 1.296153622799999 0.022457375610445 0.012940442816800 0.014079397914195
153 8 7.672288882800000 1.833036553300000 1.296161863300000 0.000623295137848 -0.000676556406011 -0.001388187656877
162 8 11.508439842400000 2.214796731300001 1.566094450300000 -0.000174214971843 0.002059433607200 0.000146924175218
2 1 15.344560296200001 4.429605525400001 5.481344520900000 -0.001003708262718 0.006166495983483 0.001168685762734
10 1 17.262640612500000 3.322200941900001 2.349140662099999 0.000267993486388 0.000302851929828 0.000684953184115
26 1 13.426487796400002 3.322205851300000 2.349145244699999 0.003596394390134 -0.004931334590492 0.002337985687762
65 8 13.095888200900001 5.727884393600002 5.994451122499998 -0.006069369311071 -0.013331964493900 0.002968847312975
90 8 17.593253881800006 5.727872023000002 5.994440303000000 0.004245585081092 -0.000939617619625 -0.000774946756417
114 8 17.593249127900009 3.131310752300001 4.968235823200000 0.001985627023500 -0.001287961217975 0.001080193652658
130 8 15.344568078800005 4.429600636800002 3.132190496199999 -0.001246760136814 -0.000811075153621 -0.002336322285058
138 8 13.095880352600009 5.727889427500000 1.296160360000000 -0.009995994740096 0.017283486684960 0.016765835650477
146 8 17.593249799300011 5.727866140300000 1.296153622799999 0.001414881986329 0.000913314151727 -0.001700518511931
154 8 15.344572252999999 1.833036553300000 1.296161863300000 -0.000738762318977 -0.001396992425584 -0.001547679987690
170 8 13.095867367800004 3.131308597400002 4.968248379499999 -0.002699650405008 -0.001721791906169 -0.000419237740839
42 7 19.180709987699998 4.429598811900002 5.481334835700000 -0.001817818946055 0.000966199831511 0.000472726446705
66 8 20.768171571100002 5.727884393600002 5.994451122499998 -0.001051021352079 0.000704970598979 -0.001532852816982
98 8 19.180707196099995 4.811361409400002 3.402132653400000 0.000358104108074 0.001625849330499 0.001190483778542
3 1 11.508418611100000 11.073997829000001 5.481344520900000 0.004979318944131 -0.004196408812167 0.001168656183575
17 1 7.672274418099999 6.644399077300000 2.349147298800000 -0.005442888012907 0.000211244363165 0.001018231867320
27 1 9.590346111300001 9.966598154900002 2.349145244699999 -0.002331523937295 0.005336128082319 0.002337994535678
33 7 9.590343793000001 7.751796947200008 5.481341472000000 0.005407916184235 0.003295828634070 0.009834411551054
49 7 11.508427041700001 6.644390723800001 2.349147115100000 0.016936815723304 0.010059352651539 0.022639832480675
73 8 11.508432852700000 8.477427166200002 5.994454850600000 -0.014567655341442 0.001352038733299 0.002956249927743
105 8 9.920968477800001 7.560904182000002 3.402136381700000 0.011730121827928 -0.005767558739846 -0.006822774716598
121 8 7.672273857400003 7.026163626600007 4.968234320200000 0.000761669031859 0.001423360869080 -0.000169854213935
131 8 11.508426393700001 11.073992940400007 3.132190496199999 -0.001305384434106 -0.000709526276886 -0.002336310211441
155 8 11.508430567899998 8.477428856900005 1.296161863300000 0.010055689913848 -0.017339930902805 0.016723056059026
163 8 7.672298157300000 8.859189034900005 1.566094450300000 0.001578336437856 -0.000976090176463 0.000146929621179
171 8 9.259725682700001 9.775700901000002 4.968248379499999 -0.002888574182068 -0.001394541469024 -0.000419228562996
11 1 13.426498927399999 9.966593245500007 2.349140662099999 0.008218311815257 0.005381049725640 0.012566666259190
18 1 15.344557788300000 6.644399077300000 2.349147298800000 0.008901077462040 0.004471338406832 0.012470451424322
28 1 17.262629481500003 9.966598154900002 2.349145244699999 -0.000724742885957 -0.000581091284925 0.002024272586971
34 7 17.262627163200005 7.751796947200008 5.481341472000000 -0.011138715582191 -0.002735030661488 -0.001215899934333
43 7 15.344568302600003 11.073991115500002 5.481334835700000 -0.008150183394899 -0.008555051585545 -0.000988232294720
57 7 13.426498916499998 7.751790037100004 5.481345370700000 0.013228160318241 0.007917840522108 0.028123500919347
81 8 13.100877704700050 7.563794751845924 3.410303533009257 -0.088942901565444 -0.051377546787817 -0.149260307076411
99 8 15.344565510999997 11.455753713000002 3.402132653400000 0.000420821230696 0.003206569831958 -0.001247535586272
106 8 17.593251848000001 7.560904182000002 3.402136381700000 0.003020728483906 -0.001284717368666 -0.001226640501991
115 8 13.757107442799997 9.775703055900001 4.968235823200000 0.007775503155669 0.024173153984728 0.007991151038609
122 8 15.344557227600001 7.026163626600007 4.968234320200000 0.024811768198366 -0.005449974584418 0.008027851509525
164 8 15.344581527500001 8.859189034900005 1.566094450300000 -0.002294831436730 -0.001188578897244 -0.002238160585599
172 8 16.932009052900014 9.775700901000002 4.968248379499999 0.000440784265339 0.000309520617478 0.000408735807617
4 1 19.180701981300000 11.073997829000001 5.481344520900000 -0.001301763854505 -0.000914243717265 -0.000275456843089
12 1 21.098782297600000 9.966593245500007 2.349140662099999 -0.001504679827204 0.000560821969064 0.000446930619115
44 7 23.016851672799998 11.073991115500002 5.481334835700000 0.000112151771527 0.000157092054348 0.000762213723429
50 7 19.180710411899998 6.644390723800001 2.349147115100000 -0.002003475079909 0.000825597056022 0.001304103650802
58 7 21.098782286699997 7.751790037100004 5.481345370700000 -0.002135411363156 0.000546558542129 0.000707368503099
74 8 19.180716222899989 8.477427166200002 5.994454850600000 0.002859528346819 -0.001177989278084 -0.000891676092365
82 8 20.768161074900000 7.560908000500002 3.402138567200000 -0.000497832302313 -0.001175583763105 0.001077013984528
100 8 23.016848881199998 11.455753713000002 3.402132653400000 0.000340800365961 0.001409084453294 0.001109323067760
116 8 21.429390813000008 9.775703055900001 4.968235823200000 0.002121094868578 -0.000823992553436 0.001206683169509
132 8 19.180709763900005 11.073992940400007 3.132190496199999 0.000518130027321 0.000275569959205 -0.000155156486350
156 8 19.180713938099998 8.477428856900005 1.296161863300000 0.000221266488318 -0.001861326683335 -0.001875181825401
19 1 11.508416103199997 13.288791380900006 2.349147298800000 0.000527923391662 0.000125179962511 0.000588586393621
123 8 11.508415542500002 13.670555930200003 4.968234320200000 -0.000133394614319 0.002266328655281 0.001116636427829
139 8 9.259738667499999 12.372281731100001 1.296160360000000 -0.001586294524394 -0.000036391639030 -0.001505147002932
35 7 13.426485478100000 14.396189250800001 5.481341472000000 0.000273185407046 -0.002011626594137 0.000245071163448
51 7 15.344568726800000 13.288783027399999 2.349147115100000 -0.000529829188988 -0.001726825442988 0.001304096665077
59 7 17.262640601600001 14.396182340700005 5.481345370700000 -0.000837451135667 -0.001701583537817 0.000707367484342
67 8 16.932029885999999 12.372276697200000 5.994451122499998 0.000453119815874 0.003025415874697 -0.000879111584017
75 8 15.344574537799998 15.121819469800011 5.994454850600000 0.000097870099460 -0.001320391083446 -0.001545412765766
83 8 16.932019389799994 14.205300304100005 3.402138567200000 -0.001244196013224 0.000117146544250 0.001077018695336
91 8 13.757112196700003 12.372264326600002 5.994440303000000 0.001183175890774 0.004364612094370 -0.000774913124575
107 8 13.757110162900000 14.205296485600002 3.402136381700000 0.001620417773802 -0.000548670712178 0.001211377220056
140 8 16.932022037700008 12.372281731100001 1.296160360000000 -0.001508419866882 0.001027193858721 -0.001832665402560
147 8 13.757108114200003 12.372258443900009 1.296153622799999 0.001520433649121 0.000730480754306 -0.001700510303610
20 1 19.180699473400008 13.288791380900006 2.349147298800000 -0.000135010591996 -0.001538991924128 0.000350571025151
36 7 21.098768848300001 14.396189250800001 5.481341472000000 0.000537463828033 0.000064300200753 0.000534580535195
52 7 23.016852096999997 13.288783027399999 2.349147115100000 -0.000243577723488 0.000140036166951 0.000643552943925
76 8 23.016857907999988 15.121819469800011 5.994454850600000 -0.000424181685054 -0.002632882902944 -0.001473669701907
92 8 21.429395566900006 12.372264326600002 5.994440303000000 0.001693054868068 0.001122820037896 -0.001190389034500
108 8 21.429393533100004 14.205296485600002 3.402136381700000 0.001424042906128 -0.000455284634606 0.001130223503954
124 8 19.180698912699995 13.670555930200003 4.968234320200000 0.000336135408671 0.002151682690722 0.001243122435697
148 8 21.429391484400018 12.372258443900009 1.296153622799999 0.001868336431507 0.001053226513806 -0.001330860899888
60 7 24.934923971800007 14.396182340700005 5.481345370700000 0.000076618041251 0.000324913835401 0.000200531261917
68 8 24.604313256200001 12.372276697200000 5.994451122499998 -0.002448703060232 0.000909116589611 -0.001461100780371
84 8 24.604302760000003 14.205300304100005 3.402138567200000 -0.001807347146950 -0.001069811876942 0.001200686895342
29 1 9.590346111300004 5.537003285800003 8.613538384300000 0.001605510175140 0.000764267360985 -0.000474865116142
157 8 11.508430567900000 4.047833987800002 7.560555002900000 -0.001181647035672 -0.003256014110239 -0.001659984319103
165 8 7.672298157300002 4.429594165800001 7.830487589900000 -0.000202880927908 0.000019196132039 -0.000212283621845
173 8 9.259725682700003 5.346106031900003 11.232641519100001 -0.001149846620117 -0.000608895242341 0.000994672168892
13 1 13.426498927400001 5.536998376400002 8.613533801700001 0.000623868835756 0.003852850721860 -0.003700115904437
30 1 17.262629481500003 5.537003285800003 8.613538384300000 -0.001493529579452 0.000948455801074 -0.001911484004504
117 8 13.757107442800002 5.346108186800002 11.232628962800000 0.001586706993890 -0.001486625265463 0.002608396596054
166 8 15.344581527500001 4.429594165800001 7.830487589900000 0.000681243258063 -0.001518910795652 0.000944073835812
174 8 16.932009052900007 5.346106031900003 11.232641519100001 -0.000879231449906 -0.000396164118329 0.001562075616602
14 1 21.098782297600003 5.536998376400002 8.613533801700001 -0.000354630253674 -0.000107858732275 -0.000347826962477
118 8 21.429390813000005 5.346108186800002 11.232628962800000 0.001450240543992 -0.000248673575472 0.001729287405023
158 8 19.180713938100002 4.047833987800002 7.560555002900000 0.000325069085555 -0.002100614651823 -0.001134193254493
5 1 11.508418611100007 6.644402959900002 11.745737660500000 0.000848564419605 0.000327242847260 -0.001390546660340
21 1 11.508416103199998 8.859196511800004 8.613540438400001 0.003780188668534 -0.001341602459082 -0.003796435673698
125 8 11.508415542500003 9.240961061100004 11.232627459799998 -0.000504921580498 0.002020200631402 0.002644828888730
133 8 11.508426393700002 6.644398071300002 9.396583635799999 -0.001645699794297 -0.000973707753292 0.001721047845194
141 8 9.259738667500002 7.942686862000003 7.560553499600000 -0.003417703412455 0.000509590013310 -0.001617478908609
167 8 11.508439842400001 11.073986469400005 7.830487589900000 -0.001092841582421 0.001553915036906 0.000944049844562
37 7 13.426485478099996 9.966594381700006 11.745734611600000 -0.001405858093764 -0.000909731145279 -0.002871663117735
45 7 15.344568302600001 6.644396246400003 11.745727975299999 -0.001703078249282 -0.001038852028266 -0.002644049165988
53 7 15.344568726799995 8.859188158300002 8.613540254699998 -0.008053377373137 -0.004368955163096 -0.008178732155872
61 7 17.262640601600001 9.966587471600000 11.745738510299995 -0.004119930350321 -0.002097946065090 -0.011178516031023
69 8 16.932029886000002 7.942681828100003 12.258844262099997 -0.000437030260561 0.003566849552898 0.000193084036092
77 8 15.344574537800005 10.692224600700005 12.258847990200001 0.002883302181476 -0.002219586816189 0.000180501645532
85 8 16.932019389799990 9.775705435000003 9.666531706799999 0.001410284247235 0.000787893606311 0.006378504351111
93 8 13.757112196700007 7.942669457500004 12.258833442600000 0.001969719863405 0.001282558759799 -0.000660461860334
101 8 15.344565511000003 7.026158843900003 9.666525792999996 0.001669642712942 0.000532538922971 0.004610413615846
109 8 13.757110162900005 9.775701616500001 9.666529521300001 0.001329350395257 0.001133803874090 0.004631286570144
142 8 16.932022037700005 7.942686862000003 7.560553499600000 0.000547481591980 0.001089786421343 0.000426775044606
149 8 13.757108114200001 7.942663574800001 7.560546762400000 0.007733742231253 0.004439505340852 0.027369803511845
159 8 15.344572253000006 10.692226291400004 7.560555002900000 0.001303400502713 -0.000112161603304 0.000384250884451
6 1 19.180701981300004 6.644402959900002 11.745737660500000 -0.000100907624283 -0.002089905115937 -0.001678579048604
22 1 19.180699473400011 8.859196511800004 8.613540438400001 -0.001349404295305 -0.000889386564791 -0.002318564134817
38 7 21.098768848300008 9.966594381700006 11.745734611600000 0.004107530434672 -0.001779622387315 -0.010928866348900
46 7 23.016851672800001 6.644396246400003 11.745727975299999 0.001561424973621 -0.001331788873543 -0.000764756702093
54 7 23.016852096999990 8.859188158300002 8.613540254699998 0.001416477731313 -0.000323571560261 -0.001165395866179
78 8 23.016857907999999 10.692224600700005 12.258847990200001 -0.003612374376791 -0.002187181992261 -0.000921644342508
94 8 21.429395566900006 7.942669457500004 12.258833442600000 0.000080212426004 0.003993036792305 0.000004430271902
102 8 23.016848881199998 7.026158843900003 9.666525792999996 -0.000309370580591 0.001948537141889 0.002050323189564
110 8 21.429393533100001 9.775701616500001 9.666529521300001 0.000681364114351 -0.000304512606998 0.004754366801199
126 8 19.180698912700002 9.240961061100004 11.232627459799998 0.000872207025337 0.003175936369362 0.003872674543877
134 8 19.180709763900005 6.644398071300002 9.396583635799999 0.000499747344993 0.000289943200201 0.001173656053514
150 8 21.429391484400004 7.942663574800001 7.560546762400000 0.001917122055904 0.001086762322651 -0.001045916225288
160 8 23.016855623200005 10.692226291400004 7.560555002900000 -0.000398245675338 -0.001770899907010 -0.001399694803929
168 8 19.180723212599993 11.073986469400005 7.830487589900000 0.000403863837183 0.000369501965022 0.000872390356815
62 7 24.934923971800000 9.966587471600000 11.745738510299995 0.001874071819397 -0.000388642423657 -0.000811240196297
70 8 24.604313256200005 7.942681828100003 12.258844262099997 -0.002205951039353 0.000850903825456 -0.001434664276231
86 8 24.604302759999996 9.775705435000003 9.666531706799999 -0.002662490161871 -0.000693432599794 0.002252392822198
7 1 15.344560296200003 13.288795263500004 11.745737660500000 -0.001719479935593 0.000713559749939 -0.001678557233820
15 1 17.262640612500000 12.181390680000009 8.613533801700001 -0.001549311780655 -0.000815663393563 -0.002222180307908
23 1 15.344557788300000 15.503588815399999 8.613540438400001 -0.000139072665244 -0.000208654161362 -0.000444189267897
31 1 13.426487796399995 12.181395589400003 8.613538384300000 0.000215506955321 -0.002011654045114 -0.001911476452509
39 7 17.262627163200005 16.610986685300006 11.745734611600000 -0.000027322398814 0.002063859548285 -0.000992386552400
95 8 17.593253881800010 14.587061761100006 12.258833442600000 0.003372368581217 -0.001709039630094 0.000004440937970
111 8 17.593251848000001 16.420093920100001 9.666529521300001 0.001566140535489 -0.001288049359641 0.002071223457419
119 8 17.593249127900002 11.990500490400001 11.232628962800000 0.003276150975178 -0.000871875375886 0.003836223058799
127 8 15.344557227600006 15.885353364700006 11.232627459799998 0.000498938570160 0.001283031454615 0.001765718920640
135 8 15.344568078800005 13.288790374900007 9.396583635799999 0.000521389695411 0.000252466933598 0.001173659764271
143 8 13.095880352600002 14.587079165600008 7.560553499600000 -0.001663743485366 0.001236719913798 -0.001091688339149
151 8 17.593249799300004 14.587055878400003 7.560546762400000 0.001921768324897 0.001078716366579 -0.001045912770989
175 8 13.095867367800004 11.990498335500007 11.232641519100001 -0.000830331363514 -0.000480810608117 0.001562152125811
8 1 23.016843666400000 13.288795263500004 11.745737660500000 0.001977275037150 0.000978916280390 -0.000249521316984
24 1 23.016841158500000 15.503588815399999 8.613540438400001 0.000038927694073 0.001269548128172 -0.000728754979090
32 1 21.098771166600002 12.181395589400003 8.613538384300000 0.000481825647336 0.000115518517263 -0.001541978950314
47 7 19.180709987699998 13.288788550000005 11.745727975299999 0.000300316908217 0.004170809703684 -0.010701131613287
55 7 19.180710411900002 15.503580461900007 8.613540254699998 0.000184941071815 0.001809505524021 -0.001165390547288
63 7 21.098782286700004 16.610979775200004 11.745738510299995 0.000357382487351 0.002238311205932 -0.000811235163470
71 8 20.768171571100002 14.587074131700003 12.258844262099997 -0.003656824361687 -0.002074758595550 -0.000909082015923
79 8 19.180716222899996 17.336616904300001 12.258847990200001 -0.000353217276470 -0.002393559829034 -0.001447225181589
87 8 20.768161074900000 16.420097738599999 9.666531706799999 -0.001908964817229 -0.001998564634452 0.002252397279662
103 8 19.180707196099995 13.670551147500003 9.666525792999996 0.000100004655972 0.000690554283716 0.004733455751712
128 8 23.016840597800005 15.885353364700006 11.232627459799998 -0.000230227116308 0.001238247796129 0.001733985451531
136 8 23.016851449000004 13.288790374900007 9.396583635799999 -0.000489784103201 -0.000306346083968 0.000789942696375
144 8 20.768163722800004 14.587079165600008 7.560553499600000 -0.001739857865842 0.000445466385126 -0.001357189263587
176 8 20.768150737999996 11.990498335500007 11.232641519100001 -0.002951017387631 -0.001648767688344 0.003564550619023
16 1 24.934923982700003 12.181390680000009 8.613533801700001 0.001014518217572 -0.000692801641922 -0.000632386185402
40 7 24.934910533400007 16.610986685300006 11.745734611600000 0.000198272322782 0.000002401641909 -0.000014338046754
48 7 26.852993357900004 13.288788550000005 11.745727975299999 -0.000111058288247 -0.000105693217726 0.000213302592427
56 7 26.852993782099993 15.503580461900007 8.613540254699998 -0.000223627756688 0.000151565079975 -0.000316815056837
64 7 28.771065656899999 16.610979775200004 11.745738510299995 -0.000731647690464 -0.000141736372093 -0.000106523626079
72 8 28.440454941300004 14.587074131700003 12.258844262099997 -0.001354914390157 0.000565502717996 -0.001377298318999
80 8 26.852999593099998 17.336616904300001 12.258847990200001 -0.000174861734240 -0.001513840447363 -0.001389861687533
88 8 28.440444445099999 16.420097738599999 9.666531706799999 -0.001587764791564 -0.000943032518217 0.001595034492970
96 8 25.265537252000023 14.587061761100006 12.258833442600000 0.001261565560691 0.000873707093386 -0.001598081069931
104 8 26.852990566300001 13.670551147500003 9.666525792999996 -0.000062580804365 0.002007660759473 0.001830587195984
112 8 25.265535218199997 16.420093920100001 9.666529521300001 0.001740732283775 -0.001103878826469 0.001851483910046
120 8 25.265532498100001 11.990500490400001 11.232628962800000 0.001046863553607 -0.000857763231467 0.001697541626288
152 8 25.265533169500006 14.587055878400003 7.560546762400000 0.001651110688647 0.000927820285689 -0.001139638339554
