ITEM: TIMESTEP
0
ITEM: NUMBER OF ATOMS
176
ITEM: BOX BOUNDS xy xz yz pp pp pp
0.0000000000000000e+00 3.0689133480799999e+01 7.6722833701999980e+00
0.0000000000000000e+00 1.7718379476200003e+01 7.6722833702000024e+00
0.0000000000000000e+00 1.2528786279200000e+01 4.4295948690000015e+00
ITEM: ATOMS id type x y z fx fy fz
25 1 5.754204426199998 3.322205851300000 2.349145244699999 -0.023408416677805 -0.007942388547102 -0.005596739180817
137 8 5.423596982400004 5.727889427500000 1.296160360000000 -0.005186577328772 0.007650378222801 -0.008235408006634
161 8 3.836156472199998 2.214796731300001 1.566094450300000 -0.014770533114729 -0.008391830877744 -0.006001236613835
169 8 5.423583997600000 3.131308597400002 4.968248379499999 -0.005219604136578 -0.004858194143532 0.009985405561242
1 1 7.672276926000002 4.429605525400001 5.481344520900000 -0.009992783531818 -0.000129928492277 -0.000057778485972
9 1 9.590357242299998 3.322200941900001 2.349140662099999 -0.022610145466844 0.007055340922514 0.005036409504697
41 7 11.508426617500000 4.429598811900002 5.481334835700000 0.004171426014744 0.002362342028541 0.005513156034129
89 8 9.920970511600007 5.727872023000002 5.994440303000000 0.002156585111363 -0.000220996027630 -0.003341866969751
97 8 11.508423825899998 4.811361409400002 3.402132653400000 -0.005184355431397 -0.001582784468425 -0.000809245986495
113 8 9.920965757699999 3.131310752300001 4.968235823200000 -0.001775240758791 0.003170095032071 -0.007204325028000
129 8 7.662284708600000 4.429600636800002 3.132190496199999 0.093825350248271 0.000911924895311 0.000748476677573
145 8 9.920966429100000 5.727866140300000 1.296153622799999 -0.001852730509789 -0.005789635561662 0.005224533478711
153 8 7.672288882800000 1.833036553300000 1.296161863300000 0.008183387702175 -0.001824018778529 -0.001642767664966
162 8 11.508439842400000 2.214796731300001 1.566094450300000 -0.014577246506621 0.008441423772870 0.005901560792502
2 1 15.344560296200001 4.429605525400001 5.481344520900000 0.002157965311718 -0.000103373183661 -0.000081894415343
10 1 17.262640612500000 3.322200941900001 2.349140662099999 0.005080944959099 -0.000212330757467 -0.000102520627340
26 1 13.426487796400002 3.322205851300000 2.349145244699999 0.005369453781484 0.000153741134777 0.000128073779853
65 8 13.095888200900001 5.727884393600002 5.994451122499998 -0.003140559906289 -0.000375573098450 -0.002200787278120
90 8 17.593253881800006 5.727872023000002 5.994440303000000 0.000233877911372 0.002145258110896 -0.000579383866069
114 8 17.593249127900009 3.131310752300001 4.968235823200000 -0.000119470234472 -0.001632291863064 0.002041846884354
130 8 15.344568078800005 4.429600636800002 3.132190496199999 -0.002580285465288 -0.000031739307969 0.000081338352466
138 8 13.095880352600009 5.727889427500000 1.296160360000000 -0.003523355845939 0.000456157332670 -0.000589793199993
146 8 17.593249799300011 5.727866140300000 1.296153622799999 -0.000196816145713 0.001327126954904 -0.002385372468623
154 8 15.344572252999999 1.833036553300000 1.296161863300000 -0.001726542610912 -0.001825119393938 -0.001643530139020
170 8 13.095867367800004 3.131308597400002 4.968248379499999 -0.003556571524453 -0.000047810712678 0.000654431556757
42 7 19.180709987699998 4.429598811900002 5.481334835700000 0.004151221687637 -0.002435285073257 -0.005096016104809
66 8 20.768171571100002 5.727884393600002 5.994451122499998 -0.001178591710165 0.001983979264788 0.000558663290490
98 8 19.180707196099995 4.811361409400002 3.402132653400000 -0.005215053879722 0.005145888394628 0.003948645349779
3 1 11.508418611100000 11.073997829000001 5.481344520900000 0.000270318514938 0.000996542404187 -0.000269824794304
17 1 7.672274418099999 6.644399077300000 2.349147298800000 -0.010034098311376 -0.000062804472477 -0.000082069925943
27 1 9.590346111300001 9.966598154900002 2.349145244699999 -0.000000834122924 0.001196292352117 -0.000154911346033
33 7 9.590343793000001 7.751796947200008 5.481341472000000 -0.000585701731350 0.002192833406778 0.001605874881651
49 7 11.508427041700001 6.644390723800001 2.349147115100000 0.004211805550887 0.005992080927550 0.000442802443811
73 8 11.508432852700000 8.477427166200002 5.994454850600000 -0.000483852719166 -0.002331856733594 -0.001724317909577
105 8 9.920968477800001 7.560904182000002 3.402136381700000 0.002135379092155 -0.003187407126505 0.001019556715414
121 8 7.672273857400003 7.026163626600007 4.968234320200000 0.003491446668641 0.001828210323430 0.001380719030479
131 8 11.508426393700001 11.073992940400007 3.132190496199999 -0.000319086236120 -0.001353110333543 0.000152091549363
155 8 11.508430567899998 8.477428856900005 1.296161863300000 -0.000420559796258 -0.003768771356001 -0.000859262282490
163 8 7.672298157300000 8.859189034900005 1.566094450300000 -0.000096097809911 0.000016375710789 0.000008815462619
171 8 9.259725682700001 9.775700901000002 4.968248379499999 -0.001372548409066 -0.001898191853223 0.001161525794779
11 1 13.426498927399999 9.966593245500007 2.349140662099999 0.000126748665271 0.001042068357563 0.000026776902824
18 1 15.344557788300000 6.644399077300000 2.349147298800000 0.002116582720013 -0.000076601537233 -0.000048984734167
28 1 17.262629481500003 9.966598154900002 2.349145244699999 0.000445837260495 -0.001082274255143 -0.000002466836128
34 7 17.262627163200005 7.751796947200008 5.481341472000000 0.001133839287563 -0.000948613501509 -0.000615446838808
43 7 15.344568302600003 11.073991115500002 5.481334835700000 -0.000767016938536 -0.000024184974076 0.000223586721778
57 7 13.426498916499998 7.751790037100004 5.481345370700000 0.000728529014103 0.001047542321023 0.000619509439179
81 8 13.095877704700001 7.560908000500002 3.402138567200000 -0.002989568485466 -0.002041535192134 0.000703764145950
99 8 15.344565510999997 11.455753713000002 3.402132653400000 0.000558303675514 0.001759456791754 0.001558339122921
106 8 17.593251848000001 7.560904182000002 3.402136381700000 0.000212673199070 0.000205863682249 0.002329693764403
115 8 13.757107442799997 9.775703055900001 4.968235823200000 0.001695817693814 -0.001338311973414 0.001369734849736
122 8 15.344557227600001 7.026163626600007 4.968234320200000 -0.000851689063034 0.001871800093048 0.001411538066328
164 8 15.344581527500001 8.859189034900005 1.566094450300000 -0.000496129853583 0.000045532405383 -0.000004874974490
172 8 16.932009052900014 9.775700901000002 4.968248379499999 -0.001747562806003 -0.000340483626051 0.001322400372010
4 1 19.180701981300000 11.073997829000001 5.481344520900000 0.000267209365760 -0.001189630400818 0.000103733582197
12 1 21.098782297600000 9.966593245500007 2.349140662099999 -0.000341280427887 -0.001227123623300 0.000182003456370
44 7 23.016851672799998 11.073991115500002 5.481334835700000 -0.000445579644593 -0.000020391491005 0.000229571358806
50 7 19.180710411899998 6.644390723800001 2.349147115100000 0.004191630713119 -0.005609675585930 -0.000544166868859
58 7 21.098782286699997 7.751790037100004 5.481345370700000 -0.001044719514302 -0.002064391184525 -0.001580953675513
74 8 19.180716222899989 8.477427166200002 5.994454850600000 -0.000474703062778 -0.001537704587798 -0.001162757846457
82 8 20.768161074900000 7.560908000500002 3.402138567200000 -0.001027571544098 0.001346640432367 0.002008585747253
100 8 23.016848881199998 11.455753713000002 3.402132653400000 0.000033660500529 0.001757892487781 0.001555919293204
116 8 21.429390813000008 9.775703055900001 4.968235823200000 0.002076494677177 0.000209739906703 0.001525000104278
132 8 19.180709763900005 11.073992940400007 3.132190496199999 -0.000311728760589 0.001262663864447 0.000000595755362
156 8 19.180713938099998 8.477428856900005 1.296161863300000 -0.000414676548587 0.000132518536785 -0.002420437472891
19 1 11.508416103199997 13.288791380900006 2.349147298800000 0.001319170489201 0.004099066185880 -0.000332530078015
123 8 11.508415542500002 13.670555930200003 4.968234320200000 -0.000479711390992 0.000898481123577 0.001923937916232
139 8 9.259738667499999 12.372281731100001 1.296160360000000 -0.002191404568855 0.000153366901178 -0.001764889953096
35 7 13.426485478100000 14.396189250800001 5.481341472000000 -0.002069074251516 0.004467751574882 -0.003722190273811
51 7 15.344568726800000 13.288783027399999 2.349147115100000 -0.005845870250385 0.000216765932311 -0.000051901735305
59 7 17.262640601600001 14.396182340700005 5.481345370700000 -0.002457607910687 -0.004368417376411 0.003700285301746
67 8 16.932029885999999 12.372276697200000 5.994451122499998 -0.001287675218667 0.002036087695324 -0.001916430073029
75 8 15.344574537799998 15.121819469800011 5.994454850600000 0.002537674914147 -0.001911461225563 -0.001443512717029
83 8 16.932019389799994 14.205300304100005 3.402138567200000 0.000942897658589 0.004596621058238 -0.000352861311493
91 8 13.757112196700003 12.372264326600002 5.994440303000000 0.002089301062058 -0.000275549042553 -0.000859315779905
107 8 13.757110162900000 14.205296485600002 3.402136381700000 0.004164863941462 -0.006465943247140 0.003415488445167
140 8 16.932022037700008 12.372281731100001 1.296160360000000 -0.000768795023823 0.001325340386028 -0.001368566512208
147 8 13.757108114200003 12.372258443900009 1.296153622799999 0.002559840423572 0.000452767458961 -0.001602867399035
20 1 19.180699473400008 13.288791380900006 2.349147298800000 0.001301108831175 -0.004218702309818 0.000234327777771
36 7 21.098768848300001 14.396189250800001 5.481341472000000 0.002083462030342 -0.001306203021702 0.001207860682196
52 7 23.016852096999997 13.288783027399999 2.349147115100000 0.001937091090733 0.000218564005629 -0.000048993203992
76 8 23.016857907999988 15.121819469800011 5.994454850600000 -0.001535961333180 -0.001932100362729 -0.001441519864830
92 8 21.429395566900006 12.372264326600002 5.994440303000000 0.001292818003213 0.001619915373844 -0.001512050365113
108 8 21.429393533100004 14.205296485600002 3.402136381700000 0.000377047671668 -0.000194146146373 0.001388840180855
124 8 19.180698912699995 13.670555930200003 4.968234320200000 -0.000480483981705 0.002844899720758 0.000903723134461
148 8 21.429391484400018 12.372258443900009 1.296153622799999 0.001145686811028 0.001616901713800 -0.001206982501754
60 7 24.934923971800007 14.396182340700005 5.481345370700000 0.001679478248028 0.001416133270456 -0.001212553664178
68 8 24.604313256200001 12.372276697200000 5.994451122499998 -0.002084647982754 0.000141228814057 -0.001268494770561
84 8 24.604302760000003 14.205300304100005 3.402138567200000 -0.002829603161667 -0.001648543091352 0.001645342133573
29 1 9.590346111300004 5.537003285800003 8.613538384300000 -0.000000835809851 0.000234467725626 0.001205285208544
157 8 11.508430567900000 4.047833987800002 7.560555002900000 -0.000420536547043 -0.001733573303753 -0.003737386897655
165 8 7.672298157300002 4.429594165800001 7.830487589900000 -0.000096107163123 0.000077286172397 -0.000077335115384
173 8 9.259725682700003 5.346106031900003 11.232641519100001 -0.002224632672653 -0.001256688138442 0.000760660184212
13 1 13.426498927400001 5.536998376400002 8.613533801700001 0.000126749162555 0.000327698293507 0.001037032652994
30 1 17.262629481500003 5.537003285800003 8.613538384300000 0.000445835942702 -0.000381322874141 -0.000993760036485
117 8 13.757107442800002 5.346108186800002 11.232628962800000 0.002637159579353 -0.001185987698061 0.000956661952809
166 8 15.344581527500001 4.429594165800001 7.830487589900000 -0.000496352317262 0.000074081108398 -0.000045125297181
174 8 16.932009052900007 5.346106031900003 11.232641519100001 -0.000802051247956 -0.000492378286247 0.001733467326002
14 1 21.098782297600003 5.536998376400002 8.613533801700001 -0.000341268972223 -0.000282340516724 -0.001154098821643
118 8 21.429390813000005 5.346108186800002 11.232628962800000 0.001222995734765 -0.000424685195803 0.001922246899361
158 8 19.180713938100002 4.047833987800002 7.560555002900000 -0.000414647795152 -0.001905065275005 0.000461034874503
5 1 11.508418611100007 6.644402959900002 11.745737660500000 0.001360580201577 0.001021204118893 0.003949515684488
21 1 11.508416103199998 8.859196511800004 8.613540438400001 0.000228914856322 0.000112851645119 0.001050662395706
125 8 11.508415542500003 9.240961061100004 11.232627459799998 -0.000479693990184 0.002030464604865 0.000323082385972
133 8 11.508426393700002 6.644398071300002 9.396583635799999 -0.000319072977839 -0.000405489137851 -0.001188044122643
141 8 9.259738667500002 7.942686862000003 7.560553499600000 -0.001339329601418 0.000317498133769 -0.002503290768092
167 8 11.508439842400001 11.073986469400005 7.830487589900000 -0.000176376453756 -0.000126603251942 -0.000156688693778
37 7 13.426485478099996 9.966594381700006 11.745734611600000 -0.002069076732496 -0.002072236159327 0.005526688170414
45 7 15.344568302600001 6.644396246400003 11.745727975299999 -0.005886252057449 -0.000029098771308 0.000233097774181
53 7 15.344568726799995 8.859188158300002 8.613540254699998 -0.000726676575258 0.000209449046206 -0.000044109570789
61 7 17.262640601600001 9.966587471600000 11.745738510299995 -0.002457635245993 0.002146876135062 -0.005513704735359
69 8 16.932029886000002 7.942681828100003 12.258844262099997 0.000791867246180 0.000840898415775 0.004410133344950
77 8 15.344574537800005 10.692224600700005 12.258847990200001 0.002537738447787 -0.001927024135224 -0.001421536217816
85 8 16.932019389799990 9.775705435000003 9.666531706799999 -0.001136648696950 -0.000969532115777 0.002882722109351
93 8 13.757112196700007 7.942669457500004 12.258833442600000 0.004186119786918 0.000945030768722 -0.007231647217428
101 8 15.344565511000003 7.026158843900003 9.666525792999996 0.000558297523611 0.001763481523645 0.001552646345614
109 8 13.757110162900005 9.775701616500001 9.666529521300001 0.002068101961911 -0.000864999665205 0.000140622605431
142 8 16.932022037700005 7.942686862000003 7.560553499600000 -0.001714311769915 0.000988402701868 -0.001088335533371
149 8 13.757108114200001 7.942663574800001 7.560546762400000 0.001618500392899 0.000791436321558 -0.001884179802428
159 8 15.344572253000006 10.692226291400004 7.560555002900000 0.000188419963147 -0.001820513772792 -0.001640270625429
6 1 19.180701981300004 6.644402959900002 11.745737660500000 0.001342552265994 -0.001216979305875 -0.004081547293837
22 1 19.180699473400011 8.859196511800004 8.613540438400001 0.000225804140491 -0.000263681546670 -0.001135017613822
38 7 21.098768848300008 9.966594381700006 11.745734611600000 0.002083467509379 0.000651230621199 -0.001560343524009
46 7 23.016851672800001 6.644396246400003 11.745727975299999 0.001896747280496 -0.000025764162460 0.000233815477626
54 7 23.016852096999990 8.859188158300002 8.613540254699998 -0.000405224356094 0.000216352419157 -0.000042520774198
78 8 23.016857907999999 10.692224600700005 12.258847990200001 -0.001535971666717 -0.001931978514827 -0.001441684350655
94 8 21.429395566900006 7.942669457500004 12.258833442600000 0.000398230374906 0.001124881198594 -0.000642893759377
102 8 23.016848881199998 7.026158843900003 9.666525792999996 0.000033659420085 0.001760677878605 0.001551979171471
110 8 21.429393533100001 9.775701616500001 9.666529521300001 0.001271618811789 -0.000848577466238 0.002145287531990
126 8 19.180698912700002 9.240961061100004 11.232627459799998 -0.000480503056224 0.001717393912571 0.002498279974573
134 8 19.180709763900005 6.644398071300002 9.396583635799999 -0.000311716997915 0.000323592741019 0.001328639167197
150 8 21.429391484400004 7.942663574800001 7.560546762400000 0.001999169059971 0.001453842490815 -0.000476416672891
160 8 23.016855623200005 10.692226291400004 7.560555002900000 -0.000037881540319 -0.001822075568985 -0.001641376079534
168 8 19.180723212599993 11.073986469400005 7.830487589900000 -0.000182602701518 0.000272976804110 0.000125654678050
62 7 24.934923971800000 9.966587471600000 11.745738510299995 0.001679504394217 -0.000556885687701 0.001577710408758
70 8 24.604313256200005 7.942681828100003 12.258844262099997 -0.002980622943979 0.000643140684013 -0.002144150401361
86 8 24.604302759999996 9.775705435000003 9.666531706799999 -0.001933629413757 -0.000990279246549 0.000880254458709
7 1 15.344560296200003 13.288795263500004 11.745737660500000 -0.000587986750885 -0.000097608889396 -0.000091133619892
15 1 17.262640612500000 12.181390680000009 8.613533801700001 -0.000367496106603 -0.000155947646426 -0.000062649341283
23 1 15.344557788300000 15.503588815399999 8.613540438400001 -0.000629381305375 -0.000083409011017 -0.000040485897481
31 1 13.426487796399995 12.181395589400003 8.613538384300000 -0.000049885505862 0.000101910708295 0.000091401368811
39 7 17.262627163200005 16.610986685300006 11.745734611600000 0.000719162790316 0.000838461439008 0.000648206044679
95 8 17.593253881800010 14.587061761100006 12.258833442600000 0.001770704071683 0.000682896652280 -0.001326593005008
111 8 17.593251848000001 16.420093920100001 9.666529521300001 0.001749509841244 -0.000986068159452 0.001200034570100
119 8 17.593249127900002 11.990500490400001 11.232628962800000 0.002083560101351 -0.001826102429602 0.002042243707372
127 8 15.344557227600006 15.885353364700006 11.232627459799998 0.000256112436016 0.001871938046610 0.001411634558753
135 8 15.344568078800005 13.288790374900007 9.396583635799999 0.000322184039507 -0.000039796258969 0.000075648176771
143 8 13.095880352600002 14.587079165600008 7.560553499600000 -0.001320451176307 0.000516453667181 -0.000397197334661
151 8 17.593249799300004 14.587055878400003 7.560546762400000 0.002006248241562 0.001262883527750 -0.002568201179423
175 8 13.095867367800004 11.990498335500007 11.232641519100001 -0.001353711018203 0.000153836475239 0.000647033775916
8 1 23.016843666400000 13.288795263500004 11.745737660500000 0.000540167307040 -0.000095380024303 -0.000083667923581
24 1 23.016841158500000 15.503588815399999 8.613540438400001 0.000498767389568 -0.000075620910602 -0.000040868655561
32 1 21.098771166600002 12.181395589400003 8.613538384300000 0.000410845608978 -0.000176422202213 -0.000105403163286
47 7 19.180709987699998 13.288788550000005 11.745727975299999 0.000168519002224 0.000977487938596 -0.000503478566840
55 7 19.180710411900002 15.503580461900007 8.613540254699998 0.000208865533385 -0.000142148478492 0.001142625279756
63 7 21.098782286700004 16.610979775200004 11.745738510299995 -0.000592638713031 0.001368867206038 0.000846713035636
71 8 20.768171571100002 14.587074131700003 12.258844262099997 -0.002071104703856 0.000135535258920 -0.001452170670228
79 8 19.180716222899996 17.336616904300001 12.258847990200001 -0.000501137520110 -0.002907488595264 -0.002131348197245
87 8 20.768161074900000 16.420097738599999 9.666531706799999 -0.001920092182474 -0.001165340225727 0.000936108964972
103 8 19.180707196099995 13.670551147500003 9.666525792999996 -0.000051874227541 0.001837405928565 0.001609188945136
128 8 23.016840597800005 15.885353364700006 11.232627459799998 0.000418956385232 0.001870851822042 0.001410862970930
136 8 23.016851449000004 13.288790374900007 9.396583635799999 -0.000260486586914 -0.000042651349795 0.000073629731415
144 8 20.768163722800004 14.587079165600008 7.560553499600000 -0.002008590142387 0.001027162719027 -0.002059539246872
176 8 20.768150737999996 11.990498335500007 11.232641519100001 -0.002041837048861 -0.001243241740516 0.001682686318516
16 1 24.934923982700003 12.181390680000009 8.613533801700001 0.000089184621848 0.000125274698316 0.000136198292849
40 7 24.934910533400007 16.610986685300006 11.745734611600000 -0.000182472723007 -0.001253215581931 -0.000830829919857
48 7 26.852993357900004 13.288788550000005 11.745727975299999 0.000162856124429 -0.001037849509057 0.000957007934924
56 7 26.852993782099993 15.503580461900007 8.613540254699998 0.000203191121990 0.000563039824151 -0.001244241089271
64 7 28.771065656899999 16.610979775200004 11.745738510299995 0.000299272733649 -0.000728684635701 -0.000636455305864
72 8 28.440454941300004 14.587074131700003 12.258844262099997 -0.001600341611405 0.001081645886411 -0.001453113561639
80 8 26.852999593099998 17.336616904300001 12.258847990200001 -0.000499674206625 -0.000963992995600 -0.000757090799015
88 8 28.440444445099999 16.420097738599999 9.666531706799999 -0.001449318372031 -0.000850857969011 0.001828416432730
96 8 25.265537252000023 14.587061761100006 12.258833442600000 0.001306863588712 0.001628267910525 -0.001331194367275
104 8 26.852990566300001 13.670551147500003 9.666525792999996 -0.000050964431207 0.001688218646943 0.001503696638709
112 8 25.265535218199997 16.420093920100001 9.666529521300001 0.001285666702064 -0.000675281605809 0.002092872894405
120 8 25.265532498100001 11.990500490400001 11.232628962800000 0.001398764093711 -0.000432397993632 0.001007335812020
152 8 25.265533169500006 14.587055878400003 7.560546762400000 0.001321458987992 0.000751740821684 -0.000909284118330
