ITEM: TIMESTEP
0
ITEM: NUMBER OF ATOMS
176
ITEM: BOX BOUNDS xy xz yz pp pp pp
0.0000000000000000e+00 3.0689133480799999e+01 7.6722833701999980e+00
0.0000000000000000e+00 1.7718379476200003e+01 7.6722833702000024e+00
0.0000000000000000e+00 1.2528786279200000e+01 4.4295948690000015e+00
ITEM: ATOMS id type x y z fx fy fz
25 1 5.754204426199998 3.322205851300000 2.349145244699999 0.000747424157556 0.001096978884224 -0.000083331653135
137 8 5.423596982400004 5.727889427500000 1.296160360000000 -0.002319068113678 0.000987117428388 -0.002108854081794
161 8 3.836156472199998 2.214796731300001 1.566094450300000 0.000449098820735 -0.000796185185338 0.000633757100655
169 8 5.423583997600000 3.131308597400002 4.968248379499999 -0.001938730969716 -0.003044645672394 0.001512424052096
1 1 7.672276926000002 4.429605525400001 5.481344520900000 0.004537183012089 0.001797917051089 0.000241439666382
9 1 9.590357242299998 3.322200941900001 2.349140662099999 0.002890028793863 0.002711770515527 0.002664038843276
41 7 11.508426617500000 4.429598811900002 5.481334835700000 0.035053706668828 0.034447952916767 0.009602295210495
89 8 9.920970511600007 5.727872023000002 5.994440303000000 -0.007392225441752 0.002541800991028 0.000015347598569
97 8 11.508423825899998 4.811361409400002 3.402132653400000 -0.002905251723837 -0.000257017664559 -0.006940354933743
113 8 9.920965757699999 3.131310752300001 4.968235823200000 -0.006735484079367 -0.009520957823302 -0.000775683665920
129 8 7.672284708600001 4.429600636800002 3.132190496199999 -0.001229897371115 -0.000388814621380 -0.000536899099579
145 8 9.920966429100000 5.727866140300000 1.296153622799999 -0.000627819569419 0.000392224886072 -0.004613201622818
153 8 7.672288882800000 1.833036553300000 1.296161863300000 -0.000636369102858 -0.003805036609731 -0.000943101657039
162 8 11.508439842400000 2.214796731300001 1.566094450300000 -0.000920569135921 -0.001592486120697 -0.001363924102739
2 1 15.344560296200001 4.429605525400001 5.481344520900000 -0.020620133729246 0.005852485192569 0.004108121668515
10 1 17.262640612500000 3.322200941900001 2.349140662099999 -0.002048039914083 0.000543829786777 0.000706456075707
26 1 13.426487796400002 3.322205851300000 2.349145244699999 -0.001519508000309 0.002964672159159 0.004674915931119
65 8 13.095888200900001 5.727884393600002 5.994451122499998 0.003705978196255 0.031375027130590 -0.008927303945676
90 8 17.593253881800006 5.727872023000002 5.994440303000000 0.001412023847580 0.005446082194083 -0.002400389443371
114 8 17.593249127900009 3.131310752300001 4.968235823200000 0.004115625246707 -0.001815883453661 0.001254220916667
130 8 15.344568078800005 4.429600636800002 3.132190496199999 0.002348671286236 0.001222653141533 -0.002528753930058
138 8 13.095880352600009 5.727889427500000 1.296160360000000 0.000082337795663 0.000535103196128 -0.004662143776038
146 8 17.593249799300011 5.727866140300000 1.296153622799999 0.002277965416128 0.001535981537104 -0.001115035098990
154 8 15.344572252999999 1.833036553300000 1.296161863300000 0.000658267123226 -0.002443511537872 -0.002076327646516
170 8 13.095867367800004 3.131308597400002 4.968248379499999 0.000987274171506 -0.012482347966651 -0.001847178491802
42 7 19.180709987699998 4.429598811900002 5.481334835700000 0.000003539511135 -0.000541698499514 0.000153068532707
66 8 20.768171571100002 5.727884393600002 5.994451122499998 -0.002634945960817 0.000846547330246 -0.001302957658278
98 8 19.180707196099995 4.811361409400002 3.402132653400000 0.000083630154634 0.002167671234101 0.001463031937351
3 1 11.508418611100000 11.073997829000001 5.481344520900000 -0.020750005567614 0.005845601200787 0.004129232330804
17 1 7.672274418099999 6.644399077300000 2.349147298800000 0.002355599205703 -0.000257117164168 0.001419784137632
27 1 9.590346111300001 9.966598154900002 2.349145244699999 -0.001693852158056 -0.002916024064774 -0.000159489467447
33 7 9.590343793000001 7.751796947200008 5.481341472000000 0.012629668619579 -0.007683227006380 0.001498562282574
49 7 11.508427041700001 6.644390723800001 2.349147115100000 0.005103412331211 -0.003255627668858 0.013151440511548
73 8 11.508432852700000 8.477427166200002 5.994454850600000 0.013054339886523 0.010763092458523 -0.003339550129483
105 8 9.920968477800001 7.560904182000002 3.402136381700000 -0.000966118838325 0.001218508284818 -0.000728142248967
121 8 7.672273857400003 7.026163626600007 4.968234320200000 -0.003788599663447 0.002228308866965 0.000836172419361
131 8 11.508426393700001 11.073992940400007 3.132190496199999 0.005065478646190 -0.001993406198176 0.003885516322947
155 8 11.508430567899998 8.477428856900005 1.296161863300000 0.000267868586946 0.002271274691308 -0.003544615808390
163 8 7.672298157300000 8.859189034900005 1.566094450300000 -0.000399066035524 0.000727573110812 -0.000424390584014
171 8 9.259725682700001 9.775700901000002 4.968248379499999 -0.001856757980102 0.003506331391795 0.000253501335788
11 1 13.426498927399999 9.966593245500007 2.349140662099999 -0.005410925534726 -0.003047606527087 -0.021187142826119
18 1 15.344557788300000 6.644399077300000 2.349147298800000 -0.005254091380395 -0.005926664988180 -0.001171702285519
28 1 17.262629481500003 9.966598154900002 2.349145244699999 0.004041600308291 -0.000265075959472 -0.004413582045093
34 7 17.262627163200005 7.751796947200008 5.481341472000000 0.012517353157302 -0.007818560648089 0.001463135667120
43 7 15.344568302600003 11.073991115500002 5.481334835700000 0.035289530489089 0.034777899961885 0.009629790548160
57 7 13.431498916500015 7.760450291137840 5.481345370700000 -0.069816515851677 -0.152527273404118 0.011351171183760
81 8 13.095877704700001 7.560908000500002 3.402138567200000 0.007163915348596 0.014362595928725 0.006980291588287
99 8 15.344565510999997 11.455753713000002 3.402132653400000 -0.004561540925134 -0.005696367233461 0.010247057736540
106 8 17.593251848000001 7.560904182000002 3.402136381700000 -0.000127899848232 0.000847373427175 0.004071882886290
115 8 13.757107442799997 9.775703055900001 4.968235823200000 0.007640514462223 0.033365187123767 -0.007134631162063
122 8 15.344557227600001 7.026163626600007 4.968234320200000 0.013195291250940 0.014577706385817 -0.000394163161901
164 8 15.344581527500001 8.859189034900005 1.566094450300000 -0.000664994514712 0.003068776260790 0.002196804438161
172 8 16.932009052900014 9.775700901000002 4.968248379499999 -0.010710125113640 0.000600983803131 0.002697414694700
4 1 19.180701981300000 11.073997829000001 5.481344520900000 0.004557419770299 0.001787181134872 0.000243265739308
12 1 21.098782297600000 9.966593245500007 2.349140662099999 0.001005154050795 -0.000190841044736 -0.000099401583972
44 7 23.016851672799998 11.073991115500002 5.481334835700000 0.000025287591124 -0.000559290327226 0.000153784239306
50 7 19.180710411899998 6.644390723800001 2.349147115100000 0.002052264163336 -0.001278637834742 -0.001150945607855
58 7 21.098782286699997 7.751790037100004 5.481345370700000 0.003948853812482 -0.001319031337347 -0.000729189372078
74 8 19.180716222899989 8.477427166200002 5.994454850600000 -0.004235632172759 -0.001557886669545 -0.002013054500402
82 8 20.768161074900000 7.560908000500002 3.402138567200000 -0.002690643514287 -0.000743686843087 0.001261241417474
100 8 23.016848881199998 11.455753713000002 3.402132653400000 0.000099810178742 0.001653894810317 0.001474806362606
116 8 21.429390813000008 9.775703055900001 4.968235823200000 0.000941628236561 -0.000638029256478 0.001502740897936
132 8 19.180709763900005 11.073992940400007 3.132190496199999 -0.002024980833931 -0.001024701148264 0.000650251406334
156 8 19.180713938099998 8.477428856900005 1.296161863300000 -0.000731221146918 -0.001507883157111 -0.001014463391415
19 1 11.508416103199997 13.288791380900006 2.349147298800000 -0.001713814504481 0.002332114502050 -0.001987628553633
123 8 11.508415542500002 13.670555930200003 4.968234320200000 0.002353114639122 -0.000282672861931 0.001483187183975
139 8 9.259738667499999 12.372281731100001 1.296160360000000 -0.000976184257935 0.000709541695709 -0.001188380785635
35 7 13.426485478100000 14.396189250800001 5.481341472000000 -0.000307604785846 0.008394248947768 -0.000357044187673
51 7 15.344568726800000 13.288783027399999 2.349147115100000 0.001760826448828 0.007282273798699 -0.004372246059699
59 7 17.262640601600001 14.396182340700005 5.481345370700000 0.003948568874550 0.009573595488296 -0.000790309670048
67 8 16.932029885999999 12.372276697200000 5.994451122499998 -0.010354279263875 -0.008058583497058 -0.003595251616818
75 8 15.344574537799998 15.121819469800011 5.994454850600000 -0.002166258549582 -0.004321054061569 -0.001552104034157
83 8 16.932019389799994 14.205300304100005 3.402138567200000 -0.003341671065849 -0.003444136060504 0.001067972656855
91 8 13.757112196700003 12.372264326600002 5.994440303000000 0.004243036314553 -0.010571443677791 -0.004502087004116
107 8 13.757110162900000 14.205296485600002 3.402136381700000 0.001954259568646 -0.002485612289563 0.002369729097150
140 8 16.932022037700008 12.372281731100001 1.296160360000000 -0.002755349466543 0.000030301285749 0.000152313984693
147 8 13.757108114200003 12.372258443900009 1.296153622799999 0.002246445112865 -0.000232399278664 0.001369501882830
20 1 19.180699473400008 13.288791380900006 2.349147298800000 0.001368812270073 0.002099866648976 -0.000027657245347
36 7 21.098768848300001 14.396189250800001 5.481341472000000 -0.000292125213366 0.008368570795047 -0.000352968191614
52 7 23.016852096999997 13.288783027399999 2.349147115100000 -0.001124473778111 0.001237698774177 0.000346335505983
76 8 23.016857907999988 15.121819469800011 5.994454850600000 0.001867589114861 -0.004097172259442 -0.001372659640204
92 8 21.429395566900006 12.372264326600002 5.994440303000000 0.001286743592044 -0.001071306035859 -0.001155879918730
108 8 21.429393533100004 14.205296485600002 3.402136381700000 0.002206582009409 -0.002676357451636 0.000413356074598
124 8 19.180698912699995 13.670555930200003 4.968234320200000 -0.001696648815152 -0.000505691102010 0.001307615659486
148 8 21.429391484400018 12.372258443900009 1.296153622799999 0.001511366282381 0.000569466871379 -0.001462844676328
60 7 24.934923971800007 14.396182340700005 5.481345370700000 -0.003926724002539 0.002720928866877 0.000654844573364
68 8 24.604313256200001 12.372276697200000 5.994451122499998 0.000533547980192 -0.000321170873820 -0.001553298285098
84 8 24.604302760000003 14.205300304100005 3.402138567200000 -0.000613095779007 -0.001446858451948 0.001457427037303
29 1 9.590346111300004 5.537003285800003 8.613538384300000 0.004038200104212 -0.000244110717990 -0.004400732721370
157 8 11.508430567900000 4.047833987800002 7.560555002900000 -0.004640861884098 -0.009241224191052 0.007014725244894
165 8 7.672298157300002 4.429594165800001 7.830487589900000 -0.002096681822254 -0.000913456010975 0.000556693179208
173 8 9.259725682700003 5.346106031900003 11.232641519100001 -0.001823697364498 -0.001002104051614 0.002305383535131
13 1 13.426498927400001 5.536998376400002 8.613533801700001 -0.005361019345351 -0.002994586884276 -0.021076872204777
30 1 17.262629481500003 5.537003285800003 8.613538384300000 -0.001701750387217 -0.002904734374798 -0.000168324904804
117 8 13.757107442800002 5.346108186800002 11.232628962800000 0.002571739362372 -0.000924524285149 0.003775403547120
166 8 15.344581527500001 4.429594165800001 7.830487589900000 0.004980618831660 -0.001886578083381 0.003794265127552
174 8 16.932009052900007 5.346106031900003 11.232641519100001 -0.001698323678600 -0.000928841830114 0.001434424066640
14 1 21.098782297600003 5.536998376400002 8.613533801700001 0.000998083872243 -0.000187423157624 -0.000097733772590
118 8 21.429390813000005 5.346108186800002 11.232628962800000 0.001562573066274 -0.001036570961869 0.001306141807550
158 8 19.180713938100002 4.047833987800002 7.560555002900000 0.000030951809695 -0.001935678438894 -0.001718180670664
5 1 11.508418611100007 6.644402959900002 11.745737660500000 -0.000156031744749 -0.000511347334530 -0.002115955910407
21 1 11.508416103199998 8.859196511800004 8.613540438400001 -0.005201647297223 -0.005956724503643 -0.001257047277804
125 8 11.508415542500003 9.240961061100004 11.232627459799998 0.000850744751568 0.002371223162427 0.001503541028952
133 8 11.508426393700002 6.644398071300002 9.396583635799999 -0.000601766437050 0.002926069996859 0.002289283149351
141 8 9.259738667500002 7.942686862000003 7.560553499600000 -0.003333579946555 0.002507267414453 0.000915948695769
167 8 11.508439842400001 11.073986469400005 7.830487589900000 0.002283981143210 0.001366205088986 -0.002618939308968
37 7 13.426485478099996 9.966594381700006 11.745734611600000 -0.000002964074562 -0.000174220537691 0.002842710124203
45 7 15.344568302600001 6.644396246400003 11.745727975299999 -0.000287070913498 -0.000373910291001 0.000627606225649
53 7 15.344568726799995 8.859188158300002 8.613540254699998 0.004978888408593 -0.003384281176768 0.013134862812405
61 7 17.262640601600001 9.966587471600000 11.745738510299995 0.000854158746541 0.000467654510465 0.004324345177095
69 8 16.932029886000002 7.942681828100003 12.258844262099997 -0.002052305378790 0.000510158822762 -0.002254389974916
77 8 15.344574537800005 10.692224600700005 12.258847990200001 -0.000903402867534 -0.001973845456284 -0.002357969278490
85 8 16.932019389799990 9.775705435000003 9.666531706799999 -0.003954992508737 -0.001521557194526 -0.001770473675228
93 8 13.757112196700007 7.942669457500004 12.258833442600000 0.001663591395398 0.001463775679343 -0.001488335494873
101 8 15.344565511000003 7.026158843900003 9.666525792999996 0.000362772502342 0.005843533799742 -0.000315599152106
109 8 13.757110162900005 9.775701616500001 9.666529521300001 0.003265063872114 -0.001111523331502 -0.001468762623298
142 8 16.932022037700005 7.942686862000003 7.560553499600000 -0.004130602657772 0.002911390052962 -0.003898630604512
149 8 13.757108114200001 7.942663574800001 7.560546762400000 0.010424761740914 0.016166702224936 0.003841302969017
159 8 15.344572253000006 10.692226291400004 7.560555002900000 -0.003001984823515 -0.003857726377377 -0.010218258001738
6 1 19.180701981300004 6.644402959900002 11.745737660500000 0.000499307624096 0.000137708441854 0.000983989378773
22 1 19.180699473400011 8.859196511800004 8.613540438400001 0.002351557533275 -0.000266424245325 0.001420619147471
38 7 21.098768848300008 9.966594381700006 11.745734611600000 -0.000000271803629 -0.000164155859825 0.002859024359741
46 7 23.016851672800001 6.644396246400003 11.745727975299999 -0.000290285946141 0.000035469346207 0.000124990189595
54 7 23.016852096999990 8.859188158300002 8.613540254699998 0.002069784718718 -0.001277136204480 -0.001158924398229
78 8 23.016857907999999 10.692224600700005 12.258847990200001 0.000371372758218 -0.001437384501912 -0.001364923533753
94 8 21.429395566900006 7.942669457500004 12.258833442600000 0.001852091190331 0.000827351185042 -0.002288117909544
102 8 23.016848881199998 7.026158843900003 9.666525792999996 -0.000658857431975 0.002068741194563 0.002183551947029
110 8 21.429393533100001 9.775701616500001 9.666529521300001 0.000857993218901 -0.000691639969121 0.001064166946137
126 8 19.180698912700002 9.240961061100004 11.232627459799998 -0.000425057339145 0.001831686780656 0.000496319767496
134 8 19.180709763900005 6.644398071300002 9.396583635799999 -0.000315106415967 0.000612542224664 -0.000330738305781
150 8 21.429391484400004 7.942663574800001 7.560546762400000 0.000661942995668 0.001192849635949 -0.001566659731901
160 8 23.016855623200005 10.692226291400004 7.560555002900000 0.000005147589981 -0.001410204480869 -0.001731249192589
168 8 19.180723212599993 11.073986469400005 7.830487589900000 -0.001312650314955 -0.000266822369308 -0.000632281822752
62 7 24.934923971800000 9.966587471600000 11.745738510299995 -0.000787338252993 -0.000035055859401 -0.000293274318846
70 8 24.604313256200005 7.942681828100003 12.258844262099997 -0.001561553694613 0.000994114641711 -0.001411385586482
86 8 24.604302759999996 9.775705435000003 9.666531706799999 -0.001087569717191 -0.000396743462869 0.001718213127489
7 1 15.344560296200003 13.288795263500004 11.745737660500000 0.000500490749882 0.000137671513738 0.000991910626858
15 1 17.262640612500000 12.181390680000009 8.613533801700001 0.002898532336467 0.002707836479870 0.002685049490830
23 1 15.344557788300000 15.503588815399999 8.613540438400001 0.001360752869038 0.002104485672215 -0.000014528542847
31 1 13.426487796399995 12.181395589400003 8.613538384300000 -0.001534332809478 0.002954163236421 0.004691813612116
39 7 17.262627163200005 16.610986685300006 11.745734611600000 0.000357610661280 0.000299854310597 -0.001436303190002
95 8 17.593253881800010 14.587061761100006 12.258833442600000 0.001532988236918 0.001034749010546 -0.001236863713600
111 8 17.593251848000001 16.420093920100001 9.666529521300001 0.000427957729188 -0.001649481802238 0.003317821716233
119 8 17.593249127900002 11.990500490400001 11.232628962800000 0.001527668977556 -0.000976382381395 0.000545737349344
127 8 15.344557227600006 15.885353364700006 11.232627459799998 -0.000095538096272 0.001508464447622 0.001449131675763
135 8 15.344568078800005 13.288790374900007 9.396583635799999 -0.000841682895651 -0.001707881733006 -0.001282039638411
143 8 13.095880352600002 14.587079165600008 7.560553499600000 -0.000967178839317 -0.001002082594932 -0.002767758460142
151 8 17.593249799300004 14.587055878400003 7.560546762400000 0.000013835807209 -0.001504483647296 -0.001773475329809
175 8 13.095867367800004 11.990498335500007 11.232641519100001 -0.001381325088739 -0.001124081384687 0.000375911237291
8 1 23.016843666400000 13.288795263500004 11.745737660500000 -0.000158837004125 -0.000518510494848 -0.002111100740085
24 1 23.016841158500000 15.503588815399999 8.613540438400001 -0.001705005266586 0.002332519021401 -0.001982393476043
32 1 21.098771166600002 12.181395589400003 8.613538384300000 0.000755819405615 0.001092894851555 -0.000076732836590
47 7 19.180709987699998 13.288788550000005 11.745727975299999 -0.000280675265728 -0.000382615261989 0.000653382533079
55 7 19.180710411900002 15.503580461900007 8.613540254699998 0.001764439061606 0.007263337678756 -0.004348846181199
63 7 21.098782286700004 16.610979775200004 11.745738510299995 -0.000787329241687 0.000908413508905 -0.004471757008841
71 8 20.768171571100002 14.587074131700003 12.258844262099997 -0.001009552158766 0.000569738224545 0.000966574408282
79 8 19.180716222899996 17.336616904300001 12.258847990200001 0.000092558410809 -0.002052595124601 -0.000395580035560
87 8 20.768161074900000 16.420097738599999 9.666531706799999 -0.001113579097658 -0.002177706909962 0.004196237758292
103 8 19.180707196099995 13.670551147500003 9.666525792999996 -0.000565160319844 -0.000210469341661 0.002239580058147
128 8 23.016840597800005 15.885353364700006 11.232627459799998 0.000572676005075 0.001755810185300 0.002458875143250
136 8 23.016851449000004 13.288790374900007 9.396583635799999 0.000523225322208 -0.000906233587014 0.000719593899284
144 8 20.768163722800004 14.587079165600008 7.560553499600000 -0.001230295698724 -0.000806097714731 -0.000808149608938
176 8 20.768150737999996 11.990498335500007 11.232641519100001 -0.001570218636946 -0.000492236151302 0.001170010313558
16 1 24.934923982700003 12.181390680000009 8.613533801700001 -0.002047512406088 0.000534754492188 0.000705923843911
40 7 24.934910533400007 16.610986685300006 11.745734611600000 0.000358900337523 0.000302013521369 -0.001446980618662
48 7 26.852993357900004 13.288788550000005 11.745727975299999 -0.000292638370736 0.000030346229976 0.000125361632520
56 7 26.852993782099993 15.503580461900007 8.613540254699998 -0.001131902864723 0.001244889185067 0.000349937405489
64 7 28.771065656899999 16.610979775200004 11.745738510299995 0.000096660735127 0.000614962475138 0.000018263511628
72 8 28.440454941300004 14.587074131700003 12.258844262099997 -0.002021005473358 0.000449231133292 -0.001500104610610
80 8 26.852999593099998 17.336616904300001 12.258847990200001 -0.000578737976173 -0.002297810983961 -0.001403107802130
88 8 28.440444445099999 16.420097738599999 9.666531706799999 -0.001842165753186 -0.001370052077075 0.001360748194721
96 8 25.265537252000023 14.587061761100006 12.258833442600000 0.001410624958314 0.000958484295921 -0.000357538380519
104 8 26.852990566300001 13.670551147500003 9.666525792999996 0.000734598353492 0.001140483323532 0.001117761747131
112 8 25.265535218199997 16.420093920100001 9.666529521300001 0.002203259629245 -0.000972482816049 0.001987255961606
120 8 25.265532498100001 11.990500490400001 11.232628962800000 0.002023409905608 -0.000487027842756 0.001394062208457
152 8 25.265533169500006 14.587055878400003 7.560546762400000 0.002741317752198 0.000492490438722 -0.001370419816741
