ITEM: TIMESTEP
0
ITEM: NUMBER OF ATOMS
176
ITEM: BOX BOUNDS xy xz yz pp pp pp
0.0000000000000000e+00 3.0689133480799999e+01 7.6722833701999980e+00
0.0000000000000000e+00 1.7718379476200003e+01 7.6722833702000024e+00
0.0000000000000000e+00 1.2528786279200000e+01 4.4295948690000015e+00
ITEM: ATOMS id type x y z fx fy fz
25 1 5.754204426199998 3.322205851300000 2.349145244699999 -0.003019405710437 -0.002966436010120 0.000100674867784
137 8 5.423596982400004 5.727889427500000 1.296160360000000 0.002709599867315 0.001387261251899 -0.001443735474689
161 8 3.836156472199998 2.214796731300001 1.566094450300000 0.001181143717101 0.000813101332251 0.000150470712034
169 8 5.423583997600000 3.131308597400002 4.968248379499999 -0.000938454594905 -0.000154149239628 0.000370741608011
1 1 7.672276926000002 4.429605525400001 5.481344520900000 0.001172171186956 -0.000548775172095 0.003626679610415
9 1 9.590357242299998 3.322200941900001 2.349140662099999 0.012054930287387 -0.005077186980542 0.004170251870456
41 7 11.508426617500000 4.429598811900002 5.481334835700000 0.002203849251061 0.002558576454142 -0.006818521410631
89 8 9.920970511600007 5.727872023000002 5.994440303000000 -0.000302555623661 0.001252665249248 -0.000941860460392
97 8 11.508423825899998 4.811361409400002 3.402132653400000 0.002503532939778 -0.009057687638341 0.016963464150281
113 8 9.920965757699999 3.131310752300001 4.968235823200000 -0.000280039240340 -0.001704733503343 0.000692871401575
129 8 7.672284708600001 4.429600636800002 3.132190496199999 0.004062259287484 0.007026300656469 -0.006925478539156
145 8 9.930966429100000 5.727866140300000 1.296153622799999 -0.087149399908624 -0.021010604853253 -0.051536076313178
153 8 7.672288882800000 1.833036553300000 1.296161863300000 0.000233116008787 0.000081090572077 -0.002022303919336
162 8 11.508439842400000 2.214796731300001 1.566094450300000 -0.002780425634224 -0.001236079755516 0.000354943268802
2 1 15.344560296200001 4.429605525400001 5.481344520900000 -0.001408227152890 0.000526063384980 -0.001411558064801
10 1 17.262640612500000 3.322200941900001 2.349140662099999 -0.002044176790516 0.000455161225340 0.000177372791808
26 1 13.426487796400002 3.322205851300000 2.349145244699999 -0.001984093326200 0.005387878903094 -0.000256187963363
65 8 13.095888200900001 5.727884393600002 5.994451122499998 -0.001228570118987 0.000381319106773 0.000229521718144
90 8 17.593253881800006 5.727872023000002 5.994440303000000 0.001862242018047 0.000749112082635 -0.000953918274059
114 8 17.593249127900009 3.131310752300001 4.968235823200000 0.002474212011055 -0.000750378914579 0.001488566966215
130 8 15.344568078800005 4.429600636800002 3.132190496199999 0.001911671205745 -0.001128392259210 0.000762647122848
138 8 13.095880352600009 5.727889427500000 1.296160360000000 0.012494787195962 -0.002051497943617 -0.005856112868360
146 8 17.593249799300011 5.727866140300000 1.296153622799999 0.003918339146045 0.001045574100414 -0.001262887961302
154 8 15.344572252999999 1.833036553300000 1.296161863300000 0.000522746447212 -0.002546783104643 -0.001743285142587
170 8 13.095867367800004 3.131308597400002 4.968248379499999 -0.001098212152005 -0.002428051289993 0.002472770860669
42 7 19.180709987699998 4.429598811900002 5.481334835700000 -0.001478671521706 -0.000244322533631 0.001110630692582
66 8 20.768171571100002 5.727884393600002 5.994451122499998 -0.001170155396419 0.000839451970493 -0.002100219111926
98 8 19.180707196099995 4.811361409400002 3.402132653400000 0.001298873180617 0.001995427008175 0.000830682041962
3 1 11.508418611100000 11.073997829000001 5.481344520900000 0.000179710017673 -0.001283432275339 -0.000860737465112
17 1 7.672274418099999 6.644399077300000 2.349147298800000 -0.002947098932729 0.007651659395118 0.008828308248301
27 1 9.590346111300001 9.966598154900002 2.349145244699999 0.004544832750283 -0.000386150841665 0.000353011256187
33 7 9.590343793000001 7.751796947200008 5.481341472000000 0.003928553973178 0.000122069605192 -0.001004395109306
49 7 11.508427041700001 6.644390723800001 2.349147115100000 0.029604854824090 0.007343895253817 0.010849460603785
73 8 11.508432852700000 8.477427166200002 5.994454850600000 -0.001353654896710 -0.001320334086175 -0.000319839620925
105 8 9.920968477800001 7.560904182000002 3.402136381700000 -0.010962570754452 0.000899956086174 0.004104523085133
121 8 7.672273857400003 7.026163626600007 4.968234320200000 -0.001164665194989 0.000634998675139 -0.002140014642218
131 8 11.508426393700001 11.073992940400007 3.132190496199999 -0.000908595952019 0.001199632298032 0.000436138188790
155 8 11.508430567899998 8.477428856900005 1.296161863300000 0.000448817367562 0.009371675596162 -0.006075857397445
163 8 7.672298157300000 8.859189034900005 1.566094450300000 -0.000846645329041 -0.006645244225986 0.001088669285250
171 8 9.259725682700001 9.775700901000002 4.968248379499999 -0.002242832923337 -0.000775890239298 0.001464734700944
11 1 13.426498927399999 9.966593245500007 2.349140662099999 -0.001659328747206 -0.004090478855241 0.000390413758612
18 1 15.344557788300000 6.644399077300000 2.349147298800000 -0.005439709571168 -0.000441632213349 -0.000065514495056
28 1 17.262629481500003 9.966598154900002 2.349145244699999 -0.001423096869014 -0.000548091739676 0.000069712204009
34 7 17.262627163200005 7.751796947200008 5.481341472000000 -0.001826233199616 -0.000559100092802 -0.000660923982996
43 7 15.344568302600003 11.073991115500002 5.481334835700000 -0.001333940498335 -0.001051885886985 -0.000790672033118
57 7 13.426498916499998 7.751790037100004 5.481345370700000 -0.001875509892462 -0.001588812602951 -0.008911432104876
81 8 13.095877704700001 7.560908000500002 3.402138567200000 0.015261190910656 0.008770905223054 0.014095020789052
99 8 15.344565510999997 11.455753713000002 3.402132653400000 0.000891023431504 0.002857227450317 0.001356189979357
106 8 17.593251848000001 7.560904182000002 3.402136381700000 0.003938962299002 -0.000939421557691 0.001214391830641
115 8 13.757107442799997 9.775703055900001 4.968235823200000 0.002473911234815 0.001394831936916 0.002847458728584
122 8 15.344557227600001 7.026163626600007 4.968234320200000 0.002492296450175 0.001617314246219 0.002942437922844
164 8 15.344581527500001 8.859189034900005 1.566094450300000 0.001436832620496 0.001248589886639 -0.000764338153573
172 8 16.932009052900014 9.775700901000002 4.968248379499999 -0.001071547117153 -0.000755694998442 0.001436853786138
4 1 19.180701981300000 11.073997829000001 5.481344520900000 -0.000154322148005 0.000187298785779 0.000177230805674
12 1 21.098782297600000 9.966593245500007 2.349140662099999 -0.001237441552192 0.002142279794286 0.000460852542160
44 7 23.016851672799998 11.073991115500002 5.481334835700000 0.000236201562111 0.000404752335612 0.000720723710953
50 7 19.180710411899998 6.644390723800001 2.349147115100000 -0.005047221903729 0.000640747902624 0.000253155778593
58 7 21.098782286699997 7.751790037100004 5.481345370700000 -0.000866777522342 0.001321716837284 0.002913112053141
74 8 19.180716222899989 8.477427166200002 5.994454850600000 0.000648129518946 -0.002136696902456 -0.002005690269114
82 8 20.768161074900000 7.560908000500002 3.402138567200000 0.003178973311895 -0.002747200923462 -0.001124629286245
100 8 23.016848881199998 11.455753713000002 3.402132653400000 -0.000215416522514 0.001130369924530 0.001357668018294
116 8 21.429390813000008 9.775703055900001 4.968235823200000 0.001702817935459 -0.001529372564186 0.000913980697601
132 8 19.180709763900005 11.073992940400007 3.132190496199999 0.000544538767270 -0.000706613932761 -0.000066642630816
156 8 19.180713938099998 8.477428856900005 1.296161863300000 0.000820805105491 -0.002372046374396 -0.001385951730915
19 1 11.508416103199997 13.288791380900006 2.349147298800000 -0.000109164037554 -0.001232178559527 0.000026097042194
123 8 11.508415542500002 13.670555930200003 4.968234320200000 0.000389688149480 0.002162283804500 0.001551240170475
139 8 9.259738667499999 12.372281731100001 1.296160360000000 -0.001661200978964 0.000830698088629 -0.001614316027629
35 7 13.426485478100000 14.396189250800001 5.481341472000000 0.000044063463838 -0.001145962397729 0.000493609488082
51 7 15.344568726800000 13.288783027399999 2.349147115100000 -0.000405346990815 -0.001986348592602 0.000132527351804
59 7 17.262640601600001 14.396182340700005 5.481345370700000 0.000815418240956 0.000455898259687 0.000402858837151
67 8 16.932029885999999 12.372276697200000 5.994451122499998 -0.001479649265482 0.000783406974683 -0.001354298329752
75 8 15.344574537799998 15.121819469800011 5.994454850600000 -0.000323830716509 -0.001263190621540 -0.001699267631359
83 8 16.932019389799994 14.205300304100005 3.402138567200000 -0.001562047987771 0.000159360109608 0.000749758431823
91 8 13.757112196700003 12.372264326600002 5.994440303000000 0.000830126942327 0.001022665929090 -0.000389758325972
107 8 13.757110162900000 14.205296485600002 3.402136381700000 0.001770195753852 0.000213069710551 0.000997672730894
140 8 16.932022037700008 12.372281731100001 1.296160360000000 -0.001688491584955 0.001197300670529 -0.001574239676389
147 8 13.757108114200003 12.372258443900009 1.296153622799999 0.002135733733583 0.002086815832193 -0.001527597557781
20 1 19.180699473400008 13.288791380900006 2.349147298800000 0.000516355760758 0.000542116591777 -0.000045185438426
36 7 21.098768848300001 14.396189250800001 5.481341472000000 0.000124056531126 0.001077201945536 -0.000360009097637
52 7 23.016852096999997 13.288783027399999 2.349147115100000 -0.000174240977720 0.001239889803150 -0.000240356499335
76 8 23.016857907999988 15.121819469800011 5.994454850600000 0.000264254774708 -0.002039155719599 -0.001239398216605
92 8 21.429395566900006 12.372264326600002 5.994440303000000 0.001274352959874 0.000442479515938 -0.001135488661906
108 8 21.429393533100004 14.205296485600002 3.402136381700000 0.001658481005969 -0.001586669100644 0.001570969455490
124 8 19.180698912699995 13.670555930200003 4.968234320200000 -0.000138422906461 0.001754301409021 0.001341842907413
148 8 21.429391484400018 12.372258443900009 1.296153622799999 0.001703852126773 0.000418072050604 -0.001379083107561
60 7 24.934923971800007 14.396182340700005 5.481345370700000 -0.000517277769764 0.000265109183656 -0.000052788062401
68 8 24.604313256200001 12.372276697200000 5.994451122499998 -0.001586495400362 0.000697311262714 -0.001404646240074
84 8 24.604302760000003 14.205300304100005 3.402138567200000 -0.001290759413481 -0.000992263326081 0.001513132742780
29 1 9.590346111300004 5.537003285800003 8.613538384300000 0.000466481119853 0.000020785937293 -0.000338344330677
157 8 11.508430567900000 4.047833987800002 7.560555002900000 -0.000219180269286 -0.002271224812295 0.000243837296823
165 8 7.672298157300002 4.429594165800001 7.830487589900000 -0.000233221864350 -0.000001699891520 -0.000844318152918
173 8 9.259725682700003 5.346106031900003 11.232641519100001 -0.001146093939122 -0.001085110838340 0.001204417543629
13 1 13.426498927400001 5.536998376400002 8.613533801700001 -0.000571975934645 -0.000296563215811 -0.001296387021893
30 1 17.262629481500003 5.537003285800003 8.613538384300000 0.000274256806353 -0.000445012435954 -0.000401170179809
117 8 13.757107442800002 5.346108186800002 11.232628962800000 0.002565152421560 0.000383452568609 0.001695928922263
166 8 15.344581527500001 4.429594165800001 7.830487589900000 0.000279494851017 0.000180920729928 0.000489262146866
174 8 16.932009052900007 5.346106031900003 11.232641519100001 -0.002352644070036 0.000490289306213 0.001811395512403
14 1 21.098782297600003 5.536998376400002 8.613533801700001 -0.000164713130775 0.000179481548323 0.000651529034205
118 8 21.429390813000005 5.346108186800002 11.232628962800000 0.001723607266322 -0.001319204788590 0.001246061664728
158 8 19.180713938100002 4.047833987800002 7.560555002900000 0.000054029311229 -0.001783212222327 -0.001937191098647
5 1 11.508418611100007 6.644402959900002 11.745737660500000 -0.000893871199141 -0.000762865239805 -0.000430364179827
21 1 11.508416103199998 8.859196511800004 8.613540438400001 -0.000459936090489 -0.000530704055217 -0.001278693903913
125 8 11.508415542500003 9.240961061100004 11.232627459799998 0.003159007843938 0.002632362050713 0.002124720396616
133 8 11.508426393700002 6.644398071300002 9.396583635799999 0.000121887043481 0.000179953225109 0.000557229285661
141 8 9.259738667500002 7.942686862000003 7.560553499600000 -0.001827063371696 0.000800565131660 -0.001463560159998
167 8 11.508439842400001 11.073986469400005 7.830487589900000 0.000403195041664 0.000363360071748 0.000346636779432
37 7 13.426485478099996 9.966594381700006 11.745734611600000 -0.008515411107521 -0.003123421082415 -0.004012942262188
45 7 15.344568302600001 6.644396246400003 11.745727975299999 -0.001975102703963 -0.003790441812717 -0.001826199695193
53 7 15.344568726799995 8.859188158300002 8.613540254699998 -0.001096277873249 -0.001132240285929 -0.002984610640904
61 7 17.262640601600001 9.966587471600000 11.745738510299995 0.017212970928871 0.000049173186936 -0.003183488466964
69 8 16.932029886000002 7.942681828100003 12.258844262099997 -0.004201233443919 0.008545967483798 0.003346398808815
77 8 15.344574537800005 10.692224600700005 12.258847990200001 0.015069740584085 -0.005412533889481 0.013776591218596
85 8 16.932019389799990 9.775705435000003 9.666531706799999 -0.000426740997011 -0.000275552562555 0.007341029029927
93 8 13.757112196700007 7.942669457500004 12.258833442600000 0.002446556558598 0.002831526869869 -0.000818461351629
101 8 15.344565511000003 7.026158843900003 9.666525792999996 0.000356497533852 0.002248457667960 0.002718064233328
109 8 13.757110162900005 9.775701616500001 9.666529521300001 0.002059035794488 -0.000306548895096 0.003794398001000
142 8 16.932022037700005 7.942686862000003 7.560553499600000 -0.001913715332959 0.001192654340993 -0.000812001213338
149 8 13.757108114200001 7.942663574800001 7.560546762400000 0.002802640647545 0.001837667225886 0.001387356565661
159 8 15.344572253000006 10.692226291400004 7.560555002900000 0.000050465848552 -0.002118024075978 -0.000662330194106
6 1 19.180701981300004 6.644402959900002 11.745737660500000 0.002465778457437 0.001024812851952 0.000464990322481
22 1 19.180699473400011 8.859196511800004 8.613540438400001 0.001162113515282 -0.000078602811649 0.000712933603050
38 7 21.098768848300008 9.966594381700006 11.745734611600000 -0.002325150960268 0.000964134294847 0.008375362523202
46 7 23.016851672800001 6.644396246400003 11.745727975299999 -0.001356423685940 0.001062537708232 0.000957148063479
54 7 23.016852096999990 8.859188158300002 8.613540254699998 -0.000588215643855 0.000672628268941 0.000766475284310
78 8 23.016857907999999 10.692224600700005 12.258847990200001 0.002620876903289 -0.001763286277267 -0.002635148441635
94 8 21.429395566900006 7.942669457500004 12.258833442600000 0.002492010197233 -0.001161160127849 -0.002469117347326
102 8 23.016848881199998 7.026158843900003 9.666525792999996 0.000175998046363 0.001568576880198 0.001141116407148
110 8 21.429393533100001 9.775701616500001 9.666529521300001 0.002166969491798 -0.001254903519120 -0.000650295285085
126 8 19.180698912700002 9.240961061100004 11.232627459799998 -0.002379884882250 0.000634387177338 -0.003471977885017
134 8 19.180709763900005 6.644398071300002 9.396583635799999 -0.000308699787789 -0.000359836320810 -0.000269200405630
150 8 21.429391484400004 7.942663574800001 7.560546762400000 0.001724183077051 0.000667346156988 -0.002472791638188
160 8 23.016855623200005 10.692226291400004 7.560555002900000 0.000114772728076 -0.001786201622199 -0.002031101266356
168 8 19.180723212599993 11.073986469400005 7.830487589900000 -0.000473053037013 0.000142601406767 -0.000169341545902
62 7 24.934923971800000 9.966587471600000 11.745738510299995 -0.003109556581092 0.000684520845751 0.000568919966697
70 8 24.604313256200005 7.942681828100003 12.258844262099997 -0.000957451393052 0.000648614541420 -0.001493382697754
86 8 24.604302759999996 9.775705435000003 9.666531706799999 -0.001041324285240 -0.000977033576466 0.001341084520600
7 1 15.344560296200003 13.288795263500004 11.745737660500000 0.000902065662120 0.004413380046601 -0.002341175704105
15 1 17.262640612500000 12.181390680000009 8.613533801700001 0.000746244461824 0.000749787466376 -0.000796958564620
23 1 15.344557788300000 15.503588815399999 8.613540438400001 0.000234807303339 0.000323668697847 -0.000083839793826
31 1 13.426487796399995 12.181395589400003 8.613538384300000 -0.000541120374142 0.000241188788870 -0.001019577807269
39 7 17.262627163200005 16.610986685300006 11.745734611600000 0.000609186561350 -0.000249475111084 0.000216051845657
95 8 17.593253881800010 14.587061761100006 12.258833442600000 -0.000302186730725 0.001784651205850 -0.001791296578224
111 8 17.593251848000001 16.420093920100001 9.666529521300001 0.001413629720098 -0.000805629389328 0.001596417772863
119 8 17.593249127900002 11.990500490400001 11.232628962800000 -0.001738382512465 -0.003148062659321 0.001006712655793
127 8 15.344557227600006 15.885353364700006 11.232627459799998 0.000014575656739 0.001267086905204 0.001396656743447
135 8 15.344568078800005 13.288790374900007 9.396583635799999 -0.000353035708628 -0.000526125893214 0.001033143236207
143 8 13.095880352600002 14.587079165600008 7.560553499600000 -0.001562515001187 0.000664187719131 -0.001631231578594
151 8 17.593249799300004 14.587055878400003 7.560546762400000 0.001512474424481 0.000838039351674 -0.001421026039116
175 8 13.095867367800004 11.990498335500007 11.232641519100001 0.000562621836910 -0.002780874061693 0.002294482327706
8 1 23.016843666400000 13.288795263500004 11.745737660500000 -0.001316394857923 -0.001068202579863 0.000980659300476
24 1 23.016841158500000 15.503588815399999 8.613540438400001 -0.000147114655956 -0.000206624138983 -0.000153151951279
32 1 21.098771166600002 12.181395589400003 8.613538384300000 0.000211740651731 -0.000182169557400 0.001027108160492
47 7 19.180709987699998 13.288788550000005 11.745727975299999 0.002983056002873 -0.001369542089760 0.005920787138808
55 7 19.180710411900002 15.503580461900007 8.613540254699998 0.000179093822315 0.000305039111677 -0.000282234561242
63 7 21.098782286700004 16.610979775200004 11.745738510299995 -0.000494950934447 -0.001553869317422 0.000463772920333
71 8 20.768171571100002 14.587074131700003 12.258844262099997 -0.001143688932866 0.002164749445698 -0.002383898910833
79 8 19.180716222899996 17.336616904300001 12.258847990200001 -0.000251985111259 -0.001503565257299 -0.001534007203398
87 8 20.768161074900000 16.420097738599999 9.666531706799999 -0.001490156200000 -0.000730061065164 0.001531518568669
103 8 19.180707196099995 13.670551147500003 9.666525792999996 -0.000381271311381 0.001836022431551 0.000491730221442
128 8 23.016840597800005 15.885353364700006 11.232627459799998 0.000470755502546 0.002319405438758 0.001272704594582
136 8 23.016851449000004 13.288790374900007 9.396583635799999 0.000416132279662 0.000192028897434 -0.000405265095469
144 8 20.768163722800004 14.587079165600008 7.560553499600000 -0.001553314617113 0.000715629372293 -0.001432660466705
176 8 20.768150737999996 11.990498335500007 11.232641519100001 -0.001332615684281 0.000281852987935 -0.000339505552104
16 1 24.934923982700003 12.181390680000009 8.613533801700001 -0.000555078712609 0.000000857462268 0.000025832724719
40 7 24.934910533400007 16.610986685300006 11.745734611600000 0.000140883107970 -0.000960260113219 -0.000016666116356
48 7 26.852993357900004 13.288788550000005 11.745727975299999 -0.002266335009274 0.001005001011889 -0.000148187620629
56 7 26.852993782099993 15.503580461900007 8.613540254699998 -0.000300791275408 0.000387502203831 -0.000173834088786
64 7 28.771065656899999 16.610979775200004 11.745738510299995 0.000021061267730 0.001349601738494 -0.000218220186562
72 8 28.440454941300004 14.587074131700003 12.258844262099997 -0.001266873603430 -0.000179617614084 -0.001168773861874
80 8 26.852999593099998 17.336616904300001 12.258847990200001 -0.000332363268751 -0.002031974387105 -0.001490971153626
88 8 28.440444445099999 16.420097738599999 9.666531706799999 -0.001554098074524 -0.001144228631359 0.001389343697891
96 8 25.265537252000023 14.587061761100006 12.258833442600000 0.001870525483946 0.000777569452554 -0.001118763373542
104 8 26.852990566300001 13.670551147500003 9.666525792999996 0.000572178648288 0.001379101243304 0.001750026423039
112 8 25.265535218199997 16.420093920100001 9.666529521300001 0.001661534227370 -0.000667402573041 0.001480652485357
120 8 25.265532498100001 11.990500490400001 11.232628962800000 0.002888282238705 -0.000613717289407 0.001289136100023
152 8 25.265533169500006 14.587055878400003 7.560546762400000 0.001976062736455 0.000995719787768 -0.001416787992794
