ITEM: TIMESTEP
0
ITEM: NUMBER OF ATOMS
176
ITEM: BOX BOUNDS xy xz yz pp pp pp
0.0000000000000000e+00 3.0689133480799999e+01 7.6722833701999980e+00
0.0000000000000000e+00 1.7718379476200003e+01 7.6722833702000024e+00
0.0000000000000000e+00 1.2528786279200000e+01 4.4295948690000015e+00
ITEM: ATOMS id type x y z fx fy fz
25 1 5.754204426199998 3.322205851300000 2.349145244699999 0.018811944601932 0.016433589884893 0.005557049945750
137 8 5.423596982400004 5.727889427500000 1.296160360000000 -0.001887251946880 0.007055969519025 -0.003990049966914
161 8 3.841156472200013 2.223456985337837 1.566094450300000 -0.047862800901193 -0.080734599735078 -0.000688771361517
169 8 5.423583997600000 3.131308597400002 4.968248379499999 -0.002802641495735 -0.003180285476698 0.007194611888613
1 1 7.672276926000002 4.429605525400001 5.481344520900000 -0.001491140737009 -0.000625206576382 -0.004112988953231
9 1 9.590357242299998 3.322200941900001 2.349140662099999 -0.004379007252055 0.001004944047609 0.000335707105136
41 7 11.508426617500000 4.429598811900002 5.481334835700000 -0.001196084964429 0.000015854137749 -0.000422755086946
89 8 9.920970511600007 5.727872023000002 5.994440303000000 0.002231342666029 0.001406292717272 -0.000797736118075
97 8 11.508423825899998 4.811361409400002 3.402132653400000 0.000914800924389 0.001958098960989 0.001723492688703
113 8 9.920965757699999 3.131310752300001 4.968235823200000 0.002776035736745 -0.001081093280659 0.002064974668038
129 8 7.672284708600001 4.429600636800002 3.132190496199999 0.014633828055980 0.008425019629675 0.006061346875533
145 8 9.920966429100000 5.727866140300000 1.296153622799999 0.002944410553026 0.001685970012935 -0.001564489681941
153 8 7.672288882800000 1.833036553300000 1.296161863300000 0.003532081968579 -0.006846033359438 -0.003478580040650
162 8 11.508439842400000 2.214796731300001 1.566094450300000 0.001173889171546 -0.000331284967154 -0.000091902048489
2 1 15.344560296200001 4.429605525400001 5.481344520900000 0.000452107341207 0.000502881654295 -0.000072276207419
10 1 17.262640612500000 3.322200941900001 2.349140662099999 0.004902129829777 0.008756420855806 0.000085237354426
26 1 13.426487796400002 3.322205851300000 2.349145244699999 -0.000808913505630 0.000729761872988 0.000113617323735
65 8 13.095888200900001 5.727884393600002 5.994451122499998 -0.001787778075636 0.000652110079103 -0.001429010917248
90 8 17.593253881800006 5.727872023000002 5.994440303000000 0.000574297589439 0.001357293618157 -0.000684150257009
114 8 17.593249127900009 3.131310752300001 4.968235823200000 0.000407440037195 -0.003222582698540 0.001355155920713
130 8 15.344568078800005 4.429600636800002 3.132190496199999 0.000014941103168 -0.000079534850671 0.000051346076355
138 8 13.095880352600009 5.727889427500000 1.296160360000000 -0.001577454315786 0.000816349142017 -0.001597317545848
146 8 17.593249799300011 5.727866140300000 1.296153622799999 -0.000550554904589 0.001622975691472 -0.001927735609820
154 8 15.344572252999999 1.833036553300000 1.296161863300000 0.001707352430642 -0.003449012198769 -0.001082612140262
170 8 13.095867367800004 3.131308597400002 4.968248379499999 -0.001367850315819 -0.001219475800064 0.001289496973196
42 7 19.180709987699998 4.429598811900002 5.481334835700000 0.002718898469142 0.000975220725421 -0.005301280596131
66 8 20.768171571100002 5.727884393600002 5.994451122499998 -0.001557163614737 0.001368613277003 -0.000340448315923
98 8 19.180707196099995 4.811361409400002 3.402132653400000 -0.004080381897617 0.008300485095178 0.008194123585536
3 1 11.508418611100000 11.073997829000001 5.481344520900000 0.000456234141355 -0.001728698536311 0.003918182003984
17 1 7.672274418099999 6.644399077300000 2.349147298800000 -0.002356650445513 -0.004702149946837 0.000105713250657
27 1 9.590346111300001 9.966598154900002 2.349145244699999 -0.002591219364430 -0.004442380336685 -0.000169372274305
33 7 9.590343793000001 7.751796947200008 5.481341472000000 -0.000791223991996 -0.001860816921784 -0.000008359400212
49 7 11.508427041700001 6.644390723800001 2.349147115100000 -0.001156693120085 -0.001567640348113 -0.000049107053090
73 8 11.508432852700000 8.477427166200002 5.994454850600000 -0.000293085424798 -0.001234331310399 -0.001988628018623
105 8 9.920968477800001 7.560904182000002 3.402136381700000 0.002446049364088 0.000598447191641 0.001580524639466
121 8 7.672273857400003 7.026163626600007 4.968234320200000 0.000860301532903 0.002900489348552 0.002126773731166
131 8 11.508426393700001 11.073992940400007 3.132190496199999 -0.000040966338097 0.016674916425104 -0.005841668814323
155 8 11.508430567899998 8.477428856900005 1.296161863300000 -0.000005639594956 -0.000429606932416 -0.001451838251389
163 8 7.672298157300000 8.859189034900005 1.566094450300000 0.001160198153895 0.002287729962098 -0.000021137072943
171 8 9.259725682700001 9.775700901000002 4.968248379499999 -0.001064399161676 0.000190107168448 0.000605806963189
11 1 13.426498927399999 9.966593245500007 2.349140662099999 0.002833500804665 -0.003138372338904 -0.000231136964697
18 1 15.344557788300000 6.644399077300000 2.349147298800000 0.001233355532630 -0.000513673497602 -0.000178829889523
28 1 17.262629481500003 9.966598154900002 2.349145244699999 0.000941088619430 -0.000796402346002 -0.000038827490168
34 7 17.262627163200005 7.751796947200008 5.481341472000000 0.000952251675074 -0.000865241438582 -0.000731540434592
43 7 15.344568302600003 11.073991115500002 5.481334835700000 0.001066223160266 -0.000249157035029 0.001056300067313
57 7 13.426498916499998 7.751790037100004 5.481345370700000 0.000380161176995 -0.000681979328891 0.000650409922110
81 8 13.095877704700001 7.560908000500002 3.402138567200000 -0.001870411678322 -0.000125331034864 0.001287837958072
99 8 15.344565510999997 11.455753713000002 3.402132653400000 -0.000811468127190 0.001312070004127 0.001327170795185
106 8 17.593251848000001 7.560904182000002 3.402136381700000 0.000094736174007 0.000441114841131 0.002357438919028
115 8 13.757107442799997 9.775703055900001 4.968235823200000 0.001092173840076 -0.000110621014335 0.000690711348457
122 8 15.344557227600001 7.026163626600007 4.968234320200000 -0.000209592107063 0.001924369568225 0.001435724130116
164 8 15.344581527500001 8.859189034900005 1.566094450300000 -0.001095114788672 0.000970225856431 0.000059599723154
172 8 16.932009052900014 9.775700901000002 4.968248379499999 -0.001954670958121 -0.000345075570326 0.001294103750087
4 1 19.180701981300000 11.073997829000001 5.481344520900000 -0.000113913897438 -0.000473073378162 -0.000079756098903
12 1 21.098782297600000 9.966593245500007 2.349140662099999 -0.001161424353283 -0.001773568597068 0.000052160601859
44 7 23.016851672799998 11.073991115500002 5.481334835700000 -0.001716075084886 -0.001259296323116 0.001785816476576
50 7 19.180710411899998 6.644390723800001 2.349147115100000 0.002763537131041 -0.006434202993763 0.000446026466992
58 7 21.098782286699997 7.751790037100004 5.481345370700000 -0.000458731731913 -0.001791419771776 -0.001563780471803
74 8 19.180716222899989 8.477427166200002 5.994454850600000 -0.000374295965944 -0.001390412011298 -0.001073696538087
82 8 20.768161074900000 7.560908000500002 3.402138567200000 -0.000948210086467 0.000892413430032 0.002466234151866
100 8 23.016848881199998 11.455753713000002 3.402132653400000 0.001318524963639 0.003262999617988 0.000548375098128
116 8 21.429390813000008 9.775703055900001 4.968235823200000 0.002448634870001 0.000302868377646 0.001375310903686
132 8 19.180709763900005 11.073992940400007 3.132190496199999 0.000189639018718 0.000281938011707 0.000065123225985
156 8 19.180713938099998 8.477428856900005 1.296161863300000 -0.000269875815394 -0.000087272863217 -0.002392693049497
19 1 11.508416103199997 13.288791380900006 2.349147298800000 0.005195080259703 0.022914572667539 -0.005034091531473
123 8 11.508415542500002 13.670555930200003 4.968234320200000 -0.001197242705445 -0.000267750346884 -0.004427522992021
139 8 9.259738667499999 12.372281731100001 1.296160360000000 0.003924813004232 0.003664963466482 0.000767870542242
35 7 13.426485478100000 14.396189250800001 5.481341472000000 0.003103232498416 0.004877918938073 -0.000007643582145
51 7 15.344568726800000 13.288783027399999 2.349147115100000 0.002736387998941 0.005171815485177 -0.000046196940427
59 7 17.262640601600001 14.396182340700005 5.481345370700000 -0.000990434429906 0.001139227695806 -0.000832787178286
67 8 16.932029885999999 12.372276697200000 5.994451122499998 -0.001868244920882 0.000510550346151 -0.001428242673071
75 8 15.344574537799998 15.121819469800011 5.994454850600000 -0.000340855860372 -0.002839679203166 -0.001023019671957
83 8 16.932019389799994 14.205300304100005 3.402138567200000 -0.001569316226041 -0.001932134725154 0.001683729494645
91 8 13.757112196700003 12.372264326600002 5.994440303000000 0.000858113403215 0.000556449913068 -0.001770573624443
107 8 13.757110162900000 14.205296485600002 3.402136381700000 -0.002509851484869 -0.007983355010737 0.001579773775764
140 8 16.932022037700008 12.372281731100001 1.296160360000000 -0.001841119043877 0.000362760660313 -0.001599733359808
147 8 13.757108114200003 12.372258443900009 1.296153622799999 -0.004350378969915 0.001541574179183 0.000433736265275
20 1 19.180699473400008 13.288791380900006 2.349147298800000 -0.000965852078955 0.000215575154628 -0.000023610756013
36 7 21.098768848300001 14.396189250800001 5.481341472000000 -0.000795924001595 0.000137530392779 0.000728939226610
52 7 23.016852096999997 13.288783027399999 2.349147115100000 -0.007294065733312 -0.000650786695499 -0.000540884594032
76 8 23.016857907999988 15.121819469800011 5.994454850600000 0.000490278613224 -0.002680298243273 -0.002108597885026
92 8 21.429395566900006 12.372264326600002 5.994440303000000 0.002128257105624 0.001254704160195 -0.001719796429449
108 8 21.429393533100004 14.205296485600002 3.402136381700000 0.003476285277126 -0.001504419950458 0.000796236818422
124 8 19.180698912699995 13.670555930200003 4.968234320200000 0.000845145473782 0.001859005753524 0.001434783668669
148 8 21.429391484400018 12.372258443900009 1.296153622799999 0.003364705826241 0.001628012039235 -0.000622911356884
60 7 24.934923971800007 14.396182340700005 5.481345370700000 -0.000731681461931 0.003143341330408 0.005527548253490
68 8 24.604313256200001 12.372276697200000 5.994451122499998 -0.001285643937103 0.001212740707805 -0.002515638201924
84 8 24.604302760000003 14.205300304100005 3.402138567200000 0.006042810309635 -0.001232038129488 -0.005143314156840
29 1 9.590346111300004 5.537003285800003 8.613538384300000 0.000024044718502 0.000248843152981 -0.001246582161072
157 8 11.508430567900000 4.047833987800002 7.560555002900000 -0.000006047175957 -0.002014156283445 -0.001263033275867
165 8 7.672298157300002 4.429594165800001 7.830487589900000 0.000353238151401 0.000142541985874 0.001248269721952
173 8 9.259725682700003 5.346106031900003 11.232641519100001 -0.000777941426809 -0.002005615355863 0.003304703727740
13 1 13.426498927400001 5.536998376400002 8.613533801700001 0.000217474063606 0.000601193788607 0.000043657413339
30 1 17.262629481500003 5.537003285800003 8.613538384300000 0.000163399022174 0.000225050231713 -0.000132696452994
117 8 13.757107442800002 5.346108186800002 11.232628962800000 0.000393950911334 -0.003214800593734 0.001377174495535
166 8 15.344581527500001 4.429594165800001 7.830487589900000 -0.000284113158822 -0.000229954756840 -0.000015452053461
174 8 16.932009052900007 5.346106031900003 11.232641519100001 -0.000697090143426 -0.001974652444119 0.000822201545156
14 1 21.098782297600003 5.536998376400002 8.613533801700001 -0.000381647054200 -0.000044009136104 -0.001047514049943
118 8 21.429390813000005 5.346108186800002 11.232628962800000 0.002268878247646 -0.000808233347066 0.001657938524030
158 8 19.180713938100002 4.047833987800002 7.560555002900000 -0.000270196807559 -0.002229523914748 -0.000203637880466
5 1 11.508418611100007 6.644402959900002 11.745737660500000 0.005182481586453 0.008631518640145 -0.000105569033255
21 1 11.508416103199998 8.859196511800004 8.613540438400001 0.000415142087172 -0.000041281083597 0.001157285853288
125 8 11.508415542500003 9.240961061100004 11.232627459799998 -0.001201952948643 0.002010333431748 -0.000576038299186
133 8 11.508426393700002 6.644398071300002 9.396583635799999 -0.000037878253685 -0.000049008399541 0.000137646894827
141 8 9.259738667500002 7.942686862000003 7.560553499600000 -0.001579875226554 0.000817737863370 -0.001593373554781
167 8 11.508439842400001 11.073986469400005 7.830487589900000 -0.000281871144925 0.000500722377846 -0.001268443057006
37 7 13.426485478099996 9.966594381700006 11.745734611600000 0.000168352272310 -0.005018019558048 0.005321521909293
45 7 15.344568302600001 6.644396246400003 11.745727975299999 -0.002945048106590 0.004245298083014 0.003947728214746
53 7 15.344568726799995 8.859188158300002 8.613540254699998 -0.000588058531081 0.000106215373929 0.001146172453143
61 7 17.262640601600001 9.966587471600000 11.745738510299995 -0.002167444806766 -0.000804889021411 0.001226517761165
69 8 16.932029886000002 7.942681828100003 12.258844262099997 -0.000576818888201 0.000802609935867 -0.001941333291351
77 8 15.344574537800005 10.692224600700005 12.258847990200001 0.001423947177476 -0.000675528412784 -0.002108221777408
85 8 16.932019389799990 9.775705435000003 9.666531706799999 -0.001209038417668 -0.000710149137678 0.000990135063757
93 8 13.757112196700007 7.942669457500004 12.258833442600000 0.006848093064234 0.002199258812640 -0.010023044823586
101 8 15.344565511000003 7.026158843900003 9.666525792999996 0.000164883369292 0.001385362129808 0.000355775804452
109 8 13.757110162900005 9.775701616500001 9.666529521300001 0.001859316406277 -0.000577669997405 -0.000524089713662
142 8 16.932022037700005 7.942686862000003 7.560553499600000 -0.001474806399145 0.000854791309826 -0.001545111108650
149 8 13.757108114200001 7.942663574800001 7.560546762400000 0.001563446404274 0.000889443976255 -0.001747558816901
159 8 15.344572253000006 10.692226291400004 7.560555002900000 -0.000043267812043 -0.001457056205715 -0.002155898824747
6 1 19.180701981300004 6.644402959900002 11.745737660500000 -0.000924640793677 0.000306648109328 0.000106397680087
22 1 19.180699473400011 8.859196511800004 8.613540438400001 -0.000153101062894 -0.000210275433758 -0.000133032429069
38 7 21.098768848300008 9.966594381700006 11.745734611600000 0.000375303821843 0.000170393815514 -0.000004107531877
46 7 23.016851672800001 6.644396246400003 11.745727975299999 -0.001716567162990 0.001823048351467 -0.001380388490788
54 7 23.016852096999990 8.859188158300002 8.613540254699998 0.000016399601226 0.000459784324444 -0.000055582950868
78 8 23.016857907999999 10.692224600700005 12.258847990200001 -0.001269256564067 -0.001656272197257 -0.001591366339938
94 8 21.429395566900006 7.942669457500004 12.258833442600000 0.002360834462882 0.000347630704742 -0.001198631614360
102 8 23.016848881199998 7.026158843900003 9.666525792999996 0.000346607666526 0.001302245129298 0.002461908341533
110 8 21.429393533100001 9.775701616500001 9.666529521300001 0.001599065502775 -0.000862484017026 0.001578371232463
126 8 19.180698912700002 9.240961061100004 11.232627459799998 0.000846993716488 0.001873589632208 0.001251115873618
134 8 19.180709763900005 6.644398071300002 9.396583635799999 0.000178788442343 -0.000081356635331 0.000216969154666
150 8 21.429391484400004 7.942663574800001 7.560546762400000 0.001926351056067 0.001239165549968 -0.000799385283129
160 8 23.016855623200005 10.692226291400004 7.560555002900000 0.000113830629857 -0.001531548484555 -0.002208290340145
168 8 19.180723212599993 11.073986469400005 7.830487589900000 0.000009698713965 0.000273264141204 -0.000013448039777
62 7 24.934923971800000 9.966587471600000 11.745738510299995 0.002208918359854 -0.000185886340493 0.001594880884537
70 8 24.604313256200005 7.942681828100003 12.258844262099997 -0.003367548332987 -0.002171689300945 -0.001398074019615
86 8 24.604302759999996 9.775705435000003 9.666531706799999 -0.002155943140589 -0.000946024744835 0.000557291897281
7 1 15.344560296200003 13.288795263500004 11.745737660500000 -0.000915929436352 -0.001878109056242 -0.000081509354150
15 1 17.262640612500000 12.181390680000009 8.613533801700001 -0.000353365166609 -0.000371969090687 0.000044066311239
23 1 15.344557788300000 15.503588815399999 8.613540438400001 -0.000347207198291 -0.000141588043131 -0.001033857174125
31 1 13.426487796399995 12.181395589400003 8.613538384300000 0.000334016765335 -0.000445898818413 0.000952507126861
39 7 17.262627163200005 16.610986685300006 11.745734611600000 -0.003996782779330 -0.002636613377161 -0.005287741853745
95 8 17.593253881800010 14.587061761100006 12.258833442600000 0.001850397286535 0.003164185714871 -0.000691523003130
111 8 17.593251848000001 16.420093920100001 9.666529521300001 0.001713751573747 -0.000486818282583 0.003674410946234
119 8 17.593249127900002 11.990500490400001 11.232628962800000 0.002448741151853 0.000302813004355 0.001375130366388
127 8 15.344557227600006 15.885353364700006 11.232627459799998 0.001822541638161 0.002529639799534 0.002183411366921
135 8 15.344568078800005 13.288790374900007 9.396583635799999 0.000165091063661 0.000296173160761 0.000105224483027
143 8 13.095880352600002 14.587079165600008 7.560553499600000 -0.001844612740713 0.000364786320342 -0.001594028428875
151 8 17.593249799300004 14.587055878400003 7.560546762400000 0.002071180079076 0.001139902444299 -0.000855237698088
175 8 13.095867367800004 11.990498335500007 11.232641519100001 -0.001865939320623 0.000842658641139 0.000542290054876
8 1 23.016843666400000 13.288795263500004 11.745737660500000 0.000970234046184 -0.000783781958605 -0.000267151528001
24 1 23.016841158500000 15.503588815399999 8.613540438400001 0.000318792061128 0.000044609425100 0.000065832502688
32 1 21.098771166600002 12.181395589400003 8.613538384300000 0.000174082568009 -0.000313145961363 0.000064136905346
47 7 19.180709987699998 13.288788550000005 11.745727975299999 -0.000020872112325 -0.002238017847348 -0.000982408364443
55 7 19.180710411900002 15.503580461900007 8.613540254699998 0.000019831963607 -0.000251301750823 -0.001240750045712
63 7 21.098782286700004 16.610979775200004 11.745738510299995 0.004910812990752 -0.000114336998881 -0.003686407508377
71 8 20.768171571100002 14.587074131700003 12.258844262099997 -0.002262108381578 0.001776520058008 -0.000921101883149
79 8 19.180716222899996 17.336616904300001 12.258847990200001 -0.001907146469895 0.003159751020860 0.007138122636303
87 8 20.768161074900000 16.420097738599999 9.666531706799999 -0.001994115884283 -0.001047616501791 0.002649078284838
103 8 19.180707196099995 13.670551147500003 9.666525792999996 0.000066637955099 0.002236677889983 0.002018131790882
128 8 23.016840597800005 15.885353364700006 11.232627459799998 -0.001192522726434 0.002130813852454 0.001899048402806
136 8 23.016851449000004 13.288790374900007 9.396583635799999 -0.000164127278445 0.000123906965254 -0.000065548782997
144 8 20.768163722800004 14.587079165600008 7.560553499600000 -0.001603558407745 0.000930178736988 -0.001650573919687
176 8 20.768150737999996 11.990498335500007 11.232641519100001 -0.001940407930029 -0.000337099565665 0.001474954173564
16 1 24.934923982700003 12.181390680000009 8.613533801700001 -0.000053994830899 -0.000229602826571 0.001138212148309
40 7 24.934910533400007 16.610986685300006 11.745734611600000 0.000539326288337 0.000446909182186 0.000001882381648
48 7 26.852993357900004 13.288788550000005 11.745727975299999 0.000144277463643 -0.001236828286076 0.000840916343923
56 7 26.852993782099993 15.503580461900007 8.613540254699998 0.000183106387962 0.000734710606558 -0.000054006944770
64 7 28.771065656899999 16.610979775200004 11.745738510299995 -0.001372752235618 -0.000165618965164 -0.000605567913230
72 8 28.440454941300004 14.587074131700003 12.258844262099997 -0.001233759050036 0.001611441166850 -0.001428923205394
80 8 26.852999593099998 17.336616904300001 12.258847990200001 0.000261732444469 -0.002100611429091 -0.001436096786896
88 8 28.440444445099999 16.420097738599999 9.666531706799999 -0.001391948144068 -0.000947551195898 0.001965037697929
96 8 25.265537252000023 14.587061761100006 12.258833442600000 0.001199324406159 0.001451230327123 -0.001359519994493
104 8 26.852990566300001 13.670551147500003 9.666525792999996 -0.000046933394258 0.001962446677572 0.001046922342099
112 8 25.265535218199997 16.420093920100001 9.666529521300001 0.001484560122786 -0.001057679533166 0.001577262688161
120 8 25.265532498100001 11.990500490400001 11.232628962800000 0.001576546148724 -0.000419099979088 0.001096380106876
152 8 25.265533169500006 14.587055878400003 7.560546762400000 0.001509889395458 0.000559339932528 -0.002801844878918
