ITEM: TIMESTEP
0
ITEM: NUMBER OF ATOMS
176
ITEM: BOX BOUNDS xy xz yz pp pp pp
0.0000000000000000e+00 3.0689133480799999e+01 7.6722833701999980e+00
0.0000000000000000e+00 1.7718379476200003e+01 7.6722833702000024e+00
0.0000000000000000e+00 1.2528786279200000e+01 4.4295948690000015e+00
ITEM: ATOMS id type x y z fx fy fz
25 1 5.754204426199998 3.322205851300000 2.349145244699999 0.002741761829525 -0.000228420944086 0.000355200953099
137 8 5.423596982400004 5.727889427500000 1.296160360000000 -0.001798961987486 0.001528987809598 -0.001513366106099
161 8 3.836156472199998 2.214796731300001 1.566094450300000 -0.000968723539005 -0.000210947085500 -0.000217580853680
169 8 5.423583997600000 3.131308597400002 4.968248379499999 -0.002477118571005 -0.000684320157821 0.001645028107257
1 1 7.672276926000002 4.429605525400001 5.481344520900000 0.003628015859024 -0.003205993433512 -0.002411235688608
9 1 9.590357242299998 3.322200941900001 2.349140662099999 0.006973914512488 -0.002849649650141 0.007804521678921
41 7 11.508426617500000 4.429598811900002 5.481334835700000 -0.008981582806908 -0.015275189899894 -0.004227727142675
89 8 9.920970511600007 5.727872023000002 5.994440303000000 0.000817313952249 0.005880454069833 -0.000537987661271
97 8 11.503423825899983 4.802701155362166 3.402132653400000 0.026003341618639 0.083065952996175 -0.050596415469226
113 8 9.920965757699999 3.131310752300001 4.968235823200000 -0.008893835495638 -0.012882524746851 0.016431170946058
129 8 7.672284708600001 4.429600636800002 3.132190496199999 -0.005681574626489 0.003659899419388 0.000988233155312
145 8 9.920966429100000 5.727866140300000 1.296153622799999 0.009647158410831 0.010342563936253 0.000926563667793
153 8 7.672288882800000 1.833036553300000 1.296161863300000 -0.003824468226995 -0.005029456907711 -0.004184872059905
162 8 11.508439842400000 2.214796731300001 1.566094450300000 0.004035678265836 -0.005888208249229 -0.006246096393373
2 1 15.344560296200001 4.429605525400001 5.481344520900000 -0.000075856853897 -0.002816468624874 0.000422766166417
10 1 17.262640612500000 3.322200941900001 2.349140662099999 0.000060279579234 -0.000737655761656 0.000018971047092
26 1 13.426487796400002 3.322205851300000 2.349145244699999 -0.009547735051749 -0.009440188320490 0.003088824652291
65 8 13.095888200900001 5.727884393600002 5.994451122499998 -0.000977384791891 0.004094330002746 -0.005093651618835
90 8 17.593253881800006 5.727872023000002 5.994440303000000 0.001278997735044 0.001429884737247 -0.001428419313715
114 8 17.593249127900009 3.131310752300001 4.968235823200000 0.001605898550595 -0.000502276598385 0.001381856950023
130 8 15.344568078800005 4.429600636800002 3.132190496199999 0.000321029452172 0.002576200868544 0.000228483522827
138 8 13.095880352600009 5.727889427500000 1.296160360000000 -0.012202458254046 0.003462552033741 0.013424211412378
146 8 17.593249799300011 5.727866140300000 1.296153622799999 0.000881286259700 0.001435815862886 -0.001082723090639
154 8 15.344572252999999 1.833036553300000 1.296161863300000 0.000722410402050 -0.002275836469081 -0.002235726509236
170 8 13.095867367800004 3.131308597400002 4.968248379499999 0.006267473276268 -0.003025613140727 0.005650940174116
42 7 19.180709987699998 4.429598811900002 5.481334835700000 0.000763601314456 -0.000520530968627 0.000076979167559
66 8 20.768171571100002 5.727884393600002 5.994451122499998 -0.002278544269234 0.001180188796044 -0.001391511088203
98 8 19.180707196099995 4.811361409400002 3.402132653400000 -0.000421399089678 0.002100433625357 0.001617552617507
3 1 11.508418611100000 11.073997829000001 5.481344520900000 -0.000004736112265 0.001406874441263 0.001006869249072
17 1 7.672274418099999 6.644399077300000 2.349147298800000 -0.002346599614862 -0.003781103024468 0.000228194300132
27 1 9.590346111300001 9.966598154900002 2.349145244699999 -0.002672605179326 0.003512999289317 0.000190368912153
33 7 9.590343793000001 7.751796947200008 5.481341472000000 -0.003195745698950 -0.001009419357912 0.006390317512707
49 7 11.508427041700001 6.644390723800001 2.349147115100000 -0.009055290303585 -0.028787273946495 0.009745562610319
73 8 11.508432852700000 8.477427166200002 5.994454850600000 0.000582234046942 -0.002358626539163 -0.002760951186939
105 8 9.920968477800001 7.560904182000002 3.402136381700000 0.010374150846547 -0.005504900460558 -0.002647406161992
121 8 7.672273857400003 7.026163626600007 4.968234320200000 0.001405970001108 0.003322914458040 0.001108750973040
131 8 11.508426393700001 11.073992940400007 3.132190496199999 0.000215999965574 -0.001568985343018 -0.000533003801878
155 8 11.508430567899998 8.477428856900005 1.296161863300000 -0.000011842586748 -0.020483514386031 0.010376581456147
163 8 7.672298157300000 8.859189034900005 1.566094450300000 0.001375753808985 0.000168892080757 0.000278881404117
171 8 9.259725682700001 9.775700901000002 4.968248379499999 -0.000687702003027 -0.001909317789927 0.000437325196265
11 1 13.426498927399999 9.966593245500007 2.349140662099999 0.002378245403527 0.005155337512579 -0.000074580955004
18 1 15.344557788300000 6.644399077300000 2.349147298800000 0.005790979828751 -0.000986764188505 -0.000356255639757
28 1 17.262629481500003 9.966598154900002 2.349145244699999 0.001522970685758 0.001419473369906 0.000114427483492
34 7 17.262627163200005 7.751796947200008 5.481341472000000 0.001836021226873 0.000465114719000 0.000768194370134
43 7 15.344568302600003 11.073991115500002 5.481334835700000 0.001806316724948 0.002386546522747 0.000859273527199
57 7 13.426498916499998 7.751790037100004 5.481345370700000 0.002702094031647 0.002985276778882 0.009008836516645
81 8 13.095877704700001 7.560908000500002 3.402138567200000 -0.010390378496477 -0.010222279697301 -0.002589312789464
99 8 15.344565510999997 11.455753713000002 3.402132653400000 -0.000943039050511 -0.000022745045073 0.001746485976479
106 8 17.593251848000001 7.560904182000002 3.402136381700000 0.000770805646119 -0.000937469303412 0.001497343928908
115 8 13.757107442799997 9.775703055900001 4.968235823200000 0.000553892090189 -0.003122624748198 0.000265228511271
122 8 15.344557227600001 7.026163626600007 4.968234320200000 -0.001767593032730 0.002365142768943 0.000439382801810
164 8 15.344581527500001 8.859189034900005 1.566094450300000 -0.001983654738073 -0.001063040485442 0.000602898737869
172 8 16.932009052900014 9.775700901000002 4.968248379499999 -0.002000818945618 -0.001490597054652 0.001296024921342
4 1 19.180701981300000 11.073997829000001 5.481344520900000 0.000027167161784 0.001167977776191 -0.000443760631001
12 1 21.098782297600000 9.966593245500007 2.349140662099999 -0.001054473265323 0.000764243073655 0.000124141091438
44 7 23.016851672799998 11.073991115500002 5.481334835700000 -0.001563765795176 0.001224135035240 0.000757583332775
50 7 19.180710411899998 6.644390723800001 2.349147115100000 0.000800972247827 -0.000035177843928 0.000120530745256
58 7 21.098782286699997 7.751790037100004 5.481345370700000 -0.000564378305835 -0.000001876250834 0.000263174664710
74 8 19.180716222899989 8.477427166200002 5.994454850600000 -0.000681872863223 -0.002229858517532 -0.001534944697322
82 8 20.768161074900000 7.560908000500002 3.402138567200000 -0.001638118238153 -0.000863462622369 0.001457375058471
100 8 23.016848881199998 11.455753713000002 3.402132653400000 0.000783313512085 0.001001988009560 0.001528910402640
116 8 21.429390813000008 9.775703055900001 4.968235823200000 0.002113600243505 -0.000953783662576 0.001336857991650
132 8 19.180709763900005 11.073992940400007 3.132190496199999 -0.000038777174430 -0.001322259875509 0.000283694397137
156 8 19.180713938099998 8.477428856900005 1.296161863300000 -0.000206030773845 -0.001987779280960 -0.001529255987908
19 1 11.508416103199997 13.288791380900006 2.349147298800000 0.000481638074546 0.001431818389886 -0.000201494485067
123 8 11.508415542500002 13.670555930200003 4.968234320200000 -0.000139761108100 0.000799461023689 0.001005826118295
139 8 9.259738667499999 12.372281731100001 1.296160360000000 -0.000847966232535 -0.000204747864404 -0.001372325365692
35 7 13.426485478100000 14.396189250800001 5.481341472000000 0.001999767991513 0.001033481072512 -0.000546827239331
51 7 15.344568726800000 13.288783027399999 2.349147115100000 0.002701565083987 0.004368686590970 0.000476552560463
59 7 17.262640601600001 14.396182340700005 5.481345370700000 0.001531663236393 0.009288289612633 -0.004003065303013
67 8 16.932029885999999 12.372276697200000 5.994451122499998 -0.002543436695756 -0.002138239867301 -0.000720505152738
75 8 15.344574537799998 15.121819469800011 5.994454850600000 -0.002837999755498 -0.002935929427980 -0.000442784292907
83 8 16.932019389799994 14.205300304100005 3.402138567200000 -0.002881747065680 -0.004551100633880 0.001534801721556
91 8 13.757112196700003 12.372264326600002 5.994440303000000 0.001232791088091 0.000029636503980 -0.001434072684635
107 8 13.757110162900000 14.205296485600002 3.402136381700000 0.000770571592311 -0.001382588243712 0.001797704443044
140 8 16.932022037700008 12.372281731100001 1.296160360000000 -0.001836394649545 -0.000055754047110 -0.002003609150389
147 8 13.757108114200003 12.372258443900009 1.296153622799999 0.000359889402338 -0.000829903196657 -0.001438527094658
20 1 19.180699473400008 13.288791380900006 2.349147298800000 -0.000893623474522 0.004396918377614 0.000134970638445
36 7 21.098768848300001 14.396189250800001 5.481341472000000 -0.002096812727603 0.003282185754675 -0.001999081529902
52 7 23.016852096999997 13.288783027399999 2.349147115100000 -0.001846624834939 0.001687697619041 0.000480773868310
76 8 23.016857907999988 15.121819469800011 5.994454850600000 0.001091134726008 -0.002029979873745 -0.000961191378414
92 8 21.429395566900006 12.372264326600002 5.994440303000000 0.002207324328297 -0.000041985929228 -0.001054375958461
108 8 21.429393533100004 14.205296485600002 3.402136381700000 0.002726968995257 -0.001556466082448 0.001128679471421
124 8 19.180698912699995 13.670555930200003 4.968234320200000 0.001320598366305 0.000531496710897 0.001779413559840
148 8 21.429391484400018 12.372258443900009 1.296153622799999 0.002353676317853 0.000680087508314 -0.001513309619220
60 7 24.934923971800007 14.396182340700005 5.481345370700000 -0.000700488917261 0.000538896486860 -0.000135823403880
68 8 24.604313256200001 12.372276697200000 5.994451122499998 -0.001522057174370 0.000206321053991 -0.001574818765491
84 8 24.604302760000003 14.205300304100005 3.402138567200000 -0.001316588474922 -0.001112365582116 0.001449256365873
29 1 9.590346111300004 5.537003285800003 8.613538384300000 0.000295018831776 -0.001215859900764 -0.000577653606770
157 8 11.508430567900000 4.047833987800002 7.560555002900000 -0.000020449519465 -0.003431139902573 0.004736208565512
165 8 7.672298157300002 4.429594165800001 7.830487589900000 -0.000378247298919 0.000523630666827 0.000919261233544
173 8 9.259725682700003 5.346106031900003 11.232641519100001 -0.001442148920296 -0.000642688592863 0.001463969095072
13 1 13.426498927400001 5.536998376400002 8.613533801700001 -0.000591714171718 -0.000947003146319 0.001106028144272
30 1 17.262629481500003 5.537003285800003 8.613538384300000 0.000356534648285 -0.000103149509728 0.000622413143863
117 8 13.757107442800002 5.346108186800002 11.232628962800000 0.000998535636697 -0.001088713214984 0.000862965221922
166 8 15.344581527500001 4.429594165800001 7.830487589900000 -0.000232930907436 0.000419056067342 -0.000357761560344
174 8 16.932009052900007 5.346106031900003 11.232641519100001 -0.001634522135513 -0.001059955149306 0.000848869608473
14 1 21.098782297600003 5.536998376400002 8.613533801700001 0.000114843696688 -0.000340164001321 0.000039217049312
118 8 21.429390813000005 5.346108186800002 11.232628962800000 0.002193741249668 -0.000536540820684 0.001346605617292
158 8 19.180713938100002 4.047833987800002 7.560555002900000 -0.000206883716275 -0.001735247152513 -0.001657822268021
5 1 11.508418611100007 6.644402959900002 11.745737660500000 0.000516671926058 -0.000446893697435 0.000106748452853
21 1 11.508416103199998 8.859196511800004 8.613540438400001 -0.000052989699638 -0.000156016891004 0.000666312481242
125 8 11.508415542500003 9.240961061100004 11.232627459799998 -0.000165067033341 0.001055318282954 0.000566657705312
133 8 11.508426393700002 6.644398071300002 9.396583635799999 0.000218898680783 0.000599230612456 0.000303323820835
141 8 9.259738667500002 7.942686862000003 7.560553499600000 -0.001298421042434 0.001266600393068 -0.002401828189006
167 8 11.508439842400001 11.073986469400005 7.830487589900000 -0.000118547666350 -0.000412099777446 -0.000507133102835
37 7 13.426485478099996 9.966594381700006 11.745734611600000 0.000113500762069 -0.000953896769628 0.000310116329132
45 7 15.344568302600001 6.644396246400003 11.745727975299999 0.001170914859044 0.000253572148789 0.003169468742722
53 7 15.344568726799995 8.859188158300002 8.613540254699998 0.000586795791729 0.000502342814869 0.000861741680193
61 7 17.262640601600001 9.966587471600000 11.745738510299995 -0.001851432091509 -0.003097071883293 -0.001020525444484
69 8 16.932029886000002 7.942681828100003 12.258844262099997 -0.001771466744896 0.002576919209995 -0.004566666335205
77 8 15.344574537800005 10.692224600700005 12.258847990200001 0.000379422981193 -0.001449334628122 -0.001340193129615
85 8 16.932019389799990 9.775705435000003 9.666531706799999 -0.001465923238618 -0.000735187714278 0.001684989352092
93 8 13.757112196700007 7.942669457500004 12.258833442600000 0.001103901039070 0.001446274333093 -0.001892489160271
101 8 15.344565511000003 7.026158843900003 9.666525792999996 -0.000214303567824 0.002057469802628 0.000547780809722
109 8 13.757110162900005 9.775701616500001 9.666529521300001 0.001555793527506 -0.001067956737249 0.001130201320821
142 8 16.932022037700005 7.942686862000003 7.560553499600000 -0.001769905471659 0.000848889920438 -0.001949740271157
149 8 13.757108114200001 7.942663574800001 7.560546762400000 0.001117753408545 0.000785270592561 -0.003321507123977
159 8 15.344572253000006 10.692226291400004 7.560555002900000 -0.000309221842419 -0.002251904728399 -0.001703862452028
6 1 19.180701981300004 6.644402959900002 11.745737660500000 -0.000849808103873 -0.000653816148518 0.003837121493233
22 1 19.180699473400011 8.859196511800004 8.613540438400001 -0.000012616178849 -0.000343986325472 -0.000286099511801
38 7 21.098768848300008 9.966594381700006 11.745734611600000 0.001291227411472 -0.003367545692949 -0.007056431330823
46 7 23.016851672800001 6.644396246400003 11.745727975299999 -0.000401934235566 -0.000630262218509 0.000639605112523
54 7 23.016852096999990 8.859188158300002 8.613540254699998 -0.000266521889744 0.000018741758524 -0.000196431759922
78 8 23.016857907999999 10.692224600700005 12.258847990200001 -0.002112108140913 -0.001630104131112 -0.000320066734202
94 8 21.429395566900006 7.942669457500004 12.258833442600000 0.001490691726524 0.003414083130730 -0.001565553819164
102 8 23.016848881199998 7.026158843900003 9.666525792999996 0.000055647846689 0.002191928289622 0.001586398999116
110 8 21.429393533100001 9.775701616500001 9.666529521300001 0.001259430560426 -0.000474218372916 0.003542756694828
126 8 19.180698912700002 9.240961061100004 11.232627459799998 0.001312771959984 0.003352655638167 0.002123537845402
134 8 19.180709763900005 6.644398071300002 9.396583635799999 -0.000040184659365 0.000200835250422 -0.000592449269528
150 8 21.429391484400004 7.942663574800001 7.560546762400000 0.001836544342218 0.001157470964415 -0.001299856435058
160 8 23.016855623200005 10.692226291400004 7.560555002900000 0.000105215646171 -0.002003922500037 -0.001531957708329
168 8 19.180723212599993 11.073986469400005 7.830487589900000 -0.000002129282871 -0.000096896016031 0.000514434554486
62 7 24.934923971800000 9.966587471600000 11.745738510299995 0.001198591126111 -0.000582009615196 -0.000539378913968
70 8 24.604313256200005 7.942681828100003 12.258844262099997 -0.001770583707294 0.000969976461794 -0.001566880574229
86 8 24.604302759999996 9.775705435000003 9.666531706799999 -0.001704637255121 -0.001021487141895 0.001554382383573
7 1 15.344560296200003 13.288795263500004 11.745737660500000 -0.000878656913531 -0.000028561173930 -0.000969873853995
15 1 17.262640612500000 12.181390680000009 8.613533801700001 -0.000283767895074 0.000724195916057 -0.001152174443693
23 1 15.344557788300000 15.503588815399999 8.613540438400001 0.000726710777006 0.000138870677572 -0.001454525135667
31 1 13.426487796399995 12.181395589400003 8.613538384300000 0.000425352416014 0.000287868660750 -0.000067012798392
39 7 17.262627163200005 16.610986685300006 11.745734611600000 -0.000401608562905 0.001115489092513 -0.001234112149692
95 8 17.593253881800010 14.587061761100006 12.258833442600000 0.003130195370905 -0.000619671715624 -0.000074821575342
111 8 17.593251848000001 16.420093920100001 9.666529521300001 0.001274547559764 -0.000947410743009 0.002553334576503
119 8 17.593249127900002 11.990500490400001 11.232628962800000 0.002830411810743 -0.000092898848270 0.002386952695494
127 8 15.344557227600006 15.885353364700006 11.232627459799998 0.000612873999722 0.001134342159143 0.001324545790689
135 8 15.344568078800005 13.288790374900007 9.396583635799999 0.000005964817565 -0.000305903227573 0.000653519268944
143 8 13.095880352600002 14.587079165600008 7.560553499600000 -0.001965997627375 0.000682952253296 -0.001040085771810
151 8 17.593249799300004 14.587055878400003 7.560546762400000 0.001950816896239 0.000218988993860 0.000952703606019
175 8 13.095867367800004 11.990498335500007 11.232641519100001 -0.001435862034883 -0.000524627150872 0.001354854724163
8 1 23.016843666400000 13.288795263500004 11.745737660500000 0.001334771798228 0.000614306178300 -0.001489308218606
24 1 23.016841158500000 15.503588815399999 8.613540438400001 -0.000352395033306 -0.000136934408449 -0.000667822095247
32 1 21.098771166600002 12.181395589400003 8.613538384300000 0.000136359667390 0.000494862633429 -0.001338628225100
47 7 19.180709987699998 13.288788550000005 11.745727975299999 -0.000839748942970 0.002255115952500 -0.008553092269878
55 7 19.180710411900002 15.503580461900007 8.613540254699998 -0.000804666616263 0.001742524157969 -0.002992433808967
63 7 21.098782286700004 16.610979775200004 11.745738510299995 0.000681858118399 0.001977209785802 -0.000800244731789
71 8 20.768171571100002 14.587074131700003 12.258844262099997 -0.003093343867408 -0.001151634740889 -0.000059994437079
79 8 19.180716222899996 17.336616904300001 12.258847990200001 -0.000361885520029 -0.002371938018607 -0.001273895214674
87 8 20.768161074900000 16.420097738599999 9.666531706799999 -0.001108096350959 -0.000987817166372 0.002256071710179
103 8 19.180707196099995 13.670551147500003 9.666525792999996 0.000236536953078 0.000432951640858 0.004297872668459
128 8 23.016840597800005 15.885353364700006 11.232627459799998 -0.000245586610231 0.000867585638623 0.001153393371207
136 8 23.016851449000004 13.288790374900007 9.396583635799999 -0.000173853343390 -0.000214696576487 0.000713879831379
144 8 20.768163722800004 14.587079165600008 7.560553499600000 -0.001310015423922 0.000233089954267 -0.000389930397009
176 8 20.768150737999996 11.990498335500007 11.232641519100001 -0.002151237692407 -0.001162660766731 0.002874709555887
16 1 24.934923982700003 12.181390680000009 8.613533801700001 -0.000158292759094 0.000222162690927 -0.000080137530574
40 7 24.934910533400007 16.610986685300006 11.745734611600000 0.000502490479341 0.001138797568161 0.000849833555068
48 7 26.852993357900004 13.288788550000005 11.745727975299999 0.000080023351401 0.000666774271375 0.000249555575189
56 7 26.852993782099993 15.503580461900007 8.613540254699998 0.000122121836191 0.000437044967969 0.000071210920114
64 7 28.771065656899999 16.610979775200004 11.745738510299995 -0.000687752200631 0.000757512424664 0.000403934859940
72 8 28.440454941300004 14.587074131700003 12.258844262099997 -0.001550249475884 0.000302052226992 -0.001401671914139
80 8 26.852999593099998 17.336616904300001 12.258847990200001 -0.000056270594571 -0.002596772760934 -0.002176366999658
88 8 28.440444445099999 16.420097738599999 9.666531706799999 -0.001697081814657 -0.001045523710029 0.001348360986576
96 8 25.265537252000023 14.587061761100006 12.258833442600000 0.001269975776616 0.000430779207744 -0.001314869580201
104 8 26.852990566300001 13.670551147500003 9.666525792999996 -0.000013911786590 0.001654220003013 0.001536598656493
112 8 25.265535218199997 16.420093920100001 9.666529521300001 0.001547763118832 -0.001041727666915 0.001228855963783
120 8 25.265532498100001 11.990500490400001 11.232628962800000 0.001229883523293 -0.000727790809001 0.001604865294619
152 8 25.265533169500006 14.587055878400003 7.560546762400000 0.001718202818280 0.000937722901823 -0.001166781984352
