ITEM: TIMESTEP
0
ITEM: NUMBER OF ATOMS
176
ITEM: BOX BOUNDS xy xz yz pp pp pp
0.0000000000000000e+00 3.0689133480799999e+01 7.6722833701999980e+00
0.0000000000000000e+00 1.7718379476200003e+01 7.6722833702000024e+00
0.0000000000000000e+00 1.2528786279200000e+01 4.4295948690000015e+00
ITEM: ATOMS id type x y z fx fy fz
25 1 5.754204426199998 3.322205851300000 2.349145244699999 -0.003937836683572 -0.000381828446726 -0.001304688370996
137 8 5.423596982400004 5.727889427500000 1.296160360000000 -0.000617193376305 -0.000013012940369 -0.001065780802431
161 8 3.836156472199998 2.214796731300001 1.566094450300000 0.001176660635808 0.000479004806122 0.000633941875830
169 8 5.423583997600000 3.131308597400002 4.968248379499999 0.000146396242139 -0.001488361489129 0.000750166272678
1 1 7.672276926000002 4.429605525400001 5.481344520900000 0.001803536540209 0.008150249626719 0.010894193584898
9 1 9.590357242299998 3.322200941900001 2.349140662099999 0.005048542954634 0.006213170614334 -0.009010808841538
41 7 11.508426617500000 4.429598811900002 5.481334835700000 0.020877205429531 0.017637944914443 0.017501669933923
89 8 9.920970511600007 5.727872023000002 5.994440303000000 -0.006537964852746 0.018110035738408 0.000612358927156
97 8 11.508423825899998 4.811361409400002 3.402132653400000 -0.004678710330640 0.000226094279667 -0.010372111819946
113 8 9.925965757700055 3.134197503645924 4.976400789009256 -0.061668338648273 -0.070081214531870 -0.044113618751577
129 8 7.672284708600001 4.429600636800002 3.132190496199999 0.008136428326201 -0.006637467293146 0.002417906540700
145 8 9.920966429100000 5.727866140300000 1.296153622799999 -0.000020139869362 -0.002561110919602 -0.000727609647461
153 8 7.672288882800000 1.833036553300000 1.296161863300000 0.002642133631657 -0.000531247301949 0.001544166983838
162 8 11.508439842400000 2.214796731300001 1.566094450300000 -0.006296290175835 0.002021175993244 0.002181461132632
2 1 15.344560296200001 4.429605525400001 5.481344520900000 -0.004199048041242 0.000463160751582 0.000491396640737
10 1 17.262640612500000 3.322200941900001 2.349140662099999 -0.001226070970695 0.000213823882218 0.000427905110646
26 1 13.426487796400002 3.322205851300000 2.349145244699999 0.002078907683387 0.001609630112205 0.003571031512002
65 8 13.095888200900001 5.727884393600002 5.994451122499998 0.015097833293612 0.015860693571735 0.003548970012482
90 8 17.593253881800006 5.727872023000002 5.994440303000000 0.002974485644570 0.000944235173250 -0.001118574992527
114 8 17.593249127900009 3.131310752300001 4.968235823200000 0.002974456108016 -0.001009923137462 0.001228798370714
130 8 15.344568078800005 4.429600636800002 3.132190496199999 0.000605044529193 -0.000160678185692 -0.001347719979876
138 8 13.095880352600009 5.727889427500000 1.296160360000000 -0.001807753271228 0.000745467958496 -0.002202454373459
146 8 17.593249799300011 5.727866140300000 1.296153622799999 0.002079747652151 0.001113393090017 -0.001408859037654
154 8 15.344572252999999 1.833036553300000 1.296161863300000 -0.000025288588386 -0.001861074967709 -0.001705372172588
170 8 13.095867367800004 3.131308597400002 4.968248379499999 0.008300380465724 -0.006796582792970 -0.002102101882871
42 7 19.180709987699998 4.429598811900002 5.481334835700000 -0.002206301847944 0.000426909075684 0.000969585806455
66 8 20.768171571100002 5.727884393600002 5.994451122499998 -0.000771244839294 -0.000142357426979 -0.001679123097713
98 8 19.180707196099995 4.811361409400002 3.402132653400000 0.001092682971226 0.001086918583291 0.001383727526992
3 1 11.508418611100000 11.073997829000001 5.481344520900000 -0.000369762262574 -0.001445569080498 0.000153023956029
17 1 7.672274418099999 6.644399077300000 2.349147298800000 0.000210286155485 0.003802804958840 -0.000201940266319
27 1 9.590346111300001 9.966598154900002 2.349145244699999 0.000392112493040 -0.000287375208236 0.000279615061493
33 7 9.590343793000001 7.751796947200008 5.481341472000000 0.003663082059483 -0.006470365593642 0.003058830997359
49 7 11.508427041700001 6.644390723800001 2.349147115100000 0.001898125620248 0.000296018906340 0.003201971218737
73 8 11.508432852700000 8.477427166200002 5.994454850600000 -0.000271214699115 -0.000161743856128 -0.001410155735771
105 8 9.920968477800001 7.560904182000002 3.402136381700000 0.000786487515630 -0.001074401447492 -0.000204049166460
121 8 7.672273857400003 7.026163626600007 4.968234320200000 -0.001627172379263 0.000775587505888 0.000357484555985
131 8 11.508426393700001 11.073992940400007 3.132190496199999 0.000237197556940 0.000420915131341 -0.000066004778084
155 8 11.508430567899998 8.477428856900005 1.296161863300000 -0.000134336665245 -0.001761782861532 -0.001876855838865
163 8 7.672298157300000 8.859189034900005 1.566094450300000 -0.000236159279357 -0.000731380708512 0.000194798652825
171 8 9.259725682700001 9.775700901000002 4.968248379499999 -0.002116899293088 0.000909720489268 0.000734364704136
11 1 13.426498927399999 9.966593245500007 2.349140662099999 -0.000793962519832 -0.001234525265636 0.000245750763606
18 1 15.344557788300000 6.644399077300000 2.349147298800000 -0.000922197621109 -0.000592005588889 0.000829834399984
28 1 17.262629481500003 9.966598154900002 2.349145244699999 0.000079166172493 -0.001257282971724 -0.000419875758379
34 7 17.262627163200005 7.751796947200008 5.481341472000000 -0.001232585663328 -0.001206755184615 -0.000137164059500
43 7 15.344568302600003 11.073991115500002 5.481334835700000 -0.001812099785626 -0.002853840203645 0.001041851094616
57 7 13.426498916499998 7.751790037100004 5.481345370700000 -0.002556841082955 -0.008423874855858 0.002423418426688
81 8 13.095877704700001 7.560908000500002 3.402138567200000 -0.001625720609275 -0.000315127559156 -0.000093831655159
99 8 15.344565510999997 11.455753713000002 3.402132653400000 0.000787082043662 0.003893754205855 0.000932283868672
106 8 17.593251848000001 7.560904182000002 3.402136381700000 0.001153669396852 -0.000188649408947 0.000645070682914
115 8 13.757107442799997 9.775703055900001 4.968235823200000 0.003092140520460 0.001972375444898 0.000919113188372
122 8 15.344557227600001 7.026163626600007 4.968234320200000 0.002434060698856 0.003085279587214 0.000426765513962
164 8 15.344581527500001 8.859189034900005 1.566094450300000 0.000398232407364 0.000514316405679 0.000145343066594
172 8 16.932009052900014 9.775700901000002 4.968248379499999 -0.001849374691775 0.000107730130422 0.001184388528780
4 1 19.180701981300000 11.073997829000001 5.481344520900000 0.001195529897693 -0.000768612850992 0.000569638299985
12 1 21.098782297600000 9.966593245500007 2.349140662099999 0.000293328519832 -0.000049838989391 0.000011964297533
44 7 23.016851672799998 11.073991115500002 5.481334835700000 0.000070294189607 -0.000177315929321 0.000504861760536
50 7 19.180710411899998 6.644390723800001 2.349147115100000 -0.001142166206438 0.000798282491293 0.000128542805122
58 7 21.098782286699997 7.751790037100004 5.481345370700000 0.000559452460264 0.000793824791246 0.000551916816088
74 8 19.180716222899989 8.477427166200002 5.994454850600000 -0.000048505951392 -0.001794501659341 -0.001276787588969
82 8 20.768161074900000 7.560908000500002 3.402138567200000 -0.001061297095929 -0.001327924762470 0.001179875038245
100 8 23.016848881199998 11.455753713000002 3.402132653400000 0.000032168536920 0.001718272250702 0.001373255301263
116 8 21.429390813000008 9.775703055900001 4.968235823200000 0.001581365297503 -0.000881240394138 0.001273060475145
132 8 19.180709763900005 11.073992940400007 3.132190496199999 -0.000611744639836 0.000850216711826 -0.000279578621503
156 8 19.180713938099998 8.477428856900005 1.296161863300000 -0.000120205290075 -0.001820830369290 -0.001540595830453
19 1 11.508416103199997 13.288791380900006 2.349147298800000 -0.001008139295821 -0.000582927754542 -0.000435638582533
123 8 11.508415542500002 13.670555930200003 4.968234320200000 0.001603862655491 0.002194528092400 0.001361860027307
139 8 9.259738667499999 12.372281731100001 1.296160360000000 -0.001527167638848 0.000868168607524 -0.001074457162694
35 7 13.426485478100000 14.396189250800001 5.481341472000000 -0.003924814083556 -0.001911673896405 0.000975607313765
51 7 15.344568726800000 13.288783027399999 2.349147115100000 -0.007134722751421 -0.005591910807046 -0.004425853477997
59 7 17.262640601600001 14.396182340700005 5.481345370700000 0.008405667104520 0.002213451194240 0.015327401411572
67 8 16.932029885999999 12.372276697200000 5.994451122499998 -0.000580191396066 0.006472488290430 -0.002744264698091
75 8 15.344574537799998 15.121819469800011 5.994454850600000 0.005313249003407 0.000557863782454 -0.008725116020110
83 8 16.932019389799994 14.205300304100005 3.402138567200000 0.003042111116778 0.018398047735659 0.010546100838893
91 8 13.757112196700003 12.372264326600002 5.994440303000000 0.002180001490692 0.002175387660407 -0.001721970978316
107 8 13.757110162900000 14.205296485600002 3.402136381700000 0.003528420346034 -0.000427643237898 0.001255164689693
140 8 16.932022037700008 12.372281731100001 1.296160360000000 -0.002141412825244 0.002671827053612 0.000756829061173
147 8 13.757108114200003 12.372258443900009 1.296153622799999 0.003871484959166 0.002375122444504 0.000439456266133
20 1 19.180699473400008 13.288791380900006 2.349147298800000 0.004372690795381 -0.002728804718236 -0.000772462980699
36 7 21.098768848300001 14.396189250800001 5.481341472000000 0.000650871368879 0.006420271898466 0.001300340222443
52 7 23.016852096999997 13.288783027399999 2.349147115100000 -0.000083377177495 0.000550391534698 0.000259924704565
76 8 23.016857907999988 15.121819469800011 5.994454850600000 0.001315758762606 -0.002898478042256 -0.001310436732455
92 8 21.429395566900006 12.372264326600002 5.994440303000000 0.001453952737537 -0.000067869639775 -0.001387833200001
108 8 21.429393533100004 14.205296485600002 3.402136381700000 0.001247383826372 -0.001963855623377 -0.000171398958839
124 8 19.180698912699995 13.670555930200003 4.968234320200000 -0.003606422805354 0.000891054031365 -0.000257496984443
148 8 21.429391484400018 12.372258443900009 1.296153622799999 0.001116904971590 0.001008504624921 -0.001241658849471
60 7 24.934923971800007 14.396182340700005 5.481345370700000 -0.001836243075456 0.000807961401126 0.000409112564407
68 8 24.604313256200001 12.372276697200000 5.994451122499998 -0.001505536802663 0.000763666842957 -0.001461732632276
84 8 24.604302760000003 14.205300304100005 3.402138567200000 -0.001233558040380 -0.001111300962082 0.001296774035883
29 1 9.590346111300004 5.537003285800003 8.613538384300000 0.003814800594602 -0.001811847166056 -0.004278635670778
157 8 11.508430567900000 4.047833987800002 7.560555002900000 0.004556502726740 -0.001293579549373 0.012625519597344
165 8 7.672298157300002 4.429594165800001 7.830487589900000 -0.002578743756633 -0.000130324731048 -0.001702828070962
173 8 9.259725682700003 5.346106031900003 11.232641519100001 -0.001984540385571 -0.000703704251508 0.002132365686421
13 1 13.426498927400001 5.536998376400002 8.613533801700001 -0.003206677359012 -0.001543132366878 -0.004266551939614
30 1 17.262629481500003 5.537003285800003 8.613538384300000 -0.001045337248948 -0.000353305069104 -0.001131062830266
117 8 13.757107442800002 5.346108186800002 11.232628962800000 0.002964011082029 -0.000072233291748 0.003086873848304
166 8 15.344581527500001 4.429594165800001 7.830487589900000 0.001681654182692 -0.000382256902896 0.000942354345949
174 8 16.932009052900007 5.346106031900003 11.232641519100001 -0.001684190921188 -0.000309847554438 0.002174288886140
14 1 21.098782297600003 5.536998376400002 8.613533801700001 0.000623272225339 0.000031478321926 0.000125968217535
118 8 21.429390813000005 5.346108186800002 11.232628962800000 0.001313370504845 -0.000716465397509 0.001613305406471
158 8 19.180713938100002 4.047833987800002 7.560555002900000 0.000278513646071 -0.001892294394547 -0.001913772274080
5 1 11.508418611100007 6.644402959900002 11.745737660500000 -0.000454851781532 -0.000606382583381 -0.001894620358596
21 1 11.508416103199998 8.859196511800004 8.613540438400001 -0.000149084833589 -0.001871286218551 -0.001136145092361
125 8 11.508415542500003 9.240961061100004 11.232627459799998 0.000576417138009 0.002161729718307 0.001891229040547
133 8 11.508426393700002 6.644398071300002 9.396583635799999 -0.000000997098011 0.001349289021872 0.001943594428717
141 8 9.259738667500002 7.942686862000003 7.560553499600000 -0.002666244127992 0.002301616307416 -0.000825063939437
167 8 11.508439842400001 11.073986469400005 7.830487589900000 0.000178368911541 0.000643486761021 0.000082796569282
37 7 13.426485478099996 9.966594381700006 11.745734611600000 -0.000605591702939 0.000409450267167 -0.001269715633807
45 7 15.344568302600001 6.644396246400003 11.745727975299999 -0.002252121255196 -0.001237225607021 -0.004099145100020
53 7 15.344568726799995 8.859188158300002 8.613540254699998 -0.001569125996753 -0.000927889883020 -0.001290350613497
61 7 17.262640601600001 9.966587471600000 11.745738510299995 0.000468189353701 0.002530678918118 -0.002066555623045
69 8 16.932029886000002 7.942681828100003 12.258844262099997 -0.000917899940104 -0.000056548368700 0.004186978922660
77 8 15.344574537800005 10.692224600700005 12.258847990200001 0.000154776666200 -0.002417766216947 -0.000801855181220
85 8 16.932019389799990 9.775705435000003 9.666531706799999 -0.001331814123359 -0.001190637309438 0.002487400716084
93 8 13.757112196700007 7.942669457500004 12.258833442600000 0.002432068759295 0.000710157114362 -0.000204138116780
101 8 15.344565511000003 7.026158843900003 9.666525792999996 0.001178953081939 0.002109404631781 0.003625564689231
109 8 13.757110162900005 9.775701616500001 9.666529521300001 0.001432761399919 -0.000377085898237 0.001804765937931
142 8 16.932022037700005 7.942686862000003 7.560553499600000 -0.001204682224375 0.001053946621127 -0.001246221653582
149 8 13.757108114200001 7.942663574800001 7.560546762400000 0.002659067652521 0.003122797980180 0.000101063245537
159 8 15.344572253000006 10.692226291400004 7.560555002900000 0.000161874873608 -0.001237875384667 -0.002349545144402
6 1 19.180701981300004 6.644402959900002 11.745737660500000 0.001409629022575 -0.000387440496486 -0.002125840431861
22 1 19.180699473400011 8.859196511800004 8.613540438400001 0.000184495921686 0.000045051615447 -0.000482243954441
38 7 21.098768848300008 9.966594381700006 11.745734611600000 0.000813968294709 0.000428718699079 -0.000045514069239
46 7 23.016851672800001 6.644396246400003 11.745727975299999 0.000703228400479 -0.000395650375942 -0.000238275691471
54 7 23.016852096999990 8.859188158300002 8.613540254699998 0.000823080255516 -0.000353943748203 -0.000569598433253
78 8 23.016857907999999 10.692224600700005 12.258847990200001 -0.000176497125394 -0.001858464576934 -0.001306648370165
94 8 21.429395566900006 7.942669457500004 12.258833442600000 0.000925750885552 0.000914037274254 -0.001208418447851
102 8 23.016848881199998 7.026158843900003 9.666525792999996 -0.000521826475225 0.001895158247909 0.001949831736625
110 8 21.429393533100001 9.775701616500001 9.666529521300001 0.000873330389913 -0.000666762455543 0.001529876086456
126 8 19.180698912700002 9.240961061100004 11.232627459799998 -0.000483910827361 0.001527154444784 0.001820137525399
134 8 19.180709763900005 6.644398071300002 9.396583635799999 -0.000319256995722 0.000102496163083 0.000904979083630
150 8 21.429391484400004 7.942663574800001 7.560546762400000 0.001462361124646 0.000831492343604 -0.001577952511897
160 8 23.016855623200005 10.692226291400004 7.560555002900000 -0.000071038332642 -0.001639508156891 -0.001623551795957
168 8 19.180723212599993 11.073986469400005 7.830487589900000 -0.000231096072055 -0.000188287385867 -0.000294073066469
62 7 24.934923971800000 9.966587471600000 11.745738510299995 -0.000272129782830 0.000011334862209 -0.000294419333678
70 8 24.604313256200005 7.942681828100003 12.258844262099997 -0.001632902014436 0.000847588263707 -0.001169193020537
86 8 24.604302759999996 9.775705435000003 9.666531706799999 -0.001439284786731 -0.000595243089108 0.001872555087799
7 1 15.344560296200003 13.288795263500004 11.745737660500000 0.000246131815604 0.000429146614856 -0.000388162445647
15 1 17.262640612500000 12.181390680000009 8.613533801700001 0.000408598168562 0.001036131924298 0.000693147176484
23 1 15.344557788300000 15.503588815399999 8.613540438400001 0.002219846083513 0.000933123186599 0.001166331112579
31 1 13.426487796399995 12.181395589400003 8.613538384300000 -0.000107402651741 -0.000324447574033 0.000363205735331
39 7 17.262627163200005 16.610986685300006 11.745734611600000 0.000587306052087 0.000082199411561 -0.001734672114127
95 8 17.593253881800010 14.587061761100006 12.258833442600000 0.001500961102903 0.000749835648538 -0.001023218863824
111 8 17.593251848000001 16.420093920100001 9.666529521300001 0.000093309482345 -0.001305295328809 0.003724642865894
119 8 17.593249127900002 11.990500490400001 11.232628962800000 0.001539390709563 -0.001783299230243 0.001876966397420
127 8 15.344557227600006 15.885353364700006 11.232627459799998 -0.000291469191379 0.001811233143352 0.001627311470407
135 8 15.344568078800005 13.288790374900007 9.396583635799999 -0.000445574542619 -0.000392552085372 0.000112333560237
143 8 13.095880352600002 14.587079165600008 7.560553499600000 -0.000766157562259 0.000829584971303 -0.003004545559697
151 8 17.593249799300004 14.587055878400003 7.560546762400000 -0.000628254545611 -0.004167377437821 -0.001275706697161
175 8 13.095867367800004 11.990498335500007 11.232641519100001 -0.001557637078307 -0.001149052705336 0.001454416086735
8 1 23.016843666400000 13.288795263500004 11.745737660500000 -0.000103745743165 -0.000243679487274 -0.000414125284348
24 1 23.016841158500000 15.503588815399999 8.613540438400001 -0.001483866845926 0.000676304700296 -0.001107040707391
32 1 21.098771166600002 12.181395589400003 8.613538384300000 0.000088967638088 0.000960312182410 -0.000287829774382
47 7 19.180709987699998 13.288788550000005 11.745727975299999 0.000004985426972 0.000528660236846 -0.000644493782974
55 7 19.180710411900002 15.503580461900007 8.613540254699998 -0.000499503837847 0.007193686068053 -0.005427769951642
63 7 21.098782286700004 16.610979775200004 11.745738510299995 -0.001205035368040 -0.000220753323068 -0.002815922447782
71 8 20.768171571100002 14.587074131700003 12.258844262099997 -0.001495009290683 0.000754862107530 -0.000915362288624
79 8 19.180716222899996 17.336616904300001 12.258847990200001 0.000095835943997 -0.001752423680524 -0.000740519390842
87 8 20.768161074900000 16.420097738599999 9.666531706799999 -0.000022029530600 -0.001276861265117 0.004131910956340
103 8 19.180707196099995 13.670551147500003 9.666525792999996 0.000019750037245 -0.000107598850565 0.002949018752888
128 8 23.016840597800005 15.885353364700006 11.232627459799998 0.000901822149754 0.002070468369303 0.002231365224354
136 8 23.016851449000004 13.288790374900007 9.396583635799999 0.000394802015477 -0.000403612413309 0.000489381488586
144 8 20.768163722800004 14.587079165600008 7.560553499600000 -0.000436613307008 -0.000869127354866 -0.001356384471307
176 8 20.768150737999996 11.990498335500007 11.232641519100001 -0.001529852320250 -0.001219564838816 0.001536696282690
16 1 24.934923982700003 12.181390680000009 8.613533801700001 -0.000356887805804 -0.000137046426098 -0.000026784845181
40 7 24.934910533400007 16.610986685300006 11.745734611600000 0.000082505530292 -0.001212994769091 -0.002082136335675
48 7 26.852993357900004 13.288788550000005 11.745727975299999 -0.000098230350664 -0.000227385603063 0.000038025884008
56 7 26.852993782099993 15.503580461900007 8.613540254699998 -0.000932956422780 0.000314206830154 0.000290137875709
64 7 28.771065656899999 16.610979775200004 11.745738510299995 0.000936248569290 -0.000169974722525 -0.000310950082521
72 8 28.440454941300004 14.587074131700003 12.258844262099997 -0.001896175712943 0.000680191646090 -0.001271303370588
80 8 26.852999593099998 17.336616904300001 12.258847990200001 -0.000776140235125 -0.001397655035090 -0.000710921374527
88 8 28.440444445099999 16.420097738599999 9.666531706799999 -0.001731375220178 -0.001005865647563 0.001465874866063
96 8 25.265537252000023 14.587061761100006 12.258833442600000 0.001534967068390 0.001469855818224 -0.000813386403963
104 8 26.852990566300001 13.670551147500003 9.666525792999996 0.000275822682882 0.001657670365824 0.001549083134363
112 8 25.265535218199997 16.420093920100001 9.666529521300001 0.001461449311929 -0.000534734254212 0.001853050533738
120 8 25.265532498100001 11.990500490400001 11.232628962800000 0.001949712163823 -0.000769706520010 0.001575834774708
152 8 25.265533169500006 14.587055878400003 7.560546762400000 0.002256334018887 0.000847982667941 -0.001323901189277
