ITEM: TIMESTEP
0
ITEM: NUMBER OF ATOMS
176
ITEM: BOX BOUNDS xy xz yz pp pp pp
0.0000000000000000e+00 3.0689133480799999e+01 7.6722833701999980e+00
0.0000000000000000e+00 1.7718379476200003e+01 7.6722833702000024e+00
0.0000000000000000e+00 1.2528786279200000e+01 4.4295948690000015e+00
ITEM: ATOMS id type x y z fx fy fz
25 1 5.754204426199998 3.322205851300000 2.349145244699999 0.001383823426595 0.002681048737646 0.001915132206616
137 8 5.423596982400004 5.727889427500000 1.296160360000000 -0.002397082414855 -0.000244131791996 -0.004340396982366
161 8 3.836156472199998 2.214796731300001 1.566094450300000 -0.000579546884270 -0.000837265548108 -0.000659409865600
169 8 5.423583997600000 3.131308597400002 4.968248379499999 -0.002430273801717 -0.003817391959255 0.001244427978917
1 1 7.672276926000002 4.429605525400001 5.481344520900000 -0.005100864209366 0.020825844273148 -0.004271473446755
9 1 9.590357242299998 3.322200941900001 2.349140662099999 -0.003546238923197 0.000211795440982 0.000197393722904
41 7 11.508426617500000 4.429598811900002 5.481334835700000 -0.000724296633337 -0.014529909116550 -0.001237676703970
89 8 9.920970511600007 5.727872023000002 5.994440303000000 0.019103873956359 -0.003817304939776 0.000454816017488
97 8 11.508423825899998 4.811361409400002 3.402132653400000 0.000615118461388 0.005016501784478 0.003857128933948
113 8 9.920965757699999 3.131310752300001 4.968235823200000 0.005505104440978 0.001562861622846 0.002425149872954
129 8 7.672284708600001 4.429600636800002 3.132190496199999 0.000815218034200 -0.005427405907558 -0.003733969361771
145 8 9.920966429100000 5.727866140300000 1.296153622799999 0.005427739568443 0.002753555269839 0.000499266838887
153 8 7.672288882800000 1.833036553300000 1.296161863300000 0.000209270557943 -0.002400305551740 -0.002050239002644
162 8 11.508439842400000 2.214796731300001 1.566094450300000 0.000316583051103 0.000648159413981 0.000390944801864
2 1 15.344560296200001 4.429605525400001 5.481344520900000 0.003967351526231 -0.003010796931251 -0.000406670182005
10 1 17.262640612500000 3.322200941900001 2.349140662099999 0.001144533356158 0.000082370203388 0.000105871596847
26 1 13.426487796400002 3.322205851300000 2.349145244699999 0.001161368373232 -0.002131506074117 -0.001487842243186
65 8 13.095888200900001 5.727884393600002 5.994451122499998 -0.005022914686793 0.009301603260733 -0.002813173923675
90 8 17.593253881800006 5.727872023000002 5.994440303000000 -0.001405255186825 0.001536391777082 -0.001246401504557
114 8 17.593249127900009 3.131310752300001 4.968235823200000 -0.000201651864202 -0.001587354358084 0.001180638881617
130 8 15.344568078800005 4.429600636800002 3.132190496199999 -0.000928711985975 0.000832515718237 0.000692455994566
138 8 13.095880352600009 5.727889427500000 1.296160360000000 -0.003249674662969 0.002544750511364 0.001626390824761
146 8 17.593249799300011 5.727866140300000 1.296153622799999 -0.000278985711262 0.000530130241554 -0.002055960114542
154 8 15.344572252999999 1.833036553300000 1.296161863300000 -0.000220142534674 -0.001094857856532 -0.001127188502883
170 8 13.095867367800004 3.131308597400002 4.968248379499999 -0.003282963444000 0.002737864619056 0.001884782217002
42 7 19.180709987699998 4.429598811900002 5.481334835700000 0.006888943207561 0.004656650179980 0.000578457199409
66 8 20.768171571100002 5.727884393600002 5.994451122499998 -0.010504478024751 -0.007370187911031 0.001731661434843
98 8 19.180707196099995 4.811361409400002 3.402132653400000 -0.001154120846642 0.000646003826418 0.000766761943174
3 1 11.508418611100000 11.073997829000001 5.481344520900000 -0.005171753021901 0.020935270256284 -0.004292487647228
17 1 7.672274418099999 6.644399077300000 2.349147298800000 -0.005142226588351 0.002949887916377 0.021079763854729
27 1 9.590346111300001 9.966598154900002 2.349145244699999 -0.007543310981567 0.001564690774123 0.001189790030484
33 7 9.600343793000008 7.751796947200008 5.481341472000000 -0.166821976314848 -0.016115383272149 -0.011342233959819
49 7 11.508427041700001 6.644390723800001 2.349147115100000 -0.000683993783333 -0.006003400651598 -0.013233021137203
73 8 11.508432852700000 8.477427166200002 5.994454850600000 0.032216004231746 0.010099423085666 0.007065922080473
105 8 9.920968477800001 7.560904182000002 3.402136381700000 0.019083106418277 -0.000806716828373 -0.003636772119820
121 8 7.672273857400003 7.026163626600007 4.968234320200000 0.029514995631277 0.012474517467924 0.008908998962967
131 8 11.508426393700001 11.073992940400007 3.132190496199999 0.002283758629969 -0.001465817720128 0.002679125832609
155 8 11.508430567899998 8.477428856900005 1.296161863300000 0.000619698762705 -0.003389439027057 0.001405799005239
163 8 7.672298157300000 8.859189034900005 1.566094450300000 0.002176914630467 0.002053134243658 -0.002229077466482
171 8 9.259725682700001 9.775700901000002 4.968248379499999 0.016032258000749 -0.006076175633629 0.003211489573262
11 1 13.426498927399999 9.966593245500007 2.349140662099999 0.001611355286073 0.002996361464378 -0.004662671623958
18 1 15.344557788300000 6.644399077300000 2.349147298800000 0.003925951735495 -0.001351951814820 -0.002681872041145
28 1 17.262629481500003 9.966598154900002 2.349145244699999 0.002719258421604 -0.000087980436302 -0.000052701311559
34 7 17.262627163200005 7.751796947200008 5.481341472000000 0.010434456658179 0.001047682466596 0.000796183810160
43 7 15.344568302600003 11.073991115500002 5.481334835700000 0.006903543006783 0.004682863226706 0.000582513528847
57 7 13.426498916499998 7.751790037100004 5.481345370700000 0.047696117906451 -0.013117124499678 -0.009396431968266
81 8 13.095877704700001 7.560908000500002 3.402138567200000 -0.004871865251544 0.000606832644506 0.010031595026351
99 8 15.344565510999997 11.455753713000002 3.402132653400000 -0.001192293452946 0.000320103792052 0.002726364733371
106 8 17.593251848000001 7.560904182000002 3.402136381700000 -0.001426466468325 -0.000625960101932 0.001977997760801
115 8 13.757107442799997 9.775703055900001 4.968235823200000 -0.006950814879712 -0.008897477113068 0.004526854487451
122 8 15.344557227600001 7.026163626600007 4.968234320200000 -0.011661823393301 0.004935473020439 0.003577934514598
164 8 15.344581527500001 8.859189034900005 1.566094450300000 -0.001956210419437 -0.000056051148686 0.001342207459986
172 8 16.932009052900014 9.775700901000002 4.968248379499999 -0.004641137947861 -0.000435912316059 0.001423854843560
4 1 19.180701981300000 11.073997829000001 5.481344520900000 0.003966550828240 -0.002987893110714 -0.000404861533785
12 1 21.098782297600000 9.966593245500007 2.349140662099999 0.001627833229689 -0.003428731465112 0.004429981757871
44 7 23.016851672799998 11.073991115500002 5.481334835700000 -0.000550874007027 -0.014560235879549 -0.001273110581531
50 7 19.180710411899998 6.644390723800001 2.349147115100000 0.006929364778951 0.002104321393002 0.004250762988653
58 7 21.098782286699997 7.751790037100004 5.481345370700000 0.047293558762356 -0.013077745910268 -0.009368975069159
74 8 19.180716222899989 8.477427166200002 5.994454850600000 -0.012105609525873 0.001109898645555 0.000709407993776
82 8 20.768161074900000 7.560908000500002 3.402138567200000 -0.010353507731043 -0.000665627104712 -0.007201500252322
100 8 23.016848881199998 11.455753713000002 3.402132653400000 0.000663685318391 0.004124258617744 -0.000957492108263
116 8 21.429390813000008 9.775703055900001 4.968235823200000 -0.001412222525916 0.007735524993474 0.000009313668845
132 8 19.180709763900005 11.073992940400007 3.132190496199999 -0.001880724151030 0.001188192654154 -0.000496519453306
156 8 19.180713938099998 8.477428856900005 1.296161863300000 -0.001264701553088 -0.001201384232682 -0.003380868203160
19 1 11.508416103199997 13.288791380900006 2.349147298800000 -0.000429004422380 0.001844906442261 -0.000702735715863
123 8 11.508415542500002 13.670555930200003 4.968234320200000 0.000483077930325 -0.000624966210759 0.001535892071904
139 8 9.259738667499999 12.372281731100001 1.296160360000000 -0.000841712389511 0.000623838366936 -0.001862364855080
35 7 13.426485478100000 14.396189250800001 5.481341472000000 0.000562166501648 0.004441527180083 -0.000648941060690
51 7 15.344568726800000 13.288783027399999 2.349147115100000 0.000269083648348 0.001603349751385 -0.000448042564925
59 7 17.262640601600001 14.396182340700005 5.481345370700000 -0.000534266713512 -0.000218203784493 0.000080478288503
67 8 16.932029885999999 12.372276697200000 5.994451122499998 -0.003794342056903 -0.000117197626888 -0.001628099017535
75 8 15.344574537799998 15.121819469800011 5.994454850600000 -0.000007112180255 -0.004434951578041 -0.001320614133810
83 8 16.932019389799994 14.205300304100005 3.402138567200000 -0.001690807586653 -0.001058675068259 0.001531522868958
91 8 13.757112196700003 12.372264326600002 5.994440303000000 0.000812754000019 -0.001859249090890 -0.001422002715233
107 8 13.757110162900000 14.205296485600002 3.402136381700000 0.001666727836594 -0.001989525897092 0.001574941002670
140 8 16.932022037700008 12.372281731100001 1.296160360000000 -0.002061940964737 0.000790688286155 -0.001504920060750
147 8 13.757108114200003 12.372258443900009 1.296153622799999 0.001540818474838 0.000079993344268 -0.000934135240988
20 1 19.180699473400008 13.288791380900006 2.349147298800000 0.000468387006590 -0.001153756796351 0.000100920923247
36 7 21.098768848300001 14.396189250800001 5.481341472000000 0.001001332112608 -0.004398922145730 0.000735059280942
52 7 23.016852096999997 13.288783027399999 2.349147115100000 -0.000314250494754 -0.002430411847360 0.001060850178251
76 8 23.016857907999988 15.121819469800011 5.994454850600000 -0.000574104859383 -0.001097329005340 -0.001569117591271
92 8 21.429395566900006 12.372264326600002 5.994440303000000 -0.000083634605712 0.004715185977263 -0.000774901095730
108 8 21.429393533100004 14.205296485600002 3.402136381700000 0.001233552304851 0.000161429729021 0.001771167976490
124 8 19.180698912699995 13.670555930200003 4.968234320200000 -0.000089929406709 0.002702819250601 0.001285585064703
148 8 21.429391484400018 12.372258443900009 1.296153622799999 0.001647983305302 0.001750903523200 -0.001999954335261
60 7 24.934923971800007 14.396182340700005 5.481345370700000 -0.000538651094678 -0.000245754805493 0.000079739596101
68 8 24.604313256200001 12.372276697200000 5.994451122499998 0.001919936290921 0.003087096693978 -0.000369192481391
84 8 24.604302760000003 14.205300304100005 3.402138567200000 -0.001248624508721 -0.000773621938639 0.001544581605217
29 1 9.590346111300004 5.537003285800003 8.613538384300000 -0.007543324679618 0.001624937795569 0.001104461179992
157 8 11.508430567900000 4.047833987800002 7.560555002900000 0.000619693759535 0.000528409452588 -0.004134760032828
165 8 7.672298157300002 4.429594165800001 7.830487589900000 0.002176923846665 -0.001353660523961 0.002588928166749
173 8 9.259725682700003 5.346106031900003 11.232641519100001 -0.000874977568915 -0.001191757913254 0.001236657826204
13 1 13.426498927400001 5.536998376400002 8.613533801700001 0.001611385903897 -0.003442188947093 0.004442743130375
30 1 17.262629481500003 5.537003285800003 8.613538384300000 0.002719265365392 -0.000097253148990 -0.000039586331157
117 8 13.757107442800002 5.346108186800002 11.232628962800000 0.001618127713169 -0.000679739948123 0.000382304187395
166 8 15.344581527500001 4.429594165800001 7.830487589900000 -0.001956222471398 0.001310299060413 -0.000590072566902
174 8 16.932009052900007 5.346106031900003 11.232641519100001 -0.002095182643462 -0.000799154780023 0.001274861142047
14 1 21.098782297600003 5.536998376400002 8.613533801700001 0.001627811940422 0.002988825652284 -0.004645825697749
118 8 21.429390813000005 5.346108186800002 11.232628962800000 0.001725310230239 -0.001127625608761 0.002312882122737
158 8 19.180713938100002 4.047833987800002 7.560555002900000 -0.001264676725545 -0.003255179304830 -0.000476397171212
5 1 11.508418611100007 6.644402959900002 11.745737660500000 -0.000387575013008 -0.000079224185270 0.001947684127268
21 1 11.508416103199998 8.859196511800004 8.613540438400001 -0.005213190317536 0.002966568034941 0.021190286610555
125 8 11.508415542500003 9.240961061100004 11.232627459799998 0.000483079276105 0.001156777548154 -0.000983909988345
133 8 11.508426393700002 6.644398071300002 9.396583635799999 0.002283757376024 0.001939457163932 -0.002136668161626
141 8 9.259738667500002 7.942686862000003 7.560553499600000 0.016065978565070 0.000857573645939 -0.007123670231686
167 8 11.508439842400001 11.073986469400005 7.830487589900000 0.000750016687612 -0.005314554879202 -0.003825299977074
37 7 13.426485478099996 9.966594381700006 11.745734611600000 0.000562193907657 0.000816535204572 0.004477596407818
45 7 15.344568302600001 6.644396246400003 11.745727975299999 0.000228738678497 0.000059600863911 0.001672425095215
53 7 15.344568726799995 8.859188158300002 8.613540254699998 0.006943912199145 0.002116881081561 0.004274083645211
61 7 17.262640601600001 9.966587471600000 11.745738510299995 -0.000534274824576 0.000117421614254 -0.000394141841859
69 8 16.932029886000002 7.942681828100003 12.258844262099997 -0.001841821111546 0.000732448433126 -0.001550074286341
77 8 15.344574537800005 10.692224600700005 12.258847990200001 -0.000007113819324 -0.002652296181926 -0.003841758754015
85 8 16.932019389799990 9.775705435000003 9.666531706799999 -0.003643357228861 -0.001415468526765 0.000756445879646
93 8 13.757112196700007 7.942669457500004 12.258833442600000 0.001687914068861 0.000701878081073 -0.002397648772221
101 8 15.344565511000003 7.026158843900003 9.666525792999996 -0.001192326452994 0.002384927398024 -0.000193748011850
109 8 13.757110162900005 9.775701616500001 9.666529521300001 0.000791541465158 -0.001923417737250 -0.001164946342865
142 8 16.932022037700005 7.942686862000003 7.560553499600000 -0.004607904067813 0.001052240347063 -0.001212131017840
149 8 13.757108114200001 7.942663574800001 7.560546762400000 -0.007028078601135 0.001248282155260 -0.010063340357531
159 8 15.344572253000006 10.692226291400004 7.560555002900000 -0.001225632500922 -0.002941230868852 -0.002432733890933
6 1 19.180701981300004 6.644402959900002 11.745737660500000 0.000509787298023 -0.000321085754030 -0.001147400297676
22 1 19.180699473400011 8.859196511800004 8.613540438400001 0.003925127314561 -0.001342608813983 -0.002660879801692
38 7 21.098768848300008 9.966594381700006 11.745734611600000 0.001001283121498 -0.000825438528496 -0.004318499484776
46 7 23.016851672800001 6.644396246400003 11.745727975299999 -0.000354609339609 0.000137601206492 -0.002633531398982
54 7 23.016852096999990 8.859188158300002 8.613540254699998 -0.000510952648341 -0.006046719628856 -0.013249663687564
78 8 23.016857907999999 10.692224600700005 12.258847990200001 -0.000574113580855 -0.001774026354610 -0.000612113462080
94 8 21.429395566900006 7.942669457500004 12.258833442600000 0.001254761986932 0.001603860320296 -0.000435117118914
102 8 23.016848881199998 7.026158843900003 9.666525792999996 0.000663766404712 0.000179873756045 0.004620699095635
110 8 21.429393533100001 9.775701616500001 9.666529521300001 -0.000104686194113 0.000878074795901 0.004817739307910
126 8 19.180698912700002 9.240961061100004 11.232627459799998 -0.000089931695012 0.002030051660093 0.002237002371175
134 8 19.180709763900005 6.644398071300002 9.396583635799999 -0.001880731028781 -0.000169909535496 0.001424133295457
150 8 21.429391484400004 7.942663574800001 7.560546762400000 -0.001489472144342 0.002533348883877 0.007124165959712
160 8 23.016855623200005 10.692226291400004 7.560555002900000 0.000522089614793 0.001439945697583 0.000665256209151
168 8 19.180723212599993 11.073986469400005 7.830487589900000 -0.001007997064135 0.000939695695975 0.000597104652306
62 7 24.934923971800000 9.966587471600000 11.745738510299995 -0.000538628192600 0.000107565517913 -0.000419855768274
70 8 24.604313256200005 7.942681828100003 12.258844262099997 -0.001399659642676 0.000839767387843 -0.001285709437991
86 8 24.604302759999996 9.775705435000003 9.666531706799999 0.002070968927137 0.000839519758502 0.003357904689700
7 1 15.344560296200003 13.288795263500004 11.745737660500000 -0.000379989464789 -0.000078062020571 0.001952537906232
15 1 17.262640612500000 12.181390680000009 8.613533801700001 0.001143893838312 0.000091683706226 0.000112449562806
23 1 15.344557788300000 15.503588815399999 8.613540438400001 -0.000421390022548 0.001849882005681 -0.000703264594772
31 1 13.426487796399995 12.181395589400003 8.613538384300000 0.001379091662096 0.002688487404361 0.001920379245776
39 7 17.262627163200005 16.610986685300006 11.745734611600000 -0.000254842090893 0.000344807835429 0.000299164604830
95 8 17.593253881800010 14.587061761100006 12.258833442600000 0.002359926995127 0.000768761412670 -0.001442334499644
111 8 17.593251848000001 16.420093920100001 9.666529521300001 0.002338727111556 -0.001066532271386 0.001319539752804
119 8 17.593249127900002 11.990500490400001 11.232628962800000 0.002182204263659 -0.000646170139964 0.001513110324254
127 8 15.344557227600006 15.885353364700006 11.232627459799998 0.000574575573280 0.001847021853248 0.001394009352105
135 8 15.344568078800005 13.288790374900007 9.396583635799999 -0.000506281002721 -0.000957897518975 -0.000573544758671
143 8 13.095880352600002 14.587079165600008 7.560553499600000 -0.001513919288029 -0.000312097138924 -0.001601589049340
151 8 17.593249799300004 14.587055878400003 7.560546762400000 0.002104888340368 0.001157348252458 -0.001279419516578
175 8 13.095867367800004 11.990498335500007 11.232641519100001 -0.001547166420549 -0.001257892507747 0.000267355178214
8 1 23.016843666400000 13.288795263500004 11.745737660500000 0.000510352815880 -0.000322124251211 -0.001155326709831
24 1 23.016841158500000 15.503588815399999 8.613540438400001 0.000468943572654 -0.001161579781646 0.000102572885771
32 1 21.098771166600002 12.181395589400003 8.613538384300000 0.001171452699856 -0.002130344024182 -0.001487040267531
47 7 19.180709987699998 13.288788550000005 11.745727975299999 -0.000364627989755 0.000134888770098 -0.002617279461319
55 7 19.180710411900002 15.503580461900007 8.613540254699998 -0.000324261727323 -0.002415969313792 0.001052844406800
63 7 21.098782286700004 16.610979775200004 11.745738510299995 -0.000186961269299 0.000324378751663 0.000108148740939
71 8 20.768171571100002 14.587074131700003 12.258844262099997 -0.001852412822889 0.000360272144483 -0.000491545663810
79 8 19.180716222899996 17.336616904300001 12.258847990200001 0.000097538585017 -0.001958679072696 -0.001460442685701
87 8 20.768161074900000 16.420097738599999 9.666531706799999 -0.001701406334800 -0.000184751911031 0.000827795612689
103 8 19.180707196099995 13.670551147500003 9.666525792999996 -0.000145564103141 0.002485533571782 0.002067478765398
128 8 23.016840597800005 15.885353364700006 11.232627459799998 -0.000127038866021 0.001972479056109 0.001482731568415
136 8 23.016851449000004 13.288790374900007 9.396583635799999 0.000389234814529 0.000538528760023 0.000484586214401
144 8 20.768163722800004 14.587079165600008 7.560553499600000 -0.001943723409722 0.001838668989194 -0.001405401467305
176 8 20.768150737999996 11.990498335500007 11.232641519100001 -0.001976961134003 -0.000355992270207 0.002229723826182
16 1 24.934923982700003 12.181390680000009 8.613533801700001 -0.003552131602314 0.000199348362653 0.000188571460047
40 7 24.934910533400007 16.610986685300006 11.745734611600000 0.000750097718833 -0.000095746101970 -0.000012379111225
48 7 26.852993357900004 13.288788550000005 11.745727975299999 0.000226220197816 0.000059664682802 0.001661786956143
56 7 26.852993782099993 15.503580461900007 8.613540254699998 0.000266566829475 0.001593343352029 -0.000444445594216
64 7 28.771065656899999 16.610979775200004 11.745738510299995 -0.000181354912436 0.000324897700673 0.000108551180188
72 8 28.440454941300004 14.587074131700003 12.258844262099997 -0.001967945348601 0.000804378555699 -0.002421099805794
80 8 26.852999593099998 17.336616904300001 12.258847990200001 -0.000608793429247 -0.001834350185768 -0.001372526507941
88 8 28.440444445099999 16.420097738599999 9.666531706799999 -0.001816925726023 -0.001855887767945 0.001889652275131
96 8 25.265537252000023 14.587061761100006 12.258833442600000 0.001139598848697 0.001156888499577 -0.001387930685235
104 8 26.852990566300001 13.670551147500003 9.666525792999996 0.000285509323723 0.001183783927674 0.001147017405249
112 8 25.265535218199997 16.420093920100001 9.666529521300001 0.001118404885312 -0.000885900852779 0.001667365567982
120 8 25.265532498100001 11.990500490400001 11.232628962800000 0.001745359913359 -0.000747571845439 0.001261639176397
152 8 25.265533169500006 14.587055878400003 7.560546762400000 0.001668048367781 0.000886444257615 -0.001291184857448
