ITEM: TIMESTEP
0
ITEM: NUMBER OF ATOMS
176
ITEM: BOX BOUNDS xy xz yz pp pp pp
0.0000000000000000e+00 3.0689133480799999e+01 7.6722833701999980e+00
0.0000000000000000e+00 1.7718379476200003e+01 7.6722833702000024e+00
0.0000000000000000e+00 1.2528786279200000e+01 4.4295948690000015e+00
ITEM: ATOMS id type x y z fx fy fz
25 1 5.754204426199998 3.322205851300000 2.349145244699999 0.005219627253582 0.008272916951127 0.009862653262536
137 8 5.428596982400046 5.730776178845921 1.304325325809257 0.004544667242373 -0.032705821963680 -0.095627907863667
161 8 3.836156472199998 2.214796731300001 1.566094450300000 -0.001163529830395 0.000279087937122 -0.002430845156233
169 8 5.423583997600000 3.131308597400002 4.968248379499999 -0.001633673600603 -0.002194641533154 0.001803444973898
1 1 7.672276926000002 4.429605525400001 5.481344520900000 -0.000852359888473 0.001561167007252 -0.004237896224357
9 1 9.590357242299998 3.322200941900001 2.349140662099999 -0.002698434258243 0.002587021612306 0.001877444930796
41 7 11.508426617500000 4.429598811900002 5.481334835700000 -0.001339102722866 0.000348597535439 -0.000638704537970
89 8 9.920970511600007 5.727872023000002 5.994440303000000 0.002309117701375 0.000951433976625 -0.000680161447878
97 8 11.508423825899998 4.811361409400002 3.402132653400000 0.000490902477602 0.001521405554382 0.001567434857314
113 8 9.920965757699999 3.131310752300001 4.968235823200000 0.002500639111239 -0.001435776230863 0.001757023332756
129 8 7.672284708600001 4.429600636800002 3.132190496199999 0.004707796964392 -0.007560053692664 0.003619518993950
145 8 9.920966429100000 5.727866140300000 1.296153622799999 0.003759539795167 -0.000180843000331 -0.004195086429568
153 8 7.672288882800000 1.833036553300000 1.296161863300000 -0.000459362582874 -0.001429170453145 -0.003917592379608
162 8 11.508439842400000 2.214796731300001 1.566094450300000 0.000373107634123 -0.000190947373714 -0.000465011359539
2 1 15.344560296200001 4.429605525400001 5.481344520900000 0.000841253094119 -0.000041665279788 -0.000230911304886
10 1 17.262640612500000 3.322200941900001 2.349140662099999 0.000326647265158 -0.000053337705560 0.002778335972322
26 1 13.426487796400002 3.322205851300000 2.349145244699999 -0.000414201201774 0.000089217553574 0.000237635987324
65 8 13.095888200900001 5.727884393600002 5.994451122499998 -0.001036145552128 0.000797489533341 -0.000568120311028
90 8 17.593253881800006 5.727872023000002 5.994440303000000 0.000645004903387 0.001304424750488 -0.000414622977850
114 8 17.593249127900009 3.131310752300001 4.968235823200000 0.000771171142634 -0.001762152247142 0.001627664461398
130 8 15.344568078800005 4.429600636800002 3.132190496199999 0.000213638322400 -0.000036184155519 -0.000364336450905
138 8 13.095880352600009 5.727889427500000 1.296160360000000 -0.000719212792736 0.000607156273056 -0.002211882151326
146 8 17.593249799300011 5.727866140300000 1.296153622799999 0.003354984306416 -0.000864075580867 -0.005801456962010
154 8 15.344572252999999 1.833036553300000 1.296161863300000 0.000107328642731 -0.001511820559627 -0.002001233692149
170 8 13.095867367800004 3.131308597400002 4.968248379499999 -0.001274450502971 -0.001040448095799 0.001351579993452
42 7 19.180709987699998 4.429598811900002 5.481334835700000 0.001667984427043 0.001613860624787 -0.003608898239969
66 8 20.768171571100002 5.727884393600002 5.994451122499998 -0.002233355223085 -0.000319821714842 -0.000042662401115
98 8 19.180707196099995 4.811361409400002 3.402132653400000 -0.006813467323956 -0.003385876330655 0.005020922393976
3 1 11.508418611100000 11.073997829000001 5.481344520900000 -0.000409365498399 -0.000282696304035 -0.001554499342278
17 1 7.672274418099999 6.644399077300000 2.349147298800000 -0.008997209196153 -0.003053282700553 0.005228016642833
27 1 9.590346111300001 9.966598154900002 2.349145244699999 -0.001352473287297 -0.002123321818609 0.000266670367229
33 7 9.590343793000001 7.751796947200008 5.481341472000000 -0.002800564417326 -0.001583428849040 -0.003745903024102
49 7 11.508427041700001 6.644390723800001 2.349147115100000 -0.003271379155461 0.000491407121069 0.000666103090254
73 8 11.508432852700000 8.477427166200002 5.994454850600000 0.000995207068298 -0.001070772950932 0.000241021646929
105 8 9.920968477800001 7.560904182000002 3.402136381700000 0.006495035220171 0.000683200682224 0.003754432678636
121 8 7.672273857400003 7.026163626600007 4.968234320200000 0.001814544498244 0.002409735034980 0.004826550953081
131 8 11.508426393700001 11.073992940400007 3.132190496199999 0.000648884004946 0.000562111236628 0.000276376799299
155 8 11.508430567899998 8.477428856900005 1.296161863300000 0.000569057211699 -0.001576219441272 -0.002171382826763
163 8 7.672298157300000 8.859189034900005 1.566094450300000 0.000904637867011 0.006016376697906 -0.003199376360394
171 8 9.259725682700001 9.775700901000002 4.968248379499999 -0.001251934829297 -0.000156016176775 0.001862551000693
11 1 13.426498927399999 9.966593245500007 2.349140662099999 -0.000395605441149 -0.000320405368389 0.000438941047054
18 1 15.344557788300000 6.644399077300000 2.349147298800000 -0.000295028099373 0.000657892985284 0.001201207046770
28 1 17.262629481500003 9.966598154900002 2.349145244699999 0.000917612992662 -0.000608640556900 0.000886705243940
34 7 17.262627163200005 7.751796947200008 5.481341472000000 0.002543020602495 -0.000619871136450 -0.002426172098882
43 7 15.344568302600003 11.073991115500002 5.481334835700000 0.000821264064482 0.000145269838561 -0.001311338676281
57 7 13.426498916499998 7.751790037100004 5.481345370700000 -0.000458538603726 -0.000639511116878 -0.001955290595512
81 8 13.095877704700001 7.560908000500002 3.402138567200000 -0.000701575954902 -0.000540952163147 0.001560772563127
99 8 15.344565510999997 11.455753713000002 3.402132653400000 -0.000227990117492 0.001714319366411 0.001379027127840
106 8 17.593251848000001 7.560904182000002 3.402136381700000 -0.003152157433477 0.001860570742373 0.005221165239722
115 8 13.757107442799997 9.775703055900001 4.968235823200000 0.001851690609608 -0.000708203748951 0.001845837596674
122 8 15.344557227600001 7.026163626600007 4.968234320200000 -0.000689826718477 0.001807622476469 0.001707394256000
164 8 15.344581527500001 8.859189034900005 1.566094450300000 -0.000602827561616 0.000073339699070 -0.000542031946310
172 8 16.932009052900014 9.775700901000002 4.968248379499999 -0.002246494558856 -0.000163737346790 0.001704137164050
4 1 19.180701981300000 11.073997829000001 5.481344520900000 0.000864452632960 -0.001301088766804 -0.000753190661638
12 1 21.098782297600000 9.966593245500007 2.349140662099999 0.000901151879347 -0.004661782867918 0.002200966220913
44 7 23.016851672799998 11.073991115500002 5.481334835700000 -0.000916868243714 -0.001624053040929 -0.001004958133033
50 7 19.180710411899998 6.644390723800001 2.349147115100000 0.012325788765957 0.003209204508833 0.012841055652221
58 7 21.098782286699997 7.751790037100004 5.481345370700000 -0.000378877850351 -0.001666738166865 -0.009915914770225
74 8 19.180716222899989 8.477427166200002 5.994454850600000 -0.002055518726864 -0.001146512069440 0.000049222999609
82 8 20.768161074900000 7.560908000500002 3.402138567200000 -0.005062462162851 0.013399912586315 0.017870104467525
100 8 23.016848881199998 11.455753713000002 3.402132653400000 0.000153681996709 0.002689044464021 0.001478629424480
116 8 21.429390813000008 9.775703055900001 4.968235823200000 0.002573989189637 0.001733984169192 0.002654652370304
132 8 19.180709763900005 11.073992940400007 3.132190496199999 -0.000786624086945 0.000709068153032 -0.000037245077061
156 8 19.180713938099998 8.477428856900005 1.296161863300000 -0.001673670559596 0.000049385453264 -0.005900461937590
19 1 11.508416103199997 13.288791380900006 2.349147298800000 0.000206177203747 -0.000384329884511 0.000641451644203
123 8 11.508415542500002 13.670555930200003 4.968234320200000 0.000109128317467 0.001587132530619 0.001555873928747
139 8 9.259738667499999 12.372281731100001 1.296160360000000 -0.001501532562100 0.001297972390830 -0.001895774020858
35 7 13.426485478100000 14.396189250800001 5.481341472000000 0.000244030550681 0.001910521273790 -0.001216820236851
51 7 15.344568726800000 13.288783027399999 2.349147115100000 -0.000164147310967 0.000513631710260 0.000656060431599
59 7 17.262640601600001 14.396182340700005 5.481345370700000 -0.000404847856963 0.000911001867734 -0.000404009792109
67 8 16.932029885999999 12.372276697200000 5.994451122499998 -0.001682153525836 0.000179098966900 -0.000762660670206
75 8 15.344574537799998 15.121819469800011 5.994454850600000 -0.000376531246845 -0.002581019088261 -0.001207532504690
83 8 16.932019389799994 14.205300304100005 3.402138567200000 -0.001853501279296 -0.001256017127485 0.001201416714474
91 8 13.757112196700003 12.372264326600002 5.994440303000000 0.001342461260179 0.000368238790440 -0.000329271663386
107 8 13.757110162900000 14.205296485600002 3.402136381700000 0.001835185146279 -0.001876620255978 0.001808037976525
140 8 16.932022037700008 12.372281731100001 1.296160360000000 -0.001741056550797 0.000885406104689 -0.001992420048367
147 8 13.757108114200003 12.372258443900009 1.296153622799999 0.001773698539907 0.000964638229686 -0.001680196156078
20 1 19.180699473400008 13.288791380900006 2.349147298800000 0.000047623137078 -0.000355785146612 0.000273463567950
36 7 21.098768848300001 14.396189250800001 5.481341472000000 -0.000044921199019 -0.000195910187099 -0.000174265552631
52 7 23.016852096999997 13.288783027399999 2.349147115100000 -0.000319222323878 -0.000742709282171 0.000365080204032
76 8 23.016857907999988 15.121819469800011 5.994454850600000 -0.000416093577620 -0.001824399784062 -0.001334910927245
92 8 21.429395566900006 12.372264326600002 5.994440303000000 0.001373933131240 0.001641036245764 -0.001055436956087
108 8 21.429393533100004 14.205296485600002 3.402136381700000 0.001671944396187 -0.000709371548829 0.001491034168838
124 8 19.180698912699995 13.670555930200003 4.968234320200000 0.000362443710405 0.001880193340889 0.001459247774906
148 8 21.429391484400018 12.372258443900009 1.296153622799999 0.001823815997557 0.001522261924528 -0.001819945628721
60 7 24.934923971800007 14.396182340700005 5.481345370700000 0.000105323061436 0.000631097314801 -0.000377816704026
68 8 24.604313256200001 12.372276697200000 5.994451122499998 -0.000948957526874 0.000624852702600 -0.000553116666757
84 8 24.604302760000003 14.205300304100005 3.402138567200000 -0.001598223873187 -0.000724588248300 0.001180861301432
29 1 9.590346111300004 5.537003285800003 8.613538384300000 -0.001022154860150 -0.000906615739847 -0.001367218138594
157 8 11.508430567900000 4.047833987800002 7.560555002900000 0.000307530142165 -0.001617013800620 -0.001021430911324
165 8 7.672298157300002 4.429594165800001 7.830487589900000 0.000096719553776 -0.000033002155895 0.001262994089138
173 8 9.259725682700003 5.346106031900003 11.232641519100001 -0.001135317835088 -0.000223663913558 0.001342775005515
13 1 13.426498927400001 5.536998376400002 8.613533801700001 0.000192171164592 -0.001604370574596 -0.001093554252803
30 1 17.262629481500003 5.537003285800003 8.613538384300000 0.001124444585631 -0.000544866841890 -0.000979832662716
117 8 13.757107442800002 5.346108186800002 11.232628962800000 0.001733852556169 0.001380702766579 0.001464400457947
166 8 15.344581527500001 4.429594165800001 7.830487589900000 -0.000506708287455 0.000471345913731 0.000362175192005
174 8 16.932009052900007 5.346106031900003 11.232641519100001 -0.003183356121825 0.000394602612202 0.001587818691862
14 1 21.098782297600003 5.536998376400002 8.613533801700001 -0.000167536956164 0.000113162519883 -0.001267107489820
118 8 21.429390813000005 5.346108186800002 11.232628962800000 0.002183812751495 -0.000530478894869 0.001624894891564
158 8 19.180713938100002 4.047833987800002 7.560555002900000 -0.000237353833378 -0.002384752654475 -0.000488962395781
5 1 11.508418611100007 6.644402959900002 11.745737660500000 -0.002239376346253 -0.005356558284318 0.000674117386592
21 1 11.508416103199998 8.859196511800004 8.613540438400001 -0.002577520833220 -0.001453648796465 -0.004945563804089
125 8 11.508415542500003 9.240961061100004 11.232627459799998 0.010573009542116 0.006022866499608 0.008798264546852
133 8 11.508426393700002 6.644398071300002 9.396583635799999 0.000732384944665 0.001685752328009 0.001353187579536
141 8 9.259738667500002 7.942686862000003 7.560553499600000 -0.000733105372273 0.001456635439425 0.000148911691398
167 8 11.508439842400001 11.073986469400005 7.830487589900000 0.000707372886249 -0.000679737391249 0.001223367843891
37 7 13.426485478099996 9.966594381700006 11.745734611600000 0.005083048537424 0.007441404286802 0.030597069948447
45 7 15.344568302600001 6.644396246400003 11.745727975299999 0.006022729650046 -0.004812438521316 0.000974410348517
53 7 15.344568726799995 8.859188158300002 8.613540254699998 0.006727581952627 -0.002959810376006 -0.005128346828451
61 7 17.262640601600001 9.966587471600000 11.745738510299995 0.002452699294951 0.000604751030777 0.002755251034336
69 8 16.932029886000002 7.942681828100003 12.258844262099997 -0.003324753471651 0.000319387528651 -0.002587726589707
77 8 15.344574537800005 10.692224600700005 12.258847990200001 -0.008804423440808 -0.006136495659345 -0.009503854192180
85 8 16.932019389799990 9.775705435000003 9.666531706799999 -0.003149333139726 -0.001243019162641 0.001129928747463
93 8 13.757112196700007 7.942669457500004 12.258833442600000 -0.006120038864620 0.017786638408936 0.001145115929308
101 8 15.344565511000003 7.026158843900003 9.666525792999996 -0.000875180452895 0.002906753713570 0.002339479643906
109 8 13.757110162900005 9.775701616500001 9.666529521300001 -0.002839716988488 0.001670193480177 0.023177421898719
142 8 16.932022037700005 7.942686862000003 7.560553499600000 -0.003537632711194 0.001713784392676 0.000569719108616
149 8 13.757108114200001 7.942663574800001 7.560546762400000 0.001817185879970 0.002466907660805 0.000822292581071
159 8 15.344572253000006 10.692226291400004 7.560555002900000 -0.001331830025180 -0.002818499846945 0.000382236657324
6 1 19.180701981300004 6.644402959900002 11.745737660500000 0.000419455147044 -0.000190469014079 0.000091523277937
22 1 19.180699473400011 8.859196511800004 8.613540438400001 0.000912435186788 -0.000394809041480 -0.001127151065156
38 7 21.098768848300008 9.966594381700006 11.745734611600000 -0.000941583221060 -0.000214771965155 0.000027664328154
46 7 23.016851672800001 6.644396246400003 11.745727975299999 -0.001744655354283 -0.000957039281469 -0.000030784241865
54 7 23.016852096999990 8.859188158300002 8.613540254699998 -0.002318504505813 -0.000792434972417 -0.002114963898443
78 8 23.016857907999999 10.692224600700005 12.258847990200001 0.001687465694086 -0.002345537823539 -0.001909372287403
94 8 21.429395566900006 7.942669457500004 12.258833442600000 0.001970737901479 0.001070039171367 -0.001515101336536
102 8 23.016848881199998 7.026158843900003 9.666525792999996 0.000433247511690 0.001977638472221 0.002122469008281
110 8 21.429393533100001 9.775701616500001 9.666529521300001 0.001909847721662 -0.000728558601154 0.001962797834133
126 8 19.180698912700002 9.240961061100004 11.232627459799998 -0.000117537613819 0.001890407690985 0.001278867700027
134 8 19.180709763900005 6.644398071300002 9.396583635799999 -0.000464987656268 0.000089073602392 0.000412853178793
150 8 21.429391484400004 7.942663574800001 7.560546762400000 0.002366334495518 0.001514875930746 0.001532349463312
160 8 23.016855623200005 10.692226291400004 7.560555002900000 0.000539255992299 -0.001707843668936 -0.000682963466216
168 8 19.180723212599993 11.073986469400005 7.830487589900000 -0.000521003994095 0.000271987511661 0.000428050154516
62 7 24.934923971800000 9.966587471600000 11.745738510299995 -0.009768716308208 0.002402834095828 0.000363697033061
70 8 24.604313256200005 7.942681828100003 12.258844262099997 -0.000124526245368 0.002028570239261 -0.002218021951206
86 8 24.604302759999996 9.775705435000003 9.666531706799999 0.000595867255990 -0.000776633719530 0.003279126848207
7 1 15.344560296200003 13.288795263500004 11.745737660500000 0.002158738151966 0.001500352881152 0.003503517458126
15 1 17.262640612500000 12.181390680000009 8.613533801700001 0.001060328294955 0.000450154694000 -0.000314328920130
23 1 15.344557788300000 15.503588815399999 8.613540438400001 0.000244124793039 0.000880971512678 -0.000739466072286
31 1 13.426487796399995 12.181395589400003 8.613538384300000 0.000409267434616 0.003111460623149 -0.003315711564993
39 7 17.262627163200005 16.610986685300006 11.745734611600000 -0.000288267825720 -0.000839248444183 0.000287384888930
95 8 17.593253881800010 14.587061761100006 12.258833442600000 0.001432681757661 0.001414274371253 -0.002010857056193
111 8 17.593251848000001 16.420093920100001 9.666529521300001 0.001639448076946 -0.000691609296381 0.001771970827774
119 8 17.593249127900002 11.990500490400001 11.232628962800000 0.001268852943267 -0.001227669011118 0.000953937044143
127 8 15.344557227600006 15.885353364700006 11.232627459799998 0.000191412805736 0.001910875037073 0.001323928515147
135 8 15.344568078800005 13.288790374900007 9.396583635799999 -0.001038319298538 -0.001170897048336 0.000083734363095
143 8 13.095880352600002 14.587079165600008 7.560553499600000 -0.001714450436097 0.000029840539891 -0.000889741709963
151 8 17.593249799300004 14.587055878400003 7.560546762400000 0.001721464374145 0.000740391076315 -0.000995415355713
175 8 13.095867367800004 11.990498335500007 11.232641519100001 -0.001234223615434 -0.011255543972256 0.004267590926870
8 1 23.016843666400000 13.288795263500004 11.745737660500000 -0.000392238616336 0.000324790253172 0.000231761608736
24 1 23.016841158500000 15.503588815399999 8.613540438400001 0.000119312811542 -0.000081780401253 -0.000296487187233
32 1 21.098771166600002 12.181395589400003 8.613538384300000 0.000001451808829 -0.000230217411415 -0.000360835621680
47 7 19.180709987699998 13.288788550000005 11.745727975299999 -0.000099754268821 0.000082278959863 0.001154386167859
55 7 19.180710411900002 15.503580461900007 8.613540254699998 -0.000461080343943 0.000128553791723 -0.000696785011454
63 7 21.098782286700004 16.610979775200004 11.745738510299995 -0.000191108649778 -0.001390598547119 0.000544448374290
71 8 20.768171571100002 14.587074131700003 12.258844262099997 -0.000651592133057 0.000482485732804 -0.000940694349171
79 8 19.180716222899996 17.336616904300001 12.258847990200001 -0.000210074784334 -0.000976969501613 -0.001776480917763
87 8 20.768161074900000 16.420097738599999 9.666531706799999 -0.001527234444825 -0.000331424290019 0.001467770594487
103 8 19.180707196099995 13.670551147500003 9.666525792999996 -0.000176123643347 0.001677140141351 0.001231359910393
128 8 23.016840597800005 15.885353364700006 11.232627459799998 0.000191062265705 0.001987862630535 0.001505254418184
136 8 23.016851449000004 13.288790374900007 9.396583635799999 0.000518287890514 -0.000344191980822 0.000369517176075
144 8 20.768163722800004 14.587079165600008 7.560553499600000 -0.001510391408592 0.000832551766163 -0.001502087886161
176 8 20.768150737999996 11.990498335500007 11.232641519100001 -0.001190364145905 -0.001098287330765 0.001343408990153
16 1 24.934923982700003 12.181390680000009 8.613533801700001 -0.001404985110615 0.000864393181267 -0.001008812646005
40 7 24.934910533400007 16.610986685300006 11.745734611600000 0.000488666425929 -0.000055195229927 0.000130888147295
48 7 26.852993357900004 13.288788550000005 11.745727975299999 -0.003393662118376 0.005805302378324 0.003233373541831
56 7 26.852993782099993 15.503580461900007 8.613540254699998 -0.000214882425929 0.001884484764442 -0.001052908957930
64 7 28.771065656899999 16.610979775200004 11.745738510299995 -0.000132372125467 0.000611188832385 0.000265045428165
72 8 28.440454941300004 14.587074131700003 12.258844262099997 -0.002534282693616 -0.000244640119301 -0.002897969140209
80 8 26.852999593099998 17.336616904300001 12.258847990200001 -0.000430051690530 -0.001952984964720 -0.001586442451479
88 8 28.440444445099999 16.420097738599999 9.666531706799999 -0.001685016557986 -0.001260755914057 0.001591532597925
96 8 25.265537252000023 14.587061761100006 12.258833442600000 0.001983565936104 0.000518204708355 -0.002059632632680
104 8 26.852990566300001 13.670551147500003 9.666525792999996 0.000598690341400 0.000365870603661 0.002231012865133
112 8 25.265535218199997 16.420093920100001 9.666529521300001 0.001490691798400 -0.000965114789918 0.001786283526010
120 8 25.265532498100001 11.990500490400001 11.232628962800000 0.002589988038842 -0.002224642975913 0.001337690330072
152 8 25.265533169500006 14.587055878400003 7.560546762400000 0.001876387955171 0.000618411297735 -0.000962872411262
