ITEM: TIMESTEP
0
ITEM: NUMBER OF ATOMS
176
ITEM: BOX BOUNDS xy xz yz pp pp pp
0.0000000000000000e+00 3.0689133480799999e+01 7.6722833701999980e+00
0.0000000000000000e+00 1.7718379476200003e+01 7.6722833702000024e+00
0.0000000000000000e+00 1.2528786279200000e+01 4.4295948690000015e+00
ITEM: ATOMS id type x y z fx fy fz
25 1 5.754204426199998 3.322205851300000 2.349145244699999 -0.006406790422444 -0.003861589996933 0.001748263433864
137 8 5.423596982400004 5.727889427500000 1.296160360000000 -0.001207619478931 0.003276908681699 -0.002629580010896
161 8 3.836156472199998 2.214796731300001 1.566094450300000 -0.003579506578871 -0.001930344306423 -0.003777924197698
169 8 5.418583997599951 3.128421846054080 4.960083413690743 0.025968611429869 0.015048005190228 0.041679451546554
1 1 7.672276926000002 4.429605525400001 5.481344520900000 0.005523327220475 0.003026181791176 -0.006909915196856
9 1 9.590357242299998 3.322200941900001 2.349140662099999 -0.001182730426364 -0.000558722566262 -0.001411465143310
41 7 11.508426617500000 4.429598811900002 5.481334835700000 0.002639420297633 -0.000262860113249 -0.000072444411951
89 8 9.920970511600007 5.727872023000002 5.994440303000000 -0.002338665971167 -0.001204853172859 -0.001940152902864
97 8 11.508423825899998 4.811361409400002 3.402132653400000 -0.000423146111158 0.001564332983485 0.002267687787965
113 8 9.920965757699999 3.131310752300001 4.968235823200000 -0.001027222221672 0.000158142361681 0.002398631392277
129 8 7.672284708600001 4.429600636800002 3.132190496199999 0.003573606361927 0.002039647511865 0.007194555320025
145 8 9.920966429100000 5.727866140300000 1.296153622799999 0.001861117856885 0.001049065255757 -0.000853344950445
153 8 7.672288882800000 1.833036553300000 1.296161863300000 0.002319937301939 -0.002725659607040 -0.002672078385925
162 8 11.508439842400000 2.214796731300001 1.566094450300000 -0.000191069775154 0.000065940976041 0.000023758529122
2 1 15.344560296200001 4.429605525400001 5.481344520900000 0.001179697663885 -0.000732819717925 -0.000999713803108
10 1 17.262640612500000 3.322200941900001 2.349140662099999 0.003991391012642 -0.000022988702261 0.001614386334711
26 1 13.426487796400002 3.322205851300000 2.349145244699999 0.000994311594643 0.000007025294397 -0.000024983426614
65 8 13.095888200900001 5.727884393600002 5.994451122499998 -0.002817461677008 0.000262009809649 -0.001324578540468
90 8 17.593253881800006 5.727872023000002 5.994440303000000 0.001418722703390 0.001320973507773 -0.001329216869382
114 8 17.593249127900009 3.131310752300001 4.968235823200000 -0.003001726555668 0.000118609390965 0.003626584701262
130 8 15.344568078800005 4.429600636800002 3.132190496199999 -0.001295913460473 0.000384489825826 0.000199662589774
138 8 13.095880352600009 5.727889427500000 1.296160360000000 -0.001828994242381 0.000850510181288 -0.001597884643311
146 8 17.593249799300011 5.727866140300000 1.296153622799999 0.001037146946449 0.001668916873899 -0.002543596460359
154 8 15.344572252999999 1.833036553300000 1.296161863300000 -0.000608342973441 -0.002125812947151 -0.002249138900608
170 8 13.095867367800004 3.131308597400002 4.968248379499999 -0.002704541850663 -0.000616858516171 0.001532775770501
42 7 19.180709987699998 4.429598811900002 5.481334835700000 -0.008278209747254 -0.005361544590373 -0.014506776909670
66 8 20.768171571100002 5.727884393600002 5.994451122499998 0.002829859077913 -0.013156721022522 -0.002773974622455
98 8 19.180707196099995 4.811361409400002 3.402132653400000 -0.006887924631966 0.014315618007920 -0.001916112591044
3 1 11.508418611100000 11.073997829000001 5.481344520900000 0.000096091514080 0.001144041163477 -0.000999723800338
17 1 7.672274418099999 6.644399077300000 2.349147298800000 -0.000943593427985 -0.000700385216235 -0.001507852673090
27 1 9.590346111300001 9.966598154900002 2.349145244699999 0.000644120955776 0.000613585669729 -0.000024979715030
33 7 9.590343793000001 7.751796947200008 5.481341472000000 0.001437426832944 0.002462956644710 -0.000300082837104
49 7 11.508427041700001 6.644390723800001 2.349147115100000 0.000386795483006 0.000503997037125 -0.000636592862874
73 8 11.508432852700000 8.477427166200002 5.994454850600000 -0.001168974689500 -0.002628679725916 -0.001337143829680
105 8 9.920968477800001 7.560904182000002 3.402136381700000 0.001176518222923 -0.001194480282054 0.002288583543559
121 8 7.672273857400003 7.026163626600007 4.968234320200000 -0.000387448893996 -0.001065951548950 0.002435080756101
131 8 11.508426393700001 11.073992940400007 3.132190496199999 -0.000294571937786 -0.001349885419546 0.000199655102201
155 8 11.508430567899998 8.477428856900005 1.296161863300000 -0.000092041483521 -0.002050615073053 -0.001640387155967
163 8 7.672298157300000 8.859189034900005 1.566094450300000 -0.000156488339032 0.000006056063645 0.000023759372166
171 8 9.259725682700001 9.775700901000002 4.968248379499999 -0.001934136270498 -0.001951266820128 0.001532779547984
11 1 13.426498927399999 9.966593245500007 2.349140662099999 -0.000168297190263 0.000959990062287 0.000046944801217
18 1 15.344557788300000 6.644399077300000 2.349147298800000 0.000878869914843 -0.000581205833465 -0.000049426519680
28 1 17.262629481500003 9.966598154900002 2.349145244699999 -0.000069769994059 -0.000202942246458 -0.000046836432880
34 7 17.262627163200005 7.751796947200008 5.481341472000000 -0.000422119366670 -0.000492350718313 -0.001115132367269
43 7 15.344568302600003 11.073991115500002 5.481334835700000 -0.000849725612078 -0.000395608474890 -0.000887503563683
57 7 13.426498916499998 7.751790037100004 5.481345370700000 0.000485050574107 0.000560730487908 -0.000418104981111
81 8 13.095877704700001 7.560908000500002 3.402138567200000 -0.001459975762795 -0.000869293706202 0.001268114651354
99 8 15.344565510999997 11.455753713000002 3.402132653400000 0.000494346416376 0.000788849310363 0.002227988027970
106 8 17.593251848000001 7.560904182000002 3.402136381700000 0.000963669973375 -0.000012170147829 0.002248884437877
115 8 13.757107442799997 9.775703055900001 4.968235823200000 0.002007282458028 -0.000926089489024 0.001537941195026
122 8 15.344557227600001 7.026163626600007 4.968234320200000 0.000190810355964 0.002104169250494 0.001574380420833
164 8 15.344581527500001 8.859189034900005 1.566094450300000 -0.000164189137559 0.000041533101846 -0.000076927444694
172 8 16.932009052900014 9.775700901000002 4.968248379499999 -0.001436050428220 -0.000774086277488 0.001644421172525
4 1 19.180701981300000 11.073997829000001 5.481344520900000 0.000141976307722 -0.000080701060954 -0.000327858817199
12 1 21.098782297600000 9.966593245500007 2.349140662099999 -0.000220404930845 -0.000073840909724 -0.000059221445484
44 7 23.016851672799998 11.073991115500002 5.481334835700000 0.000467225618356 0.001004364567113 0.000122967988388
50 7 19.180710411899998 6.644390723800001 2.349147115100000 -0.000460685338784 -0.005639240877981 0.001463200657643
58 7 21.098782286699997 7.751790037100004 5.481345370700000 -0.000462006692368 0.005702634285678 -0.002524846688089
74 8 19.180716222899989 8.477427166200002 5.994454850600000 0.000793621863333 -0.002396951182864 -0.001274650164026
82 8 20.768161074900000 7.560908000500002 3.402138567200000 -0.000482300229804 -0.000467208060896 0.003295653497054
100 8 23.016848881199998 11.455753713000002 3.402132653400000 -0.000137609270804 0.001329312443317 0.001692398389205
116 8 21.429390813000008 9.775703055900001 4.968235823200000 0.001539083914115 -0.002502775730694 0.001914542627613
132 8 19.180709763900005 11.073992940400007 3.132190496199999 0.000043965286453 0.000001811912649 0.000283143108541
156 8 19.180713938099998 8.477428856900005 1.296161863300000 0.000049064749966 -0.000297700765913 -0.002411709745829
19 1 11.508416103199997 13.288791380900006 2.349147298800000 0.002107465273925 0.003512684768670 0.001518004881399
123 8 11.508415542500002 13.670555930200003 4.968234320200000 -0.001408958998090 -0.002756140804776 0.003663049619384
139 8 9.259738667499999 12.372281731100001 1.296160360000000 -0.002152266724306 0.000440976603642 -0.002206640875573
35 7 13.426485478100000 14.396189250800001 5.481341472000000 -0.008436982420531 -0.004442550437118 -0.014734364883079
51 7 15.344568726800000 13.288783027399999 2.349147115100000 -0.005357158781911 0.002841652266584 0.001463247175761
59 7 17.262640601600001 14.396182340700005 5.481345370700000 0.004464564436366 -0.002830367765976 -0.002524855042879
67 8 16.932029885999999 12.372276697200000 5.994451122499998 -0.001635491424658 0.001845810246877 -0.001262082811362
75 8 15.344574537799998 15.121819469800011 5.994454850600000 -0.009966306476141 0.008971415667055 -0.002786559179402
83 8 16.932019389799994 14.205300304100005 3.402138567200000 -0.000622959593178 -0.000223592074410 0.003295640570457
91 8 13.757112196700003 12.372264326600002 5.994440303000000 0.001727504784186 0.000786201464617 -0.001329212949698
107 8 13.757110162900000 14.205296485600002 3.402136381700000 0.008987074703203 -0.013168839520318 -0.001895250463360
140 8 16.932022037700008 12.372281731100001 1.296160360000000 -0.000240364264271 0.000096255310192 -0.002369221387161
147 8 13.757108114200003 12.372258443900009 1.296153622799999 0.001985930990956 0.000025559527555 -0.002543585856706
20 1 19.180699473400008 13.288791380900006 2.349147298800000 -0.000042503954627 -0.000109426564991 -0.000155586923645
36 7 21.098768848300001 14.396189250800001 5.481341472000000 0.001448760966098 -0.000051831522410 -0.000104669421872
52 7 23.016852096999997 13.288783027399999 2.349147115100000 0.001076040116695 0.000901934509144 0.000412514344233
76 8 23.016857907999988 15.121819469800011 5.994454850600000 -0.001680038623717 -0.002043252102384 -0.000960807114481
92 8 21.429395566900006 12.372264326600002 5.994440303000000 0.001270299001829 0.000878742806789 -0.001289850331877
108 8 21.429393533100004 14.205296485600002 3.402136381700000 0.001115753286071 -0.000829694586656 0.001713292790907
124 8 19.180698912699995 13.670555930200003 4.968234320200000 -0.001408765592157 0.002487036382259 0.001950987509764
148 8 21.429391484400018 12.372258443900009 1.296153622799999 0.001318902900580 0.000736015622549 -0.002039652327474
60 7 24.934923971800007 14.396182340700005 5.481345370700000 0.002148996232461 0.001521404004048 -0.003003798670908
68 8 24.604313256200001 12.372276697200000 5.994451122499998 -0.002565981264825 -0.000473304545189 -0.000948247274589
84 8 24.604302760000003 14.205300304100005 3.402138567200000 -0.003004980044929 -0.001761262938061 0.001377156059119
29 1 9.590346111300004 5.537003285800003 8.613538384300000 0.002023504026405 0.001005604689020 0.001737923053266
157 8 11.508430567900000 4.047833987800002 7.560555002900000 -0.000573019440347 -0.001704683785858 -0.002017979206318
165 8 7.672298157300002 4.429594165800001 7.830487589900000 -0.001636121046169 -0.000808246726891 -0.005085992912338
173 8 9.259725682700003 5.346106031900003 11.232641519100001 -0.002112214076612 -0.001164473311119 0.000553723539902
13 1 13.426498927400001 5.536998376400002 8.613533801700001 0.000312190935885 0.000322459611434 0.000634636502277
30 1 17.262629481500003 5.537003285800003 8.613538384300000 -0.001437361137336 0.000525852213891 0.000407175758609
117 8 13.757107442800002 5.346108186800002 11.232628962800000 0.001896374350965 -0.001198097106209 0.000895239396306
166 8 15.344581527500001 4.429594165800001 7.830487589900000 -0.000020717293014 0.000180886484267 0.000496016196986
174 8 16.932009052900007 5.346106031900003 11.232641519100001 -0.000916711134208 -0.001405640886537 0.000750258869460
14 1 21.098782297600003 5.536998376400002 8.613533801700001 -0.000836162704612 0.002021488373127 0.003819671140558
118 8 21.429390813000005 5.346108186800002 11.232628962800000 0.001531126221920 -0.000964941087948 0.000635849329127
158 8 19.180713938100002 4.047833987800002 7.560555002900000 0.003601526975265 -0.002649128016185 -0.003236136820702
5 1 11.508418611100007 6.644402959900002 11.745737660500000 0.001021110598581 0.000426860784619 0.002608246333293
21 1 11.508416103199998 8.859196511800004 8.613540438400001 0.000567015945322 0.000153669379989 0.000538273361262
125 8 11.508415542500003 9.240961061100004 11.232627459799998 -0.000100203511744 0.002144118908347 0.000931676217000
133 8 11.508426393700002 6.644398071300002 9.396583635799999 -0.000863464852922 -0.000522088925193 -0.001358336528816
141 8 9.259738667500002 7.942686862000003 7.560553499600000 -0.001769899732121 0.000261003573332 -0.001975485252411
167 8 11.508439842400001 11.073986469400005 7.830487589900000 0.000028238142705 0.000096121235238 0.000496022423660
37 7 13.426485478099996 9.966594381700006 11.745734611600000 -0.000213501158553 -0.001973284588141 0.002272432851095
45 7 15.344568302600001 6.644396246400003 11.745727975299999 -0.002027962493011 0.000525507046748 0.002500085594330
53 7 15.344568726799995 8.859188158300002 8.613540254699998 -0.000249352144406 0.000136729811255 0.000588077981453
61 7 17.262640601600001 9.966587471600000 11.745738510299995 -0.000857412092586 -0.000214328541593 0.000023166158367
69 8 16.932029886000002 7.942681828100003 12.258844262099997 -0.001219679241263 0.000777133410226 -0.001160531901768
77 8 15.344574537800005 10.692224600700005 12.258847990200001 0.000076029438919 -0.001502527952380 -0.001173100593336
85 8 16.932019389799990 9.775705435000003 9.666531706799999 -0.000576424395232 -0.000359095514867 0.000490097160286
93 8 13.757112196700007 7.942669457500004 12.258833442600000 0.002416177098126 0.001540268630647 -0.005633128001442
101 8 15.344565511000003 7.026158843900003 9.666525792999996 0.000234577460865 0.001440762314140 0.000615086011526
109 8 13.757110162900005 9.775701616500001 9.666529521300001 0.001398362306682 -0.000563096135056 0.000635985300237
142 8 16.932022037700005 7.942686862000003 7.560553499600000 -0.001308679921143 0.000843460949665 -0.001521051651811
149 8 13.757108114200001 7.942663574800001 7.560546762400000 0.001567951478236 0.000879805423556 -0.001552028333411
159 8 15.344572253000006 10.692226291400004 7.560555002900000 0.000162017751936 -0.001596472030393 -0.001563547283781
6 1 19.180701981300004 6.644402959900002 11.745737660500000 -0.000298218843385 0.000092338281649 0.000627845645972
22 1 19.180699473400011 8.859196511800004 8.613540438400001 -0.000101958493028 0.000599467419914 0.000086272678069
38 7 21.098768848300008 9.966594381700006 11.745734611600000 0.000357978094492 0.000054495693366 0.000474199409892
46 7 23.016851672800001 6.644396246400003 11.745727975299999 0.000692824359925 0.000408451944050 0.001802686967298
54 7 23.016852096999990 8.859188158300002 8.613540254699998 0.000550254703355 0.001460209534371 0.000740705927235
78 8 23.016857907999999 10.692224600700005 12.258847990200001 -0.000839206313121 -0.001774576419158 -0.001541518478856
94 8 21.429395566900006 7.942669457500004 12.258833442600000 0.001398976311103 0.000963634667152 -0.001649461580903
102 8 23.016848881199998 7.026158843900003 9.666525792999996 -0.000336870792337 0.001137185375421 0.000626007720740
110 8 21.429393533100001 9.775701616500001 9.666529521300001 0.001394131167523 -0.001214447520381 0.001175535044005
126 8 19.180698912700002 9.240961061100004 11.232627459799998 0.000422440759394 0.001837847160395 0.001109196553551
134 8 19.180709763900005 6.644398071300002 9.396583635799999 0.000889952309608 -0.000637330001027 -0.000747968419012
150 8 21.429391484400004 7.942663574800001 7.560546762400000 0.001250105655637 -0.000348834858573 -0.002171282091016
160 8 23.016855623200005 10.692226291400004 7.560555002900000 -0.000206808906846 -0.002339088651159 -0.001508789513637
168 8 19.180723212599993 11.073986469400005 7.830487589900000 -0.000431332330949 -0.000112690570833 0.000098456620275
62 7 24.934923971800000 9.966587471600000 11.745738510299995 0.000569863096782 -0.000270705215418 0.001090149608440
70 8 24.604313256200005 7.942681828100003 12.258844262099997 -0.002546627369015 0.000569031906790 -0.002116240055053
86 8 24.604302759999996 9.775705435000003 9.666531706799999 -0.001589523330945 -0.000923226180263 0.000522122412392
7 1 15.344560296200003 13.288795263500004 11.745737660500000 0.000071737781523 -0.000548441464826 0.000627843909339
15 1 17.262640612500000 12.181390680000009 8.613533801700001 0.000363780484887 -0.000479801843972 0.000182653768068
23 1 15.344557788300000 15.503588815399999 8.613540438400001 0.001464194036195 -0.001690367292628 0.003723312439722
31 1 13.426487796399995 12.181395589400003 8.613538384300000 -0.000122410311780 -0.001751711586239 0.000407175987145
39 7 17.262627163200005 16.610986685300006 11.745734611600000 0.001045498945811 0.000441499211746 0.001575040395908
95 8 17.593253881800010 14.587061761100006 12.258833442600000 0.001408155257105 0.000947730623227 -0.001649462582464
111 8 17.593251848000001 16.420093920100001 9.666529521300001 0.000849727549324 -0.000906199507256 0.000646907634551
119 8 17.593249127900002 11.990500490400001 11.232628962800000 0.001892449110507 -0.000592339629844 0.001072744438242
127 8 15.344557227600006 15.885353364700006 11.232627459799998 -0.000080912285288 0.001711224010844 0.000672283989876
135 8 15.344568078800005 13.288790374900007 9.396583635799999 -0.000086564291380 0.001054026680656 -0.000747980918293
143 8 13.095880352600002 14.587079165600008 7.560553499600000 -0.000500515353312 0.004348448994312 -0.003193561374696
151 8 17.593249799300004 14.587055878400003 7.560546762400000 0.000344998127015 0.001218858244468 -0.002171289243465
175 8 13.095867367800004 11.990498335500007 11.232641519100001 -0.001723315765316 -0.000008536254927 0.000750242704780
8 1 23.016843666400000 13.288795263500004 11.745737660500000 0.000119008087051 -0.000093959462563 0.000183094648825
24 1 23.016841158500000 15.503588815399999 8.613540438400001 0.000024104698881 -0.000172744818293 -0.000278107180263
32 1 21.098771166600002 12.181395589400003 8.613538384300000 0.000387552803009 0.000061082160141 0.000053972943487
47 7 19.180709987699998 13.288788550000005 11.745727975299999 0.000013907631932 0.000006546250633 0.000701851025190
55 7 19.180710411900002 15.503580461900007 8.613540254699998 0.001296619874125 0.000167458828657 0.000740693741288
63 7 21.098782286700004 16.610979775200004 11.745738510299995 -0.000192594321307 0.001049884274249 0.001090146529165
71 8 20.768171571100002 14.587074131700003 12.258844262099997 -0.001912902879842 0.000120541019822 -0.001528957462741
79 8 19.180716222899996 17.336616904300001 12.258847990200001 -0.000767660220499 -0.002547648571340 -0.002128805964767
87 8 20.768161074900000 16.420097738599999 9.666531706799999 -0.001571514608043 -0.000954476488377 0.000522054450103
103 8 19.180707196099995 13.670551147500003 9.666525792999996 -0.000331629947938 0.001762774627745 0.001154631115325
128 8 23.016840597800005 15.885353364700006 11.232627459799998 0.000652613121249 0.001678054737878 0.001066646270385
136 8 23.016851449000004 13.288790374900007 9.396583635799999 -0.000067456261713 -0.000062513025285 0.000064444186678
144 8 20.768163722800004 14.587079165600008 7.560553499600000 -0.002136206610170 0.000895354735045 -0.001466280363985
176 8 20.768150737999996 11.990498335500007 11.232641519100001 -0.001745363725777 -0.000952670259222 0.001197491524648
16 1 24.934923982700003 12.181390680000009 8.613533801700001 -0.000241939548207 0.000015492186793 -0.000181738048655
40 7 24.934910533400007 16.610986685300006 11.745734611600000 -0.000513587771434 0.000158299165253 0.001111647564540
48 7 26.852993357900004 13.288788550000005 11.745727975299999 -0.000331972355699 -0.000800141714971 0.001339282823618
56 7 26.852993782099993 15.503580461900007 8.613540254699998 -0.003926403316748 -0.001986244358881 0.002816171997186
64 7 28.771065656899999 16.610979775200004 11.745738510299995 -0.000200411756110 0.000164960342422 0.001548271827082
72 8 28.440454941300004 14.587074131700003 12.258844262099997 -0.001709801001114 0.001045226961037 -0.001647496943224
80 8 26.852999593099998 17.336616904300001 12.258847990200001 0.000063142683609 -0.002061036666817 -0.001660064947630
88 8 28.440444445099999 16.420097738599999 9.666531706799999 -0.001160690900227 -0.000696462239529 0.000346926312986
96 8 25.265537252000023 14.587061761100006 12.258833442600000 0.001721511091366 0.001139247335664 -0.001639607202127
104 8 26.852990566300001 13.670551147500003 9.666525792999996 0.000410120118296 0.002562921496271 0.000667796496709
112 8 25.265535218199997 16.420093920100001 9.666529521300001 0.002457957646227 -0.000972147565816 0.000688691842267
120 8 25.265532498100001 11.990500490400001 11.232628962800000 0.001869153670082 -0.000313113309724 0.001030194981479
152 8 25.265533169500006 14.587055878400003 7.560546762400000 0.002402974762138 0.001361902242269 0.000187052412181
