ITEM: TIMESTEP
0
ITEM: NUMBER OF ATOMS
176
ITEM: BOX BOUNDS xy xz yz pp pp pp
0.0000000000000000e+00 3.0689133480799999e+01 7.6722833701999980e+00
0.0000000000000000e+00 1.7718379476200003e+01 7.6722833702000024e+00
0.0000000000000000e+00 1.2528786279200000e+01 4.4295948690000015e+00
ITEM: ATOMS id type x y z fx fy fz
25 1 5.754204426199998 3.322205851300000 2.349145244699999 0.013176012293635 0.003679521910464 -0.003130068559053
137 8 5.433596982400004 5.727889427500000 1.296160360000000 -0.084978099958381 0.018979740260382 0.050554262613529
161 8 3.836156472199998 2.214796731300001 1.566094450300000 -0.002549066034792 0.001078973443244 -0.000168307869881
169 8 5.423583997600000 3.131308597400002 4.968248379499999 -0.003593132999071 0.000388634959246 0.001528439405730
1 1 7.672276926000002 4.429605525400001 5.481344520900000 0.001064700363080 0.000451529064663 -0.004000565830090
9 1 9.590357242299998 3.322200941900001 2.349140662099999 -0.003530479660087 0.003070227427866 -0.000131770246674
41 7 11.508426617500000 4.429598811900002 5.481334835700000 -0.001347888379806 0.000353661096366 -0.000624387061636
89 8 9.920970511600007 5.727872023000002 5.994440303000000 0.001765910806807 0.000993587220181 -0.000885958651599
97 8 11.508423825899998 4.811361409400002 3.402132653400000 0.000918396426947 0.001546072934674 0.001962220009223
113 8 9.920965757699999 3.131310752300001 4.968235823200000 0.002284510607983 -0.001310994934808 0.002109987224810
129 8 7.672284708600001 4.429600636800002 3.132190496199999 0.003062611709159 -0.006610196614245 0.006306406750777
145 8 9.920966429100000 5.727866140300000 1.296153622799999 0.005484179731799 0.000279800198574 -0.001453955155646
153 8 7.672288882800000 1.833036553300000 1.296161863300000 -0.000000823666036 -0.003145850872251 -0.001191723013323
162 8 11.508439842400000 2.214796731300001 1.566094450300000 0.001007001289009 -0.000558548295756 -0.000223498684304
2 1 15.344560296200001 4.429605525400001 5.481344520900000 -0.001125810560207 -0.000806320560863 0.001325885189008
10 1 17.262640612500000 3.322200941900001 2.349140662099999 -0.002210329282597 -0.005410684986817 0.000359434078170
26 1 13.426487796400002 3.322205851300000 2.349145244699999 -0.001764074458457 -0.000478293892494 -0.000155714650081
65 8 13.095888200900001 5.727884393600002 5.994451122499998 -0.000667114309712 0.000584413822671 -0.001170770633972
90 8 17.593253881800006 5.727872023000002 5.994440303000000 0.002113191389374 0.001389744617122 -0.002911794065656
114 8 17.593249127900009 3.131310752300001 4.968235823200000 0.002475256687762 0.000952719305302 0.000253706671954
130 8 15.344568078800005 4.429600636800002 3.132190496199999 0.001893436024686 0.001015496394951 -0.000542711545832
138 8 13.095880352600009 5.727889427500000 1.296160360000000 0.000452975864056 0.000771867630430 -0.001787889054080
146 8 17.593249799300011 5.727866140300000 1.296153622799999 0.014149609380893 0.003946981726814 0.002670224453484
154 8 15.344572252999999 1.833036553300000 1.296161863300000 0.000441226308769 -0.001142276217657 -0.001560342751545
170 8 13.095867367800004 3.131308597400002 4.968248379499999 -0.000899156283449 -0.000911901535974 0.001277772937105
42 7 19.180709987699998 4.429598811900002 5.481334835700000 0.002160400967387 -0.002582625717953 0.007281861152797
66 8 20.768171571100002 5.727884393600002 5.994451122499998 -0.003598443904989 0.000477389045262 -0.002140885048074
98 8 19.180707196099995 4.811361409400002 3.402132653400000 0.003054315447624 0.012282552541134 -0.013465498805800
3 1 11.508418611100000 11.073997829000001 5.481344520900000 0.000202255915816 -0.000628433063975 -0.000270163551105
17 1 7.672274418099999 6.644399077300000 2.349147298800000 -0.001018758071342 -0.007659859125158 -0.007801084486906
27 1 9.590346111300001 9.966598154900002 2.349145244699999 -0.000946378297009 -0.002357805317830 -0.000396502831591
33 7 9.590343793000001 7.751796947200008 5.481341472000000 -0.000670180378338 -0.001092586623484 -0.002944041760694
49 7 11.508427041700001 6.644390723800001 2.349147115100000 -0.005133041286070 -0.000154628076955 -0.000574648770867
73 8 11.508432852700000 8.477427166200002 5.994454850600000 0.000394212006880 -0.001371938992759 -0.000929333489929
105 8 9.920968477800001 7.560904182000002 3.402136381700000 0.006270044680402 0.000813126082846 0.004121892281964
121 8 7.672273857400003 7.026163626600007 4.968234320200000 -0.001418978026414 0.002820219765982 0.004549297826428
131 8 11.508426393700001 11.073992940400007 3.132190496199999 0.000648031792242 0.000562600607169 0.000277773192563
155 8 11.508430567899998 8.477428856900005 1.296161863300000 0.000826828899927 -0.001364640193631 -0.001860712414374
163 8 7.672298157300000 8.859189034900005 1.566094450300000 -0.000486182123155 0.006819432405824 -0.000928121123621
171 8 9.259725682700001 9.775700901000002 4.968248379499999 -0.001695575243951 -0.000260301891557 0.001855384587754
11 1 13.426498927399999 9.966593245500007 2.349140662099999 -0.001650284093027 0.000396605533547 0.000204673433279
18 1 15.344557788300000 6.644399077300000 2.349147298800000 -0.005653745878291 0.000322382150139 0.000077735833182
28 1 17.262629481500003 9.966598154900002 2.349145244699999 -0.001479394751943 0.004201926777013 -0.000231646265820
34 7 17.262627163200005 7.751796947200008 5.481341472000000 -0.001398338971443 0.001649558205688 0.008778652856248
43 7 15.344568302600003 11.073991115500002 5.481334835700000 -0.000875615562829 0.001124997283075 0.001459579856161
57 7 13.426498916499998 7.751790037100004 5.481345370700000 -0.002154527251051 0.000339643162447 0.000814170025487
81 8 13.095877704700001 7.560908000500002 3.402138567200000 0.000641477812276 -0.000668195731363 0.001519404819314
99 8 15.344565510999997 11.455753713000002 3.402132653400000 0.000553217811996 0.000615577998477 0.001330920396100
106 8 17.593251848000001 7.560904182000002 3.402136381700000 0.017747341765802 -0.010215769524133 -0.010439798502785
115 8 13.757107442799997 9.775703055900001 4.968235823200000 0.002242603906325 -0.000933895401699 0.001207514033227
122 8 15.344557227600001 7.026163626600007 4.968234320200000 0.002471001254450 0.002100711228540 0.000042636016452
164 8 15.344581527500001 8.859189034900005 1.566094450300000 0.001093284920870 -0.000902549273008 0.000593210331439
172 8 16.932009052900014 9.775700901000002 4.968248379499999 -0.000919517349033 -0.003048127231778 0.000037727431376
4 1 19.180701981300000 11.073997829000001 5.481344520900000 0.000537637074057 0.000789133188593 0.000806467303770
12 1 21.098782297600000 9.966593245500007 2.349140662099999 0.004278440656092 0.000239493658419 -0.000225022090928
44 7 23.016851672799998 11.073991115500002 5.481334835700000 0.000659035007084 -0.000355790296146 -0.000084633315499
50 7 19.180710411899998 6.644390723800001 2.349147115100000 0.029460412513798 -0.006550942974461 -0.009843899433350
58 7 21.098782286699997 7.751790037100004 5.481345370700000 0.003506651580065 -0.000003626307404 0.001034536133636
74 8 19.180716222899989 8.477427166200002 5.994454850600000 -0.001384125461127 -0.002460493136221 -0.002453345092939
82 8 20.768161074900000 7.560908000500002 3.402138567200000 -0.013678103170081 -0.003125103956087 -0.000845818846034
100 8 23.016848881199998 11.455753713000002 3.402132653400000 -0.000472765202592 0.002306054206653 0.001471975209188
116 8 21.429390813000008 9.775703055900001 4.968235823200000 0.001072941222800 -0.001114599510908 0.001273804903716
132 8 19.180709763900005 11.073992940400007 3.132190496199999 -0.000853142444889 -0.001277875903394 -0.000218684182712
156 8 19.180713938099998 8.477428856900005 1.296161863300000 -0.000404924165189 -0.011742880721608 0.002584330262395
19 1 11.508416103199997 13.288791380900006 2.349147298800000 0.000608665331635 -0.000616687232850 -0.000015801523029
123 8 11.508415542500002 13.670555930200003 4.968234320200000 -0.000027773210772 0.002015984700763 0.001549499379256
139 8 9.259738667499999 12.372281731100001 1.296160360000000 -0.001646571809587 0.001381707716721 -0.001658941936862
35 7 13.426485478100000 14.396189250800001 5.481341472000000 0.000881683242851 -0.000172339349651 -0.000414137296462
51 7 15.344568726800000 13.288783027399999 2.349147115100000 -0.000537117799561 0.002443732247240 -0.000578856294168
59 7 17.262640601600001 14.396182340700005 5.481345370700000 -0.000413431381591 0.000915939089402 -0.000389999955320
67 8 16.932029885999999 12.372276697200000 5.994451122499998 -0.001327388182863 -0.000025624274681 -0.001342005435388
75 8 15.344574537799998 15.121819469800011 5.994454850600000 -0.000681587594169 -0.002130939655979 -0.001412987449144
83 8 16.932019389799994 14.205300304100005 3.402138567200000 -0.001663126100808 -0.001639894365305 0.001594164833811
91 8 13.757112196700003 12.372264326600002 5.994440303000000 0.001308334141478 0.001035632859763 -0.001501070175695
107 8 13.757110162900000 14.205296485600002 3.402136381700000 0.001611889486903 -0.001747725628019 0.002172699470289
140 8 16.932022037700008 12.372281731100001 1.296160360000000 -0.001297662180390 -0.000210812672308 -0.001570319236227
147 8 13.757108114200003 12.372258443900009 1.296153622799999 0.001723568072563 0.000643758664802 -0.001368396244861
20 1 19.180699473400008 13.288791380900006 2.349147298800000 -0.000134632695361 0.001099660469831 -0.000120965542113
36 7 21.098768848300001 14.396189250800001 5.481341472000000 -0.000482566808493 0.000058796381287 -0.000024084643993
52 7 23.016852096999997 13.288783027399999 2.349147115100000 -0.000368857424630 -0.000710585890336 -0.000218630126713
76 8 23.016857907999988 15.121819469800011 5.994454850600000 -0.000034044025167 -0.001391830470195 -0.001671249693420
92 8 21.429395566900006 12.372264326600002 5.994440303000000 0.001202952948399 0.001089216902767 -0.001391966853150
108 8 21.429393533100004 14.205296485600002 3.402136381700000 0.001826660463946 -0.000799692692146 0.001466253288775
124 8 19.180698912699995 13.670555930200003 4.968234320200000 0.000440507283398 0.001491200832221 0.001384297106810
148 8 21.429391484400018 12.372258443900009 1.296153622799999 0.001668764157787 0.001046655845840 -0.001376514221308
60 7 24.934923971800007 14.396182340700005 5.481345370700000 -0.000196560554038 -0.001387486132946 0.000553326647515
68 8 24.604313256200001 12.372276697200000 5.994451122499998 -0.000870002807977 0.000608516449110 -0.000584072598811
84 8 24.604302760000003 14.205300304100005 3.402138567200000 -0.001581399135000 0.000013107720212 0.001163583805151
29 1 9.590346111300004 5.537003285800003 8.613538384300000 0.000137765890762 -0.000229456796920 -0.000663712810307
157 8 11.508430567900000 4.047833987800002 7.560555002900000 0.000143036539687 -0.001867272779633 -0.001291860922243
165 8 7.672298157300002 4.429594165800001 7.830487589900000 -0.000311312567356 0.000204197813902 0.000652644908180
173 8 9.259725682700003 5.346106031900003 11.232641519100001 -0.001768918062317 -0.000420149845121 0.001391315878024
13 1 13.426498927400001 5.536998376400002 8.613533801700001 0.000125310711531 0.000334526843139 0.000670999511439
30 1 17.262629481500003 5.537003285800003 8.613538384300000 -0.000270029850693 0.000260225044947 0.001297341118463
117 8 13.757107442800002 5.346108186800002 11.232628962800000 0.001219949287893 -0.002021248384191 0.000894818323769
166 8 15.344581527500001 4.429594165800001 7.830487589900000 0.000115378297955 0.000112198196863 -0.000653687970053
174 8 16.932009052900007 5.346106031900003 11.232641519100001 -0.000958410714769 -0.001960029422253 0.001017287249931
14 1 21.098782297600003 5.536998376400002 8.613533801700001 0.000134753119186 -0.000063246405200 0.000289273189314
118 8 21.429390813000005 5.346108186800002 11.232628962800000 0.002279547096092 -0.000585751511471 0.001468559043714
158 8 19.180713938100002 4.047833987800002 7.560555002900000 -0.000204273733461 -0.001333825921411 -0.003605751237952
5 1 11.508418611100007 6.644402959900002 11.745737660500000 0.002550627493931 -0.001300055298499 -0.000586151845949
21 1 11.508416103199998 8.859196511800004 8.613540438400001 0.001115932868017 -0.000156746418574 -0.001102855665948
125 8 11.508415542500003 9.240961061100004 11.232627459799998 -0.003130149973446 0.002891186404081 0.005076246071604
133 8 11.508426393700002 6.644398071300002 9.396583635799999 -0.000265446303641 0.000240380299425 0.000417957841151
141 8 9.259738667500002 7.942686862000003 7.560553499600000 -0.001712925723285 0.001180880824354 -0.000589179457668
167 8 11.508439842400001 11.073986469400005 7.830487589900000 -0.000785868016334 0.000179024189665 -0.000243136684802
37 7 13.426485478099996 9.966594381700006 11.745734611600000 0.017854316975718 -0.000064601261555 0.004453676245646
45 7 15.344568302600001 6.644396246400003 11.745727975299999 -0.001904288066201 0.003676299824720 0.002224540618869
53 7 15.344568726799995 8.859188158300002 8.613540254699998 -0.001105552356835 0.001568795387779 0.002894295135443
61 7 17.262640601600001 9.966587471600000 11.745738510299995 -0.008911031130242 0.003259260116508 0.004017056230260
69 8 16.932029886000002 7.942681828100003 12.258844262099997 -0.001159175792158 -0.000939989838794 -0.001796789979267
77 8 15.344574537800005 10.692224600700005 12.258847990200001 0.015554323024760 0.001298142534566 -0.016497735331020
85 8 16.932019389799990 9.775705435000003 9.666531706799999 -0.001062377611403 -0.001521563301194 -0.000871841426518
93 8 13.757112196700007 7.942669457500004 12.258833442600000 -0.000482945820157 -0.006832155092203 -0.005687813749329
101 8 15.344565511000003 7.026158843900003 9.666525792999996 0.000405039256470 0.001234651518029 0.000348569944971
109 8 13.757110162900005 9.775701616500001 9.666529521300001 0.002983847799213 -0.001682083299392 -0.004798989987049
142 8 16.932022037700005 7.942686862000003 7.560553499600000 -0.000531481639820 -0.000021826353428 -0.004339274074928
149 8 13.757108114200001 7.942663574800001 7.560546762400000 0.001511462430762 0.000525449903225 -0.002175201327314
159 8 15.344572253000006 10.692226291400004 7.560555002900000 0.000197958151848 -0.001583496957439 -0.002616336272470
6 1 19.180701981300004 6.644402959900002 11.745737660500000 -0.000951518702110 0.000602945196466 0.000280348742665
22 1 19.180699473400011 8.859196511800004 8.613540438400001 -0.000485294817555 0.000412180121127 0.001155362002939
38 7 21.098768848300008 9.966594381700006 11.745734611600000 -0.002835110485439 -0.000576315228313 -0.000633804937939
46 7 23.016851672800001 6.644396246400003 11.745727975299999 -0.001431143182377 -0.001138043575278 -0.000542729013543
54 7 23.016852096999990 8.859188158300002 8.613540254699998 -0.000727281900234 -0.000256344766839 -0.000959844122118
78 8 23.016857907999999 10.692224600700005 12.258847990200001 0.002377941081487 -0.002003844265216 -0.000331613868314
94 8 21.429395566900006 7.942669457500004 12.258833442600000 0.002321977305080 0.001095496842551 -0.001333122394731
102 8 23.016848881199998 7.026158843900003 9.666525792999996 0.000101689101621 0.001940823007946 0.001908337380100
110 8 21.429393533100001 9.775701616500001 9.666529521300001 0.002106994862582 -0.000842386885036 0.001640848745028
126 8 19.180698912700002 9.240961061100004 11.232627459799998 0.003050485605851 0.001131179923186 0.000703126717100
134 8 19.180709763900005 6.644398071300002 9.396583635799999 0.000065978073576 -0.000217479108981 -0.000454228383270
150 8 21.429391484400004 7.942663574800001 7.560546762400000 0.001471572942866 0.000961656087910 -0.001604147642422
160 8 23.016855623200005 10.692226291400004 7.560555002900000 0.000161728629536 -0.001887342445196 -0.001193205992114
168 8 19.180723212599993 11.073986469400005 7.830487589900000 0.000104446982081 -0.000089132457328 -0.000593326513403
62 7 24.934923971800000 9.966587471600000 11.745738510299995 -0.004037692619507 -0.000905901452053 -0.008994899600021
70 8 24.604313256200005 7.942681828100003 12.258844262099997 -0.001203076734155 0.002651288438160 -0.000456760780090
86 8 24.604302759999996 9.775705435000003 9.666531706799999 -0.001136235911079 -0.000516955969978 0.003402345650512
7 1 15.344560296200003 13.288795263500004 11.745737660500000 0.001036052069213 -0.004702514111162 0.002247880599553
15 1 17.262640612500000 12.181390680000009 8.613533801700001 -0.000653080546030 -0.000462089056240 0.001457715048667
23 1 15.344557788300000 15.503588815399999 8.613540438400001 0.000237159314520 -0.000465208013732 -0.000036043165019
31 1 13.426487796399995 12.181395589400003 8.613538384300000 0.001132177972623 -0.000732512999865 0.000536326012687
39 7 17.262627163200005 16.610986685300006 11.745734611600000 0.000203865053349 -0.001126851541798 0.000148486645732
95 8 17.593253881800010 14.587061761100006 12.258833442600000 0.001861901644466 0.001911123733601 -0.001682139644196
111 8 17.593251848000001 16.420093920100001 9.666529521300001 0.001608391249985 -0.000672686714594 0.001594811241808
119 8 17.593249127900002 11.990500490400001 11.232628962800000 0.003969111407903 0.000928489232104 0.000376388140911
127 8 15.344557227600006 15.885353364700006 11.232627459799998 0.000044162444891 0.002560976846459 0.001374136491139
135 8 15.344568078800005 13.288790374900007 9.396583635799999 -0.000283355024491 0.000418519374928 -0.000859063051246
143 8 13.095880352600002 14.587079165600008 7.560553499600000 -0.001964344479124 0.001014327566868 -0.001627800499852
151 8 17.593249799300004 14.587055878400003 7.560546762400000 0.001855921087863 0.001006676262133 -0.001267505099159
175 8 13.095867367800004 11.990498335500007 11.232641519100001 -0.005392425047619 0.002204871381768 0.000500991589448
8 1 23.016843666400000 13.288795263500004 11.745737660500000 -0.001142469798051 0.000750011018102 -0.001170278641019
24 1 23.016841158500000 15.503588815399999 8.613540438400001 -0.000113268389546 0.000052491221693 0.000083314068302
32 1 21.098771166600002 12.181395589400003 8.613538384300000 -0.000235265122212 -0.000093540425876 0.000025729521671
47 7 19.180709987699998 13.288788550000005 11.745727975299999 -0.002005275491648 -0.000995662570305 0.000772322134249
55 7 19.180710411900002 15.503580461900007 8.613540254699998 -0.000438399678736 0.000113429793252 -0.000169310436676
63 7 21.098782286700004 16.610979775200004 11.745738510299995 -0.000217740413973 0.000817601404971 0.000149771430715
71 8 20.768171571100002 14.587074131700003 12.258844262099997 -0.000660978815957 0.000458742848616 -0.001023237120365
79 8 19.180716222899996 17.336616904300001 12.258847990200001 -0.000417342231582 -0.001604714968301 -0.001448240652489
87 8 20.768161074900000 16.420097738599999 9.666531706799999 -0.001568499022290 -0.000960726777614 0.001247636725932
103 8 19.180707196099995 13.670551147500003 9.666525792999996 0.000343443916911 0.002027680572055 0.000998678156689
128 8 23.016840597800005 15.885353364700006 11.232627459799998 0.000509317323028 0.001418924590960 0.001557440206997
136 8 23.016851449000004 13.288790374900007 9.396583635799999 0.000397152408793 -0.000274256684237 0.000567333500431
144 8 20.768163722800004 14.587079165600008 7.560553499600000 -0.001463897825092 0.000805708752413 -0.001578004684910
176 8 20.768150737999996 11.990498335500007 11.232641519100001 -0.000533161127209 -0.001080261603496 0.001396961380738
16 1 24.934923982700003 12.181390680000009 8.613533801700001 -0.000007867720594 0.000065702714972 -0.000663130993237
40 7 24.934910533400007 16.610986685300006 11.745734611600000 -0.000143382581709 0.001761037896461 -0.000532120842007
48 7 26.852993357900004 13.288788550000005 11.745727975299999 0.002361672188562 0.002482340095771 -0.006164882534162
56 7 26.852993782099993 15.503580461900007 8.613540254699998 0.000118183024912 0.000240859361585 0.000098324795087
64 7 28.771065656899999 16.610979775200004 11.745738510299995 0.000182559855453 0.000429363313101 -0.000249229866507
72 8 28.440454941300004 14.587074131700003 12.258844262099997 -0.003619315107491 0.000381811457262 -0.001126130632170
80 8 26.852999593099998 17.336616904300001 12.258847990200001 -0.000280181176464 -0.002270156348063 -0.001403240707636
88 8 28.440444445099999 16.420097738599999 9.666531706799999 -0.001817980537410 -0.000953350825876 0.001380711957308
96 8 25.265537252000023 14.587061761100006 12.258833442600000 0.002028051951571 -0.000251044326700 -0.000474415770543
104 8 26.852990566300001 13.670551147500003 9.666525792999996 -0.000495796142391 0.001741364913315 0.002360440429407
112 8 25.265535218199997 16.420093920100001 9.666529521300001 0.001685015658271 -0.001077303519138 0.001468955545515
120 8 25.265532498100001 11.990500490400001 11.232628962800000 0.001759018586835 -0.001744890913249 0.002694579551581
152 8 25.265533169500006 14.587055878400003 7.560546762400000 0.001838886993482 0.001025243083874 -0.001473524130525
