ITEM: TIMESTEP
0
ITEM: NUMBER OF ATOMS
176
ITEM: BOX BOUNDS xy xz yz pp pp pp
0.0000000000000000e+00 3.0689133480799999e+01 7.6722833701999980e+00
0.0000000000000000e+00 1.7718379476200003e+01 7.6722833702000024e+00
0.0000000000000000e+00 1.2528786279200000e+01 4.4295948690000015e+00
ITEM: ATOMS id type x y z fx fy fz
25 1 5.754204426199998 3.322205851300000 2.349145244699999 0.001412923214933 0.001089282487236 -0.000110983723174
137 8 5.423596982400004 5.727889427500000 1.296160360000000 -0.002958220746263 0.000623512928822 -0.001397602010832
161 8 3.836156472199998 2.214796731300001 1.566094450300000 0.000182180404411 -0.000755915091344 0.000126840954654
169 8 5.423583997600000 3.131308597400002 4.968248379499999 -0.001499835562342 -0.001258626963978 0.001081675005885
1 1 7.672276926000002 4.429605525400001 5.481344520900000 0.001656864068980 0.000648396927154 -0.001144086719689
9 1 9.590357242299998 3.322200941900001 2.349140662099999 0.002932864774146 0.004587966600167 0.000068698562408
41 7 11.508426617500000 4.429598811900002 5.481334835700000 0.000217214641885 0.002715179445336 -0.008150092814304
89 8 9.920970511600007 5.727872023000002 5.994440303000000 0.000452872400900 0.001403004402165 0.000302443732578
97 8 11.508423825899998 4.811361409400002 3.402132653400000 -0.004518792034825 -0.011863252532879 0.005814855231822
113 8 9.920965757699999 3.131310752300001 4.968235823200000 0.000224095618619 -0.003212745688082 0.002568771589953
129 8 7.672284708600001 4.429600636800002 3.132190496199999 -0.001818724297290 -0.000790911477932 0.000824546509620
145 8 9.920966429100000 5.727866140300000 1.296153622799999 -0.015124547285629 -0.008771495744377 -0.014014256510552
153 8 7.672288882800000 1.833036553300000 1.296161863300000 -0.001141180374094 -0.003886968830998 -0.001277425128771
162 8 11.508439842400000 2.214796731300001 1.566094450300000 -0.000136095257375 -0.002150774698244 -0.000702453302500
2 1 15.344560296200001 4.429605525400001 5.481344520900000 -0.002046843963369 -0.001580554013358 -0.000628389675755
10 1 17.262640612500000 3.322200941900001 2.349140662099999 -0.000897116429053 -0.000078300359672 0.000048356202750
26 1 13.426487796400002 3.322205851300000 2.349145244699999 -0.003447334768055 0.004543126060681 0.000214935520236
65 8 13.095888200900001 5.727884393600002 5.994451122499998 0.000602039368680 0.002316278979670 0.003454464058475
90 8 17.593253881800006 5.727872023000002 5.994440303000000 0.000782405442161 0.002390630946757 -0.001848501002876
114 8 17.593249127900009 3.131310752300001 4.968235823200000 0.001933411106425 -0.000789492123178 0.001424588148697
130 8 15.344568078800005 4.429600636800002 3.132190496199999 0.002441666200489 0.001619077991823 -0.000294761969562
138 8 13.095880352600009 5.727889427500000 1.296160360000000 0.006554480537955 -0.006730497489670 -0.017005129850477
146 8 17.593249799300011 5.727866140300000 1.296153622799999 0.000744930485182 0.001492193487582 -0.000668889372489
154 8 15.344572252999999 1.833036553300000 1.296161863300000 0.000559608047375 -0.002235628184973 -0.001633975650044
170 8 13.095867367800004 3.131308597400002 4.968248379499999 -0.000131478144356 -0.002766202579287 0.002432036008629
42 7 19.180709987699998 4.429598811900002 5.481334835700000 0.000650846941831 -0.000382713567685 0.000242130168118
66 8 20.768171571100002 5.727884393600002 5.994451122499998 -0.002282628581710 0.000689960289131 -0.001290072146949
98 8 19.180707196099995 4.811361409400002 3.402132653400000 -0.000240747530090 0.002044512209310 0.001532843100633
3 1 11.508418611100000 11.073997829000001 5.481344520900000 -0.004199574415022 0.001467969074945 0.002177787424030
17 1 7.672274418099999 6.644399077300000 2.349147298800000 0.004372119264916 -0.000803891622162 -0.000387221278344
27 1 9.590346111300001 9.966598154900002 2.349145244699999 -0.001711295291412 -0.003998171529764 -0.000394287467594
33 7 9.590343793000001 7.751796947200008 5.481341472000000 -0.000170595286865 -0.003473497501100 -0.005695514848288
49 7 11.508427041700001 6.644390723800001 2.349147115100000 -0.021163734249239 -0.021967418954687 -0.010949422960032
73 8 11.508432852700000 8.477427166200002 5.994454850600000 0.003546213499675 -0.000031430895476 -0.001073235680160
105 8 9.920968477800001 7.560904182000002 3.402136381700000 -0.008338536048976 0.004313037574851 0.006013047264085
121 8 7.672273857400003 7.026163626600007 4.968234320200000 -0.001375939975286 0.002070470439048 0.002366540925844
131 8 11.508426393700001 11.073992940400007 3.132190496199999 0.006159246578370 -0.002760375631177 -0.001028451820338
155 8 11.508430567899998 8.477428856900005 1.296161863300000 0.004716829580506 0.009938213107610 -0.004167548218995
163 8 7.672298157300000 8.859189034900005 1.566094450300000 -0.000742089352457 0.001455685157044 -0.000375953316154
171 8 9.259725682700001 9.775700901000002 4.968248379499999 -0.001285593940481 0.001126601362343 0.001754220123933
11 1 13.426498927399999 9.966593245500007 2.349140662099999 -0.005322559024532 0.006476038945487 -0.008825346514053
18 1 15.344557788300000 6.644399077300000 2.349147298800000 -0.001630496267397 -0.013174236352178 -0.004167182740853
28 1 17.262629481500003 9.966598154900002 2.349145244699999 0.004305442613128 0.001262549931141 -0.000142003296977
34 7 17.262627163200005 7.751796947200008 5.481341472000000 0.004405181110688 -0.000389989169753 0.002051703564514
43 7 15.344568302600003 11.073991115500002 5.481334835700000 0.006852392868920 0.006032341167644 0.004238426760279
57 7 13.426498916499998 7.751790037100004 5.481345370700000 -0.008750305743088 -0.014940652864156 0.003198283059814
81 8 13.090877704699984 7.552247746462165 3.402138567200000 0.061875108637461 0.065027682895112 0.051618794957710
99 8 15.344565510999997 11.455753713000002 3.402132653400000 -0.002604278401310 -0.001669317837999 0.001402338763211
106 8 17.593251848000001 7.560904182000002 3.402136381700000 -0.000184589749993 -0.000145574005965 0.001959312671198
115 8 13.757107442799997 9.775703055900001 4.968235823200000 -0.002840082748329 -0.015818233745359 -0.013842814082645
122 8 15.344557227600001 7.026163626600007 4.968234320200000 -0.005373633113730 0.007908821770769 -0.003363823196598
164 8 15.344581527500001 8.859189034900005 1.566094450300000 -0.008273323112909 0.000064247398299 0.006985384229856
172 8 16.932009052900014 9.775700901000002 4.968248379499999 -0.003566575836757 -0.000730439616865 0.000781377103224
4 1 19.180701981300000 11.073997829000001 5.481344520900000 0.001181163321524 0.000435151600810 0.000266952359978
12 1 21.098782297600000 9.966593245500007 2.349140662099999 0.000952228188329 -0.000423734680033 -0.000022913128651
44 7 23.016851672799998 11.073991115500002 5.481334835700000 -0.000198880851340 -0.000432900219099 0.000009403265740
50 7 19.180710411899998 6.644390723800001 2.349147115100000 0.001924085963077 -0.000641470890556 -0.000230635166721
58 7 21.098782286699997 7.751790037100004 5.481345370700000 0.001491928949676 -0.000406752125957 -0.000449837360089
74 8 19.180716222899989 8.477427166200002 5.994454850600000 -0.001664050319761 -0.001992604959635 -0.001762322010292
82 8 20.768161074900000 7.560908000500002 3.402138567200000 -0.002772417227534 -0.000747782630757 0.001608456469877
100 8 23.016848881199998 11.455753713000002 3.402132653400000 0.000063092086625 0.001837593628028 0.001572911133768
116 8 21.429390813000008 9.775703055900001 4.968235823200000 0.001435613142343 -0.000594899531550 0.001467622549027
132 8 19.180709763900005 11.073992940400007 3.132190496199999 -0.001313722585814 -0.000787224448334 -0.000090270911537
156 8 19.180713938099998 8.477428856900005 1.296161863300000 -0.001054879578032 -0.001432499568071 -0.001060684907710
19 1 11.508416103199997 13.288791380900006 2.349147298800000 -0.001236565209832 0.001947161351548 -0.000457688014580
123 8 11.508415542500002 13.670555930200003 4.968234320200000 0.000715940248257 0.001004950695255 0.001151392501890
139 8 9.259738667499999 12.372281731100001 1.296160360000000 -0.000909466447709 0.000718282554411 -0.001399063311043
35 7 13.426485478100000 14.396189250800001 5.481341472000000 0.000397682151573 0.002259947295431 0.000373648303097
51 7 15.344568726800000 13.288783027399999 2.349147115100000 0.001969880845090 0.004692102028233 -0.000351239388214
59 7 17.262640601600001 14.396182340700005 5.481345370700000 0.000860711684130 0.002976765789991 -0.000554984562067
67 8 16.932029885999999 12.372276697200000 5.994451122499998 -0.003897760372003 -0.001481636706455 -0.002142100143174
75 8 15.344574537799998 15.121819469800011 5.994454850600000 -0.000962014330996 -0.002771026371770 -0.001355512472977
83 8 16.932019389799994 14.205300304100005 3.402138567200000 -0.002761983873607 -0.002812207799594 0.001343743794570
91 8 13.757112196700003 12.372264326600002 5.994440303000000 0.002157689366259 -0.001769653054841 -0.002331608586604
107 8 13.757110162900000 14.205296485600002 3.402136381700000 0.001646020879274 -0.001881092551579 0.001322930184116
140 8 16.932022037700008 12.372281731100001 1.296160360000000 -0.002415789858846 -0.000160594686221 -0.000872087934629
147 8 13.757108114200003 12.372258443900009 1.296153622799999 0.000891595486594 -0.004067055004849 0.001205548093502
20 1 19.180699473400008 13.288791380900006 2.349147298800000 0.000627893084667 0.001802240003608 -0.000174195666037
36 7 21.098768848300001 14.396189250800001 5.481341472000000 -0.000107127214354 0.001500693990870 -0.000731681532057
52 7 23.016852096999997 13.288783027399999 2.349147115100000 -0.000985505881986 0.000771508526670 0.000142261348365
76 8 23.016857907999988 15.121819469800011 5.994454850600000 0.000231284628396 -0.002115122650932 -0.001312447785329
92 8 21.429395566900006 12.372264326600002 5.994440303000000 0.001543455776401 0.000558036427898 -0.001241519294649
108 8 21.429393533100004 14.205296485600002 3.402136381700000 0.001946382472088 -0.001710312754936 0.001680269120947
124 8 19.180698912699995 13.670555930200003 4.968234320200000 -0.000156028144435 0.001151103702057 0.001476007027389
148 8 21.429391484400018 12.372258443900009 1.296153622799999 0.001606633265586 0.000681428263832 -0.001432268937126
60 7 24.934923971800007 14.396182340700005 5.481345370700000 -0.001280588653825 0.000598088249615 0.000232163640961
68 8 24.604313256200001 12.372276697200000 5.994451122499998 -0.001143176305827 0.000558849347905 -0.001414036540685
84 8 24.604302760000003 14.205300304100005 3.402138567200000 -0.001111291018137 -0.001208123718514 0.001459946620788
29 1 9.590346111300004 5.537003285800003 8.613538384300000 0.000278595339960 -0.000143580567229 -0.001068394512388
157 8 11.508430567900000 4.047833987800002 7.560555002900000 0.000018052241527 -0.002510089521260 0.000587264342706
165 8 7.672298157300002 4.429594165800001 7.830487589900000 -0.000531859442941 -0.000195391974214 0.000465474293084
173 8 9.259725682700003 5.346106031900003 11.232641519100001 -0.000911561927791 -0.000909747915985 0.001098525479299
13 1 13.426498927400001 5.536998376400002 8.613533801700001 -0.000682450179909 -0.000947921221741 -0.000709746125368
30 1 17.262629481500003 5.537003285800003 8.613538384300000 0.000474974115997 -0.000329145026129 0.000359898331925
117 8 13.757107442800002 5.346108186800002 11.232628962800000 0.001533870449952 -0.001690991682579 0.001939300600146
166 8 15.344581527500001 4.429594165800001 7.830487589900000 0.000308495816401 0.000156411494090 0.000329387758084
174 8 16.932009052900007 5.346106031900003 11.232641519100001 -0.001470882820775 -0.001265465517522 0.000916921963771
14 1 21.098782297600003 5.536998376400002 8.613533801700001 0.000083035424702 0.000121915096461 0.000156327568269
118 8 21.429390813000005 5.346108186800002 11.232628962800000 0.001641339156807 -0.001309776479625 0.001173011954646
158 8 19.180713938100002 4.047833987800002 7.560555002900000 -0.000238033280566 -0.001778641662608 -0.001543665128502
5 1 11.508418611100007 6.644402959900002 11.745737660500000 -0.000011488284000 0.000269765302088 -0.000340640678324
21 1 11.508416103199998 8.859196511800004 8.613540438400001 -0.001022489039251 -0.000467039828181 0.000800163164921
125 8 11.508415542500003 9.240961061100004 11.232627459799998 -0.000011655324852 0.001670733196603 0.001336918164181
133 8 11.508426393700002 6.644398071300002 9.396583635799999 0.000094040229090 0.000310123927540 0.000229512420630
141 8 9.259738667500002 7.942686862000003 7.560553499600000 -0.001437649062113 0.001214753556155 -0.000533144564836
167 8 11.508439842400001 11.073986469400005 7.830487589900000 0.000474670129524 0.000111658723034 -0.000972965698227
37 7 13.426485478099996 9.966594381700006 11.745734611600000 0.001712832865798 0.000423981477679 0.001016146051753
45 7 15.344568302600001 6.644396246400003 11.745727975299999 0.001286959101148 0.001521468702000 0.000886404737317
53 7 15.344568726799995 8.859188158300002 8.613540254699998 0.001529856294408 0.000383977739265 0.002886558625254
61 7 17.262640601600001 9.966587471600000 11.745738510299995 0.002212475207508 0.000771368084101 0.008925516244918
69 8 16.932029886000002 7.942681828100003 12.258844262099997 -0.002685356170199 -0.001411827920376 -0.002959840429598
77 8 15.344574537800005 10.692224600700005 12.258847990200001 -0.002494321773503 -0.001407873104690 -0.002913857526071
85 8 16.932019389799990 9.775705435000003 9.666531706799999 -0.002890110521282 -0.001449928159739 -0.001306510534393
93 8 13.757112196700007 7.942669457500004 12.258833442600000 0.001220909088212 0.000658151984793 -0.001473953964521
101 8 15.344565511000003 7.026158843900003 9.666525792999996 -0.000124117529253 0.002237237600445 0.000770600651352
109 8 13.757110162900005 9.775701616500001 9.666529521300001 0.001811196003951 -0.001086954094937 0.000599306069851
142 8 16.932022037700005 7.942686862000003 7.560553499600000 -0.002163736557199 0.000782035431054 -0.002759483357486
149 8 13.757108114200001 7.942663574800001 7.560546762400000 0.000553908294290 0.000291520577147 -0.007260504348947
159 8 15.344572253000006 10.692226291400004 7.560555002900000 -0.000749279302186 -0.001942473698155 -0.003857410446909
6 1 19.180701981300004 6.644402959900002 11.745737660500000 0.000322088292361 0.001525068003222 0.001248158065764
22 1 19.180699473400011 8.859196511800004 8.613540438400001 0.000542813457885 0.000151400084663 0.001299578762339
38 7 21.098768848300008 9.966594381700006 11.745734611600000 -0.003182866066842 -0.000834552953894 0.007044040609135
46 7 23.016851672800001 6.644396246400003 11.745727975299999 -0.001105260811135 0.000650608621627 0.000585476185401
54 7 23.016852096999990 8.859188158300002 8.613540254699998 -0.000352568743463 -0.000001906974190 0.000184131264398
78 8 23.016857907999999 10.692224600700005 12.258847990200001 0.001566991954279 -0.000572691449545 -0.000759254711849
94 8 21.429395566900006 7.942669457500004 12.258833442600000 0.002682532393026 -0.000154916923438 -0.002509874990816
102 8 23.016848881199998 7.026158843900003 9.666525792999996 0.000108807549321 0.001686622743509 0.001391266614853
110 8 21.429393533100001 9.775701616500001 9.666529521300001 0.002078718424835 -0.000930033233963 -0.000306873528601
126 8 19.180698912700002 9.240961061100004 11.232627459799998 0.000211030052398 0.001252259731467 -0.000246906142865
134 8 19.180709763900005 6.644398071300002 9.396583635799999 -0.000315423248114 -0.000322454239217 -0.000429077050213
150 8 21.429391484400004 7.942663574800001 7.560546762400000 0.001479258749533 0.000985210832867 -0.001450654192662
160 8 23.016855623200005 10.692226291400004 7.560555002900000 0.000005632630036 -0.001633058895141 -0.001659426385244
168 8 19.180723212599993 11.073986469400005 7.830487589900000 -0.000374266113428 0.000053399869622 -0.000497041136215
62 7 24.934923971800000 9.966587471600000 11.745738510299995 -0.000903813516680 -0.000536699488086 -0.000388915934617
70 8 24.604313256200005 7.942681828100003 12.258844262099997 -0.001488638759045 0.000934954441902 -0.001359222726130
86 8 24.604302759999996 9.775705435000003 9.666531706799999 -0.001379305344351 -0.000832411652728 0.001501884833936
7 1 15.344560296200003 13.288795263500004 11.745737660500000 0.001095188964329 -0.000754912618297 0.000697337202373
15 1 17.262640612500000 12.181390680000009 8.613533801700001 0.000520114328321 0.000230789497190 0.001281887532160
23 1 15.344557788300000 15.503588815399999 8.613540438400001 0.000276780836153 0.000285472690762 -0.000022659004482
31 1 13.426487796399995 12.181395589400003 8.613538384300000 0.000288383448876 0.000720104307858 0.000978329911499
39 7 17.262627163200005 16.610986685300006 11.745734611600000 -0.000333750422383 -0.000207467421570 -0.000495263896553
95 8 17.593253881800010 14.587061761100006 12.258833442600000 0.001824037766677 0.001662444875165 -0.001501834637068
111 8 17.593251848000001 16.420093920100001 9.666529521300001 0.001491682726911 -0.000976726400978 0.001968083164860
119 8 17.593249127900002 11.990500490400001 11.232628962800000 0.001827785154274 0.000450803626091 0.000253456377267
127 8 15.344557227600006 15.885353364700006 11.232627459799998 0.000116333673157 0.001720222058375 0.001387283918448
135 8 15.344568078800005 13.288790374900007 9.396583635799999 -0.000535269408968 -0.000338359086499 -0.000286451856936
143 8 13.095880352600002 14.587079165600008 7.560553499600000 -0.001518693707354 0.000160576089334 -0.001791424157948
151 8 17.593249799300004 14.587055878400003 7.560546762400000 0.001468728727099 0.000473025225086 -0.001260219698560
175 8 13.095867367800004 11.990498335500007 11.232641519100001 -0.001191795887608 -0.000234982432250 0.000352639854586
8 1 23.016843666400000 13.288795263500004 11.745737660500000 -0.000037247915615 -0.001247051981910 -0.003790088319407
24 1 23.016841158500000 15.503588815399999 8.613540438400001 -0.000073095311101 0.000036716391328 -0.000648347116034
32 1 21.098771166600002 12.181395589400003 8.613538384300000 -0.000024537509346 -0.000262707564933 0.000297067740561
47 7 19.180709987699998 13.288788550000005 11.745727975299999 -0.002180351619002 -0.003121820346493 0.001229890428171
55 7 19.180710411900002 15.503580461900007 8.613540254699998 -0.000287253383023 0.000846387837969 -0.000864581475249
63 7 21.098782286700004 16.610979775200004 11.745738510299995 -0.000812525353342 0.001353075540085 -0.002899216779822
71 8 20.768171571100002 14.587074131700003 12.258844262099997 -0.000006182572941 0.001264050418443 0.002122732774492
79 8 19.180716222899996 17.336616904300001 12.258847990200001 0.000423698910289 -0.002202213170520 -0.000980355515696
87 8 20.768161074900000 16.420097738599999 9.666531706799999 -0.001337329445845 -0.001101105379714 0.002553650356949
103 8 19.180707196099995 13.670551147500003 9.666525792999996 0.000172123629431 0.001966168828414 0.001422152771345
128 8 23.016840597800005 15.885353364700006 11.232627459799998 -0.000214961737873 0.001430730103768 0.002082836659960
136 8 23.016851449000004 13.288790374900007 9.396583635799999 0.000099079146846 0.000030245694903 0.000904502011710
144 8 20.768163722800004 14.587079165600008 7.560553499600000 -0.001484679887923 0.000598421312040 -0.001182516787147
176 8 20.768150737999996 11.990498335500007 11.232641519100001 -0.000824670947638 0.000860929639173 0.000904739356107
16 1 24.934923982700003 12.181390680000009 8.613533801700001 -0.000567177401226 0.000056303190281 0.000087018198666
40 7 24.934910533400007 16.610986685300006 11.745734611600000 0.001085808055187 0.000953124306167 -0.000885166510982
48 7 26.852993357900004 13.288788550000005 11.745727975299999 0.000860047003512 -0.000391682810831 -0.000268137962173
56 7 26.852993782099993 15.503580461900007 8.613540254699998 -0.000184038593287 0.000454913069096 0.000075734433214
64 7 28.771065656899999 16.610979775200004 11.745738510299995 -0.000072227651213 0.000522063877679 0.000066735701044
72 8 28.440454941300004 14.587074131700003 12.258844262099997 -0.002106014092302 0.000681602191046 -0.001568627564658
80 8 26.852999593099998 17.336616904300001 12.258847990200001 -0.000636623648390 -0.002480756930761 -0.001554952822320
88 8 28.440444445099999 16.420097738599999 9.666531706799999 -0.001747659985846 -0.001155055138414 0.001497647849288
96 8 25.265537252000023 14.587061761100006 12.258833442600000 0.000633409674192 0.000843681437950 -0.000407834635331
104 8 26.852990566300001 13.670551147500003 9.666525792999996 0.000157964858039 0.001668865727345 0.001589837289812
112 8 25.265535218199997 16.420093920100001 9.666529521300001 0.001519467239108 -0.000922624918305 0.001874178283274
120 8 25.265532498100001 11.990500490400001 11.232628962800000 0.001263366766024 -0.000412488988693 0.001632877472841
152 8 25.265533169500006 14.587055878400003 7.560546762400000 0.001869912588485 0.000833502608154 -0.001308486294410
