ITEM: TIMESTEP
0
ITEM: NUMBER OF ATOMS
176
ITEM: BOX BOUNDS xy xz yz pp pp pp
0.0000000000000000e+00 3.0689133480799999e+01 7.6722833701999980e+00
0.0000000000000000e+00 1.7718379476200003e+01 7.6722833702000024e+00
0.0000000000000000e+00 1.2528786279200000e+01 4.4295948690000015e+00
ITEM: ATOMS id type x y z fx fy fz
25 1 5.754204426199998 3.322205851300000 2.349145244699999 -0.004014124409475 -0.011710641547468 -0.006183927802862
137 8 5.423596982400004 5.727889427500000 1.296160360000000 -0.001480968595173 0.000445776982962 0.000322389374862
161 8 3.836156472199998 2.214796731300001 1.566094450300000 0.001153283983288 0.002434260403671 -0.001373443442702
169 8 5.418583997599986 3.122648343362165 4.968248379499999 -0.004489039112974 0.103413389894419 -0.002697675516777
1 1 7.672276926000002 4.429605525400001 5.481344520900000 0.011090847490600 -0.002963196791834 0.004245195532072
9 1 9.590357242299998 3.322200941900001 2.349140662099999 0.002229063323197 -0.002592699808572 -0.001608717392045
41 7 11.508426617500000 4.429598811900002 5.481334835700000 0.002888066684959 -0.000986924783201 0.000333038315568
89 8 9.920970511600007 5.727872023000002 5.994440303000000 -0.003409670773103 -0.001564346961983 -0.002178063465102
97 8 11.508423825899998 4.811361409400002 3.402132653400000 -0.000747260706973 0.001537671136390 0.001918553039237
113 8 9.920965757699999 3.131310752300001 4.968235823200000 -0.000753083896804 0.002278759388633 0.001392864457175
129 8 7.672284708600001 4.429600636800002 3.132190496199999 -0.005751542372999 -0.001462840456576 0.009071068043092
145 8 9.920966429100000 5.727866140300000 1.296153622799999 0.000836496584418 0.000707218923239 -0.000370445595605
153 8 7.672288882800000 1.833036553300000 1.296161863300000 0.000210047772886 0.000470012163259 -0.002271646773493
162 8 11.508439842400000 2.214796731300001 1.566094450300000 -0.000743203911773 0.000587828360531 0.000189984943313
2 1 15.344560296200001 4.429605525400001 5.481344520900000 0.000178236993308 -0.001407743350558 -0.000337761890080
10 1 17.262640612500000 3.322200941900001 2.349140662099999 -0.000545019452053 -0.002484873629474 0.000928690074480
26 1 13.426487796400002 3.322205851300000 2.349145244699999 0.000739935585462 -0.000345570727164 -0.000054880848230
65 8 13.095888200900001 5.727884393600002 5.994451122499998 -0.002744215510027 0.000195611606867 -0.001433957168733
90 8 17.593253881800006 5.727872023000002 5.994440303000000 0.006019495559432 -0.002845121816193 -0.002669901181176
114 8 17.593249127900009 3.131310752300001 4.968235823200000 -0.001233076383419 0.003959298602992 0.001836268444715
130 8 15.344568078800005 4.429600636800002 3.132190496199999 -0.000263755871808 0.000415545139619 -0.000111138302243
138 8 13.095880352600009 5.727889427500000 1.296160360000000 -0.001860090578131 0.000871451864367 -0.001463630688232
146 8 17.593249799300011 5.727866140300000 1.296153622799999 0.002905985568092 0.001145421093682 -0.000243017364939
154 8 15.344572252999999 1.833036553300000 1.296161863300000 -0.000228857776452 -0.001590230915217 -0.002092460060177
170 8 13.095867367800004 3.131308597400002 4.968248379499999 -0.002606004974113 -0.000299276442826 0.001387092660668
42 7 19.180709987699998 4.429598811900002 5.481334835700000 -0.011497103910826 -0.013557853845571 0.001165634510126
66 8 20.768171571100002 5.727884393600002 5.994451122499998 0.001985020201452 -0.019187280013697 -0.009782758917984
98 8 19.180707196099995 4.811361409400002 3.402132653400000 0.007439794256845 0.000310478534232 0.007368961204650
3 1 11.508418611100000 11.073997829000001 5.481344520900000 0.002738873774879 0.004737113578907 -0.000420536648860
17 1 7.672274418099999 6.644399077300000 2.349147298800000 0.000926472189021 0.003126192123735 -0.002830510859858
27 1 9.590346111300001 9.966598154900002 2.349145244699999 0.001372131027829 0.001459667494211 0.000363102808411
33 7 9.590343793000001 7.751796947200008 5.481341472000000 0.003074078984000 0.003972420257576 0.000303498408911
49 7 11.508427041700001 6.644390723800001 2.349147115100000 0.001197241983368 0.000970943503029 -0.000547340031299
73 8 11.508432852700000 8.477427166200002 5.994454850600000 -0.001760176902163 -0.003788735277591 -0.001378532739446
105 8 9.920968477800001 7.560904182000002 3.402136381700000 0.000440595304644 -0.001652626430999 0.002038568203816
121 8 7.672273857400003 7.026163626600007 4.968234320200000 -0.001645018256809 -0.002022734959606 0.001915223176211
131 8 11.508426393700001 11.073992940400007 3.132190496199999 -0.000753363511989 -0.001865664748610 -0.001179741706392
155 8 11.508430567899998 8.477428856900005 1.296161863300000 -0.000241961065360 -0.002449411132244 -0.001637010118998
163 8 7.672298157300000 8.859189034900005 1.566094450300000 -0.000402979256833 -0.001241785036758 0.000626605592393
171 8 9.259725682700001 9.775700901000002 4.968248379499999 -0.002606044098571 -0.002832908012656 0.001340398827426
11 1 13.426498927399999 9.966593245500007 2.349140662099999 -0.000284072029067 0.001837900739494 0.001084051660017
18 1 15.344557788300000 6.644399077300000 2.349147298800000 -0.000402278210334 0.000090219539454 -0.000286020006829
28 1 17.262629481500003 9.966598154900002 2.349145244699999 -0.000784317562849 0.001004744556648 0.000145618456102
34 7 17.262627163200005 7.751796947200008 5.481341472000000 -0.002056925163921 0.002372837547188 -0.000288832063967
43 7 15.344568302600003 11.073991115500002 5.481334835700000 -0.007102709618425 0.005946247821926 0.001530555767637
57 7 13.426498916499998 7.751790037100004 5.481345370700000 0.000183855672608 0.002361742370060 -0.000224990790111
81 8 13.095877704700001 7.560908000500002 3.402138567200000 -0.001511315895421 -0.001311633362540 0.001014634441989
99 8 15.344565510999997 11.455753713000002 3.402132653400000 0.001051942984109 0.000566345889508 0.000709997069529
106 8 17.593251848000001 7.560904182000002 3.402136381700000 0.002525922093909 -0.001768446161121 0.001648007001623
115 8 13.757107442799997 9.775703055900001 4.968235823200000 0.001851699231351 -0.003447923997300 0.000624850655116
122 8 15.344557227600001 7.026163626600007 4.968234320200000 0.001126272531718 0.001715693108622 0.001521166652737
164 8 15.344581527500001 8.859189034900005 1.566094450300000 0.000142004106781 -0.000515262200731 -0.000082335320948
172 8 16.932009052900014 9.775700901000002 4.968248379499999 0.000344426010779 -0.003248082178021 0.001203738382031
4 1 19.180701981300000 11.073997829000001 5.481344520900000 -0.000767318948619 0.001011237775819 -0.000100107315910
12 1 21.098782297600000 9.966593245500007 2.349140662099999 -0.000112181331747 0.001144724918356 -0.000458254315998
44 7 23.016851672799998 11.073991115500002 5.481334835700000 0.001911499131187 0.002166697511747 0.000513707539076
50 7 19.180710411899998 6.644390723800001 2.349147115100000 -0.001976098530627 0.003376545203743 -0.002911830302220
58 7 21.098782286699997 7.751790037100004 5.481345370700000 0.000051285226576 0.010162510125476 -0.001525363071581
74 8 19.180716222899989 8.477427166200002 5.994454850600000 0.001469018378896 -0.003482449487647 -0.001641919797451
82 8 20.768161074900000 7.560908000500002 3.402138567200000 -0.001091766637744 -0.002228637191067 0.002932762385386
100 8 23.016848881199998 11.455753713000002 3.402132653400000 -0.000413230355223 0.001099214613317 0.001536347870964
116 8 21.429390813000008 9.775703055900001 4.968235823200000 0.001143703066902 -0.003808991776712 0.001854448315031
132 8 19.180709763900005 11.073992940400007 3.132190496199999 0.000351485997152 -0.000436909477076 0.000122304017221
156 8 19.180713938099998 8.477428856900005 1.296161863300000 0.000209189249572 -0.002814946893335 -0.000637120162853
19 1 11.508416103199997 13.288791380900006 2.349147298800000 0.002529081955670 0.001005425759839 0.005165020715483
123 8 11.508415542500002 13.670555930200003 4.968234320200000 -0.011133606417330 -0.007844023064698 0.000143796981290
139 8 9.259738667499999 12.372281731100001 1.296160360000000 -0.002156551998610 0.000501394393814 -0.002248176052510
35 7 13.426485478100000 14.396189250800001 5.481341472000000 -0.003663654073416 -0.032154744431564 0.003092479221447
51 7 15.344568726800000 13.288783027399999 2.349147115100000 -0.006309074006506 0.001052511478410 0.004738480281559
59 7 17.262640601600001 14.396182340700005 5.481345370700000 -0.002777463631590 -0.002573757650016 0.000531714865696
67 8 16.932029885999999 12.372276697200000 5.994451122499998 -0.000131175244541 0.000998415305521 -0.001226237618769
75 8 15.344574537799998 15.121819469800011 5.994454850600000 0.008581203094820 0.007447305643105 -0.000607666093386
83 8 16.932019389799994 14.205300304100005 3.402138567200000 -0.000273659374602 0.000473426368740 0.001485274108318
91 8 13.757112196700003 12.372264326600002 5.994440303000000 0.006301300828972 -0.021122889531000 0.003608106050582
107 8 13.757110162900000 14.205296485600002 3.402136381700000 0.009819727716806 -0.008458273658154 -0.013759889526170
140 8 16.932022037700008 12.372281731100001 1.296160360000000 -0.000083530432287 0.000161245185015 -0.002650772521106
147 8 13.757108114200003 12.372258443900009 1.296153622799999 0.001976276809658 0.000233636797483 -0.003214926345877
20 1 19.180699473400008 13.288791380900006 2.349147298800000 -0.000312629504762 -0.000183502186287 0.000132235487117
36 7 21.098768848300001 14.396189250800001 5.481341472000000 0.001272896064603 -0.000136552175897 0.000162449335834
52 7 23.016852096999997 13.288783027399999 2.349147115100000 0.001388062191374 0.000719611229680 0.000735943415511
76 8 23.016857907999988 15.121819469800011 5.994454850600000 -0.002487812590355 -0.001322514994090 -0.001054398316655
92 8 21.429395566900006 12.372264326600002 5.994440303000000 0.001224711580527 0.000633089554867 -0.001331031186460
108 8 21.429393533100004 14.205296485600002 3.402136381700000 0.001132298760731 -0.000755385428999 0.001532656856872
124 8 19.180698912699995 13.670555930200003 4.968234320200000 0.000437762280880 0.002013194150692 0.001368686704131
148 8 21.429391484400018 12.372258443900009 1.296153622799999 0.001352291238033 0.000649209349905 -0.001526018981612
60 7 24.934923971800007 14.396182340700005 5.481345370700000 0.008251350712483 -0.001720094767022 -0.001801035386721
68 8 24.604313256200001 12.372276697200000 5.994451122499998 -0.004136834910229 -0.001278392763742 -0.000872026691686
84 8 24.604302760000003 14.205300304100005 3.402138567200000 -0.003614771000472 -0.000824361820469 -0.000281433468340
29 1 9.590346111300004 5.537003285800003 8.613538384300000 0.001687305071659 0.000346219406682 0.001859256033744
157 8 11.508430567900000 4.047833987800002 7.560555002900000 -0.000550266369283 -0.001380665067571 -0.002179895175920
165 8 7.672298157300002 4.429594165800001 7.830487589900000 -0.000776249764528 0.001315088021709 -0.006717999926038
173 8 9.259725682700003 5.346106031900003 11.232641519100001 -0.001774828533640 -0.000755741164228 0.000787547338922
13 1 13.426498927400001 5.536998376400002 8.613533801700001 0.000288397682962 0.000059475402792 0.000235041702738
30 1 17.262629481500003 5.537003285800003 8.613538384300000 -0.000733643354326 -0.000546658071208 0.000965739250718
117 8 13.757107442800002 5.346108186800002 11.232628962800000 0.001899712090093 -0.000437914161949 0.001287546510918
166 8 15.344581527500001 4.429594165800001 7.830487589900000 -0.000030476881104 0.000453327674949 0.000101040929255
174 8 16.932009052900007 5.346106031900003 11.232641519100001 -0.001592160074039 -0.000640210266887 0.001197405046915
14 1 21.098782297600003 5.536998376400002 8.613533801700001 -0.001076049172456 -0.000372512935084 0.005059049388866
118 8 21.429390813000005 5.346108186800002 11.232628962800000 0.001727324314616 -0.000515035036756 0.000809924424418
158 8 19.180713938100002 4.047833987800002 7.560555002900000 0.000778934208012 0.001825585562825 -0.003737321663125
5 1 11.508418611100007 6.644402959900002 11.745737660500000 0.000061427002064 -0.000594555645075 0.000500160004861
21 1 11.508416103199998 8.859196511800004 8.613540438400001 0.000801181649980 0.001355376471198 -0.000540164340406
125 8 11.508415542500003 9.240961061100004 11.232627459799998 0.000392599791571 0.001879232743043 0.001779620809163
133 8 11.508426393700002 6.644398071300002 9.396583635799999 -0.000625143724849 -0.000361069166654 -0.000505594102501
141 8 9.259738667500002 7.942686862000003 7.560553499600000 -0.001963363866828 0.000045706313280 -0.002202514625253
167 8 11.508439842400001 11.073986469400005 7.830487589900000 -0.001152048822261 -0.001104574440680 0.001342158593252
37 7 13.426485478099996 9.966594381700006 11.745734611600000 -0.000103699473759 0.000447134440101 -0.002133181419043
45 7 15.344568302600001 6.644396246400003 11.745727975299999 -0.000252584390751 -0.001116067445235 0.000353522339549
53 7 15.344568726799995 8.859188158300002 8.613540254699998 -0.000660680426660 0.001876532913991 -0.000674945661859
61 7 17.262640601600001 9.966587471600000 11.745738510299995 0.000021995425727 0.000295558255674 -0.001163128012259
69 8 16.932029886000002 7.942681828100003 12.258844262099997 -0.001755939173623 0.000747301548761 -0.000712537818111
77 8 15.344574537800005 10.692224600700005 12.258847990200001 -0.000520111429860 -0.002000471239308 -0.000219688382401
85 8 16.932019389799990 9.775705435000003 9.666531706799999 -0.000455647217883 -0.000729345936717 0.001084524731859
93 8 13.757112196700007 7.942669457500004 12.258833442600000 0.001330311249170 0.001173410046658 -0.000062533450162
101 8 15.344565511000003 7.026158843900003 9.666525792999996 0.000000349471838 0.001463403676757 0.001617067399081
109 8 13.757110162900005 9.775701616500001 9.666529521300001 0.001322385292751 -0.001690786899138 0.002675911411528
142 8 16.932022037700005 7.942686862000003 7.560553499600000 -0.000914024167510 0.000329319239711 -0.002204261516431
149 8 13.757108114200001 7.942663574800001 7.560546762400000 0.001599863543786 0.000420160635281 -0.001292948770088
159 8 15.344572253000006 10.692226291400004 7.560555002900000 0.001487021121476 -0.003447308323387 -0.000067433876062
6 1 19.180701981300004 6.644402959900002 11.745737660500000 0.000107563445045 -0.000296092217789 0.000307132237638
22 1 19.180699473400011 8.859196511800004 8.613540438400001 -0.000301409253399 0.000973522537106 0.000567111178238
38 7 21.098768848300008 9.966594381700006 11.745734611600000 0.000279149445157 0.000105347617733 0.000207051646550
46 7 23.016851672800001 6.644396246400003 11.745727975299999 -0.000104524772687 -0.000284296234963 0.001403110780051
54 7 23.016852096999990 8.859188158300002 8.613540254699998 0.000923801951256 0.002038231601252 0.001050063443526
78 8 23.016857907999999 10.692224600700005 12.258847990200001 -0.000325565925518 -0.001987297952522 -0.001210846666286
94 8 21.429395566900006 7.942669457500004 12.258833442600000 0.001472200600205 0.001082245675825 -0.001504719944000
102 8 23.016848881199998 7.026158843900003 9.666525792999996 -0.000232544645087 0.001352208456068 0.000647274882570
110 8 21.429393533100001 9.775701616500001 9.666529521300001 0.001376696560404 -0.001353950370071 0.001151037469750
126 8 19.180698912700002 9.240961061100004 11.232627459799998 0.000129188611073 0.001885858583330 0.001296010135195
134 8 19.180709763900005 6.644398071300002 9.396583635799999 0.000773728226660 -0.000132298584295 -0.000702057746126
150 8 21.429391484400004 7.942663574800001 7.560546762400000 0.000898454034382 -0.001061830244955 -0.003488197899969
160 8 23.016855623200005 10.692226291400004 7.560555002900000 -0.000572347859136 -0.002736779887733 -0.001441667445292
168 8 19.180723212599993 11.073986469400005 7.830487589900000 0.000016359836922 -0.000585559366593 0.000137205151191
62 7 24.934923971800000 9.966587471600000 11.745738510299995 -0.000389428863765 0.000421309931352 -0.000817832591191
70 8 24.604313256200005 7.942681828100003 12.258844262099997 -0.001803478225082 0.000784659401607 -0.001506797943384
86 8 24.604302759999996 9.775705435000003 9.666531706799999 -0.001641636296918 -0.001245539378555 0.001096142255401
7 1 15.344560296200003 13.288795263500004 11.745737660500000 -0.000079820265292 0.000209268993965 -0.001196415309021
15 1 17.262640612500000 12.181390680000009 8.613533801700001 -0.001150700208914 0.000504612179901 -0.000805608624665
23 1 15.344557788300000 15.503588815399999 8.613540438400001 -0.001904815750948 -0.003973637593043 -0.000481930444042
31 1 13.426487796399995 12.181395589400003 8.613538384300000 0.000041452371080 0.001783570533649 -0.003993631923778
39 7 17.262627163200005 16.610986685300006 11.745734611600000 0.000407612868223 -0.000114966856881 0.001032859576292
95 8 17.593253881800010 14.587061761100006 12.258833442600000 0.001485484483182 0.000770529412098 -0.001402725681843
111 8 17.593251848000001 16.420093920100001 9.666529521300001 0.001378321334465 -0.000445448717459 0.001047339719271
119 8 17.593249127900002 11.990500490400001 11.232628962800000 0.001924406285407 -0.001061988063268 0.001602394649116
127 8 15.344557227600006 15.885353364700006 11.232627459799998 0.000240428598208 0.001935599573284 0.001447375274539
135 8 15.344568078800005 13.288790374900007 9.396583635799999 0.001062247597084 0.000342663694958 0.001124064539122
143 8 13.095880352600002 14.587079165600008 7.560553499600000 -0.002216608935838 0.000621577536229 0.010433157287390
151 8 17.593249799300004 14.587055878400003 7.560546762400000 0.002202476325734 0.001424750316374 -0.001321257961696
175 8 13.095867367800004 11.990498335500007 11.232641519100001 -0.001630314923400 -0.001337886708939 0.002410293566276
8 1 23.016843666400000 13.288795263500004 11.745737660500000 0.000088851714792 0.000155705677640 -0.000169751182582
24 1 23.016841158500000 15.503588815399999 8.613540438400001 0.000871059473573 -0.000572805266411 -0.000514284628239
32 1 21.098771166600002 12.181395589400003 8.613538384300000 0.000372698898666 0.000317221624495 -0.000014719808760
47 7 19.180709987699998 13.288788550000005 11.745727975299999 -0.000013349862898 0.000284679990763 0.000325514135185
55 7 19.180710411900002 15.503580461900007 8.613540254699998 0.000208770693033 -0.000438559894843 0.000194547031919
63 7 21.098782286700004 16.610979775200004 11.745738510299995 -0.000073230340962 0.000258165552005 0.001217518309171
71 8 20.768171571100002 14.587074131700003 12.258844262099997 -0.001898476814393 0.000150565852729 -0.001597446100756
79 8 19.180716222899996 17.336616904300001 12.258847990200001 -0.000515658271539 -0.001874008229579 -0.002107666850885
87 8 20.768161074900000 16.420097738599999 9.666531706799999 -0.001454018564609 -0.000665889908407 0.000785904056912
103 8 19.180707196099995 13.670551147500003 9.666525792999996 -0.000012192021959 0.001594035855671 0.001552664899331
128 8 23.016840597800005 15.885353364700006 11.232627459799998 0.000301570945505 0.001775724389338 0.001278303140484
136 8 23.016851449000004 13.288790374900007 9.396583635799999 -0.000578040304495 -0.000240021791888 0.000454541604249
144 8 20.768163722800004 14.587079165600008 7.560553499600000 -0.001967992582143 0.000863645913505 -0.001435130928886
176 8 20.768150737999996 11.990498335500007 11.232641519100001 -0.001774974712163 -0.001069948794291 0.001344680932502
16 1 24.934923982700003 12.181390680000009 8.613533801700001 0.001163050287852 0.000896418060407 -0.001216512719084
40 7 24.934910533400007 16.610986685300006 11.745734611600000 -0.000073136025948 -0.000245407772346 0.000165473657564
48 7 26.852993357900004 13.288788550000005 11.745727975299999 -0.000127833947242 0.000324999970359 -0.001561648251452
56 7 26.852993782099993 15.503580461900007 8.613540254699998 0.002569219108379 -0.004973309689731 -0.003211471895457
64 7 28.771065656899999 16.610979775200004 11.745738510299995 -0.000228393783085 -0.000212449944982 -0.000225405630567
72 8 28.440454941300004 14.587074131700003 12.258844262099997 -0.001726301656774 0.000647250846384 -0.000994253538119
80 8 26.852999593099998 17.336616904300001 12.258847990200001 -0.000147014782550 -0.001804146185387 -0.001379748960204
88 8 28.440444445099999 16.420097738599999 9.666531706799999 -0.000813883965845 0.000784970418384 0.002269993014662
96 8 25.265537252000023 14.587061761100006 12.258833442600000 0.001675904674617 0.000890853766210 -0.001161665657438
104 8 26.852990566300001 13.670551147500003 9.666525792999996 -0.000609572325762 0.001427613854588 0.003262646521160
112 8 25.265535218199997 16.420093920100001 9.666529521300001 0.000957925319254 -0.000011197272164 0.002001227156618
120 8 25.265532498100001 11.990500490400001 11.232628962800000 0.001701808434036 -0.001027100215957 0.001843354069476
152 8 25.265533169500006 14.587055878400003 7.560546762400000 0.000579547304541 0.001310746667833 0.000277348833215
