ITEM: TIMESTEP
0
ITEM: NUMBER OF ATOMS
176
ITEM: BOX BOUNDS xy xz yz pp pp pp
0.0000000000000000e+00 3.0689133480799999e+01 7.6722833701999980e+00
0.0000000000000000e+00 1.7718379476200003e+01 7.6722833702000024e+00
0.0000000000000000e+00 1.2528786279200000e+01 4.4295948690000015e+00
ITEM: ATOMS id type x y z fx fy fz
25 1 5.754204426199998 3.322205851300000 2.349145244699999 0.001092258824969 -0.001809688019020 0.001155490552573
137 8 5.423596982400004 5.727889427500000 1.296160360000000 -0.001245299341108 0.001099122168432 -0.001490844403514
161 8 3.836156472199998 2.214796731300001 1.566094450300000 -0.000655175553599 0.000185915670557 -0.000389718729128
169 8 5.423583997600000 3.131308597400002 4.968248379499999 -0.003058903298592 0.001895123400408 0.000762127693778
1 1 7.672276926000002 4.429605525400001 5.481344520900000 -0.008728081867326 -0.013417141522625 -0.000196046681884
9 1 9.590357242299998 3.322200941900001 2.349140662099999 -0.008492177565544 -0.013590656709919 -0.000848738901283
41 7 11.508426617500000 4.429598811900002 5.481334835700000 -0.017214630383268 -0.024699101953567 -0.001493733181651
89 8 9.920970511600007 5.727872023000002 5.994440303000000 0.010012033631001 -0.021732858836827 -0.010770991596196
97 8 11.508423825899998 4.811361409400002 3.402132653400000 -0.010017497681999 -0.010376909054471 0.022308568913865
113 8 9.915965757699988 3.122650498262166 4.968235823200000 0.089139215317869 0.158105089554506 -0.001329675762913
129 8 7.672284708600001 4.429600636800002 3.132190496199999 0.002157934583992 0.002476396268999 0.000524707012935
145 8 9.920966429100000 5.727866140300000 1.296153622799999 0.003630494426858 0.001410283117969 0.001409697822995
153 8 7.672288882800000 1.833036553300000 1.296161863300000 -0.000383038819650 0.000341820761507 -0.003936196415365
162 8 11.508439842400000 2.214796731300001 1.566094450300000 0.001168262996012 0.002570721606798 -0.000187972748494
2 1 15.344560296200001 4.429605525400001 5.481344520900000 0.005615938743198 -0.001200273858061 0.000002862712900
10 1 17.262640612500000 3.322200941900001 2.349140662099999 0.001230820936696 -0.000557341498805 -0.000343727285764
26 1 13.426487796400002 3.322205851300000 2.349145244699999 0.002699178836851 -0.004077864586655 -0.004318766529157
65 8 13.095888200900001 5.727884393600002 5.994451122499998 -0.022483260668472 -0.017863001834764 -0.007556407819309
90 8 17.593253881800006 5.727872023000002 5.994440303000000 0.000297680449949 0.000842135634678 -0.001251595876475
114 8 17.593249127900009 3.131310752300001 4.968235823200000 0.000699916493700 -0.000366290201660 0.001454977095931
130 8 15.344568078800005 4.429600636800002 3.132190496199999 -0.001715397423829 0.000156935834910 0.001119245859730
138 8 13.095880352600009 5.727889427500000 1.296160360000000 -0.003356087758814 0.000449166364897 0.001478337235568
146 8 17.593249799300011 5.727866140300000 1.296153622799999 0.001328651523517 0.000971676342941 -0.001235659929331
154 8 15.344572252999999 1.833036553300000 1.296161863300000 -0.000302988422422 -0.001281165180048 -0.001455907025817
170 8 13.095867367800004 3.131308597400002 4.968248379499999 -0.011768406504833 0.008665659030441 0.003123085094142
42 7 19.180709987699998 4.429598811900002 5.481334835700000 0.001721130925587 -0.001509057254697 0.000098031053063
66 8 20.768171571100002 5.727884393600002 5.994451122499998 -0.001441119549198 0.001023164946386 -0.001477252536761
98 8 19.180707196099995 4.811361409400002 3.402132653400000 -0.000183442301999 0.001997793722468 0.001516549697255
3 1 11.508418611100000 11.073997829000001 5.481344520900000 0.001522435616365 0.002312496055915 -0.000071758117218
17 1 7.672274418099999 6.644399077300000 2.349147298800000 -0.001804231464969 -0.000277194021064 -0.001120471570222
27 1 9.590346111300001 9.966598154900002 2.349145244699999 -0.000114242620658 0.001320415628602 -0.000689977227939
33 7 9.590343793000001 7.751796947200008 5.481341472000000 -0.003627326963916 0.010789563028755 -0.002041015813464
49 7 11.508427041700001 6.644390723800001 2.349147115100000 -0.000582501449908 0.009113877276304 -0.007650707232314
73 8 11.508432852700000 8.477427166200002 5.994454850600000 -0.000932380917315 -0.004686935933700 -0.001850669118519
105 8 9.920968477800001 7.560904182000002 3.402136381700000 0.002912850511315 -0.002745514997394 0.003048640783629
121 8 7.672273857400003 7.026163626600007 4.968234320200000 0.003552120324563 0.001466768129095 0.001825530652217
131 8 11.508426393700001 11.073992940400007 3.132190496199999 -0.000540926703977 -0.000975547330680 0.000092447012698
155 8 11.508430567899998 8.477428856900005 1.296161863300000 -0.000062227659278 -0.004458509667146 0.000429582405266
163 8 7.672298157300000 8.859189034900005 1.566094450300000 0.000352715375717 -0.000511182858331 0.000473968772460
171 8 9.259725682700001 9.775700901000002 4.968248379499999 -0.000719507425123 -0.004070616795333 0.001831710893903
11 1 13.426498927399999 9.966593245500007 2.349140662099999 0.001275465903803 0.002417950323091 0.000064342783043
18 1 15.344557788300000 6.644399077300000 2.349147298800000 0.001892492292363 0.001158540429373 -0.001346612747842
28 1 17.262629481500003 9.966598154900002 2.349145244699999 0.000152066028960 0.002377894833475 0.001192400455299
34 7 17.262627163200005 7.751796947200008 5.481341472000000 0.001886059079686 0.002903324632971 -0.000175565474238
43 7 15.344568302600003 11.073991115500002 5.481334835700000 0.007771093026679 0.009163016766109 0.001834575946176
57 7 13.426498916499998 7.751790037100004 5.481345370700000 0.003775627915145 0.011486773931805 -0.001572634901750
81 8 13.095877704700001 7.560908000500002 3.402138567200000 -0.003074134298275 -0.003252107111826 0.002347440107991
99 8 15.344565510999997 11.455753713000002 3.402132653400000 -0.001265614964211 -0.000715512315623 0.000620580653663
106 8 17.593251848000001 7.560904182000002 3.402136381700000 0.000792189106679 -0.001246844085514 0.001280062950357
115 8 13.757107442799997 9.775703055900001 4.968235823200000 -0.001208205319899 -0.006019032412564 0.001370965209536
122 8 15.344557227600001 7.026163626600007 4.968234320200000 -0.002943471606385 0.000438488007570 0.002223457387111
164 8 15.344581527500001 8.859189034900005 1.566094450300000 -0.000658434510801 -0.001059220479483 0.000075001381352
172 8 16.932009052900014 9.775700901000002 4.968248379499999 -0.001367506452406 -0.004433996524209 0.000434638356869
4 1 19.180701981300000 11.073997829000001 5.481344520900000 -0.003607263566002 0.003856699234651 -0.000138032467426
12 1 21.098782297600000 9.966593245500007 2.349140662099999 -0.001288386929949 0.000878139425220 0.000478437622527
44 7 23.016851672799998 11.073991115500002 5.481334835700000 -0.001698749534871 0.001202260901151 0.000358283719885
50 7 19.180710411899998 6.644390723800001 2.349147115100000 -0.000171124722441 0.000249051733637 0.000019387428178
58 7 21.098782286699997 7.751790037100004 5.481345370700000 -0.002218417943590 0.001142695421542 0.000271554190127
74 8 19.180716222899989 8.477427166200002 5.994454850600000 0.000444761256973 -0.003144089766211 -0.001170278206568
82 8 20.768161074900000 7.560908000500002 3.402138567200000 -0.000844802035388 -0.001240466730692 0.001621242604611
100 8 23.016848881199998 11.455753713000002 3.402132653400000 0.000436041763549 0.001519341640543 0.001589784231491
116 8 21.429390813000008 9.775703055900001 4.968235823200000 0.002864540330305 -0.001635188219844 0.001392200335435
132 8 19.180709763900005 11.073992940400007 3.132190496199999 0.000955806204504 -0.001437962995013 -0.001000359633713
156 8 19.180713938099998 8.477428856900005 1.296161863300000 0.000100348044516 -0.002160721267147 -0.001779776821563
19 1 11.508416103199997 13.288791380900006 2.349147298800000 0.001474818505003 0.000378259964348 0.000655783181435
123 8 11.508415542500002 13.670555930200003 4.968234320200000 -0.002919697859177 0.001102172141781 0.000884019379835
139 8 9.259738667499999 12.372281731100001 1.296160360000000 -0.001676776449811 0.000631698674959 -0.001589898940658
35 7 13.426485478100000 14.396189250800001 5.481341472000000 0.011618863096442 0.001950527247718 0.002097475822962
51 7 15.344568726800000 13.288783027399999 2.349147115100000 0.007868005913745 0.004198357364820 0.007585058664142
59 7 17.262640601600001 14.396182340700005 5.481345370700000 -0.013572311050379 -0.028909326425990 0.002086241342772
67 8 16.932029885999999 12.372276697200000 5.994451122499998 -0.007760067400034 -0.027560713728218 0.004888455073423
75 8 15.344574537799998 15.121819469800011 5.994454850600000 -0.024871637641070 -0.005728843688552 0.007667076390282
83 8 16.932019389799994 14.205300304100005 3.402138567200000 -0.007573426795040 -0.015517667007521 -0.019880163905994
91 8 13.757112196700003 12.372264326600002 5.994440303000000 -0.000531204531250 -0.000931199595223 -0.000950062114056
107 8 13.757110162900000 14.205296485600002 3.402136381700000 -0.000478939937043 -0.000422936335147 0.000150485300621
140 8 16.932022037700008 12.372281731100001 1.296160360000000 -0.001166910637721 -0.000840628053836 -0.004507799314055
147 8 13.757108114200003 12.372258443900009 1.296153622799999 -0.000479414058347 -0.000318004829714 -0.003388831382624
20 1 19.180699473400008 13.288791380900006 2.349147298800000 -0.004806358788590 0.000110723862670 0.004231677097862
36 7 21.098768848300001 14.396189250800001 5.481341472000000 -0.004927775625339 -0.010478233500774 0.000094920429338
52 7 23.016852096999997 13.288783027399999 2.349147115100000 -0.000394416159520 -0.000356008515598 -0.000045363284821
76 8 23.016857907999988 15.121819469800011 5.994454850600000 -0.000821819729978 -0.000291453534408 -0.001545817115675
92 8 21.429395566900006 12.372264326600002 5.994440303000000 0.003434009080450 0.001189508005319 -0.001084447413050
108 8 21.429393533100004 14.205296485600002 3.402136381700000 0.002850443310416 0.000925684400564 0.001481040994634
124 8 19.180698912699995 13.670555930200003 4.968234320200000 0.014507745616999 -0.003369140072347 -0.000218744197584
148 8 21.429391484400018 12.372258443900009 1.296153622799999 0.002422417003704 0.000936132398798 -0.001587565713311
60 7 24.934923971800007 14.396182340700005 5.481345370700000 0.001791075110892 -0.000600817636362 -0.000103964256726
68 8 24.604313256200001 12.372276697200000 5.994451122499998 -0.001943410528199 0.000348227874165 -0.001422557630194
84 8 24.604302760000003 14.205300304100005 3.402138567200000 -0.001919036016232 -0.000788922482428 0.001425785693213
29 1 9.590346111300004 5.537003285800003 8.613538384300000 -0.003228735398649 -0.000655398023583 0.005361420414583
157 8 11.508430567900000 4.047833987800002 7.560555002900000 -0.000855531887162 0.002356397268798 -0.015025698834311
165 8 7.672298157300002 4.429594165800001 7.830487589900000 0.001109682187456 0.002604556162654 -0.000092326609494
173 8 9.259725682700003 5.346106031900003 11.232641519100001 -0.001462212311222 -0.000603444454765 0.000765818556733
13 1 13.426498927400001 5.536998376400002 8.613533801700001 0.002369057053769 0.000637152121103 0.005037750536337
30 1 17.262629481500003 5.537003285800003 8.613538384300000 0.001302337355443 0.000196731561349 0.000574801473499
117 8 13.757107442800002 5.346108186800002 11.232628962800000 0.001446262601300 -0.000797190885317 0.000236202881501
166 8 15.344581527500001 4.429594165800001 7.830487589900000 -0.001540857558757 0.000734722063936 -0.001126135552189
174 8 16.932009052900007 5.346106031900003 11.232641519100001 -0.001658586762477 -0.000648804956168 0.000880912957610
14 1 21.098782297600003 5.536998376400002 8.613533801700001 -0.000541851757054 -0.000695763306006 -0.000021154326711
118 8 21.429390813000005 5.346108186800002 11.232628962800000 0.002009391823282 -0.000518156391579 0.001396465950200
158 8 19.180713938100002 4.047833987800002 7.560555002900000 -0.000320311293833 -0.001429946466024 -0.001633195410652
5 1 11.508418611100007 6.644402959900002 11.745737660500000 0.000308044204411 0.000012578016286 0.001430371195303
21 1 11.508416103199998 8.859196511800004 8.613540438400001 0.000273928961864 0.002092987235099 0.001296485692140
125 8 11.508415542500003 9.240961061100004 11.232627459799998 0.000114638419049 0.001683783639121 0.001034650639038
133 8 11.508426393700002 6.644398071300002 9.396583635799999 0.000037139627704 -0.000854879260768 -0.001742629174945
141 8 9.259738667500002 7.942686862000003 7.560553499600000 -0.000064055730553 -0.001451452381818 -0.003897632792443
167 8 11.508439842400001 11.073986469400005 7.830487589900000 -0.000636815274481 -0.001071716396662 0.000039672831142
37 7 13.426485478099996 9.966594381700006 11.745734611600000 0.000281943073394 -0.000094685007604 -0.000083074450460
45 7 15.344568302600001 6.644396246400003 11.745727975299999 0.000247527476259 -0.000658278931483 0.002504383410975
53 7 15.344568726799995 8.859188158300002 8.613540254699998 0.001420857277115 0.003254036157187 -0.000053290752030
61 7 17.262640601600001 9.966587471600000 11.745738510299995 -0.000701705052477 0.000267046673482 -0.002205203140092
69 8 16.932029886000002 7.942681828100003 12.258844262099997 -0.001546722254956 0.001084141523310 -0.001304811191902
77 8 15.344574537800005 10.692224600700005 12.258847990200001 0.000170039116269 -0.002024697913947 -0.000736672583236
85 8 16.932019389799990 9.775705435000003 9.666531706799999 -0.001384636884989 -0.001889594872981 0.002517747291008
93 8 13.757112196700007 7.942669457500004 12.258833442600000 0.001524717859208 0.001219885269567 -0.001644161598297
101 8 15.344565511000003 7.026158843900003 9.666525792999996 -0.000585479158992 0.001143727001931 0.000561888946323
109 8 13.757110162900005 9.775701616500001 9.666529521300001 0.000841116309963 -0.001275083851562 0.001200150625912
142 8 16.932022037700005 7.942686862000003 7.560553499600000 -0.001953446259247 0.000078858148167 -0.001563783133239
149 8 13.757108114200001 7.942663574800001 7.560546762400000 0.000410762190711 -0.001509277246806 -0.003541834465519
159 8 15.344572253000006 10.692226291400004 7.560555002900000 -0.001631855909366 -0.004289856888826 0.000537547422671
6 1 19.180701981300004 6.644402959900002 11.745737660500000 -0.000354871066102 -0.000766540765214 -0.000059286238137
22 1 19.180699473400011 8.859196511800004 8.613540438400001 -0.000675585637745 0.001015772007822 -0.000886405432182
38 7 21.098768848300008 9.966594381700006 11.745734611600000 0.000507535095762 0.000140300588416 -0.002352721154400
46 7 23.016851672800001 6.644396246400003 11.745727975299999 -0.000038686209196 -0.000657768989984 0.000524169798855
54 7 23.016852096999990 8.859188158300002 8.613540254699998 -0.001843490794753 0.001579828671819 0.000849324734504
78 8 23.016857907999999 10.692224600700005 12.258847990200001 -0.000559098707426 -0.002069538756594 -0.000768326215983
94 8 21.429395566900006 7.942669457500004 12.258833442600000 0.001602568848056 0.001265611851414 -0.000532265106218
102 8 23.016848881199998 7.026158843900003 9.666525792999996 0.000776554183902 0.001534238500535 0.001187911110504
110 8 21.429393533100001 9.775701616500001 9.666529521300001 0.001111663744473 -0.000669212126577 0.001211528665759
126 8 19.180698912700002 9.240961061100004 11.232627459799998 0.000292969737380 0.002031081364716 0.001844926726471
134 8 19.180709763900005 6.644398071300002 9.396583635799999 -0.000083421451339 0.000016398281391 0.000021886979731
150 8 21.429391484400004 7.942663574800001 7.560546762400000 0.002179680468673 0.000930656471945 -0.001523833009825
160 8 23.016855623200005 10.692226291400004 7.560555002900000 0.000347112579259 -0.002348204500274 -0.001650768979396
168 8 19.180723212599993 11.073986469400005 7.830487589900000 0.001508652396802 -0.001166613800006 0.001413539709131
62 7 24.934923971800000 9.966587471600000 11.745738510299995 0.000387273246782 0.000395951540505 0.000273664993074
70 8 24.604313256200005 7.942681828100003 12.258844262099997 -0.001894605609479 0.000628054782704 -0.001485926912500
86 8 24.604302759999996 9.775705435000003 9.666531706799999 -0.001248183931784 -0.001473419920786 0.001057560190569
7 1 15.344560296200003 13.288795263500004 11.745737660500000 0.000134115606609 0.000094007709334 -0.001577286277489
15 1 17.262640612500000 12.181390680000009 8.613533801700001 -0.000897708274676 0.002255217124876 -0.004829893028905
23 1 15.344557788300000 15.503588815399999 8.613540438400001 0.001176695880139 -0.003343562042094 -0.005538628918756
31 1 13.426487796399995 12.181395589400003 8.613538384300000 0.001861114862570 0.001391163465960 -0.001598466143907
39 7 17.262627163200005 16.610986685300006 11.745734611600000 -0.000057249606340 -0.000632828454391 0.000041601347518
95 8 17.593253881800010 14.587061761100006 12.258833442600000 0.001756132143036 0.000965509171015 -0.000937235014103
111 8 17.593251848000001 16.420093920100001 9.666529521300001 0.002661473918384 0.001034777168150 0.001789618241952
119 8 17.593249127900002 11.990500490400001 11.232628962800000 0.002111005409692 -0.001200139165442 0.002622693446052
127 8 15.344557227600006 15.885353364700006 11.232627459799998 0.000364000317344 0.002135827008993 0.002061732325553
135 8 15.344568078800005 13.288790374900007 9.396583635799999 -0.000818331280157 -0.000413665025809 0.001896771049231
143 8 13.095880352600002 14.587079165600008 7.560553499600000 -0.004229346816439 0.000927506130996 0.000493080014535
151 8 17.593249799300004 14.587055878400003 7.560546762400000 0.006043091434405 0.001506561658842 0.013315793615759
175 8 13.095867367800004 11.990498335500007 11.232641519100001 -0.001778892863927 -0.001067247695199 0.001617721948206
8 1 23.016843666400000 13.288795263500004 11.745737660500000 0.000312103514038 0.000318451807812 -0.000088763234579
24 1 23.016841158500000 15.503588815399999 8.613540438400001 0.000583615556581 -0.001279633622733 0.000696230332843
32 1 21.098771166600002 12.181395589400003 8.613538384300000 -0.001237972911204 0.000098122862505 -0.000945929542232
47 7 19.180709987699998 13.288788550000005 11.745727975299999 -0.000467205888565 0.000491201926353 -0.001652789220186
55 7 19.180710411900002 15.503580461900007 8.613540254699998 -0.005628203656543 -0.009991349156391 0.000601167467438
63 7 21.098782286700004 16.610979775200004 11.745738510299995 0.000493116309600 0.000148567285497 0.002015590181547
71 8 20.768171571100002 14.587074131700003 12.258844262099997 -0.001948049696589 0.000350913671210 -0.001414981324860
79 8 19.180716222899996 17.336616904300001 12.258847990200001 -0.000396327225020 -0.001866380854385 -0.001761485657487
87 8 20.768161074900000 16.420097738599999 9.666531706799999 -0.001501043642711 0.000299041693250 0.000264047323990
103 8 19.180707196099995 13.670551147500003 9.666525792999996 0.001219462023112 0.002259783206270 0.002903223740715
128 8 23.016840597800005 15.885353364700006 11.232627459799998 -0.000158077836015 0.001765948739874 0.000800404909183
136 8 23.016851449000004 13.288790374900007 9.396583635799999 0.000065824501719 0.000163833180083 0.000061153927754
144 8 20.768163722800004 14.587079165600008 7.560553499600000 -0.000547635473929 0.002159588584415 -0.001438646606667
176 8 20.768150737999996 11.990498335500007 11.232641519100001 -0.001604304219772 -0.001213007314185 0.001864615888568
16 1 24.934923982700003 12.181390680000009 8.613533801700001 0.000080778357888 0.000414860583691 0.000021794082197
40 7 24.934910533400007 16.610986685300006 11.745734611600000 0.000207046719614 0.000332098648655 0.001902250122291
48 7 26.852993357900004 13.288788550000005 11.745727975299999 -0.000058636048693 0.000243825045476 0.000193175470526
56 7 26.852993782099993 15.503580461900007 8.613540254699998 0.001535632563334 -0.000352798589877 -0.000904711631090
64 7 28.771065656899999 16.610979775200004 11.745738510299995 -0.000420973832660 -0.000049091624222 -0.000063935419522
72 8 28.440454941300004 14.587074131700003 12.258844262099997 -0.001677396852420 0.000489570386190 -0.001303949362408
80 8 26.852999593099998 17.336616904300001 12.258847990200001 0.000073224599789 -0.001785348818513 -0.001911771061783
88 8 28.440444445099999 16.420097738599999 9.666531706799999 -0.001783570742884 -0.000515000675818 0.001821038487085
96 8 25.265537252000023 14.587061761100006 12.258833442600000 0.001680030427245 0.000451415614699 -0.001594741928960
104 8 26.852990566300001 13.670551147500003 9.666525792999996 -0.000287276420769 0.001378924488581 0.001989147600474
112 8 25.265535218199997 16.420093920100001 9.666529521300001 0.000725114963872 -0.000484991067274 0.000909695248284
120 8 25.265532498100001 11.990500490400001 11.232628962800000 0.001789823729254 -0.000932187299408 0.001408393589649
152 8 25.265533169500006 14.587055878400003 7.560546762400000 0.001024750843609 0.001071839103242 -0.001418998632326
