ITEM: TIMESTEP
0
ITEM: NUMBER OF ATOMS
176
ITEM: BOX BOUNDS xy xz yz pp pp pp
0.0000000000000000e+00 3.0689133480799999e+01 7.6722833701999980e+00
0.0000000000000000e+00 1.7718379476200003e+01 7.6722833702000024e+00
0.0000000000000000e+00 1.2528786279200000e+01 4.4295948690000015e+00
ITEM: ATOMS id type x y z fx fy fz
25 1 5.754204426199998 3.322205851300000 2.349145244699999 0.003154633300990 -0.000386098291946 0.001915110740531
137 8 5.423596982400004 5.727889427500000 1.296160360000000 -0.001981190322579 0.001286293216845 -0.002007762993938
161 8 3.836156472199998 2.214796731300001 1.566094450300000 -0.001132916603904 0.000121225294599 -0.000659409583633
169 8 5.423583997600000 3.131308597400002 4.968248379499999 -0.004568717394161 -0.000113469488962 0.001244422687253
1 1 7.672276926000002 4.429605525400001 5.481344520900000 0.015625827096014 -0.015074226483280 -0.004271456751790
9 1 9.590357242299998 3.322200941900001 2.349140662099999 -0.000120803520076 -0.006020019131010 0.021176135251968
41 7 11.513426617500020 4.438259065937839 5.481334835700000 -0.097578172215898 -0.136689390919693 -0.011114694280949
89 8 9.920970511600007 5.727872023000002 5.994440303000000 0.006119996487779 0.018670670418191 0.000454878916665
97 8 11.508423825899998 4.811361409400002 3.402132653400000 0.008865725950248 0.016877654380017 -0.003657631114261
113 8 9.920965757699999 3.131310752300001 4.968235823200000 0.025647409428871 0.019282139170700 0.008871207430170
129 8 7.672284708600001 4.429600636800002 3.132190496199999 -0.004272311008633 0.003384349526001 -0.003733978513755
145 8 9.920966429100000 5.727866140300000 1.296153622799999 0.005120571618493 0.003285737283829 0.000499211042568
153 8 7.672288882800000 1.833036553300000 1.296161863300000 -0.001324074898117 -0.001995283719752 -0.004382889534452
162 8 11.508439842400000 2.214796731300001 1.566094450300000 0.002748424004123 0.001063184568984 -0.002229080332500
2 1 15.344560296200001 4.429605525400001 5.481344520900000 0.015685940533520 -0.015190706124323 -0.004292505194201
10 1 17.262640612500000 3.322200941900001 2.349140662099999 0.001278848711640 -0.001385727551094 -0.000606375227086
26 1 13.426487796400002 3.322205851300000 2.349145244699999 -0.002275764793210 -0.007559156280333 0.001189779251335
65 8 13.095888200900001 5.727884393600002 5.994451122499998 0.024899705859658 0.022811644486391 0.007079431792239
90 8 17.593253881800006 5.727872023000002 5.994440303000000 -0.001329674318443 0.001851509776871 -0.001421986454184
114 8 17.593249127900009 3.131310752300001 4.968235823200000 -0.000210068936542 0.000691596006806 0.001499451836180
130 8 15.344568078800005 4.429600636800002 3.132190496199999 -0.000107117602031 0.002675366297834 0.002679137287320
138 8 13.095880352600009 5.727889427500000 1.296160360000000 -0.002632557227207 0.002136364447771 0.001448315557603
146 8 17.593249799300011 5.727866140300000 1.296153622799999 0.000861754628667 0.001256201322725 -0.000934147258239
154 8 15.344572252999999 1.833036553300000 1.296161863300000 0.000205301858834 -0.001082258940944 -0.001904873963468
170 8 13.095867367800004 3.131308597400002 4.968248379499999 0.002706146690195 0.017005313048235 0.003211545088856
42 7 19.180709987699998 4.429598811900002 5.481334835700000 0.003915305111445 -0.002010130799072 -0.000421308035389
66 8 20.768171571100002 5.727884393600002 5.994451122499998 -0.003800873676276 0.002171364879702 -0.001308033158499
98 8 19.180707196099995 4.811361409400002 3.402132653400000 -0.000866571303677 0.002386395710267 0.001554045240863
3 1 11.508418611100000 11.073997829000001 5.481344520900000 -0.000482895785120 0.004697175688620 -0.000406661029661
17 1 7.672274418099999 6.644399077300000 2.349147298800000 -0.001458032720570 -0.003132515633006 0.000101033425409
27 1 9.590346111300001 9.966598154900002 2.349145244699999 -0.001124384159880 0.001827509781526 -0.001487818080939
33 7 9.590343793000001 7.751796947200008 5.481341472000000 -0.012600076592954 0.006683089127095 -0.001465200660676
49 7 11.508427041700001 6.644390723800001 2.349147115100000 -0.005784233158488 0.002830149179393 -0.013233159732882
73 8 11.508432852700000 8.477427166200002 5.994454850600000 0.005556915844156 -0.009058500077027 -0.002825814774855
105 8 9.920968477800001 7.560904182000002 3.402136381700000 0.004685392308382 -0.002021390563103 0.003877995080675
121 8 7.672273857400003 7.026163626600007 4.968234320200000 0.004095178139612 0.003888942467980 0.002461574057481
131 8 11.508426393700001 11.073992940400007 3.132190496199999 0.000277040135374 -0.001255902102891 0.000692455717600
155 8 11.508430567899998 8.477428856900005 1.296161863300000 0.000664876214662 -0.004128019708079 0.001583835485532
163 8 7.672298157300000 8.859189034900005 1.566094450300000 0.000601546807003 0.000154599798138 0.000390945711491
171 8 9.259725682700001 9.775700901000002 4.968248379499999 0.000681893069239 -0.004129477412097 0.001884795686232
11 1 13.426498927399999 9.966593245500007 2.349140662099999 0.000687746673988 0.003984200321564 -0.002585498664491
18 1 15.344557788300000 6.644399077300000 2.349147298800000 0.003532264817198 -0.000058144828352 -0.004759077388857
28 1 17.262629481500003 9.966598154900002 2.349145244699999 0.001424323168497 0.002154952312829 -0.000052704190135
34 7 17.262627163200005 7.751796947200008 5.481341472000000 0.007852611261226 0.003682936816483 0.000354906914797
43 7 15.344568302600003 11.073991115500002 5.481334835700000 0.005912250809626 0.008236399311407 0.001023816582298
57 7 13.426498916499998 7.751790037100004 5.481345370700000 0.012245470946205 0.048285698314461 -0.009396264824978
81 8 13.095877704700001 7.560908000500002 3.402138567200000 -0.001887648360712 -0.004562091411847 0.010031683377975
99 8 15.344565510999997 11.455753713000002 3.402132653400000 -0.001232276774212 -0.000974168025795 0.001957113243639
106 8 17.593251848000001 7.560904182000002 3.402136381700000 -0.000285577693370 -0.001238470017004 0.002747266807508
115 8 13.757107442799997 9.775703055900001 4.968235823200000 -0.001466996668799 -0.012606287627368 0.003541466125425
122 8 15.344557227600001 7.026163626600007 4.968234320200000 -0.011191658297132 -0.001668061791595 0.004563218844191
164 8 15.344581527500001 8.859189034900005 1.566094450300000 -0.001144707636130 -0.001461661384489 0.001342226874172
172 8 16.932009052900014 9.775700901000002 4.968248379499999 -0.002745732908636 -0.003718874624246 0.001423866827662
4 1 19.180701981300000 11.073997829000001 5.481344520900000 -0.000463433521671 0.004685067023659 -0.000404874625580
12 1 21.098782297600000 9.966593245500007 2.349140662099999 -0.000869376520515 0.000890766765489 0.000197286788130
44 7 23.016851672799998 11.073991115500002 5.481334835700000 -0.003521184262097 0.002790426600932 0.000962704524477
50 7 19.180710411899998 6.644390723800001 2.349147115100000 0.001280034106741 -0.000147643364054 -0.000448044469492
58 7 21.098782286699997 7.751790037100004 5.481345370700000 -0.000699148421148 0.000067396019727 0.000080476517530
74 8 19.180716222899989 8.477427166200002 5.994454850600000 -0.001985827022530 -0.003285057651285 -0.001640671371379
82 8 20.768161074900000 7.560908000500002 3.402138567200000 -0.001739449775018 -0.000974432071887 0.001531518077533
100 8 23.016848881199998 11.455753713000002 3.402132653400000 0.000779627297631 0.000935755979180 0.001750272556255
116 8 21.429390813000008 9.775703055900001 4.968235823200000 0.002385350395212 -0.001468543259412 0.001249143614822
132 8 19.180709763900005 11.073992940400007 3.132190496199999 0.000109056563716 -0.002258212764291 -0.000496509841605
156 8 19.180713938099998 8.477428856900005 1.296161863300000 -0.000260323641502 -0.002222441656065 -0.001547419125765
19 1 11.508416103199997 13.288791380900006 2.349147298800000 0.000775236428351 0.000994544327903 0.000009501593455
123 8 11.508415542500002 13.670555930200003 4.968234320200000 -0.001486310559999 0.000521810049142 0.001217080325878
139 8 9.259738667499999 12.372281731100001 1.296160360000000 -0.001065338191058 0.000261699459064 -0.001084694012086
35 7 13.426485478100000 14.396189250800001 5.481341472000000 0.007822567289587 0.003683372612350 0.000350809652738
51 7 15.344568726800000 13.288783027399999 2.349147115100000 0.005043976740244 0.005369884460538 0.004250732142379
59 7 17.262640601600001 14.396182340700005 5.481345370700000 0.012077511063107 0.047916752931491 -0.009368936109383
67 8 16.932029885999999 12.372276697200000 5.994451122499998 -0.005048033582133 -0.011078673363962 0.000721964738967
75 8 15.344574537799998 15.121819469800011 5.994454850600000 -0.011622080621474 -0.005469774937469 0.001719140783164
83 8 16.932019389799994 14.205300304100005 3.402138567200000 -0.005730326165253 -0.008673126656621 -0.007201430365045
91 8 13.757112196700003 12.372264326600002 5.994440303000000 0.000502079847719 -0.001767171235353 -0.001246420588118
107 8 13.757110162900000 14.205296485600002 3.402136381700000 0.000015735209984 -0.001368373192549 0.000787666145719
140 8 16.932022037700008 12.372281731100001 1.296160360000000 -0.001679869731400 -0.000589659546543 -0.003338355236101
147 8 13.757108114200003 12.372258443900009 1.296153622799999 0.000341667881231 -0.000544878501808 -0.002055933875431
20 1 19.180699473400008 13.288791380900006 2.349147298800000 -0.002023779550089 0.003168669078060 0.004333602157329
36 7 21.098768848300001 14.396189250800001 5.481341472000000 -0.012539629260776 0.006849001144576 -0.001500832505263
52 7 23.016852096999997 13.288783027399999 2.349147115100000 -0.002505009950926 0.001364100149801 0.001060867318171
76 8 23.016857907999988 15.121819469800011 5.994454850600000 0.003646384571238 0.000061373038611 -0.000381738198279
92 8 21.429395566900006 12.372264326600002 5.994440303000000 0.003915842184623 -0.002212018041428 -0.000774948581679
108 8 21.429393533100004 14.205296485600002 3.402136381700000 0.003936928700360 -0.001533301877171 -0.000936621217682
124 8 19.180698912699995 13.670555930200003 4.968234320200000 0.005982163724048 -0.005187948961218 0.000045819749224
148 8 21.429391484400018 12.372258443900009 1.296153622799999 0.002362330256666 0.000513558208005 -0.001999936267759
60 7 24.934923971800007 14.396182340700005 5.481345370700000 -0.000725259110121 0.000077435563696 0.000079745348205
68 8 24.604313256200001 12.372276697200000 5.994451122499998 -0.001193819871824 0.000011482874034 -0.001556549014110
84 8 24.604302760000003 14.205300304100005 3.402138567200000 -0.001271475653678 -0.000734037623698 0.001544577013296
29 1 9.590346111300004 5.537003285800003 8.613538384300000 -0.002223461755664 -0.007589033962612 0.001104413867798
157 8 11.508430567900000 4.047833987800002 7.560555002900000 0.008861807124238 0.013443702571525 -0.007165912683351
165 8 7.672298157300002 4.429594165800001 7.830487589900000 -0.000201912095056 0.002766554379737 0.002588916279295
173 8 9.259725682700003 5.346106031900003 11.232641519100001 -0.001517235158707 -0.000079346915666 0.001236669401856
13 1 13.426498927400001 5.536998376400002 8.613533801700001 -0.000141919971958 -0.006089702698702 0.021286622723356
30 1 17.262629481500003 5.537003285800003 8.613538384300000 0.003158702821298 -0.000393907576752 0.001920385407387
117 8 13.757107442800002 5.346108186800002 11.232628962800000 0.001332968825065 -0.000199280171526 -0.001020329552477
166 8 15.344581527500001 4.429594165800001 7.830487589900000 -0.004345463652929 0.003511312354508 -0.003825295638813
174 8 16.932009052900007 5.346106031900003 11.232641519100001 -0.001910588861515 -0.000628422838041 0.000267355311546
14 1 21.098782297600003 5.536998376400002 8.613533801700001 0.001286940509123 -0.001381618094949 -0.000606889829630
118 8 21.429390813000005 5.346108186800002 11.232628962800000 0.001976461707072 -0.000465175104217 0.001357563809705
158 8 19.180713938100002 4.047833987800002 7.560555002900000 -0.000941356573606 -0.001196442133872 -0.001644095373032
5 1 11.508418611100007 6.644402959900002 11.745737660500000 -0.000121524645862 -0.000540037058391 0.001947659089586
21 1 11.508416103199998 8.859196511800004 8.613540438400001 -0.002043656766511 0.003161071094125 0.004346335501281
125 8 11.508415542500003 9.240961061100004 11.232627459799998 0.000209578034972 0.001643988447055 0.000418753091976
133 8 11.508426393700002 6.644398071300002 9.396583635799999 0.002841904735583 0.000972730416337 -0.002136607290956
141 8 9.259738667500002 7.942686862000003 7.560553499600000 0.000760339412791 0.000177436321995 -0.004092239451563
167 8 11.508439842400001 11.073986469400005 7.830487589900000 0.000038558175633 -0.002144810629397 -0.000590067192341
37 7 13.426485478099996 9.966594381700006 11.745734611600000 0.000511325570521 0.000214006298234 0.001444789796972
45 7 15.344568302600001 6.644396246400003 11.745727975299999 0.000775957667062 -0.000197600901183 0.004705219923730
53 7 15.344568726799995 8.859188158300002 8.613540254699998 0.005062147099118 0.005376162454562 0.004274101694361
61 7 17.262640601600001 9.966587471600000 11.745738510299995 -0.000408514626647 -0.000100397081655 -0.000394091522541
69 8 16.932029886000002 7.942681828100003 12.258844262099997 -0.002256985920870 0.001280002533945 -0.003829212617824
77 8 15.344574537800005 10.692224600700005 12.258847990200001 -0.000273749516151 -0.002018967957023 -0.001562658633427
85 8 16.932019389799990 9.775705435000003 9.666531706799999 -0.003024714057977 -0.002486996141796 0.000756426835052
93 8 13.757112196700007 7.942669457500004 12.258833442600000 0.001325934003704 0.001328846150388 -0.002397644106605
101 8 15.344565511000003 7.026158843900003 9.666525792999996 -0.001246905507929 0.001595400898437 -0.001185833577360
109 8 13.757110162900005 9.775701616500001 9.666529521300001 0.001502613947936 -0.002270888675594 -0.000172825312996
142 8 16.932022037700005 7.942686862000003 7.560553499600000 -0.003167076566550 0.000314102820550 -0.002390233828367
149 8 13.757108114200001 7.942663574800001 7.560546762400000 -0.002411012009872 -0.006748743256948 -0.010063399998479
159 8 15.344572253000006 10.692226291400004 7.560555002900000 -0.001306784564946 -0.004558073255259 -0.001254661224646
6 1 19.180701981300004 6.644402959900002 11.745737660500000 -0.000116717321584 -0.000534061322802 0.001952548368183
22 1 19.180699473400011 8.859196511800004 8.613540438400001 0.000783010984966 0.000989328669018 0.000016089115507
38 7 21.098768848300008 9.966594381700006 11.745734611600000 0.000279820749409 -0.000337514353773 -0.002844921356501
46 7 23.016851672800001 6.644396246400003 11.745727975299999 -0.000041076503006 -0.000669313338132 0.000526803208690
54 7 23.016852096999990 8.859188158300002 8.613540254699998 -0.002497470299380 0.001348132684450 0.001052827878378
78 8 23.016857907999999 10.692224600700005 12.258847990200001 -0.000601356657224 -0.001842050729578 -0.000504110888113
94 8 21.429395566900006 7.942669457500004 12.258833442600000 0.001719872288370 0.001877361173261 -0.001442337472438
102 8 23.016848881199998 7.026158843900003 9.666525792999996 0.000268747212931 0.002506857612125 0.001298653867037
110 8 21.429393533100001 9.775701616500001 9.666529521300001 0.002113080839625 -0.001414656104137 0.002088360274103
126 8 19.180698912700002 9.240961061100004 11.232627459799998 0.000520700193265 0.002115698034881 0.001549540150624
134 8 19.180709763900005 6.644398071300002 9.396583635799999 -0.001062297076982 0.000005136425727 -0.000573550844117
150 8 21.429391484400004 7.942663574800001 7.560546762400000 0.002076769267922 0.001206051447540 -0.001279414810638
160 8 23.016855623200005 10.692226291400004 7.560555002900000 0.000706363039441 -0.002644046924721 -0.001447907656910
168 8 19.180723212599993 11.073986469400005 7.830487589900000 0.000191718299823 -0.001138313544495 0.000597111008226
62 7 24.934923971800000 9.966587471600000 11.745738510299995 -0.000055624626913 0.000096902066526 0.000108151420926
70 8 24.604313256200005 7.942681828100003 12.258844262099997 -0.001603953390499 0.001023839794346 -0.001447877999839
86 8 24.604302759999996 9.775705435000003 9.666531706799999 -0.000987887411525 -0.001420571470566 0.000827793097493
7 1 15.344560296200003 13.288795263500004 11.745737660500000 0.000117694214488 0.000358020170197 -0.001147386581889
15 1 17.262640612500000 12.181390680000009 8.613533801700001 0.000695462870301 0.003978849118621 -0.002564531638336
23 1 15.344557788300000 15.503588815399999 8.613540438400001 0.003533879496853 -0.000040120277201 -0.004742126945955
31 1 13.426487796399995 12.181395589400003 8.613538384300000 0.001416267575426 0.002159559685758 -0.000039576263283
39 7 17.262627163200005 16.610986685300006 11.745734611600000 0.000287224366002 -0.000330167151750 -0.002861179444986
95 8 17.593253881800010 14.587061761100006 12.258833442600000 0.001890512491376 0.000502722390700 -0.000435119269363
111 8 17.593251848000001 16.420093920100001 9.666529521300001 0.000520978273816 0.000438967595229 0.004641594342136
119 8 17.593249127900002 11.990500490400001 11.232628962800000 0.001802726972220 -0.001132155016616 0.002200559322789
127 8 15.344557227600006 15.885353364700006 11.232627459799998 -0.000124705767689 0.001960737373813 0.002349307710560
135 8 15.344568078800005 13.288790374900007 9.396583635799999 -0.001067092491001 -0.001579140949242 0.001424117904339
143 8 13.095880352600002 14.587079165600008 7.560553499600000 -0.003458471750876 0.000437234692469 -0.000433882710357
151 8 17.593249799300004 14.587055878400003 7.560546762400000 0.001471355054826 -0.002594752146761 0.007123981207346
175 8 13.095867367800004 11.990498335500007 11.232641519100001 -0.001787320978649 -0.001332386696375 0.001274858185075
8 1 23.016843666400000 13.288795263500004 11.745737660500000 0.000117085800097 0.000359046213820 -0.001155341762718
24 1 23.016841158500000 15.503588815399999 8.613540438400001 -0.001471795517222 -0.003131384019458 0.000092209538809
32 1 21.098771166600002 12.181395589400003 8.613538384300000 -0.001118320464522 0.001835678122823 -0.001487037644659
47 7 19.180709987699998 13.288788550000005 11.745727975299999 -0.000426471479763 0.001003632955114 -0.004090838470351
55 7 19.180710411900002 15.503580461900007 8.613540254699998 -0.005735057384101 0.003001985319126 -0.013249412792551
63 7 21.098782286700004 16.610979775200004 11.745738510299995 -0.000419242407329 -0.000099215723403 -0.000419901171782
71 8 20.768171571100002 14.587074131700003 12.258844262099997 -0.001779878459299 0.000349838073091 -0.000599548652763
79 8 19.180716222899996 17.336616904300001 12.258847990200001 0.000040278283253 -0.001689727212945 -0.001298258103443
87 8 20.768161074900000 16.420097738599999 9.666531706799999 0.001785325525788 0.001334161144272 0.003357933796770
103 8 19.180707196099995 13.670551147500003 9.666525792999996 0.000731133957893 -0.000581524744547 0.004796840034218
128 8 23.016840597800005 15.885353364700006 11.232627459799998 0.000214467633309 0.001788072058026 0.001298090845622
136 8 23.016851449000004 13.288790374900007 9.396583635799999 0.000681406358119 0.000032460043844 0.000484584917988
144 8 20.768163722800004 14.587079165600008 7.560553499600000 0.001500906244812 -0.000362925199915 0.000707804784270
176 8 20.768150737999996 11.990498335500007 11.232641519100001 -0.001344428661072 -0.001451579803939 0.002229727376633
16 1 24.934923982700003 12.181390680000009 8.613533801700001 -0.000875874222932 0.000895162555384 0.000198934135355
40 7 24.934910533400007 16.610986685300006 11.745734611600000 0.000510121622435 0.000211813039390 0.001434144680182
48 7 26.852993357900004 13.288788550000005 11.745727975299999 0.000079860767706 0.000421266517744 0.000215260373893
56 7 26.852993782099993 15.503580461900007 8.613540254699998 0.001270069741434 -0.000144791664724 -0.000444446450717
64 7 28.771065656899999 16.610979775200004 11.745738510299995 -0.000052387725263 0.000101518294654 0.000108543217648
72 8 28.440454941300004 14.587074131700003 12.258844262099997 -0.001849454205206 0.000349970524973 -0.001359958053595
80 8 26.852999593099998 17.336616904300001 12.258847990200001 -0.000274508455924 -0.002164182838379 -0.002433669207426
88 8 28.440444445099999 16.420097738599999 9.666531706799999 -0.002492912821507 -0.000685058149347 0.001889658287500
96 8 25.265537252000023 14.587061761100006 12.258833442600000 0.001445828086152 0.000626482299305 -0.001387926103356
104 8 26.852990566300001 13.670551147500003 9.666525792999996 -0.000184963355466 0.001359712071359 0.001646468958320
112 8 25.265535218199997 16.420093920100001 9.666529521300001 0.001201278442355 -0.000390506448927 0.001167905411827
120 8 25.265532498100001 11.990500490400001 11.232628962800000 0.001734305258710 -0.001135517087668 0.001446290251303
152 8 25.265533169500006 14.587055878400003 7.560546762400000 0.001623756394317 0.000963160864599 -0.001291181059471
