ITEM: TIMESTEP
0
ITEM: NUMBER OF ATOMS
176
ITEM: BOX BOUNDS xy xz yz pp pp pp
0.0000000000000000e+00 3.0689133480799999e+01 7.6722833701999980e+00
0.0000000000000000e+00 1.7718379476200003e+01 7.6722833702000024e+00
0.0000000000000000e+00 1.2528786279200000e+01 4.4295948690000015e+00
ITEM: ATOMS id type x y z fx fy fz
25 1 5.754204426199998 3.322205851300000 2.349145244699999 -0.001319735323210 -0.001963211124526 0.000226227822777
137 8 5.423596982400004 5.727889427500000 1.296160360000000 0.003426093715600 0.002458677626417 0.000614434562576
161 8 3.836156472199998 2.214796731300001 1.566094450300000 0.000488100137542 0.000728535413858 0.000093709403918
169 8 5.423583997600000 3.131308597400002 4.968248379499999 -0.001416477527156 -0.000528575336397 0.000728899920557
1 1 7.672276926000002 4.429605525400001 5.481344520900000 0.002077856603838 0.001609031126614 0.003448318915514
9 1 9.590357242299998 3.322200941900001 2.349140662099999 0.000802234954413 -0.004594579345763 0.002073617650920
41 7 11.508426617500000 4.429598811900002 5.481334835700000 -0.002851463131851 0.004681228108148 0.004059901689827
89 8 9.920970511600007 5.727872023000002 5.994440303000000 0.002232980645511 -0.010209100608664 0.002826867034801
97 8 11.508423825899998 4.811361409400002 3.402132653400000 -0.000741042773822 0.002524299316864 -0.002580134019752
113 8 9.920965757699999 3.131310752300001 4.968235823200000 0.001015938836751 -0.002144533694848 0.000004231873217
129 8 7.672284708600001 4.429600636800002 3.132190496199999 0.000639120472482 0.005865533509931 -0.003329155185506
145 8 9.920966429100000 5.727866140300000 1.296153622799999 -0.002011665138090 0.015481191029554 0.014585908497331
153 8 7.672288882800000 1.833036553300000 1.296161863300000 0.000270360125159 -0.000826569150966 -0.001556271691444
162 8 11.508439842400000 2.214796731300001 1.566094450300000 -0.000910799673035 0.000837465427562 -0.000187483948250
2 1 15.344560296200001 4.429605525400001 5.481344520900000 -0.000698032309590 0.000505944125418 0.000231163641831
10 1 17.262640612500000 3.322200941900001 2.349140662099999 -0.000562272513867 -0.000190434701712 0.000058321648049
26 1 13.426487796400002 3.322205851300000 2.349145244699999 0.001101210108925 -0.000823093767556 0.000770232303841
65 8 13.095888200900001 5.727884393600002 5.994451122499998 -0.000605771202739 -0.000974019932752 -0.001192605005736
90 8 17.593253881800006 5.727872023000002 5.994440303000000 0.001984268881030 0.000899625134282 -0.001357459513626
114 8 17.593249127900009 3.131310752300001 4.968235823200000 0.001656139765791 -0.000261855635032 0.000877372936465
130 8 15.344568078800005 4.429600636800002 3.132190496199999 -0.000106563959195 -0.000276283405062 -0.000243679326209
138 8 13.095880352600009 5.727889427500000 1.296160360000000 -0.006002951015883 0.003349024414359 0.001657678888150
146 8 17.593249799300011 5.727866140300000 1.296153622799999 0.002717963654368 0.001148383266171 -0.000905810366355
154 8 15.344572252999999 1.833036553300000 1.296161863300000 0.000037448169536 -0.001777990937840 -0.001337858932755
170 8 13.095867367800004 3.131308597400002 4.968248379499999 -0.000996064884547 -0.001572710661246 0.000637485856530
42 7 19.180709987699998 4.429598811900002 5.481334835700000 -0.000491145011603 -0.000041636042960 0.000920022084700
66 8 20.768171571100002 5.727884393600002 5.994451122499998 -0.002228765943603 0.000495157231199 -0.001833011867019
98 8 19.180707196099995 4.811361409400002 3.402132653400000 0.000588097630241 0.002124887410255 0.000961766001278
3 1 11.508418611100000 11.073997829000001 5.481344520900000 -0.002355993185073 -0.005374562807626 0.000636236652859
17 1 7.672274418099999 6.644399077300000 2.349147298800000 -0.010917382914209 -0.003200590185178 0.004094650371640
27 1 9.590346111300001 9.966598154900002 2.349145244699999 0.004381824617706 0.009638939249493 0.008912552647810
33 7 9.590343793000001 7.751796947200008 5.481341472000000 0.004145423442932 0.007694838153851 0.031263537753290
49 7 11.508427041700001 6.644390723800001 2.349147115100000 0.011215022113260 0.003835295918953 0.013019386234864
73 8 11.508432852700000 8.477427166200002 5.994454850600000 0.011072997406070 0.002501726117819 0.007295877660318
105 8 9.925968477800049 7.563790933345921 3.410301347509257 0.004448399546935 -0.031861711594797 -0.098085252906128
121 8 7.672273857400003 7.026163626600007 4.968234320200000 -0.008641809718539 -0.002040827844374 -0.007153288258565
131 8 11.508426393700001 11.073992940400007 3.132190496199999 -0.001290242288148 0.000453653894396 -0.002602753833860
155 8 11.508430567899998 8.477428856900005 1.296161863300000 -0.007402255275176 -0.006816598395512 0.001666196422526
163 8 7.672298157300000 8.859189034900005 1.566094450300000 0.005614686341836 -0.007933567834294 0.004324927504354
171 8 9.259725682700001 9.775700901000002 4.968248379499999 -0.009857966503181 0.016102913743660 0.003347939341424
11 1 13.426498927399999 9.966593245500007 2.349140662099999 0.000271076570825 0.000003647730829 0.002688338878626
18 1 15.344557788300000 6.644399077300000 2.349147298800000 -0.000005295764096 0.000601491828657 0.001100287942010
28 1 17.262629481500003 9.966598154900002 2.349145244699999 -0.000372374627416 0.000072052431587 0.000240424274314
34 7 17.262627163200005 7.751796947200008 5.481341472000000 -0.000792726801123 -0.000215036129791 0.000106937549569
43 7 15.344568302600003 11.073991115500002 5.481334835700000 -0.001670303731467 -0.000938073262826 0.000008550724928
57 7 13.426498916499998 7.751790037100004 5.481345370700000 -0.008595451263654 0.002519554290723 0.001196768868180
81 8 13.095877704700001 7.560908000500002 3.402138567200000 0.001435243108570 -0.002976934693691 -0.002874015612541
99 8 15.344565510999997 11.455753713000002 3.402132653400000 0.000266655326735 0.002112275040438 0.001188533951615
106 8 17.593251848000001 7.560904182000002 3.402136381700000 0.002567881090213 -0.001142434933275 0.001050539275114
115 8 13.757107442799997 9.775703055900001 4.968235823200000 0.003816817961520 0.000797387824310 0.000671064599635
122 8 15.344557227600001 7.026163626600007 4.968234320200000 0.002427617873167 0.001303768043231 0.000966079040205
164 8 15.344581527500001 8.859189034900005 1.566094450300000 0.000126709805787 0.000097753434118 -0.000507008840403
172 8 16.932009052900014 9.775700901000002 4.968248379499999 -0.001170463658972 -0.000882836578670 0.001182880644455
4 1 19.180701981300000 11.073997829000001 5.481344520900000 0.000485655563349 -0.000233380186993 0.000079664923224
12 1 21.098782297600000 9.966593245500007 2.349140662099999 -0.002502911463912 0.002431960557148 0.001944208278399
44 7 23.016851672799998 11.073991115500002 5.481334835700000 0.006026769572610 -0.004822701230060 0.001028862065321
50 7 19.180710411899998 6.644390723800001 2.349147115100000 -0.003170396941026 0.000429929230227 0.000890149782543
58 7 21.098782286699997 7.751790037100004 5.481345370700000 0.002433160870037 0.000604907274350 0.002779359986363
74 8 19.180716222899989 8.477427166200002 5.994454850600000 -0.000497967485316 -0.001938600781521 -0.001589073865944
82 8 20.768161074900000 7.560908000500002 3.402138567200000 0.000955298578033 -0.001998764546420 -0.001437507742926
100 8 23.016848881199998 11.455753713000002 3.402132653400000 -0.000172205008074 0.001594408572190 -0.000813568676291
116 8 21.429390813000008 9.775703055900001 4.968235823200000 0.000475726726399 -0.001300873026780 0.000036335881794
132 8 19.180709763900005 11.073992940400007 3.132190496199999 0.000606154122388 -0.000404973222532 -0.000340869961237
156 8 19.180713938099998 8.477428856900005 1.296161863300000 0.000785071859338 -0.002086983317774 -0.001307380222983
19 1 11.508416103199997 13.288791380900006 2.349147298800000 0.000111603931451 -0.000459617022922 0.000612907770120
123 8 11.508415542500002 13.670555930200003 4.968234320200000 0.000455486941014 0.002480576781618 0.001134941108681
139 8 9.259738667499999 12.372281731100001 1.296160360000000 -0.001314040515057 -0.000448482308346 -0.001261664680382
35 7 13.426485478100000 14.396189250800001 5.481341472000000 0.000072611309907 -0.001042878098694 0.000376737443732
51 7 15.344568726800000 13.288783027399999 2.349147115100000 -0.000177745693352 -0.000813144559699 0.000584407274232
59 7 17.262640601600001 14.396182340700005 5.481345370700000 -0.000115931685031 0.000531591220683 0.000300717351036
67 8 16.932029885999999 12.372276697200000 5.994451122499998 -0.001378585435074 0.000946718111761 -0.001170071416990
75 8 15.344574537799998 15.121819469800011 5.994454850600000 -0.000300611236391 -0.001986919339145 -0.001489685221998
83 8 16.932019389799994 14.205300304100005 3.402138567200000 -0.001525273849830 -0.000517831783560 0.001002247000599
91 8 13.757112196700003 12.372264326600002 5.994440303000000 0.002172815638215 0.001786863543618 -0.001286962894522
107 8 13.757110162900000 14.205296485600002 3.402136381700000 0.001736668581700 -0.000425012923934 0.001281029135074
140 8 16.932022037700008 12.372281731100001 1.296160360000000 -0.001455942291062 0.000941595989869 -0.001656443353844
147 8 13.757108114200003 12.372258443900009 1.296153622799999 0.001777216988682 0.001020703711775 -0.001485450887761
20 1 19.180699473400008 13.288791380900006 2.349147298800000 0.000065476491794 -0.000377052751700 0.000267174572978
36 7 21.098768848300001 14.396189250800001 5.481341472000000 0.000553324511381 -0.000181581171781 0.000210584889236
52 7 23.016852096999997 13.288783027399999 2.349147115100000 -0.000029664574847 0.000453683215925 0.001018730019706
76 8 23.016857907999988 15.121819469800011 5.994454850600000 -0.000361734354350 -0.001774221642135 -0.001395318180294
92 8 21.429395566900006 12.372264326600002 5.994440303000000 0.000099813749258 0.002279856443845 -0.001100461717487
108 8 21.429393533100004 14.205296485600002 3.402136381700000 0.001553988477714 -0.000849966181762 0.001308750829078
124 8 19.180698912699995 13.670555930200003 4.968234320200000 0.000086833307607 0.001771023701702 0.001311693678511
148 8 21.429391484400018 12.372258443900009 1.296153622799999 0.001729639870299 0.000284296683779 -0.001185487316180
60 7 24.934923971800007 14.396182340700005 5.481345370700000 -0.000271115408037 -0.000985671792466 0.000338021466680
68 8 24.604313256200001 12.372276697200000 5.994451122499998 -0.002002556638784 0.002677577008264 -0.001341255005430
84 8 24.604302760000003 14.205300304100005 3.402138567200000 -0.001697662847113 -0.000993827748404 0.001088765344254
29 1 9.590346111300004 5.537003285800003 8.613538384300000 0.000326161906280 0.003075782868154 -0.003079811511768
157 8 11.508430567900000 4.047833987800002 7.560555002900000 0.000647357153814 -0.003317479765004 -0.000755594608438
165 8 7.672298157300002 4.429594165800001 7.830487589900000 -0.001199310505902 -0.001042526753503 -0.000026571004160
173 8 9.259725682700003 5.346106031900003 11.232641519100001 -0.001360548398731 -0.001648923200079 0.002445842309782
13 1 13.426498927400001 5.536998376400002 8.613533801700001 -0.001436866562243 0.000899099266185 -0.001214571467549
30 1 17.262629481500003 5.537003285800003 8.613538384300000 -0.000005114780929 -0.000186735122733 -0.000371079064037
117 8 13.757107442800002 5.346108186800002 11.232628962800000 0.001843788036481 -0.000361072297987 0.001527537443712
166 8 15.344581527500001 4.429594165800001 7.830487589900000 0.000440952376535 -0.000217056223929 0.000299617763644
174 8 16.932009052900007 5.346106031900003 11.232641519100001 -0.001414845198383 -0.000323532603547 0.001620010610730
14 1 21.098782297600003 5.536998376400002 8.613533801700001 0.000876840303777 0.000642335943837 -0.000708237937345
118 8 21.429390813000005 5.346108186800002 11.232628962800000 0.000657657573892 -0.000522086685380 0.001036696089794
158 8 19.180713938100002 4.047833987800002 7.560555002900000 0.000049994668771 -0.001760809405298 -0.001482466721563
5 1 11.508418611100007 6.644402959900002 11.745737660500000 -0.000628108293329 -0.000112414750707 -0.001595305004197
21 1 11.508416103199998 8.859196511800004 8.613540438400001 -0.002565792910900 -0.001368759284200 -0.004720685130967
125 8 11.508415542500003 9.240961061100004 11.232627459799998 0.001700026881423 0.002431422255754 0.003183200508147
133 8 11.508426393700002 6.644398071300002 9.396583635799999 0.001014975651564 -0.000927086909386 0.001638775459644
141 8 9.259738667500002 7.942686862000003 7.560553499600000 -0.006284748677067 0.003522836370013 0.020982307610647
167 8 11.508439842400001 11.073986469400005 7.830487589900000 0.000616313185021 0.001865589513100 0.001287514744798
37 7 13.426485478099996 9.966594381700006 11.745734611600000 -0.002593907644986 -0.001717672427656 -0.003719989469184
45 7 15.344568302600001 6.644396246400003 11.745727975299999 -0.001206184378299 -0.001673865128975 -0.001129994141409
53 7 15.344568726799995 8.859188158300002 8.613540254699998 -0.002193735277521 -0.000791582204621 -0.002022869863013
61 7 17.262640601600001 9.966587471600000 11.745738510299995 -0.000395592100761 -0.001701053719856 -0.009914130041520
69 8 16.932029886000002 7.942681828100003 12.258844262099997 -0.000924710544134 0.003367054714625 -0.000210909332254
77 8 15.344574537800005 10.692224600700005 12.258847990200001 0.001584862264062 -0.001108546860107 0.002398312972327
85 8 16.932019389799990 9.775705435000003 9.666531706799999 -0.000941657719173 -0.000404633193500 0.004455966410559
93 8 13.757112196700007 7.942669457500004 12.258833442600000 0.001979641639908 0.001895773553703 -0.000842089348613
101 8 15.344565511000003 7.026158843900003 9.666525792999996 0.000610180872048 0.001880904214427 0.002486406282526
109 8 13.757110162900005 9.775701616500001 9.666529521300001 0.002567888704320 -0.000253869536530 0.003423660428871
142 8 16.932022037700005 7.942686862000003 7.560553499600000 -0.001208434207777 0.000927550142722 -0.001175049941538
149 8 13.757108114200001 7.942663574800001 7.560546762400000 0.004110482960365 0.001109908995995 0.000671156666927
159 8 15.344572253000006 10.692226291400004 7.560555002900000 0.000451020072202 -0.001580478584792 -0.001021411452066
6 1 19.180701981300004 6.644402959900002 11.745737660500000 0.000474491966683 -0.001029055058953 -0.000866234958806
22 1 19.180699473400011 8.859196511800004 8.613540438400001 0.000940342549575 -0.000428886313184 -0.001101132057998
38 7 21.098768848300008 9.966594381700006 11.745734611600000 0.002537089825899 -0.000625992680226 -0.002409158985379
46 7 23.016851672800001 6.644396246400003 11.745727975299999 0.000378268029398 0.000006437898298 -0.001552496630568
54 7 23.016852096999990 8.859188158300002 8.613540254699998 0.006820326471252 -0.003010013968356 -0.005247250174755
78 8 23.016857907999999 10.692224600700005 12.258847990200001 -0.001186409161185 -0.001983177849743 -0.001257800568100
94 8 21.429395566900006 7.942669457500004 12.258833442600000 0.000930287238663 0.001802884274968 -0.001110083088307
102 8 23.016848881199998 7.026158843900003 9.666525792999996 -0.001449179382156 0.000822095098780 0.003614356123698
110 8 21.429393533100001 9.775701616500001 9.666529521300001 -0.000382563437850 0.000013342732246 0.003769545774967
126 8 19.180698912700002 9.240961061100004 11.232627459799998 -0.001529235135361 0.002577613417627 0.002806637346888
134 8 19.180709763900005 6.644398071300002 9.396583635799999 -0.000153435173703 0.000035920779781 0.000747836088194
150 8 21.429391484400004 7.942663574800001 7.560546762400000 0.000104916847136 0.000684927264299 -0.001593460642195
160 8 23.016855623200005 10.692226291400004 7.560555002900000 -0.001014130733013 -0.000623758351336 -0.000794445899698
168 8 19.180723212599993 11.073986469400005 7.830487589900000 -0.000488548619237 0.000161799221980 0.000374496591766
62 7 24.934923971800000 9.966587471600000 11.745738510299995 -0.000528234484838 -0.000326898286619 -0.002126030676575
70 8 24.604313256200005 7.942681828100003 12.258844262099997 -0.001626115675798 0.000803381235829 -0.000876438547987
86 8 24.604302759999996 9.775705435000003 9.666531706799999 -0.001649639456861 0.000634292172810 0.003705709306468
7 1 15.344560296200003 13.288795263500004 11.745737660500000 -0.000753423296025 0.001456714435783 -0.004028345075007
15 1 17.262640612500000 12.181390680000009 8.613533801700001 -0.000161657364789 0.000101450577514 -0.001195963389579
23 1 15.344557788300000 15.503588815399999 8.613540438400001 0.000252864655155 0.000872027831373 -0.000710468146393
31 1 13.426487796399995 12.181395589400003 8.613538384300000 -0.001004533415408 -0.000923749260531 -0.001322234952977
39 7 17.262627163200005 16.610986685300006 11.745734611600000 0.000583924171375 0.001754700992876 -0.001208500991498
95 8 17.593253881800010 14.587061761100006 12.258833442600000 0.001497234861577 -0.000618136107749 -0.000377684613914
111 8 17.593251848000001 16.420093920100001 9.666529521300001 0.001592145736808 -0.001760919665792 0.002370786032052
119 8 17.593249127900002 11.990500490400001 11.232628962800000 0.001293780371891 -0.001764882462161 0.003066414421907
127 8 15.344557227600006 15.885353364700006 11.232627459799998 0.000459913737432 0.000742753102264 0.001883465272044
135 8 15.344568078800005 13.288790374900007 9.396583635799999 0.000265897663148 -0.000206735750560 0.001529635839504
143 8 13.095880352600002 14.587079165600008 7.560553499600000 -0.001469209970629 0.000949319092537 -0.001328542729847
151 8 17.593249799300004 14.587055878400003 7.560546762400000 0.001700018051303 0.000583280334322 -0.001185058797981
175 8 13.095867367800004 11.990498335500007 11.232641519100001 -0.000478767248007 -0.001060758374249 0.002197436460935
8 1 23.016843666400000 13.288795263500004 11.745737660500000 0.000575304150766 0.000069711667267 -0.000317803104590
24 1 23.016841158500000 15.503588815399999 8.613540438400001 0.000084186888798 -0.000078053955735 -0.000317746790417
32 1 21.098771166600002 12.181395589400003 8.613538384300000 0.001151878213711 -0.000567059527183 -0.000965805984559
47 7 19.180709987699998 13.288788550000005 11.745727975299999 0.001693825551174 0.001615365422005 -0.003712102249551
55 7 19.180710411900002 15.503580461900007 8.613540254699998 -0.000154426350386 0.001778947297187 -0.000978287187756
63 7 21.098782286700004 16.610979775200004 11.745738510299995 0.000045098209422 0.000878905275905 -0.000494232503653
71 8 20.768171571100002 14.587074131700003 12.258844262099997 -0.002932218453048 -0.000428243644606 -0.001210257193230
79 8 19.180716222899996 17.336616904300001 12.258847990200001 -0.000452753096807 -0.002281373157069 -0.001325812243329
87 8 20.768161074900000 16.420097738599999 9.666531706799999 -0.001499751590783 -0.001321469102225 0.001829500927387
103 8 19.180707196099995 13.670551147500003 9.666525792999996 -0.000171389022986 0.001148404320138 0.002828267666789
128 8 23.016840597800005 15.885353364700006 11.232627459799998 0.000265390628528 0.001672823851800 0.001540677563078
136 8 23.016851449000004 13.288790374900007 9.396583635799999 -0.000279066950841 0.000219486089758 0.000608364057831
144 8 20.768163722800004 14.587079165600008 7.560553499600000 -0.001659622545793 0.000681937493453 -0.001361625415255
176 8 20.768150737999996 11.990498335500007 11.232641519100001 -0.002564053910988 -0.000653898050250 0.002176426042633
16 1 24.934923982700003 12.181390680000009 8.613533801700001 0.000010202980376 -0.001583671371869 -0.001335386082527
40 7 24.934910533400007 16.610986685300006 11.745734611600000 0.000201069678911 -0.000337737868611 -0.000106233291682
48 7 26.852993357900004 13.288788550000005 11.745727975299999 -0.001479596818475 0.000188001878294 -0.000656199953182
56 7 26.852993782099993 15.503580461900007 8.613540254699998 -0.000268927133968 0.000013184900254 -0.000311241542744
64 7 28.771065656899999 16.610979775200004 11.745738510299995 -0.000366326440585 0.001246282480577 -0.000490728844279
72 8 28.440454941300004 14.587074131700003 12.258844262099997 -0.000862761826418 -0.000162063635564 -0.000839584861825
80 8 26.852999593099998 17.336616904300001 12.258847990200001 -0.000189324795182 -0.001827615272491 -0.001493278709269
88 8 28.440444445099999 16.420097738599999 9.666531706799999 -0.001722353415394 -0.001082631428468 0.001782108610169
96 8 25.265537252000023 14.587061761100006 12.258833442600000 0.001876369338824 0.000923886198303 -0.001374328695286
104 8 26.852990566300001 13.670551147500003 9.666525792999996 0.000279772849128 0.001969272674973 0.002150362819482
112 8 25.265535218199997 16.420093920100001 9.666529521300001 0.001736808246088 -0.000845556003112 0.001763006144638
120 8 25.265532498100001 11.990500490400001 11.232628962800000 0.001713338631219 -0.000262129025355 0.001562381403203
152 8 25.265533169500006 14.587055878400003 7.560546762400000 0.001872195880523 0.001317522330611 -0.000917837594579
