ITEM: TIMESTEP
0
ITEM: NUMBER OF ATOMS
176
ITEM: BOX BOUNDS xy xz yz pp pp pp
0.0000000000000000e+00 3.0689133480799999e+01 7.6722833701999980e+00
0.0000000000000000e+00 1.7718379476200003e+01 7.6722833702000024e+00
0.0000000000000000e+00 1.2528786279200000e+01 4.4295948690000015e+00
ITEM: ATOMS id type x y z fx fy fz
25 1 5.754204426199998 3.322205851300000 2.349145244699999 -0.000576585776641 0.001663789553016 -0.001094493143443
137 8 5.423596982400004 5.727889427500000 1.296160360000000 -0.001678148267915 0.000349462373477 -0.001490864999813
161 8 3.836156472199998 2.214796731300001 1.566094450300000 0.000630216764781 -0.000030543809521 0.000473970166830
169 8 5.423583997600000 3.131308597400002 4.968248379499999 0.000397187458914 -0.003574134976098 0.001727264610571
1 1 7.672276926000002 4.429605525400001 5.481344520900000 0.007222224681777 0.014209046193267 -0.000196210399851
9 1 9.590357242299998 3.322200941900001 2.349140662099999 0.007458069725710 0.014035883129691 -0.000848342943865
41 7 11.508426617500000 4.429598811900002 5.481334835700000 0.018327373187258 0.026119298949867 0.002303825820823
89 8 9.920970511600007 5.727872023000002 5.994440303000000 -0.007404719752272 0.024276874673569 0.007758222167471
97 8 11.508423825899998 4.811361409400002 3.402132653400000 0.009684642360130 0.014201784542304 -0.019777429451630
113 8 9.925965757700018 3.139971006337838 4.968235823200000 -0.092127436403559 -0.155868213944547 -0.001325825099678
129 8 7.672284708600001 4.429600636800002 3.132190496199999 -0.001116396171215 -0.003194618737018 0.000524608748215
145 8 9.920966429100000 5.727866140300000 1.296153622799999 -0.000315101265209 0.000214453608843 -0.003668679716544
153 8 7.672288882800000 1.833036553300000 1.296161863300000 0.000554185304331 -0.003673228947968 0.001142220742241
162 8 11.508439842400000 2.214796731300001 1.566094450300000 -0.001630976789693 -0.002277842811966 -0.000188007140971
2 1 15.344560296200001 4.429605525400001 5.481344520900000 -0.005177187769089 0.001137291587855 -0.000138054772171
10 1 17.262640612500000 3.322200941900001 2.349140662099999 -0.001470504797844 0.000562675750815 0.000478432946701
26 1 13.426487796400002 3.322205851300000 2.349145244699999 -0.002413687055481 0.004069683727914 0.004257617516104
65 8 13.095888200900001 5.727884393600002 5.994451122499998 0.019703692531246 0.020008957749347 0.004888234246507
90 8 17.593253881800006 5.727872023000002 5.994440303000000 0.003014998571217 0.001059713697039 -0.001079139167881
114 8 17.593249127900009 3.131310752300001 4.968235823200000 0.003069869992356 -0.001279525709829 0.001392201371785
130 8 15.344568078800005 4.429600636800002 3.132190496199999 0.001672637745663 -0.000196369192807 -0.001000342663328
138 8 13.095880352600009 5.727889427500000 1.296160360000000 0.000040930584448 0.001251448961902 -0.004507740582514
146 8 17.593249799300011 5.727866140300000 1.296153622799999 0.002093785096094 0.001047068685524 -0.001512253377095
154 8 15.344572252999999 1.833036553300000 1.296161863300000 0.000360743448086 -0.002389858340918 -0.001855092839533
170 8 13.095867367800004 3.131308597400002 4.968248379499999 0.010062998822726 -0.010644217016219 -0.000316836463369
42 7 19.180709987699998 4.429598811900002 5.481334835700000 -0.002017007661780 0.001263022156742 0.000491116083918
66 8 20.768171571100002 5.727884393600002 5.994451122499998 -0.001890440600971 0.000245056491415 -0.001477227530574
98 8 19.180707196099995 4.811361409400002 3.402132653400000 0.000684555295633 0.001236091895987 0.001724005499333
3 1 11.508418611100000 11.073997829000001 5.481344520900000 -0.001275141186583 -0.002532993055253 -0.000071762635510
17 1 7.672274418099999 6.644399077300000 2.349147298800000 0.002038327531330 0.000014188341982 0.001129587139158
27 1 9.590346111300001 9.966598154900002 2.349145244699999 0.000495255142341 -0.001503696865028 0.000681722105952
33 7 9.590343793000001 7.751796947200008 5.481341472000000 0.004171153263470 -0.010949322186859 0.002097357609454
49 7 11.508427041700001 6.644390723800001 2.349147115100000 0.000420146347473 -0.008701563003292 0.007585097042582
73 8 11.508432852700000 8.477427166200002 5.994454850600000 0.000395806328993 0.000922481743319 -0.001041167925338
105 8 9.920968477800001 7.560904182000002 3.402136381700000 0.000159261082864 0.000682487189373 0.000150469039614
121 8 7.672273857400003 7.026163626600007 4.968234320200000 -0.002912287585413 0.001725246548350 0.000860474517031
131 8 11.508426393700001 11.073992940400007 3.132190496199999 0.000523813044020 0.000868632924379 0.000092450702087
155 8 11.508430567899998 8.477428856900005 1.296161863300000 -0.000004057264096 0.000750310864790 -0.003656384373059
163 8 7.672298157300000 8.859189034900005 1.566094450300000 -0.000477438286744 0.000493795610117 -0.000389730548364
171 8 9.259725682700001 9.775700901000002 4.968248379499999 -0.002523043148502 0.002213110273929 0.000785714638906
11 1 13.426498927399999 9.966593245500007 2.349140662099999 -0.001522118812360 -0.002427581160759 0.000064322634503
18 1 15.344557788300000 6.644399077300000 2.349147298800000 -0.002058344754183 -0.001265318137719 0.001166432581335
28 1 17.262629481500003 9.966598154900002 2.349145244699999 0.000028362646552 -0.002255588402350 -0.001320680903945
34 7 17.262627163200005 7.751796947200008 5.481341472000000 -0.001520307442517 -0.002996779159153 -0.000175560152580
43 7 15.344568302600003 11.073991115500002 5.481334835700000 -0.007978225202231 -0.009100083792013 -0.001353088492854
57 7 13.426498916499998 7.751790037100004 5.481345370700000 -0.004165989457392 -0.011284228239049 0.001614950907881
81 8 13.095877704700001 7.560908000500002 3.402138567200000 -0.000129737619083 0.001424257618041 0.000517785219430
99 8 15.344565510999997 11.455753713000002 3.402132653400000 0.001312058600962 0.004172592830526 0.002450186954401
106 8 17.593251848000001 7.560904182000002 3.402136381700000 0.001508296062894 -0.000006455423350 0.001280075816396
115 8 13.757107442799997 9.775703055900001 4.968235823200000 0.004830037243959 0.004439528377144 0.001370955735214
122 8 15.344557227600001 7.026163626600007 4.968234320200000 0.003414527453676 0.003424972220615 0.000532915799685
164 8 15.344581527500001 8.859189034900005 1.566094450300000 0.000599254447410 0.001119164803689 0.000075008880527
172 8 16.932009052900014 9.775700901000002 4.968248379499999 -0.001960136634013 0.002565500931763 0.002125124256757
4 1 19.180701981300000 11.073997829000001 5.481344520900000 0.003813890738590 -0.004321765801947 0.000002839179669
12 1 21.098782297600000 9.966593245500007 2.349140662099999 0.001032260361761 -0.000901287458306 -0.000343733658747
44 7 23.016851672799998 11.073991115500002 5.481334835700000 0.001497640610142 -0.001337566905757 0.000115616166422
50 7 19.180710411899998 6.644390723800001 2.349147115100000 -0.000179100747540 0.000235188918202 0.000019394735479
58 7 21.098782286699997 7.751790037100004 5.481345370700000 0.002051368725688 -0.000708687764829 -0.000121582597957
74 8 19.180716222899989 8.477427166200002 5.994454850600000 -0.000725492593183 -0.000682027919043 -0.001342737870078
82 8 20.768161074900000 7.560908000500002 3.402138567200000 -0.001938470768467 -0.000869574653868 0.001413785977143
100 8 23.016848881199998 11.455753713000002 3.402132653400000 -0.000243593688474 0.001940636677337 0.001528551224246
116 8 21.429390813000008 9.775703055900001 4.968235823200000 0.000888663552344 -0.000039315630221 0.001454979062093
132 8 19.180709763900005 11.073992940400007 3.132190496199999 -0.001044204919066 0.001319535926762 0.001119276057784
156 8 19.180713938099998 8.477428856900005 1.296161863300000 -0.000216928667784 -0.001460388551933 -0.001503188310417
19 1 11.508416103199997 13.288791380900006 2.349147298800000 -0.001275710863734 -0.000505952541923 -0.000715940736545
123 8 11.508415542500002 13.670555930200003 4.968234320200000 0.003423784827379 0.002682091572109 0.001930017432013
139 8 9.259738667499999 12.372281731100001 1.296160360000000 -0.001489054536875 0.000956831848055 -0.001589895831785
35 7 13.426485478100000 14.396189250800001 5.481341472000000 -0.011106770164247 -0.002165086734995 -0.002041114527126
51 7 15.344568726800000 13.288783027399999 2.349147115100000 -0.008062064933898 -0.003840936211948 -0.007650753059512
59 7 17.262640601600001 14.396182340700005 5.481345370700000 0.012666636626897 0.027288912894812 -0.001714748822611
67 8 16.932029885999999 12.372276697200000 5.994451122499998 0.003944454974739 0.027912516930205 -0.007556745838107
75 8 15.344574537799998 15.121819469800011 5.994454850600000 0.023682558275756 0.002192625371098 -0.010862398313703
83 8 16.932019389799994 14.205300304100005 3.402138567200000 0.003861417586386 0.013834735714072 0.022206193992076
91 8 13.757112196700003 12.372264326600002 5.994440303000000 0.003662591838328 0.003023808372577 -0.001759495888490
107 8 13.757110162900000 14.205296485600002 3.402136381700000 0.003866587639943 -0.001093630030199 0.003048646769966
140 8 16.932022037700008 12.372281731100001 1.296160360000000 -0.002170656428958 0.002502454136201 0.001478425318306
147 8 13.757108114200003 12.372258443900009 1.296153622799999 0.004002441790117 0.002336766035313 0.000697110793483
20 1 19.180699473400008 13.288791380900006 2.349147298800000 0.004806111718997 -0.000243258947228 -0.004344763507707
36 7 21.098768848300001 14.396189250800001 5.481341472000000 0.006661440172788 0.009595038173763 0.000094850897933
52 7 23.016852096999997 13.288783027399999 2.349147115100000 0.000233220826912 0.000731085721647 -0.000045375842155
76 8 23.016857907999988 15.121819469800011 5.994454850600000 0.000541836006104 -0.003571843779605 -0.001175579607797
92 8 21.429395566900006 12.372264326600002 5.994440303000000 -0.000088779257500 0.000730278129347 -0.001454664723215
108 8 21.429393533100004 14.205296485600002 3.402136381700000 0.000655987208113 -0.002875178797127 0.001481056753344
124 8 19.180698912699995 13.670555930200003 4.968234320200000 -0.013130457730740 0.005882710670893 0.003221606465485
148 8 21.429391484400018 12.372258443900009 1.296153622799999 0.001130401583175 0.000956599782475 -0.001188371951352
60 7 24.934923971800007 14.396182340700005 5.481345370700000 -0.002006650581742 0.000897404297852 0.000138702934721
68 8 24.604313256200001 12.372276697200000 5.994451122499998 -0.001556999165990 0.001017491921230 -0.001422564142620
84 8 24.604302760000003 14.205300304100005 3.402138567200000 -0.001214368625838 -0.001166856508081 0.001487025711503
29 1 9.590346111300004 5.537003285800003 8.613538384300000 0.003569343227440 0.000615352317994 -0.005512621982946
157 8 11.508430567900000 4.047833987800002 7.560555002900000 0.001677058781883 -0.005810784863423 0.013048043635749
165 8 7.672298157300002 4.429594165800001 7.830487589900000 -0.001689620072488 -0.002243997664394 -0.000092242281265
173 8 9.259725682700003 5.346106031900003 11.232641519100001 -0.001776330939192 -0.001147584127591 0.001963407145061
13 1 13.426498927400001 5.536998376400002 8.613533801700001 -0.002467726085279 -0.000464189508402 -0.004829774469715
30 1 17.262629481500003 5.537003285800003 8.613538384300000 -0.001132011972159 0.000039837997000 -0.000860437702619
117 8 13.757107442800002 5.346108186800002 11.232628962800000 0.002316340740769 -0.000844476630888 0.002622674028155
166 8 15.344581527500001 4.429594165800001 7.830487589900000 0.001775785482054 -0.000703891171773 0.001413533365207
174 8 16.932009052900007 5.346106031900003 11.232641519100001 -0.001721144511894 -0.001033707384616 0.001746625648512
14 1 21.098782297600003 5.536998376400002 8.613533801700001 0.000265804501141 0.000703107235733 -0.000021180791482
118 8 21.429390813000005 5.346108186800002 11.232628962800000 0.001674940447421 -0.001097456079810 0.001396469030512
158 8 19.180713938100002 4.047833987800002 7.560555002900000 0.000244114022008 -0.002176909365870 -0.001791354784059
5 1 11.508418611100007 6.644402959900002 11.745737660500000 -0.000048009126735 -0.000221435128160 -0.001577262378936
21 1 11.508416103199998 8.859196511800004 8.613540438400001 -0.000349301252545 -0.002252014252291 -0.001624420103250
125 8 11.508415542500003 9.240961061100004 11.232627459799998 0.000293147905379 0.002097870790305 0.001716028054908
133 8 11.508426393700002 6.644398071300002 9.396583635799999 -0.000101487934518 0.000827907886575 0.001896743740690
141 8 9.259738667500002 7.942686862000003 7.560553499600000 -0.003021468656510 0.003019480258148 0.000493051601244
167 8 11.508439842400001 11.073986469400005 7.830487589900000 0.000620894672425 0.001106684753492 0.000039669457782
37 7 13.426485478099996 9.966594381700006 11.745734611600000 0.000273954141975 -0.000108546015513 -0.000083049033715
45 7 15.344568302600001 6.644396246400003 11.745727975299999 -0.000500332709906 0.000387345390594 -0.001985580062723
53 7 15.344568726799995 8.859188158300002 8.613540254699998 -0.001985500948202 -0.002646004785548 -0.000053253661926
61 7 17.262640601600001 9.966587471600000 11.745738510299995 0.000577730025947 0.000142124942258 0.002284868404756
69 8 16.932029886000002 7.942681828100003 12.258844262099997 -0.001995991100612 0.000305989217827 -0.001304880958670
77 8 15.344574537800005 10.692224600700005 12.258847990200001 -0.000439113495293 -0.001933545726120 -0.001735334846870
85 8 16.932019389799990 9.775705435000003 9.666531706799999 -0.001399830216341 -0.000094375933266 0.000459114688125
93 8 13.757112196700007 7.942669457500004 12.258833442600000 0.001908210462739 0.000737916045500 -0.000645544246968
101 8 15.344565511000003 7.026158843900003 9.666525792999996 0.000976806355556 0.002028176621360 0.002620501626516
109 8 13.757110162900005 9.775701616500001 9.666529521300001 0.001557244131597 -0.000034723806070 0.001200114708180
142 8 16.932022037700005 7.942686862000003 7.560553499600000 -0.001148641807341 0.001472871734904 -0.001563800995111
149 8 13.757108114200001 7.942663574800001 7.560546762400000 0.003071560144844 0.003611784815367 0.000805114318214
159 8 15.344572253000006 10.692226291400004 7.560555002900000 0.001472696466398 0.000575042518500 -0.003809343525629
6 1 19.180701981300004 6.644402959900002 11.745737660500000 0.000452739551467 0.000632318800488 -0.000059245445896
22 1 19.180699473400011 8.859196511800004 8.613540438400001 0.000405735092003 -0.001170925559665 0.000548857453985
38 7 21.098768848300008 9.966594381700006 11.745734611600000 -0.000133101514959 -0.000257068736564 0.001902232883543
46 7 23.016851672800001 6.644396246400003 11.745727975299999 -0.000086208157011 0.000302254884317 0.000155648959580
54 7 23.016852096999990 8.859188158300002 8.613540254699998 0.001195459778693 -0.000941956723583 -0.000904706637747
78 8 23.016857907999999 10.692224600700005 12.258847990200001 0.000304067252054 -0.001683827114960 -0.001685884848414
94 8 21.429395566900006 7.942669457500004 12.258833442600000 0.001652541923832 0.000702092750297 -0.001820627189697
102 8 23.016848881199998 7.026158843900003 9.666525792999996 -0.000413085077853 0.001686373239043 0.001923809121158
110 8 21.429393533100001 9.775701616500001 9.666529521300001 0.000815012867813 -0.000329288991434 0.000909696434382
126 8 19.180698912700002 9.240961061100004 11.232627459799998 -0.000009065884727 0.001784469417044 0.000979210986173
134 8 19.180709763900005 6.644398071300002 9.396583635799999 -0.000106489894665 -0.000023547663976 0.000021882880803
150 8 21.429391484400004 7.942663574800001 7.560546762400000 0.001250590148244 0.001045994048101 -0.001365659776201
160 8 23.016855623200005 10.692226291400004 7.560555002900000 -0.000455631234381 -0.001247282975069 -0.001686525838512
168 8 19.180723212599993 11.073986469400005 7.830487589900000 -0.001395585769100 0.000986429153369 -0.001126161231533
62 7 24.934923971800000 9.966587471600000 11.745738510299995 -0.000356580697333 -0.000043740969400 -0.000026403655218
70 8 24.604313256200005 7.942681828100003 12.258844262099997 -0.001546410235244 0.000716447563510 -0.001303952370790
86 8 24.604302759999996 9.775705435000003 9.666531706799999 -0.001454412408134 -0.000470235112838 0.001886377443089
7 1 15.344560296200003 13.288795263500004 11.745737660500000 0.000109468453971 -0.000331356517918 0.001430396695209
15 1 17.262640612500000 12.181390680000009 8.613533801700001 0.000566922151147 -0.002484301681431 0.005037885435321
23 1 15.344557788300000 15.503588815399999 8.613540438400001 -0.001121845302770 0.003179259903855 0.005335581394218
31 1 13.426487796399995 12.181395589400003 8.613538384300000 -0.001590208998913 -0.001321083420014 0.001322451793662
39 7 17.262627163200005 16.610986685300006 11.745734611600000 0.000570370125703 0.000454267517704 0.000041628581827
95 8 17.593253881800010 14.587061761100006 12.258833442600000 0.001487934561994 0.001149242490764 -0.001670345580268
111 8 17.593251848000001 16.420093920100001 9.666529521300001 0.000467050712518 -0.002766087316924 0.001789576869416
119 8 17.593249127900002 11.990500490400001 11.232628962800000 0.001635024947741 -0.000470224181934 0.000236167268602
127 8 15.344557227600006 15.885353364700006 11.232627459799998 0.000049838006119 0.001591709920300 0.000864091394442
135 8 15.344568078800005 13.288790374900007 9.396583635799999 0.000708372602130 0.000307687657025 -0.001742686662488
143 8 13.095880352600002 14.587079165600008 7.560553499600000 0.001121451320010 0.000601727722674 -0.003897683080744
151 8 17.593249799300004 14.587055878400003 7.560546762400000 -0.002296068120917 -0.000383668018830 -0.014758498045300
175 8 13.095867367800004 11.990498335500007 11.232641519100001 -0.001509540716204 -0.000705601259633 0.000936341792771
8 1 23.016843666400000 13.288795263500004 11.745737660500000 -0.000153387045044 -0.000487806687302 -0.000088770094835
24 1 23.016841158500000 15.503588815399999 8.613540438400001 -0.000779023249747 0.001078356975014 -0.000971881850378
32 1 21.098771166600002 12.181395589400003 8.613538384300000 0.001485469066518 0.000097034350123 0.000722194852409
47 7 19.180709987699998 13.288788550000005 11.745727975299999 0.000199671874913 -0.000588179395464 0.002235181973829
55 7 19.180710411900002 15.503580461900007 8.613540254699998 0.005960782904434 0.010081391073130 0.000601234544417
63 7 21.098782286700004 16.610979775200004 11.745738510299995 -0.000775097779617 0.000186381332967 -0.001872358481735
71 8 20.768171571100002 14.587074131700003 12.258844262099997 -0.001561656240437 0.001020173344601 -0.001414970751347
79 8 19.180716222899996 17.336616904300001 12.258847990200001 -0.000103094426938 -0.002006776459603 -0.001028387281512
87 8 20.768161074900000 16.420097738599999 9.666531706799999 -0.001463911412120 -0.002215537463086 0.002800428215802
103 8 19.180707196099995 13.670551147500003 9.666525792999996 -0.000976819532327 0.001034668139223 0.000366762328996
128 8 23.016840597800005 15.885353364700006 11.232627459799998 0.000506667964564 0.002019553293445 0.001962920596410
136 8 23.016851449000004 13.288790374900007 9.396583635799999 -0.000159552857567 -0.000226514084551 0.000061148305361
144 8 20.768163722800004 14.587079165600008 7.560553499600000 -0.002247693568254 -0.000784984724282 -0.001438636736898
176 8 20.768150737999996 11.990498335500007 11.232641519100001 -0.001717059463838 -0.000510498627076 0.000702087626253
16 1 24.934923982700003 12.181390680000009 8.613533801700001 -0.000384729025669 -0.000391408800883 0.000021797592464
40 7 24.934910533400007 16.610986685300006 11.745734611600000 0.000183250868905 -0.000421399997471 -0.002352745678486
48 7 26.852993357900004 13.288788550000005 11.745727975299999 -0.000067495622532 -0.000620234079372 0.000493261066931
56 7 26.852993782099993 15.503580461900007 8.613540254699998 -0.002167806783893 0.001018145126531 0.000849336989819
64 7 28.771065656899999 16.610979775200004 11.745738510299995 0.000434188210325 0.000389775213824 0.000304581074277
72 8 28.440454941300004 14.587074131700003 12.258844262099997 -0.001774940613497 0.000835321871904 -0.001485929661473
80 8 26.852999593099998 17.336616904300001 12.258847990200001 -0.000439780849564 -0.002023848383519 -0.000623389675700
88 8 28.440444445099999 16.420097738599999 9.666531706799999 -0.001056994507451 -0.001469211198082 0.001085144264354
96 8 25.265537252000023 14.587061761100006 12.258833442600000 0.001582483299750 0.001391803810649 -0.000677186341809
104 8 26.852990566300001 13.670551147500003 9.666525792999996 0.000684619962458 0.001701923436382 0.001160309825073
112 8 25.265535218199997 16.420093920100001 9.666529521300001 0.001167814423787 -0.000571949505726 0.001211526021080
120 8 25.265532498100001 11.990500490400001 11.232628962800000 0.001923712501470 -0.000700283770996 0.001408392827513
152 8 25.265533169500006 14.587055878400003 7.560546762400000 0.002379533285939 0.000927110351657 -0.001383246623170
