ITEM: TIMESTEP
0
ITEM: NUMBER OF ATOMS
176
ITEM: BOX BOUNDS xy xz yz pp pp pp
0.0000000000000000e+00 3.0689133480799999e+01 7.6722833701999980e+00
0.0000000000000000e+00 1.7718379476200003e+01 7.6722833702000024e+00
0.0000000000000000e+00 1.2528786279200000e+01 4.4295948690000015e+00
ITEM: ATOMS id type x y z fx fy fz
25 1 5.754204426199998 3.322205851300000 2.349145244699999 -0.012853749936334 0.004940119425055 0.007395001821853
137 8 5.423596982400004 5.727889427500000 1.296160360000000 -0.000683883019337 -0.000829196816837 -0.002827970888756
161 8 3.836156472199998 2.214796731300001 1.566094450300000 0.002312859117776 0.000516699283258 -0.000131466417650
169 8 5.423583997600000 3.131308597400002 4.968248379499999 -0.002584212497936 -0.001435146708768 -0.000236319192344
1 1 7.672276926000002 4.429605525400001 5.481344520900000 0.014021287128860 -0.004523507270680 -0.005961382576297
9 1 9.585357242299949 3.319314190554079 2.340975696290743 0.030075359445494 0.017446017814509 0.049386180978088
41 7 11.508426617500000 4.429598811900002 5.481334835700000 -0.015626519444847 -0.008957226518262 -0.025028072280117
89 8 9.920970511600007 5.727872023000002 5.994440303000000 -0.000834961006760 0.006532386107968 0.002270058207129
97 8 11.508423825899998 4.811361409400002 3.402132653400000 0.004801831015278 0.010898102568560 -0.001689285304119
113 8 9.920965757699999 3.131310752300001 4.968235823200000 -0.000568523078935 -0.008566460896664 0.008476810529750
129 8 7.672284708600001 4.429600636800002 3.132190496199999 -0.005065572712422 -0.002988080679965 -0.008209767550400
145 8 9.920966429100000 5.727866140300000 1.296153622799999 -0.006224604661357 -0.003598733762940 -0.014433232758868
153 8 7.672288882800000 1.833036553300000 1.296161863300000 0.004342849912232 0.007044927718307 -0.005222741631727
162 8 11.508439842400000 2.214796731300001 1.566094450300000 -0.005204340849466 -0.002828485509444 -0.008276777435738
2 1 15.344560296200001 4.429605525400001 5.481344520900000 -0.003473749233943 -0.000564590473410 -0.001657918254282
10 1 17.262640612500000 3.322200941900001 2.349140662099999 -0.002323859143344 0.000632911399393 0.000763468963084
26 1 13.426487796400002 3.322205851300000 2.349145244699999 -0.012851228205833 0.004874063008141 0.007295526308793
65 8 13.095888200900001 5.727884393600002 5.994451122499998 0.002629735425339 0.004370479373386 0.001441671633312
90 8 17.593253881800006 5.727872023000002 5.994440303000000 0.002011802960415 0.001309124414459 -0.000685610858510
114 8 17.593249127900009 3.131310752300001 4.968235823200000 0.002393419387948 -0.000925721204599 0.001282135541161
130 8 15.344568078800005 4.429600636800002 3.132190496199999 0.002394109702596 0.000402673251965 -0.000036123059186
138 8 13.095880352600009 5.727889427500000 1.296160360000000 0.000812778238494 0.001698180491961 -0.006322654177744
146 8 17.593249799300011 5.727866140300000 1.296153622799999 0.002469056464310 0.000983072822090 -0.001587721732975
154 8 15.344572252999999 1.833036553300000 1.296161863300000 0.000859276930380 -0.002418127080286 -0.002555366935554
170 8 13.095867367800004 3.131308597400002 4.968248379499999 0.004128714207236 -0.004430444492038 0.003099331042672
42 7 19.180709987699998 4.429598811900002 5.481334835700000 0.000073564363894 0.000101290280004 0.000591350660760
66 8 20.768171571100002 5.727884393600002 5.994451122499998 -0.003124607359642 0.001012027439394 -0.001300795953277
98 8 19.180707196099995 4.811361409400002 3.402132653400000 0.000929810765914 0.001162323983303 0.000638202268488
3 1 11.508418611100000 11.073997829000001 5.481344520900000 -0.000191176963895 -0.001155802139137 0.000021732094474
17 1 7.672274418099999 6.644399077300000 2.349147298800000 0.003239947127766 0.001676615697177 0.005102097194682
27 1 9.590346111300001 9.966598154900002 2.349145244699999 0.000477704233987 -0.001498686800193 0.000784402763597
33 7 9.590343793000001 7.751796947200008 5.481341472000000 0.001762311893366 -0.005613434002765 -0.001356931429522
49 7 11.508427041700001 6.644390723800001 2.349147115100000 -0.000196502131772 -0.017679091145238 0.012678280462508
73 8 11.508432852700000 8.477427166200002 5.994454850600000 0.000344068496489 -0.000605284613092 -0.000648121606430
105 8 9.920968477800001 7.560904182000002 3.402136381700000 -0.000439482265286 0.001840126711164 0.000806089272647
121 8 7.672273857400003 7.026163626600007 4.968234320200000 -0.001707441220858 0.002920776788380 0.000991982915728
131 8 11.508426393700001 11.073992940400007 3.132190496199999 0.000387537331670 0.000908388536489 -0.000317604944273
155 8 11.508430567899998 8.477428856900005 1.296161863300000 -0.000007854057905 0.001222678037558 -0.004032749406226
163 8 7.672298157300000 8.859189034900005 1.566094450300000 -0.000455729139298 -0.000119589670792 -0.000586452514288
171 8 9.259725682700001 9.775700901000002 4.968248379499999 -0.002025061719555 0.000818316192385 0.001251748422436
11 1 13.426498927399999 9.966593245500007 2.349140662099999 -0.000984142921395 -0.002580346975299 0.000847047909611
18 1 15.344557788300000 6.644399077300000 2.349147298800000 -0.002129851887219 -0.001251954238426 0.000844551152880
28 1 17.262629481500003 9.966598154900002 2.349145244699999 0.000482285690793 -0.001492194506459 0.000788743212892
34 7 17.262627163200005 7.751796947200008 5.481341472000000 -0.000469090412112 -0.000490167270165 -0.001169009736065
43 7 15.344568302600003 11.073991115500002 5.481334835700000 0.000422294584639 0.000312635563819 0.001170221747150
57 7 13.426498916499998 7.751790037100004 5.481345370700000 -0.002456883538646 -0.003614606293991 -0.001976157105851
81 8 13.095877704700001 7.560908000500002 3.402138567200000 0.000163666974707 0.001455706643536 0.001581805661078
99 8 15.344565510999997 11.455753713000002 3.402132653400000 0.000057732672381 0.004802653108466 -0.000844751010608
106 8 17.593251848000001 7.560904182000002 3.402136381700000 0.002225833250596 -0.000779683698649 0.001356750928303
115 8 13.757107442799997 9.775703055900001 4.968235823200000 0.002307540829375 0.000532484066353 0.001266922907846
122 8 15.344557227600001 7.026163626600007 4.968234320200000 0.001582039243328 0.002356599493328 0.001660839551928
164 8 15.344581527500001 8.859189034900005 1.566094450300000 0.000307647770559 0.001022420364540 -0.000406277281415
172 8 16.932009052900014 9.775700901000002 4.968248379499999 -0.001704037640808 -0.000930168805899 0.001187819059841
4 1 19.180701981300000 11.073997829000001 5.481344520900000 0.000201273103706 0.001565376330006 -0.000253212986178
12 1 21.098782297600000 9.966593245500007 2.349140662099999 0.000082146459432 0.000129520500463 0.000407513751934
44 7 23.016851672799998 11.073991115500002 5.481334835700000 -0.000172296630067 -0.000034740755982 0.000208608187417
50 7 19.180710411899998 6.644390723800001 2.349147115100000 -0.001399183824024 0.001212030618120 0.000986314204630
58 7 21.098782286699997 7.751790037100004 5.481345370700000 0.001604933077046 -0.000542234362249 -0.000229341233921
74 8 19.180716222899989 8.477427166200002 5.994454850600000 -0.000743892540934 -0.001935523173423 -0.000944631682098
82 8 20.768161074900000 7.560908000500002 3.402138567200000 -0.002021026735654 -0.001189503002683 0.000797327698066
100 8 23.016848881199998 11.455753713000002 3.402132653400000 0.000013208740291 0.001562092820401 0.001435762633890
116 8 21.429390813000008 9.775703055900001 4.968235823200000 0.001682206562414 -0.000695424649140 0.001206988191401
132 8 19.180709763900005 11.073992940400007 3.132190496199999 -0.000378716185288 -0.000249422252050 -0.000492156459120
156 8 19.180713938099998 8.477428856900005 1.296161863300000 -0.000061521792605 -0.002020259663120 -0.001762828649928
19 1 11.508416103199997 13.288791380900006 2.349147298800000 -0.002133263966948 -0.001252509411446 0.000852402712043
123 8 11.508415542500002 13.670555930200003 4.968234320200000 0.000506898736574 0.001811337852584 0.000836553695361
139 8 9.259738667499999 12.372281731100001 1.296160360000000 -0.000949959901581 0.000899694181803 -0.001818899645238
35 7 13.426485478100000 14.396189250800001 5.481341472000000 0.002343898028304 0.001137295378581 0.003423263421991
51 7 15.344568726800000 13.288783027399999 2.349147115100000 -0.000145036283147 -0.017750709597485 0.012805415363574
59 7 17.262640601600001 14.396182340700005 5.481345370700000 0.005093027125760 0.021067354702814 -0.004245565766880
67 8 16.932029885999999 12.372276697200000 5.994451122499998 -0.002846297090133 -0.002968744369676 -0.000784999456116
75 8 15.344574537799998 15.121819469800011 5.994454850600000 -0.005072051095330 -0.004215124860142 -0.000630216264522
83 8 16.932019389799994 14.205300304100005 3.402138567200000 -0.009618313006696 -0.005599936312248 -0.011560929923404
91 8 13.757112196700003 12.372264326600002 5.994440303000000 0.001487946242360 0.001002692066389 -0.001546845964995
107 8 13.757110162900000 14.205296485600002 3.402136381700000 0.003990273660654 0.000017666718290 -0.003165801985662
140 8 16.932022037700008 12.372281731100001 1.296160360000000 -0.003631846805880 0.003521700039910 -0.002389582998762
147 8 13.757108114200003 12.372258443900009 1.296153622799999 0.003514352076173 0.003393007152325 -0.001253340527688
20 1 19.180699473400008 13.288791380900006 2.349147298800000 0.003188526280506 0.001807764755411 0.005087377322073
36 7 21.098768848300001 14.396189250800001 5.481341472000000 -0.003225486611759 0.004331934028653 -0.001818770655621
52 7 23.016852096999997 13.288783027399999 2.349147115100000 -0.001411325381783 0.001215383291371 0.000982105371267
76 8 23.016857907999988 15.121819469800011 5.994454850600000 0.001699905904239 -0.002264662053698 -0.000853050301339
92 8 21.429395566900006 12.372264326600002 5.994440303000000 0.002248596366560 -0.000488879160531 -0.000896107013274
108 8 21.429393533100004 14.205296485600002 3.402136381700000 0.002505514193459 -0.002503968464483 0.000364561936057
124 8 19.180698912699995 13.670555930200003 4.968234320200000 0.001379542025609 -0.001341309819623 0.000782397164632
148 8 21.429391484400018 12.372258443900009 1.296153622799999 0.001340553007529 0.000744835726807 -0.002031372106297
60 7 24.934923971800007 14.396182340700005 5.481345370700000 -0.001468286063459 0.000476549989252 0.000203190298664
68 8 24.604313256200001 12.372276697200000 5.994451122499998 -0.001563914676363 0.000843081197108 -0.001355996268864
84 8 24.604302760000003 14.205300304100005 3.402138567200000 -0.000882893844486 -0.000954150428559 0.001239221936283
29 1 9.590346111300004 5.537003285800003 8.613538384300000 0.000553425257708 -0.001446799397149 -0.003688532415239
157 8 11.508430567900000 4.047833987800002 7.560555002900000 0.001190843370728 -0.002262896914903 0.004640367531053
165 8 7.672298157300002 4.429594165800001 7.830487589900000 -0.001281533461184 0.000352412197579 0.002136935178321
173 8 9.259725682700003 5.346106031900003 11.232641519100001 -0.001215751712530 -0.000649181622108 0.001976140560810
13 1 13.426498927400001 5.536998376400002 8.613533801700001 -0.002797818338529 -0.001533228118644 -0.004295443648815
30 1 17.262629481500003 5.537003285800003 8.613538384300000 0.000565910204642 -0.001452085621742 -0.003705057316345
117 8 13.757107442800002 5.346108186800002 11.232628962800000 0.006236528114340 0.002907912082414 0.004253815601957
166 8 15.344581527500001 4.429594165800001 7.830487589900000 0.000920156477245 0.000671792796087 0.001667195738392
174 8 16.932009052900007 5.346106031900003 11.232641519100001 -0.004097843210663 0.004612206826407 0.004959771165294
14 1 21.098782297600003 5.536998376400002 8.613533801700001 0.001721098818217 -0.000816726724403 -0.001201020763497
118 8 21.429390813000005 5.346108186800002 11.232628962800000 0.000457309774277 -0.000473667315051 0.001501070890188
158 8 19.180713938100002 4.047833987800002 7.560555002900000 -0.000423988816982 -0.001587121730462 -0.001259019601571
5 1 11.508418611100007 6.644402959900002 11.745737660500000 -0.003495017850983 -0.000564359375536 -0.001655682244828
21 1 11.508416103199998 8.859196511800004 8.613540438400001 -0.001002244937134 -0.000686487214973 -0.001786109276934
125 8 11.508415542500003 9.240961061100004 11.232627459799998 0.002186949337380 0.001535095249343 0.002000535117729
133 8 11.508426393700002 6.644398071300002 9.396583635799999 0.001001893650657 0.000550653736222 0.001755490814916
141 8 9.259738667500002 7.942686862000003 7.560553499600000 -0.002192093780747 0.001922607048438 0.000051807010262
167 8 11.508439842400001 11.073986469400005 7.830487589900000 0.000113268389438 0.000200121311212 0.000344400484188
37 7 13.426485478099996 9.966594381700006 11.745734611600000 -0.003229093916001 0.004361309273873 -0.001810418883884
45 7 15.344568302600001 6.644396246400003 11.745727975299999 -0.015794855771430 -0.009054424803219 -0.025302922683160
53 7 15.344568726799995 8.859188158300002 8.613540254699998 -0.001692274950656 0.001797540471804 -0.004378107110221
61 7 17.262640601600001 9.966587471600000 11.745738510299995 0.005150500664181 0.021202059587518 -0.004195117879649
69 8 16.932029886000002 7.942681828100003 12.258844262099997 -0.004312672523796 -0.007125434941010 0.005114730269942
77 8 15.344574537800005 10.692224600700005 12.258847990200001 0.000888023312721 -0.005163719244165 -0.002088567669398
85 8 16.932019389799990 9.775705435000003 9.666531706799999 -0.001708200073826 -0.002401999659093 0.004079945942363
93 8 13.757112196700007 7.942669457500004 12.258833442600000 0.007407820514459 -0.002500772718414 0.000435900917132
101 8 15.344565511000003 7.026158843900003 9.666525792999996 0.001263958431039 0.001310318625953 0.007868591355671
109 8 13.757110162900005 9.775701616500001 9.666529521300001 0.002318203038060 -0.001442273112127 0.002970529855521
142 8 16.932022037700005 7.942686862000003 7.560553499600000 -0.001940888657939 0.000909038138145 -0.000157944182108
149 8 13.757108114200001 7.942663574800001 7.560546762400000 0.003139521905909 0.001784125878329 0.000912145073617
159 8 15.344572253000006 10.692226291400004 7.560555002900000 0.000030819787974 -0.002842717494947 -0.000643183240645
6 1 19.180701981300004 6.644402959900002 11.745737660500000 0.014123717223417 -0.004532603136727 -0.005899733544459
22 1 19.180699473400011 8.859196511800004 8.613540438400001 0.001559639654476 0.000694196794878 -0.002097301156749
38 7 21.098768848300008 9.966594381700006 11.745734611600000 0.002335525628871 0.001127572479794 0.003431878247004
46 7 23.016851672800001 6.644396246400003 11.745727975299999 0.000056542037324 0.000103312594741 0.000601058813401
54 7 23.016852096999990 8.859188158300002 8.613540254699998 0.000772554820637 -0.000316879544352 -0.000902733791252
78 8 23.016857907999999 10.692224600700005 12.258847990200001 0.000029481467721 -0.001993455266603 -0.002017026691564
94 8 21.429395566900006 7.942669457500004 12.258833442600000 0.000662619617114 0.000526062330726 -0.002911030440117
102 8 23.016848881199998 7.026158843900003 9.666525792999996 -0.000347524756286 0.001994746793327 0.001932950390891
110 8 21.429393533100001 9.775701616500001 9.666529521300001 0.000951147806833 -0.001013461229111 0.001597753764179
126 8 19.180698912700002 9.240961061100004 11.232627459799998 -0.004604450227846 -0.000416203827773 0.002216211956498
134 8 19.180709763900005 6.644398071300002 9.396583635799999 -0.001207838287178 0.000234058914323 0.002219970820434
150 8 21.429391484400004 7.942663574800001 7.560546762400000 0.001200231694804 0.001085575385556 -0.000843849328556
160 8 23.016855623200005 10.692226291400004 7.560555002900000 -0.000014899600801 -0.001852837577292 -0.001379112791262
168 8 19.180723212599993 11.073986469400005 7.830487589900000 -0.000362090402045 -0.000780952994126 0.000643174236673
62 7 24.934923971800000 9.966587471600000 11.745738510299995 -0.001474072601768 0.000479114330101 0.000205236386947
70 8 24.604313256200005 7.942681828100003 12.258844262099997 -0.001184600686397 0.000560164912556 -0.001524731573529
86 8 24.604302759999996 9.775705435000003 9.666531706799999 -0.001382741064473 -0.000825857413664 0.001831809698246
7 1 15.344560296200003 13.288795263500004 11.745737660500000 0.000204406734053 0.001563308564924 -0.000244945608335
15 1 17.262640612500000 12.181390680000009 8.613533801700001 0.000191897117021 0.002287126383721 -0.001594036173392
23 1 15.344557788300000 15.503588815399999 8.613540438400001 0.001551662551940 0.000690991753942 -0.002096824494491
31 1 13.426487796399995 12.181395589400003 8.613538384300000 0.000111507760870 0.000789786327051 -0.000729959287961
39 7 17.262627163200005 16.610986685300006 11.745734611600000 -0.000477370811357 -0.000493069542750 -0.001162890324850
95 8 17.593253881800010 14.587061761100006 12.258833442600000 0.001531143425593 0.001030695642829 -0.001479551353965
111 8 17.593251848000001 16.420093920100001 9.666529521300001 0.001244006902172 -0.000768904900489 0.003007399594302
119 8 17.593249127900002 11.990500490400001 11.232628962800000 0.000733378938419 -0.004458090184063 0.002010799426109
127 8 15.344557227600006 15.885353364700006 11.232627459799998 -0.000259746585921 0.001870885784425 0.001907193380042
135 8 15.344568078800005 13.288790374900007 9.396583635799999 -0.000283626446510 -0.000895778870904 0.000729527031549
143 8 13.095880352600002 14.587079165600008 7.560553499600000 -0.002228977783848 0.000665704407940 -0.001572210924259
151 8 17.593249799300004 14.587055878400003 7.560546762400000 0.001652330766936 -0.000459027651145 0.001260854758977
175 8 13.095867367800004 11.990498335500007 11.232641519100001 -0.000985111231354 -0.002450178071029 0.001767973289263
8 1 23.016843666400000 13.288795263500004 11.745737660500000 -0.000191476381359 -0.001161302447346 0.000021807077412
24 1 23.016841158500000 15.503588815399999 8.613540438400001 -0.000996827591672 -0.000694814543594 -0.001786501088095
32 1 21.098771166600002 12.181395589400003 8.613538384300000 0.000112880258648 0.000785273812303 -0.000727163320887
47 7 19.180709987699998 13.288788550000005 11.745727975299999 0.000415833789939 0.000300739731897 0.001178372128650
55 7 19.180710411900002 15.503580461900007 8.613540254699998 -0.001693574916309 0.001779686538742 -0.004364940360672
63 7 21.098782286700004 16.610979775200004 11.745738510299995 -0.002463128367416 -0.003635310749633 -0.001971015387794
71 8 20.768171571100002 14.587074131700003 12.258844262099997 -0.001271646219761 0.002028098190250 -0.001539990399357
79 8 19.180716222899996 17.336616904300001 12.258847990200001 0.001110422577760 -0.001446381814124 -0.001195669736822
87 8 20.768161074900000 16.420097738599999 9.666531706799999 -0.000217130051806 -0.000148670276675 0.003737266246837
103 8 19.180707196099995 13.670551147500003 9.666525792999996 0.000103949868114 0.000747611309406 0.002545162033748
128 8 23.016840597800005 15.885353364700006 11.232627459799998 0.000820472906470 0.003210464816825 0.002208201908837
136 8 23.016851449000004 13.288790374900007 9.396583635799999 0.000189115606275 0.000087230581438 0.000433404609152
144 8 20.768163722800004 14.587079165600008 7.560553499600000 -0.000867840957119 0.000245011040733 -0.000204631122351
176 8 20.768150737999996 11.990498335500007 11.232641519100001 -0.001745473916790 -0.000951021663135 0.001116900075212
16 1 24.934923982700003 12.181390680000009 8.613533801700001 -0.000322176001052 -0.000103916294584 -0.000252740666533
40 7 24.934910533400007 16.610986685300006 11.745734611600000 0.001779420983948 -0.005635147746206 -0.001343225273181
48 7 26.852993357900004 13.288788550000005 11.745727975299999 -0.000170658022594 -0.000033779776502 0.000211285138569
56 7 26.852993782099993 15.503580461900007 8.613540254699998 0.000777849869690 -0.000319720838374 -0.000905555486518
64 7 28.771065656899999 16.610979775200004 11.745738510299995 0.001601339368307 -0.000533966816063 -0.000219602519801
72 8 28.440454941300004 14.587074131700003 12.258844262099997 -0.001902234607053 0.000788252970233 -0.001600896631761
80 8 26.852999593099998 17.336616904300001 12.258847990200001 -0.002199951385362 -0.000893630765712 -0.001878751042270
88 8 28.440444445099999 16.420097738599999 9.666531706799999 -0.002154274702901 -0.000853116066319 0.001978931887767
96 8 25.265537252000023 14.587061761100006 12.258833442600000 0.001206602057009 0.002778371780660 -0.001415691016992
104 8 26.852990566300001 13.670551147500003 9.666525792999996 0.000058098569376 0.001729942494164 0.001816919361437
112 8 25.265535218199997 16.420093920100001 9.666529521300001 0.000981760513777 0.000250447988779 0.003227304222126
120 8 25.265532498100001 11.990500490400001 11.232628962800000 0.002019429384856 -0.000642660230452 0.001449814199381
152 8 25.265533169500006 14.587055878400003 7.560546762400000 0.001971031386645 0.001113724342417 -0.000993960906784
