ITEM: TIMESTEP
0
ITEM: NUMBER OF ATOMS
176
ITEM: BOX BOUNDS xy xz yz pp pp pp
0.0000000000000000e+00 3.0689133480799999e+01 7.6722833701999980e+00
0.0000000000000000e+00 1.7718379476200003e+01 7.6722833702000024e+00
0.0000000000000000e+00 1.2528786279200000e+01 4.4295948690000015e+00
ITEM: ATOMS id type x y z fx fy fz
25 1 5.754204426199998 3.322205851300000 2.349145244699999 -0.018441635373007 -0.016544703850677 -0.005596681730865
137 8 5.423596982400004 5.727889427500000 1.296160360000000 0.002504946301519 0.007904063030496 -0.001600291145299
161 8 3.836156472199998 2.214796731300001 1.566094450300000 -0.014770648161322 -0.008391540573061 -0.006001224965450
169 8 5.423583997600000 3.131308597400002 4.968248379499999 -0.006864757550774 -0.002008749101118 0.009985431571662
1 1 7.672276926000002 4.429605525400001 5.481344520900000 -0.004968034888787 -0.008833073346149 -0.000057997721478
9 1 9.590357242299998 3.322200941900001 2.349140662099999 -0.005176059520426 -0.008750357130361 0.000014369588005
41 7 11.508426617500000 4.429598811900002 5.481334835700000 0.001393945021965 -0.001879852108372 0.001833478261677
89 8 9.920970511600007 5.727872023000002 5.994440303000000 0.000761013688803 0.002196143578478 -0.003341858614673
97 8 11.508423825899998 4.811361409400002 3.402132653400000 -0.001669564287848 0.003391177488905 0.000998679641457
113 8 9.920965757699999 3.131310752300001 4.968235823200000 0.003418639549927 0.002070368400668 0.001344268079987
129 8 7.667284708599986 4.420940382762165 3.132190496199999 0.047722806007109 0.080765232062179 0.000748167532027
145 8 9.920966429100000 5.727866140300000 1.296153622799999 -0.005918110159652 0.001252195595093 0.005224405663721
153 8 7.672288882800000 1.833036553300000 1.296161863300000 0.004117994545572 -0.008358356480284 -0.008277988341508
162 8 11.508439842400000 2.214796731300001 1.566094450300000 -0.000151979057708 0.000113140939751 0.000008832624795
2 1 15.344560296200001 4.429605525400001 5.481344520900000 0.001139057311662 -0.000508171615252 -0.000269808158745
10 1 17.262640612500000 3.322200941900001 2.349140662099999 0.004105117182601 -0.000998859927337 -0.000236149666131
26 1 13.426487796400002 3.322205851300000 2.349145244699999 0.001176460922422 -0.000842883123391 -0.000154903334784
65 8 13.095888200900001 5.727884393600002 5.994451122499998 -0.002217842071455 0.000706920996367 -0.001711753485296
90 8 17.593253881800006 5.727872023000002 5.994440303000000 0.000680124549187 0.002165167189682 -0.000859298309679
114 8 17.593249127900009 3.131310752300001 4.968235823200000 0.000627850304559 -0.000903942346147 0.001887521593003
130 8 15.344568078800005 4.429600636800002 3.132190496199999 -0.001310964554834 0.000364910665528 0.000152096938049
138 8 13.095880352600009 5.727889427500000 1.296160360000000 -0.003481208450803 0.001425095559916 -0.000816749637530
146 8 17.593249799300011 5.727866140300000 1.296153622799999 0.001694022001550 0.001952368085094 -0.001602883922814
154 8 15.344572252999999 1.833036553300000 1.296161863300000 -0.000876993925288 -0.002015904664544 -0.001807394789611
170 8 13.095867367800004 3.131308597400002 4.968248379499999 -0.002377789448773 -0.000157058163559 0.001161524606454
42 7 19.180709987699998 4.429598811900002 5.481334835700000 0.002622341233068 -0.004301984542378 -0.003494552120631
66 8 20.768171571100002 5.727884393600002 5.994451122499998 -0.000342973143243 0.003113431298394 -0.001430964141794
98 8 19.180707196099995 4.811361409400002 3.402132653400000 -0.003494313954552 0.006788192623493 0.003394710962319
3 1 11.508418611100000 11.073997829000001 5.481344520900000 0.001130349343927 0.001676558135640 -0.000081908125179
17 1 7.672274418099999 6.644399077300000 2.349147298800000 -0.005063109459569 -0.023064821126221 0.004940261236553
27 1 9.590346111300001 9.966598154900002 2.349145244699999 0.002958728976205 0.004329220783027 0.000128056117893
33 7 9.590343793000001 7.751796947200008 5.481341472000000 0.004476848382158 0.002477123282638 0.005285559885131
49 7 11.508427041700001 6.644390723800001 2.349147115100000 0.007052069531783 0.001072462711131 0.000442765275131
73 8 11.508432852700000 8.477427166200002 5.994454850600000 -0.001882671289910 -0.002589684299717 -0.002213341996909
105 8 9.920968477800001 7.560904182000002 3.402136381700000 -0.003929581784826 -0.003744311966998 -0.000788334331616
121 8 7.672273857400003 7.026163626600007 4.968234320200000 0.001846926108949 -0.003219546521987 -0.007167835172959
131 8 11.508426393700001 11.073992940400007 3.132190496199999 -0.001297219173506 -0.002254034830488 0.000081332726532
155 8 11.508430567899998 8.477428856900005 1.296161863300000 -0.001280713140675 -0.003320788413732 -0.000632301829751
163 8 7.672298157300000 8.859189034900005 1.566094450300000 -0.000096409233522 -0.016641112029263 0.005901903568664
171 8 9.259725682700001 9.775700901000002 4.968248379499999 -0.001867333723293 -0.002973664440887 0.000654447385861
11 1 13.426498927399999 9.966593245500007 2.349140662099999 0.000887570305376 0.001779619911341 0.000047379870812
18 1 15.344557788300000 6.644399077300000 2.349147298800000 0.001097480951619 -0.000366708281984 -0.000069573199909
28 1 17.262629481500003 9.966598154900002 2.349145244699999 -0.000573504838425 0.000683306634351 -0.000002457018634
34 7 17.262627163200005 7.751796947200008 5.481341472000000 -0.000059117153069 -0.000606422558786 -0.000004052363882
43 7 15.344568302600003 11.073991115500002 5.481334835700000 -0.000466888859131 0.001180045801034 -0.000387807890272
57 7 13.426498916499998 7.751790037100004 5.481345370700000 0.001028391841303 0.000528159703005 0.000619508385016
81 8 13.095877704700001 7.560908000500002 3.402138567200000 -0.003239981660799 -0.001607776119390 0.000703758964918
99 8 15.344565510999997 11.455753713000002 3.402132653400000 0.000307668817782 0.000029486205999 0.002308801666328
106 8 17.593251848000001 7.560904182000002 3.402136381700000 0.001836201697687 -0.000442076859914 0.001579229624307
115 8 13.757107442799997 9.775703055900001 4.968235823200000 0.001284791675211 -0.001712748932438 0.001375110924731
122 8 15.344557227600001 7.026163626600007 4.968234320200000 -0.000321913833640 0.002040535576696 0.001406156391484
164 8 15.344581527500001 8.859189034900005 1.566094450300000 -0.000326668524326 -0.000248316618352 -0.000004934775814
172 8 16.932009052900014 9.775700901000002 4.968248379499999 -0.001216291747781 -0.001260684215872 0.001322413027592
4 1 19.180701981300000 11.073997829000001 5.481344520900000 -0.000755795944292 0.000582249286580 0.000103721512327
12 1 21.098782297600000 9.966593245500007 2.349140662099999 -0.003107316676138 0.003144451777041 0.000330662456191
44 7 23.016851672799998 11.073991115500002 5.481334835700000 -0.000301733283808 0.002181229233307 0.001435498864735
50 7 19.180710411899998 6.644390723800001 2.349147115100000 -0.002978321910504 -0.004750137833531 -0.000051927855371
58 7 21.098782286699997 7.751790037100004 5.481345370700000 -0.005255027415234 0.000476869337745 0.003700342503972
74 8 19.180716222899989 8.477427166200002 5.994454850600000 0.001132309392532 -0.002190875477452 -0.001928981292947
82 8 20.768161074900000 7.560908000500002 3.402138567200000 0.004475211286504 -0.001521296123389 -0.000352925902928
100 8 23.016848881199998 11.455753713000002 3.402132653400000 0.000043435599066 0.000371821511588 0.001367940486414
116 8 21.429390813000008 9.775703055900001 4.968235823200000 0.002313113790178 -0.001877812883723 0.000867295059531
132 8 19.180709763900005 11.073992940400007 3.132190496199999 0.000958056696189 -0.000936616739119 0.000000592448215
156 8 19.180713938099998 8.477428856900005 1.296161863300000 0.000849260961558 -0.001369879320048 -0.001411072335823
19 1 11.508416103199997 13.288791380900006 2.349147298800000 0.002488248538121 0.004550903265433 -0.000198886328985
123 8 11.508415542500002 13.670555930200003 4.968234320200000 -0.001484153501114 0.000615455278277 0.002078257714696
139 8 9.259738667499999 12.372281731100001 1.296160360000000 -0.002450952754680 -0.000677745503396 -0.001601025048568
35 7 13.426485478100000 14.396189250800001 5.481341472000000 0.000311968475277 0.004858412107564 -0.005323637964272
51 7 15.344568726800000 13.288783027399999 2.349147115100000 -0.003005352025519 0.006855873308255 -0.000544175934273
59 7 17.262640601600001 14.396182340700005 5.481345370700000 -0.002553256175992 0.000548460468959 -0.001580927685889
67 8 16.932029885999999 12.372276697200000 5.994451122499998 -0.001525514158156 0.000317797145099 -0.001150215051619
75 8 15.344574537799998 15.121819469800011 5.994454850600000 0.001141740009353 -0.002070464313954 0.000546120626934
83 8 16.932019389799994 14.205300304100005 3.402138567200000 0.000675246091038 -0.001602791614388 0.002008607608180
91 8 13.757112196700003 12.372264326600002 5.994440303000000 0.001848940513180 -0.000652033244102 -0.000579416212588
107 8 13.757110162900000 14.205296485600002 3.402136381700000 0.001882233928038 -0.007135071629806 0.003969464619582
140 8 16.932022037700008 12.372281731100001 1.296160360000000 -0.000099648617041 -0.000520438391328 -0.002377936581541
147 8 13.757108114200003 12.372258443900009 1.296153622799999 0.001072956703141 -0.000872146158083 -0.002385346677733
20 1 19.180699473400008 13.288791380900006 2.349147298800000 -0.001101744117826 0.000362537010381 0.000085645033496
36 7 21.098768848300001 14.396189250800001 5.481341472000000 0.000104884958508 -0.000329960176041 0.000001930090334
52 7 23.016852096999997 13.288783027399999 2.349147115100000 0.000914757313934 0.001989310461983 -0.000048992790721
76 8 23.016857907999988 15.121819469800011 5.994454850600000 -0.000907157944552 -0.001933659161997 -0.001281062777943
92 8 21.429395566900006 12.372264326600002 5.994440303000000 0.001923442234509 0.000527649583806 -0.001512056018380
108 8 21.429393533100004 14.205296485600002 3.402136381700000 0.001572537365571 -0.000895655108914 0.001576815789270
124 8 19.180698912699995 13.670555930200003 4.968234320200000 0.001209073392490 0.001596209025652 0.001561420905204
148 8 21.429391484400018 12.372258443900009 1.296153622799999 0.001995148740488 0.000145547671005 -0.001206968594895
60 7 24.934923971800007 14.396182340700005 5.481345370700000 0.001823061703216 0.001167450891816 -0.001212554118995
68 8 24.604313256200001 12.372276697200000 5.994451122499998 -0.002397704821930 -0.000404113281381 -0.001428953595029
84 8 24.604302760000003 14.205300304100005 3.402138567200000 -0.002819669938441 -0.001665735880160 0.001645342272781
29 1 9.590346111300004 5.537003285800003 8.613538384300000 0.000343514875791 -0.000361957731508 0.001205291613200
157 8 11.508430567900000 4.047833987800002 7.560555002900000 -0.000308817712466 -0.001360049844104 -0.002545796256230
165 8 7.672298157300002 4.429594165800001 7.830487589900000 -0.000099187010286 0.000082631263239 -0.000077415121656
173 8 9.259725682700003 5.346106031900003 11.232641519100001 -0.002248279574416 -0.001215730977793 0.000760661414987
13 1 13.426498927400001 5.536998376400002 8.613533801700001 0.000107806737241 0.000050071182786 0.001147034417541
30 1 17.262629481500003 5.537003285800003 8.613538384300000 0.000204171942555 -0.000338152840354 0.000091420874509
117 8 13.757107442800002 5.346108186800002 11.232628962800000 0.001608193404642 -0.001469919259873 0.000286657034652
166 8 15.344581527500001 4.429594165800001 7.830487589900000 -0.000315818109512 0.000114971961540 -0.000156783016660
174 8 16.932009052900007 5.346106031900003 11.232641519100001 -0.000591273960382 -0.001166748450388 0.000647047099656
14 1 21.098782297600003 5.536998376400002 8.613533801700001 -0.000491322472916 -0.000595114250860 0.000055897382463
118 8 21.429390813000005 5.346108186800002 11.232628962800000 0.001838808246394 -0.000753424376041 0.001375194052674
158 8 19.180713938100002 4.047833987800002 7.560555002900000 -0.000127081804752 -0.001443183555907 -0.000439711860369
5 1 11.508418611100007 6.644402959900002 11.745737660500000 0.001705575035863 0.000423670459028 0.003949518210105
21 1 11.508416103199998 8.859196511800004 8.613540438400001 0.000478827181017 -0.000009546949317 0.000940666767815
125 8 11.508415542500003 9.240961061100004 11.232627459799998 0.000280678685648 0.002779606896785 0.000993077493917
133 8 11.508426393700002 6.644398071300002 9.396583635799999 -0.000490291447255 -0.000108916790351 -0.001188044211243
141 8 9.259738667500002 7.942686862000003 7.560553499600000 -0.001718661840809 0.000407515661527 -0.003694880579647
167 8 11.508439842400001 11.073986469400005 7.830487589900000 -0.000302124233321 -0.000262555928482 -0.000045037734099
37 7 13.426485478099996 9.966594381700006 11.745734611600000 -0.002622995436005 -0.005037373095754 0.000005473283427
45 7 15.344568302600001 6.644396246400003 11.745727975299999 -0.003041404486359 -0.001031993711012 0.005754336336062
53 7 15.344568726799995 8.859188158300002 8.613540254699998 -0.000425025811968 -0.000313024609631 -0.000044102415510
61 7 17.262640601600001 9.966587471600000 11.745738510299995 0.000387335106242 -0.002780739914346 -0.005513629762505
69 8 16.932029886000002 7.942681828100003 12.258844262099997 -0.000356419096180 0.003121259777021 -0.001408971961810
77 8 15.344574537800005 10.692224600700005 12.258847990200001 0.001137015785974 0.000207619866736 0.004397522417011
85 8 16.932019389799990 9.775705435000003 9.666531706799999 -0.001385149033028 -0.000539111820789 0.002882710021891
93 8 13.757112196700007 7.942669457500004 12.258833442600000 0.002785629613912 0.003370693552015 -0.007231645087512
101 8 15.344565511000003 7.026158843900003 9.666525792999996 0.000307989635318 0.002171725522386 0.000119727710422
109 8 13.757110162900005 9.775701616500001 9.666529521300001 0.001839699844568 -0.000444100013369 0.001573529183196
142 8 16.932022037700005 7.942686862000003 7.560553499600000 -0.001489477508171 0.000978351818893 -0.001597766291645
149 8 13.757108114200001 7.942663574800001 7.560546762400000 0.001516684645297 0.000967783435038 -0.001884180284716
159 8 15.344572253000006 10.692226291400004 7.560555002900000 0.000084714946402 -0.002020253657650 -0.001130839574232
6 1 19.180701981300004 6.644402959900002 11.745737660500000 -0.000237667040031 -0.000704424390128 -0.000091128453207
22 1 19.180699473400011 8.859196511800004 8.613540438400001 -0.000187164814306 -0.000195755352857 -0.000159019032017
38 7 21.098768848300008 9.966594381700006 11.745734611600000 0.001276130561542 -0.000297075801868 -0.000731126578110
46 7 23.016851672800001 6.644396246400003 11.745727975299999 0.000873451380673 -0.000072634621672 0.000875851222397
54 7 23.016852096999990 8.859188158300002 8.613540254699998 -0.000261743221234 0.000672971831545 0.001142631313632
78 8 23.016857907999999 10.692224600700005 12.258847990200001 -0.000905326660422 -0.001919071700219 -0.001464721420425
94 8 21.429395566900006 7.942669457500004 12.258833442600000 0.001350879334553 0.001410030768994 -0.001326585871645
102 8 23.016848881199998 7.026158843900003 9.666525792999996 0.000043839934049 0.001956347563148 0.001179135440415
110 8 21.429393533100001 9.775701616500001 9.666529521300001 0.001598629523836 -0.001009483088448 0.001630080257900
126 8 19.180698912700002 9.240961061100004 11.232627459799998 -0.000550485881556 0.002620224237878 0.002078679924633
134 8 19.180709763900005 6.644398071300002 9.396583635799999 0.000147043377317 0.000263578991252 0.000075648115918
150 8 21.429391484400004 7.942663574800001 7.560546762400000 0.002118832367825 0.001067869094488 -0.002568201438100
160 8 23.016855623200005 10.692226291400004 7.560555002900000 -0.000028860625436 -0.002294478949552 -0.002102030648782
168 8 19.180723212599993 11.073986469400005 7.830487589900000 0.000027131692891 -0.000090299200427 0.000125724950391
62 7 24.934923971800000 9.966587471600000 11.745738510299995 0.000646087645828 -0.000776668323348 0.000846732909667
70 8 24.604313256200005 7.942681828100003 12.258844262099997 -0.002725002032117 0.000979772298168 -0.002118785743225
86 8 24.604302759999996 9.775705435000003 9.666531706799999 -0.001946448140701 -0.001119675467432 0.000936102361809
7 1 15.344560296200003 13.288795263500004 11.745737660500000 -0.000241776253270 0.001527180605516 -0.004081525320433
15 1 17.262640612500000 12.181390680000009 8.613533801700001 -0.000219844915523 0.000235664069714 -0.001038665915797
23 1 15.344557788300000 15.503588815399999 8.613540438400001 -0.000283498960977 -0.000109860749726 -0.001250481687036
31 1 13.426487796399995 12.181395589400003 8.613538384300000 0.000033563632987 0.000332789551979 -0.000993780787124
39 7 17.262627163200005 16.610986685300006 11.745734611600000 0.001271397248935 0.001701218862427 0.000006174817128
95 8 17.593253881800010 14.587061761100006 12.258833442600000 0.001047437397739 0.000000482414573 -0.000642913539672
111 8 17.593251848000001 16.420093920100001 9.666529521300001 0.001574956002045 -0.000897052307572 0.001572873090650
119 8 17.593249127900002 11.990500490400001 11.232628962800000 0.001336677619123 -0.001314078585483 0.002461806999508
127 8 15.344557227600006 15.885353364700006 11.232627459799998 0.000232899526629 0.001174264633661 0.001958681236195
135 8 15.344568078800005 13.288790374900007 9.396583635799999 0.000144792567779 -0.000467093436485 0.001328610925145
143 8 13.095880352600002 14.587079165600008 7.560553499600000 -0.001864237989028 0.000498363812311 0.000503556389048
151 8 17.593249799300004 14.587055878400003 7.560546762400000 0.002280679482445 0.000966238583368 -0.000476429411959
175 8 13.095867367800004 11.990498335500007 11.232641519100001 -0.000875091474771 -0.000365884693212 0.001733457045373
8 1 23.016843666400000 13.288795263500004 11.745737660500000 0.000328352168976 0.000271551565222 -0.000083660219716
24 1 23.016841158500000 15.503588815399999 8.613540438400001 0.000284722028379 0.000059137087575 0.000039856125094
32 1 21.098771166600002 12.181395589400003 8.613538384300000 0.000193494016693 0.000200037846368 -0.000105420826722
47 7 19.180709987699998 13.288788550000005 11.745727975299999 0.001393426123487 0.001202502821896 -0.001332684666270
55 7 19.180710411900002 15.503580461900007 8.613540254699998 -0.000258314999111 -0.000038090124648 -0.000042522432736
63 7 21.098782286700004 16.610979775200004 11.745738510299995 0.000114406066127 0.002153950163688 0.001577685740804
71 8 20.768171571100002 14.587074131700003 12.258844262099997 -0.002397602813296 -0.000404186203534 -0.001429127609929
79 8 19.180716222899996 17.336616904300001 12.258847990200001 -0.000920472842520 -0.002960537754313 -0.002156698788104
87 8 20.768161074900000 16.420097738599999 9.666531706799999 -0.001801619568108 -0.001218934485136 0.000880256333564
103 8 19.180707196099995 13.670551147500003 9.666525792999996 -0.000076027918046 0.001473745129043 0.002124399887749
128 8 23.016840597800005 15.885353364700006 11.232627459799998 0.000314110758406 0.001330339012337 0.001043760335167
136 8 23.016851449000004 13.288790374900007 9.396583635799999 -0.000146763921198 -0.000239643145820 0.000073639674816
144 8 20.768163722800004 14.587079165600008 7.560553499600000 -0.001603984855860 0.000783158284074 -0.001598878994219
176 8 20.768150737999996 11.990498335500007 11.232641519100001 -0.002145220472197 -0.001064161154349 0.001682691504630
16 1 24.934923982700003 12.181390680000009 8.613533801700001 0.000079519573423 0.000378032027413 0.000055471095769
40 7 24.934910533400007 16.610986685300006 11.745734611600000 -0.000472044070258 0.000705705149844 0.000729375727253
48 7 26.852993357900004 13.288788550000005 11.745727975299999 -0.001388824826428 0.000192383094215 -0.000603202135222
56 7 26.852993782099993 15.503580461900007 8.613540254699998 0.000346122099483 0.000315477542990 -0.001244244800353
64 7 28.771065656899999 16.610979775200004 11.745738510299995 -0.000724498726126 0.001044538481399 -0.000636461450970
72 8 28.440454941300004 14.587074131700003 12.258844262099997 -0.001041149852779 0.000009306985631 -0.000744532253919
80 8 26.852999593099998 17.336616904300001 12.258847990200001 0.000149409049463 -0.001984440179349 -0.001465670387498
88 8 28.440444445099999 16.420097738599999 9.666531706799999 -0.001438717784516 -0.000869217842787 0.001828414142674
96 8 25.265537252000023 14.587061761100006 12.258833442600000 0.001937705246719 0.000535631887724 -0.001331201660931
104 8 26.852990566300001 13.670551147500003 9.666525792999996 0.000081064518224 0.001399256615847 0.002071991452136
112 8 25.265535218199997 16.420093920100001 9.666529521300001 0.001469904431456 -0.000934107610852 0.001524585331326
120 8 25.265532498100001 11.990500490400001 11.232628962800000 0.001919274880993 -0.000611868026004 0.001374431545497
152 8 25.265533169500006 14.587055878400003 7.560546762400000 0.001333788564091 0.000730381967538 -0.000909285524118
