ITEM: TIMESTEP
0
ITEM: NUMBER OF ATOMS
176
ITEM: BOX BOUNDS xy xz yz pp pp pp
0.0000000000000000e+00 3.0689133480799999e+01 7.6722833701999980e+00
0.0000000000000000e+00 1.7718379476200003e+01 7.6722833702000024e+00
0.0000000000000000e+00 1.2528786279200000e+01 4.4295948690000015e+00
ITEM: ATOMS id type x y z fx fy fz
25 1 5.754204426199998 3.322205851300000 2.349145244699999 -0.004444333573337 -0.000979342569088 -0.002245233364857
137 8 5.423596982400004 5.727889427500000 1.296160360000000 -0.000326988811475 0.000586808712649 -0.000747751864505
161 8 3.836156472199998 2.214796731300001 1.566094450300000 0.000927241691507 0.000669303360813 0.001662586569104
169 8 5.423583997600000 3.131308597400002 4.968248379499999 0.001202825900157 -0.000980521212827 0.000941326784461
1 1 7.672276926000002 4.429605525400001 5.481344520900000 -0.015449087685725 0.008848895549652 0.009302167538184
9 1 9.590357242299998 3.322200941900001 2.349140662099999 -0.015758726572778 -0.009016098331002 -0.025460440629848
41 7 11.503426617499956 4.426712060554081 5.473169869890742 0.097226437944686 0.056198406118362 0.159259769452357
89 8 9.920970511600007 5.727872023000002 5.994440303000000 -0.007110593317322 -0.004133722089383 -0.015832637043368
97 8 11.508423825899998 4.811361409400002 3.402132653400000 -0.008770338873895 -0.006691704671569 -0.027475640140721
113 8 9.920965757699999 3.131310752300001 4.968235823200000 -0.019912489969629 -0.009979768912977 -0.019492071467012
129 8 7.672284708600001 4.429600636800002 3.132190496199999 0.007183879610960 -0.002428216639606 0.001802813537110
145 8 9.920966429100000 5.727866140300000 1.296153622799999 0.005582755477566 -0.002488048759112 0.006658188624190
153 8 7.672288882800000 1.833036553300000 1.296161863300000 0.002837715714080 0.000121925663307 0.002022880816823
162 8 11.508439842400000 2.214796731300001 1.566094450300000 -0.002992079624980 0.004961035818099 0.005326260018204
2 1 15.344560296200001 4.429605525400001 5.481344520900000 -0.015433143997258 0.008787887777600 0.009217666172200
10 1 17.262640612500000 3.322200941900001 2.349140662099999 0.000084082794297 0.000133403347742 0.000422777161529
26 1 13.426487796400002 3.322205851300000 2.349145244699999 0.018207817501884 -0.007581940081595 -0.005375880465840
65 8 13.095888200900001 5.727884393600002 5.994451122499998 -0.021667231416173 -0.007038354421763 -0.021731063936221
90 8 17.593253881800006 5.727872023000002 5.994440303000000 0.004445164318334 0.000979220448583 -0.001718895298248
114 8 17.593249127900009 3.131310752300001 4.968235823200000 0.003963145075158 -0.001596260579619 0.000813225642589
130 8 15.344568078800005 4.429600636800002 3.132190496199999 -0.002884970728960 -0.001691867101154 -0.004607878125230
138 8 13.095880352600009 5.727889427500000 1.296160360000000 -0.007776356653806 -0.001679217827459 0.005245754490534
146 8 17.593249799300011 5.727866140300000 1.296153622799999 0.001744238637353 0.000981223562617 -0.001370137572513
154 8 15.344572252999999 1.833036553300000 1.296161863300000 -0.001776594594853 -0.000798643610487 -0.000466369195244
170 8 13.095867367800004 3.131308597400002 4.968248379499999 -0.010593226422031 -0.005887187737321 -0.013086892296377
42 7 19.180709987699998 4.429598811900002 5.481334835700000 -0.004237962604585 0.001243019829587 0.000978305092896
66 8 20.768171571100002 5.727884393600002 5.994451122499998 0.000366536955533 -0.000113715319481 -0.001993208652514
98 8 19.180707196099995 4.811361409400002 3.402132653400000 0.000979447587555 0.001375202136420 0.001277630378025
3 1 11.508418611100000 11.073997829000001 5.481344520900000 0.000683704355253 -0.002252843604367 0.000906201567134
17 1 7.672274418099999 6.644399077300000 2.349147298800000 -0.003972817086031 0.004231575332931 -0.001460663749191
27 1 9.590346111300001 9.966598154900002 2.349145244699999 0.000079159450417 0.002368593051953 -0.000226599076331
33 7 9.590343793000001 7.751796947200008 5.481341472000000 0.005903729935189 0.003064249615174 0.009229954899617
49 7 11.508427041700001 6.644390723800001 2.349147115100000 0.005539856705429 0.038361303471366 -0.016394524798497
73 8 11.508432852700000 8.477427166200002 5.994454850600000 -0.006058040549529 0.002219005825578 -0.002812090088988
105 8 9.920968477800001 7.560904182000002 3.402136381700000 0.004562172544714 -0.006670696644692 -0.001671625697248
121 8 7.672273857400003 7.026163626600007 4.968234320200000 -0.000307887587169 -0.000158763218263 -0.000439143532628
131 8 11.508426393700001 11.073992940400007 3.132190496199999 -0.000331602257235 -0.000213945090806 -0.000421455489830
155 8 11.508430567899998 8.477428856900005 1.296161863300000 -0.000697057075236 -0.009390829154118 0.002643356805069
163 8 7.672298157300000 8.859189034900005 1.566094450300000 0.000361249588026 -0.001623461390566 0.000696133436983
171 8 9.259725682700001 9.775700901000002 4.968248379499999 -0.002308636472708 -0.001250025326039 0.000198699283344
11 1 13.426498927399999 9.966593245500007 2.349140662099999 0.000442630596100 0.000335488082292 0.000998901027325
18 1 15.344557788300000 6.644399077300000 2.349147298800000 0.002163762616342 0.001133520089569 0.003384034641917
28 1 17.262629481500003 9.966598154900002 2.349145244699999 -0.000306410547848 -0.001389177700478 0.000136305023245
34 7 17.262627163200005 7.751796947200008 5.481341472000000 -0.004932624505825 -0.002722386802368 0.000676491125620
43 7 15.344568302600003 11.073991115500002 5.481334835700000 -0.003140160001890 -0.005321459349727 0.000598501292107
57 7 13.426498916499998 7.751790037100004 5.481345370700000 -0.005333197759696 -0.037593813257371 0.017080426623015
81 8 13.095877704700001 7.560908000500002 3.402138567200000 -0.007417226251791 -0.004309166599267 -0.008014763400820
99 8 15.344565510999997 11.455753713000002 3.402132653400000 0.000759479763473 0.003832135833573 0.001057954854070
106 8 17.593251848000001 7.560904182000002 3.402136381700000 0.002500973203129 -0.000788363771013 0.000327244173662
115 8 13.757107442799997 9.775703055900001 4.968235823200000 0.003475457711225 0.007343435480078 -0.001316739721833
122 8 15.344557227600001 7.026163626600007 4.968234320200000 0.008192169689208 0.005384802287300 -0.002531662615911
164 8 15.344581527500001 8.859189034900005 1.566094450300000 -0.000247364432853 -0.000003976096024 -0.000249513087153
172 8 16.932009052900014 9.775700901000002 4.968248379499999 -0.000955657759948 0.000967555574737 0.000940429916045
4 1 19.180701981300000 11.073997829000001 5.481344520900000 0.000691461599118 -0.002249023276947 0.000907456857207
12 1 21.098782297600000 9.966593245500007 2.349140662099999 -0.000145943037639 -0.000002173116355 0.000035040209633
44 7 23.016851672799998 11.073991115500002 5.481334835700000 0.000103830612071 0.000124691988769 0.000659523099357
50 7 19.180710411899998 6.644390723800001 2.349147115100000 -0.001519171652958 0.000419058802160 0.000257689233356
58 7 21.098782286699997 7.751790037100004 5.481345370700000 -0.002044999045217 0.001408204374328 0.000970813403963
74 8 19.180716222899989 8.477427166200002 5.994454850600000 0.001431112034971 -0.001422814057680 -0.001592711728503
82 8 20.768161074900000 7.560908000500002 3.402138567200000 -0.000538516055547 -0.001214833137269 0.001287400472979
100 8 23.016848881199998 11.455753713000002 3.402132653400000 -0.000083703130269 0.001916319477716 0.001256633061984
116 8 21.429390813000008 9.775703055900001 4.968235823200000 0.001686670187609 -0.001103031863429 0.001235131444205
132 8 19.180709763900005 11.073992940400007 3.132190496199999 -0.000174122793596 0.001844274000142 -0.000106502663174
156 8 19.180713938099998 8.477428856900005 1.296161863300000 0.000223576014858 -0.001712324347391 -0.001525701395511
19 1 11.508416103199997 13.288791380900006 2.349147298800000 -0.000650673980510 -0.000487593548849 -0.001209419445694
123 8 11.508415542500002 13.670555930200003 4.968234320200000 0.001920700351590 0.002384559782046 0.001261652404566
139 8 9.259738667499999 12.372281731100001 1.296160360000000 -0.002418611681826 0.000794797365907 -0.000017348709347
35 7 13.426485478100000 14.396189250800001 5.481341472000000 -0.004934899038384 -0.002722630171775 0.000683465564442
51 7 15.344568726800000 13.288783027399999 2.349147115100000 -0.005002477674126 -0.004928952963046 -0.003892436709647
59 7 17.262640601600001 14.396182340700005 5.481345370700000 -0.005335354875711 -0.037681727884335 0.017164720300764
67 8 16.932029885999999 12.372276697200000 5.994451122499998 -0.000114529633763 0.008824070764040 -0.004125586853438
75 8 15.344574537799998 15.121819469800011 5.994454850600000 0.007693099672747 0.001573222382675 -0.005379190424021
83 8 16.932019389799994 14.205300304100005 3.402138567200000 0.002019588528792 0.006825431548776 0.005633584601975
91 8 13.757112196700003 12.372264326600002 5.994440303000000 0.002280192166953 0.002924025419327 -0.001725257855864
107 8 13.757110162900000 14.205296485600002 3.402136381700000 0.003131161798865 -0.000346125602093 0.001949515803578
140 8 16.932022037700008 12.372281731100001 1.296160360000000 -0.001386795732059 0.002176059845897 0.000227242211053
147 8 13.757108114200003 12.372258443900009 1.296153622799999 0.003449255262436 0.001967179888861 0.001410158063066
20 1 19.180699473400008 13.288791380900006 2.349147298800000 0.002173905670394 -0.005497364736270 -0.001785095510944
36 7 21.098768848300001 14.396189250800001 5.481341472000000 0.005853077287603 0.003286811247491 0.009182474579747
52 7 23.016852096999997 13.288783027399999 2.349147115100000 0.001956620746519 -0.000897886409832 -0.000678557058929
76 8 23.016857907999988 15.121819469800011 5.994454850600000 -0.000745407595257 -0.003971685685898 -0.003268621812455
92 8 21.429395566900006 12.372264326600002 5.994440303000000 0.000933493826011 0.000656428450071 -0.002453689523526
108 8 21.429393533100004 14.205296485600002 3.402136381700000 -0.000251796824727 -0.000208282048401 -0.000421491242854
124 8 19.180698912699995 13.670555930200003 4.968234320200000 -0.005601183942237 0.006026894705834 0.000028284370777
148 8 21.429391484400018 12.372258443900009 1.296153622799999 0.000992146206691 0.001424946317758 -0.000669499885561
60 7 24.934923971800007 14.396182340700005 5.481345370700000 -0.002066635168038 0.001412429205435 0.000966762531284
68 8 24.604313256200001 12.372276697200000 5.994451122499998 -0.001890963288753 0.000381895711105 -0.001568519473641
84 8 24.604302760000003 14.205300304100005 3.402138567200000 -0.001921164778089 -0.001139970615740 0.000944038439593
29 1 9.590346111300004 5.537003285800003 8.613538384300000 0.018112439403895 -0.007565876560963 -0.005418875132426
157 8 11.508430567900000 4.047833987800002 7.560555002900000 -0.008874568058304 -0.010693938845716 -0.028297279254300
165 8 7.672298157300002 4.429594165800001 7.830487589900000 -0.002979503560645 -0.001581220747848 -0.004684681307509
173 8 9.259725682700003 5.346106031900003 11.232641519100001 -0.003371300625591 -0.000158907885104 0.003462972483584
13 1 13.426498927400001 5.536998376400002 8.613533801700001 -0.015612524113535 -0.008931912737473 -0.025221813635155
30 1 17.262629481500003 5.537003285800003 8.613538384300000 -0.004426244796800 -0.000978913753457 -0.002246408565430
117 8 13.757107442800002 5.346108186800002 11.232628962800000 0.003941328182769 0.000145623324477 0.005823744847631
166 8 15.344581527500001 4.429594165800001 7.830487589900000 0.007058667349312 -0.002298856683982 0.001731443468855
174 8 16.932009052900007 5.346106031900003 11.232641519100001 -0.000705096621732 -0.000347714566193 0.002821710805103
14 1 21.098782297600003 5.536998376400002 8.613533801700001 0.000094760570949 0.000134034195333 0.000416014505777
118 8 21.429390813000005 5.346108186800002 11.232628962800000 0.001016027055169 -0.000335287452879 0.001855111567220
158 8 19.180713938100002 4.047833987800002 7.560555002900000 0.000904113984044 -0.002206384602245 -0.001916834070184
5 1 11.508418611100007 6.644402959900002 11.745737660500000 0.000328664069670 -0.001712173356496 -0.005022448576876
21 1 11.508416103199998 8.859196511800004 8.613540438400001 0.002156834869762 -0.005479684531680 -0.001795234067731
125 8 11.508415542500003 9.240961061100004 11.232627459799998 0.000215722387676 0.002812645007931 0.002627745437395
133 8 11.508426393700002 6.644398071300002 9.396583635799999 -0.002872550695395 0.004828584486658 0.005388618123813
141 8 9.259738667500002 7.942686862000003 7.560553499600000 -0.003434513883396 0.001500503029540 -0.003554637616442
167 8 11.508439842400001 11.073986469400005 7.830487589900000 -0.000247655991947 0.001959628590770 -0.000190077277868
37 7 13.426485478099996 9.966594381700006 11.745734611600000 -0.001159720229480 -0.000880469581062 -0.002280335186200
45 7 15.344568302600001 6.644396246400003 11.745727975299999 -0.004237950158259 -0.002382038216727 -0.006430571415884
53 7 15.344568726799995 8.859188158300002 8.613540254699998 -0.004990890608818 -0.004912404606926 -0.003893016545874
61 7 17.262640601600001 9.966587471600000 11.745738510299995 -0.002353257890010 0.001243469443298 -0.007682859804310
69 8 16.932029886000002 7.942681828100003 12.258844262099997 0.000357579269473 0.001624651727091 0.003038071040631
77 8 15.344574537800005 10.692224600700005 12.258847990200001 0.001513647902368 -0.002160713449147 -0.000017578049885
85 8 16.932019389799990 9.775705435000003 9.666531706799999 0.000087502277113 0.000022980648688 0.004242505876164
93 8 13.757112196700007 7.942669457500004 12.258833442600000 0.002533889137257 0.001603918263602 0.000155292542029
101 8 15.344565511000003 7.026158843900003 9.666525792999996 0.002896009229084 0.003689733624947 0.005215745419973
109 8 13.757110162900005 9.775701616500001 9.666529521300001 0.001795573040986 0.000493913827700 0.003401004548202
142 8 16.932022037700005 7.942686862000003 7.560553499600000 -0.000048851540804 0.001335019564125 -0.001217983721608
149 8 13.757108114200001 7.942663574800001 7.560546762400000 0.005350426272503 0.008732779638218 0.002829372274764
159 8 15.344572253000006 10.692226291400004 7.560555002900000 0.000686493276982 0.000245031206736 -0.002135810946063
6 1 19.180701981300004 6.644402959900002 11.745737660500000 0.000338508610063 -0.001716483734595 -0.005037114733510
22 1 19.180699473400011 8.859196511800004 8.613540438400001 -0.000644335959274 -0.000487215927727 -0.001213462073354
38 7 21.098768848300008 9.966594381700006 11.745734611600000 0.002623605159886 0.000951442648119 -0.005244154444664
46 7 23.016851672800001 6.644396246400003 11.745727975299999 0.002857844241522 -0.001910342716917 -0.002252080230782
54 7 23.016852096999990 8.859188158300002 8.613540254699998 0.001965332343898 -0.000909534823053 -0.000695562922928
78 8 23.016857907999999 10.692224600700005 12.258847990200001 -0.001720702790470 -0.002333451417448 -0.001074321814103
94 8 21.429395566900006 7.942669457500004 12.258833442600000 -0.000138112889040 0.001795611117065 0.000788055834874
102 8 23.016848881199998 7.026158843900003 9.666525792999996 -0.001708820789536 0.002785637797997 0.002742242297272
110 8 21.429393533100001 9.775701616500001 9.666529521300001 0.000756812121561 -0.000882613349391 0.003164043257183
126 8 19.180698912700002 9.240961061100004 11.232627459799998 -0.000103249786622 0.002050356994336 0.003048373083394
134 8 19.180709763900005 6.644398071300002 9.396583635799999 0.000993869147571 0.000552607350377 0.001758576173803
150 8 21.429391484400004 7.942663574800001 7.560546762400000 0.001424712128916 0.000801555803225 -0.001877572167469
160 8 23.016855623200005 10.692226291400004 7.560555002900000 -0.000158034196331 -0.001663112555336 -0.001934386936155
168 8 19.180723212599993 11.073986469400005 7.830487589900000 -0.000411313983473 -0.000102222323349 -0.000507693662035
62 7 24.934923971800000 9.966587471600000 11.745738510299995 0.000832626054471 -0.000248653764568 -0.000932795042340
70 8 24.604313256200005 7.942681828100003 12.258844262099997 -0.002564531666196 0.001149506836772 -0.000951540560348
86 8 24.604302759999996 9.775705435000003 9.666531706799999 -0.002358473218025 -0.000509462627977 0.002161376232282
7 1 15.344560296200003 13.288795263500004 11.745737660500000 0.000095770779335 0.000942225085330 -0.001057833455038
15 1 17.262640612500000 12.181390680000009 8.613533801700001 0.000444223073400 0.000340722227430 0.000996063445950
23 1 15.344557788300000 15.503588815399999 8.613540438400001 0.002166950943435 0.001139682638397 0.003379848338732
31 1 13.426487796399995 12.181395589400003 8.613538384300000 -0.000307291453896 -0.001383495029262 0.000136877931155
39 7 17.262627163200005 16.610986685300006 11.745734611600000 0.002616850643954 0.000948537211645 -0.005244440991947
95 8 17.593253881800010 14.587061761100006 12.258833442600000 0.001502789914872 -0.000451289445310 -0.000056370193056
111 8 17.593251848000001 16.420093920100001 9.666529521300001 -0.004610073426285 -0.003360546927644 0.008434529171525
119 8 17.593249127900002 11.990500490400001 11.232628962800000 0.001655905572993 -0.002549788072628 0.002760487971559
127 8 15.344557227600006 15.885353364700006 11.232627459799998 -0.001240394992882 0.001472215283745 0.001784593158452
135 8 15.344568078800005 13.288790374900007 9.396583635799999 -0.000174412455356 -0.000126777810036 -0.000155226330712
143 8 13.095880352600002 14.587079165600008 7.560553499600000 -0.000682325167788 0.000888207017831 -0.002847268210841
151 8 17.593249799300004 14.587055878400003 7.560546762400000 -0.004056882832784 -0.002367215391330 -0.010845141770364
175 8 13.095867367800004 11.990498335500007 11.232641519100001 -0.001382926423243 -0.000746650672949 0.001708917036273
8 1 23.016843666400000 13.288795263500004 11.745737660500000 0.000098328695172 0.000937522021355 -0.001055695044417
24 1 23.016841158500000 15.503588815399999 8.613540438400001 -0.003967520326310 0.004207193463348 -0.001469723367323
32 1 21.098771166600002 12.181395589400003 8.613538384300000 0.000080932673659 0.002368984699094 -0.000235141435258
47 7 19.180709987699998 13.288788550000005 11.745727975299999 0.000103834164811 0.003697917067351 -0.004576860176078
55 7 19.180710411900002 15.503580461900007 8.613540254699998 0.005495206177945 0.038248510233699 -0.016378994287199
63 7 21.098782286700004 16.610979775200004 11.745738510299995 -0.002354730478971 0.001232768922856 -0.007665699608552
71 8 20.768171571100002 14.587074131700003 12.258844262099997 -0.001926856462180 -0.001059387349062 -0.000046603397378
79 8 19.180716222899996 17.336616904300001 12.258847990200001 -0.000578145667378 -0.001754880898006 0.000196628571668
87 8 20.768161074900000 16.420097738599999 9.666531706799999 0.002248729248891 -0.004397169268951 0.009457123715542
103 8 19.180707196099995 13.670551147500003 9.666525792999996 -0.000623398281399 -0.005809000427467 0.005848274157022
128 8 23.016840597800005 15.885353364700006 11.232627459799998 0.001992162203455 0.001649027679622 0.002837691519778
136 8 23.016851449000004 13.288790374900007 9.396583635799999 0.000441122656924 -0.001735193665237 0.000789988851588
144 8 20.768163722800004 14.587079165600008 7.560553499600000 0.001381637808537 -0.004976802211866 -0.004821916219002
176 8 20.768150737999996 11.990498335500007 11.232641519100001 -0.001732626979216 -0.002407569606160 0.002610034897926
16 1 24.934923982700003 12.181390680000009 8.613533801700001 -0.000148242647076 -0.000003489221814 0.000031299874090
40 7 24.934910533400007 16.610986685300006 11.745734611600000 -0.001152142025022 -0.000891083726994 -0.002281257289117
48 7 26.852993357900004 13.288788550000005 11.745727975299999 -0.000402476415320 -0.000167628435463 -0.000167274080811
56 7 26.852993782099993 15.503580461900007 8.613540254699998 -0.001514775149396 0.000416165221238 0.000255430383095
64 7 28.771065656899999 16.610979775200004 11.745738510299995 0.000837496246601 -0.000251267841290 -0.000934254522345
72 8 28.440454941300004 14.587074131700003 12.258844262099997 -0.001762277338845 0.000725725080395 -0.001143909382206
80 8 26.852999593099998 17.336616904300001 12.258847990200001 -0.000271133474267 -0.000989996246574 -0.000226433805583
88 8 28.440444445099999 16.420097738599999 9.666531706799999 -0.001614740402811 -0.000958240976966 0.001458783979941
96 8 25.265537252000023 14.587061761100006 12.258833442600000 0.001849043566413 0.001216109785954 -0.000957152568013
104 8 26.852990566300001 13.670551147500003 9.666525792999996 0.000297298869496 0.001871145620372 0.001670365539723
112 8 25.265535218199997 16.420093920100001 9.666529521300001 0.002848292447203 -0.001087571532180 0.002429087777277
120 8 25.265532498100001 11.990500490400001 11.232628962800000 0.001820929215088 -0.000760364076599 0.001662835685616
152 8 25.265533169500006 14.587055878400003 7.560546762400000 0.002819313193490 0.000723744351903 -0.001531617927027
