ITEM: TIMESTEP
0
ITEM: NUMBER OF ATOMS
176
ITEM: BOX BOUNDS xy xz yz pp pp pp
0.0000000000000000e+00 3.0689133480799999e+01 7.6722833701999980e+00
0.0000000000000000e+00 1.7718379476200003e+01 7.6722833702000024e+00
0.0000000000000000e+00 1.2528786279200000e+01 4.4295948690000015e+00
ITEM: ATOMS id type x y z fx fy fz
25 1 5.754204426199998 3.322205851300000 2.349145244699999 -0.004444364192062 -0.002461518568563 -0.000149133918887
137 8 5.423596982400004 5.727889427500000 1.296160360000000 0.001236143843286 0.000415779439491 -0.001564731924608
161 8 3.836156472199998 2.214796731300001 1.566094450300000 0.000927248054314 0.001854131395118 -0.000012996807674
169 8 5.423583997600000 3.131308597400002 4.968248379499999 -0.000360237627317 -0.000153245571239 0.000830244429534
1 1 7.672276926000002 4.429605525400001 5.481344520900000 -0.003931462324689 0.000001763681547 0.004450525691496
9 1 9.590357242299998 3.322200941900001 2.349140662099999 -0.015758833726721 -0.027054802261351 0.000049756209446
41 7 11.508426617500000 4.429598811900002 5.481334835700000 0.005499459115728 -0.002722413515829 0.041643747135485
89 8 9.920970511600007 5.727872023000002 5.994440303000000 0.004583380690472 -0.003919402680816 -0.005728901291966
97 8 11.508423825899998 4.811361409400002 3.402132653400000 -0.008770019873008 -0.028430494375808 0.003265111966625
113 8 9.920965757699999 3.131310752300001 4.968235823200000 0.005660079067439 0.005622394883671 -0.004569650298924
129 8 7.672284708600001 4.429600636800002 3.132190496199999 0.007183955986998 0.000792432324279 -0.002751902158899
145 8 9.920966429100000 5.727866140300000 1.296153622799999 -0.019991194723113 -0.021758169906889 -0.003078494782963
153 8 7.672288882800000 1.833036553300000 1.296161863300000 0.002837738019282 0.002280720729864 -0.001030025574323
162 8 11.508439842400000 2.214796731300001 1.566094450300000 -0.002992095097554 0.006738907223668 0.002812082546385
2 1 15.344560296200001 4.429605525400001 5.481344520900000 0.002205128462863 0.003536706015551 -0.000085322470327
10 1 17.262640612500000 3.322200941900001 2.349140662099999 0.000084079099766 0.000398174169390 0.000048341602119
26 1 13.426487796400002 3.322205851300000 2.349145244699999 0.018207946928504 -0.007613928732158 -0.005330676239460
65 8 13.095888200900001 5.727884393600002 5.994451122499998 -0.007568088325582 -0.009351375799605 -0.001432351254916
90 8 17.593253881800006 5.727872023000002 5.994440303000000 0.002522157097216 -0.000074072415234 -0.000849256493033
114 8 17.593249127900009 3.131310752300001 4.968235823200000 0.001821553717544 -0.000790411965352 0.001377319562387
130 8 15.344568078800005 4.429600636800002 3.132190496199999 -0.002884985367189 -0.005006191328012 0.000079234635950
138 8 13.095880352600009 5.727889427500000 1.296160360000000 -0.010560397493803 -0.014445523184993 -0.001514493373629
146 8 17.593249799300011 5.727866140300000 1.296153622799999 0.003885825417640 0.000180767310836 -0.001941863490063
154 8 15.344572252999999 1.833036553300000 1.296161863300000 -0.001776611708853 -0.000373087516526 -0.001068163503224
170 8 13.095867367800004 3.131308597400002 4.968248379499999 -0.007809514333642 0.004742343171292 -0.003304005002028
42 7 19.180709987699998 4.429598811900002 5.481334835700000 -0.001559519514363 0.000330213964465 0.000320613745572
66 8 20.768171571100002 5.727884393600002 5.994451122499998 -0.000689533527052 0.000450225110046 -0.001615935389094
98 8 19.180707196099995 4.811361409400002 3.402132653400000 0.000979462183234 0.001370742638546 0.001283932490780
3 1 11.508418611100000 11.073997829000001 5.481344520900000 0.002198253060345 -0.003550791039040 -0.004593924422832
17 1 7.672274418099999 6.644399077300000 2.349147298800000 -0.015490487902550 0.011754814983560 0.005263185598183
27 1 9.590346111300001 9.966598154900002 2.349145244699999 0.018112604223052 -0.007649284911836 -0.005301176771921
33 7 9.590343793000001 7.751796947200008 5.481341472000000 0.005903679729734 0.009671473511363 -0.000113738407249
49 7 11.503427041699984 6.635730469762166 2.349147115100000 0.097270963933099 0.168903460711280 -0.000051956900251
73 8 11.508432852700000 8.477427166200002 5.994454850600000 -0.006057972677154 -0.001840498724321 0.002928857507360
105 8 9.920968477800001 7.560904182000002 3.402136381700000 -0.007131465294558 -0.016268062275950 0.001494075515880
121 8 7.672273857400003 7.026163626600007 4.968234320200000 -0.000307898262002 -0.000549890439470 0.000113984864665
131 8 11.508426393700001 11.073992940400007 3.132190496199999 -0.002872544726155 0.006592209226332 0.002894635402921
155 8 11.508430567899998 8.477428856900005 1.296161863300000 -0.008874199456163 -0.029917326125421 -0.001116160706283
163 8 7.672298157300000 8.859189034900005 1.566094450300000 -0.002979518908205 -0.004880312939500 -0.000019032250249
171 8 9.259725682700001 9.775700901000002 4.968248379499999 -0.003467667942996 -0.002495165887353 0.002627292195669
11 1 13.426498927399999 9.966593245500007 2.349140662099999 -0.015612608875090 -0.026801604668029 0.000049734966201
18 1 15.344557788300000 6.644399077300000 2.349147298800000 -0.015474553775025 0.011654951513633 0.005234047110132
28 1 17.262629481500003 9.966598154900002 2.349145244699999 -0.004426270112246 -0.002462502304948 -0.000148322716391
34 7 17.262627163200005 7.751796947200008 5.481341472000000 -0.004932679595763 -0.000321811619621 -0.002718447378509
43 7 15.344568302600003 11.073991115500002 5.481334835700000 -0.005031246616922 -0.005360301191498 -0.003322358171833
57 7 13.426498916499998 7.751790037100004 5.481345370700000 -0.005333195082743 0.003686700913139 -0.041298841012892
81 8 13.095877704700001 7.560908000500002 3.402138567200000 -0.021520254638360 -0.022678050266370 0.000929017968858
99 8 15.344565510999997 11.455753713000002 3.402132653400000 0.002896014911943 0.005855180432697 0.002153379482499
106 8 17.593251848000001 7.560904182000002 3.402136381700000 0.004423971349839 -0.001257158121478 0.001610175147058
115 8 13.757107442799997 9.775703055900001 4.968235823200000 0.005427781344655 0.005752804093635 0.007285734956561
122 8 15.344557227600001 7.026163626600007 4.968234320200000 0.008192282004605 -0.000674813191319 0.006038090008795
164 8 15.344581527500001 8.859189034900005 1.566094450300000 0.007058724241397 0.000929677574163 -0.002834359096124
172 8 16.932009052900014 9.775700901000002 4.968248379499999 -0.000082087742170 -0.000347190518088 0.001692412074719
4 1 19.180701981300000 11.073997829000001 5.481344520900000 -0.000602916830516 -0.001338108839383 -0.000080847546621
12 1 21.098782297600000 9.966593245500007 2.349140662099999 0.000094777142072 0.000391991545012 0.000051187673433
44 7 23.016851672799998 11.073991115500002 5.481334835700000 0.001924965216712 -0.001011381148554 -0.000614241693065
50 7 19.180710411899998 6.644390723800001 2.349147115100000 -0.004197631350630 0.001343396550239 0.000899053361861
58 7 21.098782286699997 7.751790037100004 5.481345370700000 -0.002045019893312 0.001498970942270 0.000842456240423
74 8 19.180716222899989 8.477427166200002 5.994454850600000 0.001431121562232 -0.001904767339810 -0.000911108285799
82 8 20.768161074900000 7.560908000500002 3.402138567200000 0.000517555976735 -0.001758498797457 0.000881492500864
100 8 23.016848881199998 11.455753713000002 3.402132653400000 -0.001708829029628 0.003221744499265 0.002125513336391
116 8 21.429390813000008 9.775703055900001 4.968235823200000 0.001502033489473 -0.001328716596246 0.001377074342155
132 8 19.180709763900005 11.073992940400007 3.132190496199999 0.000993865922076 0.001744357057201 0.000073199388839
156 8 19.180713938099998 8.477428856900005 1.296161863300000 0.000904125781676 -0.002209890914967 -0.001911885271385
19 1 11.508416103199997 13.288791380900006 2.349147298800000 0.000287263774336 -0.005270932290250 0.000081067638811
123 8 11.508415542500002 13.670555930200003 4.968234320200000 0.000215722367122 0.003332066170259 0.001893188449332
139 8 9.259738667499999 12.372281731100001 1.296160360000000 -0.003338081910556 0.003067118688041 -0.001630669110457
35 7 13.426485478100000 14.396189250800001 5.481341472000000 -0.001159714812713 -0.002495567579289 0.000003761171632
51 7 15.344568726800000 13.288783027399999 2.349147115100000 -0.004197651598106 -0.006850220832451 -0.000049036480651
59 7 17.262640601600001 14.396182340700005 5.481345370700000 -0.002353279537641 -0.006714743462212 0.003571683777165
67 8 16.932029885999999 12.372276697200000 5.994451122499998 -0.000063542904492 0.003648932202218 -0.001433959069518
75 8 15.344574537799998 15.121819469800011 5.994454850600000 0.001513636081587 -0.000665696818699 -0.002131874303372
83 8 16.932019389799994 14.205300304100005 3.402138567200000 0.000508643058061 0.003564440645807 0.000843385108578
91 8 13.757112196700003 12.372264326600002 5.994440303000000 0.001816767096176 0.003251305727125 -0.000664875537670
107 8 13.757110162900000 14.205296485600002 3.402136381700000 0.002512706568448 0.000718090264885 0.001574418322875
140 8 16.932022037700008 12.372281731100001 1.296160360000000 -0.000671827711580 0.002399595471647 -0.001594906858128
147 8 13.757108114200003 12.372258443900009 1.296153622799999 0.003864039958187 0.005485468725782 -0.001969805828777
20 1 19.180699473400008 13.288791380900006 2.349147298800000 0.000297084240340 -0.005286179325449 0.000081881694840
36 7 21.098768848300001 14.396189250800001 5.481341472000000 0.002623662021829 -0.004679345449934 0.002718871454531
52 7 23.016852096999997 13.288783027399999 2.349147115100000 0.002898223265920 -0.002753399756863 -0.000997153674687
76 8 23.016857907999988 15.121819469800011 5.994454850600000 -0.001720706262407 -0.001719574418072 -0.001942495305279
92 8 21.429395566900006 12.372264326600002 5.994440303000000 0.000778014311450 0.002569074714965 -0.001883743608147
108 8 21.429393533100004 14.205296485600002 3.402136381700000 -0.000159311023872 0.001378552412518 0.001544235672625
124 8 19.180698912699995 13.670555930200003 4.968234320200000 -0.000103241951574 0.003474556545212 0.001034270476408
148 8 21.429391484400018 12.372258443900009 1.296153622799999 0.000938705858918 0.001583404696417 -0.001100313343631
60 7 24.934923971800007 14.396182340700005 5.481345370700000 0.000832624112989 -0.000848053546685 -0.000085119917568
68 8 24.604313256200001 12.372276697200000 5.994451122499998 -0.002509496623992 0.001509344907263 -0.001242217552429
84 8 24.604302760000003 14.205300304100005 3.402138567200000 -0.002413529810241 -0.000355340068461 0.001725226851735
29 1 9.590346111300004 5.537003285800003 8.613538384300000 0.000079158181426 0.000557662051383 0.002334483675225
157 8 11.508430567900000 4.047833987800002 7.560555002900000 -0.000697050482396 -0.000305241349905 -0.010205449396393
165 8 7.672298157300002 4.429594165800001 7.830487589900000 0.000361257727911 0.000178690037574 -0.001852505500997
173 8 9.259725682700003 5.346106031900003 11.232641519100001 -0.002451863956918 0.000604760418482 0.000782850265910
13 1 13.426498927400001 5.536998376400002 8.613533801700001 0.000442638169483 0.001008720944201 0.000046814672823
30 1 17.262629481500003 5.537003285800003 8.613538384300000 -0.000306416365808 -0.000352788986406 -0.001329370981344
117 8 13.757107442800002 5.346108186800002 11.232628962800000 0.003526570060917 0.002159552704420 0.001380104691036
166 8 15.344581527500001 4.429594165800001 7.830487589900000 -0.000247362098341 -0.000173057245390 -0.000010399130463
174 8 16.932009052900007 5.346106031900003 11.232641519100001 -0.001420048158101 0.001295707469206 0.002003621110395
14 1 21.098782297600003 5.536998376400002 8.613533801700001 -0.000145946596487 -0.000012584822602 0.000049776601856
118 8 21.429390813000005 5.346108186800002 11.232628962800000 0.001069451674831 0.000018075021216 0.001562119948159
158 8 19.180713938100002 4.047833987800002 7.560555002900000 0.000223572558351 -0.001676428291432 -0.001576459128124
5 1 11.508418611100007 6.644402959900002 11.745737660500000 -0.000609274997781 -0.001334425745972 -0.000082557115879
21 1 11.508416103199998 8.859196511800004 8.613540438400001 0.000642304275638 0.000138475080074 -0.002404900885016
125 8 11.508415542500003 9.240961061100004 11.232627459799998 0.001920696790368 0.001901406332694 0.001944937104441
133 8 11.508426393700002 6.644398071300002 9.396583635799999 -0.000331609179061 -0.000566523901738 0.000077163284758
141 8 9.259738667500002 7.942686862000003 7.560553499600000 -0.002275401851011 -0.000374222923638 -0.001571308939502
167 8 11.508439842400001 11.073986469400005 7.830487589900000 -0.000247663166924 0.000537517183240 0.001821090132345
37 7 13.426485478099996 9.966594381700006 11.745734611600000 -0.004934926049645 -0.000315297046698 -0.002721009970238
45 7 15.344568302600001 6.644396246400003 11.745727975299999 -0.005042814479808 -0.005365244815418 -0.003338162361842
53 7 15.344568726799995 8.859188158300002 8.613540254699998 -0.003099806034077 -0.001202829951076 -0.005163361764045
61 7 17.262640601600001 9.966587471600000 11.745738510299995 -0.005335442143687 0.003736858478716 -0.041409955385665
69 8 16.932029886000002 7.942681828100003 12.258844262099997 0.001868553728337 0.007227989251713 0.004515931743496
77 8 15.344574537800005 10.692224600700005 12.258847990200001 0.007693188036167 -0.004475997521038 0.003175743975884
85 8 16.932019389799990 9.775705435000003 9.666531706799999 0.000036507721820 -0.000789674589186 0.010018750807105
93 8 13.757112196700007 7.942669457500004 12.258833442600000 0.003152370777253 0.001602842928139 -0.000973064625528
101 8 15.344565511000003 7.026158843900003 9.666525792999996 0.000759478132242 0.001982604507118 0.003673568385068
109 8 13.757110162900005 9.775701616500001 9.666529521300001 0.002258996511611 -0.000614889270411 0.003445876236132
142 8 16.932022037700005 7.942686862000003 7.560553499600000 -0.000922406299919 0.001064295572420 0.000272211749728
149 8 13.757108114200001 7.942663574800001 7.560546762400000 0.003398125125777 0.001152513724443 0.007196548969194
159 8 15.344572253000006 10.692226291400004 7.560555002900000 0.000686496783190 -0.001599208297551 0.000472310295212
6 1 19.180701981300004 6.644402959900002 11.745737660500000 0.002215367809175 -0.003547127050026 -0.004613983898235
22 1 19.180699473400011 8.859196511800004 8.613540438400001 0.000650045413244 0.000140931440756 -0.002401713462821
38 7 21.098768848300008 9.966594381700006 11.745734611600000 0.005853047613370 0.009700931733030 0.000111833436776
46 7 23.016851672800001 6.644396246400003 11.745727975299999 0.001916284264661 -0.000991466927099 -0.000608933169720
54 7 23.016852096999990 8.859188158300002 8.613540254699998 0.000144178520777 0.000670077632810 -0.000049028677300
78 8 23.016857907999999 10.692224600700005 12.258847990200001 -0.000745363376751 -0.004334425024984 -0.002755628906155
94 8 21.429395566900006 7.942669457500004 12.258833442600000 -0.000230637365287 -0.000586634813909 -0.000052747263821
102 8 23.016848881199998 7.026158843900003 9.666525792999996 -0.000083701707240 0.001531310919622 0.001801102453342
110 8 21.429393533100001 9.775701616500001 9.666529521300001 0.000912305691602 -0.002057541859398 0.001550729543913
126 8 19.180698912700002 9.240961061100004 11.232627459799998 -0.005601170102479 0.001952615848009 0.005790081768765
134 8 19.180709763900005 6.644398071300002 9.396583635799999 -0.000174120880525 0.000416489801645 0.001912688638837
150 8 21.429391484400004 7.942663574800001 7.560546762400000 0.001609358557757 0.000742958778060 -0.001617491887368
160 8 23.016855623200005 10.692226291400004 7.560555002900000 -0.000158028134044 -0.002045343987732 -0.001393852643374
168 8 19.180723212599993 11.073986469400005 7.830487589900000 -0.000411311269468 -0.000449214765598 -0.000016985611664
62 7 24.934923971800000 9.966587471600000 11.745738510299995 -0.002066664322571 0.001496562403880 0.000847788867449
70 8 24.604313256200005 7.942681828100003 12.258844262099997 -0.002072163685272 0.000151458418148 -0.001430888104364
86 8 24.604302759999996 9.775705435000003 9.666531706799999 -0.001739943970863 -0.001192918538028 0.001207166573110
7 1 15.344560296200003 13.288795263500004 11.745737660500000 0.002208405480694 0.003534777872723 -0.000078074635233
15 1 17.262640612500000 12.181390680000009 8.613533801700001 0.000444227183823 0.001007757455241 0.000052744262937
23 1 15.344557788300000 15.503588815399999 8.613540438400001 0.000054365568659 -0.000648210825954 0.001262126631216
31 1 13.426487796399995 12.181395589400003 8.613538384300000 -0.000307288215106 -0.000350355616843 -0.001324199476934
39 7 17.262627163200005 16.610986685300006 11.745734611600000 0.002616882585569 -0.004680529785657 0.002716232405529
95 8 17.593253881800010 14.587061761100006 12.258833442600000 -0.004588882019331 0.006712216568187 -0.005976827197566
111 8 17.593251848000001 16.420093920100001 9.666529521300001 0.001481592264926 -0.000166545771938 -0.000292706449335
119 8 17.593249127900002 11.990500490400001 11.232628962800000 -0.003979607914386 -0.010839774718485 0.001378722157986
127 8 15.344557227600006 15.885353364700006 11.232627459799998 -0.001240391939063 0.002090335875652 0.000910445290493
135 8 15.344568078800005 13.288790374900007 9.396583635799999 -0.000174420069609 -0.000286455151515 0.000070583550591
143 8 13.095880352600002 14.587079165600008 7.560553499600000 -0.001349682583387 0.001217416112877 -0.001600109650572
151 8 17.593249799300004 14.587055878400003 7.560546762400000 0.001578588385241 0.001698833354668 -0.003489958732747
175 8 13.095867367800004 11.990498335500007 11.232641519100001 -0.000715579007698 -0.002032240099650 0.001814265672164
8 1 23.016843666400000 13.288795263500004 11.745737660500000 -0.003926145186269 -0.000014926417372 0.004430538626879
24 1 23.016841158500000 15.503588815399999 8.613540438400001 0.000056923972943 -0.000647757501395 0.001256982088429
32 1 21.098771166600002 12.181395589400003 8.613538384300000 0.000080925466647 0.000549712293428 0.002337668777107
47 7 19.180709987699998 13.288788550000005 11.745727975299999 0.005454931496209 -0.002745246723478 0.041532105727176
55 7 19.180710411900002 15.503580461900007 8.613540254699998 0.000144188545625 -0.003075801696131 0.005065315974662
63 7 21.098782286700004 16.610979775200004 11.745738510299995 -0.002354753584740 -0.006702188473404 0.003555933472753
71 8 20.768171571100002 14.587074131700003 12.258844262099997 0.002097699245616 0.007092059519813 -0.007339568795342
79 8 19.180716222899996 17.336616904300001 12.258847990200001 -0.000578165605966 -0.000328430595371 -0.001820667416006
87 8 20.768161074900000 16.420097738599999 9.666531706799999 -0.001775846047057 -0.000238469036012 -0.000659001283307
103 8 19.180707196099995 13.670551147500003 9.666525792999996 -0.000623379458119 0.003285298864075 -0.007012937586857
128 8 23.016840597800005 15.885353364700006 11.232627459799998 0.001992170009704 0.003142127928422 0.000726099369255
136 8 23.016851449000004 13.288790374900007 9.396583635799999 0.000441116603870 0.000068558659283 -0.001760901853082
144 8 20.768163722800004 14.587079165600008 7.560553499600000 -0.001699385371668 0.001513372366697 -0.003466407349154
176 8 20.768150737999996 11.990498335500007 11.232641519100001 0.001348389104506 -0.005849093311850 -0.003057114332702
16 1 24.934923982700003 12.181390680000009 8.613533801700001 -0.000148241928664 -0.000016554977558 0.000049775822351
40 7 24.934910533400007 16.610986685300006 11.745734611600000 -0.001152139353492 -0.002499988751635 -0.000005941845533
48 7 26.852993357900004 13.288788550000005 11.745727975299999 -0.001555129884488 0.000327119228557 0.000318643028967
56 7 26.852993782099993 15.503580461900007 8.613540254699998 -0.000362126649434 -0.000206874121702 -0.000049051260297
64 7 28.771065656899999 16.610979775200004 11.745738510299995 0.000837501338099 -0.000850309149637 -0.000087089130774
72 8 28.440454941300004 14.587074131700003 12.258844262099997 -0.001765771908618 0.000697353187239 -0.001431135039597
80 8 26.852999593099998 17.336616904300001 12.258847990200001 -0.000271132130267 -0.000472367278106 -0.000958478762167
88 8 28.440444445099999 16.420097738599999 9.666531706799999 -0.001611259619254 -0.000677983682461 0.001389797339724
96 8 25.265537252000023 14.587061761100006 12.258833442600000 0.002869531063457 0.001807823291601 -0.001831988043008
104 8 26.852990566300001 13.670551147500003 9.666525792999996 0.000297293989485 0.001906329916973 0.001620607297651
112 8 25.265535218199997 16.420093920100001 9.666529521300001 0.001827845303303 -0.000460019795708 0.001579604668393
120 8 25.265532498100001 11.990500490400001 11.232628962800000 0.002896638715643 -0.001028480123478 0.001188389195677
152 8 25.265533169500006 14.587055878400003 7.560546762400000 0.001743615106171 0.001260422601846 -0.001436983722865
