ITEM: TIMESTEP
0
ITEM: NUMBER OF ATOMS
176
ITEM: BOX BOUNDS xy xz yz pp pp pp
0.0000000000000000e+00 3.0689133480799999e+01 7.6722833701999980e+00
0.0000000000000000e+00 1.7718379476200003e+01 7.6722833702000024e+00
0.0000000000000000e+00 1.2528786279200000e+01 4.4295948690000015e+00
ITEM: ATOMS id type x y z fx fy fz
25 1 5.759204426200016 3.330866105337836 2.349145244699999 -0.109630855011203 -0.098335775652899 -0.032521270682071
137 8 5.423596982400004 5.727889427500000 1.296160360000000 0.008550836301661 -0.001997342010836 0.005602477770266
161 8 3.836156472199998 2.214796731300001 1.566094450300000 0.017211243913888 0.015959719387234 0.004974345730732
169 8 5.423583997600000 3.131308597400002 4.968248379499999 0.002976241196172 0.010971968303734 0.002917700100609
1 1 7.672276926000002 4.429605525400001 5.481344520900000 0.002311866407312 -0.002486552864469 0.023151161253086
9 1 9.590357242299998 3.322200941900001 2.349140662099999 0.019245955325532 -0.012300752641484 -0.004769790102459
41 7 11.508426617500000 4.429598811900002 5.481334835700000 0.002949317636731 -0.000443001707566 0.002277962226362
89 8 9.920970511600007 5.727872023000002 5.994440303000000 0.000079235270243 0.000659246069672 -0.002556917331937
97 8 11.508423825899998 4.811361409400002 3.402132653400000 -0.001813255857125 0.001543579458727 0.000904883430074
113 8 9.920965757699999 3.131310752300001 4.968235823200000 -0.000566970191545 0.001844204975437 -0.001016444289212
129 8 7.672284708600001 4.429600636800002 3.132190496199999 0.018632629730778 0.016543071491198 0.005639887965368
145 8 9.920966429100000 5.727866140300000 1.296153622799999 -0.002523700294785 -0.000372507135310 0.000691925539557
153 8 7.672288882800000 1.833036553300000 1.296161863300000 0.007015002048335 0.008631954564305 -0.004005722136637
162 8 11.508439842400000 2.214796731300001 1.566094450300000 -0.002890834412438 0.001914241331273 0.000858559483726
2 1 15.344560296200001 4.429605525400001 5.481344520900000 0.001129783250522 -0.001139366710347 -0.000742444589868
10 1 17.262640612500000 3.322200941900001 2.349140662099999 0.019208846993598 -0.012198682133816 -0.004746548608901
26 1 13.426487796400002 3.322205851300000 2.349145244699999 0.002696257665436 -0.000751443707235 -0.000243689538218
65 8 13.095888200900001 5.727884393600002 5.994451122499998 -0.002692356850393 0.000410357703380 -0.001897481488927
90 8 17.593253881800006 5.727872023000002 5.994440303000000 0.001789756548748 0.002045915460265 -0.001373948891997
114 8 17.593249127900009 3.131310752300001 4.968235823200000 0.002089156552626 0.001622329503279 0.003237724560665
130 8 15.344568078800005 4.429600636800002 3.132190496199999 -0.002819154660398 0.001791510974570 0.000944119746940
138 8 13.095880352600009 5.727889427500000 1.296160360000000 -0.002940613713638 0.001085328181624 -0.001085132789862
146 8 17.593249799300011 5.727866140300000 1.296153622799999 0.005389145398132 0.003951386738599 -0.000489974265605
154 8 15.344572252999999 1.833036553300000 1.296161863300000 -0.001882636132557 -0.002043554884405 -0.002287620326112
170 8 13.095867367800004 3.131308597400002 4.968248379499999 -0.002819825358282 -0.000237573709961 0.001241662928112
42 7 19.180709987699998 4.429598811900002 5.481334835700000 -0.002602362004485 -0.007541622894683 0.001297673165906
66 8 20.768171571100002 5.727884393600002 5.994451122499998 0.000607415003474 0.001927790846640 -0.002971549941682
98 8 19.180707196099995 4.811361409400002 3.402132653400000 0.007015234218318 0.012326339445002 -0.000773408885425
3 1 11.508418611100000 11.073997829000001 5.481344520900000 0.001205716381259 0.002973670085762 -0.002142236920269
17 1 7.672274418099999 6.644399077300000 2.349147298800000 0.013194367896547 0.029986574562277 -0.002635585937267
27 1 9.590346111300001 9.966598154900002 2.349145244699999 0.002696299898608 0.003919312208036 0.000112271777911
33 7 9.590343793000001 7.751796947200008 5.481341472000000 0.003218690778245 0.003278271749513 0.002657412959019
49 7 11.508427041700001 6.644390723800001 2.349147115100000 0.004508374172482 0.002615807814757 -0.000086209221414
73 8 11.508432852700000 8.477427166200002 5.994454850600000 -0.001452189591268 -0.003060271792238 -0.001744258756275
105 8 9.920968477800001 7.560904182000002 3.402136381700000 -0.000909905584530 -0.002616010655206 0.000661929580308
121 8 7.672273857400003 7.026163626600007 4.968234320200000 -0.000625662327535 -0.001457112164767 -0.002119722869776
131 8 11.508426393700001 11.073992940400007 3.132190496199999 -0.001013968866796 -0.005471153907912 0.001392191989274
155 8 11.508430567899998 8.477428856900005 1.296161863300000 -0.000849737276569 -0.003562197815899 -0.001220197174258
163 8 7.672298157300000 8.859189034900005 1.566094450300000 -0.001081719348936 -0.005393087984885 0.001321600448897
171 8 9.259725682700001 9.775700901000002 4.968248379499999 -0.002201579661739 -0.002773268663154 0.001316098921992
11 1 13.426498927399999 9.966593245500007 2.349140662099999 -0.000382556758336 0.003853532624885 0.000184222919345
18 1 15.344557788300000 6.644399077300000 2.349147298800000 -0.000304627269186 -0.000584883571656 0.000000488249940
28 1 17.262629481500003 9.966598154900002 2.349145244699999 -0.001768974674737 0.001888505737732 0.000317110011115
34 7 17.262627163200005 7.751796947200008 5.481341472000000 -0.001062871095622 0.000115506113569 0.000851643424867
43 7 15.344568302600003 11.073991115500002 5.481334835700000 -0.002206286201288 0.002288260815585 -0.001844748643453
57 7 13.426498916499998 7.751790037100004 5.481345370700000 0.000397257189518 0.001330335748696 -0.000050575986104
81 8 13.095877704700001 7.560908000500002 3.402138567200000 -0.002777571307147 -0.002096778577445 0.001120723672226
99 8 15.344565510999997 11.455753713000002 3.402132653400000 0.001606097276052 -0.000971911750041 0.002600151863298
106 8 17.593251848000001 7.560904182000002 3.402136381700000 0.004408122374950 -0.002104312932690 0.000099026767420
115 8 13.757107442799997 9.775703055900001 4.968235823200000 0.001745981676931 -0.001988188476159 0.001754903378945
122 8 15.344557227600001 7.026163626600007 4.968234320200000 0.000513618756686 0.002017390676119 0.001418118483761
164 8 15.344581527500001 8.859189034900005 1.566094450300000 0.000653171209510 -0.000672393133440 -0.000242767233410
172 8 16.932009052900014 9.775700901000002 4.968248379499999 -0.000672982549674 -0.001945733347493 0.001402978191117
4 1 19.180701981300000 11.073997829000001 5.481344520900000 -0.000589188906997 0.000728943648867 0.000035291508442
12 1 21.098782297600000 9.966593245500007 2.349140662099999 -0.000392258545103 0.003868138733123 0.000183722796949
44 7 23.016851672799998 11.073991115500002 5.481334835700000 0.001232899913907 0.002094478965301 0.000336586312702
50 7 19.180710411899998 6.644390723800001 2.349147115100000 -0.018149241421647 0.007753533480272 0.005323894894574
58 7 21.098782286699997 7.751790037100004 5.481345370700000 -0.002062511369027 0.003292914793065 0.004791832993458
74 8 19.180716222899989 8.477427166200002 5.994454850600000 0.001054073939898 -0.002650382418068 -0.002098485038483
82 8 20.768161074900000 7.560908000500002 3.402138567200000 0.000340657968349 -0.004544550074310 -0.001620454386410
100 8 23.016848881199998 11.455753713000002 3.402132653400000 -0.000773609331467 0.000020138365107 0.001972062616042
116 8 21.429390813000008 9.775703055900001 4.968235823200000 0.001393416792499 -0.002893641492247 0.000884255244950
132 8 19.180709763900005 11.073992940400007 3.132190496199999 0.000733776278439 -0.000791732177805 -0.000154430559424
156 8 19.180713938099998 8.477428856900005 1.296161863300000 0.001536399100066 -0.004541166084057 -0.000597028908675
19 1 11.508416103199997 13.288791380900006 2.349147298800000 0.013010276936972 0.029636698952492 -0.002624729392695
123 8 11.508415542500002 13.670555930200003 4.968234320200000 -0.002353469153587 0.000901358694053 0.005680249004927
139 8 9.259738667499999 12.372281731100001 1.296160360000000 -0.004063265329200 -0.000928456019704 -0.002499702655950
35 7 13.426485478100000 14.396189250800001 5.481341472000000 -0.002177019495147 -0.001426054849231 -0.019999374865114
51 7 15.344568726800000 13.288783027399999 2.349147115100000 -0.018046602929982 0.007818294330333 0.005278141085707
59 7 17.262640601600001 14.396182340700005 5.481345370700000 -0.001888972555263 -0.002768264322310 -0.000001537587880
67 8 16.932029885999999 12.372276697200000 5.994451122499998 -0.001000754024055 0.001066786671502 -0.001093670156970
75 8 15.344574537799998 15.121819469800011 5.994454850600000 0.003138523121718 0.001172586163580 -0.000154969585491
83 8 16.932019389799994 14.205300304100005 3.402138567200000 0.002037428848337 0.002006669760041 0.002343867913431
91 8 13.757112196700003 12.372264326600002 5.994440303000000 0.002446992006919 -0.001249110840510 0.000855689338389
107 8 13.757110162900000 14.205296485600002 3.402136381700000 0.011709082342876 -0.004142894109655 0.008929156436050
140 8 16.932022037700008 12.372281731100001 1.296160360000000 0.001230221071171 -0.000438988415379 -0.003073722359883
147 8 13.757108114200003 12.372258443900009 1.296153622799999 0.003661819576874 -0.002582835548974 -0.004430526249191
20 1 19.180699473400008 13.288791380900006 2.349147298800000 -0.000315464180963 -0.000578736005269 -0.000000910780159
36 7 21.098768848300001 14.396189250800001 5.481341472000000 0.001474021821784 -0.000215468597903 -0.000108246638092
52 7 23.016852096999997 13.288783027399999 2.349147115100000 0.004488136742801 0.002616872796956 -0.000087931073906
76 8 23.016857907999988 15.121819469800011 5.994454850600000 -0.002003287154059 -0.001606383746528 -0.000771939486857
92 8 21.429395566900006 12.372264326600002 5.994440303000000 0.001408816868590 0.000689410672489 -0.001360525469048
108 8 21.429393533100004 14.205296485600002 3.402136381700000 0.000245417896757 -0.000595044667230 0.002086595844344
124 8 19.180698912699995 13.670555930200003 4.968234320200000 0.000156675115847 0.002110979645484 0.001435651418118
148 8 21.429391484400018 12.372258443900009 1.296153622799999 0.000585859857078 -0.000159195850478 -0.001701152659849
60 7 24.934923971800007 14.396182340700005 5.481345370700000 0.003680374051411 -0.000006576360240 -0.004579577958961
68 8 24.604313256200001 12.372276697200000 5.994451122499998 -0.002982864370053 -0.000950801964560 -0.000626137599260
84 8 24.604302760000003 14.205300304100005 3.402138567200000 -0.005853110375961 -0.002316268073727 0.003502323441308
29 1 9.590346111300004 5.537003285800003 8.613538384300000 0.001057322538756 0.000194812800389 0.002432700354898
157 8 11.508430567900000 4.047833987800002 7.560555002900000 -0.000487637601079 -0.001592516686815 -0.002895480226406
165 8 7.672298157300002 4.429594165800001 7.830487589900000 -0.000254892104466 0.000392373912479 -0.003446071720562
173 8 9.259725682700003 5.346106031900003 11.232641519100001 -0.003151184871828 -0.001302684157869 0.000112688984413
13 1 13.426498927400001 5.536998376400002 8.613533801700001 -0.000464950120343 -0.000255794223549 0.001594543250567
30 1 17.262629481500003 5.537003285800003 8.613538384300000 0.000044674550862 -0.000516556422867 0.000056804045077
117 8 13.757107442800002 5.346108186800002 11.232628962800000 0.004170543698986 0.000420634044938 -0.000161159750614
166 8 15.344581527500001 4.429594165800001 7.830487589900000 0.000040789747272 0.000256162754295 0.000011641565628
174 8 16.932009052900007 5.346106031900003 11.232641519100001 -0.001425570737331 0.000074778984655 0.001278074546314
14 1 21.098782297600003 5.536998376400002 8.613533801700001 -0.000469207239734 -0.000261785356268 0.001588916986555
118 8 21.429390813000005 5.346108186800002 11.232628962800000 0.000894737504623 -0.001074522654679 0.000910594766774
158 8 19.180713938100002 4.047833987800002 7.560555002900000 0.000329415367427 -0.000946868203152 -0.001916456233478
5 1 11.508418611100007 6.644402959900002 11.745737660500000 0.002341578624605 -0.002423213458698 0.023064918438161
21 1 11.508416103199998 8.859196511800004 8.613540438400001 -0.000227985187053 -0.000629136737178 -0.000124649928637
125 8 11.508415542500003 9.240961061100004 11.232627459799998 0.003613925331852 0.004987461523406 0.002696776969203
133 8 11.508426393700002 6.644398071300002 9.396583635799999 -0.000185869375938 0.000271165911308 -0.003356009539883
141 8 9.259738667500002 7.942686862000003 7.560553499600000 -0.001765601333898 0.000406943362206 -0.003003897158948
167 8 11.508439842400001 11.073986469400005 7.830487589900000 -0.000128790881966 -0.000220918572863 0.001034196320706
37 7 13.426485478099996 9.966594381700006 11.745734611600000 -0.002209714828092 -0.001531346485710 -0.020067383448326
45 7 15.344568302600001 6.644396246400003 11.745727975299999 -0.002676075708811 -0.007498744741218 0.001418072189519
53 7 15.344568726799995 8.859188158300002 8.613540254699998 -0.000019821116054 -0.000404555148899 -0.001489184773329
61 7 17.262640601600001 9.966587471600000 11.745738510299995 0.003687729737793 -0.000027027381342 -0.004598250324770
69 8 16.932029886000002 7.942681828100003 12.258844262099997 -0.001481390828977 0.003133753242796 0.000439455745748
77 8 15.344574537800005 10.692224600700005 12.258847990200001 -0.002837874601216 -0.002907685015885 0.002869385958893
85 8 16.932019389799990 9.775705435000003 9.666531706799999 -0.001695297958847 -0.000864703767969 0.003091904309747
93 8 13.757112196700007 7.942669457500004 12.258833442600000 0.006235853099096 0.012984436282241 0.000128054525202
101 8 15.344565511000003 7.026158843900003 9.666525792999996 0.000408167927900 0.002635242339353 0.001253487041490
109 8 13.757110162900005 9.775701616500001 9.666529521300001 0.001437217054635 -0.000389058856304 0.004950351217908
142 8 16.932022037700005 7.942686862000003 7.560553499600000 -0.001544399334252 0.000997558760377 -0.001638177619283
149 8 13.757108114200001 7.942663574800001 7.560546762400000 0.001937531328640 0.001184042838431 -0.001195049984552
159 8 15.344572253000006 10.692226291400004 7.560555002900000 0.000224402870725 -0.002472262662545 -0.000391168353082
6 1 19.180701981300004 6.644402959900002 11.745737660500000 0.001121326586943 -0.001142914718179 -0.000741211526231
22 1 19.180699473400011 8.859196511800004 8.613540438400001 0.000136521514925 -0.000051004684618 -0.000011976820684
38 7 21.098768848300008 9.966594381700006 11.745734611600000 0.001479210989960 -0.000215305254735 -0.000110621600273
46 7 23.016851672800001 6.644396246400003 11.745727975299999 0.002945189056982 -0.000437350090281 0.002273459600053
54 7 23.016852096999990 8.859188158300002 8.613540254699998 0.000370044732655 0.000507231235836 0.001063082134387
78 8 23.016857907999999 10.692224600700005 12.258847990200001 -0.000331682953241 -0.001694488975835 -0.001420652427021
94 8 21.429395566900006 7.942669457500004 12.258833442600000 0.000416269412464 0.001719185158396 -0.001422486745680
102 8 23.016848881199998 7.026158843900003 9.666525792999996 -0.000412520593274 0.001989380055714 0.000302247323554
110 8 21.429393533100001 9.775701616500001 9.666529521300001 0.001357231029540 -0.001001003913711 0.001479250454514
126 8 19.180698912700002 9.240961061100004 11.232627459799998 -0.001522216373214 0.002203461860528 0.002085322109690
134 8 19.180709763900005 6.644398071300002 9.396583635799999 0.000119325672529 0.000142645865077 0.000101415548265
150 8 21.429391484400004 7.942663574800001 7.560546762400000 0.001518102729586 0.000436882648807 -0.003167404603693
160 8 23.016855623200005 10.692226291400004 7.560555002900000 -0.000235244472837 -0.002194063591037 -0.001622313375726
168 8 19.180723212599993 11.073986469400005 7.830487589900000 -0.000114441020904 -0.000183141016281 0.000071905377645
62 7 24.934923971800000 9.966587471600000 11.745738510299995 -0.001876783044555 -0.002774192253416 0.000008024856989
70 8 24.604313256200005 7.942681828100003 12.258844262099997 -0.004152254186771 0.003317752899458 -0.003819373237095
86 8 24.604302759999996 9.775705435000003 9.666531706799999 -0.001558811751332 -0.000787695341082 0.001283912856656
7 1 15.344560296200003 13.288795263500004 11.745737660500000 0.001204670445117 0.002983255863448 -0.002156870403186
15 1 17.262640612500000 12.181390680000009 8.613533801700001 -0.000150092263262 0.000438267738888 -0.000948966142603
23 1 15.344557788300000 15.503588815399999 8.613540438400001 -0.000232773997076 -0.000626479845779 -0.000135921577413
31 1 13.426487796399995 12.181395589400003 8.613538384300000 0.000044671336328 0.000841387415791 -0.002644541602491
39 7 17.262627163200005 16.610986685300006 11.745734611600000 0.003207449431979 0.003274082486719 0.002640952181696
95 8 17.593253881800010 14.587061761100006 12.258833442600000 0.001030652915001 -0.000813215514353 -0.001345614368647
111 8 17.593251848000001 16.420093920100001 9.666529521300001 0.001414410279704 -0.001269954278608 0.000177665212851
119 8 17.593249127900002 11.990500490400001 11.232628962800000 0.000597442353641 -0.002434067377443 0.002184090197672
127 8 15.344557227600006 15.885353364700006 11.232627459799998 -0.000963216664594 0.000746438222178 0.001116395951107
135 8 15.344568078800005 13.288790374900007 9.396583635799999 -0.000052077538121 -0.000337997661935 0.001128867076921
143 8 13.095880352600002 14.587079165600008 7.560553499600000 -0.001743888594930 0.001278111920842 0.001782940449776
151 8 17.593249799300004 14.587055878400003 7.560546762400000 0.001800381806222 0.001150720018973 -0.001536447022543
175 8 13.095867367800004 11.990498335500007 11.232641519100001 -0.000782296155841 -0.003194009439895 0.003518104264508
8 1 23.016843666400000 13.288795263500004 11.745737660500000 -0.000586771310242 0.000727096570536 0.000033634706953
24 1 23.016841158500000 15.503588815399999 8.613540438400001 0.000138297758284 -0.000048649554193 -0.000011725468519
32 1 21.098771166600002 12.181395589400003 8.613538384300000 0.000377613949842 0.000269256942855 -0.000017144190192
47 7 19.180709987699998 13.288788550000005 11.745727975299999 0.001238437529916 0.002091238249921 0.000327522951532
55 7 19.180710411900002 15.503580461900007 8.613540254699998 0.000369333962591 0.000504495155961 0.001058116863447
63 7 21.098782286700004 16.610979775200004 11.745738510299995 -0.002045068283498 0.003298981980374 0.004769912868272
71 8 20.768171571100002 14.587074131700003 12.258844262099997 -0.002192492623566 -0.001407113354714 -0.001916797948597
79 8 19.180716222899996 17.336616904300001 12.258847990200001 -0.001108688831763 -0.005253741856667 -0.004945834784221
87 8 20.768161074900000 16.420097738599999 9.666531706799999 -0.001839494444665 -0.001502621142173 -0.000338684219355
103 8 19.180707196099995 13.670551147500003 9.666525792999996 -0.000162924648794 0.001388550168300 0.001577436817122
128 8 23.016840597800005 15.885353364700006 11.232627459799998 0.001530953273650 0.001152522529183 0.000757237947547
136 8 23.016851449000004 13.288790374900007 9.396583635799999 -0.000037667788690 -0.000299361237915 0.000161569946495
144 8 20.768163722800004 14.587079165600008 7.560553499600000 -0.001823181281291 0.000678208924500 -0.001696003824274
176 8 20.768150737999996 11.990498335500007 11.232641519100001 -0.001827742748635 -0.001266200994352 0.001306919504497
16 1 24.934923982700003 12.181390680000009 8.613533801700001 -0.000150760264785 0.000438215918859 -0.000945581666276
40 7 24.934910533400007 16.610986685300006 11.745734611600000 -0.001067243188708 0.000131316002445 0.000855138322207
48 7 26.852993357900004 13.288788550000005 11.745727975299999 -0.002213544227344 0.002289801697459 -0.001849766673373
56 7 26.852993782099993 15.503580461900007 8.613540254699998 -0.000014580666381 -0.000394282350181 -0.001501410700900
64 7 28.771065656899999 16.610979775200004 11.745738510299995 0.000394080986734 0.001335247280603 -0.000054270273559
72 8 28.440454941300004 14.587074131700003 12.258844262099997 -0.001834241538692 -0.000506562075298 -0.001047807640324
80 8 26.852999593099998 17.336616904300001 12.258847990200001 0.000036346247309 -0.001791593520001 -0.001436897424835
88 8 28.440444445099999 16.420097738599999 9.666531706799999 -0.001416075874793 -0.000754702698439 0.001635604142510
96 8 25.265537252000023 14.587061761100006 12.258833442600000 0.002563741819378 0.000007270075477 -0.001261986555843
104 8 26.852990566300001 13.670551147500003 9.666525792999996 0.000298068484860 0.001107040443526 0.002809151482020
112 8 25.265535218199997 16.420093920100001 9.666529521300001 0.001634401384220 -0.000683982557374 0.001536902175089
120 8 25.265532498100001 11.990500490400001 11.232628962800000 0.002584383168492 -0.000412730259486 0.001711313316041
152 8 25.265533169500006 14.587055878400003 7.560546762400000 0.001656917737789 0.001068508203909 0.000263610661807
