ITEM: TIMESTEP
0
ITEM: NUMBER OF ATOMS
176
ITEM: BOX BOUNDS xy xz yz pp pp pp
0.0000000000000000e+00 3.0689133480799999e+01 7.6722833701999980e+00
0.0000000000000000e+00 1.7718379476200003e+01 7.6722833702000024e+00
0.0000000000000000e+00 1.2528786279200000e+01 4.4295948690000015e+00
ITEM: ATOMS id type x y z fx fy fz
25 1 5.754204426199998 3.322205851300000 2.349145244699999 0.023778280276711 0.007831310349910 0.005557033922293
137 8 5.423596982400004 5.727889427500000 1.296160360000000 -0.004169841690995 0.006386812126279 -0.003436129998071
161 8 3.846156472200000 2.214796731300001 1.566094450300000 -0.093963341762645 -0.000881302113237 -0.000690260098963
169 8 5.423583997600000 3.131308597400002 4.968248379499999 -0.004203081859283 -0.000754571508196 0.007194526757682
1 1 7.672276926000002 4.429605525400001 5.481344520900000 -0.001146141634289 -0.001222724477280 -0.004112944687475
9 1 9.590357242299998 3.322200941900001 2.349140662099999 -0.005354787943260 0.000218399562098 0.000202066647018
41 7 11.508426617500000 4.429598811900002 5.481334835700000 -0.002219353405631 -0.000031025256455 0.000219264656503
89 8 9.920970511600007 5.727872023000002 5.994440303000000 0.002207689124521 0.001447253091108 -0.000797732165258
97 8 11.508423825899998 4.811361409400002 3.402132653400000 0.001764327972411 0.001767313606142 0.001559625503127
113 8 9.920965757699999 3.131310752300001 4.968235823200000 0.003031641151223 -0.000744462603456 0.002090324541181
129 8 7.672284708600001 4.429600636800002 3.132190496199999 0.014633465941281 0.008425167040416 0.006061256967741
145 8 9.920966429100000 5.727866140300000 1.296153622799999 0.002954331580067 0.001668773564526 -0.001564489985107
153 8 7.672288882800000 1.833036553300000 1.296161863300000 0.005252835080657 -0.005203724169115 -0.004032491655544
162 8 11.508439842400000 2.214796731300001 1.566094450300000 0.002443186869894 0.000065372875758 -0.000021140620296
2 1 15.344560296200001 4.429605525400001 5.481344520900000 -0.001128051227236 0.001015407552132 0.003918006565584
10 1 17.262640612500000 3.322200941900001 2.349140662099999 0.022335386773893 -0.007048576244697 -0.004936650181534
26 1 13.426487796400002 3.322205851300000 2.349145244699999 -0.005001763588496 -0.000266837903521 -0.000169340269966
65 8 13.095888200900001 5.727884393600002 5.994451122499998 -0.001171976206048 0.000323377558553 -0.001976050642567
90 8 17.593253881800006 5.727872023000002 5.994440303000000 0.000785081821825 0.000682951028122 -0.001770551588548
114 8 17.593249127900009 3.131310752300001 4.968235823200000 -0.000740782748858 -0.000942256944899 -0.004463716000120
130 8 15.344568078800005 4.429600636800002 3.132190496199999 0.014440171246736 -0.008407838225665 -0.005841433512501
138 8 13.095880352600009 5.727889427500000 1.296160360000000 -0.000381983152732 0.000114853998479 -0.001409349179141
146 8 17.593249799300011 5.727866140300000 1.296153622799999 -0.000818143458929 -0.004576517840334 0.000433762381128
154 8 15.344572252999999 1.833036553300000 1.296161863300000 0.005222111780049 0.001524930662070 0.000725244070169
170 8 13.095867367800004 3.131308597400002 4.968248379499999 -0.000415244296256 -0.000934331681107 0.000605833159410
42 7 19.180709987699998 4.429598811900002 5.481334835700000 0.005563673419795 -0.000027679976219 0.000219924377800
66 8 20.768171571100002 5.727884393600002 5.994451122499998 -0.002586116379018 0.001084683286907 -0.001010440523791
98 8 19.180707196099995 4.811361409400002 3.402132653400000 -0.008145665554022 0.001766450451392 0.001559019155501
3 1 11.508418611100000 11.073997829000001 5.481344520900000 0.000802429080581 -0.000103925361433 -0.000072229865831
17 1 7.672274418099999 6.644399077300000 2.349147298800000 -0.001187556988039 -0.004250262925773 0.000239351859074
27 1 9.590346111300001 9.966598154900002 2.349145244699999 0.000368359069879 -0.001309444298729 0.000113612404858
33 7 9.590343793000001 7.751796947200008 5.481341472000000 -0.000238984503504 -0.000998045657461 -0.000650395910678
49 7 11.508427041700001 6.644390723800001 2.349147115100000 -0.002179012058883 0.000203089459755 -0.000049107712567
73 8 11.508432852700000 8.477427166200002 5.994454850600000 -0.000316299346662 -0.001931998883222 -0.001441572740986
105 8 9.920968477800001 7.560904182000002 3.402136381700000 0.002186495732064 -0.000232662460218 0.001744388356155
121 8 7.672273857400003 7.026163626600007 4.968234320200000 0.000440967250533 0.002847432148850 0.002101416587616
131 8 11.508426393700001 11.073992940400007 3.132190496199999 -0.000040967133775 0.000017612981646 0.000051245423311
155 8 11.508430567899998 8.477428856900005 1.296161863300000 0.000004135614000 -0.001815674345441 -0.001639821021314
163 8 7.672298157300000 8.859189034900005 1.566094450300000 0.000182049569611 0.001386770160883 -0.000091901405997
171 8 9.259725682700001 9.775700901000002 4.968248379499999 -0.001787655365532 -0.000492328002684 0.001289487225591
11 1 13.426498927399999 9.966593245500007 2.349140662099999 0.000067462029027 0.001233156816030 -0.000082464336517
18 1 15.344557788300000 6.644399077300000 2.349147298800000 -0.001169472950251 0.004067462553748 -0.000327486734129
28 1 17.262629481500003 9.966598154900002 2.349145244699999 -0.000078255788002 0.000969160677668 -0.000038813396991
34 7 17.262627163200005 7.751796947200008 5.481341472000000 0.000662666100094 0.001093638383368 0.000828642016532
43 7 15.344568302600003 11.073991115500002 5.481334835700000 -0.000485462819426 0.000981077679154 -0.000503885913330
57 7 13.426498916499998 7.751790037100004 5.481345370700000 -0.000643591237638 0.001091215813304 0.000650400003572
81 8 13.095877704700001 7.560908000500002 3.402138567200000 -0.001020951244695 -0.001596645529371 0.001287838753434
99 8 15.344565510999997 11.455753713000002 3.402132653400000 0.000452450963884 -0.000190294755266 0.002336524493826
106 8 17.593251848000001 7.560904182000002 3.402136381700000 0.000763875422517 -0.001404629631554 0.001348062684348
115 8 13.757107442799997 9.775703055900001 4.968235823200000 0.001651360297373 -0.001182948008046 0.001399281648142
122 8 15.344557227600001 7.026163626600007 4.968234320200000 0.000439481387495 0.000903952741279 0.000727166101644
164 8 15.344581527500001 8.859189034900005 1.566094450300000 0.000174641387855 -0.001229013622071 0.000059599799370
172 8 16.932009052900014 9.775700901000002 4.968248379499999 -0.001323831633246 -0.001437722752850 0.001294093793591
4 1 19.180701981300000 11.073997829000001 5.481344520900000 -0.000325729576487 -0.000106143860214 -0.000079748242097
12 1 21.098782297600000 9.966593245500007 2.349140662099999 -0.000400588737206 -0.001036014574816 0.000072770157675
44 7 23.016851672799998 11.073991115500002 5.481334835700000 -0.000491144252976 -0.001034252308935 0.000956587654142
50 7 19.180710411899998 6.644390723800001 2.349147115100000 0.005604038565706 0.000204846487430 -0.000046151221256
58 7 21.098782286699997 7.751790037100004 5.481345370700000 0.000248297097273 -0.001006349783668 -0.000832807364429
74 8 19.180716222899989 8.477427166200002 5.994454850600000 -0.000479132463358 -0.001930912226786 -0.001440794325122
82 8 20.768161074900000 7.560908000500002 3.402138567200000 -0.002435116258982 -0.000432499549617 0.001683733242038
100 8 23.016848881199998 11.455753713000002 3.402132653400000 0.000458350949627 0.003710955577354 0.000775339867902
116 8 21.429390813000008 9.775703055900001 4.968235823200000 0.002122136115071 -0.000236848555162 0.001398355728888
132 8 19.180709763900005 11.073992940400007 3.132190496199999 0.000359091295423 -0.000011912975332 0.000065057850361
156 8 19.180713938099998 8.477428856900005 1.296161863300000 -0.000520518972381 -0.001817224839129 -0.001642251347903
19 1 11.508416103199997 13.288791380900006 2.349147298800000 0.010165513975746 -0.000088148535990 -0.000011070725198
123 8 11.508415542500002 13.670555930200003 4.968234320200000 -0.002597883515438 0.001866877139181 0.001391489027539
139 8 9.259738667499999 12.372281731100001 1.296160360000000 -0.002140244136899 0.003108010270818 -0.001040107701058
35 7 13.426485478100000 14.396189250800001 5.481341472000000 0.002549370163041 0.001912695910753 -0.005528884756657
51 7 15.344568726800000 13.288783027399999 2.349147115100000 -0.004433446027682 0.006031343886098 0.000446035663674
59 7 17.262640601600001 14.396182340700005 5.481345370700000 -0.002023834068233 0.000919446882108 -0.001563744740474
67 8 16.932029885999999 12.372276697200000 5.994451122499998 -0.001347739165290 0.000331080608573 -0.001061153465954
75 8 15.344574537799998 15.121819469800011 5.994454850600000 0.000419511371415 -0.002090533687706 -0.000353022916460
83 8 16.932019389799994 14.205300304100005 3.402138567200000 0.000321525937197 -0.001306897754281 0.002466216303677
91 8 13.757112196700003 12.372264326600002 5.994440303000000 0.001336731416916 0.000036733109414 -0.000684153941021
107 8 13.757110162900000 14.205296485600002 3.402136381700000 0.005181593988634 -0.007729727817122 0.008215014694070
140 8 16.932022037700008 12.372281731100001 1.296160360000000 -0.000217620689503 -0.000285166153421 -0.002350184892340
147 8 13.757108114200003 12.372258443900009 1.296153622799999 0.001152254208486 -0.001326349663912 -0.001927727017013
20 1 19.180699473400008 13.288791380900006 2.349147298800000 -0.001984942539518 -0.000074521726912 -0.000044192570616
36 7 21.098768848300001 14.396189250800001 5.481341472000000 -0.001603230541552 -0.000810742143387 0.001558123813969
52 7 23.016852096999997 13.288783027399999 2.349147115100000 -0.004453691081769 -0.005570296526578 -0.000540853190982
76 8 23.016857907999988 15.121819469800011 5.994454850600000 0.000420276919283 -0.001777482191270 -0.002528165564981
92 8 21.429395566900006 12.372264326600002 5.994440303000000 0.002024868070944 0.001433770390503 -0.001719782735681
108 8 21.429393533100004 14.205296485600002 3.402136381700000 0.003518396930426 -0.000535504018164 0.000569280479199
124 8 19.180698912699995 13.670555930200003 4.968234320200000 0.001475789613414 0.001871913892021 0.001411746361731
148 8 21.429391484400018 12.372258443900009 1.296153622799999 0.003114268249743 0.002061745102883 -0.000622927032146
60 7 24.934923971800007 14.396182340700005 5.481345370700000 0.002113227708431 -0.001784199058842 0.005527459424344
68 8 24.604313256200001 12.372276697200000 5.994451122499998 -0.002032523553248 0.001724749376679 -0.002096039672049
84 8 24.604302760000003 14.205300304100005 3.402138567200000 0.001977224735368 0.005809495599973 -0.005143210504085
29 1 9.590346111300004 5.537003285800003 8.613538384300000 0.000368362657308 -0.000347595332658 -0.001246599924827
157 8 11.508430567900000 4.047833987800002 7.560555002900000 0.000004133815127 -0.001818475417571 -0.001635862493632
165 8 7.672298157300002 4.429594165800001 7.830487589900000 0.000182029056358 0.000439116125967 0.001248263083583
173 8 9.259725682700003 5.346106031900003 11.232641519100001 -0.002173425066450 0.000411579925026 0.003304676413293
13 1 13.426498927400001 5.536998376400002 8.613533801700001 0.000067458506930 0.000288401611125 0.001253612262318
30 1 17.262629481500003 5.537003285800003 8.613538384300000 -0.000078264675502 0.000268215401285 0.000952469737643
117 8 13.757107442800002 5.346108186800002 11.232628962800000 0.001229617043596 -0.002085327872880 -0.000612450431464
166 8 15.344581527500001 4.429594165800001 7.830487589900000 0.000174624804161 -0.000289955774006 -0.001268416394658
174 8 16.932009052900007 5.346106031900003 11.232641519100001 -0.000250876515910 -0.001954735068759 0.000542303265989
14 1 21.098782297600003 5.536998376400002 8.613533801700001 -0.000400589337802 -0.000321629594307 -0.000937508466421
118 8 21.429390813000005 5.346108186800002 11.232628962800000 0.003191584297945 0.000274256186751 0.002146959851608
158 8 19.180713938100002 4.047833987800002 7.560555002900000 -0.000520500466367 -0.001821278022153 -0.001636515867810
5 1 11.508418611100007 6.644402959900002 11.745737660500000 0.010207101953683 -0.000071510658333 -0.000105441165756
21 1 11.508416103199998 8.859196511800004 8.613540438400001 0.000761019501662 -0.000067693712797 -0.000052729553269
125 8 11.508415542500003 9.240961061100004 11.232627459799998 -0.002597871454675 0.001851285898465 0.001413571242129
133 8 11.508426393700002 6.644398071300002 9.396583635799999 -0.000040957657684 -0.000043663023935 0.000137863967809
141 8 9.259738667500002 7.942686862000003 7.560553499600000 -0.001754419604499 0.000906753818268 -0.001220526684252
167 8 11.508439842400001 11.073986469400005 7.830487589900000 -0.000459253426722 0.000073408935397 -0.000015461483674
37 7 13.426485478099996 9.966594381700006 11.745734611600000 0.002549385936752 -0.004627256432268 0.003720042658718
45 7 15.344568302600001 6.644396246400003 11.745727975299999 -0.004473816178294 0.002378592335918 0.005549125269698
53 7 15.344568726799995 8.859188158300002 8.613540254699998 -0.000445112135741 -0.000141344296699 0.001146156270493
61 7 17.262640601600001 9.966587471600000 11.745738510299995 -0.002023846548715 -0.001053563370362 0.001226507388586
69 8 16.932029886000002 7.942681828100003 12.258844262099997 0.000170483262614 0.001530952387364 -0.002095653612325
77 8 15.344574537800005 10.692224600700005 12.258847990200001 0.000419513974317 -0.000958556329407 -0.001953894947772
85 8 16.932019389799990 9.775705435000003 9.666531706799999 -0.001196712284989 -0.000731511633032 0.000990137090842
93 8 13.757112196700007 7.942669457500004 12.258833442600000 0.005202825239352 0.005048729777628 -0.010022956818123
101 8 15.344565511000003 7.026158843900003 9.666525792999996 0.000452437603684 0.001847246998247 -0.000544983113333
109 8 13.757110162900005 9.775701616500001 9.666529521300001 0.001315524072995 -0.000595763756970 0.000376684329189
142 8 16.932022037700005 7.942686862000003 7.560553499600000 -0.001290578388206 0.000595972979749 -0.002113384038230
149 8 13.757108114200001 7.942663574800001 7.560546762400000 0.001574042897302 0.000871083891189 -0.001747549403665
159 8 15.344572253000006 10.692226291400004 7.560555002900000 0.000088761035080 -0.001746019387105 -0.001587608785156
6 1 19.180701981300004 6.644402959900002 11.745737660500000 -0.001943535539061 -0.000098147523017 -0.000081511484347
22 1 19.180699473400011 8.859196511800004 8.613540438400001 -0.000367143475246 -0.000075518483039 -0.000052309405682
38 7 21.098768848300008 9.966594381700006 11.745734611600000 -0.001603241446822 0.001146608630449 -0.001210004848837
46 7 23.016851672800001 6.644396246400003 11.745727975299999 -0.004494008256544 -0.002419076002661 -0.005059991953676
54 7 23.016852096999990 8.859188158300002 8.613540254699998 -0.000450793645809 0.000563834833207 -0.001240726703679
78 8 23.016857907999999 10.692224600700005 12.258847990200001 0.000420309395739 -0.002904967099403 -0.000933677020689
94 8 21.429395566900006 7.942669457500004 12.258833442600000 0.003539583966192 0.000238410061589 -0.000691550813947
102 8 23.016848881199998 7.026158843900003 9.666525792999996 0.000458322944531 0.001675761166438 0.003653488561352
110 8 21.429393533100001 9.775701616500001 9.666529521300001 0.002003670189624 -0.001106486082629 0.002039022264476
126 8 19.180698912700002 9.240961061100004 11.232627459799998 0.001475786502311 0.001872034552414 0.001411572002663
134 8 19.180709763900005 6.644398071300002 9.396583635799999 0.000359315403811 -0.000040468165836 0.000105317755647
150 8 21.429391484400004 7.942663574800001 7.560546762400000 0.002044823601556 0.001185570932176 -0.000855243539083
160 8 23.016855623200005 10.692226291400004 7.560555002900000 0.000089677801326 -0.001895209957332 -0.001693080919752
168 8 19.180723212599993 11.073986469400005 7.830487589900000 0.000123421354145 0.000076272777375 -0.000013438247088
62 7 24.934923971800000 9.966587471600000 11.745738510299995 0.002113245407987 0.004731007759628 -0.003686348299610
70 8 24.604313256200005 7.942681828100003 12.258844262099997 0.001826164821271 -0.003271366764423 0.007150397075554
86 8 24.604302759999996 9.775705435000003 9.666531706799999 -0.001881505010823 -0.001242648699150 0.002649061386266
7 1 15.344560296200003 13.288795263500004 11.745737660500000 -0.000055889427126 -0.001198086332220 0.000106408359603
15 1 17.262640612500000 12.181390680000009 8.613533801700001 -0.000363032055560 -0.000119208872247 -0.000036660390767
23 1 15.344557788300000 15.503588815399999 8.613540438400001 -0.000097294806752 -0.000263995942498 -0.001143855801475
31 1 13.426487796399995 12.181395589400003 8.613538384300000 0.000417469360614 -0.000215016194527 -0.000132685226524
39 7 17.262627163200005 16.610986685300006 11.745734611600000 0.001065785562149 -0.002352418070209 -0.001608054140261
95 8 17.593253881800010 14.587061761100006 12.258833442600000 0.001355606479411 0.002088737214866 -0.001198613688232
111 8 17.593251848000001 16.420093920100001 9.666529521300001 0.001334413098450 -0.000396797546042 0.002482817845734
119 8 17.593249127900002 11.990500490400001 11.232628962800000 0.002135682972903 -0.000242534266185 0.001214674159296
127 8 15.344557227600006 15.885353364700006 11.232627459799998 0.000423704516442 0.002271798884210 0.001694378898393
135 8 15.344568078800005 13.288790374900007 9.396583635799999 0.000039342393277 0.000160220398213 0.000216872411933
143 8 13.095880352600002 14.587079165600008 7.560553499600000 -0.002073009555921 0.000785683542271 -0.000161122339170
151 8 17.593249799300004 14.587055878400003 7.560546762400000 0.002058362340092 0.001010506758869 -0.000799384821704
175 8 13.095867367800004 11.990498335500007 11.232641519100001 -0.002106287754862 0.000466154366098 0.000822190516415
8 1 23.016843666400000 13.288795263500004 11.745737660500000 -0.000052776567994 0.000988092255712 -0.000267155456687
24 1 23.016841158500000 15.503588815399999 8.613540438400001 -0.000094177343505 0.000112537139953 0.001041812074296
32 1 21.098771166600002 12.181395589400003 8.613538384300000 -0.000043269559645 0.000063315250667 0.000064120551344
47 7 19.180709987699998 13.288788550000005 11.745727975299999 0.000122955130274 -0.000036417264144 0.000223519480715
55 7 19.180710411900002 15.503580461900007 8.613540254699998 0.000163310283996 0.000205311601375 -0.000055604477570
63 7 21.098782286700004 16.610979775200004 11.745738510299995 0.000700457383959 0.002426899689317 0.001594823483853
71 8 20.768171571100002 14.587074131700003 12.258844262099997 -0.002025474749458 -0.000311027869967 -0.001578803407770
79 8 19.180716222899996 17.336616904300001 12.258847990200001 -0.003551668660768 -0.001888113914777 -0.001410530656827
87 8 20.768161074900000 16.420097738599999 9.666531706799999 -0.001874451461797 -0.001433592459841 0.000557320210166
103 8 19.180707196099995 13.670551147500003 9.666525792999996 0.000075662957308 0.001764275697884 0.001557477654438
128 8 23.016840597800005 15.885353364700006 11.232627459799998 0.000414492039838 0.001477661778813 0.001132844169297
136 8 23.016851449000004 13.288790374900007 9.396583635799999 0.000045607831328 -0.000239367913721 -0.000065473464048
144 8 20.768163722800004 14.587079165600008 7.560553499600000 -0.001276547716846 0.000769269552201 -0.002165781989023
176 8 20.768150737999996 11.990498335500007 11.232641519100001 -0.001309786273377 -0.001429360584215 0.001474956452498
16 1 24.934923982700003 12.181390680000009 8.613533801700001 0.000093655281297 0.000162003990338 0.000162183583687
40 7 24.934910533400007 16.610986685300006 11.745734611600000 -0.000653618170897 0.000789086605160 0.000613269175041
48 7 26.852993357900004 13.288788550000005 11.745727975299999 0.000444405105572 -0.000032610046686 0.000229531201804
56 7 26.852993782099993 15.503580461900007 8.613540254699998 0.000484747896182 0.000212243581770 -0.000054028099089
64 7 28.771065656899999 16.610979775200004 11.745738510299995 -0.001072868780205 -0.000684986838044 -0.000605555400233
72 8 28.440454941300004 14.587074131700003 12.258844262099997 -0.001644788519118 0.001237006557742 -0.001423549285872
80 8 26.852999593099998 17.336616904300001 12.258847990200001 0.000791502847786 -0.001931880896351 -0.001441479234419
88 8 28.440444445099999 16.420097738599999 9.666531706799999 -0.001493765765792 -0.000771206321137 0.001965039197733
96 8 25.265537252000023 14.587061761100006 12.258833442600000 0.001730596787520 0.000531038185796 -0.001359511163190
104 8 26.852990566300001 13.670551147500003 9.666525792999996 -0.000150640365799 0.001762705207377 0.001556367997916
112 8 25.265535218199997 16.420093920100001 9.666529521300001 0.001709399544197 -0.001067734212771 0.001067826384791
120 8 25.265532498100001 11.990500490400001 11.232628962800000 0.001338695281880 -0.002137388619955 0.001862595470408
152 8 25.265533169500006 14.587055878400003 7.560546762400000 0.001261393811204 0.000989750108153 -0.002801821744262
