ITEM: TIMESTEP
0
ITEM: NUMBER OF ATOMS
176
ITEM: BOX BOUNDS xy xz yz pp pp pp
0.0000000000000000e+00 3.0689133480799999e+01 7.6722833701999980e+00
0.0000000000000000e+00 1.7718379476200003e+01 7.6722833702000024e+00
0.0000000000000000e+00 1.2528786279200000e+01 4.4295948690000015e+00
ITEM: ATOMS id type x y z fx fy fz
25 1 5.754204426199998 3.322205851300000 2.349145244699999 -0.017162450142873 -0.015994144577574 -0.005008595826148
137 8 5.423596982400004 5.727889427500000 1.296160360000000 -0.001315152059286 -0.005410934422290 0.000767864777534
161 8 3.831156472199984 2.206136477262165 1.566094450300000 0.045998232866334 0.081836178028174 -0.000688128605098
169 8 5.423583997600000 3.131308597400002 4.968248379499999 -0.000475400502641 0.001406342830501 -0.004525776526819
1 1 7.672276926000002 4.429605525400001 5.481344520900000 0.001691579168140 0.000410972822556 0.003918218305068
9 1 9.590357242299998 3.322200941900001 2.349140662099999 0.004068880249277 -0.000998710175724 -0.000231145594132
41 7 11.508426617500000 4.429598811900002 5.481334835700000 0.000862472500346 -0.000075093970102 0.000869996134920
89 8 9.920970511600007 5.727872023000002 5.994440303000000 0.000992164592898 0.000743805631885 -0.001897485712373
97 8 11.508423825899998 4.811361409400002 3.402132653400000 -0.000793983737989 0.001566726146187 0.001390597257262
113 8 9.920965757699999 3.131310752300001 4.968235823200000 0.000863392427032 -0.000506877370631 0.000690709343921
129 8 7.672284708600001 4.429600636800002 3.132190496199999 -0.014512091871465 -0.008389688512458 -0.005841719934312
145 8 9.920966429100000 5.727866140300000 1.296153622799999 0.000541617048105 0.000273312106968 -0.001184304028276
153 8 7.672288882800000 1.833036553300000 1.296161863300000 -0.003550062790649 0.003172979384304 0.000166240666853
162 8 11.508439842400000 2.214796731300001 1.566094450300000 -0.001376643556826 0.000482618429526 0.000059599549117
2 1 15.344560296200001 4.429605525400001 5.481344520900000 -0.000243104131609 -0.000701269459960 -0.000072283482770
10 1 17.262640612500000 3.322200941900001 2.349140662099999 -0.005197901307333 -0.008737724978215 0.000085143063800
26 1 13.426487796400002 3.322205851300000 2.349145244699999 0.001147000810837 -0.000848623571535 -0.000152878085640
65 8 13.095888200900001 5.727884393600002 5.994451122499998 -0.001742361393795 0.000730774708916 -0.001429010247201
90 8 17.593253881800006 5.727872023000002 5.994440303000000 0.002636127082027 0.000788375259439 -0.002017445697017
114 8 17.593249127900009 3.131310752300001 4.968235823200000 0.003216052069602 0.001642096558220 0.001355173917363
130 8 15.344568078800005 4.429600636800002 3.132190496199999 0.000025713033929 -0.000060740358538 0.000051364424341
138 8 13.095880352600009 5.727889427500000 1.296160360000000 -0.001599307679193 0.000778491711808 -0.001597317874239
146 8 17.593249799300011 5.727866140300000 1.296153622799999 0.004013006437116 0.000299538965231 -0.000815084168713
154 8 15.344572252999999 1.833036553300000 1.296161863300000 -0.001720615187108 -0.000158632152417 -0.002195265310236
170 8 13.095867367800004 3.131308597400002 4.968248379499999 -0.001880011343692 -0.000545101597624 0.001337413336360
42 7 19.180709987699998 4.429598811900002 5.481334835700000 -0.003006344275353 -0.001024852963153 0.005747185775495
66 8 20.768171571100002 5.727884393600002 5.994451122499998 -0.001976804786869 0.000015598684474 -0.002515621290466
98 8 19.180707196099995 4.811361409400002 3.402132653400000 0.004121252734712 -0.004733021958188 -0.005040671675849
3 1 11.508418611100000 11.073997829000001 5.481344520900000 -0.000237791574097 0.001545660611338 -0.004112962980217
17 1 7.672274418099999 6.644399077300000 2.349147298800000 0.002476577370255 0.004520608417432 -0.000195311137527
27 1 9.590346111300001 9.966598154900002 2.349145244699999 0.002979281757093 0.004354626178166 0.000131669738896
33 7 9.590343793000001 7.751796947200008 5.481341472000000 0.001266863192520 0.001703896643744 -0.000008343078297
49 7 11.508427041700001 6.644390723800001 2.349147115100000 0.000901395281046 0.001997048382399 -0.000049114431256
73 8 11.508432852700000 8.477427166200002 5.994454850600000 -0.000247228530110 -0.002638693740894 -0.000888890477140
105 8 9.920968477800001 7.560904182000002 3.402136381700000 0.000737188646725 -0.002361326990150 0.001580505497740
121 8 7.672273857400003 7.026163626600007 4.968234320200000 -0.000438484956328 0.000850426578420 0.000704103683517
131 8 11.508426393700001 11.073992940400007 3.132190496199999 -0.000029917455260 -0.016973230467756 0.006061301896403
155 8 11.508430567899998 8.477428856900005 1.296161863300000 -0.000027643005897 -0.003216834327857 -0.001832009507256
163 8 7.672298157300000 8.859189034900005 1.566094450300000 -0.001389972556001 -0.002129289137834 -0.000021138367902
171 8 9.259725682700001 9.775700901000002 4.968248379499999 -0.002190395393838 -0.001959728292922 0.002028455681962
11 1 13.426498927399999 9.966593245500007 2.349140662099999 -0.003125634734955 0.003175794682505 0.000335696318932
18 1 15.344557788300000 6.644399077300000 2.349147298800000 -0.001111495926773 0.000390954203983 0.000087671497477
28 1 17.262629481500003 9.966598154900002 2.349145244699999 -0.000584182891846 0.000691313409205 0.000002338326749
34 7 17.262627163200005 7.751796947200008 5.481341472000000 -0.000466108050930 0.000708801844866 0.000728944006252
43 7 15.344568302600003 11.073991115500002 5.481334835700000 -0.001400048202296 0.000201271511511 -0.000613195404164
57 7 13.426498916499998 7.751790037100004 5.481345370700000 -0.000727861355606 0.001055286753679 -0.000642328943708
81 8 13.095877704700001 7.560908000500002 3.402138567200000 -0.001354973057283 -0.001800834541606 0.001620728303645
99 8 15.344565510999997 11.455753713000002 3.402132653400000 0.000921312722472 0.002209373860934 0.001786491840692
106 8 17.593251848000001 7.560904182000002 3.402136381700000 0.003073474074292 -0.002202098939627 0.000796238876660
115 8 13.757107442799997 9.775703055900001 4.968235823200000 0.002545762313783 -0.001479926837667 0.002064970167702
122 8 15.344557227600001 7.026163626600007 4.968234320200000 0.000630501442829 0.001818016801726 0.001387797677413
164 8 15.344581527500001 8.859189034900005 1.566094450300000 0.000885006633347 -0.000831630265532 -0.000091899999322
172 8 16.932009052900014 9.775700901000002 4.968248379499999 -0.001296031299059 -0.001425853248994 0.001336476421505
4 1 19.180701981300000 11.073997829000001 5.481344520900000 0.000319087298034 0.000276898578481 -0.000079757856806
12 1 21.098782297600000 9.966593245500007 2.349140662099999 0.000889414148750 0.001778583800429 0.000052152657694
44 7 23.016851672799998 11.073991115500002 5.481334835700000 0.001403801537341 0.001206139799429 -0.001344191961308
50 7 19.180710411899998 6.644390723800001 2.349147115100000 -0.002961383361069 0.006853786188967 -0.000540878845866
58 7 21.098782286699997 7.751790037100004 5.481345370700000 0.000116434150898 0.002143211783598 0.001566248834576
74 8 19.180716222899989 8.477427166200002 5.994454850600000 -0.000167484599925 -0.002473646535998 -0.001810940357593
82 8 20.768161074900000 7.560908000500002 3.402138567200000 -0.002283163346123 -0.002802934878594 0.000445628116821
100 8 23.016848881199998 11.455753713000002 3.402132653400000 -0.001214248387302 0.000259194004804 0.002569006354472
116 8 21.429390813000008 9.775703055900001 4.968235823200000 0.001183536003146 -0.001888370179003 0.001375305875037
132 8 19.180709763900005 11.073992940400007 3.132190496199999 -0.000199648789056 -0.000392650695456 0.000065066543675
156 8 19.180713938099998 8.477428856900005 1.296161863300000 0.000232708599871 -0.003551848319744 -0.000890418555926
19 1 11.508416103199997 13.288791380900006 2.349147298800000 -0.004901057815452 -0.024452103882511 0.005530604833750
123 8 11.508415542500002 13.670555930200003 4.968234320200000 0.001611177908067 0.004040950190569 0.007292992808386
139 8 9.259738667499999 12.372281731100001 1.296160360000000 -0.007157898206964 -0.002073055774698 -0.003990060287811
35 7 13.426485478100000 14.396189250800001 5.481341472000000 -0.002621779180137 -0.005038202605359 -0.000007635745374
51 7 15.344568726800000 13.288783027399999 2.349147115100000 -0.002988588836497 -0.004744202175841 -0.000046154836589
59 7 17.262640601600001 14.396182340700005 5.481345370700000 0.000632796303582 -0.000771415074117 0.000836733403487
67 8 16.932029885999999 12.372276697200000 5.994451122499998 -0.001660007469640 0.000871243045148 -0.001428248671233
75 8 15.344574537799998 15.121819469800011 5.994454850600000 -0.000197852541428 -0.001024555056257 -0.001861720495589
83 8 16.932019389799994 14.205300304100005 3.402138567200000 -0.001658623781254 0.000017155855581 0.001224410880791
91 8 13.757112196700003 12.372264326600002 5.994440303000000 0.002358578607028 0.001587860429946 -0.000931874897808
107 8 13.757110162900000 14.205296485600002 3.402136381700000 0.005691426128123 0.006221443454772 0.001579860406093
140 8 16.932022037700008 12.372281731100001 1.296160360000000 -0.001338341153527 0.001233636700894 -0.001599733192988
147 8 13.757108114200003 12.372258443900009 1.296153622799999 0.007867117126308 0.000417745138959 -0.003211023191045
20 1 19.180699473400008 13.288791380900006 2.349147298800000 0.001085202642476 -0.000361492082570 -0.000064773527391
36 7 21.098768848300001 14.396189250800001 5.481341472000000 0.001276402609394 -0.000303789390512 -0.000731538302042
52 7 23.016852096999997 13.288783027399999 2.349147115100000 0.007076054054718 0.001035375546863 0.000446020614662
76 8 23.016857907999988 15.121819469800011 5.994454850600000 -0.001033296342872 -0.001179188129160 -0.000775292845964
92 8 21.429395566900006 12.372264326600002 5.994440303000000 0.001086747960824 0.000892178335122 -0.000982553795873
108 8 21.429393533100004 14.205296485600002 3.402136381700000 -0.000302201226258 -0.000246400800023 0.002357438213728
124 8 19.180698912699995 13.670555930200003 4.968234320200000 -0.000420154204730 0.001889019860819 0.001392410086176
148 8 21.429391484400018 12.372258443900009 1.296153622799999 0.000113046867769 0.000330976622746 -0.002125148202649
60 7 24.934923971800007 14.396182340700005 5.481345370700000 0.000398753084729 -0.002814819956693 -0.005520832916210
68 8 24.604313256200001 12.372276697200000 5.994451122499998 -0.002247558292577 0.000172798704932 -0.000340438071476
84 8 24.604302760000003 14.205300304100005 3.402138567200000 -0.009345095811160 -0.000646207673235 0.008091249542812
29 1 9.590346111300004 5.537003285800003 8.613538384300000 0.000328771853145 -0.000376216611374 0.001183238258150
157 8 11.508430567900000 4.047833987800002 7.560555002900000 -0.000028314422483 -0.001622614127327 -0.002015088199058
165 8 7.672298157300002 4.429594165800001 7.830487589900000 -0.000563413461937 0.000013080800820 -0.001268447088209
173 8 9.259725682700003 5.346106031900003 11.232641519100001 -0.002450720697901 0.000271295366557 -0.000674375248589
13 1 13.426498927400001 5.536998376400002 8.613533801700001 -0.000477746531724 -0.000602959553158 0.000043661579992
30 1 17.262629481500003 5.537003285800003 8.613538384300000 0.000206186519113 -0.000335737246264 0.000091778155266
117 8 13.757107442800002 5.346108186800002 11.232628962800000 0.003202579532312 0.001649880843978 0.001377145724459
166 8 15.344581527500001 4.429594165800001 7.830487589900000 0.000068254246822 0.000380361390978 -0.000015452154721
174 8 16.932009052900007 5.346106031900003 11.232641519100001 -0.002550249319388 0.000202927692373 0.001800733854827
14 1 21.098782297600003 5.536998376400002 8.613533801700001 0.000106007646653 0.000047528632013 0.001138217458753
118 8 21.429390813000005 5.346108186800002 11.232628962800000 0.001372733381010 -0.000772117104357 0.001096383297497
158 8 19.180713938100002 4.047833987800002 7.560555002900000 0.000230791339351 -0.001411170579411 -0.003069355970404
5 1 11.508418611100007 6.644402959900002 11.745737660500000 -0.004917574581274 -0.008862215179754 -0.000105357277103
21 1 11.508416103199998 8.859196511800004 8.613540438400001 -0.000278541752945 -0.000089941017540 -0.001272535109259
125 8 11.508415542500003 9.240961061100004 11.232627459799998 0.001606264846833 0.001700276103662 0.003403005945351
133 8 11.508426393700002 6.644398071300002 9.396583635799999 -0.000027083771812 -0.000030289296749 0.000137595614943
141 8 9.259738667500002 7.942686862000003 7.560553499600000 -0.001601723027143 0.000779895209599 -0.001593372661025
167 8 11.508439842400001 11.073986469400005 7.830487589900000 0.000064339499281 -0.000357845627159 0.001248265308966
37 7 13.426485478099996 9.966594381700006 11.745734611600000 0.000335925120496 0.004867918966169 -0.005287802319377
45 7 15.344568302600001 6.644396246400003 11.745727975299999 0.002636205794501 -0.004282569896214 -0.003466873963675
53 7 15.344568726799995 8.859188158300002 8.613540254699998 0.000349667955774 0.000319984547727 -0.001240755817274
61 7 17.262640601600001 9.966587471600000 11.745738510299995 0.001811651247801 0.001164481843965 -0.001202007706378
69 8 16.932029886000002 7.942681828100003 12.258844262099997 -0.002953262909694 0.000579348942335 -0.000921096888687
77 8 15.344574537800005 10.692224600700005 12.258847990200001 -0.001960055056921 -0.003187740197586 -0.000782663673061
85 8 16.932019389799990 9.775705435000003 9.666531706799999 -0.002020299269801 -0.001205616382294 0.001915375170120
93 8 13.757112196700007 7.942669457500004 12.258833442600000 -0.003620146610370 -0.000055316334017 0.007229330011902
101 8 15.344565511000003 7.026158843900003 9.666525792999996 -0.000057094975811 0.002134996784263 0.002751846075739
109 8 13.757110162900005 9.775701616500001 9.666529521300001 0.001310943869550 -0.001184506184927 0.003674409582902
142 8 16.932022037700005 7.942686862000003 7.560553499600000 -0.001710943553115 0.000744187015938 -0.001650576910784
149 8 13.757108114200001 7.942663574800001 7.560546762400000 0.001913660102910 0.001065934006585 -0.000995510509165
159 8 15.344572253000006 10.692226291400004 7.560555002900000 0.000008649697566 -0.002187553541926 -0.001122765266376
6 1 19.180701981300004 6.644402959900002 11.745737660500000 0.001130237170718 -0.000506654778725 -0.000267155108664
22 1 19.180699473400011 8.859196511800004 8.613540438400001 0.000283170524858 0.000061115702224 0.000038191461545
38 7 21.098768848300008 9.966594381700006 11.745734611600000 0.000091050912536 -0.000321953539982 -0.000004106639950
46 7 23.016851672800001 6.644396246400003 11.745727975299999 0.001347247815075 -0.001906917417428 0.001814478199086
54 7 23.016852096999990 8.859188158300002 8.613540254699998 -0.000267868576864 -0.000032586777220 -0.000055580648859
78 8 23.016857907999999 10.692224600700005 12.258847990200001 0.000734341037261 -0.002221520136635 -0.001289776991807
94 8 21.429395566900006 7.942669457500004 12.258833442600000 0.000869496053089 0.001800169181122 -0.001500220434388
102 8 23.016848881199998 7.026158843900003 9.666525792999996 -0.000225996825974 0.002224343735250 0.000660038218153
110 8 21.429393533100001 9.775701616500001 9.666529521300001 0.001578918023204 -0.000897380563617 0.001578369562915
126 8 19.180698912700002 9.240961061100004 11.232627459799998 -0.000419938512393 0.001872680984810 0.001573271112644
134 8 19.180709763900005 6.644398071300002 9.396583635799999 -0.000239873102608 -0.000007360557764 -0.000065524038326
150 8 21.429391484400004 7.942663574800001 7.560546762400000 0.001555655682573 0.000720808186283 -0.001940781336231
160 8 23.016855623200005 10.692226291400004 7.560555002900000 -0.000149721521686 -0.002111759801709 -0.001066929243474
168 8 19.180723212599993 11.073986469400005 7.830487589900000 -0.000220642312683 -0.000125695926506 -0.000013448207196
62 7 24.934923971800000 9.966587471600000 11.745738510299995 -0.002553162753485 0.000602448515917 -0.001599969477704
70 8 24.604313256200005 7.942681828100003 12.258844262099997 -0.000086819053890 0.003510834266423 -0.001398120770888
86 8 24.604302759999996 9.775705435000003 9.666531706799999 -0.001071071831635 -0.000980853750000 0.002359129619417
7 1 15.344560296200003 13.288795263500004 11.745737660500000 0.001134871065886 0.001673987590754 -0.000081511133092
15 1 17.262640612500000 12.181390680000009 8.613533801700001 0.000079618168891 0.000377984772159 0.000044072617628
23 1 15.344557788300000 15.503588815399999 8.613540438400001 0.000478114518608 -0.000011002054897 0.000926575238877
31 1 13.426487796399995 12.181395589400003 8.613538384300000 0.000034448443822 0.000334137011173 -0.001007897232273
39 7 17.262627163200005 16.610986685300006 11.745734611600000 0.004480858211441 0.002451521197366 0.005321496512475
95 8 17.593253881800010 14.587061761100006 12.258833442600000 0.001366762161960 -0.001022601826276 -0.002017064476071
111 8 17.593251848000001 16.420093920100001 9.666529521300001 0.001462384602756 -0.001265178773824 -0.000524085288414
119 8 17.593249127900002 11.990500490400001 11.232628962800000 0.001183627234834 -0.001888428883409 0.001375147017944
127 8 15.344557227600006 15.885353364700006 11.232627459799998 -0.001404342393687 0.001218301355862 0.000640601666676
135 8 15.344568078800005 13.288790374900007 9.396583635799999 -0.000224387433959 -0.000378429799235 0.000105393658983
143 8 13.095880352600002 14.587079165600008 7.560553499600000 -0.001341830633966 0.001235642754130 -0.001594044628177
151 8 17.593249799300004 14.587055878400003 7.560546762400000 0.001412590775430 0.000819619778472 -0.001888375126813
175 8 13.095867367800004 11.990498335500007 11.232641519100001 -0.001388084812401 -0.002607655213710 0.002085103394829
8 1 23.016843666400000 13.288795263500004 11.745737660500000 -0.000761539476848 0.000589148442954 0.000106393422669
24 1 23.016841158500000 15.503588815399999 8.613540438400001 -0.000188261139060 -0.000198718372002 -0.000158644705600
32 1 21.098771166600002 12.181395589400003 8.613538384300000 0.000190984868625 0.000200385805123 -0.000107085369234
47 7 19.180709987699998 13.288788550000005 11.745727975299999 -0.000304909445044 0.002192651295529 0.001446081473614
55 7 19.180710411900002 15.503580461900007 8.613540254699998 -0.000263898712534 0.000667672935712 0.001146171077165
63 7 21.098782286700004 16.610979775200004 11.745738510299995 -0.005265173059888 0.000455224371342 0.003728119410289
71 8 20.768171571100002 14.587074131700003 12.258844262099997 -0.001267204596695 -0.000393216910689 -0.001941326240861
79 8 19.180716222899996 17.336616904300001 12.258847990200001 0.001374389001645 -0.007033544797342 -0.010114141789548
87 8 20.768161074900000 16.420097738599999 9.666531706799999 -0.001233914788777 -0.000865037947886 0.000253023180657
103 8 19.180707196099995 13.670551147500003 9.666525792999996 0.000043185379398 0.001286372004212 0.001092903744718
128 8 23.016840597800005 15.885353364700006 11.232627459799998 0.001619882643178 0.001614696879488 0.000920501189172
136 8 23.016851449000004 13.288790374900007 9.396583635799999 0.000109296466111 -0.000201688553102 0.000216957335095
144 8 20.768163722800004 14.587079165600008 7.560553499600000 -0.001581279282803 0.000670381338066 -0.001545114693131
176 8 20.768150737999996 11.990498335500007 11.232641519100001 -0.001307743850273 -0.001434738799873 0.001152820289596
16 1 24.934923982700003 12.181390680000009 8.613533801700001 -0.000218544048802 0.000238496280788 -0.001047511811874
40 7 24.934910533400007 16.610986685300006 11.745734611600000 -0.000066398233596 -0.000602264131802 0.000001872984680
48 7 26.852993357900004 13.288788550000005 11.745727975299999 -0.000461198895165 0.001184794786230 -0.000385994558072
56 7 26.852993782099993 15.503580461900007 8.613540254699998 -0.000422611798741 -0.000314420272420 -0.000053996138721
64 7 28.771065656899999 16.610979775200004 11.745738510299995 0.001027162875917 0.000520872203739 0.000621332014401
72 8 28.440454941300004 14.587074131700003 12.258844262099997 -0.002296152869828 -0.000228689129980 -0.001428922671533
80 8 26.852999593099998 17.336616904300001 12.258847990200001 -0.000802161839076 -0.001767433336646 -0.001450661377945
88 8 28.440444445099999 16.420097738599999 9.666531706799999 -0.001839595632836 -0.000970146647531 0.000944162637648
96 8 25.265537252000023 14.587061761100006 12.258833442600000 0.002019803923561 0.000696473229888 -0.001344950138905
104 8 26.852990566300001 13.670551147500003 9.666525792999996 0.000157325298936 0.001563476317387 0.002067800099416
112 8 25.265535218199997 16.420093920100001 9.666529521300001 0.001690711216627 -0.000700619134089 0.001577265135917
120 8 25.265532498100001 11.990500490400001 11.232628962800000 0.002055881966528 -0.001177144780158 0.001657937505797
152 8 25.265533169500006 14.587055878400003 7.560546762400000 0.001968096298087 0.001402369304008 0.000063900503902
