ITEM: TIMESTEP
0
ITEM: NUMBER OF ATOMS
176
ITEM: BOX BOUNDS xy xz yz pp pp pp
0.0000000000000000e+00 3.0689133480799999e+01 7.6722833701999980e+00
0.0000000000000000e+00 1.7718379476200003e+01 7.6722833702000024e+00
0.0000000000000000e+00 1.2528786279200000e+01 4.4295948690000015e+00
ITEM: ATOMS id type x y z fx fy fz
25 1 5.754204426199998 3.322205851300000 2.349145244699999 -0.001097669538616 0.000022781818603 0.000035454899214
137 8 5.423596982400004 5.727889427500000 1.296160360000000 0.000426604181452 0.000350754061548 -0.002280994038649
161 8 3.836156472199998 2.214796731300001 1.566094450300000 0.000365711127005 -0.000837246732251 -0.000659397495934
169 8 5.423583997600000 3.131308597400002 4.968248379499999 0.000393309472036 -0.001677495985103 0.001118775001777
1 1 7.672276926000002 4.429605525400001 5.481344520900000 -0.003752907431821 -0.003010767486308 -0.000406670282253
9 1 9.590357242299998 3.322200941900001 2.349140662099999 -0.001114505226700 -0.002071884234953 -0.001417425404754
41 7 11.508426617500000 4.429598811900002 5.481334835700000 0.000402277567375 -0.014529906718024 -0.001237674706624
89 8 9.920970511600007 5.727872023000002 5.994440303000000 0.004865283090241 0.009683570616127 -0.002734497494044
97 8 11.508423825899998 4.811361409400002 3.402132653400000 -0.000504157176170 0.005016506693290 0.003857145931438
113 8 9.920965757699999 3.131310752300001 4.968235823200000 0.003474470695586 0.002827844070388 0.001946653824839
129 8 7.672284708600001 4.429600636800002 3.132190496199999 0.000868383497967 0.000832508478433 0.000692466394108
145 8 9.920966429100000 5.727866140300000 1.296153622799999 0.003397120253773 0.002724073482031 0.001851348825251
153 8 7.672288882800000 1.833036553300000 1.296161863300000 0.000184733418422 -0.001094858285564 -0.001127174697875
162 8 11.508439842400000 2.214796731300001 1.566094450300000 -0.000530392032300 0.000648128315304 0.000390925401319
2 1 15.344560296200001 4.429605525400001 5.481344520900000 0.005315201925930 0.020825986432901 -0.004271535179957
10 1 17.262640612500000 3.322200941900001 2.349140662099999 -0.001336962542377 0.002740645599154 0.001985564975657
26 1 13.426487796400002 3.322205851300000 2.349145244699999 0.003593136040564 0.000152250021986 0.000127018003406
65 8 13.095888200900001 5.727884393600002 5.994451122499998 -0.019261188870559 -0.004200469570147 0.000376657126200
90 8 17.593253881800006 5.727872023000002 5.994440303000000 0.010347031910108 -0.006988169223932 0.001810104026380
114 8 17.593249127900009 3.131310752300001 4.968235823200000 0.002621961904508 -0.003727304099502 0.001306274317902
130 8 15.344568078800005 4.429600636800002 3.132190496199999 -0.000875467808766 -0.005427473001246 -0.003734056110382
138 8 13.095880352600009 5.727889427500000 1.296160360000000 -0.005280346198389 0.002574204816966 0.000274268098550
146 8 17.593249799300011 5.727866140300000 1.296153622799999 0.002544632070876 -0.000064733512489 -0.004115376052737
154 8 15.344572252999999 1.833036553300000 1.296161863300000 -0.000244696101472 -0.002400317223668 -0.002050249969141
170 8 13.095867367800004 3.131308597400002 4.968248379499999 -0.005313541965500 0.001472771017676 0.002363261292165
42 7 19.180709987699998 4.429598811900002 5.481334835700000 -0.007211658131723 0.004656705675669 0.000578468658072
66 8 20.768171571100002 5.727884393600002 5.994451122499998 0.001247677988850 0.001154414537418 -0.001324992351793
98 8 19.180707196099995 4.811361409400002 3.402132653400000 0.001265145493991 0.000646013566349 0.000766750395975
3 1 11.508418611100000 11.073997829000001 5.481344520900000 0.005386115728080 0.020935372095062 -0.004292610926328
17 1 7.672274418099999 6.644399077300000 2.349147298800000 -0.003794310921948 -0.001351955406692 -0.002681862214699
27 1 9.590346111300001 9.966598154900002 2.349145244699999 -0.001564538150074 0.002936719067629 -0.004733078401524
33 7 9.590343793000001 7.751796947200008 5.481341472000000 -0.047628180330586 -0.013377703403914 -0.009404558231631
49 7 11.508427041700001 6.644390723800001 2.349147115100000 0.000442492681947 -0.006003404821982 -0.013232949726871
73 8 11.508432852700000 8.477427166200002 5.994454850600000 -0.032764665363896 0.010102355015099 0.007068046038519
105 8 9.920968477800001 7.560904182000002 3.402136381700000 0.004844061276952 0.000686725997052 0.010155224583516
121 8 7.672273857400003 7.026163626600007 4.968234320200000 0.012083189178987 0.004935430528321 0.003577882118080
131 8 11.508426393700001 11.073992940400007 3.132190496199999 -0.002344114329187 -0.001465782666916 0.002679103502445
155 8 11.508430567899998 8.477428856900005 1.296161863300000 -0.000655153473799 -0.003389433872838 0.001405771165343
163 8 7.672298157300000 8.859189034900005 1.566094450300000 0.001742432841521 -0.000056017007298 0.001342259767656
171 8 9.259725682700001 9.775700901000002 4.968248379499999 0.007142561220375 -0.008987718280663 0.004464889153755
11 1 13.426498927399999 9.966593245500007 2.349140662099999 0.007590033135548 0.001624280131808 0.001260223475885
18 1 15.344557788300000 6.644399077300000 2.349147298800000 0.005273969452163 0.002949851446592 0.021079962436921
28 1 17.262629481500003 9.966598154900002 2.349145244699999 -0.001580974015930 -0.003488343008752 0.004359491784776
34 7 17.262627163200005 7.751796947200008 5.481341472000000 -0.047225623790125 -0.013338971865401 -0.009376760693709
43 7 15.344568302600003 11.073991115500002 5.481334835700000 0.000228832699570 -0.014559974069885 -0.001273064825778
57 7 13.416498916500000 7.751790037100004 5.481345370700000 0.166900461298126 -0.015859776083092 -0.011337248266823
81 8 13.095877704700001 7.560908000500002 3.402138567200000 -0.019110500235510 -0.000886427865057 -0.003760477464754
99 8 15.344565510999997 11.455753713000002 3.402132653400000 -0.000552702869818 0.004124218276432 -0.000957427466599
106 8 17.593251848000001 7.560904182000002 3.402136381700000 0.010325803990536 -0.000585806885678 -0.007077940497492
115 8 13.757107442799997 9.775703055900001 4.968235823200000 -0.015840710950716 -0.005985100542179 0.003273151814088
122 8 15.344557227600001 7.026163626600007 4.968234320200000 -0.029098101556493 0.012476529962989 0.008910478309070
164 8 15.344581527500001 8.859189034900005 1.566094450300000 -0.002390615632877 0.002053131441702 -0.002229120947640
172 8 16.932009052900014 9.775700901000002 4.968248379499999 0.001603705677738 0.007645584770612 -0.000052448039403
4 1 19.180701981300000 11.073997829000001 5.481344520900000 -0.003752063502986 -0.002987873515944 -0.000404856210604
12 1 21.098782297600000 9.966593245500007 2.349140662099999 -0.002672383238093 -0.000028394240442 0.000017709373389
44 7 23.016851672799998 11.073991115500002 5.481334835700000 -0.007226235285625 0.004682971459683 0.000582499773785
50 7 19.180710411899998 6.644390723800001 2.349147115100000 -0.007171325027652 0.002104315506900 0.004250780541493
58 7 21.098782286699997 7.751790037100004 5.481345370700000 -0.010366569485183 0.001308777076623 0.000804261094703
74 8 19.180716222899989 8.477427166200002 5.994454850600000 0.011563789686165 0.001109732179326 0.000709343109357
82 8 20.768161074900000 7.560908000500002 3.402138567200000 0.001398713841417 -0.000705802080401 0.001854335880571
100 8 23.016848881199998 11.455753713000002 3.402132653400000 0.001303286656673 0.000320120173909 0.002726362167022
116 8 21.429390813000008 9.775703055900001 4.968235823200000 0.004832791061076 -0.000345822592209 0.001485719551509
132 8 19.180709763900005 11.073992940400007 3.132190496199999 0.001820377853200 0.001188177791218 -0.000496495396086
156 8 19.180713938099998 8.477428856900005 1.296161863300000 0.001229275668867 -0.001201375010300 -0.003380837026907
19 1 11.508416103199997 13.288791380900006 2.349147298800000 0.000560615844633 0.001844926334797 -0.000702752511902
123 8 11.508415542500002 13.670555930200003 4.968234320200000 -0.000061662978054 -0.000624989083034 0.001535907031913
139 8 9.259738667499999 12.372281731100001 1.296160360000000 -0.001393240968351 -0.000099371976834 -0.001159169511660
35 7 13.426485478100000 14.396189250800001 5.481341472000000 0.000606569299555 -0.000506772634955 0.000071672742581
51 7 15.344568726800000 13.288783027399999 2.349147115100000 0.000072316177520 -0.002430390236919 0.001060820021226
59 7 17.262640601600001 14.396182340700005 5.481345370700000 -0.000933353755744 -0.004137770843825 0.000743129321002
67 8 16.932029885999999 12.372276697200000 5.994451122499998 -0.000074090770804 0.004333111445416 -0.000853540569353
75 8 15.344574537799998 15.121819469800011 5.994454850600000 0.000032357964189 -0.001097332162054 -0.001569125054256
83 8 16.932019389799994 14.205300304100005 3.402138567200000 -0.001261313160705 0.000081577285515 0.001647519130722
91 8 13.757112196700003 12.372264326600002 5.994440303000000 -0.002077566315539 0.003469144237975 -0.000290578907204
107 8 13.757110162900000 14.205296485600002 3.402136381700000 0.001220878620532 -0.000693796669182 0.001668248252756
140 8 16.932022037700008 12.372281731100001 1.296160360000000 -0.001500399849503 0.001571505939951 -0.002224940458653
147 8 13.757108114200003 12.372258443900009 1.296153622799999 0.000989302722943 0.000803206797997 -0.001637333188220
20 1 19.180699473400008 13.288791380900006 2.349147298800000 -0.000336748434084 -0.001153753637011 0.000100917208727
36 7 21.098768848300001 14.396189250800001 5.481341472000000 0.000602214904925 -0.000479234271536 0.000072409616488
52 7 23.016852096999997 13.288783027399999 2.349147115100000 -0.000511000274483 0.001603366616006 -0.000448041970741
76 8 23.016857907999988 15.121819469800011 5.994454850600000 -0.000534578285065 -0.004435008869360 -0.001320602426876
92 8 21.429395566900006 12.372264326600002 5.994440303000000 0.003636794153976 0.000264735783691 -0.001549523237512
108 8 21.429393533100004 14.205296485600002 3.402136381700000 0.001663043362923 -0.000978858507223 0.001655177251441
124 8 19.180698912699995 13.670555930200003 4.968234320200000 0.000511306071752 0.002702810098075 0.001285580446779
148 8 21.429391484400018 12.372258443900009 1.296153622799999 0.002209513465949 0.000970067520200 -0.001279893083275
60 7 24.934923971800007 14.396182340700005 5.481345370700000 -0.000494300491723 0.004702650398393 -0.000640899775102
68 8 24.604313256200001 12.372276697200000 5.994451122499998 -0.000970297698093 -0.002241282883944 -0.001500566591574
84 8 24.604302760000003 14.205300304100005 3.402138567200000 -0.001694481681699 -0.002069389560644 0.001451284488581
29 1 9.590346111300004 5.537003285800003 8.613538384300000 -0.001564567420732 -0.003501777221103 0.004372252512470
157 8 11.508430567900000 4.047833987800002 7.560555002900000 -0.000655170279274 0.000528401833445 -0.004134760521707
165 8 7.672298157300002 4.429594165800001 7.830487589900000 0.001742444436186 0.001310347303970 -0.000590060586244
173 8 9.259725682700003 5.346106031900003 11.232641519100001 -0.001426483422891 -0.000769841700901 0.000320453316332
13 1 13.426498927400001 5.536998376400002 8.613533801700001 0.007590179255746 0.001684686698977 0.001174834047401
30 1 17.262629481500003 5.537003285800003 8.613538384300000 -0.001580988763415 0.002929161055313 -0.004716192628008
117 8 13.757107442800002 5.346108186800002 11.232628962800000 0.001066617829714 -0.001101649384166 0.001298535080094
166 8 15.344581527500001 4.429594165800001 7.830487589900000 -0.002390640175758 -0.001353717016145 0.002588951515121
174 8 16.932009052900007 5.346106031900003 11.232641519100001 -0.001533655889179 -0.001217740774169 0.002251005891313
14 1 21.098782297600003 5.536998376400002 8.613533801700001 -0.002672402809051 -0.000037667825366 0.000030829817988
118 8 21.429390813000005 5.346108186800002 11.232628962800000 0.002286829084683 -0.000709044354239 0.001336723500767
158 8 19.180713938100002 4.047833987800002 7.560555002900000 0.001229252620231 -0.003255146261333 -0.000476386697410
5 1 11.508418611100007 6.644402959900002 11.745737660500000 0.000602026886736 -0.000079233565279 0.001947693899524
21 1 11.508416103199998 8.859196511800004 8.613540438400001 0.005344699326506 0.002966518254388 0.021190486180587
125 8 11.508415542500003 9.240961061100004 11.232627459799998 -0.000061675510512 0.001156777427685 -0.000983955184533
133 8 11.508426393700002 6.644398071300002 9.396583635799999 -0.002344148178792 0.001939475800536 -0.002136638216650
141 8 9.259738667500002 7.942686862000003 7.560553499600000 0.007175774133234 0.001068764070611 -0.010288342146124
167 8 11.508439842400001 11.073986469400005 7.830487589900000 -0.000963956020483 -0.005314636835641 -0.003825336454185
37 7 13.426485478099996 9.966594381700006 11.745734611600000 0.000606577405593 -0.000153505761177 -0.000427900257300
45 7 15.344568302600001 6.644396246400003 11.745727975299999 0.000031979606098 0.000137600677583 -0.002633565500597
53 7 15.344568726799995 8.859188158300002 8.613540254699998 0.000268971699437 -0.006046853162078 -0.013249636535240
61 7 17.262640601600001 9.966587471600000 11.745738510299995 -0.000933348278005 -0.000564353166533 -0.004310405391650
69 8 16.932029886000002 7.942681828100003 12.258844262099997 -0.001412340300461 0.001221888490172 -0.000513686166223
77 8 15.344574537800005 10.692224600700005 12.258847990200001 0.000032352383918 -0.001774030005632 -0.000612117332595
85 8 16.932019389799990 9.775705435000003 9.666531706799999 0.000076949313343 0.000798254192935 0.004694062572529
93 8 13.757112196700007 7.942669457500004 12.258833442600000 0.001242071648933 0.001221758585663 -0.001207118785815
101 8 15.344565511000003 7.026158843900003 9.666525792999996 -0.000552705241587 0.000179880847142 0.004620743864677
109 8 13.757110162900005 9.775701616500001 9.666529521300001 -0.002098701490325 0.000919397849033 0.003481578305293
142 8 16.932022037700005 7.942686862000003 7.560553499600000 0.001636970988626 0.002354114297221 0.006899035567273
149 8 13.757108114200001 7.942663574800001 7.560546762400000 -0.015918408078525 0.001036989169881 -0.006899509084487
159 8 15.344572253000006 10.692226291400004 7.560555002900000 -0.000557480427546 0.001439956972363 0.000665206819605
6 1 19.180701981300004 6.644402959900002 11.745737660500000 -0.000295342451885 -0.000321082988263 -0.001147400894124
22 1 19.180699473400011 8.859196511800004 8.613540438400001 -0.003793525021599 -0.001342630207244 -0.002660888675573
38 7 21.098768848300008 9.966594381700006 11.745734611600000 0.000602192169990 -0.000143643590614 -0.000402171188190
46 7 23.016851672800001 6.644396246400003 11.745727975299999 -0.000551357807818 0.000059604493457 0.001672445193325
54 7 23.016852096999990 8.859188158300002 8.613540254699998 -0.007185920787543 0.002116872091009 0.004274153952999
78 8 23.016857907999999 10.692224600700005 12.258847990200001 -0.000534586983907 -0.002652291505695 -0.003841780923245
94 8 21.429395566900006 7.942669457500004 12.258833442600000 0.001684244981292 0.001114408844505 -0.001471516211421
102 8 23.016848881199998 7.026158843900003 9.666525792999996 0.001303320184675 0.002384940780427 -0.000193724527860
110 8 21.429393533100001 9.775701616500001 9.666529521300001 0.003615615550504 -0.001335631652643 0.000880092435353
126 8 19.180698912700002 9.240961061100004 11.232627459799998 0.000511318685970 0.002030050540712 0.002237011483949
134 8 19.180709763900005 6.644398071300002 9.396583635799999 0.001820404453854 -0.000169906447093 0.001424112449492
150 8 21.429391484400004 7.942663574800001 7.560546762400000 0.004755462342470 0.001231625386382 -0.000987111173890
160 8 23.016855623200005 10.692226291400004 7.560555002900000 0.001190229425585 -0.002941256424973 -0.002432739681109
168 8 19.180723212599993 11.073986469400005 7.830487589900000 0.000794210487407 0.000939717529860 0.000597102239737
62 7 24.934923971800000 9.966587471600000 11.745738510299995 -0.000494301111866 0.001077588459765 0.004485699292742
70 8 24.604313256200005 7.942681828100003 12.258844262099997 -0.001845493863672 0.000319890409042 -0.002476257796295
86 8 24.604302759999996 9.775705435000003 9.666531706799999 -0.000819258023928 -0.002003271757780 -0.001288641056742
7 1 15.344560296200003 13.288795263500004 11.745737660500000 -0.000295907471217 -0.000322126301176 -0.001155323678077
15 1 17.262640612500000 12.181390680000009 8.613533801700001 -0.001124597495680 -0.002070773494913 -0.001416613644954
23 1 15.344557788300000 15.503588815399999 8.613540438400001 -0.000337312890557 -0.001161576999222 0.000102578601292
31 1 13.426487796399995 12.181395589400003 8.613538384300000 0.003599019574822 0.000139832569021 0.000118220347675
39 7 17.262627163200005 16.610986685300006 11.745734611600000 0.000254894562786 0.000063319303464 0.000100111168718
95 8 17.593253881800010 14.587061761100006 12.258833442600000 0.001694836297797 0.000742264335286 -0.000412993255988
111 8 17.593251848000001 16.420093920100001 9.666529521300001 0.001673645117966 -0.000104926232005 0.000951460336029
119 8 17.593249127900002 11.990500490400001 11.232628962800000 0.002168602281966 -0.000265888959090 0.002291581355932
127 8 15.344557227600006 15.885353364700006 11.232627459799998 0.000548423149475 0.001972478781747 0.001482728451352
135 8 15.344568078800005 13.288790374900007 9.396583635799999 -0.000449561757698 0.000538525514864 0.000484577644936
143 8 13.095880352600002 14.587079165600008 7.560553499600000 -0.001520464568696 0.000707036637081 -0.001516216998554
151 8 17.593249799300004 14.587055878400003 7.560546762400000 0.002091290438000 0.002018049431922 -0.001180379907611
175 8 13.095867367800004 11.990498335500007 11.232641519100001 -0.001553715744202 -0.000837685240321 0.001199754475918
8 1 23.016843666400000 13.288795263500004 11.745737660500000 0.000594442026455 -0.000078069800336 0.001952548981759
24 1 23.016841158500000 15.503588815399999 8.613540438400001 0.000553040721625 0.001849913086604 -0.000703284751967
32 1 21.098771166600002 12.181395589400003 8.613538384300000 -0.001097027463395 0.000032088093794 0.000042031479648
47 7 19.180709987699998 13.288788550000005 11.745727975299999 0.000041998739024 0.000134872219637 -0.002617258403795
55 7 19.180710411900002 15.503580461900007 8.613540254699998 0.000082360120435 -0.002415941456744 0.001052822877123
63 7 21.098782286700004 16.610979775200004 11.745738510299995 0.000322767209107 0.000605867382782 0.000307210438158
71 8 20.768171571100002 14.587074131700003 12.258844262099997 -0.002517482788680 0.000386787456462 -0.001520897206006
79 8 19.180716222899996 17.336616904300001 12.258847990200001 -0.000639300002210 -0.001958680983688 -0.001460438889609
87 8 20.768161074900000 16.420097738599999 9.666531706799999 -0.002366482213297 -0.001146377944015 0.001195886515173
103 8 19.180707196099995 13.670551147500003 9.666525792999996 0.000256567318723 0.002485525075341 0.002067466106966
128 8 23.016840597800005 15.885353364700006 11.232627459799998 -0.000153184863470 0.001847018114718 0.001394015256053
136 8 23.016851449000004 13.288790374900007 9.396583635799999 0.000445964866558 -0.000957911320379 -0.000573551023631
144 8 20.768163722800004 14.587079165600008 7.560553499600000 -0.001957332701237 0.000977955308898 -0.001504433155725
176 8 20.768150737999996 11.990498335500007 11.232641519100001 -0.001990558705997 -0.000736264981637 0.001451247192230
16 1 24.934923982700003 12.181390680000009 8.613533801700001 -0.001332220622629 0.002748103354302 0.001990805925032
40 7 24.934910533400007 16.610986685300006 11.745734611600000 0.000249288161157 0.000063858164317 0.000100465013170
48 7 26.852993357900004 13.288788550000005 11.745727975299999 -0.000548833101379 0.000059676065739 0.001661776140971
56 7 26.852993782099993 15.503580461900007 8.613540254699998 -0.000508480788317 0.001593342658804 -0.000444435609597
64 7 28.771065656899999 16.610979775200004 11.745738510299995 -0.000682162379535 0.000165307993971 -0.000004318941520
72 8 28.440454941300004 14.587074131700003 12.258844262099997 -0.001297182454060 0.000774912040823 -0.001466511381261
80 8 26.852999593099998 17.336616904300001 12.258847990200001 0.000067032412065 -0.001834351996021 -0.001372525896457
88 8 28.440444445099999 16.420097738599999 9.666531706799999 -0.001146165611978 -0.000965742430006 0.001543711687733
96 8 25.265537252000023 14.587061761100006 12.258833442600000 0.001810378620603 0.001186345705839 -0.002342504797400
104 8 26.852990566300001 13.670551147500003 9.666525792999996 -0.000174495185059 0.001183786315348 0.001147019154840
112 8 25.265535218199997 16.420093920100001 9.666529521300001 0.001789178914503 -0.001776050447668 0.002013324165373
120 8 25.265532498100001 11.990500490400001 11.232628962800000 0.001738815973261 -0.001167796398410 0.000329196263741
152 8 25.265533169500006 14.587055878400003 7.560546762400000 0.001661494413225 -0.000132755032613 -0.001376569278066
