ITEM: TIMESTEP
0
ITEM: NUMBER OF ATOMS
176
ITEM: BOX BOUNDS xy xz yz pp pp pp
0.0000000000000000e+00 3.0689133480799999e+01 7.6722833701999980e+00
0.0000000000000000e+00 1.7718379476200003e+01 7.6722833702000024e+00
0.0000000000000000e+00 1.2528786279200000e+01 4.4295948690000015e+00
ITEM: ATOMS id type x y z fx fy fz
25 1 5.754204426199998 3.322205851300000 2.349145244699999 -0.002791138384856 -0.001774105069285 0.000944414818001
137 8 5.423596982400004 5.727889427500000 1.296160360000000 0.001345959969026 0.000607152805045 -0.002354109532601
161 8 3.836156472199998 2.214796731300001 1.566094450300000 0.000925239283986 0.000670524244176 -0.000274207021949
169 8 5.423583997600000 3.131308597400002 4.968248379499999 -0.001239407714112 -0.000660554771485 0.000717282224785
1 1 7.672276926000002 4.429605525400001 5.481344520900000 0.001644773418991 0.000786946787272 0.002845631490786
9 1 9.590357242299998 3.322200941900001 2.349140662099999 -0.000132025378766 -0.017988654289184 0.012873133053055
41 7 11.508426617500000 4.429598811900002 5.481334835700000 0.005452885707155 0.011486935518170 -0.006805210790203
89 8 9.920970511600007 5.727872023000002 5.994440303000000 -0.001484664415487 -0.000711763660065 0.000513227024901
97 8 11.508423825899998 4.811361409400002 3.402132653400000 -0.008823394207351 0.001886753290234 -0.014676782087779
113 8 9.920965757699999 3.131310752300001 4.968235823200000 -0.001583273613695 -0.003353327342298 -0.000151005381554
129 8 7.672284708600001 4.429600636800002 3.132190496199999 0.004208527658185 0.002406141308723 -0.004435619421772
145 8 9.920966429100000 5.727866140300000 1.296153622799999 -0.024928404454594 -0.014417550736061 -0.019391610532081
153 8 7.672288882800000 1.833036553300000 1.296161863300000 0.001284723298687 0.000820677941901 -0.002396596576873
162 8 11.508439842400000 2.214796731300001 1.566094450300000 -0.002979015949027 0.001821622436810 -0.001707512746122
2 1 15.344560296200001 4.429605525400001 5.481344520900000 -0.003360900199580 0.004314453435925 -0.001680367013246
10 1 17.262640612500000 3.322200941900001 2.349140662099999 -0.001560831917479 0.001083718503015 0.001136359346650
26 1 13.426487796400002 3.322205851300000 2.349145244699999 0.002591121901225 0.001393630585625 0.007456226751566
65 8 13.095888200900001 5.727884393600002 5.994451122499998 -0.001497568730694 -0.006127261255016 0.004771837238474
90 8 17.593253881800006 5.727872023000002 5.994440303000000 0.003474750595528 0.000097729345062 -0.000621708701770
114 8 17.593249127900009 3.131310752300001 4.968235823200000 0.002694959017054 -0.001295970318101 0.001263396186101
130 8 15.344568078800005 4.429600636800002 3.132190496199999 0.000064896463283 -0.003392953628713 -0.001595351234904
138 8 13.095880352600009 5.727889427500000 1.296160360000000 -0.006102786984643 -0.006769132505394 -0.017586090827767
146 8 17.593249799300011 5.727866140300000 1.296153622799999 0.003774557250981 0.000371093622498 -0.002726577756203
154 8 15.344572252999999 1.833036553300000 1.296161863300000 -0.000230960821433 -0.001825608757185 -0.002427761972335
170 8 13.095867367800004 3.131308597400002 4.968248379499999 -0.000559082435829 -0.004212210375677 0.001093162627612
42 7 19.180709987699998 4.429598811900002 5.481334835700000 -0.001552360616187 0.000462942820504 0.000430059682473
66 8 20.768171571100002 5.727884393600002 5.994451122499998 -0.001650034292443 0.000620670929634 -0.001387794653466
98 8 19.180707196099995 4.811361409400002 3.402132653400000 0.000979162675980 0.001558280418872 0.000966709408912
3 1 11.508418611100000 11.073997829000001 5.481344520900000 0.002196845421581 -0.005311773727224 -0.001680314378398
17 1 7.672274418099999 6.644399077300000 2.349147298800000 -0.015512338214784 0.008924404409752 0.012776439998642
27 1 9.590346111300001 9.966598154900002 2.349145244699999 0.002643211857855 0.001303118165693 0.007455984692875
33 7 9.590343793000001 7.751796947200008 5.481341472000000 0.013019555081701 -0.000975414802355 -0.007032627133383
49 7 11.503427041699950 6.641503972454080 2.340982149290743 0.097301135140652 0.056457839751616 0.125018510270275
73 8 11.508432852700000 8.477427166200002 5.994454850600000 -0.006042330548981 0.001708964477325 0.004759223348700
105 8 9.920968477800001 7.560904182000002 3.402136381700000 -0.002745036079690 -0.008630314447704 -0.014655624912444
121 8 7.672273857400003 7.026163626600007 4.968234320200000 -0.003706500725883 0.000208266430775 -0.000114522285155
131 8 11.508426393700001 11.073992940400007 3.132190496199999 -0.002885465121608 0.001717266067385 -0.001595346522693
155 8 11.508430567899998 8.477428856900005 1.296161863300000 -0.008827905885597 -0.001942880466647 -0.017628339885710
163 8 7.672298157300000 8.859189034900005 1.566094450300000 -0.000030014125018 -0.003286190095761 -0.001707490614883
171 8 9.259725682700001 9.775700901000002 4.968248379499999 -0.003974992981723 0.001704446779653 0.001093140122258
11 1 13.426498927399999 9.966593245500007 2.349140662099999 -0.000152856125674 -0.017907262693667 0.012770367944779
18 1 15.344557788300000 6.644399077300000 2.349147298800000 -0.015453336807650 0.008865828267518 0.012674242999992
28 1 17.262629481500003 9.966598154900002 2.349145244699999 -0.002787070964184 -0.001771800772868 0.000935307985742
34 7 17.262627163200005 7.751796947200008 5.481341472000000 -0.007342445080128 -0.001665943648018 -0.003431813265403
43 7 15.344568302600003 11.073991115500002 5.481334835700000 -0.005326198978791 -0.005801971096374 -0.003204120000423
57 7 13.426498916499998 7.751790037100004 5.481345370700000 -0.012421904095906 -0.006891053444566 -0.048123466675610
81 8 13.095877704700001 7.560908000500002 3.402138567200000 -0.025449601282717 -0.014719977921892 -0.014978707139301
99 8 15.344565510999997 11.455753713000002 3.402132653400000 0.001361818438530 0.004406734942286 0.000806916535491
106 8 17.593251848000001 7.560904182000002 3.402136381700000 0.004530634154744 -0.001069850786524 0.000827812657711
115 8 13.757107442799997 9.775703055900001 4.968235823200000 0.005932359035160 0.009938015728620 0.005764213070252
122 8 15.344557227600001 7.026163626600007 4.968234320200000 0.011562022965597 0.000071383226016 0.005800739580229
164 8 15.344581527500001 8.859189034900005 1.566094450300000 0.004135236628929 0.002523894501748 -0.004513604085869
172 8 16.932009052900014 9.775700901000002 4.968248379499999 -0.000053905066725 0.000023906463371 0.001512482928769
4 1 19.180701981300000 11.073997829000001 5.481344520900000 -0.000602206783287 -0.000510350630070 -0.001071913234437
12 1 21.098782297600000 9.966593245500007 2.349140662099999 -0.001552688868525 0.001084569032659 0.001140370698992
44 7 23.016851672799998 11.073991115500002 5.481334835700000 0.002222680838166 -0.001459214348135 -0.000490744276542
50 7 19.180710411899998 6.644390723800001 2.349147115100000 -0.004197597669403 0.001482224803490 0.001603384824884
58 7 21.098782286699997 7.751790037100004 5.481345370700000 0.000380883469338 0.000147289371219 0.000129123475152
74 8 19.180716222899989 8.477427166200002 5.994454850600000 0.001426124013369 -0.001298540771879 -0.000233491156501
82 8 20.768161074900000 7.560908000500002 3.402138567200000 0.000412147235750 -0.001570146690151 0.000094485307203
100 8 23.016848881199998 11.455753713000002 3.402132653400000 -0.000167464402131 0.001766073051543 0.000772162399812
116 8 21.429390813000008 9.775703055900001 4.968235823200000 0.001473552012981 -0.000954290895409 0.001194537056274
132 8 19.180709763900005 11.073992940400007 3.132190496199999 0.000995844705175 0.000551383665612 -0.000184077951613
156 8 19.180713938099998 8.477428856900005 1.296161863300000 0.000904387531941 -0.002026218112531 -0.002229069315322
19 1 11.508416103199997 13.288791380900006 2.349147298800000 0.000289759003878 -0.001849026995242 0.001039982589416
123 8 11.508415542500002 13.670555930200003 4.968234320200000 0.000214334810655 0.002884643412053 0.001299827231299
139 8 9.259738667499999 12.372281731100001 1.296160360000000 -0.001703582737684 0.000617707036912 -0.002385246313509
35 7 13.426485478100000 14.396189250800001 5.481341472000000 -0.000029914251153 -0.001530104150303 0.000202418997271
51 7 15.344568726800000 13.288783027399999 2.349147115100000 -0.001058229125643 -0.003955334920595 0.001603378929396
59 7 17.262640601600001 14.396182340700005 5.481345370700000 0.000074913672360 0.000677211945684 0.000129139660307
67 8 16.932029885999999 12.372276697200000 5.994451122499998 -0.000367968139129 0.001844352385459 -0.000220928400684
75 8 15.344574537799998 15.121819469800011 5.994454850600000 -0.000274644591562 -0.001796996995719 -0.001400364182612
83 8 16.932019389799994 14.205300304100005 3.402138567200000 -0.001130901106194 0.001102508058834 0.000094483606558
91 8 13.757112196700003 12.372264326600002 5.994440303000000 0.001696130291502 0.003178357233968 -0.000621687409473
107 8 13.757110162900000 14.205296485600002 3.402136381700000 0.001872436579083 0.000022973099505 0.000987609901114
140 8 16.932022037700008 12.372281731100001 1.296160360000000 -0.001309653649218 0.001701252245343 -0.002186559340327
147 8 13.757108114200003 12.372258443900009 1.296153622799999 0.002230700087772 0.003045188693524 -0.002726599774523
20 1 19.180699473400008 13.288791380900006 2.349147298800000 0.000294562939015 -0.001842465039954 0.001044028392173
36 7 21.098768848300001 14.396189250800001 5.481341472000000 0.000192979745576 0.002700256938798 -0.000718386417877
52 7 23.016852096999997 13.288783027399999 2.349147115100000 -0.000241197751895 0.000141417256493 0.000655283799229
76 8 23.016857907999988 15.121819469800011 5.994454850600000 0.000064528474642 -0.002845654340341 -0.001212734860167
92 8 21.429395566900006 12.372264326600002 5.994440303000000 0.001081638992899 0.000769827146084 -0.000673154572050
108 8 21.429393533100004 14.205296485600002 3.402136381700000 0.001479056133492 -0.001073925313398 0.000793045993471
124 8 19.180698912699995 13.670555930200003 4.968234320200000 -0.000100481367433 0.001656049038558 0.001230967936450
148 8 21.429391484400018 12.372258443900009 1.296153622799999 0.001577673447536 0.000885417113013 -0.001691323794766
60 7 24.934923971800007 14.396182340700005 5.481345370700000 -0.000291959673065 0.000112122488258 0.000116034905234
68 8 24.604313256200001 12.372276697200000 5.994451122499998 -0.002388625735950 0.001438739208396 -0.001200173563937
84 8 24.604302760000003 14.205300304100005 3.402138567200000 -0.001774410649534 -0.001050788620369 0.001137776428534
29 1 9.590346111300004 5.537003285800003 8.613538384300000 0.001485917030400 0.000695204517027 -0.002293415849698
157 8 11.508430567900000 4.047833987800002 7.560555002900000 -0.000693330495436 -0.004094257531964 0.001649967450742
165 8 7.672298157300002 4.429594165800001 7.830487589900000 -0.000818475291267 -0.000336220366012 0.000052716037774
173 8 9.259725682700003 5.346106031900003 11.232641519100001 -0.002151225961253 -0.001187001802797 0.001989656041420
13 1 13.426498927400001 5.536998376400002 8.613533801700001 -0.000969281020807 0.001142540414536 -0.004570083032377
30 1 17.262629481500003 5.537003285800003 8.613538384300000 -0.001048709292641 -0.000777416295982 -0.002116357611712
117 8 13.757107442800002 5.346108186800002 11.232628962800000 0.003226734325327 0.000373078927948 0.002584525084728
166 8 15.344581527500001 4.429594165800001 7.830487589900000 0.000930017378418 -0.000684805326126 0.001885375350403
174 8 16.932009052900007 5.346106031900003 11.232641519100001 -0.001540779401720 0.001230245113950 0.002043226621134
14 1 21.098782297600003 5.536998376400002 8.613533801700001 0.000602023955371 -0.000434977416963 -0.000741608555472
118 8 21.429390813000005 5.346108186800002 11.232628962800000 0.001189948987073 -0.000049656070646 0.001602877396463
158 8 19.180713938100002 4.047833987800002 7.560555002900000 0.000222756018296 -0.001771125170572 -0.001230297579933
5 1 11.508418611100007 6.644402959900002 11.745737660500000 -0.000609958922196 -0.000514827683788 -0.001064800005315
21 1 11.508416103199998 8.859196511800004 8.613540438400001 0.000636480343369 -0.001366174910743 -0.004666417807669
125 8 11.508415542500003 9.240961061100004 11.232627459799998 0.001925656777837 0.002510662688659 0.002620964292706
133 8 11.508426393700002 6.644398071300002 9.396583635799999 -0.000328809385483 -0.000213403248006 0.001422256029695
141 8 9.259738667500002 7.942686862000003 7.560553499600000 -0.003899476657830 0.001351598592537 0.001692476586001
167 8 11.508439842400001 11.073986469400005 7.830487589900000 -0.000246098968252 0.001352319322788 0.001885348218560
37 7 13.426485478099996 9.966594381700006 11.745734611600000 -0.007372385927556 -0.001669577110580 -0.003429946012173
45 7 15.344568302600001 6.644396246400003 11.745727975299999 -0.005344399652340 -0.005826079297364 -0.003202346426023
53 7 15.344568726799995 8.859188158300002 8.613540254699998 -0.006194506782952 -0.003295731877626 -0.007575367428939
61 7 17.262640601600001 9.966587471600000 11.745738510299995 -0.012589693459599 -0.006987921067653 -0.048480757290115
69 8 16.932029886000002 7.942681828100003 12.258844262099997 0.002384756051108 0.011461913482417 0.002959135467636
77 8 15.344574537800005 10.692224600700005 12.258847990200001 0.011131533869954 -0.003723409066726 0.002946485161054
85 8 16.932019389799990 9.775705435000003 9.666531706799999 0.001669061710621 0.000937295290195 0.013312362945008
93 8 13.757112196700007 7.942669457500004 12.258833442600000 0.003183375865862 0.001983240565073 -0.001157727938392
101 8 15.344565511000003 7.026158843900003 9.666525792999996 0.001344585101896 0.002311651198065 0.004265906820640
109 8 13.757110162900005 9.775701616500001 9.666529521300001 0.002707578657920 -0.000037243551133 0.004286789077969
142 8 16.932022037700005 7.942686862000003 7.560553499600000 -0.000485799262982 0.001647862422551 0.001116149870695
149 8 13.757108114200001 7.942663574800001 7.560546762400000 0.005021726364800 0.002873816829916 0.010442173020865
159 8 15.344572253000006 10.692226291400004 7.560555002900000 0.001270077464403 -0.001286046083921 0.001073625451869
6 1 19.180701981300004 6.644402959900002 11.745737660500000 0.002216753045067 -0.005321371112042 -0.001668981137043
22 1 19.180699473400011 8.859196511800004 8.613540438400001 0.000655901024372 -0.001368497293438 -0.004678488997314
38 7 21.098768848300008 9.966594381700006 11.745734611600000 0.013080381986626 -0.000953708909592 -0.006865229268664
46 7 23.016851672800001 6.644396246400003 11.745727975299999 0.002215216632330 -0.001446355779394 -0.000478422183957
54 7 23.016852096999990 8.859188158300002 8.613540254699998 0.003238869591597 -0.001422770538816 -0.002461187313076
78 8 23.016857907999999 10.692224600700005 12.258847990200001 -0.004155344051877 -0.003594202186806 -0.002993294953578
94 8 21.429395566900006 7.942669457500004 12.258833442600000 -0.000744136326449 0.003633535147456 -0.001596196238494
102 8 23.016848881199998 7.026158843900003 9.666525792999996 -0.000668572354208 0.001855848538537 0.002396919514692
110 8 21.429393533100001 9.775701616500001 9.666529521300001 -0.000720051556565 -0.000334948849929 0.004827507632173
126 8 19.180698912700002 9.240961061100004 11.232627459799998 -0.005617060436312 0.005552378140026 0.007669182090257
134 8 19.180709763900005 6.644398071300002 9.396583635799999 -0.000175654689456 0.001241357909411 0.001975481719453
150 8 21.429391484400004 7.942663574800001 7.560546762400000 0.001167562132374 0.001325330762220 -0.000773110467831
160 8 23.016855623200005 10.692226291400004 7.560555002900000 -0.000741826257188 -0.001727690936313 -0.000796014250647
168 8 19.180723212599993 11.073986469400005 7.830487589900000 -0.000414084752710 -0.000102764089211 0.001336688391902
62 7 24.934923971800000 9.966587471600000 11.745738510299995 0.000354763275068 0.000149944670973 0.000138836027696
70 8 24.604313256200005 7.942681828100003 12.258844262099997 -0.002103041027402 0.000528608983056 -0.001612865836595
86 8 24.604302759999996 9.775705435000003 9.666531706799999 -0.002183302395903 -0.000614102578391 0.002047623109492
7 1 15.344560296200003 13.288795263500004 11.745737660500000 -0.003359164033437 0.004336372843357 -0.001668930267742
15 1 17.262640612500000 12.181390680000009 8.613533801700001 -0.000961597325500 0.001160558923486 -0.004582092822521
23 1 15.344557788300000 15.503588815399999 8.613540438400001 0.000055963369814 0.000783377650854 -0.000837962065161
31 1 13.426487796399995 12.181395589400003 8.613538384300000 -0.001056717462894 -0.000763487827891 -0.002116319888869
39 7 17.262627163200005 16.610986685300006 11.745734611600000 0.000200352839034 0.002687292235093 -0.000706051152823
95 8 17.593253881800010 14.587061761100006 12.258833442600000 0.002648857865958 -0.002243114382433 -0.001596240853400
111 8 17.593251848000001 16.420093920100001 9.666529521300001 0.001306259267600 -0.001552771823148 0.002417809629514
119 8 17.593249127900002 11.990500490400001 11.232628962800000 0.002089603972541 -0.007679969877863 0.007632657070375
127 8 15.344557227600006 15.885353364700006 11.232627459799998 0.000541149712570 0.000958138104953 0.001639311831357
135 8 15.344568078800005 13.288790374900007 9.396583635799999 0.001007630785340 -0.000808152080978 0.001975455581656
143 8 13.095880352600002 14.587079165600008 7.560553499600000 -0.001429548874741 0.000983383954930 -0.001187794786685
151 8 17.593249799300004 14.587055878400003 7.560546762400000 0.001753586674896 0.000310274004845 -0.000773102455137
175 8 13.095867367800004 11.990498335500007 11.232641519100001 0.000247368646346 -0.001866965403208 0.002043228788189
8 1 23.016843666400000 13.288795263500004 11.745737660500000 0.001631028501855 0.000778994657601 0.002849634791935
24 1 23.016841158500000 15.503588815399999 8.613540438400001 0.000055333348030 0.000776242755195 -0.000834375865815
32 1 21.098771166600002 12.181395589400003 8.613538384300000 0.001491938099424 0.000698717791818 -0.002285999074464
47 7 19.180709987699998 13.288788550000005 11.745727975299999 0.005501843055329 0.011528334875177 -0.006637284585654
55 7 19.180710411900002 15.503580461900007 8.613540254699998 0.000144200853565 0.003937329968014 -0.002461174713601
63 7 21.098782286700004 16.610979775200004 11.745738510299995 0.000064172316374 0.000653277818044 0.000138835431386
71 8 20.768171571100002 14.587074131700003 12.258844262099997 -0.005146795341374 -0.001841449627098 -0.002980698727397
79 8 19.180716222899996 17.336616904300001 12.258847990200001 -0.000580877211675 -0.002143279534315 -0.001625427605145
87 8 20.768161074900000 16.420097738599999 9.666531706799999 -0.001600667649016 -0.001623229329092 0.002047615176380
103 8 19.180707196099995 13.670551147500003 9.666525792999996 -0.000627056871417 -0.000507863933699 0.004806571945414
128 8 23.016840597800005 15.885353364700006 11.232627459799998 0.000213574152268 0.002015083308975 0.001453272510635
136 8 23.016851449000004 13.288790374900007 9.396583635799999 -0.000738587708309 -0.000449997901403 0.000134564020814
144 8 20.768163722800004 14.587079165600008 7.560553499600000 -0.001874223741801 0.000126313723714 -0.000753507161501
176 8 20.768150737999996 11.990498335500007 11.232641519100001 -0.004723415950178 -0.002672128913259 0.003158255598815
16 1 24.934923982700003 12.181390680000009 8.613533801700001 0.000595513086750 -0.000431936585471 -0.000738000438936
40 7 24.934910533400007 16.610986685300006 11.745734611600000 -0.000031132489531 -0.001540912518818 0.000203885386884
48 7 26.852993357900004 13.288788550000005 11.745727975299999 -0.001562279249557 0.000467275469196 0.000431527478036
56 7 26.852993782099993 15.503580461900007 8.613540254699998 -0.000362127620398 0.000071601932130 -0.000476752957558
64 7 28.771065656899999 16.610979775200004 11.745738510299995 -0.000288685952548 0.000113995729336 0.000120246161266
72 8 28.440454941300004 14.587074131700003 12.258844262099997 -0.000888022730516 0.000186362480022 -0.001545067681719
80 8 26.852999593099998 17.336616904300001 12.258847990200001 -0.000269770708841 -0.000919929764225 -0.001557621450438
88 8 28.440444445099999 16.420097738599999 9.666531706799999 -0.001532256499566 -0.000910981518060 0.001799358342184
96 8 25.265537252000023 14.587061761100006 12.258833442600000 0.001997495157637 0.001298576132616 -0.001946839390200
104 8 26.852990566300001 13.670551147500003 9.666525792999996 0.000298111759235 0.001809140192326 0.001966257373316
112 8 25.265535218199997 16.420093920100001 9.666529521300001 0.001749159969112 -0.000692258641265 0.001987155253784
120 8 25.265532498100001 11.990500490400001 11.232628962800000 0.001941507314613 -0.000861840495704 0.001416825759249
152 8 25.265533169500006 14.587055878400003 7.560546762400000 0.001823172166365 0.001027156246971 -0.001026689820006
