ITEM: TIMESTEP
0
ITEM: NUMBER OF ATOMS
176
ITEM: BOX BOUNDS xy xz yz pp pp pp
0.0000000000000000e+00 3.0689133480799999e+01 7.6722833701999980e+00
0.0000000000000000e+00 1.7718379476200003e+01 7.6722833702000024e+00
0.0000000000000000e+00 1.2528786279200000e+01 4.4295948690000015e+00
ITEM: ATOMS id type x y z fx fy fz
25 1 5.754204426199998 3.322205851300000 2.349145244699999 0.004536778258836 0.000240727244496 0.001364788886079
137 8 5.423596982400004 5.727889427500000 1.296160360000000 -0.002274230049679 0.001442967050646 -0.001979710769699
161 8 3.836156472199998 2.214796731300001 1.566094450300000 -0.001212182059513 -0.000338372796156 -0.000556012079511
169 8 5.423583997600000 3.131308597400002 4.968248379499999 -0.002781965850743 -0.000244720935522 0.001775842684652
1 1 7.672276926000002 4.429605525400001 5.481344520900000 -0.003153182960394 -0.007405384995201 -0.011414316608174
9 1 9.590357242299998 3.322200941900001 2.349140662099999 -0.006162421489596 -0.005730963141673 0.007096427427888
41 7 11.508426617500000 4.429598811900002 5.481334835700000 -0.020802618926266 -0.016670771346603 -0.017472272842756
89 8 9.920970511600007 5.727872023000002 5.994440303000000 0.009219516870013 -0.015707079991526 -0.003751667640888
97 8 11.508423825899998 4.811361409400002 3.402132653400000 0.004210782489121 0.003437897406100 0.013192559315927
113 8 9.915965757699951 3.128424000954080 4.960070857390743 0.059247233304844 0.069412434468868 0.043501853328108
129 8 7.672284708600001 4.429600636800002 3.132190496199999 -0.007265510161499 0.006036182574821 -0.001430853882048
145 8 9.920966429100000 5.727866140300000 1.296153622799999 0.003374807573614 0.004249047751022 -0.001533988520462
153 8 7.672288882800000 1.833036553300000 1.296161863300000 -0.002495425125696 -0.002861304887503 -0.004340469316736
162 8 11.508439842400000 2.214796731300001 1.566094450300000 0.005923674260748 -0.001801117878842 -0.002579800433359
2 1 15.344560296200001 4.429605525400001 5.481344520900000 0.004626697674544 -0.000529296789949 -0.000660855547590
10 1 17.262640612500000 3.322200941900001 2.349140662099999 0.000981060241578 -0.000205084126475 -0.000315770359620
26 1 13.426487796400002 3.322205851300000 2.349145244699999 -0.001819106210416 -0.001629641830709 -0.003645574220205
65 8 13.095888200900001 5.727884393600002 5.994451122499998 -0.017930746774043 -0.013745417325026 -0.006217025703625
90 8 17.593253881800006 5.727872023000002 5.994440303000000 0.000366566948537 0.000909160827484 -0.001141997541974
114 8 17.593249127900009 3.131310752300001 4.968235823200000 0.000794793046963 -0.000684345273453 0.001602789239410
130 8 15.344568078800005 4.429600636800002 3.132190496199999 -0.000689797046657 0.000126034466452 0.001427625794260
138 8 13.095880352600009 5.727889427500000 1.296160360000000 -0.001498361495402 0.000971640847238 -0.000804340529324
146 8 17.593249799300011 5.727866140300000 1.296153622799999 0.001294161353443 0.000949783532403 -0.001370688951430
154 8 15.344572252999999 1.833036553300000 1.296161863300000 0.000076387939602 -0.001814712052247 -0.001612550035303
170 8 13.095867367800004 3.131308597400002 4.968248379499999 -0.010025100743722 0.004864866998891 0.004899580338216
42 7 19.180709987699998 4.429598811900002 5.481334835700000 0.001980444801797 -0.000779901922042 -0.000309629719903
66 8 20.768171571100002 5.727884393600002 5.994451122499998 -0.002530770196196 0.001391356446943 -0.001238945841852
98 8 19.180707196099995 4.811361409400002 3.402132653400000 -0.000510304675313 0.002022512554924 0.001869485646216
3 1 11.508418611100000 11.073997829000001 5.481344520900000 0.000608472050418 0.001220023918413 -0.000299819186344
17 1 7.672274418099999 6.644399077300000 2.349147298800000 0.000065390436503 -0.004138683753092 0.000217552206521
27 1 9.590346111300001 9.966598154900002 2.349145244699999 -0.000009444457664 0.000101863727536 -0.000291039639658
33 7 9.590343793000001 7.751796947200008 5.481341472000000 -0.003132666474833 0.006327397297592 -0.003044372992185
49 7 11.508427041700001 6.644390723800001 2.349147115100000 -0.002120433069887 0.000148477377063 -0.003308080442017
73 8 11.508432852700000 8.477427166200002 5.994454850600000 -0.000249773139155 -0.003602734963105 -0.001483137980560
105 8 9.920968477800001 7.560904182000002 3.402136381700000 0.002317575974497 -0.000984618594141 0.003411317808226
121 8 7.672273857400003 7.026163626600007 4.968234320200000 0.002296106689136 0.002431137101858 0.002347958330649
131 8 11.508426393700001 11.073992940400007 3.132190496199999 -0.000231071324074 -0.000538101857123 0.000255855665420
155 8 11.508430567899998 8.477428856900005 1.296161863300000 0.000101363093963 -0.001958201794095 -0.001335608549982
163 8 7.672298157300000 8.859189034900005 1.566094450300000 0.000107533024456 0.000741119064608 -0.000131224385700
171 8 9.259725682700001 9.775700901000002 4.968248379499999 -0.001111020329861 -0.002763981284674 0.001892482129133
11 1 13.426498927399999 9.966593245500007 2.349140662099999 0.000561029353335 0.001214033782764 -0.000130814016575
18 1 15.344557788300000 6.644399077300000 2.349147298800000 0.000621256731424 0.000489245381793 -0.001113559858849
28 1 17.262629481500003 9.966598154900002 2.349145244699999 0.000039052620592 0.001497384732414 0.000150763021245
34 7 17.262627163200005 7.751796947200008 5.481341472000000 0.001596080214167 0.001096721427077 -0.000372626238063
43 7 15.344568302600003 11.073991115500002 5.481334835700000 0.001506928529156 0.002804438551699 -0.000590797115614
57 7 13.426498916499998 7.751790037100004 5.481345370700000 0.002144532526921 0.008643412794938 -0.002397019006210
81 8 13.095877704700001 7.560908000500002 3.402138567200000 -0.001515099715084 -0.001502631037933 0.002947838834853
99 8 15.344565510999997 11.455753713000002 3.402132653400000 -0.000708213796051 -0.000495640065943 0.002145218781308
106 8 17.593251848000001 7.560904182000002 3.402136381700000 0.000746415078498 -0.000803099912913 0.001527808801119
115 8 13.757107442799997 9.775703055900001 4.968235823200000 0.000575358291707 -0.003547575430587 0.001811089479108
122 8 15.344557227600001 7.026163626600007 4.968234320200000 -0.002016883530923 0.000826692392610 0.002281984286786
164 8 15.344581527500001 8.859189034900005 1.566094450300000 -0.000354385299037 -0.000504733519368 0.000082909573029
172 8 16.932009052900014 9.775700901000002 4.968248379499999 -0.001528365972664 -0.001905634080050 0.001351968056260
4 1 19.180701981300000 11.073997829000001 5.481344520900000 -0.000952388715875 0.000263238822179 -0.000723071060395
12 1 21.098782297600000 9.966593245500007 2.349140662099999 -0.000560039333868 0.000028467024434 0.000090036892896
44 7 23.016851672799998 11.073991115500002 5.481334835700000 -0.000254868019118 0.000036517538388 -0.000031982563834
50 7 19.180710411899998 6.644390723800001 2.349147115100000 0.000635934989291 -0.000216233984912 -0.000066082130529
58 7 21.098782286699997 7.751790037100004 5.481345370700000 -0.000573087723886 -0.000377921696686 -0.000335550075783
74 8 19.180716222899989 8.477427166200002 5.994454850600000 -0.000154014817718 -0.001981374794017 -0.001129281458743
82 8 20.768161074900000 7.560908000500002 3.402138567200000 -0.001580993175636 -0.000779544355930 0.001872112011761
100 8 23.016848881199998 11.455753713000002 3.402132653400000 0.000161671386826 0.001751522303654 0.001743415434636
116 8 21.429390813000008 9.775703055900001 4.968235823200000 0.002189087758655 -0.000750275025320 0.001588757281293
132 8 19.180709763900005 11.073992940400007 3.132190496199999 0.000494374976401 -0.000924950380380 0.000376222539852
156 8 19.180713938099998 8.477428856900005 1.296161863300000 -0.000051829147792 -0.001759298397385 -0.001782832957897
19 1 11.508416103199997 13.288791380900006 2.349147298800000 0.001204601085711 0.000454116462391 0.000365446480804
123 8 11.508415542500002 13.670555930200003 4.968234320200000 -0.001055129245053 0.001580092351902 0.001474281213938
139 8 9.259738667499999 12.372281731100001 1.296160360000000 -0.001643667630028 0.000718786929638 -0.002103783533611
35 7 13.426485478100000 14.396189250800001 5.481341472000000 0.004319852444365 0.001689562618214 -0.000990321206129
51 7 15.344568726800000 13.288783027399999 2.349147115100000 0.006914006117146 0.006001187332430 0.004298478025885
59 7 17.262640601600001 14.396182340700005 5.481345370700000 -0.008965775939671 -0.000707465350856 -0.015866011745503
67 8 16.932029885999999 12.372276697200000 5.994451122499998 -0.003159830446298 -0.005588517900454 -0.000066218726543
75 8 15.344574537799998 15.121819469800011 5.994454850600000 -0.006072116617592 -0.004100211329406 0.005438021300161
83 8 16.932019389799994 14.205300304100005 3.402138567200000 -0.006729115156859 -0.020259898850226 -0.007972594593928
91 8 13.757112196700003 12.372264326600002 5.994440303000000 0.000976788274950 -0.000077393336926 -0.000985416343612
107 8 13.757110162900000 14.205296485600002 3.402136381700000 -0.000129483328641 -0.001128088525966 0.001973142955907
140 8 16.932022037700008 12.372281731100001 1.296160360000000 -0.001177077500156 -0.001051005968044 -0.003833070663081
147 8 13.757108114200003 12.372258443900009 1.296153622799999 -0.000322558103015 -0.000385828963671 -0.003104903279650
20 1 19.180699473400008 13.288791380900006 2.349147298800000 -0.004383834886487 0.002619548650253 0.000587788335540
36 7 21.098768848300001 14.396189250800001 5.481341472000000 0.001153155835698 -0.007252568219365 -0.001114161542512
52 7 23.016852096999997 13.288783027399999 2.349147115100000 -0.000083448951171 -0.000174452716583 -0.000370223890631
76 8 23.016857907999988 15.121819469800011 5.994454850600000 -0.001628154570711 -0.001006774802363 -0.001452584285849
92 8 21.429395566900006 12.372264326600002 5.994440303000000 0.001865988149304 0.001994977390907 -0.001159352173065
108 8 21.429393533100004 14.205296485600002 3.402136381700000 0.002245242436636 -0.000005951926490 0.003135150914395
124 8 19.180698912699995 13.670555930200003 4.968234320200000 0.004768661767139 0.001679134047178 0.003303372329187
148 8 21.429391484400018 12.372258443900009 1.296153622799999 0.002418776492167 0.000876305385368 -0.001547996906863
60 7 24.934923971800007 14.396182340700005 5.481345370700000 0.001613753756391 -0.000515486601500 -0.000370681929791
68 8 24.604313256200001 12.372276697200000 5.994451122499998 -0.001986713539827 0.000595022092836 -0.001380090855735
84 8 24.604302760000003 14.205300304100005 3.402138567200000 -0.001902239694547 -0.000863022870051 0.001606729029666
29 1 9.590346111300004 5.537003285800003 8.613538384300000 -0.003467769574512 0.001736183447354 0.004120954247145
157 8 11.508430567900000 4.047833987800002 7.560555002900000 -0.003652440658455 -0.002085761567280 -0.014519023910364
165 8 7.672298157300002 4.429594165800001 7.830487589900000 0.001983995250952 0.000467291088189 0.001557075592795
173 8 9.259725682700003 5.346106031900003 11.232641519100001 -0.001267912426838 -0.001053813834384 0.000593402777892
13 1 13.426498927400001 5.536998376400002 8.613533801700001 0.003067465237144 0.001705082612803 0.004490650444989
30 1 17.262629481500003 5.537003285800003 8.613538384300000 0.001281281912552 0.000460754129266 0.000977839466555
117 8 13.757107442800002 5.346108186800002 11.232628962800000 0.000770515177011 -0.001558579977227 -0.000217262894264
166 8 15.344581527500001 4.429594165800001 7.830487589900000 -0.001553197546109 0.000464024057827 -0.000736502295335
174 8 16.932009052900007 5.346106031900003 11.232641519100001 -0.001653265289440 -0.001411244583404 0.000483470243644
14 1 21.098782297600003 5.536998376400002 8.613533801700001 -0.000876960326636 -0.000034453574390 -0.000148657590910
118 8 21.429390813000005 5.346108186800002 11.232628962800000 0.002348373593157 -0.000932597808601 0.001166480721239
158 8 19.180713938100002 4.047833987800002 7.560555002900000 -0.000299922030490 -0.001755728312726 -0.001470064377118
5 1 11.508418611100007 6.644402959900002 11.745737660500000 0.000715908561904 0.000404464616971 0.001752512106445
21 1 11.508416103199998 8.859196511800004 8.613540438400001 0.000071300623122 0.001725021832081 0.000823555344050
125 8 11.508415542500003 9.240961061100004 11.232627459799998 -0.000177103196182 0.001633873047829 0.000844972208659
133 8 11.508426393700002 6.644398071300002 9.396583635799999 -0.000077004976051 -0.001354526969112 -0.001787935369079
141 8 9.259738667500002 7.942686862000003 7.560553499600000 -0.000409242048488 -0.000739433154242 -0.002583813035487
167 8 11.508439842400001 11.073986469400005 7.830487589900000 -0.000185489571654 -0.000598346639839 -0.000000794136793
37 7 13.426485478099996 9.966594381700006 11.745734611600000 0.001164238913066 -0.000603181478134 0.001071200697059
45 7 15.344568302600001 6.644396246400003 11.745727975299999 0.002028156994644 0.000983793849624 0.004666323520955
53 7 15.344568726799995 8.859188158300002 8.613540254699998 0.001007362372646 0.001517702447584 0.001225754373651
61 7 17.262640601600001 9.966587471600000 11.745738510299995 -0.000594112198772 -0.002161766284509 0.002208657230384
69 8 16.932029886000002 7.942681828100003 12.258844262099997 -0.002642036459800 0.001457601805183 -0.006899208208353
77 8 15.344574537800005 10.692224600700005 12.258847990200001 -0.000419214375824 -0.001526530150560 -0.001688118115420
85 8 16.932019389799990 9.775705435000003 9.666531706799999 -0.001461566143638 -0.000760607225596 0.000474700489276
93 8 13.757112196700007 7.942669457500004 12.258833442600000 0.000989800280803 0.001243831685228 -0.002089209288346
101 8 15.344565511000003 7.026158843900003 9.666525792999996 -0.000821087892230 0.001124813251515 -0.000445327568941
109 8 13.757110162900005 9.775701616500001 9.666529521300001 0.000944641809782 -0.000934050235759 0.000644095615762
142 8 16.932022037700005 7.942686862000003 7.560553499600000 -0.001926691038619 0.000541390767379 -0.001822429461755
149 8 13.757108114200001 7.942663574800001 7.560546762400000 0.000806812788492 -0.001002847623876 -0.002868643375790
159 8 15.344572253000006 10.692226291400004 7.560555002900000 -0.000296319225117 -0.002435416560281 -0.000972180587139
6 1 19.180701981300004 6.644402959900002 11.745737660500000 -0.001320617202715 0.000254671298748 0.002051145973350
22 1 19.180699473400011 8.859196511800004 8.613540438400001 -0.000438679548988 -0.000192727076264 0.000187377604020
38 7 21.098768848300008 9.966594381700006 11.745734611600000 -0.000453573234300 -0.000555385118584 -0.000412865449243
46 7 23.016851672800001 6.644396246400003 11.745727975299999 -0.000835311275183 0.000036854213866 0.000919851762184
54 7 23.016852096999990 8.859188158300002 8.613540254699998 -0.001467235726561 0.000994420334720 0.000528190517249
78 8 23.016857907999999 10.692224600700005 12.258847990200001 -0.000054920145746 -0.001857025890291 -0.001104882569791
94 8 21.429395566900006 7.942669457500004 12.258833442600000 0.002343522170054 0.001056569419702 -0.001148243285954
102 8 23.016848881199998 7.026158843900003 9.666525792999996 0.000880336007417 0.001317471025163 0.001167030446313
110 8 21.429393533100001 9.775701616500001 9.666529521300001 0.001066921429734 -0.000326400956764 0.000602750206455
126 8 19.180698912700002 9.240961061100004 11.232627459799998 0.000785374350510 0.002299756848393 0.000995513307953
134 8 19.180709763900005 6.644398071300002 9.396583635799999 0.000153458281122 -0.000146011494250 -0.000831126616392
150 8 21.429391484400004 7.942663574800001 7.560546762400000 0.001982757513922 0.001153256647949 -0.001290782727532
160 8 23.016855623200005 10.692226291400004 7.560555002900000 -0.000027238324950 -0.001951721942330 -0.001708988901205
168 8 19.180723212599993 11.073986469400005 7.830487589900000 0.000323015843889 0.000037753052483 0.000566727405499
62 7 24.934923971800000 9.966587471600000 11.745738510299995 0.000309189276882 0.000345113311444 0.000539383808302
70 8 24.604313256200005 7.942681828100003 12.258844262099997 -0.001817119081801 0.000505318036110 -0.001625716351889
86 8 24.604302759999996 9.775705435000003 9.666531706799999 -0.001264683414959 -0.001333142965648 0.001081053361740
7 1 15.344560296200003 13.288795263500004 11.745737660500000 -0.000019502741603 -0.000664942823219 0.000251731078452
15 1 17.262640612500000 12.181390680000009 8.613533801700001 -0.000732303407143 -0.001282480488100 -0.000417286550242
23 1 15.344557788300000 15.503588815399999 8.613540438400001 -0.002194500107832 -0.001056620351590 -0.001308127815362
31 1 13.426487796399995 12.181395589400003 8.613538384300000 0.000339734735812 0.000398171372578 -0.000598094508945
39 7 17.262627163200005 16.610986685300006 11.745734611600000 -0.000085959540876 -0.000253515541336 0.001815241800838
95 8 17.593253881800010 14.587061761100006 12.258833442600000 0.001739996701103 0.001363022774537 -0.001590538376719
111 8 17.593251848000001 16.420093920100001 9.666529521300001 0.003002528388677 -0.000450661759689 -0.000130651158177
119 8 17.593249127900002 11.990500490400001 11.232628962800000 0.002207620203057 0.000128621312237 0.000958729428567
127 8 15.344557227600006 15.885353364700006 11.232627459799998 0.000683650846572 0.001910044380947 0.001285455134589
135 8 15.344568078800005 13.288790374900007 9.396583635799999 0.000331175256675 0.000303556276209 0.000019869662386
143 8 13.095880352600002 14.587079165600008 7.560553499600000 -0.002357046422812 0.000723016833942 -0.000370672242434
151 8 17.593249799300004 14.587055878400003 7.560546762400000 0.004291921717137 0.005228146435077 -0.000346007431896
175 8 13.095867367800004 11.990498335500007 11.232641519100001 -0.001746667023212 -0.000593763498076 0.001089086062426
8 1 23.016843666400000 13.288795263500004 11.745737660500000 0.000284719843985 0.000070099634890 0.000262433500779
24 1 23.016841158500000 15.503588815399999 8.613540438400001 0.001427448823259 -0.000882898488167 0.000935582410289
32 1 21.098771166600002 12.181395589400003 8.613538384300000 0.000173531612461 -0.000776408295459 0.000082085145350
47 7 19.180709987699998 13.288788550000005 11.745727975299999 -0.000262725327100 -0.000634196304500 0.001245453054490
55 7 19.180710411900002 15.503580461900007 8.613540254699998 0.000870320424663 -0.006978894493821 0.006620164617442
63 7 21.098782286700004 16.610979775200004 11.745738510299995 0.000935398580735 0.000555241143329 0.002962822329988
71 8 20.768171571100002 14.587074131700003 12.258844262099997 -0.001994258070380 0.000596112358585 -0.001892685277545
79 8 19.180716222899996 17.336616904300001 12.258847990200001 -0.000609001337803 -0.002125623099895 -0.002041124525300
87 8 20.768161074900000 16.420097738599999 9.666531706799999 -0.003000662535380 -0.000664416322491 -0.001046325311008
103 8 19.180707196099995 13.670551147500003 9.666525792999996 0.000198706622541 0.003387998663036 0.000307168819839
128 8 23.016840597800005 15.885353364700006 11.232627459799998 -0.000505908716289 0.001668654218841 0.000585768341656
136 8 23.016851449000004 13.288790374900007 9.396583635799999 -0.000445839930382 0.000338879607614 -0.000328304188463
144 8 20.768163722800004 14.587079165600008 7.560553499600000 -0.002387246724590 0.002218102321601 -0.001541050719006
176 8 20.768150737999996 11.990498335500007 11.232641519100001 -0.001773397875656 -0.000502797344086 0.001050411679983
16 1 24.934923982700003 12.181390680000009 8.613533801700001 0.000063521164361 0.000155867247732 0.000092317568103
40 7 24.934910533400007 16.610986685300006 11.745734611600000 0.000324397345741 0.001128308110552 0.001778517339119
48 7 26.852993357900004 13.288788550000005 11.745727975299999 -0.000086947365181 -0.000033898958062 0.000571752147167
56 7 26.852993782099993 15.503580461900007 8.613540254699998 0.000452957815775 0.000252553288867 -0.000359443650411
64 7 28.771065656899999 16.610979775200004 11.745738510299995 -0.001060835381415 0.000507268106681 0.000480304969617
72 8 28.440454941300004 14.587074131700003 12.258844262099997 -0.001597988270183 0.000668362665597 -0.001550223346793
80 8 26.852999593099998 17.336616904300001 12.258847990200001 0.000327406931087 -0.002457793421895 -0.001933625152553
88 8 28.440444445099999 16.420097738599999 9.666531706799999 -0.001257378664551 -0.000976761963623 0.001420007308113
96 8 25.265537252000023 14.587061761100006 12.258833442600000 0.001694338125603 0.000421126456165 -0.001525649296810
104 8 26.852990566300001 13.670551147500003 9.666525792999996 0.000030529903425 0.001555302432038 0.001587556306637
112 8 25.265535218199997 16.420093920100001 9.666529521300001 0.000832718557413 -0.000775698074053 0.000649227839215
120 8 25.265532498100001 11.990500490400001 11.232628962800000 0.001758209782972 -0.000813014869839 0.001261881295879
152 8 25.265533169500006 14.587055878400003 7.560546762400000 0.001197173173806 0.001105197965533 -0.001450524146168
