ITEM: TIMESTEP
0
ITEM: NUMBER OF ATOMS
176
ITEM: BOX BOUNDS xy xz yz pp pp pp
0.0000000000000000e+00 3.0689133480799999e+01 7.6722833701999980e+00
0.0000000000000000e+00 1.7718379476200003e+01 7.6722833702000024e+00
0.0000000000000000e+00 1.2528786279200000e+01 4.4295948690000015e+00
ITEM: ATOMS id type x y z fx fy fz
25 1 5.754204426199998 3.322205851300000 2.349145244699999 0.002075531468663 0.001035641325802 0.001870938966854
137 8 5.423596982400004 5.727889427500000 1.296160360000000 -0.002081653941579 0.000844721218600 -0.002521614827919
161 8 3.836156472199998 2.214796731300001 1.566094450300000 -0.000999332246729 -0.000440624741385 -0.001399554275774
169 8 5.423583997600000 3.131308597400002 4.968248379499999 -0.005390853464275 -0.003057429553526 0.000766140412728
1 1 7.672276926000002 4.429605525400001 5.481344520900000 0.003748082809010 0.002001267463640 -0.006667315271203
9 1 9.590357242299998 3.322200941900001 2.349140662099999 -0.000931147390261 0.001954016841561 0.003929858176016
41 7 11.508426617500000 4.429598811900002 5.481334835700000 -0.009672183353758 -0.004872516273527 -0.013826191873343
89 8 9.915970511599953 5.724985271654081 5.986275337190744 0.025369207346721 0.014791937530456 0.042145158400741
97 8 11.508423825899998 4.811361409400002 3.402132653400000 0.004565716839952 0.000672235836451 -0.001198224209316
113 8 9.920965757699999 3.131310752300001 4.968235823200000 0.006077725311661 -0.014895958669751 0.000466945631490
129 8 7.672284708600001 4.429600636800002 3.132190496199999 -0.001945338821466 -0.001146723925153 -0.004960184135167
145 8 9.920966429100000 5.727866140300000 1.296153622799999 0.002140940278449 0.001210612128002 -0.002911003694194
153 8 7.672288882800000 1.833036553300000 1.296161863300000 -0.000223376393772 -0.002266529971645 -0.002564100744696
162 8 11.508439842400000 2.214796731300001 1.566094450300000 0.000750742784367 -0.000586456997021 -0.000805892852545
2 1 15.344560296200001 4.429605525400001 5.481344520900000 0.001435255016949 -0.000852387416412 -0.000988197178242
10 1 17.262640612500000 3.322200941900001 2.349140662099999 0.000208271791942 0.000142202978267 0.000762043229433
26 1 13.426487796400002 3.322205851300000 2.349145244699999 -0.001284447767116 0.000346973451843 0.000251082450367
65 8 13.095888200900001 5.727884393600002 5.994451122499998 -0.005118014283256 0.001675202556041 0.000602410996425
90 8 17.593253881800006 5.727872023000002 5.994440303000000 0.000642920422150 0.001447936972638 -0.001206672639764
114 8 17.593249127900009 3.131310752300001 4.968235823200000 0.000866397933745 -0.000917279306384 0.001056957856818
130 8 15.344568078800005 4.429600636800002 3.132190496199999 0.000374335759514 0.000136044720522 0.000365479598929
138 8 13.095880352600009 5.727889427500000 1.296160360000000 -0.000526208679662 0.000711595785931 -0.002639406736793
146 8 17.593249799300011 5.727866140300000 1.296153622799999 0.000958904762514 0.000548987432841 -0.001645237937052
154 8 15.344572252999999 1.833036553300000 1.296161863300000 0.000469795202966 -0.001715644809098 -0.002666087540773
170 8 13.095867367800004 3.131308597400002 4.968248379499999 -0.001441378850629 -0.001133586506103 0.001282999932127
42 7 19.180709987699998 4.429598811900002 5.481334835700000 0.002788307327702 0.000042900287530 -0.000278574713200
66 8 20.768171571100002 5.727884393600002 5.994451122499998 -0.004039101419618 0.001635049748883 -0.000292009889815
98 8 19.180707196099995 4.811361409400002 3.402132653400000 -0.000493561150369 0.001895859206300 0.001269717210195
3 1 11.508418611100000 11.073997829000001 5.481344520900000 0.000120303809691 0.001425151926867 -0.000988203120408
17 1 7.672274418099999 6.644399077300000 2.349147298800000 0.001358328325113 -0.001738897796346 0.003833462480971
27 1 9.590346111300001 9.966598154900002 2.349145244699999 -0.000200850528582 -0.001529857059174 0.000251075636764
33 7 9.590343793000001 7.751796947200008 5.481341472000000 -0.008710722692024 -0.005894399128451 -0.014054087017518
49 7 11.508427041700001 6.644390723800001 2.349147115100000 -0.003352966629738 -0.001655126037557 0.001474301733425
73 8 11.508432852700000 8.477427166200002 5.994454850600000 -0.001095464670749 -0.005327772102799 0.000589847303707
105 8 9.920968477800001 7.560904182000002 3.402136381700000 0.002898402533774 0.003572068811120 -0.001177434964299
121 8 7.672273857400003 7.026163626600007 4.968234320200000 -0.009871796586153 0.012613947594232 0.000503444499719
131 8 11.508426393700001 11.073992940400007 3.132190496199999 0.000325410038891 0.000220811226549 0.000365471279948
155 8 11.508430567899998 8.477428856900005 1.296161863300000 0.000439070871090 -0.000852917585339 -0.002681916388340
163 8 7.672298157300000 8.859189034900005 1.566094450300000 -0.000250597284444 0.001147914419331 -0.000805927214523
171 8 9.259725682700001 9.775700901000002 4.968248379499999 -0.001750042008448 -0.000598856467586 0.001282980064399
11 1 13.426498927399999 9.966593245500007 2.349140662099999 -0.000269848025317 -0.000146807759562 -0.000107255354062
18 1 15.344557788300000 6.644399077300000 2.349147298800000 -0.000130393675565 -0.000115766020824 -0.000203625793792
28 1 17.262629481500003 9.966598154900002 2.349145244699999 0.000396067683622 0.000066002723315 0.000080455213144
34 7 17.262627163200005 7.751796947200008 5.481341472000000 0.001594209242539 0.000028799960793 -0.000133327138282
43 7 15.344568302600003 11.073991115500002 5.481334835700000 0.000609785171339 0.001090015714640 0.000094311324798
57 7 13.426498916499998 7.751790037100004 5.481345370700000 0.003435683744853 0.002264241445086 -0.003180772074724
81 8 13.095877704700001 7.560908000500002 3.402138567200000 -0.000562783203721 -0.000351261801495 0.002695142135774
99 8 15.344565510999997 11.455753713000002 3.402132653400000 -0.000114257565735 0.001214121196915 0.001709687761456
106 8 17.593251848000001 7.560904182000002 3.402136381700000 0.001027676460380 -0.000751868164661 0.001730583779828
115 8 13.757107442799997 9.775703055900001 4.968235823200000 0.001145635452699 -0.001776884160016 0.001746868183359
122 8 15.344557227600001 7.026163626600007 4.968234320200000 -0.000976824146591 0.001783361330016 0.001783309945573
164 8 15.344581527500001 8.859189034900005 1.566094450300000 -0.000102941254936 0.000076906662893 -0.000058669743825
172 8 16.932009052900014 9.775700901000002 4.968248379499999 -0.001898572279317 -0.001041130216839 0.001341065517652
4 1 19.180701981300000 11.073997829000001 5.481344520900000 0.000170349798964 -0.000064308926385 -0.000366476703700
12 1 21.098782297600000 9.966593245500007 2.349140662099999 0.000152684998881 -0.000804829012009 0.000474339535867
44 7 23.016851672799998 11.073991115500002 5.481334835700000 -0.000832738960958 -0.000446283265607 -0.000879998772675
50 7 19.180710411899998 6.644390723800001 2.349147115100000 0.001024374711744 -0.000008295564117 0.000704798065034
58 7 21.098782286699997 7.751790037100004 5.481345370700000 0.004440140732999 -0.002809768639972 -0.002524095589745
74 8 19.180716222899989 8.477427166200002 5.994454850600000 -0.001779966771588 -0.001320556104876 -0.000927437448566
82 8 20.768161074900000 7.560908000500002 3.402138567200000 -0.002969583195712 -0.000645256789563 0.000814468365336
100 8 23.016848881199998 11.455753713000002 3.402132653400000 0.000054298302406 0.002004187006283 0.001702755011807
116 8 21.429390813000008 9.775703055900001 4.968235823200000 0.001865265435465 0.000461319634021 0.001499390726242
132 8 19.180709763900005 11.073992940400007 3.132190496199999 -0.000061937742766 -0.000059335640579 -0.000008335601314
156 8 19.180713938099998 8.477428856900005 1.296161863300000 -0.000190193294953 -0.001432967087487 -0.002062321408278
19 1 11.508416103199997 13.288791380900006 2.349147298800000 0.000358947615730 0.000153794200438 0.000665659028438
123 8 11.508415542500002 13.670555930200003 4.968234320200000 -0.000372003920283 0.001111733447732 0.001093407905736
139 8 9.259738667499999 12.372281731100001 1.296160360000000 -0.001257996942434 0.001169588511002 -0.002623590469885
35 7 13.426485478100000 14.396189250800001 5.481341472000000 0.001776680209645 0.002439006119534 -0.000506238003854
51 7 15.344568726800000 13.288783027399999 2.349147115100000 0.000261938952610 0.001312327710284 0.000704797561549
59 7 17.262640601600001 14.396182340700005 5.481345370700000 -0.000456324452980 0.005671259093663 -0.002524118064730
67 8 16.932029885999999 12.372276697200000 5.994451122499998 -0.001990074447525 -0.000921191754508 -0.000914863961980
75 8 15.344574537799998 15.121819469800011 5.994454850600000 -0.000590727087670 -0.004373056726326 -0.000304594372386
83 8 16.932019389799994 14.205300304100005 3.402138567200000 -0.002020799022563 -0.002288618483739 0.000814452289358
91 8 13.757112196700003 12.372264326600002 5.994440303000000 0.001449556454355 0.000050842087774 -0.001206680631327
107 8 13.757110162900000 14.205296485600002 3.402136381700000 0.001428431245578 -0.001421214824088 0.001290619773492
140 8 16.932022037700008 12.372281731100001 1.296160360000000 -0.001343186777737 0.000456684428169 -0.002019816275554
147 8 13.757108114200003 12.372258443900009 1.296153622799999 0.000976974429025 0.000517842713984 -0.001645192172838
20 1 19.180699473400008 13.288791380900006 2.349147298800000 -0.000488998124605 0.000579185448987 0.000377967390994
36 7 21.098768848300001 14.396189250800001 5.481341472000000 -0.000457512668658 -0.000452332447988 -0.001107660127736
52 7 23.016852096999997 13.288783027399999 2.349147115100000 -0.000687105385874 -0.000116009559507 0.000524754651197
76 8 23.016857907999988 15.121819469800011 5.994454850600000 -0.000337616554388 -0.001851787202872 -0.001164752825588
92 8 21.429395566900006 12.372264326600002 5.994440303000000 0.001815033556769 0.001193254287482 -0.001034942890467
108 8 21.429393533100004 14.205296485600002 3.402136381700000 0.001796159127258 -0.001000914032536 0.001723660524287
124 8 19.180698912699995 13.670555930200003 4.968234320200000 0.001321358795340 0.001287479912387 0.001535843795591
148 8 21.429391484400018 12.372258443900009 1.296153622799999 0.001536824730941 0.000861905537620 -0.001265379575676
60 7 24.934923971800007 14.396182340700005 5.481345370700000 0.000390865756961 0.000506370126749 0.000079644867326
68 8 24.604313256200001 12.372276697200000 5.994451122499998 -0.001728963079260 0.000593547132002 -0.001152195279928
84 8 24.604302760000003 14.205300304100005 3.402138567200000 -0.001704394043451 -0.001010364349196 0.001206386541732
29 1 9.590346111300004 5.537003285800003 8.613538384300000 -0.007197075425416 -0.004317815417489 0.003599336589745
157 8 11.508430567900000 4.047833987800002 7.560555002900000 -0.007411133367287 0.010413767961420 -0.004863979281491
165 8 7.672298157300002 4.429594165800001 7.830487589900000 0.004505394503173 0.002737502501334 0.006282226037290
173 8 9.259725682700003 5.346106031900003 11.232641519100001 -0.000790577469192 -0.000401404836193 -0.003179229909968
13 1 13.426498927400001 5.536998376400002 8.613533801700001 0.003873543491850 -0.000103673759995 0.001686944730891
30 1 17.262629481500003 5.537003285800003 8.613538384300000 0.001021608416693 -0.000000035895909 -0.000024144779488
117 8 13.757107442800002 5.346108186800002 11.232628962800000 0.001073420985856 -0.000824112223523 0.000450898607867
166 8 15.344581527500001 4.429594165800001 7.830487589900000 -0.001410908058559 0.000449300646412 0.000181270887793
174 8 16.932009052900007 5.346106031900003 11.232641519100001 -0.001796049474600 -0.000992541100475 0.000991646102460
14 1 21.098782297600003 5.536998376400002 8.613533801700001 -0.000969331217789 -0.000519580879235 -0.001556076715709
118 8 21.429390813000005 5.346108186800002 11.232628962800000 0.002580305459438 -0.000431071272611 0.001129062532614
158 8 19.180713938100002 4.047833987800002 7.560555002900000 -0.000046464933391 -0.001606349023379 -0.001063955731513
5 1 11.508418611100007 6.644402959900002 11.745737660500000 0.000929854916739 0.000374174453669 0.002507316723364
21 1 11.508416103199998 8.859196511800004 8.613540438400001 0.001978587882853 0.003450953960345 0.001590574972244
125 8 11.508415542500003 9.240961061100004 11.232627459799998 -0.000187809494754 0.001244428227200 0.000487353322639
133 8 11.508426393700002 6.644398071300002 9.396583635799999 -0.003661241883889 -0.002137412478965 -0.003280408875223
141 8 9.259738667500002 7.942686862000003 7.560553499600000 0.005305717890027 -0.011719808614697 -0.004821169810775
167 8 11.508439842400001 11.073986469400005 7.830487589900000 -0.000434425428356 -0.001242039427527 0.000181272100676
37 7 13.426485478099996 9.966594381700006 11.745734611600000 0.001274805974642 0.000461318023386 0.001427623086080
45 7 15.344568302600001 6.644396246400003 11.745727975299999 0.000824637123358 0.000597122901918 0.001655265649348
53 7 15.344568726799995 8.859188158300002 8.613540254699998 0.001146938183632 0.000942853899004 0.000433958553140
61 7 17.262640601600001 9.966587471600000 11.745738510299995 -0.000194307742619 0.000168497202991 0.001463959722314
69 8 16.932029886000002 7.942681828100003 12.258844262099997 -0.002056358718749 0.000489105545840 -0.002259247051465
77 8 15.344574537800005 10.692224600700005 12.258847990200001 -0.000591749342346 -0.002083108673079 -0.002271815932859
85 8 16.932019389799990 9.775705435000003 9.666531706799999 -0.002019514118435 -0.001192300555127 0.000772727130868
93 8 13.757112196700007 7.942669457500004 12.258833442600000 0.001149833006855 0.000809193500719 -0.002134665896206
101 8 15.344565511000003 7.026158843900003 9.666525792999996 -0.000455402410349 0.001473834066213 0.000994961497304
109 8 13.757110162900005 9.775701616500001 9.666529521300001 0.001082025729161 -0.001177166205748 0.001015862635562
142 8 16.932022037700005 7.942686862000003 7.560553499600000 -0.001973870015371 0.000900006209485 -0.001457596876706
149 8 13.757108114200001 7.942663574800001 7.560546762400000 0.000684968786529 0.000370005076226 -0.001246595462337
159 8 15.344572253000006 10.692226291400004 7.560555002900000 -0.000121611144624 -0.002200823076411 -0.001500103718315
6 1 19.180701981300004 6.644402959900002 11.745737660500000 -0.000283228966936 0.000078179940776 0.000608612951548
22 1 19.180699473400011 8.859196511800004 8.613540438400001 0.000021208605438 -0.000130007168203 -0.000187328134177
38 7 21.098768848300008 9.966594381700006 11.745734611600000 -0.000440730849749 0.000197013377588 0.000964423861852
46 7 23.016851672800001 6.644396246400003 11.745727975299999 -0.001873510629767 0.000834550723112 0.002303198771128
54 7 23.016852096999990 8.859188158300002 8.613540254699998 -0.005375956798478 0.002865544615518 0.001473137738660
78 8 23.016857907999999 10.692224600700005 12.258847990200001 0.000135856789313 -0.002108114669371 -0.001797724708118
94 8 21.429395566900006 7.942669457500004 12.258833442600000 0.002403520184821 0.000643411479799 -0.002033791979731
102 8 23.016848881199998 7.026158843900003 9.666525792999996 0.002587406549479 0.000630284176805 0.000023084334082
110 8 21.429393533100001 9.775701616500001 9.666529521300001 0.003013954475502 -0.001604187803340 0.000723653623968
126 8 19.180698912700002 9.240961061100004 11.232627459799998 0.000571988287983 0.001760181167085 0.001096093371956
134 8 19.180709763900005 6.644398071300002 9.396583635799999 0.000040748413437 -0.000039968560494 0.000014805346473
150 8 21.429391484400004 7.942663574800001 7.560546762400000 0.002960237889746 0.001521218669440 0.000398260581448
160 8 23.016855623200005 10.692226291400004 7.560555002900000 0.000387032303736 -0.002664817010849 -0.000933546923851
168 8 19.180723212599993 11.073986469400005 7.830487589900000 0.000038496495509 0.000158558847686 0.000135533421413
62 7 24.934923971800000 9.966587471600000 11.745738510299995 -0.000248646337754 0.000998985747048 0.001407235793270
70 8 24.604313256200005 7.942681828100003 12.258844262099997 -0.001763727591607 0.000257308508721 -0.001954845625121
86 8 24.604302759999996 9.775705435000003 9.666531706799999 -0.001500654329044 -0.001937860868645 0.000161284890869
7 1 15.344560296200003 13.288795263500004 11.745737660500000 0.000066971673693 -0.000528382631225 0.000608610926615
15 1 17.262640612500000 12.181390680000009 8.613533801700001 -0.000206374799701 -0.000008376373025 -0.000090968126548
23 1 15.344557788300000 15.503588815399999 8.613540438400001 -0.000802976244325 -0.000535136616343 -0.001652424275522
31 1 13.426487796399995 12.181395589400003 8.613538384300000 0.000651656458466 0.000640756471064 -0.000024141624917
39 7 17.262627163200005 16.610986685300006 11.745734611600000 0.000131341052594 -0.001994046518249 0.002075550100124
95 8 17.593253881800010 14.587061761100006 12.258833442600000 0.001633100898775 0.001977799084919 -0.002033787095576
111 8 17.593251848000001 16.420093920100001 9.666529521300001 0.001872935355707 0.001879648584306 0.000043976262743
119 8 17.593249127900002 11.990500490400001 11.232628962800000 0.001899967001606 -0.000424000931147 0.001059649527788
127 8 15.344557227600006 15.885353364700006 11.232627459799998 0.000906030962614 0.002352915683923 0.001165507918499
135 8 15.344568078800005 13.288790374900007 9.396583635799999 0.000006182683862 0.000019920971340 0.000014800582731
143 8 13.095880352600002 14.587079165600008 7.560553499600000 -0.001421463853741 0.000667849794940 -0.001021450153650
151 8 17.593249799300004 14.587055878400003 7.560546762400000 0.002819579707954 0.001764860895481 0.000398247067921
175 8 13.095867367800004 11.990498335500007 11.232641519100001 -0.001805234451437 -0.000976636001950 0.000991648503878
8 1 23.016843666400000 13.288795263500004 11.745737660500000 0.000100228776230 -0.000104806889248 0.000164992972330
24 1 23.016841158500000 15.503588815399999 8.613540438400001 0.000453088308831 -0.000623909352509 0.000178910356749
32 1 21.098771166600002 12.181395589400003 8.613538384300000 -0.000028779068054 -0.000179285822521 -0.000064860602841
47 7 19.180709987699998 13.288788550000005 11.745727975299999 -0.000262017049359 -0.000756405589333 0.001192065335367
55 7 19.180710411900002 15.503580461900007 8.613540254699998 -0.000449409789627 -0.005667558452388 0.001473196572348
63 7 21.098782286700004 16.610979775200004 11.745738510299995 0.000497736691898 -0.000293796013842 0.001407246068203
71 8 20.768171571100002 14.587074131700003 12.258844262099997 -0.001714206997233 0.001131736993859 -0.001785169237183
79 8 19.180716222899996 17.336616904300001 12.258847990200001 -0.000646168977667 -0.001713787606925 -0.001967409303304
87 8 20.768161074900000 16.420097738599999 9.666531706799999 -0.002405783179789 -0.000370167793990 0.000161244864592
103 8 19.180707196099995 13.670551147500003 9.666525792999996 0.000140753240386 0.003360478925988 0.000702743309647
128 8 23.016840597800005 15.885353364700006 11.232627459799998 -0.000117366128346 0.001907668777372 0.000962762839404
136 8 23.016851449000004 13.288790374900007 9.396583635799999 0.000170308128900 0.000074756824045 -0.000240696739200
144 8 20.768163722800004 14.587079165600008 7.560553499600000 -0.002121406208155 0.001572535191523 -0.000891036266464
176 8 20.768150737999996 11.990498335500007 11.232641519100001 -0.001462594752813 -0.000789414615638 0.000966432770166
16 1 24.934923982700003 12.181390680000009 8.613533801700001 -0.000418175005004 0.000612556099826 0.000275290582809
40 7 24.934910533400007 16.610986685300006 11.745734611600000 0.000608009754677 0.000066414155405 0.000316881406804
48 7 26.852993357900004 13.288788550000005 11.745727975299999 0.000149239400352 0.000217117782788 0.000544529702252
56 7 26.852993782099993 15.503580461900007 8.613540254699998 0.000120679293268 0.000350377063233 -0.000789683217432
64 7 28.771065656899999 16.610979775200004 11.745738510299995 -0.000821151892304 -0.000193400626488 0.000363922188863
72 8 28.440454941300004 14.587074131700003 12.258844262099997 -0.001795768292742 0.000862453836892 -0.001599313685490
80 8 26.852999593099998 17.336616904300001 12.258847990200001 -0.000138127796005 -0.002044099109776 -0.001611884430560
88 8 28.440444445099999 16.420097738599999 9.666531706799999 -0.001231636983553 -0.000737419659491 0.001758459169660
96 8 25.265537252000023 14.587061761100006 12.258833442600000 0.001553211379871 0.001042085224547 -0.001520674655405
104 8 26.852990566300001 13.670551147500003 9.666525792999996 -0.000171765183542 0.001473605433727 0.001611270879480
112 8 25.265535218199997 16.420093920100001 9.666529521300001 0.001223633436953 -0.000931422639020 0.001632163055791
120 8 25.265532498100001 11.990500490400001 11.232628962800000 0.001683016287267 -0.001094727636303 0.000926313499350
152 8 25.265533169500006 14.587055878400003 7.560546762400000 0.000607117105017 0.000325058162587 -0.000562783456679
