ITEM: TIMESTEP
0
ITEM: NUMBER OF ATOMS
176
ITEM: BOX BOUNDS xy xz yz pp pp pp
0.0000000000000000e+00 3.0689133480799999e+01 7.6722833701999980e+00
0.0000000000000000e+00 1.7718379476200003e+01 7.6722833702000024e+00
0.0000000000000000e+00 1.2528786279200000e+01 4.4295948690000015e+00
ITEM: ATOMS id type x y z fx fy fz
25 1 5.754204426199998 3.322205851300000 2.349145244699999 0.001720057367311 0.002010176398094 -0.000307953644773
137 8 5.423596982400004 5.727889427500000 1.296160360000000 -0.006499953685013 -0.000762526386468 -0.003774940108527
161 8 3.836156472199998 2.214796731300001 1.566094450300000 -0.000785970754974 -0.000528490330755 -0.000216179453027
169 8 5.423583997600000 3.131308597400002 4.968248379499999 -0.001449633214804 -0.001223732901079 0.001973742158117
1 1 7.672276926000002 4.429605525400001 5.481344520900000 -0.001944299383363 -0.001701924723783 -0.003666936116316
9 1 9.590357242299998 3.322200941900001 2.349140662099999 -0.001174965718595 0.004667896113615 -0.002101393621867
41 7 11.508426617500000 4.429598811900002 5.481334835700000 0.003071015865615 -0.005861990561057 -0.002780257289806
89 8 9.920970511600007 5.727872023000002 5.994440303000000 0.001217314203404 0.011445840804805 -0.004304595623710
97 8 11.508423825899998 4.811361409400002 3.402132653400000 0.001711406351062 -0.000107160737850 0.005816501300269
113 8 9.920965757699999 3.131310752300001 4.968235823200000 0.002585304851825 0.000143308323680 0.002844148766329
129 8 7.672284708600001 4.429600636800002 3.132190496199999 -0.001041716107301 -0.005982599357028 0.003259449007725
145 8 9.920966429100000 5.727866140300000 1.296153622799999 0.005187083647285 -0.013379252695291 -0.017788645524594
153 8 7.672288882800000 1.833036553300000 1.296161863300000 -0.000115903604128 -0.002746858447215 -0.001562552645818
162 8 11.508439842400000 2.214796731300001 1.566094450300000 0.000649558469262 -0.000675440897118 0.000097437530478
2 1 15.344560296200001 4.429605525400001 5.481344520900000 0.000606704154591 -0.000526319944882 -0.000395171535008
10 1 17.262640612500000 3.322200941900001 2.349140662099999 0.000121750246608 0.000326490007811 -0.000339372129292
26 1 13.426487796400002 3.322205851300000 2.349145244699999 -0.000550054657262 0.000495548725064 -0.000928000181637
65 8 13.095888200900001 5.727884393600002 5.994451122499998 -0.002538933710107 0.002123295811442 -0.001391483642078
90 8 17.593253881800006 5.727872023000002 5.994440303000000 0.001173382255588 0.001288847705417 -0.001380517344351
114 8 17.593249127900009 3.131310752300001 4.968235823200000 0.000702647186550 -0.000583781608608 0.000886818563568
130 8 15.344568078800005 4.429600636800002 3.132190496199999 0.000465772994365 -0.000039720822272 0.000602232666326
138 8 13.095880352600009 5.727889427500000 1.296160360000000 0.003147266537854 -0.001939870480013 -0.005241658174216
146 8 17.593249799300011 5.727866140300000 1.296153622799999 0.000826328092022 0.000561185027803 -0.001479916875160
154 8 15.344572252999999 1.833036553300000 1.296161863300000 0.000265783999959 -0.001772122435717 -0.001462930780444
170 8 13.095867367800004 3.131308597400002 4.968248379499999 -0.002000510424362 -0.000327658809195 0.002022508606806
42 7 19.180709987699998 4.429598811900002 5.481334835700000 -0.000222910449840 -0.000139056914588 -0.000701274122148
66 8 20.768171571100002 5.727884393600002 5.994451122499998 -0.001217799943839 0.001126388347226 -0.001007741142042
98 8 19.180707196099995 4.811361409400002 3.402132653400000 -0.000531270046528 0.001518408821958 0.002087475154928
3 1 11.508418611100000 11.073997829000001 5.481344520900000 0.002453786595140 0.005155007984232 -0.000837556370665
17 1 7.672274418099999 6.644399077300000 2.349147298800000 0.009129686695715 0.002902480116263 -0.005320583782404
27 1 9.590346111300001 9.966598154900002 2.349145244699999 -0.004851912290494 -0.008386282069746 -0.009903656082042
33 7 9.590343793000001 7.751796947200008 5.481341472000000 -0.004602351193281 -0.007600881532849 -0.030600128578007
49 7 11.508427041700001 6.644390723800001 2.349147115100000 -0.012568093787628 -0.002787381681430 -0.012938922895785
73 8 11.508432852700000 8.477427166200002 5.994454850600000 -0.010633303807279 -0.006082940490989 -0.008828433770985
105 8 9.915968477799948 7.558017430654078 3.393971415890743 -0.004550165053620 0.032626011175851 0.095606358933919
121 8 7.672273857400003 7.026163626600007 4.968234320200000 0.008744466912787 0.006076626692298 0.009474001986625
131 8 11.508426393700001 11.073992940400007 3.132190496199999 0.001026387042357 -0.000245473065044 0.002490986131443
155 8 11.508430567899998 8.477428856900005 1.296161863300000 0.006851253226013 0.003328014795508 -0.005104756814772
163 8 7.672298157300000 8.859189034900005 1.566094450300000 -0.004844877991942 0.007593673791930 -0.003559441554012
171 8 9.259725682700001 9.775700901000002 4.968248379499999 0.006103201154964 -0.017596571531963 -0.001182221893366
11 1 13.426498927399999 9.966593245500007 2.349140662099999 -0.000600555098248 0.000059319536117 -0.002678754691197
18 1 15.344557788300000 6.644399077300000 2.349147298800000 0.000426633592365 -0.000809013728455 -0.001294404316263
28 1 17.262629481500003 9.966598154900002 2.349145244699999 0.000781769134425 -0.000202326390230 -0.000278928862405
34 7 17.262627163200005 7.751796947200008 5.481341472000000 0.001421797548301 0.000055219857673 -0.000029838863907
43 7 15.344568302600003 11.073991115500002 5.481334835700000 0.001422039489066 0.000900251811902 0.000483857879503
57 7 13.426498916499998 7.751790037100004 5.481345370700000 0.009424230489414 -0.002040348917103 -0.000349879651347
81 8 13.095877704700001 7.560908000500002 3.402138567200000 -0.003230219300257 0.000884392255954 0.005882401263419
99 8 15.344565510999997 11.455753713000002 3.402132653400000 -0.000069529504722 0.001454015010007 0.001917340320199
106 8 17.593251848000001 7.560904182000002 3.402136381700000 0.000714291610580 -0.000686477255240 0.002191373257021
115 8 13.757107442799997 9.775703055900001 4.968235823200000 0.000175548763557 -0.002129879636162 0.002164235475638
122 8 15.344557227600001 7.026163626600007 4.968234320200000 -0.001747645795339 0.002285460661936 0.001879434028126
164 8 15.344581527500001 8.859189034900005 1.566094450300000 -0.000350684043026 0.000069795120993 0.000424517986289
172 8 16.932009052900014 9.775700901000002 4.968248379499999 -0.001987706629698 -0.000879486747430 0.001478002543717
4 1 19.180701981300000 11.073997829000001 5.481344520900000 -0.000205025225712 -0.000011048632771 -0.000254932476305
12 1 21.098782297600000 9.966593245500007 2.349140662099999 0.002424546286698 -0.002580917084893 -0.001777874394925
44 7 23.016851672799998 11.073991115500002 5.481334835700000 -0.006345382766432 0.004755826578398 -0.000521387765877
50 7 19.180710411899998 6.644390723800001 2.349147115100000 0.003029452249140 -0.000069691381294 -0.000764202975990
58 7 21.098782286699997 7.751790037100004 5.481345370700000 -0.002797182023887 -0.000242235252796 -0.002741322789323
74 8 19.180716222899989 8.477427166200002 5.994454850600000 0.000057382111563 -0.001950480430998 -0.001308807577133
82 8 20.768161074900000 7.560908000500002 3.402138567200000 -0.003634851597407 0.000201089247150 0.004275957483512
100 8 23.016848881199998 11.455753713000002 3.402132653400000 0.000497130150849 0.001371325862821 0.003833732881381
116 8 21.429390813000008 9.775703055900001 4.968235823200000 0.003375839285854 -0.000420705454859 0.002533913351458
132 8 19.180709763900005 11.073992940400007 3.132190496199999 -0.000510181051431 0.000224578950773 0.000525216182167
156 8 19.180713938099998 8.477428856900005 1.296161863300000 -0.000453110044620 -0.001579220958583 -0.001651327684096
19 1 11.508416103199997 13.288791380900006 2.349147298800000 -0.000074545637558 0.000233180080515 -0.000734647451950
123 8 11.508415542500002 13.670555930200003 4.968234320200000 0.000149867981585 0.000916910281791 0.001746532304302
139 8 9.259738667499999 12.372281731100001 1.296160360000000 -0.001840104286438 0.001797324865074 -0.001828549031003
35 7 13.426485478100000 14.396189250800001 5.481341472000000 0.000768513945717 0.000679665294576 -0.000289552570976
51 7 15.344568726800000 13.288783027399999 2.349147115100000 0.000077304686818 0.001164371897375 -0.000463188168686
59 7 17.262640601600001 14.396182340700005 5.481345370700000 -0.000211951116305 -0.000248631993357 -0.000251091511214
67 8 16.932029885999999 12.372276697200000 5.994451122499998 -0.002132786083558 0.000429160362867 -0.001678714924666
75 8 15.344574537799998 15.121819469800011 5.994454850600000 -0.000251592145873 -0.001970952206361 -0.001353869044549
83 8 16.932019389799994 14.205300304100005 3.402138567200000 -0.001699080669334 -0.001502025430090 0.001900792169331
91 8 13.757112196700003 12.372264326600002 5.994440303000000 0.001118348798308 0.000414218925740 -0.001379880914641
107 8 13.757110162900000 14.205296485600002 3.402136381700000 0.001496617427127 -0.001377281434229 0.001875269623553
140 8 16.932022037700008 12.372281731100001 1.296160360000000 -0.001676855960548 0.000630057241757 -0.001511539112771
147 8 13.757108114200003 12.372258443900009 1.296153622799999 0.001722957277381 0.000744813236187 -0.001100008005490
20 1 19.180699473400008 13.288791380900006 2.349147298800000 0.000084014377487 0.000204653146215 -0.000366656265841
36 7 21.098768848300001 14.396189250800001 5.481341472000000 -0.000008458838859 -0.000104360921886 -0.000133063210313
52 7 23.016852096999997 13.288783027399999 2.349147115100000 -0.000077778643148 -0.000091941715972 -0.000754183465692
76 8 23.016857907999988 15.121819469800011 5.994454850600000 -0.000251245794762 -0.002047933147558 -0.001535204172009
92 8 21.429395566900006 12.372264326600002 5.994440303000000 0.003166428717447 -0.000204063990538 -0.001624930065667
108 8 21.429393533100004 14.205296485600002 3.402136381700000 0.001736140152483 -0.000964719671712 0.001971923640431
124 8 19.180698912699995 13.670555930200003 4.968234320200000 0.000369873104678 0.001892907403508 0.001556498484865
148 8 21.429391484400018 12.372258443900009 1.296153622799999 0.001978240790540 0.001276263078773 -0.001120568486232
60 7 24.934923971800007 14.396182340700005 5.481345370700000 -0.000153255233655 0.001753119407975 -0.000530475707048
68 8 24.604313256200001 12.372276697200000 5.994451122499998 -0.001682831817209 -0.001482018790557 -0.001518221889567
84 8 24.604302760000003 14.205300304100005 3.402138567200000 -0.001648961577615 -0.000944400170534 0.001761068013568
29 1 9.590346111300004 5.537003285800003 8.613538384300000 -0.000041681897948 -0.003224575812183 0.003274407378034
157 8 11.508430567900000 4.047833987800002 7.560555002900000 -0.000560878737107 -0.000423717975289 -0.002314875374444
165 8 7.672298157300002 4.429594165800001 7.830487589900000 0.000901256932901 0.001204539049328 -0.000023522661686
173 8 9.259725682700003 5.346106031900003 11.232641519100001 -0.001359430339701 -0.000177667550562 0.000292183193357
13 1 13.426498927400001 5.536998376400002 8.613533801700001 0.001131121810102 -0.000858323000162 0.001108348540877
30 1 17.262629481500003 5.537003285800003 8.613538384300000 0.000366131887573 0.000117101460860 0.000319537948500
117 8 13.757107442800002 5.346108186800002 11.232628962800000 0.001000011581394 -0.000726132166657 0.000499335318125
166 8 15.344581527500001 4.429594165800001 7.830487589900000 -0.000655356056956 0.000377818766343 -0.000309312868972
174 8 16.932009052900007 5.346106031900003 11.232641519100001 -0.001390903622066 -0.001450470281229 0.001018338743122
14 1 21.098782297600003 5.536998376400002 8.613533801700001 -0.001334194709512 -0.000444088621448 0.000413895219138
118 8 21.429390813000005 5.346108186800002 11.232628962800000 0.001733157073037 -0.000280450036375 0.000708800231385
158 8 19.180713938100002 4.047833987800002 7.560555002900000 0.000213914877447 -0.001734938084512 -0.001315271426190
5 1 11.508418611100007 6.644402959900002 11.745737660500000 0.000623809834464 0.000081162132430 0.001391078454776
21 1 11.508416103199998 8.859196511800004 8.613540438400001 0.002709129924603 0.001302514699759 0.004852426346750
125 8 11.508415542500003 9.240961061100004 11.232627459799998 -0.001055397406538 0.001010710165402 -0.000270947109796
133 8 11.508426393700002 6.644398071300002 9.396583635799999 -0.000844419396316 0.000713358164452 -0.001163136466797
141 8 9.259738667500002 7.942686862000003 7.560553499600000 0.002834570422340 -0.001749449139677 -0.023197645867655
167 8 11.508439842400001 11.073986469400005 7.830487589900000 -0.000869479998431 -0.001652150015959 -0.001292980292027
37 7 13.426485478099996 9.966594381700006 11.745734611600000 0.003280785337014 0.001423827357991 0.003743687750638
45 7 15.344568302600001 6.644396246400003 11.745727975299999 0.000594236367110 0.001567243491167 0.001458078074704
53 7 15.344568726799995 8.859188158300002 8.613540254699998 0.002076581320438 0.001214104620798 0.002016842178470
61 7 17.262640601600001 9.966587471600000 11.745738510299995 0.000034509811404 0.002029287574282 0.009929759666484
69 8 16.932029886000002 7.942681828100003 12.258844262099997 -0.002522946234407 -0.001835272197660 -0.002708472875953
77 8 15.344574537800005 10.692224600700005 12.258847990200001 -0.001874690762962 -0.002469811369071 -0.004856423815881
85 8 16.932019389799990 9.775705435000003 9.666531706799999 -0.002241602522216 -0.001494659831975 -0.001451445327002
93 8 13.757112196700007 7.942669457500004 12.258833442600000 0.001234965906976 0.000346603956105 -0.001899662333108
101 8 15.344565511000003 7.026158843900003 9.666525792999996 -0.000501454649808 0.001650039801909 0.000599060012440
109 8 13.757110162900005 9.775701616500001 9.666529521300001 0.000728204765204 -0.001535938303234 -0.000169387756131
142 8 16.932022037700005 7.942686862000003 7.560553499600000 -0.001914759105243 0.000649243825822 -0.001983305048314
149 8 13.757108114200001 7.942663574800001 7.560546762400000 -0.000471115628102 0.000796911053117 -0.003198259669703
159 8 15.344572253000006 10.692226291400004 7.560555002900000 -0.000395455995087 -0.002035447664942 -0.002206370983116
6 1 19.180701981300004 6.644402959900002 11.745737660500000 -0.000650004234639 0.001099571006601 0.000589789646585
22 1 19.180699473400011 8.859196511800004 8.613540438400001 -0.000780800631944 0.000243667632979 0.001033963282094
38 7 21.098768848300008 9.966594381700006 11.745734611600000 -0.002062803715160 0.000460309171390 0.002424006563359
46 7 23.016851672800001 6.644396246400003 11.745727975299999 -0.001143900448724 -0.000202063566152 0.001764479625594
54 7 23.016852096999990 8.859188158300002 8.613540254699998 -0.006969492101644 0.003381467022250 0.005030357512082
78 8 23.016857907999999 10.692224600700005 12.258847990200001 0.000629638718923 -0.001867701224304 -0.001737331598237
94 8 21.429395566900006 7.942669457500004 12.258833442600000 0.002229533849992 0.000354313715805 -0.001741239460564
102 8 23.016848881199998 7.026158843900003 9.666525792999996 0.001369608733321 0.002760704710251 -0.000466160990698
110 8 21.429393533100001 9.775701616500001 9.666529521300001 0.003532712313081 -0.001793095623850 -0.000590251152903
126 8 19.180698912700002 9.240961061100004 11.232627459799998 0.001995341761857 0.001086456080022 -0.000079154053155
134 8 19.180709763900005 6.644398071300002 9.396583635799999 0.000383950418897 -0.000238359840209 -0.000367852684430
150 8 21.429391484400004 7.942663574800001 7.560546762400000 0.003274038724977 0.001263268602758 -0.001049055025143
160 8 23.016855623200005 10.692226291400004 7.560555002900000 0.000912960356487 -0.002964566603601 -0.002423395067047
168 8 19.180723212599993 11.073986469400005 7.830487589900000 0.000327923732657 -0.000055454279492 -0.000352653309891
62 7 24.934923971800000 9.966587471600000 11.745738510299995 0.000114189526112 0.001002055489648 0.001969238377901
70 8 24.604313256200005 7.942681828100003 12.258844262099997 -0.001800649928312 0.000606908096172 -0.001899650242094
86 8 24.604302759999996 9.775705435000003 9.666531706799999 -0.001692451749667 -0.002446684889799 -0.000741456012597
7 1 15.344560296200003 13.288795263500004 11.745737660500000 0.001066804008126 -0.001762680467299 0.004074432642371
15 1 17.262640612500000 12.181390680000009 8.613533801700001 -0.000106310450088 -0.000107079277982 0.001366626593132
23 1 15.344557788300000 15.503588815399999 8.613540438400001 -0.000112487320414 -0.001032109679533 0.000646280031253
31 1 13.426487796399995 12.181395589400003 8.613538384300000 0.001389735474723 0.000793509794326 0.001325918467828
39 7 17.262627163200005 16.610986685300006 11.745734611600000 0.000236203613121 -0.002070086053608 0.001214644457286
95 8 17.593253881800010 14.587061761100006 12.258833442600000 0.001616720998431 0.002385175594403 -0.001840543607547
111 8 17.593251848000001 16.420093920100001 9.666529521300001 0.001709535543036 -0.000109163452324 0.000869249531998
119 8 17.593249127900002 11.990500490400001 11.232628962800000 0.002284406617119 0.000218493813373 -0.000011135803949
127 8 15.344557227600006 15.885353364700006 11.232627459799998 0.000316352169753 0.002520952173922 0.001177603636755
135 8 15.344568078800005 13.288790374900007 9.396583635799999 -0.000233770302751 0.000066614343974 -0.001202778073692
143 8 13.095880352600002 14.587079165600008 7.560553499600000 -0.001644366086784 0.000612297230204 -0.001792474191524
151 8 17.593249799300004 14.587055878400003 7.560546762400000 0.001809752376411 0.001280975654355 -0.001510672948369
175 8 13.095867367800004 11.990498335500007 11.232641519100001 -0.002326051157272 -0.000760882789945 0.000643075123767
8 1 23.016843666400000 13.288795263500004 11.745737660500000 -0.000626808299558 -0.000159861591315 0.000067504968385
24 1 23.016841158500000 15.503588815399999 8.613540438400001 0.000012322134892 -0.000069355552892 0.000203288861049
32 1 21.098771166600002 12.181395589400003 8.613538384300000 -0.000756862305433 0.000431761390351 0.000938546480337
47 7 19.180709987699998 13.288788550000005 11.745727975299999 -0.001990554039886 -0.001670576343117 0.004061967809730
55 7 19.180710411900002 15.503580461900007 8.613540254699998 -0.000027033396581 -0.001462787430402 0.000954800440143
63 7 21.098782286700004 16.610979775200004 11.745738510299995 -0.000449684553146 -0.000268558718627 0.000391768568636
71 8 20.768171571100002 14.587074131700003 12.258844262099997 -0.000720154469532 0.001660829089471 -0.001681482953774
79 8 19.180716222899996 17.336616904300001 12.258847990200001 -0.000169316093478 -0.001647209010883 -0.001585817978134
87 8 20.768161074900000 16.420097738599999 9.666531706799999 -0.001751643806660 -0.000598187955109 0.001043744279559
103 8 19.180707196099995 13.670551147500003 9.666525792999996 0.000275149653307 0.002326938680952 0.000405044626337
128 8 23.016840597800005 15.885353364700006 11.232627459799998 0.000355904746005 0.001764335682518 0.001304967408610
136 8 23.016851449000004 13.288790374900007 9.396583635799999 0.000369644827561 -0.000437739500426 -0.000301978573372
144 8 20.768163722800004 14.587079165600008 7.560553499600000 -0.001495604441326 0.000885799765110 -0.001806786115910
176 8 20.768150737999996 11.990498335500007 11.232641519100001 -0.000661993151883 -0.001113877937807 0.000377526357215
16 1 24.934923982700003 12.181390680000009 8.613533801700001 -0.000466010625920 0.001610467783508 0.001193115010739
40 7 24.934910533400007 16.610986685300006 11.745734611600000 0.000525141035376 0.000036347847928 0.000172099906364
48 7 26.852993357900004 13.288788550000005 11.745727975299999 0.001016434814301 -0.000405372992258 0.001091818253013
56 7 26.852993782099993 15.503580461900007 8.613540254699998 0.000219161686967 0.000293133964512 0.000598682611447
64 7 28.771065656899999 16.610979775200004 11.745738510299995 0.000060501464593 -0.000548448041120 0.000417971571209
72 8 28.440454941300004 14.587074131700003 12.258844262099997 -0.002449599343006 0.001334470661680 -0.001810817083395
80 8 26.852999593099998 17.336616904300001 12.258847990200001 -0.000422625522469 -0.001940261788205 -0.001489195831308
88 8 28.440444445099999 16.420097738599999 9.666531706799999 -0.001596731128359 -0.000720155990252 0.001076283197044
96 8 25.265537252000023 14.587061761100006 12.258833442600000 0.001257485983044 0.001231002808636 -0.001388681353092
104 8 26.852990566300001 13.670551147500003 9.666525792999996 -0.000269731452219 0.001559207951796 0.000937525694782
112 8 25.265535218199997 16.420093920100001 9.666529521300001 0.001505472900422 -0.000911863550730 0.001481582510262
120 8 25.265532498100001 11.990500490400001 11.232628962800000 0.001087247494758 -0.000898809017906 0.000514345098840
152 8 25.265533169500006 14.587055878400003 7.560546762400000 0.001651965177341 0.000351662350904 -0.001386944166006
