ITEM: TIMESTEP
0
ITEM: NUMBER OF ATOMS
176
ITEM: BOX BOUNDS xy xz yz pp pp pp
0.0000000000000000e+00 3.0689133480799999e+01 7.6722833701999980e+00
0.0000000000000000e+00 1.7718379476200003e+01 7.6722833702000024e+00
0.0000000000000000e+00 1.2528786279200000e+01 4.4295948690000015e+00
ITEM: ATOMS id type x y z fx fy fz
25 1 5.754204426199998 3.322205851300000 2.349145244699999 0.001293454812119 -0.001575277412780 -0.001094526884053
137 8 5.423596982400004 5.727889427500000 1.296160360000000 -0.002911111826867 0.002221491584081 0.001184741802494
161 8 3.836156472199998 2.214796731300001 1.566094450300000 0.000170598302055 0.000765556821529 0.000473962472585
169 8 5.423583997600000 3.131308597400002 4.968248379499999 -0.002944329829634 0.002213531916276 0.001727235789820
1 1 7.672276926000002 4.429605525400001 5.481344520900000 0.016057554596667 -0.001094029612774 -0.000196178063621
9 1 9.590357242299998 3.322200941900001 2.349140662099999 0.000927068551108 0.001666412317633 0.001225949281136
41 7 11.508426617500000 4.429598811900002 5.481334835700000 -0.007609153349659 0.008810766644200 0.002325037862648
89 8 9.920970511600007 5.727872023000002 5.994440303000000 0.017195824663470 -0.018332690286342 0.007757754464851
97 8 11.508423825899998 4.811361409400002 3.402132653400000 0.000693732384429 -0.000255127014164 0.000129573613678
113 8 9.920965757699999 3.131310752300001 4.968235823200000 0.000127585069869 -0.003424001574519 0.000824031540417
129 8 7.672284708600001 4.429600636800002 3.132190496199999 -0.003304359971426 0.000595108740591 0.000524568814276
145 8 9.920966429100000 5.727866140300000 1.296153622799999 0.000050244187877 -0.000418323503283 -0.003668694312150
153 8 7.672288882800000 1.833036553300000 1.296161863300000 -0.000450532941876 -0.001669447099682 -0.001533378038479
162 8 11.508439842400000 2.214796731300001 1.566094450300000 0.000070856572079 -0.000455878772169 -0.000389719626552
2 1 15.344560296200001 4.429605525400001 5.481344520900000 -0.002690358111258 -0.000081800569136 -0.000071762078177
10 1 17.262640612500000 3.322200941900001 2.349140662099999 -0.001180416598689 -0.000943574714817 -0.000619579074644
26 1 13.426487796400002 3.322205851300000 2.349145244699999 -0.000913747041146 0.000936765852093 0.000681731443595
65 8 13.095888200900001 5.727884393600002 5.994451122499998 0.001040352769069 -0.000158454108053 -0.001028603609631
90 8 17.593253881800006 5.727872023000002 5.994440303000000 0.004324142483392 0.001878010318941 -0.001759504912674
114 8 17.593249127900009 3.131310752300001 4.968235823200000 0.004124259294606 0.001584774009284 0.001893567763862
130 8 15.344568078800005 4.429600636800002 3.132190496199999 0.001034581746249 -0.000016037227071 0.000092454572945
138 8 13.095880352600009 5.727889427500000 1.296160360000000 0.000640707786130 -0.000473777949997 -0.003613907109279
146 8 17.593249799300011 5.727866140300000 1.296153622799999 0.004046970613404 0.002259681233725 0.000697129411410
154 8 15.344572252999999 1.833036553300000 1.296161863300000 0.000170002675654 -0.001809378864978 -0.001632403280981
170 8 13.095867367800004 3.131308597400002 4.968248379499999 0.000607418274966 -0.003209039196790 0.000785729098536
42 7 19.180709987699998 4.429598811900002 5.481334835700000 -0.007640700075225 -0.008812419514042 -0.001813458618696
66 8 20.768171571100002 5.727884393600002 5.994451122499998 0.013783540818324 0.019373616249405 -0.010849808970255
98 8 19.180707196099995 4.811361409400002 3.402132653400000 0.001009204037314 0.003843601062779 0.003027748976830
3 1 11.508418611100000 11.073997829000001 5.481344520900000 -0.001462815925404 -0.005296221679141 -0.000138056740526
17 1 7.672274418099999 6.644399077300000 2.349147298800000 0.016016130477955 -0.000514528951527 -0.000944888135582
27 1 9.590346111300001 9.966598154900002 2.349145244699999 0.002458483345194 -0.004369140309667 0.004257611680087
33 7 9.590343793000001 7.751796947200008 5.481341472000000 0.032132474601967 0.002859506055421 0.002077801706454
49 7 11.508427041700001 6.644390723800001 2.349147115100000 -0.007568878087029 0.005135764295435 0.007585108568784
73 8 11.508432852700000 8.477427166200002 5.994454850600000 0.027193230382916 0.007001607085574 0.004875674970174
105 8 9.920968477800001 7.560904182000002 3.402136381700000 0.017175004959332 0.001240202188469 -0.019756671947995
121 8 7.682273857400004 7.026163626600007 4.968234320200000 -0.181068472831120 -0.001948305796539 -0.001289075024068
131 8 11.508426393700001 11.073992940400007 3.132190496199999 0.000686654594410 0.001511375500390 -0.001000357091117
155 8 11.508430567899998 8.477428856900005 1.296161863300000 0.001190158483277 -0.000631663468530 -0.004550268463374
163 8 7.672298157300000 8.859189034900005 1.566094450300000 -0.002906194022356 -0.000069087474803 -0.000188032672901
171 8 9.259725682700001 9.775700901000002 4.968248379499999 -0.004234246419585 0.014119701131419 -0.000316990240330
11 1 13.426498927399999 9.966593245500007 2.349140662099999 -0.002229358954916 -0.001241660021390 0.001262793125575
18 1 15.344557788300000 6.644399077300000 2.349147298800000 -0.002731782353365 -0.000059865016836 -0.000032035258831
28 1 17.262629481500003 9.966598154900002 2.349145244699999 -0.001798320378620 0.000908358399094 -0.001320680923526
34 7 17.262627163200005 7.751796947200008 5.481341472000000 -0.011524818899442 -0.002313569121920 -0.001580733806375
43 7 15.344568302600003 11.073991115500002 5.481334835700000 -0.003567719859985 -0.000094433163871 0.000052073201829
57 7 13.426498916499998 7.751790037100004 5.481345370700000 -0.012098565952691 0.002455357644881 0.001614968610670
81 8 13.095877704700001 7.560908000500002 3.402138567200000 0.001191409825065 -0.000864010147771 0.000517779326195
99 8 15.344565510999997 11.455753713000002 3.402132653400000 0.000771681898202 0.001257678193913 0.001259174192423
106 8 17.593251848000001 7.560904182000002 3.402136381700000 0.004302962519342 -0.000995871298690 0.002471086073260
115 8 13.757107442799997 9.775703055900001 4.968235823200000 0.004762992893321 0.001205311920854 0.000496470644913
122 8 15.344557227600001 7.026163626600007 4.968234320200000 0.006249014613164 0.001865931462579 0.001407396813225
164 8 15.344581527500001 8.859189034900005 1.566094450300000 0.001150784457899 0.000163880716035 0.000075008597403
172 8 16.932009052900014 9.775700901000002 4.968248379499999 0.001194086987514 -0.002897766621336 0.002125149558005
4 1 19.180701981300000 11.073997829000001 5.481344520900000 -0.001694937959974 0.005219749398902 0.000002833752659
12 1 21.098782297600000 9.966593245500007 2.349140662099999 0.002087997366801 0.004192056528473 -0.004248347368003
44 7 23.016851672799998 11.073991115500002 5.481334835700000 0.011428045004790 0.000695082493027 0.000322483545088
50 7 19.180710411899998 6.644390723800001 2.349147115100000 -0.007600485739231 -0.004640543761627 -0.007650807370617
58 7 21.098782286699997 7.751790037100004 5.481345370700000 0.029727265256311 -0.002255167748774 -0.001715946892292
74 8 19.180716222899989 8.477427166200002 5.994454850600000 0.026158218347866 -0.010597935937449 -0.007569383807150
82 8 20.768161074900000 7.560908000500002 3.402138567200000 0.013934797409326 -0.003612632046628 0.022206372881248
100 8 23.016848881199998 11.455753713000002 3.402132653400000 -0.002138963302110 0.001953910857729 0.001460148449619
116 8 21.429390813000008 9.775703055900001 4.968235823200000 -0.001381046707947 -0.014351886242283 0.003185180606673
132 8 19.180709763900005 11.073992940400007 3.132190496199999 0.000641058096389 -0.001599430555447 0.001119278409047
156 8 19.180713938099998 8.477428856900005 1.296161863300000 0.001167756558870 -0.003172483170531 0.001435901836618
19 1 11.508416103199997 13.288791380900006 2.349147298800000 -0.000116313369890 -0.001510313753004 0.000382073289439
123 8 11.508415542500002 13.670555930200003 4.968234320200000 0.000416030659919 0.003201114608162 0.001428650552909
139 8 9.259738667499999 12.372281731100001 1.296160360000000 -0.001896396510306 0.001412251940197 -0.001812586569427
35 7 13.426485478100000 14.396189250800001 5.481341472000000 0.000430636730297 -0.002332591527225 0.000263465353957
51 7 15.344568726800000 13.288783027399999 2.349147115100000 -0.000128961914881 0.000148279659790 0.000019404280145
59 7 17.262640601600001 14.396182340700005 5.481345370700000 0.000168858063861 0.002551902229744 -0.000121582557786
67 8 16.932029885999999 12.372276697200000 5.994451122499998 -0.000909841421820 -0.000327265179518 -0.001330168853465
75 8 15.344574537799998 15.121819469800011 5.994454850600000 -0.000720144960494 -0.001817374635365 -0.001489798930043
83 8 16.932019389799994 14.205300304100005 3.402138567200000 -0.001699485397429 -0.001283466225352 0.001413786404612
91 8 13.757112196700003 12.372264326600002 5.994440303000000 0.002299379903266 0.002299204626028 -0.001079128176314
107 8 13.757110162900000 14.205296485600002 3.402136381700000 0.001446098023095 -0.000071056317213 0.001744900701017
140 8 16.932022037700008 12.372281731100001 1.296160360000000 -0.001380285052837 0.000447241664965 -0.001460684642967
147 8 13.757108114200003 12.372258443900009 1.296153622799999 0.001975724427491 0.001251565120895 -0.001512261381748
20 1 19.180699473400008 13.288791380900006 2.349147298800000 -0.000132758051838 0.001389135054475 -0.000440100139279
36 7 21.098768848300001 14.396189250800001 5.481341472000000 -0.000064205369744 0.002011503634465 -0.000112020859399
52 7 23.016852096999997 13.288783027399999 2.349147115100000 0.000506692617328 0.000257427132808 -0.000045366389445
76 8 23.016857907999988 15.121819469800011 5.994454850600000 0.000115518269273 -0.001914835640805 -0.001435131966521
92 8 21.429395566900006 12.372264326600002 5.994440303000000 0.000462161463731 -0.000224021675136 -0.001454674947880
108 8 21.429393533100004 14.205296485600002 3.402136381700000 0.001592180308739 -0.001227135504829 0.001549448799135
124 8 19.180698912699995 13.670555930200003 4.968234320200000 0.000399470640680 0.000692028832174 0.001491422119161
148 8 21.429391484400018 12.372258443900009 1.296153622799999 0.001415681086757 0.000462457796655 -0.001188358981856
60 7 24.934923971800007 14.396182340700005 5.481345370700000 -0.000469212134965 -0.001765518291601 0.000138701156172
68 8 24.604313256200001 12.372276697200000 5.994451122499998 -0.002778866635106 0.002215228860031 -0.001163014540855
84 8 24.604302760000003 14.205300304100005 3.402138567200000 -0.001594909982494 -0.000507744570408 0.001487023126500
29 1 9.590346111300004 5.537003285800003 8.613538384300000 0.002458497364600 0.002539455381273 -0.005512600585805
157 8 11.508430567900000 4.047833987800002 7.560555002900000 0.001190103612785 -0.004167813107014 0.000450543854410
165 8 7.672298157300002 4.429594165800001 7.830487589900000 -0.002906186970821 -0.000136784745215 -0.000092271381409
173 8 9.259725682700003 5.346106031900003 11.232641519100001 -0.001929641286092 -0.000882041987077 0.001963415666133
13 1 13.426498927400001 5.536998376400002 8.613533801700001 -0.002229348669881 0.000731768381944 -0.001528046053072
30 1 17.262629481500003 5.537003285800003 8.613538384300000 -0.001798320174211 -0.000960628085156 0.001322453227787
117 8 13.757107442800002 5.346108186800002 11.232628962800000 0.002052991043110 -0.000834319732319 0.001679593227881
166 8 15.344581527500001 4.429594165800001 7.830487589900000 0.001150785437256 0.000188864406730 0.000039662284407
174 8 16.932009052900007 5.346106031900003 11.232641519100001 -0.001413482235518 -0.000871970519628 0.000936340265968
14 1 21.098782297600003 5.536998376400002 8.613533801700001 0.002087997715814 -0.002652986288308 0.005432013950724
118 8 21.429390813000005 5.346108186800002 11.232628962800000 0.001492995735604 -0.000791947486301 0.000827644101102
158 8 19.180713938100002 4.047833987800002 7.560555002900000 0.001167704960279 0.000628920298003 -0.003940162901419
5 1 11.508418611100007 6.644402959900002 11.745737660500000 -0.000074896126743 -0.000174863637866 -0.001577272956661
21 1 11.508416103199998 8.859196511800004 8.613540438400001 -0.001504199870667 -0.001860496642524 -0.004926172421891
125 8 11.508415542500003 9.240961061100004 11.232627459799998 0.000416027300850 0.002331021808653 0.002659125216837
133 8 11.508426393700002 6.644398071300002 9.396583635799999 0.000686648117463 -0.000537209452750 0.001896747455834
141 8 9.259738667500002 7.942686862000003 7.560553499600000 -0.004200843677022 0.004262636699934 0.013090616979074
167 8 11.508439842400001 11.073986469400005 7.830487589900000 0.000160255481384 0.002094331291629 0.001413524188685
37 7 13.426485478099996 9.966594381700006 11.745734611600000 0.000430615837690 -0.000581269233668 -0.002213252522990
45 7 15.344568302600001 6.644396246400003 11.745727975299999 -0.000169311248766 0.000015305639025 0.000144552933403
53 7 15.344568726799995 8.859188158300002 8.613540254699998 -0.003527371832790 0.000024518361250 -0.000053229501466
61 7 17.262640601600001 9.966587471600000 11.745738510299995 0.000168882116404 0.000850292874292 0.002284868058540
69 8 16.932029886000002 7.942681828100003 12.258844262099997 -0.001850505828467 0.000546523412191 -0.001722758967472
77 8 15.344574537800005 10.692224600700005 12.258847990200001 -0.000720152319575 -0.001939256521179 -0.001317408651177
85 8 16.932019389799990 9.775705435000003 9.666531706799999 -0.000758822321537 -0.001204605880528 0.000459103437638
93 8 13.757112196700007 7.942669457500004 12.258833442600000 0.001467289312306 0.001501608116580 -0.000645519841584
101 8 15.344565511000003 7.026158843900003 9.666525792999996 0.000771657930846 0.001314158852031 0.001179276222324
109 8 13.757110162900005 9.775701616500001 9.666529521300001 0.002278199013500 -0.000214006072622 0.002641403668892
142 8 16.932022037700005 7.942686862000003 7.560553499600000 0.001227301112084 0.000892792363036 -0.003766874149755
149 8 13.757108114200001 7.942663574800001 7.560546762400000 0.004685723549545 0.000815960237904 0.000805105038310
159 8 15.344572253000006 10.692226291400004 7.560555002900000 0.000787132508932 -0.001772589983827 -0.001606311911496
6 1 19.180701981300004 6.644402959900002 11.745737660500000 -0.000091362509656 0.000016477652465 0.001430403564503
22 1 19.180699473400011 8.859196511800004 8.613540438400001 -0.001736320617570 0.001777658457137 0.004941490976537
38 7 21.098768848300008 9.966594381700006 11.745734611600000 -0.000064215324517 0.000512752167482 0.002007562075260
46 7 23.016851672800001 6.644396246400003 11.745727975299999 0.000466334867768 -0.000009390971679 0.000269258277006
54 7 23.016852096999990 8.859188158300002 8.613540254699998 0.011468174713882 0.000542567017382 0.000601182331077
78 8 23.016857907999999 10.692224600700005 12.258847990200001 0.000115524093605 -0.001920214361254 -0.001427541567377
94 8 21.429395566900006 7.942669457500004 12.258833442600000 0.001613380933580 0.000931969468619 -0.001670349721187
102 8 23.016848881199998 7.026158843900003 9.666525792999996 -0.002138957364326 0.001735725318729 0.001768704312804
110 8 21.429393533100001 9.775701616500001 9.666529521300001 0.000440984585107 -0.001409152183625 0.000387661104251
126 8 19.180698912700002 9.240961061100004 11.232627459799998 0.000399477919146 0.001553843473911 0.000272593439757
134 8 19.180709763900005 6.644398071300002 9.396583635799999 0.000641066130919 0.000424266070339 -0.001742688152910
150 8 21.429391484400004 7.942663574800001 7.560546762400000 -0.001458379456356 -0.001834714122365 -0.014758534364943
160 8 23.016855623200005 10.692226291400004 7.560555002900000 -0.001717776626754 -0.001595435454218 -0.001481122866008
168 8 19.180723212599993 11.073986469400005 7.830487589900000 0.000038393450907 -0.001497358615922 -0.001126167635870
62 7 24.934923971800000 9.966587471600000 11.745738510299995 -0.000469205402610 -0.000343425363711 -0.001872386085548
70 8 24.604313256200005 7.942681828100003 12.258844262099997 -0.001745930641525 0.000874131435739 -0.001015812948977
86 8 24.604302759999996 9.775705435000003 9.666531706799999 -0.002627871858841 -0.000199524331275 0.002800450025132
7 1 15.344560296200003 13.288795263500004 11.745737660500000 0.000914853192073 -0.000168069950552 -0.000059250235733
15 1 17.262640612500000 12.181390680000009 8.613533801700001 -0.000915567726937 0.000845106192826 0.000645224633082
23 1 15.344557788300000 15.503588815399999 8.613540438400001 0.000873453176025 -0.000076835062353 -0.000117532708499
31 1 13.426487796399995 12.181395589400003 8.613538384300000 -0.000390615544400 -0.001244285409459 -0.000860454174766
39 7 17.262627163200005 16.610986685300006 11.745734611600000 0.000564013035674 -0.000180072153263 -0.000071990405221
95 8 17.593253881800010 14.587061761100006 12.258833442600000 0.001308427965819 0.001298089042861 -0.001820605473932
111 8 17.593251848000001 16.420093920100001 9.666529521300001 0.001287233117246 -0.001246767917039 0.001944703796937
119 8 17.593249127900002 11.990500490400001 11.232628962800000 0.001630469425859 -0.000939342781205 0.000942769382478
127 8 15.344557227600006 15.885353364700006 11.232627459799998 -0.000123761962268 0.001902034470326 0.001432909229965
135 8 15.344568078800005 13.288790374900007 9.396583635799999 -0.000053235653239 -0.000115803427773 0.000021883647854
143 8 13.095880352600002 14.587079165600008 7.560553499600000 -0.001770284801962 0.001204781375131 -0.001748856259545
151 8 17.593249799300004 14.587055878400003 7.560546762400000 0.001553204698501 0.000521858829312 -0.001365664819653
175 8 13.095867367800004 11.990498335500007 11.232641519100001 -0.001803425604349 -0.000891179595670 0.001746642268257
8 1 23.016843666400000 13.288795263500004 11.745737660500000 -0.000358271797738 -0.000132934269280 -0.000088770822075
24 1 23.016841158500000 15.503588815399999 8.613540438400001 -0.000399682552453 -0.000092946122391 -0.000074564961309
32 1 21.098771166600002 12.181395589400003 8.613538384300000 0.000967649145660 0.000993934950780 0.000722189391102
47 7 19.180709987699998 13.288788550000005 11.745727975299999 -0.000501458572089 -0.000262945197186 0.002129861731868
55 7 19.180710411900002 15.503580461900007 8.613540254699998 -0.000461104628720 0.001927283427855 -0.000904679840356
63 7 21.098782286700004 16.610979775200004 11.745738510299995 -0.000459243853638 0.000134077349909 -0.000026399767861
71 8 20.768171571100002 14.587074131700003 12.258844262099997 -0.001262655543318 0.001065264636447 -0.001673311577469
79 8 19.180716222899996 17.336616904300001 12.258847990200001 -0.000139893708482 -0.001755139739310 -0.001316523802380
87 8 20.768161074900000 16.420097738599999 9.666531706799999 -0.001111636421503 -0.001063939832893 0.001886370118090
103 8 19.180707196099995 13.670551147500003 9.666525792999996 0.000145395028960 0.000818653899019 0.000888794189777
128 8 23.016840597800005 15.885353364700006 11.232627459799998 0.000344582744260 0.001918891255914 0.001444835631092
136 8 23.016851449000004 13.288790374900007 9.396583635799999 -0.000255546376893 -0.000060272189034 0.000061150307436
144 8 20.768163722800004 14.587079165600008 7.560553499600000 -0.001315077355358 0.000133967409443 -0.001644026152388
176 8 20.768150737999996 11.990498335500007 11.232641519100001 -0.001348277428704 -0.001149244116196 0.000702083197067
16 1 24.934923982700003 12.181390680000009 8.613533801700001 0.000439968846602 -0.001305587567415 -0.000875528803697
40 7 24.934910533400007 16.610986685300006 11.745734611600000 -0.000225530619653 0.000297365241164 0.000265597749648
48 7 26.852993357900004 13.288788550000005 11.745727975299999 -0.000485594108607 0.000093199836265 -0.002125100628741
56 7 26.852993782099993 15.503580461900007 8.613540254699998 -0.000445239136872 -0.001965453427370 0.000849344894226
64 7 28.771065656899999 16.610979775200004 11.745738510299995 0.000311576773691 0.000602137140705 0.000304579457802
72 8 28.440454941300004 14.587074131700003 12.258844262099997 -0.001929050077899 0.000591091361012 -0.000610812194008
80 8 26.852999593099998 17.336616904300001 12.258847990200001 -0.000151207812550 -0.002012489823604 -0.001498489414449
88 8 28.440444445099999 16.420097738599999 9.666531706799999 -0.001778053198122 -0.000220268058017 0.001085152733063
96 8 25.265537252000023 14.587061761100006 12.258833442600000 0.001870707917482 0.000892570566106 -0.000677164300748
104 8 26.852990566300001 13.670551147500003 9.666525792999996 0.000111616858356 0.001245513554262 0.001190669074056
112 8 25.265535218199997 16.420093920100001 9.666529521300001 0.001849541570229 -0.000303905111686 0.001181210263329
120 8 25.265532498100001 11.990500490400001 11.232628962800000 0.002091932703364 -0.000610240804390 0.001926480743831
152 8 25.265533169500006 14.587055878400003 7.560546762400000 0.002014703833038 0.001559009103199 -0.001383246776609
