ITEM: TIMESTEP
0
ITEM: NUMBER OF ATOMS
176
ITEM: BOX BOUNDS xy xz yz pp pp pp
0.0000000000000000e+00 3.0689133480799999e+01 7.6722833701999980e+00
0.0000000000000000e+00 1.7718379476200003e+01 7.6722833702000024e+00
0.0000000000000000e+00 1.2528786279200000e+01 4.4295948690000015e+00
ITEM: ATOMS id type x y z fx fy fz
25 1 5.754204426199998 3.322205851300000 2.349145244699999 0.017527365555322 0.015879124275881 0.004965764716811
137 8 5.423596982400004 5.727889427500000 1.296160360000000 -0.005696359492362 -0.006300763117235 -0.001600402533367
161 8 3.836156472199998 2.214796731300001 1.566094450300000 0.014374785736207 0.008423447829172 0.005901979942685
169 8 5.423583997600000 3.131308597400002 4.968248379499999 0.003602869303384 0.000245873026051 -0.007265900068345
1 1 7.672276926000002 4.429605525400001 5.481344520900000 0.005131937776552 0.008660710131198 -0.000057958805979
9 1 9.590357242299998 3.322200941900001 2.349140662099999 0.004924205351624 0.008743717315805 0.000014299680419
41 7 11.508426617500000 4.429598811900002 5.481334835700000 -0.001669861423220 0.001850161903408 -0.001361352618940
89 8 9.920970511600007 5.727872023000002 5.994440303000000 0.002433717139574 -0.000080733693368 0.000637290757185
97 8 11.508423825899998 4.811361409400002 3.402132653400000 0.001758363170088 0.000100832854694 0.002111370817025
113 8 9.920965757699999 3.131310752300001 4.968235823200000 0.000137787621699 -0.003612135253414 0.001344238447920
129 8 7.677284708600016 4.438260890837837 3.132190496199999 -0.046132062798199 -0.081799687196474 0.000748924712078
145 8 9.920966429100000 5.727866140300000 1.296153622799999 0.009469851356843 0.000666463786755 -0.008010595182886
153 8 7.672288882800000 1.833036553300000 1.296161863300000 -0.004083238880318 0.004675326196974 0.004956752720962
162 8 11.508439842400000 2.214796731300001 1.566094450300000 -0.000162824730228 0.000094389413382 0.000008849460797
2 1 15.344560296200001 4.429605525400001 5.481344520900000 -0.000915789047912 0.000305122917137 0.000103722070728
10 1 17.262640612500000 3.322200941900001 2.349140662099999 -0.004342694819351 0.001004777755695 0.000330674472050
26 1 13.426487796400002 3.322205851300000 2.349145244699999 -0.000779392165498 0.000735525763954 0.000111588367325
65 8 13.095888200900001 5.727884393600002 5.994451122499998 -0.001321713166404 0.000670797531447 -0.001150219777099
90 8 17.593253881800006 5.727872023000002 5.994440303000000 0.002533269305784 -0.000012339914416 -0.001837824107910
114 8 17.593249127900009 3.131310752300001 4.968235823200000 0.003004272423308 -0.000680653389025 0.000867286373959
130 8 15.344568078800005 4.429600636800002 3.132190496199999 0.001239577893090 -0.000448999369632 0.000000593127908
138 8 13.095880352600009 5.727889427500000 1.296160360000000 0.000297274911213 0.000167079906345 -0.002377928911734
146 8 17.593249799300011 5.727866140300000 1.296153622799999 0.001783369178093 0.000003072035424 -0.001143541972379
154 8 15.344572252999999 1.833036553300000 1.296161863300000 0.000831762970102 -0.001624532800534 -0.001474501958157
170 8 13.095867367800004 3.131308597400002 4.968248379499999 -0.000886483783424 -0.001609637989367 0.001463104136916
42 7 19.180709987699998 4.429598811900002 5.481334835700000 -0.002958736688644 0.004225696847665 0.003919904435414
66 8 20.768171571100002 5.727884393600002 5.994451122499998 -0.003151511888209 -0.001751132798945 -0.001430957765371
98 8 19.180707196099995 4.811361409400002 3.402132653400000 0.003587824067160 -0.003230753145003 -0.000250181297031
3 1 11.508418611100000 11.073997829000001 5.481344520900000 -0.000920419162632 -0.001875488951246 -0.000081904363896
17 1 7.672274418099999 6.644399077300000 2.349147298800000 0.005032250820130 0.024299993902876 -0.005623074212882
27 1 9.590346111300001 9.966598154900002 2.349145244699999 -0.002611627155607 -0.004467675805215 -0.000172931133756
33 7 9.590343793000001 7.751796947200008 5.481341472000000 -0.004000513167992 -0.002611110530379 -0.005323639014947
49 7 11.508427041700001 6.644390723800001 2.349147115100000 -0.007317868278226 -0.000613674905350 -0.000544108036522
73 8 11.508432852700000 8.477427166200002 5.994454850600000 0.001344111644944 -0.001278388982578 -0.000670553250969
105 8 9.920968477800001 7.560904182000002 3.402136381700000 0.007152820152003 0.001993726477953 0.003969505978976
121 8 7.672273857400003 7.026163626600007 4.968234320200000 -0.001434499039149 0.006973244504367 0.010083990949706
131 8 11.508426393700001 11.073992940400007 3.132190496199999 0.001252860636709 0.002162842652951 0.000081332409905
155 8 11.508430567899998 8.477428856900005 1.296161863300000 0.001252015463707 -0.000317033089011 -0.002652886681377
163 8 7.672298157300000 8.859189034900005 1.566094450300000 -0.000106829033324 0.017006671498950 -0.006001155208639
171 8 9.259725682700001 9.775700901000002 4.968248379499999 -0.001383752519085 0.001213194450576 0.001979937665644
11 1 13.426498927399999 9.966593245500007 2.349140662099999 -0.001163247507653 -0.001772499501518 0.000047387022974
18 1 15.344557788300000 6.644399077300000 2.349147298800000 -0.000953581838109 0.000210338578361 -0.000028407715593
28 1 17.262629481500003 9.966598154900002 2.349145244699999 0.000951753261476 -0.000804430983068 -0.000043619419212
34 7 17.262627163200005 7.751796947200008 5.481341472000000 0.000546591892408 0.000442682147852 -0.000004052213073
43 7 15.344568302600003 11.073991115500002 5.481334835700000 0.000138573517274 -0.001241564711998 0.000839098325048
57 7 13.426498916499998 7.751790037100004 5.481345370700000 -0.001371473925227 -0.000158291238602 -0.000607383758798
81 8 13.095877704700001 7.560908000500002 3.402138567200000 0.000011691020048 -0.000310766390923 0.002206024163928
99 8 15.344565510999997 11.455753713000002 3.402132653400000 -0.000194904198273 0.003494037998746 0.000806502556082
106 8 17.593251848000001 7.560904182000002 3.402136381700000 0.001333410829166 -0.001312933696399 0.001579224799984
115 8 13.757107442799997 9.775703055900001 4.968235823200000 0.002347179987700 0.000127366891501 0.001375107942083
122 8 15.344557227600001 7.026163626600007 4.968234320200000 0.000741982341130 0.001707357660214 0.001420722151973
164 8 15.344581527500001 8.859189034900005 1.566094450300000 0.000062614405754 0.000426266112540 -0.000004880475444
172 8 16.932009052900014 9.775700901000002 4.968248379499999 -0.002036765867165 -0.000505916230650 0.001307841266263
4 1 19.180701981300000 11.073997829000001 5.481344520900000 0.000975965971731 -0.000790669249734 -0.000269804657773
12 1 21.098782297600000 9.966593245500007 2.349140662099999 0.002851740921366 -0.003169710016066 -0.000236136948473
44 7 23.016851672799998 11.073991115500002 5.481334835700000 -0.000017720309091 -0.002249415958317 -0.000992959985163
50 7 19.180710411899998 6.644390723800001 2.349147115100000 0.002746663937944 0.005165893860055 -0.000051926579362
58 7 21.098782286699997 7.751790037100004 5.481345370700000 0.004920693789562 -0.000092621530663 -0.003714142614107
74 8 19.180716222899989 8.477427166200002 5.994454850600000 -0.001680038748810 -0.001674753777936 -0.000950439011620
82 8 20.768161074900000 7.560908000500002 3.402138567200000 -0.007742485595238 -0.000397544903212 0.003291931822542
100 8 23.016848881199998 11.455753713000002 3.402132653400000 0.000065433167819 0.003159013579644 0.001748101784516
116 8 21.429390813000008 9.775703055900001 4.968235823200000 0.001318253661469 0.000291899266573 0.001887512690875
132 8 19.180709763900005 11.073992940400007 3.132190496199999 -0.001022085019849 0.000865277288503 0.000152095831304
156 8 19.180713938099998 8.477428856900005 1.296161863300000 -0.000883537459778 -0.002267165776803 -0.001870405990739
19 1 11.508416103199997 13.288791380900006 2.349147298800000 -0.002344905982288 -0.004671631493529 0.000102111948301
123 8 11.508415542500002 13.670555930200003 4.968234320200000 0.001899891839411 0.003127662092839 0.000752747503657
139 8 9.259738667499999 12.372281731100001 1.296160360000000 -0.000742117929989 0.002282002841029 -0.001601011407614
35 7 13.426485478100000 14.396189250800001 5.481341472000000 0.000144164177652 -0.005027389399805 0.005285548033425
51 7 15.344568726800000 13.288783027399999 2.349147115100000 0.002719357899872 -0.006432044122369 0.000442835481834
59 7 17.262640601600001 14.396182340700005 5.481345370700000 0.002208807395620 -0.000239885774516 0.001613886735738
67 8 16.932029885999999 12.372276697200000 5.994451122499998 -0.002004854688397 0.001075825488993 -0.001711755647168
75 8 15.344574537799998 15.121819469800011 5.994454850600000 -0.001666402448603 -0.001760312338440 -0.003432968902505
83 8 16.932019389799994 14.205300304100005 3.402138567200000 -0.003888213394571 -0.000279260036434 0.000895920669179
91 8 13.757112196700003 12.372264326600002 5.994440303000000 0.001371152803255 0.002798133522147 -0.002122177006237
107 8 13.757110162900000 14.205296485600002 3.402136381700000 0.001310338833071 0.005331366476794 -0.000788290968546
140 8 16.932022037700008 12.372281731100001 1.296160360000000 -0.003078393350679 0.002122808431394 -0.000816742304189
147 8 13.757108114200003 12.372258443900009 1.296153622799999 0.002407895922122 0.002823133677408 -0.000364790095618
20 1 19.180699473400008 13.288791380900006 2.349147298800000 0.001243140903808 -0.000542085502109 -0.000180858543051
36 7 21.098768848300001 14.396189250800001 5.481341472000000 0.000389166217879 0.000162424130921 0.000001936414525
52 7 23.016852096999997 13.288783027399999 2.349147115100000 -0.001143290495905 -0.001575355081993 -0.000048990395004
76 8 23.016857907999988 15.121819469800011 5.994454850600000 0.000359744050965 -0.001932741795071 -0.001603206199368
92 8 21.429395566900006 12.372264326600002 5.994440303000000 0.001290778976627 0.001625289407671 -0.001189915252594
108 8 21.429393533100004 14.205296485600002 3.402136381700000 0.001594383482620 -0.000857803924635 0.001576815231228
124 8 19.180698912699995 13.670555930200003 4.968234320200000 -0.000794527496690 0.002161446115923 0.001259828047299
148 8 21.429391484400018 12.372258443900009 1.296153622799999 0.001479700933183 0.001821078286405 -0.001539873828766
60 7 24.934923971800007 14.396182340700005 5.481345370700000 -0.002155940302928 -0.000801922596507 0.001215932430114
68 8 24.604313256200001 12.372276697200000 5.994451122499998 -0.001132608879901 0.001787102227544 -0.001428962395103
84 8 24.604302760000003 14.205300304100005 3.402138567200000 -0.000416895233354 -0.000253087920242 0.001265176823521
29 1 9.590346111300004 5.537003285800003 8.613538384300000 0.000038829579034 0.000263112519311 -0.001224518801470
157 8 11.508430567900000 4.047833987800002 7.560555002900000 0.000263781712186 -0.002282156838076 -0.000743973800249
165 8 7.672298157300002 4.429594165800001 7.830487589900000 -0.000109980803892 0.000063910164554 -0.000077430560959
173 8 9.259725682700003 5.346106031900003 11.232641519100001 -0.001009157961893 -0.000553258519391 0.001860361841198
13 1 13.426498927400001 5.536998376400002 8.613533801700001 -0.000379846496665 -0.000041464688169 -0.001038662814282
30 1 17.262629481500003 5.537003285800003 8.613538384300000 0.000161393193405 0.000222630126204 -0.000133064471822
117 8 13.757107442800002 5.346108186800002 11.232628962800000 0.002027845967447 -0.000116917536114 0.002461794021870
166 8 15.344581527500001 4.429594165800001 7.830487589900000 0.000102876752639 0.000040968355267 0.000125701252752
174 8 16.932009052900007 5.346106031900003 11.232641519100001 -0.002653075884846 -0.000597802691668 0.001980357758238
14 1 21.098782297600003 5.536998376400002 8.613533801700001 0.000203887528327 0.000609034419272 0.000055875877846
118 8 21.429390813000005 5.346108186800002 11.232628962800000 0.001793389138880 -0.000832090847962 0.001375195296183
158 8 19.180713938100002 4.047833987800002 7.560555002900000 0.000094855863680 -0.002192791358060 -0.002835704857473
5 1 11.508418611100007 6.644402959900002 11.745737660500000 -0.001477122315599 -0.000612489244972 -0.004081563809048
21 1 11.508416103199998 8.859196511800004 8.613540438400001 -0.000346487610834 -0.000140144766840 -0.001019747980428
125 8 11.508415542500003 9.240961061100004 11.232627459799998 0.000137661827818 0.000964483418696 0.001831774710426
133 8 11.508426393700002 6.644398071300002 9.396583635799999 0.000426332888993 0.000020544645454 0.001328610605044
141 8 9.259738667500002 7.942686862000003 7.560553499600000 -0.001467308145708 0.001185856643068 0.000503553605889
167 8 11.508439842400001 11.073986469400005 7.830487589900000 0.000087356390699 0.000412049295216 -0.000045208006587
37 7 13.426485478099996 9.966594381700006 11.745734611600000 0.003101929257980 0.004878547135730 0.000005451730217
45 7 15.344568302600001 6.644396246400003 11.745727975299999 0.002683606999669 0.000968080104110 -0.005294005000906
53 7 15.344568726799995 8.859188158300002 8.613540254699998 0.000180696926076 0.000736112770753 -0.000044096976366
61 7 17.262640601600001 9.966587471600000 11.745738510299995 -0.000743075129848 0.003177329306366 0.005534789932121
69 8 16.932029886000002 7.942681828100003 12.258844262099997 -0.003165005972583 -0.001743407275999 -0.001408958252540
77 8 15.344574537800005 10.692224600700005 12.258847990200001 -0.001671300853271 -0.004100984037970 -0.007322860863291
85 8 16.932019389799990 9.775705435000003 9.666531706799999 -0.001843371762532 -0.001382152463311 0.000016971590669
93 8 13.757112196700007 7.942669457500004 12.258833442600000 0.000458495874982 -0.001215653229669 0.004488588414800
101 8 15.344565511000003 7.026158843900003 9.666525792999996 -0.000192983124898 0.001353368209159 0.002985474134918
109 8 13.757110162900005 9.775701616500001 9.666529521300001 0.001336910067326 -0.001314950451598 0.001573532974996
142 8 16.932022037700005 7.942686862000003 7.560553499600000 -0.001695632674263 0.000621293943422 -0.001597770778822
149 8 13.757108114200001 7.942663574800001 7.560546762400000 0.001964331141895 0.000990373507030 -0.000863301187381
159 8 15.344572253000006 10.692226291400004 7.560555002900000 -0.000119541503607 -0.001621285769306 -0.002151696187013
6 1 19.180701981300004 6.644402959900002 11.745737660500000 0.000457546188062 0.000499761020947 -0.000091127431628
22 1 19.180699473400011 8.859196511800004 8.613540438400001 0.000319876401338 0.000047577015904 0.000065472379859
38 7 21.098768848300008 9.966594381700006 11.745734611600000 -0.000796207010776 0.000144230682593 0.000729376498173
46 7 23.016851672800001 6.644396246400003 11.745727975299999 -0.001185071711772 0.000018317255960 -0.000416883836626
54 7 23.016852096999990 8.859188158300002 8.613540254699998 0.000021974437362 -0.000245973890360 -0.001244254254528
78 8 23.016857907999999 10.692224600700005 12.258847990200001 0.000359972812471 -0.001949090434234 -0.001422353488404
94 8 21.429395566900006 7.942669457500004 12.258833442600000 0.001863043855437 0.000735657335715 -0.001374520239989
102 8 23.016848881199998 7.026158843900003 9.666525792999996 0.000066107619647 0.001564813719367 0.001931183581377
110 8 21.429393533100001 9.775701616500001 9.666529521300001 0.001576374803972 -0.000749698539115 0.001524590694559
126 8 19.180698912700002 9.240961061100004 11.232627459799998 0.000973132309154 0.001119107955252 0.000745345247159
134 8 19.180709763900005 6.644398071300002 9.396583635799999 -0.000205320427530 -0.000346736600701 0.000075651116947
150 8 21.429391484400004 7.942663574800001 7.560546762400000 0.001358662230379 0.000885258790703 -0.000172162995054
160 8 23.016855623200005 10.692226291400004 7.560555002900000 -0.000005398104569 -0.001344181328169 -0.001176813582648
168 8 19.180723212599993 11.073986469400005 7.830487589900000 -0.000246327794189 0.000235304852439 -0.000156771412759
62 7 24.934923971800000 9.966587471600000 11.745738510299995 -0.000977118517290 0.001133967297332 -0.000822786737670
70 8 24.604313256200005 7.942681828100003 12.258844262099997 -0.000812370093659 0.000405566502271 -0.000744532279056
86 8 24.604302759999996 9.775705435000003 9.666531706799999 -0.001287862156539 -0.000799391944183 0.001969236792954
7 1 15.344560296200003 13.288795263500004 11.745737660500000 0.000452220463763 -0.001747192884348 0.003949480504271
15 1 17.262640612500000 12.181390680000009 8.613533801700001 -0.000055295017842 -0.000232434409120 0.001147038828482
23 1 15.344557788300000 15.503588815399999 8.613540438400001 0.000410161790223 -0.000061192049371 0.001179356048669
31 1 13.426487796399995 12.181395589400003 8.613538384300000 0.000333122638358 -0.000447242641972 0.000966602634856
39 7 17.262627163200005 16.610986685300006 11.745734611600000 -0.000786634939743 -0.001863406418276 0.000006178182003
95 8 17.593253881800010 14.587061761100006 12.258833442600000 0.002173426687099 0.002150249593255 -0.002065547022605
111 8 17.593251848000001 16.420093920100001 9.666529521300001 0.001596806904885 -0.000859202292461 0.001572869654093
119 8 17.593249127900002 11.990500490400001 11.232628962800000 0.002298585921219 -0.000274104750625 0.000286648808753
127 8 15.344557227600006 15.885353364700006 11.232627459799998 0.000187046081164 0.002578621370883 0.000858953844001
135 8 15.344568078800005 13.288790374900007 9.396583635799999 -0.000201397517091 0.000391462883694 -0.001188045909301
143 8 13.095880352600002 14.587079165600008 7.560553499600000 -0.001315861864191 0.001105173260374 -0.003694878571817
151 8 17.593249799300004 14.587055878400003 7.560546762400000 0.001195807562360 0.001001097031791 -0.002278283787209
175 8 13.095867367800004 11.990498335500007 11.232641519100001 -0.002375531280931 -0.001397318347712 0.000894779697820
8 1 23.016843666400000 13.288795263500004 11.745737660500000 -0.000104652309052 -0.000478431561324 -0.000083660936806
24 1 23.016841158500000 15.503588815399999 8.613540438400001 -0.000151549984168 -0.000212263938700 -0.000131375921383
32 1 21.098771166600002 12.181395589400003 8.613538384300000 0.000176589700318 -0.000313488701748 0.000065806989809
47 7 19.180709987699998 13.288788550000005 11.745727975299999 -0.001726385229684 -0.001262899032334 0.001797272069116
55 7 19.180710411900002 15.503580461900007 8.613540254699998 0.000025954600002 0.000454269643227 -0.000042516361414
63 7 21.098782286700004 16.610979775200004 11.745738510299995 -0.000460778751669 -0.001780623830805 -0.001552267429997
71 8 20.768171571100002 14.587074131700003 12.258844262099997 -0.001132503858687 0.001787055584612 -0.001429126234512
79 8 19.180716222899996 17.336616904300001 12.258847990200001 0.000378287985240 -0.000910516527742 -0.000734059466492
87 8 20.768161074900000 16.420097738599999 9.666531706799999 -0.001430918641873 -0.000700588799150 0.002021636481196
103 8 19.180707196099995 13.670551147500003 9.666525792999996 0.000187518234280 0.002053956901665 0.000983014916202
128 8 23.016840597800005 15.885353364700006 11.232627459799998 0.000107313245951 0.002413573615801 0.001781000983292
136 8 23.016851449000004 13.288790374900007 9.396583635799999 0.000083578105697 0.000159319480478 0.000073641198538
144 8 20.768163722800004 14.587079165600008 7.560553499600000 -0.001583837426702 0.000818053408848 -0.001598877631972
176 8 20.768150737999996 11.990498335500007 11.232641519100001 -0.001103712965879 -0.000701623715244 0.000945446528305
16 1 24.934923982700003 12.181390680000009 8.613533801700001 -0.000353461812488 -0.000371912670516 0.000055467916757
40 7 24.934910533400007 16.610986685300006 11.745734611600000 0.000946297452956 -0.000868366658680 -0.000731130674796
48 7 26.852993357900004 13.288788550000005 11.745727975299999 0.001077412906534 -0.000258055199333 0.001066309807752
56 7 26.852993782099993 15.503580461900007 8.613540254699998 -0.000591569704165 0.000101695154090 0.001142621450026
64 7 28.771065656899999 16.610979775200004 11.745738510299995 0.000383533796739 -0.000692736167815 0.000656269465611
72 8 28.440454941300004 14.587074131700003 12.258844262099997 -0.002494729278462 0.001378614009842 -0.002118784443539
80 8 26.852999593099998 17.336616904300001 12.258847990200001 -0.000690693439755 -0.001878079250413 -0.001417731354077
88 8 28.440444445099999 16.420097738599999 9.666531706799999 -0.001788926706908 -0.001045701866434 0.001076382405568
96 8 25.265537252000023 14.587061761100006 12.258833442600000 0.001279067837180 0.001616401684712 -0.001373574815578
104 8 26.852990566300001 13.670551147500003 9.666525792999996 0.000029143333478 0.002129749226987 0.001038867587145
112 8 25.265535218199997 16.420093920100001 9.666529521300001 0.001706013521795 -0.000823488999509 0.001630084674674
120 8 25.265532498100001 11.990500490400001 11.232628962800000 0.001711033062533 -0.000972553759670 0.001374432590135
152 8 25.265533169500006 14.587055878400003 7.560546762400000 0.002145016479251 0.001225842907825 -0.001834503860271
