ITEM: TIMESTEP
0
ITEM: NUMBER OF ATOMS
176
ITEM: BOX BOUNDS xy xz yz pp pp pp
0.0000000000000000e+00 3.0689133480799999e+01 7.6722833701999980e+00
0.0000000000000000e+00 1.7718379476200003e+01 7.6722833702000024e+00
0.0000000000000000e+00 1.2528786279200000e+01 4.4295948690000015e+00
ITEM: ATOMS id type x y z fx fy fz
25 1 5.754204426199998 3.322205851300000 2.349145244699999 0.000758197302492 0.001131146411471 0.000819149081584
137 8 5.423596982400004 5.727889427500000 1.296160360000000 -0.002283112315307 0.000134682943522 -0.002661903963558
161 8 3.836156472199998 2.214796731300001 1.566094450300000 -0.000083841677145 0.000149432348191 0.000038306486746
169 8 5.423583997600000 3.131308597400002 4.968248379499999 -0.002316312717044 -0.002108630284729 0.001042051051384
1 1 7.672276926000002 4.429605525400001 5.481344520900000 0.001677234821377 0.005094651300892 -0.000025383980670
9 1 9.590357242299998 3.322200941900001 2.349140662099999 -0.000713824229206 0.001311642485297 0.000975059080846
41 7 11.508426617500000 4.429598811900002 5.481334835700000 -0.011750388326738 -0.000752065192043 0.000130600141670
89 8 9.920970511600007 5.727872023000002 5.994440303000000 0.004217210584591 -0.013928383405556 0.000279716976725
97 8 11.508423825899998 4.811361409400002 3.402132653400000 0.001755546462774 0.001537685949265 0.001397260277078
113 8 9.920965757699999 3.131310752300001 4.968235823200000 0.002829884174058 -0.002316483934913 0.001109198383340
129 8 7.672284708600001 4.429600636800002 3.132190496199999 -0.000297292694511 -0.002060684049188 -0.001353317971313
145 8 9.920966429100000 5.727866140300000 1.296153622799999 0.002752574735653 0.000219733560208 -0.002719561606204
153 8 7.672288882800000 1.833036553300000 1.296161863300000 -0.000073816480634 -0.001303342412289 -0.001274549263494
162 8 11.508439842400000 2.214796731300001 1.566094450300000 0.000118465144501 0.000093910813425 -0.000000952741699
2 1 15.344560296200001 4.429605525400001 5.481344520900000 0.001909413825369 -0.005421318429707 -0.000166247420646
10 1 17.262640612500000 3.322200941900001 2.349140662099999 0.000641716399134 -0.000839012975221 -0.000545676488099
26 1 13.426487796400002 3.322205851300000 2.349145244699999 -0.000600063254683 -0.001107043382612 -0.000763477886573
65 8 13.095888200900001 5.727884393600002 5.994451122499998 0.001431983008961 0.014250663973948 -0.003238974312613
90 8 17.593253881800006 5.727872023000002 5.994440303000000 -0.001211034738442 0.003088305987083 -0.002162224465535
114 8 17.593249127900009 3.131310752300001 4.968235823200000 0.000960891438108 0.000225941949478 0.001276357769512
130 8 15.344568078800005 4.429600636800002 3.132190496199999 -0.000175487670809 0.001530960107116 0.001186355302496
138 8 13.095880352600009 5.727889427500000 1.296160360000000 -0.000445898481278 0.001329831067024 -0.000408163102358
146 8 17.593249799300011 5.727866140300000 1.296153622799999 0.000883577928573 0.001224819454392 -0.000378249425672
154 8 15.344572252999999 1.833036553300000 1.296161863300000 -0.000107592979686 -0.000876473016886 -0.000972686987156
170 8 13.095867367800004 3.131308597400002 4.968248379499999 -0.000479149313052 0.000414566797407 0.001417562800361
42 7 19.180709987699998 4.429598811900002 5.481334835700000 0.003245057460192 0.000037670677227 0.000400971643425
66 8 20.768171571100002 5.727884393600002 5.994451122499998 -0.004711946815210 -0.001306647694644 -0.000550278050963
98 8 19.180707196099995 4.811361409400002 3.402132653400000 -0.000749315201671 0.001714756029014 0.001522438907956
3 1 11.508418611100000 11.073997829000001 5.481344520900000 -0.015842909015107 0.000892212217324 0.000032829264328
17 1 7.672274418099999 6.644399077300000 2.349147298800000 0.001635834229455 0.001709356818443 0.004832934204393
27 1 9.590346111300001 9.966598154900002 2.349145244699999 -0.002090855593278 -0.002652581969487 0.005471296816209
33 7 9.590343793000001 7.751796947200008 5.481341472000000 -0.031645729926563 -0.003016406076605 -0.002077615896414
49 7 11.508427041700001 6.644390723800001 2.349147115100000 -0.011709978204545 -0.000120797367215 -0.000699324129131
73 8 11.498432852700008 8.477427166200002 5.994454850600000 0.180997638925843 0.001886925071141 0.001258906549258
105 8 9.920968477800001 7.560904182000002 3.402136381700000 0.004195954273126 -0.004342107669413 -0.013111159558263
121 8 7.672273857400003 7.026163626600007 4.968234320200000 -0.027253406183614 -0.007061760477522 -0.004905536165598
131 8 11.508426393700001 11.073992940400007 3.132190496199999 0.002769103056058 0.000170378971411 0.000152432486796
155 8 11.508430567899998 8.477428856900005 1.296161863300000 0.002176733301741 -0.001793540675833 -0.001852595865349
163 8 7.672298157300000 8.859189034900005 1.566094450300000 -0.000823722741703 0.000570823881229 -0.001836569969430
171 8 9.259725682700001 9.775700901000002 4.968248379499999 -0.017213016579485 0.018523338146729 -0.007794996647126
11 1 13.426498927399999 9.966593245500007 2.349140662099999 -0.002361855476937 0.002658970488945 -0.005332345420178
18 1 15.344557788300000 6.644399077300000 2.349147298800000 0.001867932867343 -0.001928763467488 -0.005034677260277
28 1 17.262629481500003 9.966598154900002 2.349145244699999 0.002165899200086 0.000847506274666 -0.001363742213005
34 7 17.262627163200005 7.751796947200008 5.481341472000000 0.012005021011736 0.002154093163458 0.001578522487975
43 7 15.344568302600003 11.073991115500002 5.481334835700000 0.007318092046634 0.008755638748929 0.002266509305737
57 7 13.426498916499998 7.751790037100004 5.481345370700000 -0.030067475700053 0.002616193107357 0.001728708168300
81 8 13.095877704700001 7.560908000500002 3.402138567200000 0.001583104248219 0.001855002844018 0.014839169681250
99 8 15.344565510999997 11.455753713000002 3.402132653400000 -0.001129917049902 -0.000686763087659 0.003856318457319
106 8 17.593251848000001 7.560904182000002 3.402136381700000 -0.001232209663733 -0.000972093027148 0.003746409214391
115 8 13.757107442799997 9.775703055900001 4.968235823200000 -0.013732657550522 -0.019474748559326 0.010796037152537
122 8 15.344557227600001 7.026163626600007 4.968234320200000 -0.026218414399305 0.010537670263834 0.007539412949150
164 8 15.344581527500001 8.859189034900005 1.566094450300000 -0.000778105240210 -0.000390644220635 0.001802843819845
172 8 16.932009052900014 9.775700901000002 4.968248379499999 -0.004341111465314 -0.001687443750453 0.001722405413006
4 1 19.180701981300000 11.073997829000001 5.481344520900000 0.002904775038555 -0.000119719912699 -0.000091653167764
12 1 21.098782297600000 9.966593245500007 2.349140662099999 0.001955483380384 -0.000725683894555 0.001627610125803
44 7 23.016851672799998 11.073991115500002 5.481334835700000 0.007286513016326 -0.008867608247829 -0.001871842660390
50 7 19.180710411899998 6.644390723800001 2.349147115100000 0.003285414749874 0.000397216198898 -0.000044883606181
58 7 21.098782286699997 7.751790037100004 5.481345370700000 0.011754191170582 -0.002092699103881 -0.001601069064915
74 8 19.180716222899989 8.477427166200002 5.994454850600000 -0.006309149394850 -0.001926005156086 -0.001437339367247
82 8 20.768161074900000 7.560908000500002 3.402138567200000 -0.004560991584731 -0.000795773612278 -0.000724233439424
100 8 23.016848881199998 11.455753713000002 3.402132653400000 -0.001152298374762 0.004110003116333 -0.000534481422272
116 8 21.429390813000008 9.775703055900001 4.968235823200000 -0.000989332806492 0.000057114368955 0.000974787238782
132 8 19.180709763900005 11.073992940400007 3.132190496199999 -0.001287843527414 -0.000155233684072 0.000020516253003
156 8 19.180713938099998 8.477428856900005 1.296161863300000 -0.000733871019053 -0.001371980225415 -0.001263189002038
19 1 11.508416103199997 13.288791380900006 2.349147298800000 -0.000741806340531 -0.000074320916368 0.000024366361559
123 8 11.508415542500002 13.670555930200003 4.968234320200000 0.000659964756679 0.001757335050725 0.001459849969511
139 8 9.259738667499999 12.372281731100001 1.296160360000000 -0.001292148119463 0.001167462204570 -0.001965210542119
35 7 13.426485478100000 14.396189250800001 5.481341472000000 0.000049540234068 0.002172981384665 -0.000265666151435
51 7 15.344568726800000 13.288783027399999 2.349147115100000 0.000203302704100 0.002387204662099 -0.000947485542047
59 7 17.262640601600001 14.396182340700005 5.481345370700000 0.000124885539909 0.002128024645975 -0.000124764070371
67 8 16.932029885999999 12.372276697200000 5.994451122499998 -0.004073215599190 -0.001686062419654 -0.001947383265974
75 8 15.344574537799998 15.121819469800011 5.994454850600000 -0.000476201661000 -0.003261159685180 -0.001458587682782
83 8 16.932019389799994 14.205300304100005 3.402138567200000 -0.001889964888671 -0.001538766117060 0.001464117554780
91 8 13.757112196700003 12.372264326600002 5.994440303000000 0.002927403754028 -0.002023003565427 -0.001764361275906
107 8 13.757110162900000 14.205296485600002 3.402136381700000 0.001765361251374 -0.001284089221915 0.001728365927653
140 8 16.932022037700008 12.372281731100001 1.296160360000000 -0.001854455047389 0.000224591405484 -0.001201714583658
147 8 13.757108114200003 12.372258443900009 1.296153622799999 0.001902791626910 0.000240493050151 -0.001004287193706
20 1 19.180699473400008 13.288791380900006 2.349147298800000 0.000531316702161 -0.000058189866950 -0.000018617560559
36 7 21.098768848300001 14.396189250800001 5.481341472000000 0.000544402000983 -0.002171046498621 0.000109839194513
52 7 23.016852096999997 13.288783027399999 2.349147115100000 0.000219177349362 -0.001505561936164 0.000806573999090
76 8 23.016857907999988 15.121819469800011 5.994454850600000 -0.000459662013838 -0.000752101193393 -0.001521365412106
92 8 21.429395566900006 12.372264326600002 5.994440303000000 -0.000624399501849 0.003399566880485 -0.000822814780581
108 8 21.429393533100004 14.205296485600002 3.402136381700000 0.001310161500975 -0.000213284520963 0.001623530871899
124 8 19.180698912699995 13.670555930200003 4.968234320200000 -0.000175698966880 0.001854771007646 0.001405191891389
148 8 21.429391484400018 12.372258443900009 1.296153622799999 0.001236371831253 0.001084160654604 -0.001805518066082
60 7 24.934923971800007 14.396182340700005 5.481345370700000 -0.000513196812181 -0.002189356084102 0.000135528261234
68 8 24.604313256200001 12.372276697200000 5.994451122499998 -0.000076524930347 0.003322643159346 -0.000877870382079
84 8 24.604302760000003 14.205300304100005 3.402138567200000 -0.001428458586544 -0.000501633030554 0.001446529147397
29 1 9.590346111300004 5.537003285800003 8.613538384300000 -0.002090856839541 0.004256011825556 -0.004298831736684
157 8 11.508430567900000 4.047833987800002 7.560555002900000 0.002176723183100 -0.002011669732199 -0.001544073998667
165 8 7.672298157300002 4.429594165800001 7.830487589900000 -0.000823721237122 -0.001477737311593 0.001060529403216
173 8 9.259725682700003 5.346106031900003 11.232641519100001 -0.001325410977536 -0.001107548252539 0.001783517610586
13 1 13.426498927400001 5.536998376400002 8.613533801700001 -0.002361849095728 -0.004186089127008 0.004347980046234
30 1 17.262629481500003 5.537003285800003 8.613538384300000 0.002165924087184 -0.001021477382211 0.001279396940944
117 8 13.757107442800002 5.346108186800002 11.232628962800000 0.001980100451331 -0.000692403995735 0.000557018001417
166 8 15.344581527500001 4.429594165800001 7.830487589900000 -0.000778141481093 0.001633062369141 -0.001059091666872
174 8 16.932009052900007 5.346106031900003 11.232641519100001 -0.001887686987644 -0.000702003448199 0.000640094272271
14 1 21.098782297600003 5.536998376400002 8.613533801700001 0.001955487813176 0.001247752185565 -0.001163241586821
118 8 21.429390813000005 5.346108186800002 11.232628962800000 0.001313695381575 -0.001166581435426 0.001619495266611
158 8 19.180713938100002 4.047833987800002 7.560555002900000 -0.000733899709279 -0.001315512772956 -0.001343065230655
5 1 11.508418611100007 6.644402959900002 11.745737660500000 -0.000700399802309 -0.000033443047994 -0.000104155964019
21 1 11.508416103199998 8.859196511800004 8.613540438400001 -0.015884510207194 0.000363441179060 0.000851483461943
125 8 11.508415542500003 9.240961061100004 11.232627459799998 0.000659974077920 0.001879195415066 0.001287524303571
133 8 11.508426393700002 6.644398071300002 9.396583635799999 0.002769163164949 0.000102639893247 0.000248188399051
141 8 9.259738667500002 7.942686862000003 7.560553499600000 -0.017179922172744 -0.001319734215520 0.019735898156484
167 8 11.508439842400001 11.073986469400005 7.830487589900000 0.003167343135730 -0.000561495000251 -0.000464404731927
37 7 13.426485478099996 9.966594381700006 11.745734611600000 0.000049555103099 0.000421700339640 0.002211044864901
45 7 15.344568302600001 6.644396246400003 11.745727975299999 0.000162956872265 -0.000149954456183 0.002578118299943
53 7 15.344568726799995 8.859188158300002 8.613540254699998 0.007358498293251 0.005062201226498 0.007552652636779
61 7 17.262640601600001 9.966587471600000 11.745738510299995 0.000124871111635 0.000705982927888 0.001886297345985
69 8 16.932029886000002 7.942681828100003 12.258844262099997 -0.002040912693610 0.000508919757719 -0.001980278028585
77 8 15.344574537800005 10.692224600700005 12.258847990200001 -0.000476204843505 -0.002391093264784 -0.002689066359895
85 8 16.932019389799990 9.775705435000003 9.666531706799999 -0.003922260895608 -0.002239455898889 -0.000616273216332
93 8 13.757112196700007 7.942669457500004 12.258833442600000 0.001786484786152 0.001081724728399 -0.001783720676945
101 8 15.344565511000003 7.026158843900003 9.666525792999996 -0.001129969299673 0.003114635964450 -0.001519766230165
109 8 13.757110162900005 9.775701616500001 9.666529521300001 0.002906194334176 -0.002300775737496 -0.001205228190410
142 8 16.932022037700005 7.942686862000003 7.560553499600000 -0.004307857055549 0.000916548787198 -0.002491604104022
149 8 13.757108114200001 7.942663574800001 7.560546762400000 -0.013810133838118 0.003633210326908 -0.022125557290021
159 8 15.344572253000006 10.692226291400004 7.560555002900000 -0.000971426831815 -0.003901384571802 -0.003111660667767
6 1 19.180701981300004 6.644402959900002 11.745737660500000 0.000572721028296 -0.000068591724992 -0.000074640289301
22 1 19.180699473400011 8.859196511800004 8.613540438400001 0.002863399765250 -0.000091258790908 -0.000061136515235
38 7 21.098768848300008 9.966594381700006 11.745734611600000 0.000544414012244 -0.000672286683065 -0.002009718050561
46 7 23.016851672800001 6.644396246400003 11.745727975299999 0.000178833571731 0.000206199080333 -0.001676810653183
54 7 23.016852096999990 8.859188158300002 8.613540254699998 0.007326894731087 -0.004713926376650 -0.007683198179054
78 8 23.016857907999999 10.692224600700005 12.258847990200001 -0.000459662773010 -0.001613922397122 -0.000302543107911
94 8 21.429395566900006 7.942669457500004 12.258833442600000 0.001331320961517 0.001339788228106 -0.000739189635836
102 8 23.016848881199998 7.026158843900003 9.666525792999996 -0.001152336878605 0.000573840415172 0.004466363613534
110 8 21.429393533100001 9.775701616500001 9.666529521300001 -0.000645604187045 0.000394448854062 0.003593402508523
126 8 19.180698912700002 9.240961061100004 11.232627459799998 -0.000175706718509 0.001860138737762 0.001397594716283
134 8 19.180709763900005 6.644398071300002 9.396583635799999 -0.001287851443248 -0.000130260758650 -0.000014809478443
150 8 21.429391484400004 7.942663574800001 7.560546762400000 -0.001066615117338 0.000884189304350 -0.000436924916658
160 8 23.016855623200005 10.692226291400004 7.560555002900000 -0.000655922687903 0.000197315468507 -0.000213481726985
168 8 19.180723212599993 11.073986469400005 7.830487589900000 -0.001171644501380 0.000049655671539 -0.000032256211243
62 7 24.934923971800000 9.966587471600000 11.745738510299995 -0.000513212118138 -0.000487729979738 -0.002270932490767
70 8 24.604313256200005 7.942681828100003 12.258844262099997 -0.001579445940519 0.000838015664844 -0.000996579146491
86 8 24.604302759999996 9.775705435000003 9.666531706799999 0.000074504177284 0.000438538432812 0.003749560086271
7 1 15.344560296200003 13.288795263500004 11.745737660500000 0.000289345695412 -0.000026669142816 0.001413854210526
15 1 17.262640612500000 12.181390680000009 8.613533801700001 0.000906573211154 0.000949653866814 0.000719121171123
23 1 15.344557788300000 15.503588815399999 8.613540438400001 0.000247944033558 0.001359153608858 -0.000475251197106
31 1 13.426487796399995 12.181395589400003 8.613538384300000 -0.000925907163711 0.001462104608222 0.001053195265922
39 7 17.262627163200005 16.610986685300006 11.745734611600000 -0.000083791777875 0.000020505201758 0.000069814980110
95 8 17.593253881800010 14.587061761100006 12.258833442600000 0.001912677845014 0.001072588833238 -0.002000519789472
111 8 17.593251848000001 16.420093920100001 9.666529521300001 0.001891480162531 -0.001491550822963 0.001792074370595
119 8 17.593249127900002 11.990500490400001 11.232628962800000 0.001796961272185 -0.000975449399578 0.000962004964052
127 8 15.344557227600006 15.885353364700006 11.232627459799998 0.000079709671246 0.001695076862029 0.001286578331791
135 8 15.344568078800005 13.288790374900007 9.396583635799999 -0.000307652168010 -0.000731932892658 -0.000413765788866
143 8 13.095880352600002 14.587079165600008 7.560553499600000 -0.001451010287438 -0.000008248507507 -0.001765399336050
151 8 17.593249799300004 14.587055878400003 7.560546762400000 0.001719640080590 0.000527983766259 -0.001406166773492
175 8 13.095867367800004 11.990498335500007 11.232641519100001 -0.001484251449516 -0.001311050416752 0.000608454629411
8 1 23.016843666400000 13.288795263500004 11.745737660500000 0.000305797583531 -0.000218005900825 -0.001593802705853
24 1 23.016841158500000 15.503588815399999 8.613540438400001 0.000264390562381 -0.001540286405826 0.000346916294463
32 1 21.098771166600002 12.181395589400003 8.613538384300000 0.001281330458994 -0.001049864961176 -0.000723013013932
47 7 19.180709987699998 13.288788550000005 11.745727975299999 -0.000788928211812 -0.000047387796261 0.000183843607365
55 7 19.180710411900002 15.503580461900007 8.613540254699998 -0.000748586770796 0.000164218277930 -0.000052719748609
63 7 21.098782286700004 16.610979775200004 11.745738510299995 -0.000655910122947 -0.000239601184791 -0.000290629710517
71 8 20.768171571100002 14.587074131700003 12.258844262099997 -0.001441967934781 0.000690637030113 -0.000881462581795
79 8 19.180716222899996 17.336616904300001 12.258847990200001 0.000063573127321 -0.001962104735688 -0.001462859000258
87 8 20.768161074900000 16.420097738599999 9.666531706799999 -0.001290947725753 -0.000442237856704 0.001269230916851
103 8 19.180707196099995 13.670551147500003 9.666525792999996 -0.000132210369683 0.001751573240219 0.001548495945868
128 8 23.016840597800005 15.885353364700006 11.232627459799998 0.000091023477251 0.001952429065934 0.001468546556945
136 8 23.016851449000004 13.288790374900007 9.396583635799999 -0.000207926446934 0.000489509415892 0.000449919375869
144 8 20.768163722800004 14.587079165600008 7.560553499600000 -0.001597094392788 0.001147823200803 -0.001569954094695
176 8 20.768150737999996 11.990498335500007 11.232641519100001 -0.001630343397448 -0.000741416474391 0.001633238897915
16 1 24.934923982700003 12.181390680000009 8.613533801700001 -0.001200915256672 -0.001660368079960 -0.001126418435548
40 7 24.934910533400007 16.610986685300006 11.745734611600000 0.000705747080695 -0.000456954191304 -0.000267788147314
48 7 26.852993357900004 13.288788550000005 11.745727975299999 -0.000153334893647 -0.000072081609079 0.000308474868814
56 7 26.852993782099993 15.503580461900007 8.613540254699998 -0.000112978131161 0.000273416191891 -0.000117526239849
64 7 28.771065656899999 16.610979775200004 11.745738510299995 0.000114907293197 0.000228473110016 0.000040349729106
72 8 28.440454941300004 14.587074131700003 12.258844262099997 -0.002001968525275 0.000732996442008 -0.001733404389583
80 8 26.852999593099998 17.336616904300001 12.258847990200001 -0.000404767696746 -0.001978962873077 -0.001474779964293
88 8 28.440444445099999 16.420097738599999 9.666531706799999 -0.001850977147144 -0.001231322153279 0.001593115996782
96 8 25.265537252000023 14.587061761100006 12.258833442600000 0.001396525156332 0.001062525945507 -0.000973435212063
104 8 26.852990566300001 13.670551147500003 9.666525792999996 0.000488333597592 0.001611616882695 0.001449503508486
112 8 25.265535218199997 16.420093920100001 9.666529521300001 0.001375363577586 -0.000526554330396 0.001440191696889
120 8 25.265532498100001 11.990500490400001 11.232628962800000 0.001901554815524 -0.000647829286686 0.001668955735318
152 8 25.265533169500006 14.587055878400003 7.560546762400000 0.001824235266196 0.001303707426969 -0.001332926417252
