ITEM: TIMESTEP
0
ITEM: NUMBER OF ATOMS
176
ITEM: BOX BOUNDS xy xz yz pp pp pp
0.0000000000000000e+00 3.0689133480799999e+01 7.6722833701999980e+00
0.0000000000000000e+00 1.7718379476200003e+01 7.6722833702000024e+00
0.0000000000000000e+00 1.2528786279200000e+01 4.4295948690000015e+00
ITEM: ATOMS id type x y z fx fy fz
25 1 5.754204426199998 3.322205851300000 2.349145244699999 -0.002219168853782 0.000059966789988 -0.000431729857579
137 8 5.423596982400004 5.727889427500000 1.296160360000000 -0.001180385243897 0.000249036218335 -0.001399057270211
161 8 3.836156472199998 2.214796731300001 1.566094450300000 0.000756908107937 0.000239520911979 0.000126842185553
169 8 5.423583997600000 3.131308597400002 4.968248379499999 -0.000621008914681 -0.000886935008119 0.001053085239584
1 1 7.672276926000002 4.429605525400001 5.481344520900000 -0.003404685177925 0.002844673709607 0.002177806927099
9 1 9.590357242299998 3.322200941900001 2.349140662099999 -0.008334784616341 0.001258005519658 -0.008824878005825
41 7 11.508426617500000 4.429598811900002 5.481334835700000 0.008645611360748 0.014961642798208 0.003416993319046
89 8 9.920970511600007 5.727872023000002 5.994440303000000 0.001870062995894 -0.003182539269069 -0.000982060843623
97 8 11.513423825900013 4.820021663437838 3.402132653400000 -0.025345962289799 -0.086218033886614 0.051721956867360
113 8 9.920965757699999 3.131310752300001 4.968235823200000 0.012500087114565 0.010752089331603 -0.013842466301929
129 8 7.672284708600001 4.429600636800002 3.132190496199999 0.005419668348464 -0.004041526961875 -0.001028516904076
145 8 9.920966429100000 5.727866140300000 1.296153622799999 -0.006075634707517 -0.009000292224452 -0.003899750586056
153 8 7.672288882800000 1.833036553300000 1.296161863300000 0.003928230291732 0.001437522621532 0.000937979045018
162 8 11.508439842400000 2.214796731300001 1.566094450300000 -0.004181278544910 0.007152169484014 0.006985440734039
2 1 15.344560296200001 4.429605525400001 5.481344520900000 0.000311685637826 0.002504576080904 -0.000628420063576
10 1 17.262640612500000 3.322200941900001 2.349140662099999 -0.000446598916477 0.000702052267361 0.000048366612290
26 1 13.426487796400002 3.322205851300000 2.349145244699999 0.010679375719535 0.007961862252785 -0.004140998734038
65 8 13.095888200900001 5.727884393600002 5.994451122499998 -0.001988598015961 -0.002170752930590 0.003454386200518
90 8 17.593253881800006 5.727872023000002 5.994440303000000 0.002017159953839 0.000730094669855 -0.001221300998737
114 8 17.593249127900009 3.131310752300001 4.968235823200000 0.001871926100126 -0.000895999523993 0.001424586358328
130 8 15.344568078800005 4.429600636800002 3.132190496199999 -0.000231887551872 -0.003011646252600 -0.000294792596992
138 8 13.095880352600009 5.727889427500000 1.296160360000000 0.009002244497993 -0.002490478461969 -0.017004767686810
146 8 17.593249799300011 5.727866140300000 1.296153622799999 0.002388261180902 0.000686789575202 -0.001366439545054
154 8 15.344572252999999 1.833036553300000 1.296161863300000 -0.000959557802302 -0.001215132313811 -0.000936439741819
170 8 13.095867367800004 3.131308597400002 4.968248379499999 -0.009644326789282 0.000934747404919 -0.003461931036332
42 7 19.180709987699998 4.429598811900002 5.481334835700000 -0.001076484476660 0.000723118659758 0.000451738690793
66 8 20.768171571100002 5.727884393600002 5.994451122499998 -0.001339301317371 0.000219157688616 -0.001414031090754
98 8 19.180707196099995 4.811361409400002 3.402132653400000 0.000523316575201 0.001450720565002 0.001562706881719
3 1 11.508418611100000 11.073997829000001 5.481344520900000 0.000233264266855 -0.001817388917491 -0.001144077454127
17 1 7.672274418099999 6.644399077300000 2.349147298800000 0.002531794239057 0.003536468065464 -0.000420210544686
27 1 9.590346111300001 9.966598154900002 2.349145244699999 0.002967721924530 -0.003421766348543 -0.000361302375628
33 7 9.590343793000001 7.751796947200008 5.481341472000000 0.002973716675327 0.001972755612468 -0.005695479085829
49 7 11.508427041700001 6.644390723800001 2.349147115100000 0.008564194433111 0.029525569356534 -0.010950852604715
73 8 11.508432852700000 8.477427166200002 5.994454850600000 -0.001133587646415 -0.001096851989375 0.000211297300962
105 8 9.920968477800001 7.560904182000002 3.402136381700000 -0.007872032542922 0.005120999172725 0.006013027316336
121 8 7.672273857400003 7.026163626600007 4.968234320200000 -0.001360088349118 0.000573724486677 0.001852512633413
131 8 11.508426393700001 11.073992940400007 3.132190496199999 -0.000274989510988 0.001882921939871 0.000824546740599
155 8 11.508430567899998 8.477428856900005 1.296161863300000 -0.000005668532475 0.017660492542828 -0.014281821415690
163 8 7.672298157300000 8.859189034900005 1.566094450300000 -0.001620552315116 -0.000065842821613 -0.000375954516479
171 8 9.259725682700001 9.775700901000002 4.968248379499999 -0.002589696227202 0.000391935015020 0.002268235040293
11 1 13.426498927399999 9.966593245500007 2.349140662099999 -0.002572723661832 -0.004947956178289 0.000068697001680
18 1 15.344557788300000 6.644399077300000 2.349147298800000 -0.005733188843873 0.000769250633120 0.000188966937145
28 1 17.262629481500003 9.966598154900002 2.349145244699999 -0.001161409369907 -0.001482236016845 -0.000148250709702
34 7 17.262627163200005 7.751796947200008 5.481341472000000 -0.001302224888219 -0.000569308101532 -0.000731695345653
43 7 15.344568302600003 11.073991115500002 5.481334835700000 -0.002065830219762 -0.002320637612510 -0.000335393811988
57 7 13.426498916499998 7.751790037100004 5.481345370700000 -0.002358854342945 -0.001518280439946 -0.008369581713614
81 8 13.095877704700001 7.560908000500002 3.402138567200000 0.007897890461103 0.009815467425933 0.005711995607791
99 8 15.344565510999997 11.455753713000002 3.402132653400000 0.001087144778080 0.003682295918264 0.001446500877381
106 8 17.593251848000001 7.560904182000002 3.402136381700000 0.002486839146056 -0.000774240030357 0.001680279809637
115 8 13.757107442799997 9.775703055900001 4.968235823200000 0.003115849934991 0.001795963974971 0.002568778155451
122 8 15.344557227600001 7.026163626600007 4.968234320200000 0.002588188104724 0.001520620196667 0.002530352049415
164 8 15.344581527500001 8.859189034900005 1.566094450300000 0.001805741574821 0.001212577942563 -0.000702453140533
172 8 16.932009052900014 9.775700901000002 4.968248379499999 -0.001183554967411 -0.000204862851854 0.001377702584508
4 1 19.180701981300000 11.073997829000001 5.481344520900000 0.000180081858251 -0.001298789319531 0.000266960653415
12 1 21.098782297600000 9.966593245500007 2.349140662099999 0.000777251358911 -0.000726816006833 -0.000022909438665
44 7 23.016851672799998 11.073991115500002 5.481334835700000 0.001179994947731 -0.001175538251558 -0.000230250721493
50 7 19.180710411899998 6.644390723800001 2.349147115100000 -0.001038786551546 0.000679228835306 0.000142261824467
58 7 21.098782286699997 7.751790037100004 5.481345370700000 0.000159353330056 0.000416076899060 -0.000210175466807
74 8 19.180716222899989 8.477427166200002 5.994454850600000 0.000143435665456 -0.001618863405126 -0.001332664059060
82 8 20.768161074900000 7.560908000500002 3.402138567200000 -0.001676453459123 -0.001003000277467 0.001470150172529
100 8 23.016848881199998 11.455753713000002 3.402132653400000 -0.000705898718400 0.002659119178409 0.001711230041915
116 8 21.429390813000008 9.775703055900001 4.968235823200000 0.001454504803222 -0.000562176408379 0.001467623303136
132 8 19.180709763900005 11.073992940400007 3.132190496199999 -0.000025681638405 0.001443726343767 -0.000090267244605
156 8 19.180713938099998 8.477428856900005 1.296161863300000 0.000173429212809 -0.001555997032927 -0.001699788037142
19 1 11.508416103199997 13.288791380900006 2.349147298800000 -0.000311933913455 -0.001712960620541 -0.000136960875487
123 8 11.508415542500002 13.670555930200003 4.968234320200000 0.000598407769463 0.001951661356465 0.001179905315115
139 8 9.259738667499999 12.372281731100001 1.296160360000000 -0.002122679398567 0.002070686880792 -0.001397567772674
35 7 13.426485478100000 14.396189250800001 5.481341472000000 -0.001707359904255 -0.001386125111846 0.000373637486150
51 7 15.344568726800000 13.288783027399999 2.349147115100000 -0.002956411706528 -0.003840537948039 -0.000351204660030
59 7 17.262640601600001 14.396182340700005 5.481345370700000 -0.001913991643555 -0.008923110786416 0.004018911619459
67 8 16.932029885999999 12.372276697200000 5.994451122499998 -0.000949484284256 0.003624972561628 -0.002142115495329
75 8 15.344574537799998 15.121819469800011 5.994454850600000 0.002466373120692 -0.000986952530615 -0.002422760342287
83 8 16.932019389799994 14.205300304100005 3.402138567200000 0.000026908803867 0.003060458449973 0.001299536060611
91 8 13.757112196700003 12.372264326600002 5.994440303000000 0.001988537124599 0.002091466102365 -0.001264360622471
107 8 13.757110162900000 14.205296485600002 3.402136381700000 0.002484547805810 -0.000428726392735 0.001322915047631
140 8 16.932022037700008 12.372281731100001 1.296160360000000 -0.001172414242005 0.001992983414861 -0.000872073655121
147 8 13.757108114200003 12.372258443900009 1.296153622799999 0.002967975339221 0.002985404540024 -0.001009886383980
20 1 19.180699473400008 13.288791380900006 2.349147298800000 0.000984267254754 -0.004304552896171 -0.000167949207767
36 7 21.098768848300001 14.396189250800001 5.481341472000000 0.002591216772263 -0.003531734611563 0.002051695307837
52 7 23.016852096999997 13.288783027399999 2.349147115100000 0.001639683496194 -0.001134060302059 -0.000230636765201
76 8 23.016857907999988 15.121819469800011 5.994454850600000 -0.001824119758391 -0.001876077832210 -0.001939653460209
92 8 21.429395566900006 12.372264326600002 5.994440303000000 0.000963391966363 0.002310242593746 -0.001671160952478
108 8 21.429393533100004 14.205296485600002 3.402136381700000 0.000066238458545 0.000288842578945 0.001959291768152
124 8 19.180698912699995 13.670555930200003 4.968234320200000 -0.000892341641370 0.003477644826762 0.000879682652119
148 8 21.429391484400018 12.372258443900009 1.296153622799999 0.000885497382403 0.001683430894356 -0.000793133186674
60 7 24.934923971800007 14.396182340700005 5.481345370700000 0.000540684491703 -0.000344855447695 0.000022583945497
68 8 24.604313256200001 12.372276697200000 5.994451122499998 -0.002022541369954 0.001140413421699 -0.001290091039905
84 8 24.604302760000003 14.205300304100005 3.402138567200000 -0.002007550452908 -0.000843333911374 0.001430099092172
29 1 9.590346111300004 5.537003285800003 8.613538384300000 -0.000021338841398 0.001081657750677 0.000826116078999
157 8 11.508430567900000 4.047833987800002 7.560555002900000 -0.000015251866301 -0.000449375985549 -0.007527702831700
165 8 7.672298157300002 4.429594165800001 7.830487589900000 0.000151779792787 -0.000447567116865 -0.000972962888729
173 8 9.259725682700003 5.346106031900003 11.232641519100001 -0.001561390450121 -0.000589679049790 0.001238613621761
13 1 13.426498927400001 5.536998376400002 8.613533801700001 0.000413861012744 0.000950947565309 -0.000709748308351
30 1 17.262629481500003 5.537003285800003 8.613538384300000 0.000017087323139 0.000007597739610 -0.000622402086629
117 8 13.757107442800002 5.346108186800002 11.232628962800000 0.002452864893906 -0.000099219969861 0.001939293077787
166 8 15.344581527500001 4.429594165800001 7.830487589900000 0.000029956570186 -0.000326029583222 0.000329388212168
174 8 16.932009052900007 5.346106031900003 11.232641519100001 -0.001455182004996 -0.000293626693641 0.001984530391333
14 1 21.098782297600003 5.536998376400002 8.613533801700001 -0.000398174827363 0.000349009924063 0.000087012014495
118 8 21.429390813000005 5.346108186800002 11.232628962800000 0.001210391687664 -0.000504191692562 0.001632878083162
158 8 19.180713938100002 4.047833987800002 7.560555002900000 0.000173365158018 -0.001860032097982 -0.001575995708469
5 1 11.508418611100007 6.644402959900002 11.745737660500000 -0.000273016687146 -0.000183240714917 -0.000340636487481
21 1 11.508416103199998 8.859196511800004 8.613540438400001 0.000188595651876 -0.000114164035482 -0.001094380687746
125 8 11.508415542500003 9.240961061100004 11.232627459799998 0.000590457348182 0.001267958325354 0.001196691750710
133 8 11.508426393700002 6.644398071300002 9.396583635799999 -0.000272136102496 -0.000324094188275 0.000229523257649
141 8 9.259738667500002 7.942686862000003 7.560553499600000 -0.001874435006979 0.000458236074785 -0.000533131884469
167 8 11.508439842400001 11.073986469400005 7.830487589900000 -0.000085559180650 0.000577633670104 0.000465468275458
37 7 13.426485478099996 9.966594381700006 11.745734611600000 0.000063699847681 0.000481016130791 -0.000495279266564
45 7 15.344568302600001 6.644396246400003 11.745727975299999 -0.001496294420505 -0.000059735459599 -0.002679646432714
53 7 15.344568726799995 8.859188158300002 8.613540254699998 -0.000754510177921 0.000037091834150 -0.000864591737945
61 7 17.262640601600001 9.966587471600000 11.745738510299995 0.001497261086841 0.003476622676464 0.001010196826556
69 8 16.932029886000002 7.942681828100003 12.258844262099997 -0.001381531945634 -0.001118164380153 0.002122786342670
77 8 15.344574537800005 10.692224600700005 12.258847990200001 -0.000672671842077 -0.002414057731829 -0.001592959034856
85 8 16.932019389799990 9.775705435000003 9.666531706799999 -0.001733286037107 -0.001161722599916 0.001319408287112
93 8 13.757112196700007 7.942669457500004 12.258833442600000 0.002188799756916 0.000606992103842 -0.000889202313225
101 8 15.344565511000003 7.026158843900003 9.666525792999996 0.000317612812980 0.001592954313057 0.002656412103737
109 8 13.757110162900005 9.775701616500001 9.666529521300001 0.001624186264463 -0.000747249048660 0.001968079130346
142 8 16.932022037700005 7.942686862000003 7.560553499600000 -0.001364193091456 0.000807113502666 -0.001182521414278
149 8 13.757108114200001 7.942663574800001 7.560546762400000 0.002355189409301 0.001293019808163 0.000854831897975
159 8 15.344572253000006 10.692226291400004 7.560555002900000 0.000284954897346 -0.001332380856268 -0.001527743967652
6 1 19.180701981300004 6.644402959900002 11.745737660500000 0.001027721404749 0.000597490178854 -0.003790129498197
22 1 19.180699473400011 8.859196511800004 8.613540438400001 0.000140186856025 0.000207926019305 0.000271107776830
38 7 21.098768848300008 9.966594381700006 11.745734611600000 -0.000817677303855 0.003262077317825 0.007044031001812
46 7 23.016851672800001 6.644396246400003 11.745727975299999 0.000094673541401 0.000964183220690 -0.000169342606418
54 7 23.016852096999990 8.859188158300002 8.613540254699998 -0.000052515810811 0.000517800291393 0.000184126910944
78 8 23.016857907999999 10.692224600700005 12.258847990200001 0.001330446745016 -0.002248863433696 -0.002601043013450
94 8 21.429395566900006 7.942669457500004 12.258833442600000 0.001349194786014 -0.001197870507021 -0.000668117719691
102 8 23.016848881199998 7.026158843900003 9.666525792999996 0.000063938139815 0.001494963386967 0.001604652266604
110 8 21.429393533100001 9.775701616500001 9.666529521300001 0.001877240684780 -0.001279001267365 -0.000306860960733
126 8 19.180698912700002 9.240961061100004 11.232627459799998 -0.000899544455676 0.000307415886215 0.001003105774039
134 8 19.180709763900005 6.644398071300002 9.396583635799999 -0.000027227613315 -0.000188530499888 0.000904511628571
150 8 21.429391484400004 7.942663574800001 7.560546762400000 0.001589464627024 0.000865266069142 -0.001391893944896
160 8 23.016855623200005 10.692226291400004 7.560555002900000 -0.000153339690131 -0.001597585888802 -0.001718184015252
168 8 19.180723212599993 11.073986469400005 7.830487589900000 -0.000222217163338 0.000316753929365 -0.000497040354670
62 7 24.934923971800000 9.966587471600000 11.745738510299995 -0.001232212199931 0.000659300800933 0.000365933885174
70 8 24.604313256200005 7.942681828100003 12.258844262099997 -0.001837728432676 0.000330303513697 -0.001359232683720
86 8 24.604302759999996 9.775705435000003 9.666531706799999 -0.001522841567600 -0.000967111446140 0.001288521138296
7 1 15.344560296200003 13.288795263500004 11.745737660500000 0.001167741599998 -0.000629316017447 0.000697346860883
15 1 17.262640612500000 12.181390680000009 8.613533801700001 -0.000005642548591 -0.000679848860582 0.001281892882730
23 1 15.344557788300000 15.503588815399999 8.613540438400001 -0.000554458248956 -0.000554476506228 0.000952344196909
31 1 13.426487796399995 12.181395589400003 8.613538384300000 -0.000023401701867 -0.000419782544079 0.000003286590466
39 7 17.262627163200005 16.610986685300006 11.745734611600000 0.000540084704762 -0.001607156105551 0.001016127376893
95 8 17.593253881800010 14.587061761100006 12.258833442600000 0.000041916157670 0.002736864256962 -0.002822673103363
111 8 17.593251848000001 16.420093920100001 9.666529521300001 0.001879409735630 -0.000968825673519 0.000599289291500
119 8 17.593249127900002 11.990500490400001 11.232628962800000 0.000745000383812 -0.001424673189129 0.000253482257627
127 8 15.344557227600006 15.885353364700006 11.232627459799998 -0.000134095439730 0.001173347619694 0.000450897177148
135 8 15.344568078800005 13.288790374900007 9.396583635799999 -0.000025196616660 0.000545141796811 -0.000286452577131
143 8 13.095880352600002 14.587079165600008 7.560553499600000 -0.001002003163478 0.001055494318015 -0.001791402047543
151 8 17.593249799300004 14.587055878400003 7.560546762400000 0.001479971937352 0.001673751506313 -0.003589884804270
175 8 13.095867367800004 11.990498335500007 11.232641519100001 -0.001540250548341 -0.000725281022163 0.001288979465474
8 1 23.016843666400000 13.288795263500004 11.745737660500000 -0.001193348335677 -0.001099780822719 0.001248159208686
24 1 23.016841158500000 15.503588815399999 8.613540438400001 0.000447486176386 -0.000191450179994 0.000333927915480
32 1 21.098771166600002 12.181395589400003 8.613538384300000 0.000225722913390 -0.000583123549285 0.001325517377000
47 7 19.180709987699998 13.288788550000005 11.745727975299999 0.000519995258542 -0.002388586932982 0.009145039504504
55 7 19.180710411900002 15.503580461900007 8.613540254699998 0.000554475563919 -0.001305392017879 0.002886523266724
63 7 21.098782286700004 16.610979775200004 11.745738510299995 -0.000790292622057 -0.001847899692102 0.000666848300644
71 8 20.768171571100002 14.587074131700003 12.258844262099997 -0.000403743357979 0.002540067567796 -0.002959832292271
79 8 19.180716222899996 17.336616904300001 12.258847990200001 -0.000104473341058 -0.001389560006265 -0.001565094495891
87 8 20.768161074900000 16.420097738599999 9.666531706799999 -0.002116138676767 -0.001040692817299 0.000667865471234
103 8 19.180707196099995 13.670551147500003 9.666525792999996 -0.000156673306716 0.003112099829522 -0.001203754971652
128 8 23.016840597800005 15.885353364700006 11.232627459799998 0.000618806570549 0.001930257066597 0.001015212696767
136 8 23.016851449000004 13.288790374900007 9.396583635799999 0.000070958727209 0.000346791263933 -0.000429075082024
144 8 20.768163722800004 14.587079165600008 7.560553499600000 -0.001862720387387 0.001303371689152 -0.002759472221357
176 8 20.768150737999996 11.990498335500007 11.232641519100001 -0.001087634739897 -0.000573302553474 -0.000345224793357
16 1 24.934923982700003 12.181390680000009 8.613533801700001 -0.000129895993167 -0.000246894178657 0.000156330412416
40 7 24.934910533400007 16.610986685300006 11.745734611600000 -0.000231625464729 -0.001328683968157 -0.000885183794770
48 7 26.852993357900004 13.288788550000005 11.745727975299999 -0.000406477600289 -0.000285355097773 0.000286316029048
56 7 26.852993782099993 15.503580461900007 8.613540254699998 -0.000363875189692 0.000143427151709 0.000075723551086
64 7 28.771065656899999 16.610979775200004 11.745738510299995 0.000653101697268 -0.000521568547456 -0.000487661431759
72 8 28.440454941300004 14.587074131700003 12.258844262099997 -0.001926999620199 0.000991667061626 -0.001568649963746
80 8 26.852999593099998 17.336616904300001 12.258847990200001 -0.000558898435280 -0.000973562536373 -0.000498993377883
88 8 28.440444445099999 16.420097738599999 9.666531706799999 -0.001482875294748 -0.001000799723576 0.001487108395515
96 8 25.265537252000023 14.587061761100006 12.258833442600000 0.001899870683416 0.001664539571287 -0.001463796250006
104 8 26.852990566300001 13.670551147500003 9.666525792999996 0.000159181163082 0.001975288979426 0.001600417063768
112 8 25.265535218199997 16.420093920100001 9.666529521300001 0.001591230902268 -0.000798351463648 0.001874164666899
120 8 25.265532498100001 11.990500490400001 11.232628962800000 0.002176465064484 -0.000382895266077 0.001173004585799
152 8 25.265533169500006 14.587055878400003 7.560546762400000 0.001593696748116 0.001149081331591 -0.001276125261238
