ITEM: TIMESTEP
0
ITEM: NUMBER OF ATOMS
176
ITEM: BOX BOUNDS xy xz yz pp pp pp
0.0000000000000000e+00 3.0689133480799999e+01 7.6722833701999980e+00
0.0000000000000000e+00 1.7718379476200003e+01 7.6722833702000024e+00
0.0000000000000000e+00 1.2528786279200000e+01 4.4295948690000015e+00
ITEM: ATOMS id type x y z fx fy fz
25 1 5.754204426199998 3.322205851300000 2.349145244699999 0.001499569311547 -0.000152958810994 0.000819153570179
137 8 5.423596982400004 5.727889427500000 1.296160360000000 -0.001172719209842 0.000492659619626 -0.001232090845240
161 8 3.836156472199998 2.214796731300001 1.566094450300000 -0.000030570762946 0.000057174655879 0.000038302746922
169 8 5.423583997600000 3.131308597400002 4.968248379499999 -0.003031919708294 -0.000869154416156 0.001042055030001
1 1 7.672276926000002 4.429605525400001 5.481344520900000 0.005391586889663 -0.001338803145208 -0.000025375701994
9 1 9.590357242299998 3.322200941900001 2.349140662099999 0.002193859684507 0.000470228976517 0.004929296971321
41 7 11.508426617500000 4.429598811900002 5.481334835700000 -0.018649360179880 -0.026175338259235 -0.001851193129612
89 8 9.920970511600007 5.727872023000002 5.994440303000000 -0.010079789308732 0.010834403819838 0.000279902729752
97 8 11.508423825899998 4.811361409400002 3.402132653400000 -0.001639249382432 0.005752941676538 -0.013132046928253
113 8 9.920965757699999 3.131310752300001 4.968235823200000 -0.019652508525931 -0.020110285102592 -0.004941767680741
129 8 7.672284708600001 4.429600636800002 3.132190496199999 -0.001912830918021 0.000737520105986 -0.001353307606532
145 8 9.920966429100000 5.727866140300000 1.296153622799999 0.001588641252060 0.002235762030089 -0.002719578269080
153 8 7.672288882800000 1.833036553300000 1.296161863300000 -0.000939020752746 -0.002085977434853 -0.002704408067112
162 8 11.508439842400000 2.214796731300001 1.566094450300000 -0.000035592390347 -0.000794281529685 -0.001836560761312
2 1 15.344560296200001 4.429605525400001 5.481344520900000 -0.007007860695409 -0.014410682522240 0.000032815361517
10 1 17.262640612500000 3.322200941900001 2.349140662099999 -0.000539641295121 -0.000697023192592 0.000120714670114
26 1 13.426487796400002 3.322205851300000 2.349145244699999 -0.003201780241328 -0.000728457272115 0.005471319778166
65 8 13.090888200899984 5.719224139562168 5.994451122499998 0.092179048950516 0.155770060694898 0.001271407505903
90 8 17.593253881800006 5.727872023000002 5.994440303000000 -0.000414127785359 0.003764692916065 -0.001764311775404
114 8 17.593249127900009 3.131310752300001 4.968235823200000 0.001941476511860 -0.000346376568182 0.001423411507188
130 8 15.344568078800005 4.429600636800002 3.132190496199999 0.001552496697089 0.002277568498678 0.000152465257075
138 8 13.095880352600009 5.727889427500000 1.296160360000000 -0.000471979000699 0.002686802133916 -0.001810077469762
146 8 17.593249799300011 5.727866140300000 1.296153622799999 0.001181702800620 0.001489435936535 -0.001004303520588
154 8 15.344572252999999 1.833036553300000 1.296161863300000 0.000450867850034 -0.001744159452300 -0.002007715305433
170 8 13.095867367800004 3.131308597400002 4.968248379499999 0.007387329770356 -0.024086062799013 -0.007794846446477
42 7 19.180709987699998 4.429598811900002 5.481334835700000 0.001694388473758 -0.001319800607862 -0.000038026461102
66 8 20.768171571100002 5.727884393600002 5.994451122499998 -0.003018820418691 0.001178225453338 -0.001446013331916
98 8 19.180707196099995 4.811361409400002 3.402132653400000 -0.000206329361141 0.002119082961962 0.001707473473456
3 1 11.508418611100000 11.073997829000001 5.481344520900000 -0.003599386319560 0.004120166564177 -0.000166240705915
17 1 7.672274418099999 6.644399077300000 2.349147298800000 0.000910666715635 -0.001229467829526 0.000878705481635
27 1 9.590346111300001 9.966598154900002 2.349145244699999 -0.001117883868100 -0.000210138953826 -0.000763453195471
33 7 9.590343793000001 7.751796947200008 5.481341472000000 -0.006180983625448 -0.009754382780561 -0.000097051855365
49 7 11.508427041700001 6.644390723800001 2.349147115100000 -0.006202705389896 -0.009659731855019 -0.000699270093925
73 8 11.508432852700000 8.477427166200002 5.994454850600000 0.013070251705577 -0.005942690419180 -0.003251575573485
105 8 9.920968477800001 7.560904182000002 3.402136381700000 0.002242750447560 0.000705661845834 0.001418131205338
121 8 7.672273857400003 7.026163626600007 4.968234320200000 -0.000601982839377 0.003511761545000 0.001145656051543
131 8 11.508426393700001 11.073992940400007 3.132190496199999 0.001258532202808 -0.000952812516371 0.001186354459015
155 8 11.508430567899998 8.477428856900005 1.296161863300000 0.001014607482871 -0.001092487846998 -0.000450674124036
163 8 7.672298157300000 8.859189034900005 1.566094450300000 0.000022499095692 0.000260140929079 -0.000000955056124
171 8 9.259725682700001 9.775700901000002 4.968248379499999 0.000071797076394 -0.000539716471125 0.001417573787939
11 1 13.426498927399999 9.966593245500007 2.349140662099999 -0.000840795504195 0.002490305400056 -0.004938268586848
18 1 15.344557788300000 6.644399077300000 2.349147298800000 0.001253480869128 -0.003330391627741 -0.005428769429583
28 1 17.262629481500003 9.966598154900002 2.349145244699999 0.001957779970708 0.001207974783377 -0.001363737890925
34 7 17.262627163200005 7.751796947200008 5.481341472000000 0.011587075057265 0.002005574459795 0.002038897891742
43 7 15.344568302600003 11.073991115500002 5.481334835700000 0.007655704932689 0.009043392570178 0.001806143436360
57 7 13.426498916499998 7.751790037100004 5.481345370700000 -0.013011956109465 -0.026929977812962 0.001729804963452
81 8 13.095877704700001 7.560908000500002 3.402138567200000 0.002420861846423 0.000404090470114 0.014839107170150
99 8 15.344565510999997 11.455753713000002 3.402132653400000 -0.001434923167193 -0.000632857128097 0.003725506315524
106 8 17.593251848000001 7.560904182000002 3.402136381700000 -0.001126390102101 -0.000680981718339 0.003877214456115
115 8 13.757107442799997 9.775703055900001 4.968235823200000 -0.003893562297124 -0.028013719164120 0.007502939586117
122 8 15.344557227600001 7.026163626600007 4.968234320200000 -0.023742860348577 -0.002252751311987 0.010832443509552
164 8 15.344581527500001 8.859189034900005 1.566094450300000 -0.000845415911582 -0.000274059524262 0.001802851862574
172 8 16.932009052900014 9.775700901000002 4.968248379499999 -0.003679561249576 -0.002833293599474 0.001722416873254
4 1 19.180701981300000 11.073997829000001 5.481344520900000 0.001489588275789 0.002331481497542 -0.000091656240141
12 1 21.098782297600000 9.966593245500007 2.349140662099999 0.000110872390100 0.000397484085821 0.000077746453194
44 7 23.016851672799998 11.073991115500002 5.481334835700000 -0.001820250253137 0.001280785294397 0.000337480211875
50 7 19.180710411899998 6.644390723800001 2.349147115100000 0.001925996774899 -0.000596546758206 -0.000947497714708
58 7 21.098782286699997 7.751790037100004 5.481345370700000 0.001662308643206 -0.000534859573273 -0.000124763999329
74 8 19.180716222899989 8.477427166200002 5.994454850600000 -0.003483956094863 -0.002742147071084 -0.001959955782126
82 8 20.768161074900000 7.560908000500002 3.402138567200000 -0.002254791488698 -0.000906849816859 0.001464136631574
100 8 23.016848881199998 11.455753713000002 3.402132653400000 0.000493422553287 0.001189471350690 0.001602632776939
116 8 21.429390813000008 9.775703055900001 4.968235823200000 0.001608036042909 -0.001118813078274 0.001368750565496
132 8 19.180709763900005 11.073992940400007 3.132190496199999 -0.000757940545078 -0.001073052180244 0.000020527976652
156 8 19.180713938099998 8.477428856900005 1.296161863300000 -0.000646832671932 -0.001759700642228 -0.001244219965960
19 1 11.508416103199997 13.288791380900006 2.349147298800000 -0.000274108956920 0.001019781635816 -0.000642024163804
123 8 11.508415542500002 13.670555930200003 4.968234320200000 0.000665316727513 0.000621955737810 0.001312789984550
139 8 9.259738667499999 12.372281731100001 1.296160360000000 -0.000819968587669 0.000250000689106 -0.000930117983707
35 7 13.426485478100000 14.396189250800001 5.481341472000000 0.002000481719780 0.002837179023200 0.000173318576526
51 7 15.344568726800000 13.288783027399999 2.349147115100000 0.001743649663283 0.003067661590953 -0.000044893423128
59 7 17.262640601600001 14.396182340700005 5.481345370700000 0.003821601703182 0.011646738714004 -0.001601061345386
67 8 16.932029885999999 12.372276697200000 5.994451122499998 -0.004779002843420 -0.004540852799863 -0.001424772618290
75 8 15.344574537799998 15.121819469800011 5.994454850600000 -0.003474679045354 -0.003485028225672 -0.000562852930860
83 8 16.932019389799994 14.205300304100005 3.402138567200000 -0.002946830193455 -0.003591533823040 -0.000724212620431
91 8 13.757112196700003 12.372264326600002 5.994440303000000 0.001943174588204 -0.002374934566086 -0.002162249522583
107 8 13.757110162900000 14.205296485600002 3.402136381700000 0.001143694399156 -0.001552174257293 0.001543346677247
140 8 16.932022037700008 12.372281731100001 1.296160360000000 -0.001562165811967 -0.000044608603934 -0.001220669424713
147 8 13.757108114200003 12.372258443900009 1.296153622799999 0.001524539000640 0.000114586182974 -0.000378233916463
20 1 19.180699473400008 13.288791380900006 2.349147298800000 0.000480941801414 0.002100884677937 0.001531240797893
36 7 21.098768848300001 14.396189250800001 5.481341472000000 -0.003690919491336 0.010789887340396 -0.002099532699032
52 7 23.016852096999997 13.288783027399999 2.349147115100000 -0.001437304302874 0.001363578006464 0.000806554352034
76 8 23.016857907999988 15.121819469800011 5.994454850600000 0.002852087782220 -0.001785314412343 -0.000890438643370
92 8 21.429395566900006 12.372264326600002 5.994440303000000 0.002506052257696 -0.002022490181442 -0.000822833238747
108 8 21.429393533100004 14.205296485600002 3.402136381700000 0.003016554267681 -0.003098791797556 -0.000513584124006
124 8 19.180698912699995 13.670555930200003 4.968234320200000 -0.000456045495809 -0.000982591988732 0.001011231185525
148 8 21.429391484400018 12.372258443900009 1.296153622799999 0.001579114569136 0.000490468650523 -0.001805512836695
60 7 24.934923971800007 14.396182340700005 5.481345370700000 -0.002395715091255 0.001071253390419 0.000135529870410
68 8 24.604313256200001 12.372276697200000 5.994451122499998 -0.000837623439470 -0.000062007038125 -0.001508800013503
84 8 24.604302760000003 14.205300304100005 3.402138567200000 -0.001125843458046 -0.001025773160573 0.001446525934162
29 1 9.590346111300004 5.537003285800003 8.613538384300000 0.002781248474848 -0.004182738855039 -0.004298814302239
157 8 11.508430567900000 4.047833987800002 7.560555002900000 -0.009646864495211 -0.014259588522838 0.019693151880753
165 8 7.672298157300002 4.429594165800001 7.830487589900000 -0.001809669672922 0.000229995110294 0.001060533762710
173 8 9.259725682700003 5.346106031900003 11.232641519100001 -0.001669502115446 -0.000511549140592 0.001783505497334
13 1 13.426498927400001 5.536998376400002 8.613533801700001 -0.007731961221291 -0.014029953425375 0.000947968985747
30 1 17.262629481500003 5.537003285800003 8.613538384300000 0.000944165794756 -0.001776920825991 0.001053212332979
117 8 13.757107442800002 5.346108186800002 11.232628962800000 0.002047014400542 -0.000407300322938 0.001251051820215
166 8 15.344581527500001 4.429594165800001 7.830487589900000 0.000979376591685 0.003228189302535 -0.000464352760843
174 8 16.932009052900007 5.346106031900003 11.232641519100001 -0.001925164114613 -0.000547354401696 0.000608452565782
14 1 21.098782297600003 5.536998376400002 8.613533801700001 0.001196644486971 -0.000556596249429 -0.000378885337088
118 8 21.429390813000005 5.346108186800002 11.232628962800000 0.001597440157415 -0.000817763314166 0.001250134158648
158 8 19.180713938100002 4.047833987800002 7.560555002900000 -0.000646758102646 -0.001293890662706 -0.001807901102700
5 1 11.508418611100007 6.644402959900002 11.745737660500000 -0.000238291629978 -0.000833840708637 -0.000104161566435
21 1 11.508416103199998 8.859196511800004 8.613540438400001 -0.004674432137822 0.000092107302966 0.004251515006836
125 8 11.508415542500003 9.240961061100004 11.232627459799998 0.000379588923797 0.001963772143662 0.000593438324611
133 8 11.508426393700002 6.644398071300002 9.396583635799999 0.001493877874440 0.002311474494246 0.000248225451590
141 8 9.259738667500002 7.942686862000003 7.560553499600000 -0.000660897005585 0.002795835026366 -0.001501576588880
167 8 11.508439842400001 11.073986469400005 7.830487589900000 0.000907132528485 -0.001285918798153 -0.001059083969996
37 7 13.426485478099996 9.966594381700006 11.745734611600000 0.000296951305198 0.000261826726966 0.002350455163737
45 7 15.344568302600001 6.644396246400003 11.745727975299999 0.000177718430829 -0.000444135586570 0.002438688029578
53 7 15.344568726799995 8.859188158300002 8.613540254699998 0.007820165339832 0.004262567458796 0.007552660262383
61 7 17.262640601600001 9.966587471600000 11.745738510299995 0.000430756154457 0.000176161520784 0.001886317353394
69 8 16.932029886000002 7.942681828100003 12.258844262099997 -0.002265308204790 0.000743157800001 -0.002676509937418
77 8 15.344574537800005 10.692224600700005 12.258847990200001 -0.000566871758119 -0.002079625417780 -0.001992858652643
85 8 16.932019389799990 9.775705435000003 9.666531706799999 -0.003877767019428 -0.002316552508357 -0.000616285808586
93 8 13.757112196700007 7.942669457500004 12.258833442600000 0.001704171553923 0.001224291381134 -0.001783725186934
101 8 15.344565511000003 7.026158843900003 9.666525792999996 -0.000516399517158 0.003615421812083 -0.001226117172033
109 8 13.757110162900005 9.775701616500001 9.666529521300001 0.002165723659759 -0.002581750234773 -0.001498852190614
142 8 16.932022037700005 7.942686862000003 7.560553499600000 -0.003871507052925 0.001014324518892 -0.003069163125120
149 8 13.757108114200001 7.942663574800001 7.560546762400000 -0.003736687295168 -0.013814662338239 -0.022125807904496
159 8 15.344572253000006 10.692226291400004 7.560555002900000 -0.001274279200013 -0.004230393673848 -0.002534114208035
6 1 19.180701981300004 6.644402959900002 11.745737660500000 0.000262452687132 0.000019902376708 0.001413862889688
22 1 19.180699473400011 8.859196511800004 8.613540438400001 0.001407364825721 0.000354823824030 0.000622762718738
38 7 21.098768848300008 9.966594381700006 11.745734611600000 -0.000090166036957 -0.000613815537227 -0.000043795909117
46 7 23.016851672800001 6.644396246400003 11.745727975299999 -0.000236407239019 -0.000359040637656 0.000297454866326
54 7 23.016852096999990 8.859188158300002 8.613540254699998 -0.000475133582176 -0.000309407351696 -0.000052727503831
78 8 23.016857907999999 10.692224600700005 12.258847990200001 -0.000110030374436 -0.001651780418206 -0.000894031961285
94 8 21.429395566900006 7.942669457500004 12.258833442600000 0.001759370163908 0.001338127226481 -0.002000532967242
102 8 23.016848881199998 7.026158843900003 9.666525792999996 -0.000322942529843 0.002332046819283 0.001771182669700
110 8 21.429393533100001 9.775701616500001 9.666529521300001 0.001484142572334 -0.001036142706891 0.001569393500443
126 8 19.180698912700002 9.240961061100004 11.232627459799998 0.000042908210871 0.001946705877933 0.000998441521499
134 8 19.180709763900005 6.644398071300002 9.396583635799999 -0.000767287909141 0.000064171480934 -0.000413763830083
150 8 21.429391484400004 7.942663574800001 7.560546762400000 0.001339112918409 0.001187083913325 -0.001406169502792
160 8 23.016855623200005 10.692226291400004 7.560555002900000 0.000281395036207 -0.001998451052449 -0.001612457752045
168 8 19.180723212599993 11.073986469400005 7.830487589900000 -0.000660887522453 -0.000835014553156 -0.000032256327879
62 7 24.934923971800000 9.966587471600000 11.745738510299995 -0.000778529494091 -0.000027224840110 -0.000290640939439
70 8 24.604313256200005 7.942681828100003 12.258844262099997 -0.001623908371765 0.000996132904492 -0.001450299217870
86 8 24.604302759999996 9.775705435000003 9.666531706799999 -0.001005652008213 -0.000936383109871 0.001269220912750
7 1 15.344560296200003 13.288795263500004 11.745737660500000 0.000367826008899 0.000286276857418 -0.000074640052872
15 1 17.262640612500000 12.181390680000009 8.613533801700001 0.001248276456178 0.002433676493739 0.000035216653556
23 1 15.344557788300000 15.503588815399999 8.613540438400001 0.002189958118783 0.001114169894768 -0.001259591549099
31 1 13.426487796399995 12.181395589400003 8.613538384300000 0.000339192013170 0.002142455191014 0.001279393617899
39 7 17.262627163200005 16.610986685300006 11.745734611600000 0.000613327039977 0.000097498103281 -0.001904474137124
95 8 17.593253881800010 14.587061761100006 12.258833442600000 0.001700090930694 0.000701066439069 -0.000739193032284
111 8 17.593251848000001 16.420093920100001 9.666529521300001 -0.000045864403551 -0.001330741957769 0.004487261235535
119 8 17.593249127900002 11.990500490400001 11.232628962800000 0.001612685871712 -0.001121491906806 0.001361156381930
127 8 15.344557227600006 15.885353364700006 11.232627459799998 -0.000364246592288 0.001623759933868 0.001655934243757
135 8 15.344568078800005 13.288790374900007 9.396583635799999 -0.000736312301488 -0.001085550185450 -0.000014808715273
143 8 13.095880352600002 14.587079165600008 7.560553499600000 -0.001513402276020 -0.000072955090146 -0.001300542719743
151 8 17.593249799300004 14.587055878400003 7.560546762400000 0.000254497013014 -0.001404011586667 -0.000436923085020
175 8 13.095867367800004 11.990498335500007 11.232641519100001 -0.001599436813574 -0.001201261150097 0.000640087204033
8 1 23.016843666400000 13.288795263500004 11.745737660500000 0.000104973333143 0.000129831000414 -0.001593814055467
24 1 23.016841158500000 15.503588815399999 8.613540438400001 -0.001906725621538 -0.000165314029362 -0.001222778951009
32 1 21.098771166600002 12.181395589400003 8.613538384300000 -0.000127668930727 0.001390597526140 -0.000723012227415
47 7 19.180709987699998 13.288788550000005 11.745727975299999 -0.000522280088843 0.000531416837848 -0.001782076363423
55 7 19.180710411900002 15.503580461900007 8.613540254699998 -0.000662058222730 0.009123269154119 -0.007683103213205
63 7 21.098782286700004 16.610979775200004 11.745738510299995 -0.000922074146120 0.000220439743248 -0.002270919755152
71 8 20.768171571100002 14.587074131700003 12.258844262099997 -0.001583997240019 0.000368904764046 -0.000289983952724
79 8 19.180716222899996 17.336616904300001 12.258847990200001 -0.000051126738490 -0.001844541850295 -0.001009152150935
87 8 20.768161074900000 16.420097738599999 9.666531706799999 0.000439839255720 -0.000194277450263 0.003749572031400
103 8 19.180707196099995 13.670551147500003 9.666525792999996 0.000041852611617 -0.000808126720582 0.003572486443778
128 8 23.016840597800005 15.885353364700006 11.232627459799998 0.000378936631709 0.001873476344952 0.001705405047286
136 8 23.016851449000004 13.288790374900007 9.396583635799999 0.000340376899867 -0.000460185503657 0.000449920140319
144 8 20.768163722800004 14.587079165600008 7.560553499600000 -0.000164192105800 -0.000761805224412 -0.000170946102702
176 8 20.768150737999996 11.990498335500007 11.232641519100001 -0.001504902932071 -0.000958687622415 0.001633242402065
16 1 24.934923982700003 12.181390680000009 8.613533801700001 -0.001306109322196 0.000907362176017 0.000443273564763
40 7 24.934910533400007 16.610986685300006 11.745734611600000 0.000206255423556 -0.000051028036201 0.000080803471593
48 7 26.852993357900004 13.288788550000005 11.745727975299999 -0.000255121507624 0.000563447814356 -0.000040136159838
56 7 26.852993782099993 15.503580461900007 8.613540254699998 -0.000062743506943 0.000186458829745 -0.000117530058733
64 7 28.771065656899999 16.610979775200004 11.745738510299995 0.000012238521103 0.000406293554317 0.000040348186478
72 8 28.440454941300004 14.587074131700003 12.258844262099997 -0.001872679981587 0.000598963341722 -0.001462213953707
80 8 26.852999593099998 17.336616904300001 12.258847990200001 -0.000353343804228 -0.002157943679801 -0.001745972414950
88 8 28.440444445099999 16.420097738599999 9.666531706799999 -0.001969047533475 -0.001026820219446 0.001593128510005
96 8 25.265537252000023 14.587061761100006 12.258833442600000 0.001492571447471 0.000896170544145 -0.000973433414649
104 8 26.852990566300001 13.670551147500003 9.666525792999996 0.000254722096678 0.001402572961422 0.001419289560200
112 8 25.265535218199997 16.420093920100001 9.666529521300001 0.001673211527881 -0.000428766972645 0.001470417261459
120 8 25.265532498100001 11.990500490400001 11.232628962800000 0.001825975499291 -0.000936640806865 0.001432107549674
152 8 25.265533169500006 14.587055878400003 7.560546762400000 0.002063186574083 0.000889784391621 -0.001332916016960
