ITEM: TIMESTEP
0
ITEM: NUMBER OF ATOMS
176
ITEM: BOX BOUNDS xy xz yz pp pp pp
0.0000000000000000e+00 3.0689133480799999e+01 7.6722833701999980e+00
0.0000000000000000e+00 1.7718379476200003e+01 7.6722833702000024e+00
0.0000000000000000e+00 1.2528786279200000e+01 4.4295948690000015e+00
ITEM: ATOMS id type x y z fx fy fz
25 1 5.754204426199998 3.322205851300000 2.349145244699999 -0.001655950541396 -0.001118738813628 -0.001779228210828
137 8 5.423596982400004 5.727889427500000 1.296160360000000 -0.000854645780902 0.000826879929856 -0.000667396094146
161 8 3.836156472199998 2.214796731300001 1.566094450300000 0.000726430913872 0.000555745080141 0.001418567488043
169 8 5.423583997600000 3.131308597400002 4.968248379499999 0.002321684846254 0.001395460646596 0.001903045580410
1 1 7.672276926000002 4.429605525400001 5.481344520900000 -0.005308603677455 -0.003227507960366 0.006746909215253
9 1 9.590357242299998 3.322200941900001 2.349140662099999 0.000562378875126 -0.002015389405201 -0.003720175354592
41 7 11.508426617500000 4.429598811900002 5.481334835700000 0.007955588867990 0.005305065801700 0.014959989965309
89 8 9.925970511600053 5.730758774345922 6.002605268809256 -0.025985953992290 -0.014857978539850 -0.041716910705166
97 8 11.508423825899998 4.811361409400002 3.402132653400000 -0.003563647784511 0.002591240477725 0.003152028078266
113 8 9.920965757699999 3.131310752300001 4.968235823200000 -0.002778977221814 0.013055799739633 0.002720228536640
129 8 7.672284708600001 4.429600636800002 3.132190496199999 0.001499041308738 0.000841878457576 0.005146291796975
145 8 9.920966429100000 5.727866140300000 1.296153622799999 0.001285412616555 0.000716671485522 -0.000266057110757
153 8 7.672288882800000 1.833036553300000 1.296161863300000 0.000374683152718 -0.001194979037914 -0.000709907196682
162 8 11.508439842400000 2.214796731300001 1.566094450300000 -0.001027014408828 0.000670944164197 0.000808164926180
2 1 15.344560296200001 4.429605525400001 5.481344520900000 -0.000965256479092 0.000531265107486 0.000836307799801
10 1 17.262640612500000 3.322200941900001 2.349140662099999 -0.000586068562809 -0.000316409237620 -0.000535113122780
26 1 13.426487796400002 3.322205851300000 2.349145244699999 0.001804927668593 -0.000638948445863 -0.000448495177046
65 8 13.095888200900001 5.727884393600002 5.994451122499998 0.003052587040299 -0.000219943747350 -0.003680394097994
90 8 17.593253881800006 5.727872023000002 5.994440303000000 0.002687601143118 0.000807422878135 -0.001569887015254
114 8 17.593249127900009 3.131310752300001 4.968235823200000 0.002868512040636 -0.000363287183579 0.001270742001348
130 8 15.344568078800005 4.429600636800002 3.132190496199999 -0.000116342110745 -0.000147255376658 -0.000435812542368
138 8 13.095880352600009 5.727889427500000 1.296160360000000 -0.002462853520344 0.000892831003970 -0.000709219026060
146 8 17.593249799300011 5.727866140300000 1.296153622799999 0.001696224085861 0.000974613743943 -0.000441334296368
154 8 15.344572252999999 1.833036553300000 1.296161863300000 -0.000196780928817 -0.001498573066781 -0.000698980391718
170 8 13.095867367800004 3.131308597400002 4.968248379499999 -0.001435764584487 -0.001130366274922 0.001292143032487
42 7 19.180709987699998 4.429598811900002 5.481334835700000 -0.002962109093201 0.000206053469463 0.000525537720053
66 8 20.768171571100002 5.727884393600002 5.994451122499998 0.001078397867188 -0.000259604258717 -0.002452492954519
98 8 19.180707196099995 4.811361409400002 3.402132653400000 0.000610826931397 0.001646872603788 0.001934087358743
3 1 11.508418611100000 11.073997829000001 5.481344520900000 0.000118349527851 -0.001345577718104 0.000836303017518
17 1 7.672274418099999 6.644399077300000 2.349147298800000 -0.001332560287168 0.001539275540508 -0.003816498651126
27 1 9.590346111300001 9.966598154900002 2.349145244699999 0.000489993272792 0.001638588291255 -0.000448482375779
33 7 9.590343793000001 7.751796947200008 5.481341472000000 0.008917548587940 0.004283105028636 0.014732650877838
49 7 11.508427041700001 6.644390723800001 2.349147115100000 0.003684465290530 0.002407873568082 -0.002914202929616
73 8 11.508432852700000 8.477427166200002 5.994454850600000 0.001348765475473 0.002695957392605 -0.003692960197154
105 8 9.920968477800001 7.560904182000002 3.402136381700000 0.000495597910880 -0.004427793971014 0.003173056945295
121 8 7.672273857400003 7.026163626600007 4.968234320200000 0.009905889769790 -0.009031552779121 0.002756556867015
131 8 11.508426393700001 11.073992940400007 3.132190496199999 -0.000165274308703 -0.000062478400742 -0.000435821403459
155 8 11.508430567899998 8.477428856900005 1.296161863300000 -0.000372320360106 -0.002620706013946 -0.000751728577537
163 8 7.672298157300000 8.859189034900005 1.566094450300000 -0.000050524166308 -0.001020396370467 0.000808175160624
171 8 9.259725682700001 9.775700901000002 4.968248379499999 -0.001744461540924 -0.000595613410290 0.001292097910086
11 1 13.426498927399999 9.966593245500007 2.349140662099999 -0.000031919317637 -0.000009440020351 0.000281278058147
18 1 15.344557788300000 6.644399077300000 2.349147298800000 0.000107530317263 0.000021599927280 0.000184900579890
28 1 17.262629481500003 9.966598154900002 2.349145244699999 -0.000019967725449 -0.000174200164457 -0.000095262565861
34 7 17.262627163200005 7.751796947200008 5.481341472000000 -0.000968566233497 -0.000107722678078 0.000102495643313
43 7 15.344568302600003 11.073991115500002 5.481334835700000 -0.000789844022340 -0.001061156477905 0.000330136921320
57 7 13.426498916499998 7.751790037100004 5.481345370700000 -0.002493362486552 -0.001158831381244 0.003017736121522
81 8 13.095877704700001 7.560908000500002 3.402138567200000 -0.002278251882520 -0.001341688104806 -0.000106166782139
99 8 15.344565510999997 11.455753713000002 3.402132653400000 0.000244620833740 0.002281291917075 0.001424879274054
106 8 17.593251848000001 7.560904182000002 3.402136381700000 0.002131297857631 -0.000974669645922 0.001445779445305
115 8 13.757107442799997 9.775703055900001 4.968235823200000 0.002617020044345 0.000371985761366 0.000894421989203
122 8 15.344557227600001 7.026163626600007 4.968234320200000 0.001619851406114 0.001983160875002 0.000930876549309
164 8 15.344581527500001 8.859189034900005 1.566094450300000 -0.000069616156734 0.000096146889206 -0.000004246710388
172 8 16.932009052900014 9.775700901000002 4.968248379499999 -0.001287261635099 -0.000688185991792 0.001252748063087
4 1 19.180701981300000 11.073997829000001 5.481344520900000 0.000072468872260 -0.000120832507746 0.000164449540124
12 1 21.098782297600000 9.966593245500007 2.349140662099999 -0.000637652729863 0.000485839760106 -0.000083113026899
44 7 23.016851672799998 11.073991115500002 5.481334835700000 0.000527114650356 0.000338845564040 0.001340617044234
50 7 19.180710411899998 6.644390723800001 2.349147115100000 -0.001538539018138 0.000254270037546 -0.000838806961844
58 7 21.098782286699997 7.751790037100004 5.481345370700000 -0.004808867808131 0.003192949286684 0.002538817857067
74 8 19.180716222899989 8.477427166200002 5.994454850600000 0.001348549430076 -0.002547113338754 -0.001980930618817
82 8 20.768161074900000 7.560908000500002 3.402138567200000 -0.000220293702006 -0.001198627273223 0.002252124924438
100 8 23.016848881199998 11.455753713000002 3.402132653400000 -0.000124215028336 0.001538681125857 0.001479638714614
116 8 21.429390813000008 9.775703055900001 4.968235823200000 0.001686502153527 -0.001947113189454 0.001208257936061
132 8 19.180709763900005 11.073992940400007 3.132190496199999 0.000294271752052 0.000146327263722 -0.000038268300414
156 8 19.180713938099998 8.477428856900005 1.296161863300000 0.000369429649175 -0.001820586974986 -0.001238533920798
19 1 11.508416103199997 13.288791380900006 2.349147298800000 -0.000435381324711 -0.000304812229891 -0.000631479250131
123 8 11.508415542500002 13.670555930200003 4.968234320200000 0.001108833177990 0.002568621228959 0.001307196325947
139 8 9.259738667499999 12.372281731100001 1.296160360000000 -0.001403295646961 0.000483783525980 -0.000656473695135
35 7 13.426485478100000 14.396189250800001 5.481341472000000 -0.000957255473585 -0.002622553373651 0.000297884629275
51 7 15.344568726800000 13.288783027399999 2.349147115100000 -0.000792156613795 -0.001038524387974 -0.000838806410910
59 7 17.262640601600001 14.396182340700005 5.481345370700000 0.000117646892426 -0.005340159870272 0.002538832822465
67 8 16.932029885999999 12.372276697200000 5.994451122499998 -0.001488052172084 0.002401489433015 -0.001968369462192
75 8 15.344574537799998 15.121819469800011 5.994454850600000 0.000327286894561 0.001005928158893 -0.002465048083910
83 8 16.932019389799994 14.205300304100005 3.402138567200000 -0.001125364699514 0.000369065117655 0.002252155273499
91 8 13.757112196700003 12.372264326600002 5.994440303000000 0.001917180550248 0.002141815363291 -0.001569880278772
107 8 13.757110162900000 14.205296485600002 3.402136381700000 0.001764990585062 -0.000340316652557 0.001954981137952
140 8 16.932022037700008 12.372281731100001 1.296160360000000 -0.001399060002981 0.001135141688963 -0.001196029237534
147 8 13.757108114200003 12.372258443900009 1.296153622799999 0.001714155836696 0.000943519700808 -0.000441421506480
20 1 19.180699473400008 13.288791380900006 2.349147298800000 0.000233606884134 -0.000750626197442 -0.000179498142344
36 7 21.098768848300001 14.396189250800001 5.481341472000000 0.000902376546732 0.000332782978163 0.001112989817715
52 7 23.016852096999997 13.288783027399999 2.349147115100000 0.000007461004610 0.000285009315266 -0.000686177271577
76 8 23.016857907999988 15.121819469800011 5.994454850600000 -0.000251006539698 -0.002164240660134 -0.001604332169832
92 8 21.429395566900006 12.372264326600002 5.994440303000000 0.001419074072077 0.000964646970873 -0.001681529690740
108 8 21.429393533100004 14.205296485600002 3.402136381700000 0.001303753833541 -0.000922772112141 0.001500541593016
124 8 19.180698912699995 13.670555930200003 4.968234320200000 -0.000853836906769 0.002336912639888 0.001244707868974
148 8 21.429391484400018 12.372258443900009 1.296153622799999 0.000701144573061 0.000379344907419 -0.000409267661328
60 7 24.934923971800007 14.396182340700005 5.481345370700000 -0.000829391220495 -0.000198156352294 0.000432099070637
68 8 24.604313256200001 12.372276697200000 5.994451122499998 -0.001956256601537 0.000824785833537 -0.001591760064809
84 8 24.604302760000003 14.205300304100005 3.402138567200000 -0.001443244650396 -0.000859589676805 0.001632855865921
29 1 9.590346111300004 5.537003285800003 8.613538384300000 0.006774592645315 0.003748625933517 -0.001789369041904
157 8 11.508430567900000 4.047833987800002 7.560555002900000 0.006925861490867 -0.014373537718973 0.001832335822406
165 8 7.672298157300002 4.429594165800001 7.830487589900000 -0.003710909615318 -0.002006182923965 -0.007134719927113
173 8 9.259725682700003 5.346106031900003 11.232641519100001 -0.002433136001973 -0.001349790577621 0.005596053178876
13 1 13.426498927400001 5.536998376400002 8.613533801700001 -0.004265320968670 0.000029024030377 -0.001514822816677
30 1 17.262629481500003 5.537003285800003 8.613538384300000 -0.000626742388944 -0.000120142827102 -0.000016303058921
117 8 13.757107442800002 5.346108186800002 11.232628962800000 0.002597664405360 -0.000670335031731 0.002062403979068
166 8 15.344581527500001 4.429594165800001 7.830487589900000 0.001158832610861 -0.000350840860301 -0.000139474343426
174 8 16.932009052900007 5.346106031900003 11.232641519100001 -0.001415935323371 -0.000773081664275 0.001612361655915
14 1 21.098782297600003 5.536998376400002 8.613533801700001 0.000908906523171 0.000564808766109 0.001511086103052
118 8 21.429390813000005 5.346108186800002 11.232628962800000 0.001270685706288 -0.000878424676832 0.001106683904793
158 8 19.180713938100002 4.047833987800002 7.560555002900000 0.000460944290074 -0.001622147677472 -0.002351595440079
5 1 11.508418611100007 6.644402959900002 11.745737660500000 -0.000806670967574 -0.000628401237315 -0.002771682207951
21 1 11.508416103199998 8.859196511800004 8.613540438400001 -0.001975831903623 -0.003663869300605 -0.001611187098797
125 8 11.508415542500003 9.240961061100004 11.232627459799998 0.000707513535200 0.002487582066804 0.002098857062063
133 8 11.508426393700002 6.644398071300002 9.396583635799999 0.003442482300157 0.001963936097360 0.003838087350082
141 8 9.259738667500002 7.942686862000003 7.560553499600000 -0.008991766022956 0.013089283669399 0.001874597077961
167 8 11.508439842400001 11.073986469400005 7.830487589900000 0.000157525372512 0.001383538759624 -0.000139462664529
37 7 13.426485478099996 9.966594381700006 11.745734611600000 -0.000565290245860 -0.000601060814867 -0.001577235368920
45 7 15.344568302600001 6.644396246400003 11.745727975299999 -0.001015449569016 -0.000465252853288 -0.001349578959099
53 7 15.344568726799995 8.859188158300002 8.613540254699998 -0.001317965409754 -0.000480248828491 -0.000510619986218
61 7 17.262640601600001 9.966587471600000 11.745738510299995 -0.000143901252895 0.000197589378274 -0.001534337411971
69 8 16.932029886000002 7.942681828100003 12.258844262099997 -0.001480099068125 0.000863621826024 -0.000689643840935
77 8 15.344574537800005 10.692224600700005 12.258847990200001 0.000020721088291 -0.001771309109847 -0.000702220601542
85 8 16.932019389799990 9.775705435000003 9.666531706799999 -0.001194165019485 -0.000715785030407 0.002120511523952
93 8 13.757112196700007 7.942669457500004 12.258833442600000 0.002095267545566 0.001355040383484 -0.000590794048503
101 8 15.344565511000003 7.026158843900003 9.666525792999996 0.000646144595572 0.002067996953450 0.002165238296482
109 8 13.757110162900005 9.775701616500001 9.666529521300001 0.002147353594247 -0.000520285509843 0.002186137843213
142 8 16.932022037700005 7.942686862000003 7.560553499600000 -0.001120667773208 0.000750378359818 -0.001733795671766
149 8 13.757108114200001 7.942663574800001 7.560546762400000 0.003129722642936 0.001781485892988 -0.001296332684528
159 8 15.344572253000006 10.692226291400004 7.560555002900000 0.000175411706280 -0.001387126546673 -0.001776296110136
6 1 19.180701981300004 6.644402959900002 11.745737660500000 0.000512673544175 -0.000293874577456 -0.000791252936480
22 1 19.180699473400011 8.859196511800004 8.613540438400001 0.000174129685703 -0.000041711081948 0.000062406612423
38 7 21.098768848300008 9.966594381700006 11.745734611600000 0.000993784468870 -0.000317851796523 -0.001113809834700
46 7 23.016851672800001 6.644396246400003 11.745727975299999 0.001705358490267 -0.000582331599211 -0.002047015182089
54 7 23.016852096999990 8.859188158300002 8.613540254699998 0.005115257606919 -0.002420003990118 -0.001561310069861
78 8 23.016857907999999 10.692224600700005 12.258847990200001 -0.000712793079992 -0.001738124501395 -0.001096579892854
94 8 21.429395566900006 7.942669457500004 12.258833442600000 0.000899720992328 0.001596197550414 -0.000787330976674
102 8 23.016848881199998 7.026158843900003 9.666525792999996 -0.002282231791318 0.002667933031808 0.002588198329699
110 8 21.429393533100001 9.775701616500001 9.666529521300001 0.000235448147415 -0.000175558703614 0.002348717634389
126 8 19.180698912700002 9.240961061100004 11.232627459799998 -0.000123335155317 0.002000965081315 0.001630124837663
134 8 19.180709763900005 6.644398071300002 9.396583635799999 0.000053992870683 -0.000032323795385 0.000036428341444
150 8 21.429391484400004 7.942663574800001 7.560546762400000 0.000747715756732 0.000243811402045 -0.003214807563384
160 8 23.016855623200005 10.692226291400004 7.560555002900000 -0.000456557858651 -0.000846628150650 -0.002311886239011
168 8 19.180723212599993 11.073986469400005 7.830487589900000 -0.000181031801588 0.000031814104198 -0.000222954673887
62 7 24.934923971800000 9.966587471600000 11.745738510299995 -0.000151747736023 -0.000687327046806 -0.001076142124248
70 8 24.604313256200005 7.942681828100003 12.258844262099997 -0.001845340712315 0.001096788558060 -0.000949028076629
86 8 24.604302759999996 9.775705435000003 9.666531706799999 -0.001861212115590 -0.000005317620908 0.002624438988697
7 1 15.344560296200003 13.288795263500004 11.745737660500000 0.000142711753828 0.000346917685672 -0.000791261897891
15 1 17.262640612500000 12.181390680000009 8.613533801700001 -0.000053443012276 0.000079911776205 0.000158774122439
23 1 15.344557788300000 15.503588815399999 8.613540438400001 0.001075229836005 0.000549257591610 0.001414702986541
31 1 13.426487796399995 12.181395589400003 8.613538384300000 -0.000276538640795 -0.000726708784444 -0.000016303670352
39 7 17.262627163200005 16.610986685300006 11.745734611600000 0.000693745861277 0.001813764763188 -0.002274667420378
95 8 17.593253881800010 14.587061761100006 12.258833442600000 0.001706349225106 0.000199104769893 -0.000787347029844
111 8 17.593251848000001 16.420093920100001 9.666529521300001 0.001202689016709 -0.003356179856497 0.002609060915358
119 8 17.593249127900002 11.990500490400001 11.232628962800000 0.001760830343874 -0.001146546519978 0.001593680025237
127 8 15.344557227600006 15.885353364700006 11.232627459799998 -0.000136205006156 0.001442427793427 0.001143125358694
135 8 15.344568078800005 13.288790374900007 9.396583635799999 0.000019423609731 0.000027567548171 0.000036420534151
143 8 13.095880352600002 14.587079165600008 7.560553499600000 -0.001181441326776 0.001115175130992 -0.002309096917023
151 8 17.593249799300004 14.587055878400003 7.560546762400000 0.000607058167587 0.000487468009508 -0.003214810178955
175 8 13.095867367800004 11.990498335500007 11.232641519100001 -0.001425120807572 -0.000757177716319 0.001612362619708
8 1 23.016843666400000 13.288795263500004 11.745737660500000 0.000095433829732 -0.000107570521825 -0.000346504440704
24 1 23.016841158500000 15.503588815399999 8.613540438400001 -0.000747261943607 0.000430079704868 -0.000043769702537
32 1 21.098771166600002 12.181395589400003 8.613538384300000 0.000437347886719 0.000089844701512 0.000005552756887
47 7 19.180709987699998 13.288788550000005 11.745727975299999 0.000009359879566 0.000743356362425 -0.000886177366978
55 7 19.180710411900002 15.503580461900007 8.613540254699998 0.000218770903611 0.006061035890719 -0.001561350308360
63 7 21.098782286700004 16.610979775200004 11.745738510299995 -0.000914195305787 0.000633287097633 -0.001076163539445
71 8 20.768171571100002 14.587074131700003 12.258844262099997 -0.001818122483742 0.000211788373411 -0.001084007190805
79 8 19.180716222899996 17.336616904300001 12.258847990200001 0.000040024612653 -0.002204193144477 -0.000961610529741
87 8 20.768161074900000 16.420097738599999 9.666531706799999 -0.000912391207473 -0.001648699762239 0.002624453442793
103 8 19.180707196099995 13.670551147500003 9.666525792999996 -0.000011269745503 0.000239876348711 0.002327811457259
128 8 23.016840597800005 15.885353364700006 11.232627459799998 0.000779034882215 0.001714501705822 0.001511564743887
136 8 23.016851449000004 13.288790374900007 9.396583635799999 0.000027132642003 -0.000007910825253 0.000137116533272
144 8 20.768163722800004 14.587079165600008 7.560553499600000 -0.000968572460696 -0.000067170562033 -0.002269403418135
176 8 20.768150737999996 11.990498335500007 11.232641519100001 -0.001738470505570 -0.000948695416015 0.001602504515211
16 1 24.934923982700003 12.181390680000009 8.613533801700001 -0.000105572506415 -0.000953936992046 0.000052608590385
40 7 24.934910533400007 16.610986685300006 11.745734611600000 0.000122235834370 -0.000214047900796 -0.000476386438244
48 7 26.852993357900004 13.288788550000005 11.745727975299999 -0.000336531175625 -0.000063341637691 -0.000248732181848
56 7 26.852993782099993 15.503580461900007 8.613540254699998 -0.000628702806787 -0.000082292068450 0.000538517036980
64 7 28.771065656899999 16.610979775200004 11.745738510299995 0.000513109192314 0.000576948542407 -0.000009114420990
72 8 28.440454941300004 14.587074131700003 12.258844262099997 -0.001841428158638 0.000491000521629 -0.001126570649258
80 8 26.852999593099998 17.336616904300001 12.258847990200001 -0.000482639862044 -0.001897917174988 -0.001139130212029
88 8 28.440444445099999 16.420097738599999 9.666531706799999 -0.001736415435655 -0.001028853634093 0.000934153067082
96 8 25.265537252000023 14.587061761100006 12.258833442600000 0.001728399643571 0.001143230215919 -0.001234590077838
104 8 26.852990566300001 13.670551147500003 9.666525792999996 0.000129833975274 0.001992810938892 0.001556474161209
112 8 25.265535218199997 16.420093920100001 9.666529521300001 0.001824083755186 -0.000929824125891 0.001577373861284
120 8 25.265532498100001 11.990500490400001 11.232628962800000 0.001963929354317 -0.000221835302708 0.001475112484176
152 8 25.265533169500006 14.587055878400003 7.560546762400000 0.001584672288691 0.000889530274285 -0.001187239411707
