ITEM: TIMESTEP
0
ITEM: NUMBER OF ATOMS
176
ITEM: BOX BOUNDS xy xz yz pp pp pp
0.0000000000000000e+00 3.0689133480799999e+01 7.6722833701999980e+00
0.0000000000000000e+00 1.7718379476200003e+01 7.6722833702000024e+00
0.0000000000000000e+00 1.2528786279200000e+01 4.4295948690000015e+00
ITEM: ATOMS id type x y z fx fy fz
25 1 5.754204426199998 3.322205851300000 2.349145244699999 -0.001329561666906 -0.000450125462240 -0.000175521979608
137 8 5.423596982400004 5.727889427500000 1.296160360000000 0.000664314041502 0.000509058169836 -0.001663588452783
161 8 3.836156472199998 2.214796731300001 1.566094450300000 0.000571282170571 -0.000528960007229 -0.000217563285892
169 8 5.423583997600000 3.131308597400002 4.968248379499999 -0.000520570905790 -0.000650013328080 0.000907509371662
1 1 7.672276926000002 4.429605525400001 5.481344520900000 -0.001142495466840 -0.000951548353715 0.001006868926900
9 1 9.590357242299998 3.322200941900001 2.349140662099999 -0.001800096807470 -0.004255457990899 0.000260775937179
41 7 11.508426617500000 4.429598811900002 5.481334835700000 0.002361685249442 -0.002539342294702 0.006618060327035
89 8 9.920970511600007 5.727872023000002 5.994440303000000 0.001550379000854 0.002025526810079 -0.002669760887662
97 8 11.508423825899998 4.811361409400002 3.402132653400000 -0.000331620136472 0.011684974478944 -0.002668217010804
113 8 9.920965757699999 3.131310752300001 4.968235823200000 0.002236636586940 0.000531718927143 0.000499195645085
129 8 7.672284708600001 4.429600636800002 3.132190496199999 0.001170034576981 0.000936181465154 -0.000533005417926
145 8 9.920966429100000 5.727866140300000 1.296153622799999 0.017899075426305 0.010315582379307 0.010643867854824
153 8 7.672288882800000 1.833036553300000 1.296161863300000 0.000480011953533 -0.000673383648874 -0.001414842580433
162 8 11.508439842400000 2.214796731300001 1.566094450300000 -0.000929887360200 0.001311466599559 0.000278861738150
2 1 15.344560296200001 4.429605525400001 5.481344520900000 0.001036029281042 0.004500964381355 -0.002411268176307
10 1 17.262640612500000 3.322200941900001 2.349140662099999 -0.001267061360242 0.002304234911010 0.000425625440978
26 1 13.426487796400002 3.322205851300000 2.349145244699999 0.004599160421050 -0.000293043174477 0.000254161586301
65 8 13.095888200900001 5.727884393600002 5.994451122499998 -0.005533008274312 -0.002396243369911 -0.000616694900818
90 8 17.593253881800006 5.727872023000002 5.994440303000000 0.003760486414556 -0.000647816712478 -0.000351685486484
114 8 17.593249127900009 3.131310752300001 4.968235823200000 0.002070499079368 -0.001630478861143 0.001706903193125
130 8 15.344568078800005 4.429600636800002 3.132190496199999 -0.000409528415077 -0.006785681082953 0.000988254555207
138 8 13.095880352600009 5.727889427500000 1.296160360000000 -0.013655238515016 0.002965949682968 0.000701748527472
146 8 17.593249799300011 5.727866140300000 1.296153622799999 0.006422413641896 -0.000713046273834 -0.003917341141958
154 8 15.344572252999999 1.833036553300000 1.296161863300000 -0.000545957238863 -0.002363879131445 -0.001555917374583
170 8 13.095867367800004 3.131308597400002 4.968248379499999 -0.003478688510358 -0.000573189034410 0.001010452152504
42 7 19.180709987699998 4.429598811900002 5.481334835700000 -0.002005297982064 0.000938936559529 -0.000319191127035
66 8 20.768171571100002 5.727884393600002 5.994451122499998 -0.000673765436113 0.000888805248497 -0.001512663164989
98 8 19.180707196099995 4.811361409400002 3.402132653400000 0.000900075610002 0.001306800436991 0.001776829021974
3 1 11.508418611100000 11.073997829000001 5.481344520900000 0.002550619076349 0.001098530974611 0.000422720723084
17 1 7.672274418099999 6.644399077300000 2.349147298800000 -0.005653723138876 -0.000473517508599 -0.000170980666391
27 1 9.590346111300001 9.966598154900002 2.349145244699999 -0.001889604346874 0.005357033051487 -0.000330295550579
33 7 9.590343793000001 7.751796947200008 5.481341472000000 -0.003625417445287 0.001007460220304 0.009000714372190
49 7 11.508427041700001 6.644390723800001 2.349147115100000 0.029458112871048 0.006971598733649 0.009744156257147
73 8 11.508432852700000 8.477427166200002 5.994454850600000 -0.003611666556374 -0.002951378407978 -0.005106434309202
105 8 9.920968477800001 7.560904182000002 3.402136381700000 0.013997391332039 -0.003846824602895 -0.002465770696864
121 8 7.672273857400003 7.026163626600007 4.968234320200000 0.002859557772495 0.001943766925018 0.000301688866766
131 8 11.508426393700001 11.073992940400007 3.132190496199999 -0.002472288947968 -0.001045377727099 0.000228462074673
155 8 11.508430567899998 8.477428856900005 1.296161863300000 0.002981170375687 -0.012340338073587 0.013381764106020
163 8 7.672298157300000 8.859189034900005 1.566094450300000 0.001816669505832 -0.000981869901660 0.000602926677182
171 8 9.259725682700001 9.775700901000002 4.968248379499999 -0.001062423943788 -0.002842710652018 0.000341125256529
11 1 13.426498927399999 9.966593245500007 2.349140662099999 0.012855005840747 -0.003733038531984 0.003159314343489
18 1 15.344557788300000 6.644399077300000 2.349147298800000 -0.001018971500623 0.007508747070605 0.007708099527648
28 1 17.262629481500003 9.966598154900002 2.349145244699999 -0.003209766128692 -0.003123739741468 0.000160900327917
34 7 17.262627163200005 7.751796947200008 5.481341472000000 -0.008498682934969 -0.003157696352397 -0.004011123818341
43 7 15.344568302600003 11.073991115500002 5.481334835700000 -0.001904261385861 -0.003733126965581 -0.001771397990483
57 7 13.426498916499998 7.751790037100004 5.481345370700000 0.017442211972491 0.000166049724320 -0.004446651404487
81 8 13.105877704699999 7.560908000500002 3.402138567200000 -0.084997415310501 -0.019137518784040 -0.050698742272575
99 8 15.344565510999997 11.455753713000002 3.402132653400000 0.000072394929686 0.003088008330859 0.001107784263992
106 8 17.593251848000001 7.560904182000002 3.402136381700000 0.005331707493438 -0.000179775553448 0.001658471079689
115 8 13.757107442799997 9.775703055900001 4.968235823200000 -0.000274387434177 0.007113160873057 0.005712646877303
122 8 15.344557227600001 7.026163626600007 4.968234320200000 0.016035884341011 -0.001358226397009 0.016468063787113
164 8 15.344581527500001 8.859189034900005 1.566094450300000 0.002985774107755 0.006643731293358 -0.006246030844286
172 8 16.932009052900014 9.775700901000002 4.968248379499999 -0.001018630259289 0.000748584290516 0.001681096168271
4 1 19.180701981300000 11.073997829000001 5.481344520900000 -0.000951498555882 -0.000804453383551 -0.000443751551089
12 1 21.098782297600000 9.966593245500007 2.349140662099999 -0.002084766198471 0.000424778952372 0.000184832269577
44 7 23.016851672799998 11.073991115500002 5.481334835700000 -0.001431157415873 0.001081290592596 0.000995808354520
50 7 19.180710411899998 6.644390723800001 2.349147115100000 -0.005133044503696 0.000576342181545 0.000476617818681
58 7 21.098782286699997 7.751790037100004 5.481345370700000 -0.003247387815598 0.000677839387316 0.000639705490984
74 8 19.180716222899989 8.477427166200002 5.994454850600000 0.002568869101261 -0.001191283977196 -0.000733078695208
82 8 20.768161074900000 7.560908000500002 3.402138567200000 0.000430134292858 -0.000931027602995 0.001643700404383
100 8 23.016848881199998 11.455753713000002 3.402132653400000 0.000514450837803 0.001084460652643 0.001476448838488
116 8 21.429390813000008 9.775703055900001 4.968235823200000 0.002530603185334 -0.000814840621805 0.001357886191154
132 8 19.180709763900005 11.073992940400007 3.132190496199999 0.001083755223624 0.000592182086590 0.000283701585026
156 8 19.180713938099998 8.477428856900005 1.296161863300000 0.000845182264697 -0.001603884216697 -0.002046105060858
19 1 11.508416103199997 13.288791380900006 2.349147298800000 0.000608666772144 0.000465539486758 -0.000077393988849
123 8 11.508415542500002 13.670555930200003 4.968234320200000 0.000064251682003 0.001544643419967 0.001418294713941
139 8 9.259738667499999 12.372281731100001 1.296160360000000 -0.001558548483794 -0.000172245390920 -0.001307757520303
35 7 13.426485478100000 14.396189250800001 5.481341472000000 0.000194548614091 -0.000716115129966 -0.000143895125746
51 7 15.344568726800000 13.288783027399999 2.349147115100000 -0.000537124414013 -0.002022039049079 0.000480775316491
59 7 17.262640601600001 14.396182340700005 5.481345370700000 -0.000555653651324 -0.001659535256387 0.000538013898360
67 8 16.932029885999999 12.372276697200000 5.994451122499998 -0.001099049504641 0.001768583489393 -0.001132954519027
75 8 15.344574537799998 15.121819469800011 5.994454850600000 0.000027779050276 -0.001479018999970 -0.001587362629708
83 8 16.932019389799994 14.205300304100005 3.402138567200000 -0.001320512292262 0.000051664726172 0.001426153911833
91 8 13.757112196700003 12.372264326600002 5.994440303000000 0.001011318495425 0.002301940460371 -0.000870048865341
107 8 13.757110162900000 14.205296485600002 3.402136381700000 0.001571068911514 -0.000543724236510 0.001572897231582
140 8 16.932022037700008 12.372281731100001 1.296160360000000 -0.001640308176289 0.001480751459432 -0.001738325980523
147 8 13.757108114200003 12.372258443900009 1.296153622799999 0.001764407623573 0.001847837981029 -0.001968211062400
20 1 19.180699473400008 13.288791380900006 2.349147298800000 -0.000134637240420 -0.001250796491326 0.000027775778218
36 7 21.098768848300001 14.396189250800001 5.481341472000000 0.000594821918602 -0.000327889272303 0.000255120991543
52 7 23.016852096999997 13.288783027399999 2.349147115100000 -0.000368862760806 0.001132239549404 0.000120550205993
76 8 23.016857907999988 15.121819469800011 5.994454850600000 -0.000437398268825 -0.002621054930991 -0.001404072869968
92 8 21.429395566900006 12.372264326600002 5.994440303000000 0.002070950337616 0.000866403640021 -0.001443796035941
108 8 21.429393533100004 14.205296485600002 3.402136381700000 0.001516273675602 -0.000946594091007 0.001581029979264
124 8 19.180698912699995 13.670555930200003 4.968234320200000 0.000201383812793 0.002210086351132 0.001373299650365
148 8 21.429391484400018 12.372258443900009 1.296153622799999 0.001979154277159 0.000899757770299 -0.001261728872364
60 7 24.934923971800007 14.396182340700005 5.481345370700000 -0.000208433638528 0.001228329403435 -0.000142599762585
68 8 24.604313256200001 12.372276697200000 5.994451122499998 -0.001909512276600 0.000228708048254 -0.001507008022420
84 8 24.604302760000003 14.205300304100005 3.402138567200000 -0.001669411690596 -0.001540872377586 0.001514781107195
29 1 9.590346111300004 5.537003285800003 8.613538384300000 0.000312850527859 -0.000119251659204 0.000692299786654
157 8 11.508430567900000 4.047833987800002 7.560555002900000 -0.000569025762218 -0.001799169289152 -0.002444336089741
165 8 7.672298157300002 4.429594165800001 7.830487589900000 0.000320416943541 0.000307893431706 -0.000507130766692
173 8 9.259725682700003 5.346106031900003 11.232641519100001 -0.000729351798844 -0.000799892912473 0.000468453111354
13 1 13.426498927400001 5.536998376400002 8.613533801700001 0.000811459351884 0.000679028763773 -0.000507230732733
30 1 17.262629481500003 5.537003285800003 8.613538384300000 -0.000332362085422 0.000408553810486 -0.001428548685452
117 8 13.757107442800002 5.346108186800002 11.232628962800000 0.001516968310345 -0.000754965071630 0.001525845066841
166 8 15.344581527500001 4.429594165800001 7.830487589900000 -0.000360091372745 -0.000384893970364 0.000919273776105
174 8 16.932009052900007 5.346106031900003 11.232641519100001 -0.001186758389463 -0.000165816650974 0.001226313965409
14 1 21.098782297600003 5.536998376400002 8.613533801700001 -0.000555997387850 0.000040020990701 0.000003394467674
118 8 21.429390813000005 5.346108186800002 11.232628962800000 0.001411594201852 -0.000808547988769 0.001416737162996
158 8 19.180713938100002 4.047833987800002 7.560555002900000 0.000270239433075 -0.002085486059032 -0.001082602103560
5 1 11.508418611100007 6.644402959900002 11.745737660500000 0.000202235223892 0.000426855835499 0.000106741629185
21 1 11.508416103199998 8.859196511800004 8.613540438400001 0.001115944951983 0.000005612388636 0.001009700845506
125 8 11.508415542500003 9.240961061100004 11.232627459799998 0.000875793258367 0.001311876911739 0.000899389079517
133 8 11.508426393700002 6.644398071300002 9.396583635799999 -0.000709133837211 -0.000145387289336 0.000303315067331
141 8 9.259738667500002 7.942686862000003 7.560553499600000 -0.001113377565862 0.000357804266916 -0.003546535403676
167 8 11.508439842400001 11.073986469400005 7.830487589900000 -0.000342200071471 -0.000206786250149 -0.000357772094309
37 7 13.426485478099996 9.966594381700006 11.745734611600000 -0.001742204289612 -0.000238031560279 -0.000808325461058
45 7 15.344568302600001 6.644396246400003 11.745727975299999 -0.000875654138828 -0.001181716434710 -0.001006478371072
53 7 15.344568726799995 8.859188158300002 8.613540254699998 -0.001105524588914 -0.001147091680667 -0.002992384620730
61 7 17.262640601600001 9.966587471600000 11.745738510299995 -0.001810495018390 -0.001547936370838 -0.008772652243833
69 8 16.932029886000002 7.942681828100003 12.258844262099997 -0.001060170688108 0.002856700890723 -0.000153394623248
77 8 15.344574537800005 10.692224600700005 12.258847990200001 0.001989445440301 -0.002160834836178 -0.000072544393426
85 8 16.932019389799990 9.775705435000003 9.666531706799999 -0.000554311148069 -0.000137322400584 0.004195098855670
93 8 13.757112196700007 7.942669457500004 12.258833442600000 0.002033996111657 0.001214554634480 -0.001182752906554
101 8 15.344565511000003 7.026158843900003 9.666525792999996 0.000271177214016 0.001525684321236 0.002532455596724
109 8 13.757110162900005 9.775701616500001 9.666529521300001 0.001358958330883 -0.000425439454342 0.002379691414746
142 8 16.932022037700005 7.942686862000003 7.560553499600000 -0.001039565309082 0.001362421109342 0.000727680059287
149 8 13.757108114200001 7.942663574800001 7.560546762400000 0.003136306106697 0.001782109736478 0.005003626553872
159 8 15.344572253000006 10.692226291400004 7.560555002900000 0.000331821469553 -0.001292464573119 -0.000432482751211
6 1 19.180701981300004 6.644402959900002 11.745737660500000 0.000537626574259 -0.000990681583888 -0.000969886291996
22 1 19.180699473400011 8.859196511800004 8.613540438400001 -0.000485305502325 -0.000563317280586 -0.001248543629102
38 7 21.098768848300008 9.966594381700006 11.745734611600000 0.003918852592844 0.000105090652663 -0.001028666769242
46 7 23.016851672800001 6.644396246400003 11.745727975299999 0.000658888548828 0.000299094606768 0.000537765460258
54 7 23.016852096999990 8.859188158300002 8.613540254699998 -0.000727304006699 0.000678030279608 0.000861734468413
78 8 23.016857907999999 10.692224600700005 12.258847990200001 -0.001900478373934 -0.002880278288457 -0.004579252422139
94 8 21.429395566900006 7.942669457500004 12.258833442600000 0.000864351863499 0.001395243948056 -0.001249047209522
102 8 23.016848881199998 7.026158843900003 9.666525792999996 0.000234971517148 0.001829510787016 0.001109326802541
110 8 21.429393533100001 9.775701616500001 9.666529521300001 0.001319088684036 -0.000861596386206 0.001808642855116
126 8 19.180698912700002 9.240961061100004 11.232627459799998 -0.000902580565575 0.002400426572861 0.002423412107982
134 8 19.180709763900005 6.644398071300002 9.396583635799999 0.000181195262488 0.000122764217673 0.000653519991151
150 8 21.429391484400004 7.942663574800001 7.560546762400000 0.002259487886938 0.000942451072967 -0.001436331595057
160 8 23.016855623200005 10.692226291400004 7.560555002900000 0.000028487682604 -0.001998645746166 -0.001992251266818
168 8 19.180723212599993 11.073986469400005 7.830487589900000 -0.000010766484852 0.000251100028383 0.000514434386223
62 7 24.934923971800000 9.966587471600000 11.745738510299995 -0.001082537345530 0.001194056436197 0.002949908577300
70 8 24.604313256200005 7.942681828100003 12.258844262099997 -0.001836161490041 0.000068829146329 -0.001971118069723
86 8 24.604302759999996 9.775705435000003 9.666531706799999 -0.001735733974449 -0.001340033001842 0.000445003436577
7 1 15.344560296200003 13.288795263500004 11.745737660500000 -0.001125823134274 0.000604771156093 -0.001489308509181
15 1 17.262640612500000 12.181390680000009 8.613533801700001 -0.000590758488209 -0.000313744109689 -0.001268204137021
23 1 15.344557788300000 15.503588815399999 8.613540438400001 -0.000113263294871 -0.000203638277840 -0.000176496753248
31 1 13.426487796399995 12.181395589400003 8.613538384300000 0.000446051516756 -0.000388038625769 -0.000641824476011
39 7 17.262627163200005 16.610986685300006 11.745734611600000 0.000215740987622 0.001489021808336 -0.000547483241421
95 8 17.593253881800010 14.587061761100006 12.258833442600000 0.002266686236871 -0.000672070705135 -0.000228917594180
111 8 17.593251848000001 16.420093920100001 9.666529521300001 0.001686394411599 -0.000925223882730 0.001678009609017
119 8 17.593249127900002 11.990500490400001 11.232628962800000 0.002321788103575 -0.001109081349102 0.002936546003181
127 8 15.344557227600006 15.885353364700006 11.232627459799998 0.000447524556747 0.001331789026445 0.001641296615478
135 8 15.344568078800005 13.288790374900007 9.396583635799999 0.000192125572440 -0.000078567748209 0.000713878976038
143 8 13.095880352600002 14.587079165600008 7.560553499600000 -0.001545664459133 0.000801601750849 -0.001391838590877
151 8 17.593249799300004 14.587055878400003 7.560546762400000 0.001837498509757 0.001177368113437 -0.001264430013909
175 8 13.095867367800004 11.990498335500007 11.232641519100001 -0.000526815597918 -0.000775821860060 0.001055315762316
8 1 23.016843666400000 13.288795263500004 11.745737660500000 0.001064696900763 -0.000653077670236 0.003837096996970
24 1 23.016841158500000 15.503588815399999 8.613540438400001 0.000237158596590 0.000314079625664 -0.000057151793248
32 1 21.098771166600002 12.181395589400003 8.613538384300000 0.000455460310790 0.000009730224783 -0.000260151195503
47 7 19.180709987699998 13.288788550000005 11.745727975299999 0.002160338550032 0.002525752401605 -0.006828729646160
55 7 19.180710411900002 15.503580461900007 8.613540254699998 0.000118169661138 0.000180827055887 -0.000196425041903
63 7 21.098782286700004 16.610979775200004 11.745738510299995 0.000469364804789 0.000273812536683 0.000420028158000
71 8 20.768171571100002 14.587074131700003 12.258844262099997 -0.003733749074738 -0.000580039253179 -0.001644115618681
79 8 19.180716222899996 17.336616904300001 12.258847990200001 -0.000509296457267 -0.002076065047515 -0.001579413816171
87 8 20.768161074900000 16.420097738599999 9.666531706799999 -0.001987190845036 -0.001173468668420 0.001483641262049
103 8 19.180707196099995 13.670551147500003 9.666525792999996 -0.000131056403736 0.001276016048057 0.003521857042902
128 8 23.016840597800005 15.885353364700006 11.232627459799998 -0.000200038563453 0.002070872176723 0.001383065456609
136 8 23.016851449000004 13.288790374900007 9.396583635799999 -0.000234575589272 -0.000170576666001 -0.000592452649319
144 8 20.768163722800004 14.587079165600008 7.560553499600000 -0.001795141262246 0.000794195503706 -0.001524875954325
176 8 20.768150737999996 11.990498335500007 11.232641519100001 -0.003457853009955 -0.000668761281962 0.002025289013886
16 1 24.934923982700003 12.181390680000009 8.613533801700001 -0.000182944793168 0.000175940991454 0.000692822709955
40 7 24.934910533400007 16.610986685300006 11.745734611600000 -0.000001133174298 -0.000814329547712 0.000395833665142
48 7 26.852993357900004 13.288788550000005 11.745727975299999 -0.001347792297781 -0.000410422848838 0.001077444027341
56 7 26.852993782099993 15.503580461900007 8.613540254699998 -0.000438401869330 0.000308254913658 0.000071210936431
64 7 28.771065656899999 16.610979775200004 11.745738510299995 -0.000894878407655 0.000042684114151 0.000029977170821
72 8 28.440454941300004 14.587074131700003 12.258844262099997 -0.001039773497279 0.000720448284158 -0.001393455480473
80 8 26.852999593099998 17.336616904300001 12.258847990200001 -0.000041050700087 -0.001551284800277 -0.001414228137404
88 8 28.440444445099999 16.420097738599999 9.666531706799999 -0.001486734179367 -0.000964853685123 0.001433834872674
96 8 25.265537252000023 14.587061761100006 12.258833442600000 0.002075920401527 0.001591606097565 -0.002085212549765
104 8 26.852990566300001 13.670551147500003 9.666525792999996 0.000216251383139 0.001809457413307 0.001207969213633
112 8 25.265535218199997 16.420093920100001 9.666529521300001 0.001703434644132 -0.000906630148479 0.001472010164578
120 8 25.265532498100001 11.990500490400001 11.232628962800000 0.001974504835042 -0.000712940693165 0.000910726611504
152 8 25.265533169500006 14.587055878400003 7.560546762400000 0.001760879970337 0.000772751303150 -0.001390298715452
