ITEM: TIMESTEP
0
ITEM: NUMBER OF ATOMS
176
ITEM: BOX BOUNDS xy xz yz pp pp pp
0.0000000000000000e+00 3.0689133480799999e+01 7.6722833701999980e+00
0.0000000000000000e+00 1.7718379476200003e+01 7.6722833702000024e+00
0.0000000000000000e+00 1.2528786279200000e+01 4.4295948690000015e+00
ITEM: ATOMS id type x y z fx fy fz
25 1 5.754204426199998 3.322205851300000 2.349145244699999 0.013218387813545 -0.008597744958567 -0.002230556790940
137 8 5.423596982400004 5.727889427500000 1.296160360000000 -0.000646329589747 0.002452835585494 -0.001600810223545
161 8 3.836156472199998 2.214796731300001 1.566094450300000 -0.002531182168147 0.000031310802643 -0.000469884014501
169 8 5.423583997600000 3.131308597400002 4.968248379499999 -0.002543669127369 0.000801315527095 0.002442064289142
1 1 7.672276926000002 4.429605525400001 5.481344520900000 -0.003015364339213 -0.005568748522016 -0.000145970825471
9 1 9.595357242300015 3.330861195937836 2.349140662099999 -0.030349057050928 -0.052325061711050 0.000049365997541
41 7 11.508426617500000 4.429598811900002 5.481334835700000 -0.000137127438862 -0.006160527804553 0.021445553833830
89 8 9.920970511600007 5.727872023000002 5.994440303000000 0.003648089173415 0.000913423379551 -0.004181609222117
97 8 11.508423825899998 4.811361409400002 3.402132653400000 -0.004304925667752 0.002185216277252 -0.007995824663551
113 8 9.920965757699999 3.131310752300001 4.968235823200000 0.009820362411844 0.013023752158536 0.001413679979526
129 8 7.672284708600001 4.429600636800002 3.132190496199999 0.005067238348525 0.008716448237315 0.000057787473277
145 8 9.920966429100000 5.727866140300000 1.296153622799999 0.004286205380079 -0.002585482372813 0.008179491969787
153 8 7.672288882800000 1.833036553300000 1.296161863300000 -0.004764288948859 -0.001806036220926 -0.011335041474254
162 8 11.508439842400000 2.214796731300001 1.566094450300000 0.004928575764492 0.008867760901894 0.000002380735141
2 1 15.344560296200001 4.429605525400001 5.481344520900000 0.002306288186137 -0.000556039726198 0.001327606046815
10 1 17.262640612500000 3.322200941900001 2.349140662099999 0.002050010036207 -0.000879804254216 -0.000306180235510
26 1 13.426487796400002 3.322205851300000 2.349145244699999 0.013221756876654 -0.008713854785481 -0.002259631162848
65 8 13.095888200900001 5.727884393600002 5.994451122499998 -0.003540614845179 -0.000224952640552 -0.003666007122830
90 8 17.593253881800006 5.727872023000002 5.994440303000000 0.000966249621489 0.001249388078662 -0.001519394252624
114 8 17.593249127900009 3.131310752300001 4.968235823200000 0.001084950768793 -0.000593019094703 0.001300277179864
130 8 15.344568078800005 4.429600636800002 3.132190496199999 -0.002449935825921 -0.000078165936294 -0.000380948923693
138 8 13.095880352600009 5.727889427500000 1.296160360000000 -0.007391604567791 0.000306251895829 0.002368511105964
146 8 17.593249799300011 5.727866140300000 1.296153622799999 0.001158325282827 0.001112436996494 -0.001279792120459
154 8 15.344572252999999 1.833036553300000 1.296161863300000 -0.000892006372640 -0.000754720938136 -0.001380303920360
170 8 13.095867367800004 3.131308597400002 4.968248379499999 -0.004028329900027 0.003289271541694 -0.001112100649948
42 7 19.180709987699998 4.429598811900002 5.481334835700000 0.001129046764124 -0.001335434812908 -0.000376809034401
66 8 20.768171571100002 5.727884393600002 5.994451122499998 -0.001366842888845 0.001391288578213 -0.001428683980742
98 8 19.180707196099995 4.811361409400002 3.402132653400000 -0.000821488535360 0.002824685657284 0.001814770730139
3 1 11.508418611100000 11.073997829000001 5.481344520900000 0.001169854190513 0.001746033256559 -0.000077849297061
17 1 7.672274418099999 6.644399077300000 2.349147298800000 -0.013950335606761 0.006886654715275 0.002192443541422
27 1 9.590346111300001 9.966598154900002 2.349145244699999 -0.000198354313999 0.003882333797114 0.000066932719225
33 7 9.590343793000001 7.751796947200008 5.481341472000000 -0.001299226166936 0.003037387823389 0.004789129986457
49 7 11.508427041700001 6.644390723800001 2.349147115100000 0.015512839875413 0.027289201431947 -0.000048908837268
73 8 11.508432852700000 8.477427166200002 5.994454850600000 -0.000880622907584 -0.003129163966023 -0.002438039205954
105 8 9.920968477800001 7.560904182000002 3.402136381700000 0.004059732955354 -0.006148030172793 -0.002389140014318
121 8 7.672273857400003 7.026163626600007 4.968234320200000 0.002139756771051 0.001937981182571 0.000286922270792
131 8 11.508426393700001 11.073992940400007 3.132190496199999 -0.001057217182057 -0.001825672754671 0.000072384195854
155 8 11.508430567899998 8.477428856900005 1.296161863300000 -0.001226214207101 -0.007621063825283 0.000890284951473
163 8 7.672298157300000 8.859189034900005 1.566094450300000 0.001070771953644 -0.002039533225230 0.000441128015001
171 8 9.259725682700001 9.775700901000002 4.968248379499999 -0.001019895802002 -0.002815861955891 0.000799450896017
11 1 13.426498927399999 9.966593245500007 2.349140662099999 0.002523985201265 0.004611871199877 0.000049767537329
18 1 15.344557788300000 6.644399077300000 2.349147298800000 0.003668106681689 0.001562955928223 -0.000134150418668
28 1 17.262629481500003 9.966598154900002 2.349145244699999 -0.000185834360540 0.003865041471395 0.000067460737711
34 7 17.262627163200005 7.751796947200008 5.481341472000000 0.000957581281536 0.001153358586183 0.000001303364752
43 7 15.344568302600003 11.073991115500002 5.481334835700000 0.001411308656034 0.003517761535117 -0.002691217592519
57 7 13.426498916499998 7.751790037100004 5.481345370700000 0.002118784802084 0.003318348571157 0.002945931798791
81 8 13.095877704700001 7.560908000500002 3.402138567200000 -0.006034558939097 -0.004905796050019 -0.001076994365535
99 8 15.344565510999997 11.455753713000002 3.402132653400000 -0.001153054119068 -0.004011433062104 0.004067067725723
106 8 17.593251848000001 7.560904182000002 3.402136381700000 0.001177576974919 -0.001581178238546 0.001576781425663
115 8 13.757107442799997 9.775703055900001 4.968235823200000 0.000419190130879 -0.003216703687474 0.001373545319530
122 8 15.344557227600001 7.026163626600007 4.968234320200000 -0.001170605483942 0.001478216396664 0.001035743964126
164 8 15.344581527500001 8.859189034900005 1.566094450300000 -0.001138975162332 -0.001707203363224 -0.000012193655977
172 8 16.932009052900014 9.775700901000002 4.968248379499999 -0.001282168336176 -0.002268746793529 0.001687211548655
4 1 19.180701981300000 11.073997829000001 5.481344520900000 -0.001378635948384 0.001576695263160 -0.001487860926299
12 1 21.098782297600000 9.966593245500007 2.349140662099999 -0.001994953342277 0.001455550695939 0.000405722017644
44 7 23.016851672799998 11.073991115500002 5.481334835700000 -0.001060119167117 0.000955998465676 0.000441269410908
50 7 19.180710411899998 6.644390723800001 2.349147115100000 -0.000338801158638 -0.000186158645480 -0.000048386077298
58 7 21.098782286699997 7.751790037100004 5.481345370700000 -0.001945664735316 0.000633298178693 0.000605782432422
74 8 19.180716222899989 8.477427166200002 5.994454850600000 0.000199553039293 -0.002398865413931 -0.001275397564383
82 8 20.768161074900000 7.560908000500002 3.402138567200000 -0.000255257463362 -0.001183241415949 0.001193631653846
100 8 23.016848881199998 11.455753713000002 3.402132653400000 0.000461787266385 0.001325454434342 0.001463409752149
116 8 21.429390813000008 9.775703055900001 4.968235823200000 0.002356321928441 -0.001324110071915 0.001451592221267
132 8 19.180709763900005 11.073992940400007 3.132190496199999 0.001144500885410 -0.002162116556056 0.000530071824796
156 8 19.180713938099998 8.477428856900005 1.296161863300000 0.000385311989227 -0.002252906249742 -0.001733512109815
19 1 11.508416103199997 13.288791380900006 2.349147298800000 0.003646812374382 0.001565102249290 -0.000134689717515
123 8 11.508415542500002 13.670555930200003 4.968234320200000 -0.001760095491494 0.001427968557120 0.001921438082430
139 8 9.259738667499999 12.372281731100001 1.296160360000000 -0.001995521649197 0.000093694990640 -0.001597289410782
35 7 13.426485478100000 14.396189250800001 5.481341472000000 0.003705656806822 0.000163348528183 -0.004766303001321
51 7 15.344568726800000 13.288783027399999 2.349147115100000 0.015344100298208 0.026997447357260 -0.000049255520323
59 7 17.262640601600001 14.396182340700005 5.481345370700000 -0.005437328694265 -0.002771409571615 -0.021101781871004
67 8 16.932029885999999 12.372276697200000 5.994451122499998 -0.001678605201767 -0.001311339793991 0.000803756374384
75 8 15.344574537799998 15.121819469800011 5.994454850600000 -0.001439699187540 -0.000267717255570 0.001378116289880
83 8 16.932019389799994 14.205300304100005 3.402138567200000 0.000770486426270 -0.005062895034985 0.011148624956522
91 8 13.757112196700003 12.372264326600002 5.994440303000000 0.000884132924780 -0.000054305193779 -0.000364052770026
107 8 13.757110162900000 14.205296485600002 3.402136381700000 -0.004166927274438 -0.001379729469867 0.005516136339139
140 8 16.932022037700008 12.372281731100001 1.296160360000000 0.000851230116046 -0.004434098139331 -0.005536587811447
147 8 13.757108114200003 12.372258443900009 1.296153622799999 -0.002656063057890 -0.002954482349431 -0.003883365050387
20 1 19.180699473400008 13.288791380900006 2.349147298800000 -0.013848642365035 0.006942349761165 0.002163308491969
36 7 21.098768848300001 14.396189250800001 5.481341472000000 -0.001863731263999 -0.003714001298490 -0.000007117726684
52 7 23.016852096999997 13.288783027399999 2.349147115100000 -0.000355836754818 -0.000176317107859 -0.000049707669416
76 8 23.016857907999988 15.121819469800011 5.994454850600000 -0.000567073257495 -0.001369631795631 -0.001576143554705
92 8 21.429395566900006 12.372264326600002 5.994440303000000 0.002245252976814 0.001094810696947 -0.001216550948016
108 8 21.429393533100004 14.205296485600002 3.402136381700000 0.002546097036135 0.000766777529883 0.001580313111793
124 8 19.180698912699995 13.670555930200003 4.968234320200000 0.005011883113957 0.001868080671147 0.003834664636587
148 8 21.429391484400018 12.372258443900009 1.296153622799999 0.003098297493910 0.000750712222223 -0.001631133654882
60 7 24.934923971800007 14.396182340700005 5.481345370700000 0.001123958747233 -0.000102135674973 -0.000206015796992
68 8 24.604313256200001 12.372276697200000 5.994451122499998 -0.001997319289224 0.000290259334475 -0.001430663755085
84 8 24.604302760000003 14.205300304100005 3.402138567200000 -0.002191374313160 -0.000826149566996 0.001546843910712
29 1 9.590346111300004 5.537003285800003 8.613538384300000 -0.000114704746135 -0.000341115043766 0.001602653624727
157 8 11.508430567900000 4.047833987800002 7.560555002900000 -0.000019947752056 -0.000570052267270 -0.005306599127407
165 8 7.672298157300002 4.429594165800001 7.830487589900000 0.000241644538322 0.000678630674909 -0.000007086455303
173 8 9.259725682700003 5.346106031900003 11.232641519100001 -0.002263987794663 -0.000708884014334 0.001147159306866
13 1 13.426498927400001 5.536998376400002 8.613533801700001 0.000710282434276 0.000112480013062 0.002751156012312
30 1 17.262629481500003 5.537003285800003 8.613538384300000 -0.000110125026515 -0.000334857493617 0.001607358660868
117 8 13.757107442800002 5.346108186800002 11.232628962800000 0.000038392483892 -0.001719312183553 -0.000857564927715
166 8 15.344581527500001 4.429594165800001 7.830487589900000 -0.000524599333951 0.000128120205086 -0.001040499639899
174 8 16.932009052900007 5.346106031900003 11.232641519100001 0.000401317850921 -0.001063021006823 -0.001506401849276
14 1 21.098782297600003 5.536998376400002 8.613533801700001 -0.000355994547557 -0.000376407615459 0.000049769688968
118 8 21.429390813000005 5.346108186800002 11.232628962800000 0.002223073402641 -0.000097939985382 0.001374864328407
158 8 19.180713938100002 4.047833987800002 7.560555002900000 0.000024587732552 -0.001639932757771 -0.001491345476565
5 1 11.508418611100007 6.644402959900002 11.745737660500000 0.002302880646906 -0.000548827388757 0.001324437623246
21 1 11.508416103199998 8.859196511800004 8.613540438400001 0.000364511992465 0.000180344480715 0.000987789512523
125 8 11.508415542500003 9.240961061100004 11.232627459799998 -0.000089660560405 0.002434949770136 0.001277753631303
133 8 11.508426393700002 6.644398071300002 9.396583635799999 -0.000444715332055 0.000012352331657 -0.000949335769401
141 8 9.259738667500002 7.942686862000003 7.560553499600000 -0.001190348684359 0.000292277649335 -0.003225837425980
167 8 11.508439842400001 11.073986469400005 7.830487589900000 -0.000326187449033 -0.000306231585886 -0.000015959221332
37 7 13.426485478099996 9.966594381700006 11.745734611600000 -0.001855308448037 -0.003718844155990 0.000004936259389
45 7 15.344568302600001 6.644396246400003 11.745727975299999 -0.000085770426668 -0.006064564319277 0.021335633166205
53 7 15.344568726799995 8.859188158300002 8.613540254699998 -0.000698110954539 -0.000796280786794 -0.000042072145626
61 7 17.262640601600001 9.966587471600000 11.745738510299995 -0.005494848720113 -0.002863855976599 -0.021212414093048
69 8 16.932029886000002 7.942681828100003 12.258844262099997 0.006198320200292 0.014531748352738 -0.001467370303149
77 8 15.344574537800005 10.692224600700005 12.258847990200001 0.004544311179058 -0.001927868976984 0.000983892684169
85 8 16.932019389799990 9.775705435000003 9.666531706799999 -0.000531327715044 -0.000335668952936 0.005120025154917
93 8 13.757112196700007 7.942669457500004 12.258833442600000 -0.000796499308222 0.005229444366443 -0.003773439155548
101 8 15.344565511000003 7.026158843900003 9.666525792999996 0.000045662488958 0.003003973247634 -0.002110214428578
109 8 13.757110162900005 9.775701616500001 9.666529521300001 0.001707309779637 -0.000670461221574 0.001574941103424
142 8 16.932022037700005 7.942686862000003 7.560553499600000 -0.001514856094697 0.000935039794304 -0.001599423396204
149 8 13.757108114200001 7.942663574800001 7.560546762400000 0.001245366057249 0.000637530351068 -0.002668838805519
159 8 15.344572253000006 10.692226291400004 7.560555002900000 -0.000066143673238 -0.002414382187932 -0.000353665411657
6 1 19.180701981300004 6.644402959900002 11.745737660500000 -0.003066974159462 -0.005539203400094 -0.000017457708022
22 1 19.180699473400011 8.859196511800004 8.613540438400001 -0.000031371330323 -0.000476361319538 -0.001669937742153
38 7 21.098768848300008 9.966594381700006 11.745734611600000 0.003709306196829 0.000145712865147 -0.004791299200391
46 7 23.016851672800001 6.644396246400003 11.745727975299999 0.001116931979712 -0.001338286534979 -0.000372263421384
54 7 23.016852096999990 8.859188158300002 8.613540254699998 -0.000111599688351 0.000227025293004 -0.000049053643089
78 8 23.016857907999999 10.692224600700005 12.258847990200001 -0.002247144703982 -0.002374934933262 -0.000927689530078
94 8 21.429395566900006 7.942669457500004 12.258833442600000 0.000700127297081 0.002777073969231 -0.000225701002495
102 8 23.016848881199998 7.026158843900003 9.666525792999996 0.000099319026368 0.001944832066740 0.001703837949696
110 8 21.429393533100001 9.775701616500001 9.666529521300001 0.000946959088139 -0.000784577355104 0.003205371920914
126 8 19.180698912700002 9.240961061100004 11.232627459799998 -0.000948211137048 0.003559156639897 0.004242866933908
134 8 19.180709763900005 6.644398071300002 9.396583635799999 0.000318649147598 0.000562877874823 0.000067294225637
150 8 21.429391484400004 7.942663574800001 7.560546762400000 0.001875951561726 0.001108223452994 -0.001520211174376
160 8 23.016855623200005 10.692226291400004 7.560555002900000 -0.000020308152485 -0.002055240495019 -0.001522532635037
168 8 19.180723212599993 11.073986469400005 7.830487589900000 0.000146560113156 -0.000257738495973 0.001009541947953
62 7 24.934923971800000 9.966587471600000 11.745738510299995 0.001129737305379 -0.000104929215421 -0.000207748078349
70 8 24.604313256200005 7.942681828100003 12.258844262099997 -0.002495347414465 0.000893620380715 -0.001505405849851
86 8 24.604302759999996 9.775705435000003 9.666531706799999 -0.001817380613864 -0.001078595117543 0.001335866056145
7 1 15.344560296200003 13.288795263500004 11.745737660500000 -0.001386607554586 0.001576078028326 -0.001491002939195
15 1 17.262640612500000 12.181390680000009 8.613533801700001 -0.000465747102956 0.000791477481014 -0.002651627162259
23 1 15.344557788300000 15.503588815399999 8.613540438400001 -0.000028234704581 -0.000469248881244 -0.001674610380005
31 1 13.426487796399995 12.181395589400003 8.613538384300000 0.000254696711459 0.000328946114373 -0.001049822562417
39 7 17.262627163200005 16.610986685300006 11.745734611600000 0.000949280294616 0.001158137728185 -0.000003478440666
95 8 17.593253881800010 14.587061761100006 12.258833442600000 0.001957170456702 -0.000319689271918 -0.000974549103422
111 8 17.593251848000001 16.420093920100001 9.666529521300001 0.001665879705358 -0.000744262420205 0.001578937819437
119 8 17.593249127900002 11.990500490400001 11.232628962800000 0.001910254059856 -0.002788699395462 0.003612273395861
127 8 15.344557227600006 15.885353364700006 11.232627459799998 0.000683714172726 0.001404592843334 0.001580593643256
135 8 15.344568078800005 13.288790374900007 9.396583635799999 0.000225030268320 -0.000375973120159 0.001100691378180
143 8 13.095880352600002 14.587079165600008 7.560553499600000 -0.002232290801604 0.000891476485272 0.000027687615932
151 8 17.593249799300004 14.587055878400003 7.560546762400000 0.002819995229799 0.001591281561327 0.002293815737474
175 8 13.095867367800004 11.990498335500007 11.232641519100001 -0.000989308198842 -0.000858183171573 0.001447888782610
8 1 23.016843666400000 13.288795263500004 11.745737660500000 0.001175290935432 0.001742926375825 -0.000085564881389
24 1 23.016841158500000 15.503588815399999 8.613540438400001 0.000364215208777 0.000178596095606 0.000982598477442
32 1 21.098771166600002 12.181395589400003 8.613538384300000 0.000256076676964 0.000330089831411 -0.001055033809557
47 7 19.180709987699998 13.288788550000005 11.745727975299999 0.001409992930420 0.003524217281613 -0.002712396601594
55 7 19.180710411900002 15.503580461900007 8.613540254699998 -0.000704560879530 -0.000792510796884 -0.000056045608127
63 7 21.098782286700004 16.610979775200004 11.745738510299995 0.002112572642769 0.003316317536737 0.002924715838179
71 8 20.768171571100002 14.587074131700003 12.258844262099997 -0.003165804608624 -0.001730318403718 -0.001427366065024
79 8 19.180716222899996 17.336616904300001 12.258847990200001 -0.001642235959073 -0.002328518122377 -0.001815462304550
87 8 20.768161074900000 16.420097738599999 9.666531706799999 -0.002105492435968 -0.001297880164613 0.000166984790422
103 8 19.180707196099995 13.670551147500003 9.666525792999996 0.000006979576121 0.001163373842908 0.002852466861751
128 8 23.016840597800005 15.885353364700006 11.232627459799998 -0.000404274069026 0.000681611794959 0.000425253863330
136 8 23.016851449000004 13.288790374900007 9.396583635799999 -0.000250334798787 -0.000421309498009 0.000076148399791
144 8 20.768163722800004 14.587079165600008 7.560553499600000 -0.001471674068137 0.001007793780827 -0.001595459140317
176 8 20.768150737999996 11.990498335500007 11.232641519100001 -0.002356358734395 -0.002009559236807 0.002309802327911
16 1 24.934923982700003 12.181390680000009 8.613533801700001 0.000048323256611 0.000323900257277 0.000049771829531
40 7 24.934910533400007 16.610986685300006 11.745734611600000 -0.001282103503252 0.003043135717227 0.004764150236488
48 7 26.852993357900004 13.288788550000005 11.745727975299999 -0.001054821934398 0.000952377686726 0.000439535116726
56 7 26.852993782099993 15.503580461900007 8.613540254699998 -0.000109973585164 0.000229879827241 -0.000049051578007
64 7 28.771065656899999 16.610979775200004 11.745738510299995 -0.001949280637584 0.000645242432206 0.000610342140337
72 8 28.440454941300004 14.587074131700003 12.258844262099997 -0.001226508028687 0.000158105874710 -0.001354092457705
80 8 26.852999593099998 17.336616904300001 12.258847990200001 0.001647289400034 -0.001885993341337 -0.002570366084553
88 8 28.440444445099999 16.420097738599999 9.666531706799999 -0.001480158192719 -0.000832062467375 0.001304676531091
96 8 25.265537252000023 14.587061761100006 12.258833442600000 0.002208402325371 -0.000855328801240 -0.001860239607800
104 8 26.852990566300001 13.670551147500003 9.666525792999996 0.000052690161107 0.001527253061878 0.001673899852178
112 8 25.265535218199997 16.420093920100001 9.666529521300001 0.001986886529807 -0.001387368708643 -0.000048228832830
120 8 25.265532498100001 11.990500490400001 11.232628962800000 0.001584786511399 -0.001194481972013 0.001376853138449
152 8 25.265533169500006 14.587055878400003 7.560546762400000 0.001537634152195 0.000859048171808 -0.001490276295618
