ITEM: TIMESTEP
0
ITEM: NUMBER OF ATOMS
176
ITEM: BOX BOUNDS xy xz yz pp pp pp
0.0000000000000000e+00 3.0689133480799999e+01 7.6722833701999980e+00
0.0000000000000000e+00 1.7718379476200003e+01 7.6722833702000024e+00
0.0000000000000000e+00 1.2528786279200000e+01 4.4295948690000015e+00
ITEM: ATOMS id type x y z fx fy fz
25 1 5.754204426199998 3.322205851300000 2.349145244699999 0.000747423546089 0.000268859659563 0.001087823162431
137 8 5.423596982400004 5.727889427500000 1.296160360000000 -0.001905542929552 0.000266173459648 -0.003701134702635
161 8 3.836156472199998 2.214796731300001 1.566094450300000 0.000449102238860 0.000395626395978 -0.001051733737959
169 8 5.423583997600000 3.131308597400002 4.968248379499999 -0.002352266179038 -0.001303072429113 0.001661361477926
1 1 7.672276926000002 4.429605525400001 5.481344520900000 0.002397002905272 0.001221217983660 -0.000741674433797
9 1 9.590357242299998 3.322200941900001 2.349140662099999 0.002890032507065 0.003370700004340 0.001732180856793
41 7 11.508426617500000 4.429598811900002 5.481334835700000 0.005063055831560 0.011261875266774 -0.007441778157046
89 8 9.920970511600007 5.727872023000002 5.994440303000000 -0.000944924861559 -0.000400144885346 0.001394620480083
97 8 11.508423825899998 4.811361409400002 3.402132653400000 -0.002905299698775 -0.006921420547593 0.002484370057839
113 8 9.920965757699999 3.131310752300001 4.968235823200000 -0.000550530865044 -0.004044379172783 0.001903013178091
129 8 7.672284708600001 4.429600636800002 3.132190496199999 -0.001229896095432 -0.000733645910932 -0.000049229963033
145 8 9.920966429100000 5.727866140300000 1.296153622799999 -0.006812728563170 -0.003958808903095 -0.008883576096757
153 8 7.672288882800000 1.833036553300000 1.296161863300000 -0.000636367582864 -0.001824739479291 -0.003743638639684
162 8 11.508439842400000 2.214796731300001 1.566094450300000 -0.000920568942139 -0.001753235294677 -0.001136590946773
2 1 15.344560296200001 4.429605525400001 5.481344520900000 -0.005212650620842 -0.003111765938510 -0.005223169395164
10 1 17.262640612500000 3.322200941900001 2.349140662099999 -0.002048040386419 0.000802427386009 0.000340759140643
26 1 13.426487796400002 3.322205851300000 2.349145244699999 -0.001519512134306 0.005377564270952 0.001262603236148
65 8 13.095888200900001 5.727884393600002 5.994451122499998 0.007012731124497 0.011010845160468 0.011172319472229
90 8 17.593253881800006 5.727872023000002 5.994440303000000 -0.000106675855048 0.004001558859939 -0.000555275419678
114 8 17.593249127900009 3.131310752300001 4.968235823200000 0.002355282333607 -0.000364994329413 0.001815303026337
130 8 15.344568078800005 4.429600636800002 3.132190496199999 0.002348671498071 -0.002074430558376 0.002134010094703
138 8 13.095880352600009 5.727889427500000 1.296160360000000 0.001020590061426 -0.006047340253497 -0.011479198487690
146 8 17.593249799300011 5.727866140300000 1.296153622799999 0.004038279239114 0.000523360186573 -0.002295911606822
154 8 15.344572252999999 1.833036553300000 1.296161863300000 0.000658263975344 -0.002439304483464 -0.002082276018511
170 8 13.095867367800004 3.131308597400002 4.968248379499999 0.000049093792885 -0.003861089933637 0.002086311134129
42 7 19.180709987699998 4.429598811900002 5.481334835700000 0.002011879338498 -0.001563740331141 -0.000810442016782
66 8 20.768171571100002 5.727884393600002 5.994451122499998 -0.002841644833516 0.000582627259603 -0.001162993676117
98 8 19.180707196099995 4.811361409400002 3.402132653400000 0.000083637801493 0.001809691119505 0.001969272082311
3 1 11.508418611100000 11.073997829000001 5.481344520900000 -0.005160178987835 -0.003202289701402 -0.005222952016041
17 1 7.672274418099999 6.644399077300000 2.349147298800000 0.004495757692815 0.000861996020136 0.001635809786020
27 1 9.590346111300001 9.966598154900002 2.349145244699999 0.004038155166836 -0.004248673571728 0.001262552396432
33 7 9.590343793000001 7.751796947200008 5.481341472000000 0.012629655973602 -0.001200531289813 -0.007669319065380
49 7 11.508427041700001 6.644390723800001 2.349147115100000 0.035094152070163 0.020542352405596 0.029330191463417
73 8 11.508432852700000 8.477427166200002 5.994454850600000 0.013054288956656 0.000510327731701 0.011160103310786
105 8 9.920968477800001 7.560904182000002 3.402136381700000 -0.007413402401915 0.000898782943857 0.002505329985001
121 8 7.672273857400003 7.026163626600007 4.968234320200000 -0.003788606247762 0.001448177225111 0.001939445314712
131 8 11.508426393700001 11.073992940400007 3.132190496199999 -0.000601719543257 0.003035802260375 0.002133988008864
155 8 11.508430567899998 8.477428856900005 1.296161863300000 -0.004640921478387 0.003866153204281 -0.011521588417393
163 8 7.672298157300000 8.859189034900005 1.566094450300000 -0.002096666517407 0.000283887095396 -0.001136596692821
171 8 9.259725682700001 9.775700901000002 4.968248379499999 -0.003366843799065 0.002055572142514 0.002086258985043
11 1 13.426498927399999 9.966593245500007 2.349140662099999 -0.005360927508612 -0.020913975902882 0.004265632301180
18 1 15.344557788300000 6.644399077300000 2.349147298800000 -0.020661264424956 0.005858861648270 0.004169504240533
28 1 17.262629481500003 9.966598154900002 2.349145244699999 -0.001701703431649 -0.001145156812972 -0.002656659796534
34 7 17.262627163200005 7.751796947200008 5.481341472000000 0.012517022766207 -0.001278970966408 -0.007785170028328
43 7 15.344568302600003 11.073991115500002 5.481334835700000 0.004938372901117 0.011203021692800 -0.007557397372296
57 7 13.431498916500054 7.754676788445924 5.489510336509255 -0.069815300241905 -0.040026877218132 -0.147740116399483
81 8 13.095877704700001 7.560908000500002 3.402138567200000 0.003855994950923 0.002199615961962 0.032874129217336
99 8 15.344565510999997 11.455753713000002 3.402132653400000 0.000362757733587 0.001358073597504 0.006027756651753
106 8 17.593251848000001 7.560904182000002 3.402136381700000 0.001390835258468 -0.000410693608915 0.006048699338186
115 8 13.757107442799997 9.775703055900001 4.968235823200000 0.010501830598784 0.009184849631016 0.013956532994254
122 8 15.344557227600001 7.026163626600007 4.968234320200000 0.013195134911158 0.004404826876627 0.013992512403136
164 8 15.344581527500001 8.859189034900005 1.566094450300000 0.004980510059894 0.003011913350915 -0.003133167044578
172 8 16.932009052900014 9.775700901000002 4.968248379499999 -0.004163794950033 -0.002349031577103 0.004072100376955
4 1 19.180701981300000 11.073997829000001 5.481344520900000 0.002392917544799 0.001218896306662 -0.000750721998826
12 1 21.098782297600000 9.966593245500007 2.349140662099999 0.000998073310063 -0.000199517051579 -0.000080622387820
44 7 23.016851672799998 11.073991115500002 5.481334835700000 0.002029418951893 -0.001570806351706 -0.000806365198690
50 7 19.180710411899998 6.644390723800001 2.349147115100000 0.000043907562044 -0.000029547597948 -0.000508476325373
58 7 21.098782286699997 7.751790037100004 5.481345370700000 0.003948832338540 -0.001012873015581 -0.001162179594268
74 8 19.180716222899989 8.477427166200002 5.994454850600000 -0.004235550033509 -0.002346037082914 -0.000898379809060
82 8 20.768161074900000 7.560908000500002 3.402138567200000 -0.002483916822748 -0.000787668444078 0.001556713973802
100 8 23.016848881199998 11.455753713000002 3.402132653400000 -0.000658840023496 0.002456028771977 0.001635838204436
116 8 21.429390813000008 9.775703055900001 4.968235823200000 0.000739254864124 -0.000905142280070 0.001642353946646
132 8 19.180709763900005 11.073992940400007 3.132190496199999 -0.000315095092972 -0.000205494324993 0.000826120935322
156 8 19.180713938099998 8.477428856900005 1.296161863300000 0.000030937600651 -0.001932355684728 -0.001722878214800
19 1 11.508416103199997 13.288791380900006 2.349147298800000 -0.000197446243616 -0.002130313899974 0.000244389307062
123 8 11.508415542500002 13.670555930200003 4.968234320200000 0.000850733991373 0.002124996767813 0.001851727455414
139 8 9.259738667499999 12.372281731100001 1.296160360000000 -0.001790443280874 0.001694631451219 -0.002039767111151
35 7 13.426485478100000 14.396189250800001 5.481341472000000 -0.000002961953361 0.002569896098841 -0.001038051620755
51 7 15.344568726800000 13.288783027399999 2.349147115100000 -0.000246702493525 0.000473809854507 -0.000508483122955
59 7 17.262640601600001 14.396182340700005 5.481345370700000 0.000854158531631 0.004347227829873 -0.001162172960260
67 8 16.932029885999999 12.372276697200000 5.994451122499998 -0.004105950151266 -0.002534991397446 -0.000885819729493
75 8 15.344574537799998 15.121819469800011 5.994454850600000 -0.000903402617066 -0.002809925142166 -0.001175559677325
83 8 16.932019389799994 14.205300304100005 3.402138567200000 -0.001901288409423 -0.001796786759693 0.001556704249883
91 8 13.757112196700003 12.372264326600002 5.994440303000000 0.003286287909959 -0.001875079712439 -0.000555349550518
107 8 13.757110162900000 14.205296485600002 3.402136381700000 0.001642393553322 -0.000878274353402 0.001990163166842
140 8 16.932022037700008 12.372281731100001 1.296160360000000 -0.001665093670917 0.000897880659693 -0.001680378881067
147 8 13.757108114200003 12.372258443900009 1.296153622799999 0.002494429601160 0.003197446397405 -0.002295930675516
20 1 19.180699473400008 13.288791380900006 2.349147298800000 0.000457901130943 0.001008664091360 -0.000176987284864
36 7 21.098768848300001 14.396189250800001 5.481341472000000 -0.000000305986027 0.002588675570137 -0.001034029023533
52 7 23.016852096999997 13.288783027399999 2.349147115100000 -0.000249939117763 0.000136381093743 0.000045003653883
76 8 23.016857907999988 15.121819469800011 5.994454850600000 0.000371368217138 -0.001694858842493 -0.001000789745898
92 8 21.429395566900006 12.372264326600002 5.994440303000000 0.000879202900862 0.000652950613664 -0.001003713862404
108 8 21.429393533100004 14.205296485600002 3.402136381700000 0.001830896134348 -0.001844437080955 0.001656720817934
124 8 19.180698912699995 13.670555930200003 4.968234320200000 -0.000425054941390 0.000995546174807 0.001678793081692
148 8 21.429391484400018 12.372258443900009 1.296153622799999 0.001485257977977 0.000832061399297 -0.001578500865759
60 7 24.934923971800007 14.396182340700005 5.481345370700000 -0.000787333181805 -0.000173892208278 -0.000096903612649
68 8 24.604313256200001 12.372276697200000 5.994451122499998 -0.001238581233328 0.001129071340039 -0.000988239819034
84 8 24.604302760000003 14.205300304100005 3.402138567200000 -0.001410529806941 -0.000840701918334 0.001731992646164
29 1 9.590346111300004 5.537003285800003 8.613538384300000 -0.001693852744220 -0.001140607717688 -0.002670296077359
157 8 11.508430567900000 4.047833987800002 7.560555002900000 0.000267925162062 -0.002251970499436 0.002852118942178
165 8 7.672298157300002 4.429594165800001 7.830487589900000 -0.000399066942861 -0.000094074843678 0.000737603406529
173 8 9.259725682700003 5.346106031900003 11.232641519100001 -0.001009431982519 -0.000527778215419 0.001092820958239
13 1 13.426498927400001 5.536998376400002 8.613533801700001 -0.005410994067941 -0.021036553363886 0.004252593687269
30 1 17.262629481500003 5.537003285800003 8.613538384300000 0.004041608746146 -0.004267773707232 0.001247028376829
117 8 13.757107442800002 5.346108186800002 11.232628962800000 0.002323756937753 0.001388006832388 -0.000680072877036
166 8 15.344581527500001 4.429594165800001 7.830487589900000 -0.000665016370165 0.003157587725998 0.002071196490715
174 8 16.932009052900007 5.346106031900003 11.232641519100001 -0.002788588408549 0.000509847626773 0.000005572883395
14 1 21.098782297600003 5.536998376400002 8.613533801700001 0.001005155015902 -0.000202233291711 -0.000083303745350
118 8 21.429390813000005 5.346108186800002 11.232628962800000 0.001588679373549 -0.001015060150313 0.001020012769354
158 8 19.180713938100002 4.047833987800002 7.560555002900000 -0.000731203954637 -0.001126286975873 -0.001554115589137
5 1 11.508418611100007 6.644402959900002 11.745737660500000 -0.001672403217664 -0.001128205229220 0.002835279409251
21 1 11.508416103199998 8.859196511800004 8.613540438400001 -0.020791407743338 0.005876617272762 0.004155856277272
125 8 11.508415542500003 9.240961061100004 11.232627459799998 0.002353121955579 0.001221196036553 -0.000643582376983
133 8 11.508426393700002 6.644398071300002 9.396583635799999 0.005065532252786 0.002900933149576 -0.003036181393638
141 8 9.259738667500002 7.942686862000003 7.560553499600000 -0.001823417853615 0.001262897577120 0.002894605800533
167 8 11.508439842400001 11.073986469400005 7.830487589900000 0.002283945023740 -0.001950202157262 0.002071185125279
37 7 13.426485478099996 9.966594381700006 11.745734611600000 -0.000307589907411 0.002409311111084 0.008106901306536
45 7 15.344568302600001 6.644396246400003 11.745727975299999 0.001720467502754 -0.001747202681224 0.008334579812131
53 7 15.344568726799995 8.859188158300002 8.613540254699998 0.035329911780515 0.020678473937931 0.029631981640478
61 7 17.262640601600001 9.966587471600000 11.745738510299995 0.003948528993271 0.002560354533035 0.009127778320944
69 8 16.932029886000002 7.942681828100003 12.258844262099997 -0.003492667831959 -0.000499735791957 -0.003644600645193
77 8 15.344574537800005 10.692224600700005 12.258847990200001 -0.002166255016606 -0.002832556763019 -0.003657159777789
85 8 16.932019389799990 9.775705435000003 9.666531706799999 -0.010203360352238 -0.005917250784128 -0.006074977250983
93 8 13.757112196700007 7.942669457500004 12.258833442600000 0.001975459801399 0.001285849899707 -0.003130260982059
101 8 15.344565511000003 7.026158843900003 9.666525792999996 -0.004561629824117 0.007469937031064 -0.008373028151470
109 8 13.757110162900005 9.775701616500001 9.666529521300001 0.004221752132260 -0.007731292983292 -0.008352090808051
142 8 16.932022037700005 7.942686862000003 7.560553499600000 -0.010676812572601 0.002598564441451 -0.000659250449389
149 8 13.757108114200001 7.942663574800001 7.560546762400000 0.007563493217189 0.004341655144849 0.033668993801107
159 8 15.344572253000006 10.692226291400004 7.560555002900000 -0.003002007962543 -0.010587049486887 -0.000701743526258
6 1 19.180701981300004 6.644402959900002 11.745737660500000 0.001410213164090 0.000642236324351 0.001963013183524
22 1 19.180699473400011 8.859196511800004 8.613540438400001 0.004516053165564 0.000860149245600 0.001625047614169
38 7 21.098768848300008 9.966594381700006 11.745734611600000 -0.000292075492952 0.002404559039122 0.008081289824823
46 7 23.016851672800001 6.644396246400003 11.745727975299999 -0.001164822327890 0.000686672502929 0.001062885189321
54 7 23.016852096999990 8.859188158300002 8.613540254699998 0.000065630838263 -0.000034717373693 -0.000525310073224
78 8 23.016857907999999 10.692224600700005 12.258847990200001 0.001867593317735 -0.002588757349546 -0.003505916618653
94 8 21.429395566900006 7.942669457500004 12.258833442600000 0.002227769789720 -0.000622198084923 -0.002658005049028
102 8 23.016848881199998 7.026158843900003 9.666525792999996 0.000099800912407 0.001649539166236 0.001480966079624
110 8 21.429393533100001 9.775701616500001 9.666529521300001 0.001265545124335 -0.001409852975277 -0.000510746855692
126 8 19.180698912700002 9.240961061100004 11.232627459799998 -0.001696640777390 0.000981334780483 -0.000795323220736
134 8 19.180709763900005 6.644398071300002 9.396583635799999 -0.002024993232060 0.000173654784008 -0.001044460613768
150 8 21.429391484400004 7.942663574800001 7.560546762400000 0.000864327272127 0.001150262372767 -0.001268283275216
160 8 23.016855623200005 10.692226291400004 7.560555002900000 0.000005151650603 -0.001769519627086 -0.001223121658448
168 8 19.180723212599993 11.073986469400005 7.830487589900000 -0.001312639071411 -0.000621544672905 -0.000130612890581
62 7 24.934923971800000 9.966587471600000 11.745738510299995 -0.003926707509699 0.001638618868567 0.002185372956275
70 8 24.604313256200005 7.942681828100003 12.258844262099997 -0.000764120297446 0.000533193528759 -0.001891355034562
86 8 24.604302759999996 9.775705435000003 9.666531706799999 0.000684527010290 -0.001412880034499 0.000539296877551
7 1 15.344560296200003 13.288795263500004 11.745737660500000 0.001402153395235 0.000656144427355 0.001962973309901
15 1 17.262640612500000 12.181390680000009 8.613533801700001 0.002898511943114 0.003389207388141 0.001721392640115
23 1 15.344557788300000 15.503588815399999 8.613540438400001 0.000459082722286 0.001016122418404 -0.000179671139489
31 1 13.426487796399995 12.181395589400003 8.613538384300000 -0.001534329509928 0.005389929490366 0.001247024489132
39 7 17.262627163200005 16.610986685300006 11.745734611600000 0.000357601327581 -0.001306356278060 0.000835229555992
95 8 17.593253881800010 14.587061761100006 12.258833442600000 0.000449156544752 0.002458399322468 -0.002657996658245
111 8 17.593251848000001 16.420093920100001 9.666529521300001 0.001511786944661 -0.000784198944797 0.001501859575811
119 8 17.593249127900002 11.990500490400001 11.232628962800000 0.000091162089039 -0.001999244697859 -0.000831753694380
127 8 15.344557227600006 15.885353364700006 11.232627459799998 -0.000095531513254 0.001786130961596 0.001056454080207
135 8 15.344568078800005 13.288790374900007 9.396583635799999 -0.000841675338940 -0.001875862460529 -0.001044452174371
143 8 13.095880352600002 14.587079165600008 7.560553499600000 -0.001348091730855 -0.000165163742297 -0.001511605121789
151 8 17.593249799300004 14.587055878400003 7.560546762400000 0.001450358405092 0.000135200742765 -0.001268270635696
175 8 13.095867367800004 11.990498335500007 11.232641519100001 -0.001000406514624 -0.002587394103649 0.000005594434747
8 1 23.016843666400000 13.288795263500004 11.745737660500000 -0.001663581415977 -0.001123155987753 0.002833880740309
24 1 23.016841158500000 15.503588815399999 8.613540438400001 -0.000200246019720 -0.002128137478837 0.000236004858000
32 1 21.098771166600002 12.181395589400003 8.613538384300000 0.000755816583147 0.000273706736487 0.001081748419838
47 7 19.180709987699998 13.288788550000005 11.745727975299999 0.001724075921188 -0.001731462892857 0.008308871028992
55 7 19.180710411900002 15.503580461900007 8.613540254699998 -0.000240337185394 0.000495193385384 -0.000525300072640
63 7 21.098782286700004 16.610979775200004 11.745738510299995 -0.000787335694392 -0.003798926136055 0.002185381476347
71 8 20.768171571100002 14.587074131700003 12.258844262099997 -0.001264601704056 0.002871768051190 -0.003493312913443
79 8 19.180716222899996 17.336616904300001 12.258847990200001 0.000092551624040 -0.000986043694496 -0.001903924549474
87 8 20.768161074900000 16.420097738599999 9.666531706799999 -0.000858517710631 0.001259760564825 0.000539289604542
103 8 19.180707196099995 13.670551147500003 9.666525792999996 -0.000565143920857 0.001749116565954 -0.000531643428810
128 8 23.016840597800005 15.885353364700006 11.232627459799998 0.000572675098339 0.002820559437444 0.000953083319528
136 8 23.016851449000004 13.288790374900007 9.396583635799999 0.000523214855755 0.000278510696488 -0.000955867530455
144 8 20.768163722800004 14.587079165600008 7.560553499600000 -0.001536960756367 0.000794144138158 -0.001180606835535
176 8 20.768150737999996 11.990498335500007 11.232641519100001 -0.001263555956817 -0.000674485804667 -0.000462854006871
16 1 24.934923982700003 12.181390680000009 8.613533801700001 -0.002047489858429 0.000798889901831 0.000332352189242
40 7 24.934910533400007 16.610986685300006 11.745734611600000 0.000358919975864 -0.001315727405107 0.000840834822827
48 7 26.852993357900004 13.288788550000005 11.745727975299999 -0.001172249617152 0.000692470964681 0.001068456290599
56 7 26.852993782099993 15.503580461900007 8.613540254699998 -0.000252284832465 0.000135009953697 0.000040046585803
64 7 28.771065656899999 16.610979775200004 11.745738510299995 0.000096659996296 0.000336485058448 0.000412091420814
72 8 28.440454941300004 14.587074131700003 12.258844262099997 -0.001993190347167 0.000467656108730 -0.001786716331733
80 8 26.852999593099998 17.336616904300001 12.258847990200001 -0.000578740985015 -0.002017674419467 -0.001799285883557
88 8 28.440444445099999 16.420097738599999 9.666531706799999 -0.001869988804541 -0.001105971355238 0.001247842257223
96 8 25.265537252000023 14.587061761100006 12.258833442600000 0.002224465009812 0.001429617229483 -0.001576206406941
104 8 26.852990566300001 13.670551147500003 9.666525792999996 0.000734591564056 0.001141782611446 0.001115945670533
112 8 25.265535218199997 16.420093920100001 9.666529521300001 0.001389436870017 0.000019412578528 0.001136845814872
120 8 25.265532498100001 11.990500490400001 11.232628962800000 0.002818623179639 -0.000953577303490 0.000916646965143
152 8 25.265533169500006 14.587055878400003 7.560546762400000 0.001946097474163 0.001098126825234 -0.001089688368843
