ITEM: TIMESTEP
0
ITEM: NUMBER OF ATOMS
176
ITEM: BOX BOUNDS xy xz yz pp pp pp
0.0000000000000000e+00 3.0689133480799999e+01 7.6722833701999980e+00
0.0000000000000000e+00 1.7718379476200003e+01 7.6722833702000024e+00
0.0000000000000000e+00 1.2528786279200000e+01 4.4295948690000015e+00
ITEM: ATOMS id type x y z fx fy fz
25 1 5.754204426199998 3.322205851300000 2.349145244699999 -0.019286558148472 -0.026457261001057 -0.002609715295827
137 8 5.423596982400004 5.727889427500000 1.296160360000000 0.005900855306717 -0.006586228292498 0.005602135654095
161 8 3.836156472199998 2.214796731300001 1.566094450300000 0.004140909203130 0.003652684460398 0.001321629604200
169 8 5.423583997600000 3.131308597400002 4.968248379499999 0.000840341922086 0.001505958993711 -0.002217947654664
1 1 7.672276926000002 4.429605525400001 5.481344520900000 0.003275752192220 -0.000817017888966 0.023151206256537
9 1 9.590357242299998 3.322200941900001 2.349140662099999 0.020209991125308 -0.010631064225548 -0.004769812146826
41 7 11.508426617500000 4.429598811900002 5.481334835700000 0.001534623225189 0.002933217078377 0.000218011240075
89 8 9.920970511600007 5.727872023000002 5.994440303000000 0.000623505427016 -0.003431577781631 -0.000063781919368
97 8 11.508423825899998 4.811361409400002 3.402132653400000 -0.000686411731150 -0.002883596610409 0.002446611227305
113 8 9.920965757699999 3.131310752300001 4.968235823200000 -0.001659077983673 -0.000047418532636 -0.001016432962735
129 8 7.672284708600001 4.429600636800002 3.132190496199999 -0.005061001158901 -0.024496889207341 0.005640345544772
145 8 9.920966429100000 5.727866140300000 1.296153622799999 -0.003795574173794 -0.010337437947199 -0.003738273606279
153 8 7.672288882800000 1.833036553300000 1.296161863300000 -0.000979005305723 0.002547947188252 0.000424343494407
162 8 11.508439842400000 2.214796731300001 1.566094450300000 -0.003092033036556 0.001565728458729 0.000858559737295
2 1 15.344560296200001 4.429605525400001 5.481344520900000 -0.000959537456917 0.000087495338804 0.000035293286649
10 1 17.262640612500000 3.322200941900001 2.349140662099999 -0.003611883419451 -0.001708383304720 0.000183734022279
26 1 13.426487796400002 3.322205851300000 2.349145244699999 0.000428903284836 0.000525230394651 0.000025044094477
65 8 13.095888200900001 5.727884393600002 5.994451122499998 -0.001707944251988 -0.000158152547180 -0.001093653653641
90 8 17.593253881800006 5.727872023000002 5.994440303000000 0.002892102161158 0.000285156914601 -0.002007329731139
114 8 17.593249127900009 3.131310752300001 4.968235823200000 0.003424157249974 0.000623733480046 0.000884256590855
130 8 15.344568078800005 4.429600636800002 3.132190496199999 0.001001982799720 -0.000327208252921 -0.000154436158001
138 8 13.095880352600009 5.727889427500000 1.296160360000000 0.000891715774047 -0.001025346810317 -0.003073741140026
146 8 17.593249799300011 5.727866140300000 1.296153622799999 0.004873311174903 0.000993639745034 -0.000329498945507
154 8 15.344572252999999 1.833036553300000 1.296161863300000 0.000391035057624 -0.000251665641079 -0.001968687855827
170 8 13.095867367800004 3.131308597400002 4.968248379499999 -0.001858482989127 -0.000955604830815 0.001337345214723
42 7 19.180709987699998 4.429598811900002 5.481334835700000 -0.003801205167733 0.000052891856406 0.005011402079905
66 8 20.768171571100002 5.727884393600002 5.994451122499998 -0.001649589147274 -0.001981418967800 -0.002971523193387
98 8 19.180707196099995 4.811361409400002 3.402132653400000 0.004138702538873 0.001861506375297 -0.001517729503262
3 1 11.508418611100000 11.073997829000001 5.481344520900000 -0.002006053889583 -0.002589309636032 -0.002142222758561
17 1 7.667274418099986 6.635738823262166 2.349147298800000 0.030272489421927 0.144167692699885 -0.032546423331174
27 1 9.590346111300001 9.966598154900002 2.349145244699999 -0.019075563410420 -0.026122916640859 -0.002598751953643
33 7 9.590343793000001 7.751796947200008 5.481341472000000 0.000197446722659 0.002686603845994 -0.019999566491228
49 7 11.508427041700001 6.644390723800001 2.349147115100000 -0.015672197057038 0.011931269231763 0.005278261949663
73 8 11.508432852700000 8.477427166200002 5.994454850600000 0.002160220606073 -0.001497774402712 0.000764547225695
105 8 9.920968477800001 7.560904182000002 3.402136381700000 0.009474232174828 -0.008012960502074 0.008928862972535
121 8 7.672273857400003 7.026163626600007 4.968234320200000 -0.007755572949289 -0.008039866463868 0.003015938800026
131 8 11.508426393700001 11.073992940400007 3.132190496199999 0.004180602750999 0.003526102183600 0.001392199167432
155 8 11.508430567899998 8.477428856900005 1.296161863300000 0.004027978781078 -0.001703738151988 -0.004698056863482
163 8 7.672298157300000 8.859189034900005 1.566094450300000 -0.005204669194770 -0.022865018683159 0.004974051423087
171 8 9.259725682700001 9.775700901000002 4.968248379499999 -0.002066026122421 0.001823032359267 0.005581900681940
11 1 13.426498927399999 9.966593245500007 2.349140662099999 -0.003594366268074 -0.001709500705866 0.000184232595095
18 1 15.344557788300000 6.644399077300000 2.349147298800000 -0.002595047838716 0.000643038803967 0.000291165044481
28 1 17.262629481500003 9.966598154900002 2.349145244699999 0.000439630941492 0.000518922241687 0.000026442850105
34 7 17.262627163200005 7.751796947200008 5.481341472000000 -0.000580507815535 0.000950995196077 0.000851651075814
43 7 15.344568302600003 11.073991115500002 5.481334835700000 -0.000871714847427 -0.001096062607039 0.000169005911483
57 7 13.426498916499998 7.751790037100004 5.481345370700000 -0.003200922499623 0.000793937170168 -0.002064335718546
81 8 13.095877704700001 7.560908000500002 3.402138567200000 0.001528164732500 -0.000934526481642 0.002497381974041
99 8 15.344565510999997 11.455753713000002 3.402132653400000 0.000459789474929 0.003338077657563 0.001223489629955
106 8 17.593251848000001 7.560904182000002 3.402136381700000 0.004058939975819 -0.002709147679633 0.000099014461044
115 8 13.757107442799997 9.775703055900001 4.968235823200000 0.002816315542385 -0.000134314704494 0.001754904194878
122 8 15.344557227600001 7.026163626600007 4.968234320200000 0.001606907378566 0.001579367117693 0.001501283953151
164 8 15.344581527500001 8.859189034900005 1.566094450300000 0.000920059353488 -0.000210129939538 -0.000242768869469
172 8 16.932009052900014 9.775700901000002 4.968248379499999 -0.001598949172484 -0.001217940379765 0.001319812344731
4 1 19.180701981300000 11.073997829000001 5.481344520900000 0.001517956453573 -0.000467035551801 -0.000742440604789
12 1 21.098782297600000 9.966593245500007 2.349140662099999 0.020102797324808 -0.010649936921998 -0.004746488625854
44 7 23.016851672799998 11.073991115500002 5.481334835700000 0.001927693798295 -0.003270894035214 -0.004359978424885
50 7 19.180710411899998 6.644390723800001 2.349147115100000 -0.015667305969638 0.012052355845941 0.005323968426183
58 7 21.098782286699997 7.751790037100004 5.481345370700000 0.005113939476514 0.006051838347788 0.001078067249485
74 8 19.180716222899989 8.477427166200002 5.994454850600000 -0.001021949003493 -0.002576108119726 -0.001465102265920
82 8 20.768161074900000 7.560908000500002 3.402138567200000 -0.007283917261008 -0.012268042605455 -0.000876186992982
100 8 23.016848881199998 11.455753713000002 3.402132653400000 -0.000887941008482 0.006111312285886 0.003605090557524
116 8 21.429390813000008 9.775703055900001 4.968235823200000 -0.000138924157779 -0.002236835236924 0.003237695094913
132 8 19.180709763900005 11.073992940400007 3.132190496199999 -0.003011639375188 0.001458097733240 0.000944116070586
156 8 19.180713938099998 8.477428856900005 1.296161863300000 -0.000767104629308 -0.006466809641842 -0.000757474612846
19 1 11.508416103199997 13.288791380900006 2.349147298800000 -0.002121139338901 -0.004239391397924 0.000086311441204
123 8 11.508415542500002 13.670555930200003 4.968234320200000 0.001559250293134 0.003316944242834 0.001414405848252
139 8 9.259738667499999 12.372281731100001 1.296160360000000 -0.001331156454257 0.003803623610972 -0.002499675236124
35 7 13.426485478100000 14.396189250800001 5.481341472000000 -0.001178724476158 -0.004338355664170 0.002657400852477
51 7 15.344568726800000 13.288783027399999 2.349147115100000 0.000110948610210 -0.005000772665916 -0.000086182836437
59 7 17.262640601600001 14.396182340700005 5.481345370700000 0.001742181943010 -0.002305294126651 0.002058378456099
67 8 16.932029885999999 12.372276697200000 5.994451122499998 -0.001985289955589 0.001635057118705 -0.001897488640537
75 8 15.344574537799998 15.121819469800011 5.994454850600000 -0.000676323390923 -0.000401452180599 -0.002648064178591
83 8 16.932019389799994 14.205300304100005 3.402138567200000 -0.002360012594671 0.000768952594487 0.000802129938288
91 8 13.757112196700003 12.372264326600002 5.994440303000000 0.001993947588063 0.002660616101555 -0.001653109622718
107 8 13.757110162900000 14.205296485600002 3.402136381700000 0.001843061453760 0.002152187793295 0.000661958376950
140 8 16.932022037700008 12.372281731100001 1.296160360000000 -0.002513841674058 0.001824533739021 -0.001085129188284
147 8 13.757108114200003 12.372258443900009 1.296153622799999 0.002832451583920 0.002570605568486 -0.000952676330068
20 1 19.180699473400008 13.288791380900006 2.349147298800000 0.001923833614706 -0.001903963264244 -0.000269643721859
36 7 21.098768848300001 14.396189250800001 5.481341472000000 0.000974572044836 -0.001080544603360 -0.000108248048945
52 7 23.016852096999997 13.288783027399999 2.349147115100000 0.000099917463505 -0.004983768112773 -0.000087925020479
76 8 23.016857907999988 15.121819469800011 5.994454850600000 -0.000037655352757 -0.001567945304286 -0.001451674309879
92 8 21.429395566900006 12.372264326600002 5.994440303000000 0.000459274794094 0.002410926192951 -0.000680799063953
108 8 21.429393533100004 14.205296485600002 3.402136381700000 0.000670485161704 0.000141202861306 0.002086597550260
124 8 19.180698912699995 13.670555930200003 4.968234320200000 -0.000945827663168 0.002584515950564 0.001339969833808
148 8 21.429391484400018 12.372258443900009 1.296153622799999 0.001000819977261 0.002705797987338 -0.002020110763457
60 7 24.934923971800007 14.396182340700005 5.481345370700000 -0.001313508289568 -0.002087575367661 0.000117013204860
68 8 24.604313256200001 12.372276697200000 5.994451122499998 -0.000951753895832 0.002567198248914 -0.000626156778513
84 8 24.604302760000003 14.205300304100005 3.402138567200000 -0.000520852917444 0.000630328138922 0.001869305938732
29 1 9.590346111300004 5.537003285800003 8.613538384300000 0.000511599758708 0.000477489396290 -0.000109982848504
157 8 11.508430567900000 4.047833987800002 7.560555002900000 -0.000136110052788 -0.001958446581062 -0.001803970264207
165 8 7.672298157300002 4.429594165800001 7.830487589900000 -0.000456092090537 0.000043873667845 -0.003446059578679
173 8 9.259725682700003 5.346106031900003 11.232641519100001 -0.001236716282937 0.000696543871837 0.001018073982761
13 1 13.426498927400001 5.536998376400002 8.613533801700001 -0.000520429564017 -0.000203172826497 -0.000948972169119
30 1 17.262629481500003 5.537003285800003 8.613538384300000 0.000197869143610 -0.000130070002295 0.000013971938317
117 8 13.757107442800002 5.346108186800002 11.232628962800000 0.002628173981726 0.001083267508573 0.002184063633485
166 8 15.344581527500001 4.429594165800001 7.830487589900000 0.000112544203035 0.000210009511179 0.000071905365923
174 8 16.932009052900007 5.346106031900003 11.232641519100001 -0.002778015174941 0.000452122100925 0.001986992421817
14 1 21.098782297600003 5.536998376400002 8.613533801700001 -0.000073720834243 0.000423211859765 0.001588899680608
118 8 21.429390813000005 5.346108186800002 11.232628962800000 0.001599431148693 0.000146063614104 0.000910585741809
158 8 19.180713938100002 4.047833987800002 7.560555002900000 0.000340936756355 -0.001357061640557 -0.003434898647420
5 1 11.508418611100007 6.644402959900002 11.745737660500000 -0.002014887733071 -0.002593193638125 -0.002156882107723
21 1 11.508416103199998 8.859196511800004 8.613540438400001 -0.000781386660373 -0.000404071984501 -0.002670513488690
125 8 11.508415542500003 9.240961061100004 11.232627459799998 0.002633221108650 0.002298168538501 0.003616388353611
133 8 11.508426393700002 6.644398071300002 9.396583635799999 0.000216100067981 0.000126503010755 0.001128882994978
141 8 9.259738667500002 7.942686862000003 7.560553499600000 -0.002082411596122 0.000691784621051 0.001782977454897
167 8 11.508439842400001 11.073986469400005 7.830487589900000 0.000138087707107 0.000241330977991 0.001034197562185
37 7 13.426485478099996 9.966594381700006 11.745734611600000 0.000272294347337 0.002767488057630 -0.020067349072306
45 7 15.344568302600001 6.644396246400003 11.745727975299999 0.001949047402443 -0.003266974044959 -0.004378609619154
53 7 15.344568726799995 8.859188158300002 8.613540254699998 0.000462560438598 0.000430942886338 -0.001489198489491
61 7 17.262640601600001 9.966587471600000 11.745738510299995 0.005040007465774 0.006094303467264 0.001198491196994
69 8 16.932029886000002 7.942681828100003 12.258844262099997 -0.003738342697313 -0.000775448527855 0.000439430992415
77 8 15.344574537800005 10.692224600700005 12.258847990200001 -0.008271962764168 -0.011895771605838 0.000036762222831
85 8 16.932019389799990 9.775705435000003 9.666531706799999 -0.002194717021572 -0.001700671843461 0.001150747027388
93 8 13.757112196700007 7.942669457500004 12.258833442600000 0.001168932465421 0.003784326969440 0.002960475519404
101 8 15.344565511000003 7.026158843900003 9.666525792999996 -0.000066095112273 0.001784757845804 0.003194668436512
109 8 13.757110162900005 9.775701616500001 9.666529521300001 0.001088020660755 -0.000993879757154 0.004950379079446
142 8 16.932022037700005 7.942686862000003 7.560553499600000 -0.001739716741136 0.000659266396491 -0.001638179032399
149 8 13.757108114200001 7.942663574800001 7.560546762400000 0.002425625947663 0.001095410221452 -0.000123623534475
159 8 15.344572253000006 10.692226291400004 7.560555002900000 -0.000096398052839 -0.002093885336487 -0.001462567335930
6 1 19.180701981300004 6.644402959900002 11.745737660500000 0.001516793177080 -0.000457922545556 -0.000741206259311
22 1 19.180699473400011 8.859196511800004 8.613540438400001 0.000394632007615 0.000274898976142 0.000030856455261
38 7 21.098768848300008 9.966594381700006 11.745734611600000 -0.000596370526955 0.000946887051110 0.000855139599583
46 7 23.016851672800001 6.644396246400003 11.745727975299999 -0.000877545884495 -0.001095760779705 0.000165309769444
54 7 23.016852096999990 8.859188158300002 8.613540254699998 0.000456291414569 0.000421278612453 -0.001501414631556
78 8 23.016857907999999 10.692224600700005 12.258847990200001 0.001130577116743 -0.002227070559561 -0.001353133597715
94 8 21.429395566900006 7.942669457500004 12.258833442600000 0.001639494966556 0.000737148823836 -0.001345749702850
102 8 23.016848881199998 7.026158843900003 9.666525792999996 -0.000021749084585 0.001487945833779 0.001738363515063
110 8 21.429393533100001 9.775701616500001 9.666529521300001 0.001442001015134 -0.001017224177132 0.001536901737962
126 8 19.180698912700002 9.240961061100004 11.232627459799998 -0.000519230017895 0.001220870585510 0.001376398958341
134 8 19.180709763900005 6.644398071300002 9.396583635799999 -0.000114447326090 -0.000262257718583 0.000101416588189
150 8 21.429391484400004 7.942663574800001 7.560546762400000 0.001157092812407 0.000241762511035 -0.001648943547774
160 8 23.016855623200005 10.692226291400004 7.560555002900000 -0.000136658949768 -0.001793095502383 -0.000003938431951
168 8 19.180723212599993 11.073986469400005 7.830487589900000 -0.000190288042489 -0.000144073302240 0.000011643098052
62 7 24.934923971800000 9.966587471600000 11.745738510299995 -0.003205899057130 0.000799454382970 -0.002069359417718
70 8 24.604313256200005 7.942681828100003 12.258844262099997 -0.000762147045762 0.001350356970066 -0.001047803464823
86 8 24.604302759999996 9.775705435000003 9.666531706799999 -0.000926285211628 -0.000841214157520 0.002706391462554
7 1 15.344560296200003 13.288795263500004 11.745737660500000 0.003235664988624 -0.000874537037749 0.023064672404873
15 1 17.262640612500000 12.181390680000009 8.613533801700001 -0.000076781457864 0.000416523578868 0.001594536543968
23 1 15.344557788300000 15.503588815399999 8.613540438400001 0.000284890055116 -0.000957730366141 0.002406746465153
31 1 13.426487796399995 12.181395589400003 8.613538384300000 0.000516288747070 0.000474666502599 -0.000098717134892
39 7 17.262627163200005 16.610986685300006 11.745734611600000 -0.001180726089981 -0.004326508063164 0.002640943505203
95 8 17.593253881800010 14.587061761100006 12.258833442600000 0.004065252628198 0.003459832628796 -0.004854671743040
111 8 17.593251848000001 16.420093920100001 9.666529521300001 0.001839474646652 -0.000533718996507 0.000177656672739
119 8 17.593249127900002 11.990500490400001 11.232628962800000 0.001942437505736 -0.003438498707534 -0.000161109245519
127 8 15.344557227600006 15.885353364700006 11.232627459799998 -0.000189103835540 0.003404017509743 0.000210981453378
135 8 15.344568078800005 13.288790374900007 9.396583635799999 -0.000378344422846 -0.000062215186567 -0.003355994546964
143 8 13.095880352600002 14.587079165600008 7.560553499600000 -0.001338831845915 0.001146131094392 -0.003003906576197
151 8 17.593249799300004 14.587055878400003 7.560546762400000 0.001307714980652 0.001272183636023 -0.002627962164382
175 8 13.095867367800004 11.990498335500007 11.232641519100001 -0.002620902606206 -0.005387997045604 0.002598570315756
8 1 23.016843666400000 13.288795263500004 11.745737660500000 -0.000956717814544 0.000086323604215 0.000033633092440
24 1 23.016841158500000 15.503588815399999 8.613540438400001 -0.000119432191352 -0.000406328554477 -0.000043093938548
32 1 21.098771166600002 12.181395589400003 8.613538384300000 0.000196717939485 -0.000132786045291 0.000014220715803
47 7 19.180709987699998 13.288788550000005 11.745727975299999 -0.003797722441505 0.000034749731775 0.004989493577139
55 7 19.180710411900002 15.503580461900007 8.613540254699998 -0.000130126177398 -0.000360591021486 0.001058119637698
63 7 21.098782286700004 16.610979775200004 11.745738510299995 -0.001307940252288 -0.002090756032262 0.000107946438383
71 8 20.768171571100002 14.587074131700003 12.258844262099997 -0.000161409092585 0.002110878823794 -0.001916797377626
79 8 19.180716222899996 17.336616904300001 12.258847990200001 0.001074573127937 -0.000489142943738 -0.001436759733077
87 8 20.768161074900000 16.420097738599999 9.666531706799999 -0.001400583415058 -0.000582739408503 0.001474674673000
103 8 19.180707196099995 13.670551147500003 9.666525792999996 0.000414245777084 0.002228599437537 -0.000235936097515
128 8 23.016840597800005 15.885353364700006 11.232627459799998 0.000441033909952 0.002239657308853 0.001405221112889
136 8 23.016851449000004 13.288790374900007 9.396583635799999 0.000189843458787 0.000094699015308 0.000161570872907
144 8 20.768163722800004 14.587079165600008 7.560553499600000 -0.001602538358676 0.001060369153186 -0.001696001956278
176 8 20.768150737999996 11.990498335500007 11.232641519100001 -0.000341302018167 -0.001666556345512 0.000658944441784
16 1 24.934923982700003 12.181390680000009 8.613533801700001 -0.000520717137645 -0.000202565837733 -0.000945577818368
40 7 24.934910533400007 16.610986685300006 11.745734611600000 0.000977020349991 -0.001085109966328 -0.000110621680834
48 7 26.852993357900004 13.288788550000005 11.745727975299999 0.001545807131447 0.002925596719479 0.000227562473396
56 7 26.852993782099993 15.503580461900007 8.613540254699998 -0.000132140363947 -0.000362569133615 0.001063072419932
64 7 28.771065656899999 16.610979775200004 11.745738510299995 0.001735240032456 -0.002304557310298 0.002053881630413
72 8 28.440454941300004 14.587074131700003 12.258844262099997 -0.005233039057170 0.001445676230320 -0.003819341911994
80 8 26.852999593099998 17.336616904300001 12.258847990200001 -0.001425745030280 -0.001223262103341 -0.001513632865037
88 8 28.440444445099999 16.420097738599999 9.666531706799999 -0.002045721115273 -0.000667000877217 0.000199488453073
96 8 25.265537252000023 14.587061761100006 12.258833442600000 0.001371408543552 0.001007314117285 -0.001329502022671
104 8 26.852990566300001 13.670551147500003 9.666525792999996 -0.000064528739788 0.001628052314427 0.001386697582734
112 8 25.265535218199997 16.420093920100001 9.666529521300001 0.001577971693593 -0.000618674419937 0.001479252849436
120 8 25.265532498100001 11.990500490400001 11.232628962800000 0.001871150556505 -0.001648129061393 0.001711330980160
152 8 25.265533169500006 14.587055878400003 7.560546762400000 0.001954870365782 0.001354381786290 -0.001354779169997
