ITEM: TIMESTEP
0
ITEM: NUMBER OF ATOMS
176
ITEM: BOX BOUNDS xy xz yz pp pp pp
0.0000000000000000e+00 3.0689133480799999e+01 7.6722833701999980e+00
0.0000000000000000e+00 1.7718379476200003e+01 7.6722833702000024e+00
0.0000000000000000e+00 1.2528786279200000e+01 4.4295948690000015e+00
ITEM: ATOMS id type x y z fx fy fz
25 1 5.754204426199998 3.322205851300000 2.349145244699999 0.001720051371937 0.000361469437786 0.002023654749604
137 8 5.423596982400004 5.727889427500000 1.296160360000000 -0.001416398518109 0.001308093434863 -0.002138149302918
161 8 3.836156472199998 2.214796731300001 1.566094450300000 -0.000785965141445 -0.000316451558169 -0.000516019640150
169 8 5.423583997600000 3.131308597400002 4.968248379499999 -0.006532992004580 -0.003457026314069 0.000567187217089
1 1 7.672276926000002 4.429605525400001 5.481344520900000 0.009171037653706 -0.004080657265965 0.004483960677477
9 1 9.590357242299998 3.322200941900001 2.349140662099999 -0.001174962924279 -0.000470174153409 0.005164833573746
41 7 11.508426617500000 4.429598811900002 5.481334835700000 -0.012608842539332 -0.013180392026090 0.001696545558412
89 8 9.915970511599989 5.719211768962165 5.994440303000000 -0.004528446203109 0.100894606008223 -0.001106090133209
97 8 11.508423825899998 4.811361409400002 3.402132653400000 0.001711418904955 0.005155923692761 -0.001626704011988
113 8 9.920965757699999 3.131310752300001 4.968235823200000 0.005264369120215 -0.021056836107445 -0.006688962308225
129 8 7.672284708600001 4.429600636800002 3.132190496199999 -0.001041699340529 0.000981005480222 -0.006588591598856
145 8 9.920966429100000 5.727866140300000 1.296153622799999 0.002507988847338 0.002675420427634 -0.000978768986031
153 8 7.672288882800000 1.833036553300000 1.296161863300000 -0.000115899871272 -0.002056020856691 -0.002539513442337
162 8 11.508439842400000 2.214796731300001 1.566094450300000 0.000649543106443 -0.000069759965622 -0.000759110561037
2 1 15.344560296200001 4.429605525400001 5.481344520900000 0.000468025601900 -0.001521685415285 -0.000357261822498
10 1 17.262640612500000 3.322200941900001 2.349140662099999 0.000121718796505 -0.000256080919920 0.000484423121961
26 1 13.426487796400002 3.322205851300000 2.349145244699999 -0.000550050779160 -0.000727982149483 0.000802344365943
65 8 13.095888200900001 5.727884393600002 5.994451122499998 -0.003381165442230 0.005482080377198 -0.001168415678576
90 8 17.593253881800006 5.727872023000002 5.994440303000000 0.000735504176442 0.001717407307257 -0.001374587772956
114 8 17.593249127900009 3.131310752300001 4.968235823200000 0.000903646224025 -0.001033898559302 0.001017883319017
130 8 15.344568078800005 4.429600636800002 3.132190496199999 0.000465783624432 0.000456702680078 -0.000099801433359
138 8 13.095880352600009 5.727889427500000 1.296160360000000 -0.001967268851813 0.001652760907994 -0.001309621017562
146 8 17.593249799300011 5.727866140300000 1.296153622799999 0.000625264872987 0.000587711461569 -0.001011842579949
154 8 15.344572252999999 1.833036553300000 1.296161863300000 0.000265784463256 -0.001637188499486 -0.001653752574831
170 8 13.095867367800004 3.131308597400002 4.968248379499999 0.003113997838491 -0.005232559358952 -0.000053943933833
42 7 19.180709987699998 4.429598811900002 5.481334835700000 0.002989085069126 -0.000796182445107 0.000200467176005
66 8 20.768171571100002 5.727884393600002 5.994451122499998 -0.003785910453706 0.003739917615808 -0.001277162016788
98 8 19.180707196099995 4.811361409400002 3.402132653400000 -0.000531286087371 0.002182043984766 0.001148970216297
3 1 11.508418611100000 11.073997829000001 5.481344520900000 0.002750500474069 0.004977400752338 -0.000415445106605
17 1 7.672274418099999 6.644399077300000 2.349147298800000 -0.001985712925256 -0.003989458844222 -0.000361119456351
27 1 9.590346111300001 9.966598154900002 2.349145244699999 -0.000041667307902 0.001994049756294 -0.004105828212453
33 7 9.590343793000001 7.751796947200008 5.481341472000000 -0.004602353429910 -0.031434865041601 0.003107191377466
49 7 11.508427041700001 6.644390723800001 2.349147115100000 0.003111355328292 -0.004568540570620 -0.004546691413178
73 8 11.508432852700000 8.477427166200002 5.994454850600000 -0.010633247852792 -0.010280103128806 -0.002892972293700
105 8 9.920968477800001 7.560904182000002 3.402136381700000 0.001196188787913 -0.000206140552647 0.012340097081670
121 8 7.672273857400003 7.026163626600007 4.968234320200000 0.008744365284067 0.010874577839722 0.002688402088808
131 8 11.508426393700001 11.073992940400007 3.132190496199999 -0.000844396627533 -0.000956689680770 0.001198648746765
155 8 11.508430567899998 8.477428856900005 1.296161863300000 -0.000560898559473 -0.001990957514296 -0.000098480297728
163 8 7.672298157300000 8.859189034900005 1.566094450300000 0.000901259901133 0.000442835339560 0.001053687772477
171 8 9.259725682700001 9.775700901000002 4.968248379499999 0.002801681075591 -0.022099079562152 0.006111181977971
11 1 13.426498927399999 9.966593245500007 2.349140662099999 0.001131100736958 0.000713924667510 -0.001115192464624
18 1 15.344557788300000 6.644399077300000 2.349147298800000 0.000565276553080 -0.000512981269860 -0.000343355290576
28 1 17.262629481500003 9.966598154900002 2.349145244699999 0.000366133366301 0.000322061537062 0.000029683715476
34 7 17.262627163200005 7.751796947200008 5.481341472000000 0.001421797691811 -0.000061887350189 0.000135791468529
43 7 15.344568302600003 11.073991115500002 5.481334835700000 0.002036231739352 0.002253784148225 0.000483808856301
57 7 13.426498916499998 7.751790037100004 5.481345370700000 0.009424305073747 -0.000895711387086 -0.001968676063614
81 8 13.095877704700001 7.560908000500002 3.402138567200000 -0.002387915746412 -0.000445514973032 0.002789971589860
99 8 15.344565510999997 11.455753713000002 3.402132653400000 -0.000501461717376 0.000822604645526 0.001769234891841
106 8 17.593251848000001 7.560904182000002 3.402136381700000 0.001152196854039 -0.000834976449457 0.001789253876049
115 8 13.757107442799997 9.775703055900001 4.968235823200000 -0.000393821017146 -0.002575439002140 0.001812920379453
122 8 15.344557227600001 7.026163626600007 4.968234320200000 -0.001747664069552 0.002450830500124 0.001645594169368
164 8 15.344581527500001 8.859189034900005 1.566094450300000 -0.000655353145369 -0.000102161598585 0.000369496271413
172 8 16.932009052900014 9.775700901000002 4.968248379499999 -0.001948004867192 -0.001297316742447 0.001300968355683
4 1 19.180701981300000 11.073997829000001 5.481344520900000 -0.000739393810985 0.001024405269677 -0.000140904010821
12 1 21.098782297600000 9.966593245500007 2.349140662099999 -0.001334203352921 0.000197274347219 -0.000493169505928
44 7 23.016851672799998 11.073991115500002 5.481334835700000 -0.007009874840114 0.005817502662858 0.001522747574601
50 7 19.180710411899998 6.644390723800001 2.349147115100000 -0.000182398301109 -0.000700737366264 0.000155941624620
58 7 21.098782286699997 7.751790037100004 5.481345370700000 -0.002797128065239 -0.002551070852862 0.000523846414127
74 8 19.180716222899989 8.477427166200002 5.994454850600000 0.000057374190455 -0.001812984945133 -0.001503261712808
82 8 20.768161074900000 7.560908000500002 3.402138567200000 -0.001066835404930 -0.000416074871785 0.001722113581428
100 8 23.016848881199998 11.455753713000002 3.402132653400000 0.001369565807691 0.000188516936117 0.003171427719124
116 8 21.429390813000008 9.775703055900001 4.968235823200000 0.003351369844615 -0.000393677200790 0.001536184461734
132 8 19.180709763900005 11.073992940400007 3.132190496199999 0.000383948629633 -0.000524121573116 0.000036283150562
156 8 19.180713938099998 8.477428856900005 1.296161863300000 0.000213920067628 -0.001485569967252 -0.001667910073748
19 1 11.508416103199997 13.288791380900006 2.349147298800000 0.000582387465149 0.001373619637222 -0.000366021742052
123 8 11.508415542500002 13.670555930200003 4.968234320200000 -0.001055375026543 -0.000001479195008 0.001160508559073
139 8 9.259738667499999 12.372281731100001 1.296160360000000 -0.001326196560928 0.000071359191914 -0.000591421203680
35 7 13.426485478100000 14.396189250800001 5.481341472000000 0.003280750795793 0.003952043739092 0.000168306278269
51 7 15.344568726800000 13.288783027399999 2.349147115100000 0.000634687828140 0.001903857770295 0.001044841808843
59 7 17.262640601600001 14.396182340700005 5.481345370700000 0.000034518874909 0.010152667338681 -0.001558332107624
67 8 16.932029885999999 12.372276697200000 5.994451122499998 -0.002392615984553 -0.002225286504253 -0.000966782408593
75 8 15.344574537799998 15.121819469800011 5.994454850600000 -0.001874686335825 -0.005330788041188 -0.000810355285895
83 8 16.932019389799994 14.205300304100005 3.402138567200000 -0.002371947415821 -0.003006718050379 -0.000503208598377
91 8 13.757112196700003 12.372264326600002 5.994440303000000 0.000749413583642 -0.000791498799822 -0.001388546141445
107 8 13.757110162900000 14.205296485600002 3.402136381700000 0.001213778873569 -0.001638473906129 0.001073973211242
140 8 16.932022037700008 12.372281731100001 1.296160360000000 -0.001357666414758 0.000331728634000 -0.002033483841008
147 8 13.757108114200003 12.372258443900009 1.296153622799999 0.000922645327935 0.000174837269264 -0.001016916317003
20 1 19.180699473400008 13.288791380900006 2.349147298800000 -0.000691415152361 0.000957630080640 0.000861248037735
36 7 21.098768848300001 14.396189250800001 5.481341472000000 -0.002062839990746 0.002386782491003 -0.000300280872959
52 7 23.016852096999997 13.288783027399999 2.349147115100000 -0.001103451218575 0.001602972646285 -0.000725390432259
76 8 23.016857907999988 15.121819469800011 5.994454850600000 0.000629627499481 -0.002189411261651 -0.001282360049970
92 8 21.429395566900006 12.372264326600002 5.994440303000000 0.003553911588092 -0.001274012704745 -0.001490717895900
108 8 21.429393533100004 14.205296485600002 3.402136381700000 0.002208342289138 -0.001486568994071 0.001028409060912
124 8 19.180698912699995 13.670555930200003 4.968234320200000 0.001995340009307 0.000204556685301 0.001167986754853
148 8 21.429391484400018 12.372258443900009 1.296153622799999 0.001655821330899 0.000520952413965 -0.000666468919759
60 7 24.934923971800007 14.396182340700005 5.481345370700000 0.000114194020629 0.002304920907368 0.000126809983564
68 8 24.604313256200001 12.372276697200000 5.994451122499998 -0.001843473718839 -0.001873202806623 -0.002101027008740
84 8 24.604302760000003 14.205300304100005 3.402138567200000 -0.001649660703243 -0.001430123288210 0.001529631354193
29 1 9.590346111300004 5.537003285800003 8.613538384300000 -0.004851927975599 -0.012151065581927 -0.004579417560405
157 8 11.508430567900000 4.047833987800002 7.560555002900000 0.006851141684879 -0.003370735726238 0.004368625999756
165 8 7.672298157300002 4.429594165800001 7.830487589900000 -0.004844863258723 -0.000761096913767 0.008256073081829
173 8 9.259725682700003 5.346106031900003 11.232641519100001 -0.001873350577174 -0.000768730510315 0.002331782974854
13 1 13.426498927400001 5.536998376400002 8.613533801700001 -0.000600541103899 -0.002550709001507 0.001012355435069
30 1 17.262629481500003 5.537003285800003 8.613538384300000 0.000781772041632 -0.000348658043521 -0.000071985794785
117 8 13.757107442800002 5.346108186800002 11.232628962800000 0.001800286208954 -0.000614508256434 0.001064380345718
166 8 15.344581527500001 4.429594165800001 7.830487589900000 -0.000350674747139 0.000487030403307 -0.000165518146813
174 8 16.932009052900007 5.346106031900003 11.232641519100001 -0.001710103684082 -0.000858940803536 0.001125629122137
14 1 21.098782297600003 5.536998376400002 8.613533801700001 0.002424548273231 -0.002581424172401 -0.001777185968899
118 8 21.429390813000005 5.346108186800002 11.232628962800000 0.002055543450041 -0.000456760446656 0.001572279675178
158 8 19.180713938100002 4.047833987800002 7.560555002900000 -0.000453116039312 -0.001750515657462 -0.001409092475716
5 1 11.508418611100007 6.644402959900002 11.745737660500000 -0.000033138564472 -0.000646545856176 0.000438739702698
21 1 11.508416103199998 8.859196511800004 8.613540438400001 0.002412385157369 0.000963746976920 0.005160602443625
125 8 11.508415542500003 9.240961061100004 11.232627459799998 0.000149894743765 0.001869332411607 0.000399573380209
133 8 11.508426393700002 6.644398071300002 9.396583635799999 0.001026406698225 0.002168865053713 -0.000923410552030
141 8 9.259738667500002 7.942686862000003 7.560553499600000 0.006136092690699 -0.007124771648763 -0.016522145952230
167 8 11.508439842400001 11.073986469400005 7.830487589900000 -0.000869471141175 -0.001706250355647 -0.001216494661179
37 7 13.426485478099996 9.966594381700006 11.745734611600000 0.000768508190246 -0.000098595930934 0.000811073280838
45 7 15.344568302600001 6.644396246400003 11.745727975299999 0.000036949249244 -0.000101007409658 0.001263583603767
53 7 15.344568726799995 8.859188158300002 8.613540254699998 0.001462403646614 0.000762989071701 0.000740710055419
61 7 17.262640601600001 9.966587471600000 11.745738510299995 -0.000211952377176 -0.000205337303599 -0.000312324642128
69 8 16.932029886000002 7.942681828100003 12.258844262099997 -0.001850095643728 0.000932824796160 -0.002091157938861
77 8 15.344574537800005 10.692224600700005 12.258847990200001 -0.000251589167555 -0.001862294167631 -0.001507531952599
85 8 16.932019389799990 9.775705435000003 9.666531706799999 -0.001981783066670 -0.001281059810942 0.001288447523945
93 8 13.757112196700007 7.942669457500004 12.258833442600000 0.001517817944024 0.001189109858296 -0.001920506340849
101 8 15.344565511000003 7.026158843900003 9.666525792999996 -0.000069528114823 0.002000139335360 0.001145006208024
109 8 13.757110162900005 9.775701616500001 9.666529521300001 0.001097152664382 -0.001125874550624 0.000964474455475
142 8 16.932022037700005 7.942686862000003 7.560553499600000 -0.001954463437817 0.000955433264176 -0.001648377928128
149 8 13.757108114200001 7.942663574800001 7.560546762400000 0.000098230732093 0.001276660599867 -0.002895319822757
159 8 15.344572253000006 10.692226291400004 7.560555002900000 -0.000395454618476 -0.002425883498950 -0.001654221720380
6 1 19.180701981300004 6.644402959900002 11.745737660500000 0.000125425293773 -0.000309116467643 0.000289176474480
22 1 19.180699473400011 8.859196511800004 8.613540438400001 -0.000246420693052 -0.000208985309706 0.000095729588084
38 7 21.098768848300008 9.966594381700006 11.745734611600000 -0.000008447262464 -0.000212404332745 0.000019727191612
46 7 23.016851672800001 6.644396246400003 11.745727975299999 -0.000118125981406 -0.000794124782288 0.000176129370292
54 7 23.016852096999990 8.859188158300002 8.613540254699998 -0.006304970846700 0.001100362552271 0.004710749675017
78 8 23.016857907999999 10.692224600700005 12.258847990200001 -0.000251308365137 -0.002058893141450 -0.001519678793296
94 8 21.429395566900006 7.942669457500004 12.258833442600000 0.001757324369088 0.001417759950772 -0.001563762971894
102 8 23.016848881199998 7.026158843900003 9.666525792999996 0.000497139623018 0.003779387146605 0.000428242084642
110 8 21.429393533100001 9.775701616500001 9.666529521300001 0.003145208913660 -0.001562984174566 0.000463267664618
126 8 19.180698912700002 9.240961061100004 11.232627459799998 0.000369868960215 0.002015502973153 0.001383123842897
134 8 19.180709763900005 6.644398071300002 9.396583635799999 -0.000510188204881 0.000472183956871 0.000175048211796
150 8 21.429391484400004 7.942663574800001 7.560546762400000 0.003298474350856 0.002194927189555 -0.001407117374947
160 8 23.016855623200005 10.692226291400004 7.560555002900000 0.000912946147705 -0.002940194720390 -0.002457854411766
168 8 19.180723212599993 11.073986469400005 7.830487589900000 0.000327921349789 -0.000287455239490 -0.000024559682025
62 7 24.934923971800000 9.966587471600000 11.745738510299995 -0.000153235461668 0.000198506805494 0.001668259441131
70 8 24.604313256200005 7.942681828100003 12.258844262099997 -0.001799989012844 0.000986885967841 -0.001518881210352
86 8 24.604302759999996 9.775705435000003 9.666531706799999 -0.001531817331763 -0.001766813067940 -0.000566977761299
7 1 15.344560296200003 13.288795263500004 11.745737660500000 -0.000071081324978 0.000233641566069 -0.001214501454170
15 1 17.262640612500000 12.181390680000009 8.613533801700001 -0.000106307762880 0.001207897800455 -0.000493007324250
23 1 15.344557788300000 15.503588815399999 8.613540438400001 0.001025401575810 0.003288906687642 -0.002998840769763
31 1 13.426487796399995 12.181395589400003 8.613538384300000 0.001389741144560 0.001496362830634 0.000331951009801
39 7 17.262627163200005 16.610986685300006 11.745734611600000 0.000236190727154 0.000402990658718 -0.002282816645769
95 8 17.593253881800010 14.587061761100006 12.258833442600000 0.001730728694285 0.000663322553546 -0.000389570880520
111 8 17.593251848000001 16.420093920100001 9.666529521300001 0.001595526682744 -0.000903208398814 0.002976282512821
119 8 17.593249127900002 11.990500490400001 11.232628962800000 0.001887065514399 -0.000822986646937 0.001706772180164
127 8 15.344557227600006 15.885353364700006 11.232627459799998 0.000316353611836 0.001867625805011 0.002101547305642
135 8 15.344568078800005 13.288790374900007 9.396583635799999 -0.000233776012940 -0.001209641236394 0.000602118906381
143 8 13.095880352600002 14.587079165600008 7.560553499600000 -0.002292839653260 0.000207779098753 -0.001258255730411
151 8 17.593249799300004 14.587055878400003 7.560546762400000 0.002207078121096 0.000008452259099 0.000043870463134
175 8 13.095867367800004 11.990498335500007 11.232641519100001 -0.001677614481269 -0.001129727489781 0.001202522319292
8 1 23.016843666400000 13.288795263500004 11.745737660500000 0.000053727059816 0.000136895294949 -0.000159139287708
24 1 23.016841158500000 15.503588815399999 8.613540438400001 -0.000668249118629 0.000045408782059 -0.000152076823696
32 1 21.098771166600002 12.181395589400003 8.613538384300000 -0.000756858299347 0.001010553750966 0.000120010775722
47 7 19.180709987699998 13.288788550000005 11.745727975299999 -0.000067383429765 0.000360181848279 -0.001685965526586
55 7 19.180710411900002 15.503580461900007 8.613540254699998 -0.001950193695127 0.003279583225677 -0.002875833131246
63 7 21.098782286700004 16.610979775200004 11.745738510299995 -0.000449675138125 0.000394119980251 -0.000545288158302
71 8 20.768171571100002 14.587074131700003 12.258844262099997 -0.001902659863274 0.000426024539664 -0.000953333493056
79 8 19.180716222899996 17.336616904300001 12.258847990200001 -0.000169337983171 -0.001973062982126 -0.001124992260681
87 8 20.768161074900000 16.420097738599999 9.666531706799999 -0.000569109224216 -0.000873124178245 0.002450598507672
103 8 19.180707196099995 13.670551147500003 9.666525792999996 0.000275149788857 0.000865289968673 0.002472113640226
128 8 23.016840597800005 15.885353364700006 11.232627459799998 0.000355927192997 0.001735497204506 0.001345730544793
136 8 23.016851449000004 13.288790374900007 9.396583635799999 0.000369649884650 -0.000528469984533 -0.000173649739446
144 8 20.768163722800004 14.587079165600008 7.560553499600000 -0.000628738838158 -0.000160240725242 -0.001502515612235
176 8 20.768150737999996 11.990498335500007 11.232641519100001 -0.001528852814000 -0.001052050950492 0.001465153177869
16 1 24.934923982700003 12.181390680000009 8.613533801700001 -0.000466028829361 0.001616773636219 0.001184138870674
40 7 24.934910533400007 16.610986685300006 11.745734611600000 0.000525141549588 0.000122210079444 0.000050667540673
48 7 26.852993357900004 13.288788550000005 11.745727975299999 0.000178803471108 0.000609717062289 0.000088231740950
56 7 26.852993782099993 15.503580461900007 8.613540254699998 0.001056912498010 0.000901034151531 -0.000692847253885
64 7 28.771065656899999 16.610979775200004 11.745738510299995 0.000060517643888 0.000325538230574 -0.000817920476496
72 8 28.440454941300004 14.587074131700003 12.258844262099997 -0.001747756822645 0.000416048275720 -0.001079180349323
80 8 26.852999593099998 17.336616904300001 12.258847990200001 -0.000422650222920 -0.001979644465625 -0.001433503578600
88 8 28.440444445099999 16.420097738599999 9.666531706799999 -0.002298615536192 -0.001103860951987 0.002185962675721
96 8 25.265537252000023 14.587061761100006 12.258833442600000 0.001526672459561 0.000973081748168 -0.001350483736890
104 8 26.852990566300001 13.670551147500003 9.666525792999996 -0.000269750103255 0.001111438506288 0.001570773405180
112 8 25.265535218199997 16.420093920100001 9.666529521300001 0.001236291590317 -0.000861928782139 0.001737467076293
120 8 25.265532498100001 11.990500490400001 11.232628962800000 0.001729285757842 -0.001016065176371 0.000789345925365
152 8 25.265533169500006 14.587055878400003 7.560546762400000 0.001009765634751 0.000131404561504 -0.001184648142186
