ITEM: TIMESTEP
0
ITEM: NUMBER OF ATOMS
176
ITEM: BOX BOUNDS xy xz yz pp pp pp
0.0000000000000000e+00 3.0689133480799999e+01 7.6722833701999980e+00
0.0000000000000000e+00 1.7718379476200003e+01 7.6722833702000024e+00
0.0000000000000000e+00 1.2528786279200000e+01 4.4295948690000015e+00
ITEM: ATOMS id type x y z fx fy fz
25 1 5.754204426199998 3.322205851300000 2.349145244699999 -0.002007911578725 0.002338570564528 -0.015492992508828
137 8 5.423596982400004 5.727889427500000 1.296160360000000 -0.002549409533216 -0.000847028656548 -0.001603436165592
161 8 3.836156472199998 2.214796731300001 1.566094450300000 0.001485822586040 0.000589291950178 0.001791662552380
169 8 5.423583997600000 3.131308597400002 4.968248379499999 0.008232482305772 -0.004479230587171 0.001889815073288
1 1 7.667276925999988 4.420945271362166 5.481344520900000 0.030318595295195 0.052225812557233 -0.000081304320591
9 1 9.590357242299998 3.322200941900001 2.349140662099999 0.002967579961396 0.005481461276490 0.000099175710936
41 7 11.508426617500000 4.429598811900002 5.481334835700000 -0.015692018640859 0.014930952729381 0.004355909721875
89 8 9.920970511600007 5.727872023000002 5.994440303000000 0.011893944781789 -0.002138344769479 -0.000700820941547
97 8 11.508423825899998 4.811361409400002 3.402132653400000 0.001396850388657 -0.000002753039681 -0.001123545922283
113 8 9.920965757699999 3.131310752300001 4.968235823200000 -0.006129552329194 -0.014642950688548 0.001384710921541
129 8 7.672284708600001 4.429600636800002 3.132190496199999 -0.005100024907212 -0.008814091056371 0.000114373891882
145 8 9.920966429100000 5.727866140300000 1.296153622799999 0.001688035137698 -0.000145752672454 -0.003292317966213
153 8 7.672288882800000 1.833036553300000 1.296161863300000 -0.000974152263076 -0.002446534297368 0.000279631737158
162 8 11.508439842400000 2.214796731300001 1.566094450300000 -0.000449491297845 -0.000532849479043 -0.000017264690474
2 1 15.344560296200001 4.429605525400001 5.481344520900000 -0.002553633218703 0.000836905252946 0.000178599931274
10 1 17.262640612500000 3.322200941900001 2.349140662099999 -0.002255699707842 0.000411957012381 -0.001490614173323
26 1 13.426487796400002 3.322205851300000 2.349145244699999 -0.000918169113239 0.001027658027029 0.000630808315553
65 8 13.095888200900001 5.727884393600002 5.994451122499998 0.001214242012952 0.000924219917225 -0.001158539858801
90 8 17.593253881800006 5.727872023000002 5.994440303000000 0.004242598590233 -0.001695599740610 -0.001982375634770
114 8 17.593249127900009 3.131310752300001 4.968235823200000 0.004794938031407 -0.000571042497593 0.001647279259670
130 8 15.344568078800005 4.429600636800002 3.132190496199999 0.001000848672833 -0.000448604486240 0.000099130626612
138 8 13.095880352600009 5.727889427500000 1.296160360000000 -0.000318244409976 0.000341823929656 -0.002705150538252
146 8 17.593249799300011 5.727866140300000 1.296153622799999 0.001834407963336 0.000531845055414 -0.000909546438327
154 8 15.344572252999999 1.833036553300000 1.296161863300000 0.000390073108941 -0.001860136113407 -0.001088983343492
170 8 13.095867367800004 3.131308597400002 4.968248379499999 0.001014540253935 -0.003643698709533 0.000685406824504
42 7 19.180709987699998 4.429598811900002 5.481334835700000 -0.015728571741603 0.015077417573617 0.004389007721724
66 8 20.768171571100002 5.727884393600002 5.994451122499998 -0.009787016242783 -0.013114878304417 -0.001438440309739
98 8 19.180707196099995 4.811361409400002 3.402132653400000 0.002033406340098 -0.002164929816172 0.004676312378643
3 1 11.508418611100000 11.073997829000001 5.481344520900000 -0.002553647785818 -0.004709529900612 -0.000081702626006
17 1 7.672274418099999 6.644399077300000 2.349147298800000 0.003192731564975 -0.000865216272556 0.015359155198356
27 1 9.590346111300001 9.966598154900002 2.349145244699999 -0.000835365856464 -0.003176263086912 0.002159143039295
33 7 9.590343793000001 7.751796947200008 5.481341472000000 -0.015225078352229 -0.026866396143201 -0.000001084339537
49 7 11.508427041700001 6.644390723800001 2.349147115100000 -0.004152151657597 0.000294263851735 0.004254312107907
73 8 11.508432852700000 8.477427166200002 5.994454850600000 0.005112664778409 0.001429953372328 -0.000544413965440
105 8 9.920968477800001 7.560904182000002 3.402136381700000 0.005092669718530 0.000920113223047 -0.004198239050907
121 8 7.672273857400003 7.026163626600007 4.968234320200000 -0.007713712323906 0.009174192594182 0.000761964479697
131 8 11.508426393700001 11.073992940400007 3.132190496199999 0.000998227954389 0.001742881659857 0.000078343527363
155 8 11.508430567899998 8.477428856900005 1.296161863300000 0.000654888726762 -0.000625451391045 -0.003208951558540
163 8 7.672298157300000 8.859189034900005 1.566094450300000 -0.000453620681319 0.001717706697071 -0.001821854409918
171 8 9.259725682700001 9.775700901000002 4.968248379499999 -0.001404733167727 0.005460597788419 0.000416172155611
11 1 13.426498927399999 9.966593245500007 2.349140662099999 -0.001200024426637 -0.001843489976163 0.000045532237957
18 1 15.344557788300000 6.644399077300000 2.349147298800000 -0.000997083363277 0.000111650362634 0.000172642397438
28 1 17.262629481500003 9.966598154900002 2.349145244699999 0.000880603744869 -0.000887234352746 -0.000242190629280
34 7 17.262627163200005 7.751796947200008 5.481341472000000 0.000827245954831 0.000921534480339 0.000000109480228
43 7 15.344568302600003 11.073991115500002 5.481334835700000 0.000427182443347 -0.004827883389467 -0.000361392197943
57 7 13.426498916499998 7.751790037100004 5.481345370700000 -0.004601846620372 -0.001715294211035 0.000591961693035
81 8 13.095877704700001 7.560908000500002 3.402138567200000 -0.000157589343079 -0.000253744064385 0.001064707448998
99 8 15.344565510999997 11.455753713000002 3.402132653400000 -0.000066908030499 0.003381025262148 0.001953883364413
106 8 17.593251848000001 7.560904182000002 3.402136381700000 0.001465264378480 -0.001086259391838 0.001577367788578
115 8 13.757107442799997 9.775703055900001 4.968235823200000 0.003214206182334 0.001630469968590 0.001377811406525
122 8 15.344557227600001 7.026163626600007 4.968234320200000 0.001604101482700 0.001690850632581 0.001224253343822
164 8 15.344581527500001 8.859189034900005 1.566094450300000 0.000111882366683 0.000455749512492 -0.000013681281542
172 8 16.932009052900014 9.775700901000002 4.968248379499999 -0.002486772660714 0.000240779800297 0.001503549953885
4 1 19.180701981300000 11.073997829000001 5.481344520900000 0.002249698584822 -0.001936313612362 -0.000342012188346
12 1 21.098782297600000 9.966593245500007 2.349140662099999 0.001269848110381 -0.001628762191456 0.001585019207254
44 7 23.016851672799998 11.073991115500002 5.481334835700000 0.000411077292857 -0.004812947208212 -0.000358430801728
50 7 19.180710411899998 6.644390723800001 2.349147115100000 0.001984981926510 0.003843834630874 -0.000046459711697
58 7 21.098782286699997 7.751790037100004 5.481345370700000 0.020548426021086 -0.005789181639245 -0.004122361372427
74 8 19.180716222899989 8.477427166200002 5.994454850600000 -0.003981311411238 -0.001026922630350 -0.000813634662841
82 8 20.768161074900000 7.560908000500002 3.402138567200000 -0.005991882024295 -0.001198755687525 -0.001661808125080
100 8 23.016848881199998 11.455753713000002 3.402132653400000 -0.000020843273127 0.002993479993012 0.000747113501741
116 8 21.429390813000008 9.775703055900001 4.968235823200000 0.000528013790076 0.001903831408830 0.001104711343371
132 8 19.180709763900005 11.073992940400007 3.132190496199999 -0.000897157478607 0.000645581363361 0.000052554347579
156 8 19.180713938099998 8.477428856900005 1.296161863300000 -0.000452084955196 -0.001957785177128 -0.002105190766501
19 1 11.508416103199997 13.288791380900006 2.349147298800000 -0.002136791043671 -0.002522117553045 -0.002244577235443
123 8 11.508415542500002 13.670555930200003 4.968234320200000 0.005625786330742 0.005245175984928 0.002316874546376
139 8 9.259738667499999 12.372281731100001 1.296160360000000 -0.001184459275418 0.001503023581372 -0.001594057207193
35 7 13.426485478100000 14.396189250800001 5.481341472000000 -0.015393203780959 -0.027157714423335 -0.000001121946893
51 7 15.344568726800000 13.288783027399999 2.349147115100000 0.001990547321775 -0.003236648534535 -0.004371999011429
59 7 17.262640601600001 14.396182340700005 5.481345370700000 0.020693201493472 -0.005747309687911 -0.004155652475718
67 8 16.932029885999999 12.372276697200000 5.994451122499998 -0.003062524662191 0.003382061708816 -0.001701082874049
75 8 15.344574537799998 15.121819469800011 5.994454850600000 -0.008314238971886 0.004806595114051 -0.002018294572713
83 8 16.932019389799994 14.205300304100005 3.402138567200000 -0.003833302918704 -0.000695023273219 0.004137768026882
91 8 13.757112196700003 12.372264326600002 5.994440303000000 0.001821260839848 0.007449634305805 -0.002255619452287
107 8 13.757110162900000 14.205296485600002 3.402136381700000 0.001391089678712 0.003075853101773 0.007401473847650
140 8 16.932022037700008 12.372281731100001 1.296160360000000 -0.002628868185629 0.001673482366779 -0.000487381846648
147 8 13.757108114200003 12.372258443900009 1.296153622799999 0.002435199728261 0.002160301501198 0.000204422191825
20 1 19.180699473400008 13.288791380900006 2.349147298800000 0.001555548576998 -0.000478771470463 -0.000697282325342
36 7 21.098768848300001 14.396189250800001 5.481341472000000 0.000813711590365 0.000929387415542 -0.000002282304260
52 7 23.016852096999997 13.288783027399999 2.349147115100000 -0.000837618886940 -0.001022761628304 -0.000052767009501
76 8 23.016857907999988 15.121819469800011 5.994454850600000 0.001133391863903 -0.002116972086276 -0.001631810041480
92 8 21.429395566900006 12.372264326600002 5.994440303000000 0.000753956064681 0.002189610033649 -0.001163049823280
108 8 21.429393533100004 14.205296485600002 3.402136381700000 0.001511121243710 -0.001015014897394 0.001577008257894
124 8 19.180698912699995 13.670555930200003 4.968234320200000 -0.003504894774043 0.002769482504282 0.002043595033220
148 8 21.429391484400018 12.372258443900009 1.296153622799999 0.001502656702263 0.001310036318074 -0.001920448430136
60 7 24.934923971800007 14.396182340700005 5.481345370700000 -0.004622880258597 -0.001708863181780 0.000594922451970
68 8 24.604313256200001 12.372276697200000 5.994451122499998 -0.000365542624873 0.003113869361799 -0.001431645464030
84 8 24.604302760000003 14.205300304100005 3.402138567200000 -0.000502854653699 -0.000408560299617 0.002269420781987
29 1 9.590346111300004 5.537003285800003 8.613538384300000 -0.002063556727533 0.002256556437794 -0.015426404349767
157 8 11.508430567900000 4.047833987800002 7.560555002900000 0.001962887971971 -0.005730514528406 0.001475097207625
165 8 7.672298157300002 4.429594165800001 7.830487589900000 -0.005169691386815 -0.008702579612039 -0.000054304306815
173 8 9.259725682700003 5.346106031900003 11.232641519100001 -0.001704855724535 -0.001393656887456 0.002617210322488
13 1 13.426498927400001 5.536998376400002 8.613533801700001 -0.002253498047914 0.000405440702343 -0.001485453333594
30 1 17.262629481500003 5.537003285800003 8.613538384300000 -0.000910253549736 0.001031986415244 0.000630031035932
117 8 13.757107442800002 5.346108186800002 11.232628962800000 0.002185247509735 -0.000786441914886 0.002041290714159
166 8 15.344581527500001 4.429594165800001 7.830487589900000 0.000921166467066 -0.000332941277399 0.000007638894043
174 8 16.932009052900007 5.346106031900003 11.232641519100001 -0.001820684105224 -0.000978541960099 0.001413664477938
14 1 21.098782297600003 5.536998376400002 8.613533801700001 0.003055389452679 0.005431016607270 0.000000322702731
118 8 21.429390813000005 5.346108186800002 11.232628962800000 0.001414686178775 -0.001490776584806 0.001380066361213
158 8 19.180713938100002 4.047833987800002 7.560555002900000 0.001319821172773 -0.003609312242218 -0.004324449346068
5 1 11.508418611100007 6.644402959900002 11.745737660500000 -0.000440752484944 -0.000164167260670 -0.002402149659670
21 1 11.508416103199998 8.859196511800004 8.613540438400001 -0.002126368831050 -0.002518051252052 -0.002226395486125
125 8 11.508415542500003 9.240961061100004 11.232627459799998 0.000384205802506 0.001973019093593 0.001976716183021
133 8 11.508426393700002 6.644398071300002 9.396583635799999 0.001566184172224 0.000480296065171 0.001882035909231
141 8 9.259738667500002 7.942686862000003 7.560553499600000 -0.001786831559668 0.004734903778826 0.004177677637797
167 8 11.508439842400001 11.073986469400005 7.830487589900000 0.000923791807765 0.001857180550071 -0.000018141709263
37 7 13.426485478099996 9.966594381700006 11.745734611600000 0.000469831069337 0.000310338311359 0.000007952158407
45 7 15.344568302600001 6.644396246400003 11.745727975299999 0.000066630860739 0.000411892236340 -0.001634173226666
53 7 15.344568726799995 8.859188158300002 8.613540254699998 -0.000830948356551 -0.001026600625996 -0.000045337126309
61 7 17.262640601600001 9.966587471600000 11.745738510299995 0.000089799612741 0.000592070943449 0.001877768492019
69 8 16.932029886000002 7.942681828100003 12.258844262099997 -0.002168853927263 -0.000005193946810 -0.001433875178702
77 8 15.344574537800005 10.692224600700005 12.258847990200001 -0.000673009852155 -0.002257028959414 -0.002745469379574
85 8 16.932019389799990 9.775705435000003 9.666531706799999 -0.001853610925703 -0.000625646801995 0.000902323133472
93 8 13.757112196700007 7.942669457500004 12.258833442600000 0.001526046948487 0.000561006301222 -0.000048617171640
101 8 15.344565511000003 7.026158843900003 9.666525792999996 0.000460743510078 0.001722451184083 0.002104057502097
109 8 13.757110162900005 9.775701616500001 9.666529521300001 0.001992576874455 -0.000174144670168 0.001573567702379
142 8 16.932022037700005 7.942686862000003 7.560553499600000 -0.001671980308487 0.000665631146807 -0.001597508225385
149 8 13.757108114200001 7.942663574800001 7.560546762400000 0.002844180384519 0.001528473640021 -0.000563497901348
159 8 15.344572253000006 10.692226291400004 7.560555002900000 -0.000097298284452 -0.000581811369730 -0.002456071132170
6 1 19.180701981300004 6.644402959900002 11.745737660500000 0.000326293627691 0.000278681186410 -0.000081707357969
22 1 19.180699473400011 8.859196511800004 8.613540438400001 0.001555756716616 -0.000487800774686 -0.000698053437715
38 7 21.098768848300008 9.966594381700006 11.745734611600000 0.000229113246345 -0.000098812300302 -0.000001090442876
46 7 23.016851672800001 6.644396246400003 11.745727975299999 0.000063474042071 0.000403888143075 -0.001644266203260
54 7 23.016852096999990 8.859188158300002 8.613540254699998 0.001966852734094 -0.003238561683460 -0.004352417244158
78 8 23.016857907999999 10.692224600700005 12.258847990200001 -0.000038978016282 -0.001830379276833 -0.001373158587677
94 8 21.429395566900006 7.942669457500004 12.258833442600000 0.001413957202578 0.000981714358766 -0.001251295137123
102 8 23.016848881199998 7.026158843900003 9.666525792999996 -0.000892703915633 0.001155134846829 0.003475971343914
110 8 21.429393533100001 9.775701616500001 9.666529521300001 0.000553844829039 -0.000004564964821 0.002684660341992
126 8 19.180698912700002 9.240961061100004 11.232627459799998 0.000228040565197 0.001658477857918 0.001312502526648
134 8 19.180709763900005 6.644398071300002 9.396583635799999 -0.000384957679003 -0.000641415069934 0.000077470849331
150 8 21.429391484400004 7.942663574800001 7.560546762400000 -0.000459505502012 0.001258120736481 0.001307197537772
160 8 23.016855623200005 10.692226291400004 7.560555002900000 -0.000135845407659 -0.000205382970729 -0.001251374542986
168 8 19.180723212599993 11.073986469400005 7.830487589900000 -0.000975411353979 0.000763688729271 -0.000038936910656
62 7 24.934923971800000 9.966587471600000 11.745738510299995 -0.000564513726868 -0.000057100931290 -0.001255913053141
70 8 24.604313256200005 7.942681828100003 12.258844262099997 -0.001395989922021 0.000700734808320 -0.000762845679713
86 8 24.604302759999996 9.775705435000003 9.666531706799999 -0.000916737101434 0.000221028395371 0.003022285995427
7 1 15.344560296200003 13.288795263500004 11.745737660500000 0.000326299420984 -0.000607023710562 0.002238736473274
15 1 17.262640612500000 12.181390680000009 8.613533801700001 0.001276601520828 -0.001627441453757 0.001590159919751
23 1 15.344557788300000 15.503588815399999 8.613540438400001 0.003235885333363 -0.000775985376396 0.015426016967027
31 1 13.426487796399995 12.181395589400003 8.613538384300000 -0.000833705582588 -0.003187355296887 0.002177324727804
39 7 17.262627163200005 16.610986685300006 11.745734611600000 0.000463083993980 0.000314256104932 -0.000010123268457
95 8 17.593253881800010 14.587061761100006 12.258833442600000 0.001608277563783 0.001274224134160 -0.001915507371591
111 8 17.593251848000001 16.420093920100001 9.666529521300001 0.000639840071386 -0.002531200629263 0.001582891793480
119 8 17.593249127900002 11.990500490400001 11.232628962800000 0.001639608800442 -0.000468471580195 0.000709031985361
127 8 15.344557227600006 15.885353364700006 11.232627459799998 -0.000192363340198 0.001545182524600 0.000109795182833
135 8 15.344568078800005 13.288790374900007 9.396583635799999 -0.000380808979266 0.001595688650598 -0.001731480378431
143 8 13.095880352600002 14.587079165600008 7.560553499600000 0.001930869337581 0.002607102411519 -0.007421992680860
151 8 17.593249799300004 14.587055878400003 7.560546762400000 -0.002650280518993 0.000728378621517 -0.004492688836180
175 8 13.095867367800004 11.990498335500007 11.232641519100001 -0.001626813111965 -0.000680374166454 0.000745609977754
8 1 23.016843666400000 13.288795263500004 11.745737660500000 -0.000078028938518 -0.000421627529504 -0.000081705108423
24 1 23.016841158500000 15.503588815399999 8.613540438400001 -0.001001973825272 0.000112552213656 0.000174950444697
32 1 21.098771166600002 12.181395589400003 8.613538384300000 0.000877377190420 -0.000883441552890 -0.000239874614055
47 7 19.180709987699998 13.288788550000005 11.745727975299999 -0.000171566861544 -0.000487353677462 0.001489415347107
55 7 19.180710411900002 15.503580461900007 8.613540254699998 0.001972322595658 0.003851107473486 -0.000051628165259
63 7 21.098782286700004 16.610979775200004 11.745738510299995 -0.000565179756906 -0.000057264271930 -0.001262492654043
71 8 20.768171571100002 14.587074131700003 12.258844262099997 -0.001534799904948 0.001093765190042 -0.001428963437742
79 8 19.180716222899996 17.336616904300001 12.258847990200001 -0.000094334918399 -0.001832801674730 -0.000873846440988
87 8 20.768161074900000 16.420097738599999 9.666531706799999 -0.001517087700975 -0.001403795240632 0.001918513681379
103 8 19.180707196099995 13.670551147500003 9.666525792999996 -0.000379068992808 0.001620665760808 0.001093172139940
128 8 23.016840597800005 15.885353364700006 11.232627459799998 0.000442346903489 0.001975967333556 0.001482019031923
136 8 23.016851449000004 13.288790374900007 9.396583635799999 0.000190526436594 0.000339061463625 0.000073872291846
144 8 20.768163722800004 14.587079165600008 7.560553499600000 -0.001710734337031 0.000590284650020 -0.001597875706978
176 8 20.768150737999996 11.990498335500007 11.232641519100001 -0.001652391383329 -0.000631221386966 0.001244911754910
16 1 24.934923982700003 12.181390680000009 8.613533801700001 -0.001204530402286 -0.001840920628926 0.000054013906803
40 7 24.934910533400007 16.610986685300006 11.745734611600000 0.000230746662468 -0.000095969344327 -0.000001085179568
48 7 26.852993357900004 13.288788550000005 11.745727975299999 -0.000171390869597 -0.000488031895039 0.001496041114504
56 7 26.852993782099993 15.503580461900007 8.613540254699998 -0.004162359025509 0.000315675248341 0.004273922183962
64 7 28.771065656899999 16.610979775200004 11.745738510299995 0.000095166248112 0.000598830835322 0.001867719771427
72 8 28.440454941300004 14.587074131700003 12.258844262099997 -0.001944171638095 0.001014299704767 -0.002095119577353
80 8 26.852999593099998 17.336616904300001 12.258847990200001 -0.000255624056200 -0.002149788618295 -0.001541911818910
88 8 28.440444445099999 16.420097738599999 9.666531706799999 -0.001679301573383 -0.002100287453715 -0.000466346232346
96 8 25.265537252000023 14.587061761100006 12.258833442600000 0.001581760431081 0.001326050884003 -0.001420816298122
104 8 26.852990566300001 13.670551147500003 9.666525792999996 0.000730827561144 0.002955220528027 -0.000020827538596
112 8 25.265535218199997 16.420093920100001 9.666529521300001 0.002862402614298 -0.001339779064652 0.000466880197191
120 8 25.265532498100001 11.990500490400001 11.232628962800000 0.002049385185850 -0.000392176552945 0.001375153571215
152 8 25.265533169500006 14.587055878400003 7.560546762400000 0.003202838329733 0.001682379293522 -0.001770275363064
