ITEM: TIMESTEP
0
ITEM: NUMBER OF ATOMS
176
ITEM: BOX BOUNDS xy xz yz pp pp pp
0.0000000000000000e+00 3.0689133480799999e+01 7.6722833701999980e+00
0.0000000000000000e+00 1.7718379476200003e+01 7.6722833702000024e+00
0.0000000000000000e+00 1.2528786279200000e+01 4.4295948690000015e+00
ITEM: ATOMS id type x y z fx fy fz
25 1 5.754204426199998 3.322205851300000 2.349145244699999 0.032387161536261 0.003589214256606 0.002557337038880
137 8 5.423596982400004 5.727889427500000 1.296160360000000 -0.004886817812369 0.003791126011069 -0.003646448311920
161 8 3.836156472199998 2.214796731300001 1.566094450300000 -0.005301496048043 -0.001788532203233 -0.001332044515388
169 8 5.423583997600000 3.131308597400002 4.968248379499999 -0.004919989136035 -0.001818074094082 0.004817488575825
1 1 7.672276926000002 4.429605525400001 5.481344520900000 -0.000786955622927 -0.003196826189321 -0.023227700524391
9 1 9.600357242300001 3.322200941900001 2.349140662099999 -0.140155134303194 0.045963040919618 0.032548205096475
41 7 11.508426617500000 4.429598811900002 5.481334835700000 -0.002643236605512 0.001367364776937 0.020292916301410
89 8 9.920970511600007 5.727872023000002 5.994440303000000 0.006007269990857 -0.000316160841453 -0.002635638667698
97 8 11.508423825899998 4.811361409400002 3.402132653400000 0.002704841089868 -0.008419959801474 -0.005643841535748
113 8 9.920965757699999 3.131310752300001 4.968235823200000 0.014445421417620 0.001154566536669 -0.000103335225278
129 8 7.672284708600001 4.429600636800002 3.132190496199999 0.022383605252992 -0.007094962093428 -0.004913151382872
145 8 9.920966429100000 5.727866140300000 1.296153622799999 0.014368279589358 0.000233642857507 0.000957082466924
153 8 7.672288882800000 1.833036553300000 1.296161863300000 0.002217128135407 -0.012217426218298 -0.008991634352314
162 8 11.508439842400000 2.214796731300001 1.566094450300000 0.023586514391794 -0.007795482368867 -0.005579564812617
2 1 15.344560296200001 4.429605525400001 5.481344520900000 0.003326764434848 0.000490811809544 0.001993469644076
10 1 17.262640612500000 3.322200941900001 2.349140662099999 0.004562512704127 -0.000184906040258 -0.000083128505733
26 1 13.426487796400002 3.322205851300000 2.349145244699999 0.032782827834335 0.003604872742497 0.002568350790462
65 8 13.095888200900001 5.727884393600002 5.994451122499998 -0.003345457804545 -0.001193399888787 -0.003633755319329
90 8 17.593253881800006 5.727872023000002 5.994440303000000 0.000045819357547 0.001527310985340 -0.001055182226960
114 8 17.593249127900009 3.131310752300001 4.968235823200000 -0.000106186445547 -0.001236527752091 0.001370375855604
130 8 15.344568078800005 4.429600636800002 3.132190496199999 -0.005252686545670 -0.001930662838633 -0.001261398108424
138 8 13.095880352600009 5.727889427500000 1.296160360000000 -0.003719667584816 -0.002686918402858 0.001476243018498
146 8 17.593249799300011 5.727866140300000 1.296153622799999 -0.000183508778958 0.000825966687661 -0.001788433243922
154 8 15.344572252999999 1.833036553300000 1.296161863300000 -0.002770636818731 -0.000526020090149 -0.000724962685914
170 8 13.095867367800004 3.131308597400002 4.968248379499999 -0.003752844978251 0.000852430453843 -0.002997554026734
42 7 19.180709987699998 4.429598811900002 5.481334835700000 0.004226879859672 -0.000921279549106 -0.002415477800805
66 8 20.768171571100002 5.727884393600002 5.994451122499998 -0.002891989108724 0.001803718799895 -0.000228342199977
98 8 19.180707196099995 4.811361409400002 3.402132653400000 -0.002676558754401 0.003038225831918 0.002458296343032
3 1 11.508418611100000 11.073997829000001 5.481344520900000 0.000477174654288 0.000914170243378 -0.000197048350003
17 1 7.672274418099999 6.644399077300000 2.349147298800000 -0.000828316524405 -0.022929988974326 0.004749771011855
27 1 9.590346111300001 9.966598154900002 2.349145244699999 -0.000442508409628 0.000009610829094 -0.000067729870322
33 7 9.590343793000001 7.751796947200008 5.481341472000000 -0.003171666517832 -0.000081201490622 -0.000002095160561
49 7 11.508427041700001 6.644390723800001 2.349147115100000 -0.002602831065127 0.019594931139412 -0.005421921165028
73 8 11.508432852700000 8.477427166200002 5.994454850600000 0.000442361753037 -0.002407358769327 -0.001777709330150
105 8 9.920968477800001 7.560904182000002 3.402136381700000 0.005986070157982 -0.002553267999740 0.000694461480344
121 8 7.672273857400003 7.026163626600007 4.968234320200000 0.001291499970714 0.005252353398802 0.003801960591188
131 8 11.508426393700001 11.073992940400007 3.132190496199999 -0.000297048932983 -0.001072756725564 0.000302973683280
155 8 11.508430567899998 8.477428856900005 1.296161863300000 0.000331465658173 -0.004875702989839 -0.000162061746748
163 8 7.672298157300000 8.859189034900005 1.566094450300000 0.000085612284451 0.003406178313851 -0.000883931082217
171 8 9.259725682700001 9.775700901000002 4.968248379499999 -0.001449166015199 -0.000711452968464 0.001292401402271
11 1 13.426498927399999 9.966593245500007 2.349140662099999 0.000571176412332 0.002666726591123 -0.000287990470805
18 1 15.344557788300000 6.644399077300000 2.349147298800000 0.003285411415596 0.002078131750974 -0.000180559402722
28 1 17.262629481500003 9.966598154900002 2.349145244699999 -0.000442610353333 0.000022083662754 -0.000066332346128
34 7 17.262627163200005 7.751796947200008 5.481341472000000 0.001522583153505 0.000006829494956 0.000060150002849
43 7 15.344568302600003 11.073991115500002 5.481334835700000 -0.000632178080274 0.001209355092570 -0.000629691684820
57 7 13.426498916499998 7.751790037100004 5.481345370700000 0.000809335871281 0.003117632441503 0.002083293517434
81 8 13.095877704700001 7.560908000500002 3.402138567200000 -0.003194475533504 -0.003665189661101 0.000410368693161
99 8 15.344565510999997 11.455753713000002 3.402132653400000 0.000394019046591 -0.001301359863767 0.003032360620410
106 8 17.593251848000001 7.560904182000002 3.402136381700000 0.000024614895134 -0.000448709190202 0.001905684327031
115 8 13.757107442799997 9.775703055900001 4.968235823200000 0.001370906957294 -0.002153973073749 0.001286751210901
122 8 15.344557227600001 7.026163626600007 4.968234320200000 -0.000861391129486 0.001332844139006 0.001030433559092
164 8 15.344581527500001 8.859189034900005 1.566094450300000 -0.000375085594291 -0.000962380522104 0.000214631908181
172 8 16.932009052900014 9.775700901000002 4.968248379499999 -0.001349234556151 -0.001078734087358 0.001308653339290
4 1 19.180701981300000 11.073997829000001 5.481344520900000 -0.000288257499212 -0.001500056176946 0.000577796324998
12 1 21.098782297600000 9.966593245500007 2.349140662099999 0.000517494610376 -0.002520248694381 0.000272825204122
44 7 23.016851672799998 11.073991115500002 5.481334835700000 0.000340871605777 -0.001169252024573 0.000336081282007
50 7 19.180710411899998 6.644390723800001 2.349147115100000 0.004267249262657 -0.002577725641538 -0.000010188190095
58 7 21.098782286699997 7.751790037100004 5.481345370700000 0.001026907262932 -0.002713474985059 -0.002039927467459
74 8 19.180716222899989 8.477427166200002 5.994454850600000 -0.000975579549266 -0.001274962533382 -0.000976969512208
82 8 20.768161074900000 7.560908000500002 3.402138567200000 -0.002740980943628 0.000544539531441 0.002100950818274
100 8 23.016848881199998 11.455753713000002 3.402132653400000 -0.000371266830992 0.003072906563166 0.001043733622960
116 8 21.429390813000008 9.775703055900001 4.968235823200000 0.001779741367203 0.000561747581572 0.001447250885488
132 8 19.180709763900005 11.073992940400007 3.132190496199999 0.000171052415415 0.003289833853298 -0.000798390171253
156 8 19.180713938099998 8.477428856900005 1.296161863300000 -0.000442780071399 -0.000516060033453 -0.002149600631889
19 1 11.508416103199997 13.288791380900006 2.349147298800000 0.003277633652917 0.002062395306651 -0.000181060393369
123 8 11.508415542500002 13.670555930200003 4.968234320200000 -0.001820427000871 0.001192854278509 0.001899417761857
139 8 9.259738667499999 12.372281731100001 1.296160360000000 -0.003159018489358 0.001237405187793 -0.001264885317422
35 7 13.426485478100000 14.396189250800001 5.481341472000000 0.002003645095405 0.003100943919994 -0.004764037617246
51 7 15.344568726800000 13.288783027399999 2.349147115100000 -0.002495465038126 0.019538995576796 -0.005376474340743
59 7 17.262640601600001 14.396182340700005 5.481345370700000 -0.007899083058253 -0.001376124921860 -0.001184579370483
67 8 16.932029885999999 12.372276697200000 5.994451122499998 -0.000836263676556 0.000998030689449 -0.001393756630492
75 8 15.344574537799998 15.121819469800011 5.994454850600000 0.001957234120845 -0.003364245895940 0.000094731648144
83 8 16.932019389799994 14.205300304100005 3.402138567200000 0.010952936890349 -0.001823119085385 0.003819209347064
91 8 13.757112196700003 12.372264326600002 5.994440303000000 0.001644586491180 -0.000429642718150 -0.000696038170128
107 8 13.757110162900000 14.205296485600002 3.402136381700000 -0.000536362965287 -0.004324349623229 0.004635121958698
140 8 16.932022037700008 12.372281731100001 1.296160360000000 0.002802290971731 -0.000880857858512 -0.002488030839465
147 8 13.757108114200003 12.372258443900009 1.296153622799999 0.000147170504768 -0.001730960345418 -0.002416525904081
20 1 19.180699473400008 13.288791380900006 2.349147298800000 -0.000898289760607 -0.023013710143569 0.004772911742847
36 7 21.098768848300001 14.396189250800001 5.481341472000000 0.001989633140362 -0.003526696498200 0.004604089458658
52 7 23.016852096999997 13.288783027399999 2.349147115100000 0.004276458478020 -0.002595793865259 -0.000011923803457
76 8 23.016857907999988 15.121819469800011 5.994454850600000 -0.002301594653019 -0.001697274203602 -0.002250452247465
92 8 21.429395566900006 12.372264326600002 5.994440303000000 0.001028146492133 0.002739905882132 -0.002024094465384
108 8 21.429393533100004 14.205296485600002 3.402136381700000 -0.001714865070691 0.002137585361063 -0.000487331981976
124 8 19.180698912699995 13.670555930200003 4.968234320200000 0.002467708671011 0.002847404647693 -0.000456803904371
148 8 21.429391484400018 12.372258443900009 1.296153622799999 0.000616030614139 0.002488025930950 -0.000721265839998
60 7 24.934923971800007 14.396182340700005 5.481345370700000 0.002363364367515 0.000028871920888 -0.000094003920674
68 8 24.604313256200001 12.372276697200000 5.994451122499998 -0.002198693096534 0.000675820229557 -0.001422597686787
84 8 24.604302760000003 14.205300304100005 3.402138567200000 -0.003539747045369 -0.001109271777225 0.001033523450124
29 1 9.590346111300004 5.537003285800003 8.613538384300000 -0.000442505285975 -0.000078895623784 0.000057427042118
157 8 11.508430567900000 4.047833987800002 7.560555002900000 0.000331463427960 -0.001445231155620 -0.005013359286205
165 8 7.672298157300002 4.429594165800001 7.830487589900000 0.000085610415974 0.000365522031195 0.003416171209490
173 8 9.259725682700003 5.346106031900003 11.232641519100001 -0.003192243051991 -0.000423924432199 0.001616016041384
13 1 13.426498927400001 5.536998376400002 8.613533801700001 0.000571166696862 0.000572485244385 0.002673692724390
30 1 17.262629481500003 5.537003285800003 8.613538384300000 -0.000442612881788 -0.000073422689219 0.000068713153205
117 8 13.757107442800002 5.346108186800002 11.232628962800000 0.000224484651727 -0.002681026915743 -0.000830934683346
166 8 15.344581527500001 4.429594165800001 7.830487589900000 -0.000375085270108 -0.000054915386294 -0.001068700844150
174 8 16.932009052900007 5.346106031900003 11.232641519100001 0.002768972850678 -0.002283254143572 0.000026621008877
14 1 21.098782297600003 5.536998376400002 8.613533801700001 0.000517502330546 -0.000627760376221 -0.002403558948447
118 8 21.429390813000005 5.346108186800002 11.232628962800000 0.000693316410088 0.000323644823790 0.002581652874212
158 8 19.180713938100002 4.047833987800002 7.560555002900000 -0.000442767759708 -0.001865891462540 -0.000240682848501
5 1 11.508418611100007 6.644402959900002 11.745737660500000 0.003319036894192 0.000485105726161 0.001978813407726
21 1 11.508416103199998 8.859196511800004 8.613540438400001 0.000435767068817 0.000153998509863 0.000948746505859
125 8 11.508415542500003 9.240961061100004 11.232627459799998 -0.001820415455253 0.002105464720135 0.000608795092595
133 8 11.508426393700002 6.644398071300002 9.396583635799999 -0.000297049294579 -0.000169789788386 -0.000974006719455
141 8 9.259738667500002 7.942686862000003 7.560553499600000 -0.001415934974895 0.000836464976043 -0.001428083937865
167 8 11.508439842400001 11.073986469400005 7.830487589900000 -0.000334410986756 -0.000048080966597 -0.000101364406390
37 7 13.426485478099996 9.966594381700006 11.745734611600000 0.002003675502502 -0.003510099135297 0.004585388140257
45 7 15.344568302600001 6.644396246400003 11.745727975299999 -0.002535782959016 0.001391732670424 0.020224945094056
53 7 15.344568726799995 8.859188158300002 8.613540254699998 -0.000591835254516 -0.000183856439232 0.001403296163979
61 7 17.262640601600001 9.966587471600000 11.745738510299995 -0.007899228914500 -0.001461285870522 -0.001064161668112
69 8 16.932029886000002 7.942681828100003 12.258844262099997 0.010802035259720 0.002634481776355 -0.003033164330107
77 8 15.344574537800005 10.692224600700005 12.258847990200001 0.001957232681115 -0.000960957046615 -0.003304082226488
85 8 16.932019389799990 9.775705435000003 9.666531706799999 -0.000685235435403 -0.000822780387407 0.001729810889606
93 8 13.757112196700007 7.942669457500004 12.258833442600000 -0.000515151191377 0.002808736484426 -0.005619015849050
101 8 15.344565511000003 7.026158843900003 9.666525792999996 0.000394018060991 0.002132929176855 -0.001824385162632
109 8 13.757110162900005 9.775701616500001 9.666529521300001 0.001623385890696 -0.000762428085206 -0.000059068980480
142 8 16.932022037700005 7.942686862000003 7.560553499600000 -0.001315974027212 0.000729356359413 -0.001779767939055
149 8 13.757108114200001 7.942663574800001 7.560546762400000 0.001293594809710 0.000441314675887 -0.002625529886648
159 8 15.344572253000006 10.692226291400004 7.560555002900000 0.000174690170188 -0.001763420775875 -0.001599915919758
6 1 19.180701981300004 6.644402959900002 11.745737660500000 -0.000856734822709 -0.003202960380590 -0.023314600474123
22 1 19.180699473400011 8.859196511800004 8.613540438400001 -0.000329668562717 0.000079780880731 -0.001585710730891
38 7 21.098768848300008 9.966594381700006 11.745734611600000 0.001989612022885 0.003113080410526 -0.004785884470571
46 7 23.016851672800001 6.644396246400003 11.745727975299999 0.004236132114172 -0.000928956590531 -0.002431928975572
54 7 23.016852096999990 8.859188158300002 8.613540254699998 0.000381226940420 -0.000066180527238 -0.001161174112441
78 8 23.016857907999999 10.692224600700005 12.258847990200001 -0.002301602986456 -0.002616360017663 -0.000950641367584
94 8 21.429395566900006 7.942669457500004 12.258833442600000 -0.001693707829663 0.000133265692896 0.002180887280353
102 8 23.016848881199998 7.026158843900003 9.666525792999996 -0.000371261501648 0.001716122764938 0.002962506322539
110 8 21.429393533100001 9.775701616500001 9.666529521300001 0.001006954058105 -0.000958007153144 0.003371904536155
126 8 19.180698912700002 9.240961061100004 11.232627459799998 0.002467710414078 0.000435515082296 0.002954097803421
134 8 19.180709763900005 6.644398071300002 9.396583635799999 0.000171043017970 0.000246025036652 0.003506233046496
150 8 21.429391484400004 7.942663574800001 7.560546762400000 0.001702428216080 0.001497872236153 -0.000118624447493
160 8 23.016855623200005 10.692226291400004 7.560555002900000 -0.000238451282599 -0.001681908863045 -0.001542257956200
168 8 19.180723212599993 11.073986469400005 7.830487589900000 0.000126859747541 0.000036967353090 -0.000041230997190
62 7 24.934923971800000 9.966587471600000 11.745738510299995 0.002363383903124 0.000035275305955 -0.000103069411287
70 8 24.604313256200005 7.942681828100003 12.258844262099997 -0.003690752476551 0.000246081183316 -0.001431779602149
86 8 24.604302759999996 9.775705435000003 9.666531706799999 -0.002047674905975 -0.000957370196883 0.001435643114417
7 1 15.344560296200003 13.288795263500004 11.745737660500000 -0.000280943600681 -0.001505622747342 0.000579025741054
15 1 17.262640612500000 12.181390680000009 8.613533801700001 -0.000604846819618 -0.000106491015388 -0.000027679722389
23 1 15.344557788300000 15.503588815399999 8.613540438400001 -0.000322341556877 0.000079084751077 -0.001591352877996
31 1 13.426487796399995 12.181395589400003 8.613538384300000 0.000243344889156 -0.000105869322116 -0.000055513556971
39 7 17.262627163200005 16.610986685300006 11.745734611600000 0.001519938906023 0.000001606370679 0.000056464153490
95 8 17.593253881800010 14.587061761100006 12.258833442600000 0.001884923542909 0.000883806423184 -0.001356916999368
111 8 17.593251848000001 16.420093920100001 9.666529521300001 0.001863723146514 -0.000947683912118 0.001399563512035
119 8 17.593249127900002 11.990500490400001 11.232628962800000 0.002749437603579 -0.000464368322215 0.001398716286629
127 8 15.344557227600006 15.885353364700006 11.232627459799998 -0.000496393861095 0.002534452327919 0.001880107399207
135 8 15.344568078800005 13.288790374900007 9.396583635799999 0.000200909607780 -0.000078117463772 0.000048551364334
143 8 13.095880352600002 14.587079165600008 7.560553499600000 -0.002175398884883 0.000722107424396 0.000194512371799
151 8 17.593249799300004 14.587055878400003 7.560546762400000 0.002672110240326 0.001110071342219 -0.001069879503624
175 8 13.095867367800004 11.990498335500007 11.232641519100001 -0.002208670226317 0.000780276902368 0.000643710783497
8 1 23.016843666400000 13.288795263500004 11.745737660500000 0.000477559497298 0.000917210731508 -0.000198700329459
24 1 23.016841158500000 15.503588815399999 8.613540438400001 0.000436154025870 0.000153452623018 0.000952159498407
32 1 21.098771166600002 12.181395589400003 8.613538384300000 0.000240415129728 -0.000105501705794 -0.000055257908980
47 7 19.180709987699998 13.288788550000005 11.745727975299999 -0.000643689991560 0.001197662725367 -0.000626167330825
55 7 19.180710411900002 15.503580461900007 8.613540254699998 -0.000603325291314 -0.000184439818270 0.001391105088809
63 7 21.098782286700004 16.610979775200004 11.745738510299995 0.000811636987843 0.003110597652394 0.002078289783487
71 8 20.768171571100002 14.587074131700003 12.258844262099997 -0.002209799385765 -0.000664005549742 -0.001518664534562
79 8 19.180716222899996 17.336616904300001 12.258847990200001 -0.001341227177220 -0.002468999049401 -0.001821291823790
87 8 20.768161074900000 16.420097738599999 9.666531706799999 -0.002058783518394 -0.001494545493331 0.000204484025596
103 8 19.180707196099995 13.670551147500003 9.666525792999996 0.000250818117214 0.001819861835016 0.001596786738744
128 8 23.016840597800005 15.885353364700006 11.232627459799998 0.000917905926413 0.001397656470764 0.001076263342290
136 8 23.016851449000004 13.288790374900007 9.396583635799999 -0.000257140382040 -0.000163337650197 -0.000011703093902
144 8 20.768163722800004 14.587079165600008 7.560553499600000 -0.001550862930127 0.000916161300845 -0.003236076920605
176 8 20.768150737999996 11.990498335500007 11.232641519100001 -0.001584080499475 -0.002389512662492 0.001970219242346
16 1 24.934923982700003 12.181390680000009 8.613533801700001 0.000242143881488 -0.000001912089581 0.000046272050046
40 7 24.934910533400007 16.610986685300006 11.745734611600000 -0.003172692221016 -0.000067633434590 0.000007483570148
48 7 26.852993357900004 13.288788550000005 11.745727975299999 0.000338151562931 -0.001164838558692 0.000333715591391
56 7 26.852993782099993 15.503580461900007 8.613540254699998 0.000378495186575 -0.000066937912260 -0.001156217429596
64 7 28.771065656899999 16.610979775200004 11.745738510299995 0.001024087571356 -0.002719867197477 -0.002044419350012
72 8 28.440454941300004 14.587074131700003 12.258844262099997 -0.001803921883033 0.002049310451374 -0.001357347734075
80 8 26.852999593099998 17.336616904300001 12.258847990200001 0.000821228113509 0.001450221659955 0.000950006236369
88 8 28.440444445099999 16.420097738599999 9.666531706799999 -0.001652900944922 -0.000438018476123 0.002708810943192
96 8 25.265537252000023 14.587061761100006 12.258833442600000 0.001787499807932 0.001239703623478 -0.001374448768678
104 8 26.852990566300001 13.670551147500003 9.666525792999996 -0.000165133978160 0.001901621142862 0.001654596527141
112 8 25.265535218199997 16.420093920100001 9.666529521300001 0.001766301501650 -0.000845584087850 0.001740942541262
120 8 25.265532498100001 11.990500490400001 11.232628962800000 0.001384199938957 -0.000812706254094 0.001385290770082
152 8 25.265533169500006 14.587055878400003 7.560546762400000 0.001306891492008 0.000981303738769 -0.001393816467208
