ITEM: TIMESTEP
0
ITEM: NUMBER OF ATOMS
176
ITEM: BOX BOUNDS xy xz yz pp pp pp
0.0000000000000000e+00 3.0689133480799999e+01 7.6722833701999980e+00
0.0000000000000000e+00 1.7718379476200003e+01 7.6722833702000024e+00
0.0000000000000000e+00 1.2528786279200000e+01 4.4295948690000015e+00
ITEM: ATOMS id type x y z fx fy fz
25 1 5.754204426199998 3.322205851300000 2.349145244699999 -0.000594827853310 -0.000898592637600 -0.000616073499173
137 8 5.423596982400004 5.727889427500000 1.296160360000000 -0.000735995914778 0.001045442048934 -0.000603287905235
161 8 3.836156472199998 2.214796731300001 1.566094450300000 -0.000129972342662 0.000149431323608 0.000038304945421
169 8 5.423583997600000 3.131308597400002 4.968248379499999 -0.000769280331708 0.000135800510528 0.001214488884840
1 1 7.672276926000002 4.429605525400001 5.481344520900000 -0.001694925999835 -0.005421165672130 -0.000166250551864
9 1 9.590357242299998 3.322200941900001 2.349140662099999 0.000646918415643 -0.001047411153609 -0.000693032353690
41 7 11.508426617500000 4.429598811900002 5.481334835700000 0.011427737674129 -0.000751981985280 0.000130578035984
89 8 9.920970511600007 5.727872023000002 5.994440303000000 -0.001589558913571 0.014632260682238 -0.003160186233030
97 8 11.508423825899998 4.811361409400002 3.402132653400000 -0.001644521707847 0.001537665749604 0.001397248203827
113 8 9.920965757699999 3.131310752300001 4.968235823200000 0.000670803729310 0.000504633514456 0.001479426563107
129 8 7.672284708600001 4.429600636800002 3.132190496199999 0.000115128881536 0.001530909749762 0.001186312778740
145 8 9.920966429100000 5.727866140300000 1.296153622799999 0.000593487340254 0.001509193357996 -0.000183190410020
153 8 7.672288882800000 1.833036553300000 1.296161863300000 0.000072206050364 -0.000876481552595 -0.000972688854749
162 8 11.508439842400000 2.214796731300001 1.566094450300000 -0.000332279187134 0.000093890810016 -0.000000967227571
2 1 15.344560296200001 4.429605525400001 5.481344520900000 -0.001462827899140 0.005094790198878 -0.000025380057322
10 1 17.262640612500000 3.322200941900001 2.349140662099999 -0.000711344066748 0.001190772628652 0.000889597262350
26 1 13.426487796400002 3.322205851300000 2.349145244699999 0.000760709027196 0.001252060378581 0.000904653668252
65 8 13.095888200900001 5.727884393600002 5.994451122499998 -0.004374629690324 -0.014310745272919 0.000201348988006
90 8 17.593253881800006 5.727872023000002 5.994440303000000 0.004554396760862 -0.000924677711982 -0.000471725794934
114 8 17.593249127900009 3.131310752300001 4.968235823200000 0.002507979007014 -0.002018563619062 0.001103890708428
130 8 15.344568078800005 4.429600636800002 3.132190496199999 0.000236995629311 -0.002060707674647 -0.001353341821052
138 8 13.095880352600009 5.727889427500000 1.296160360000000 -0.002605015440729 0.000040354263555 -0.002944623759036
146 8 17.593249799300011 5.727866140300000 1.296153622799999 0.002430666429859 0.000314043635590 -0.002436896812028
154 8 15.344572252999999 1.833036553300000 1.296161863300000 0.000038484532728 -0.001303326552301 -0.001274534478839
170 8 13.095867367800004 3.131308597400002 4.968248379499999 -0.002638251889370 -0.002406613340828 0.001047347974015
42 7 19.180709987699998 4.429598811900002 5.481334835700000 -0.003567701396209 0.000037743053181 0.000400985959224
66 8 20.768171571100002 5.727884393600002 5.994451122499998 0.001053393136402 0.002706300203970 -0.002240829247489
98 8 19.180707196099995 4.811361409400002 3.402132653400000 0.000860325184283 0.001714735497457 0.001522417795790
3 1 11.508418611100000 11.073997829000001 5.481344520900000 0.016057197501742 0.000892744485695 0.000032636382555
17 1 7.672274418099999 6.644399077300000 2.349147298800000 -0.001736320296925 -0.001928768405911 -0.005034552826098
27 1 9.590346111300001 9.966598154900002 2.349145244699999 0.002408631058280 0.002599370254506 -0.005402696750932
33 7 9.590343793000001 7.751796947200008 5.481341472000000 0.030129150951164 0.002352236889533 0.001718465352458
49 7 11.508427041700001 6.644390723800001 2.349147115100000 0.011468026981348 -0.000120876826533 -0.000699271022945
73 8 11.518432852700000 8.477427166200002 5.994454850600000 -0.181539218034493 0.001893590270427 0.001263549162218
105 8 9.920968477800001 7.560904182000002 3.402136381700000 -0.001610751917968 0.001935007975827 0.014962848117460
121 8 7.672273857400003 7.026163626600007 4.968234320200000 0.026638743885617 0.010537177198914 0.007538979239822
131 8 11.508426393700001 11.073992940400007 3.132190496199999 -0.002829392292592 0.000170378708750 0.000152524520971
155 8 11.508430567899998 8.477428856900005 1.296161863300000 -0.002212142383234 -0.001793510372541 -0.001852613839105
163 8 7.672298157300000 8.859189034900005 1.566094450300000 0.000564297050317 -0.000390618867356 0.001802836571855
171 8 9.259725682700001 9.775700901000002 4.968248379499999 0.013924005784458 -0.019564263778900 0.010733568636452
11 1 13.426498927399999 9.966593245500007 2.349140662099999 0.002137806415209 -0.002592976501782 0.005541732542758
18 1 15.344557788300000 6.644399077300000 2.349147298800000 -0.001504174475974 0.001709353310994 0.004833042732497
28 1 17.262629481500003 9.966598154900002 2.349145244699999 -0.001908633187056 -0.000785300810349 0.001557192869247
34 7 17.262627163200005 7.751796947200008 5.481341472000000 -0.011686238770399 -0.002353805395359 -0.001609084844132
43 7 15.344568302600003 11.073991115500002 5.481334835700000 -0.007609004383313 -0.008867527533694 -0.001871941945151
57 7 13.426498916499998 7.751790037100004 5.481345370700000 0.031720951397359 -0.002758984267432 -0.002072254658006
81 8 13.095877704700001 7.560908000500002 3.402138567200000 -0.004223660371464 -0.004421785172923 -0.013234811012468
99 8 15.344565510999997 11.455753713000002 3.402132653400000 0.001263319114690 0.004110024107751 -0.000534484735189
106 8 17.593251848000001 7.560904182000002 3.402136381700000 0.004533248998184 -0.000715933103538 -0.000600612280694
115 8 13.757107442799997 9.775703055900001 4.968235823200000 0.017404594016848 0.018613706656713 -0.007733467622708
122 8 15.344557227600001 7.026163626600007 4.968234320200000 0.027675504833308 -0.007062122338338 -0.004905875919174
164 8 15.344581527500001 8.859189034900005 1.566094450300000 0.000609903779297 0.000570844209609 -0.001836544225111
172 8 16.932009052900014 9.775700901000002 4.968248379499999 0.001180965285608 -0.000033008454062 0.000912952533946
4 1 19.180701981300000 11.073997829000001 5.481344520900000 -0.002690327838221 -0.000119741435858 -0.000091651617015
12 1 21.098782297600000 9.966593245500007 2.349140662099999 -0.002119001256780 0.000907083308024 -0.001293308365275
44 7 23.016851672799998 11.073991115500002 5.481334835700000 -0.007640775750590 0.008755638000998 0.002266430490015
50 7 19.180710411899998 6.644390723800001 2.349147115100000 -0.003527357664029 0.000397237419252 -0.000044831974467
58 7 21.098782286699997 7.751790037100004 5.481345370700000 -0.011936947263767 0.002415113407967 0.001586636239947
74 8 19.180716222899989 8.477427166200002 5.994454850600000 0.005767374992011 -0.001926022837045 -0.001437351164384
82 8 20.768161074900000 7.560908000500002 3.402138567200000 0.001204401895055 -0.001051936540585 0.003622690876883
100 8 23.016848881199998 11.455753713000002 3.402132653400000 0.001240908171647 -0.000686716825256 0.003856293148535
116 8 21.429390813000008 9.775703055900001 4.968235823200000 0.004532715421549 -0.001597341380103 0.001784278857943
132 8 19.180709763900005 11.073992940400007 3.132190496199999 0.001227518465039 -0.000155237312078 0.000020530526696
156 8 19.180713938099998 8.477428856900005 1.296161863300000 0.000698380253048 -0.001371981375984 -0.001263102563545
19 1 11.508416103199997 13.288791380900006 2.349147298800000 0.000873447859692 -0.000074279883815 0.000024326176361
123 8 11.508415542500002 13.670555930200003 4.968234320200000 -0.000238564984759 0.001757244186435 0.001459876289717
139 8 9.259738667499999 12.372281731100001 1.296160360000000 -0.001755206965614 0.000061132817183 -0.001229310421945
35 7 13.426485478100000 14.396189250800001 5.481341472000000 0.000581195296153 -0.002450324013393 0.000127439924656
51 7 15.344568726800000 13.288783027399999 2.349147115100000 -0.000461129784618 -0.001505574557065 0.000806579850362
59 7 17.262640601600001 14.396182340700005 5.481345370700000 -0.000476473791141 -0.001909963854958 0.000117904679337
67 8 16.932029885999999 12.372276697200000 5.994451122499998 0.000466745101303 0.003017523226886 -0.000901399484900
75 8 15.344574537799998 15.121819469800011 5.994454850600000 -0.000082121766456 -0.000752149537106 -0.001521364436005
83 8 16.932019389799994 14.205300304100005 3.402138567200000 -0.001337919954849 -0.000293134843172 0.001499868909344
91 8 13.757112196700003 12.372264326600002 5.994440303000000 -0.000081123804004 0.003704671877177 -0.000799223710687
107 8 13.757110162900000 14.205296485600002 3.402136381700000 0.001400690932500 -0.000421809592480 0.001570200437354
140 8 16.932022037700008 12.372281731100001 1.296160360000000 -0.001088795841788 0.000904785238542 -0.002030543486879
147 8 13.757108114200003 12.372258443900009 1.296153622799999 0.001439711442231 0.001346839246303 -0.001740178919923
20 1 19.180699473400008 13.288791380900006 2.349147298800000 -0.000399672955432 -0.000058193403776 -0.000018615166819
36 7 21.098768848300001 14.396189250800001 5.481341472000000 -0.000056945034742 0.001866999466012 -0.000132822778887
52 7 23.016852096999997 13.288783027399999 2.349147115100000 -0.000445278221989 0.002387185807783 -0.000947472312646
76 8 23.016857907999988 15.121819469800011 5.994454850600000 -0.000065525437848 -0.003261193416823 -0.001458584087824
92 8 21.429395566900006 12.372264326600002 5.994440303000000 0.003915680383797 -0.001304123197308 -0.001868808215871
108 8 21.429393533100004 14.205296485600002 3.402136381700000 0.001862208399439 -0.001458938185012 0.001587776734470
124 8 19.180698912699995 13.670555930200003 4.968234320200000 0.000597087389755 0.001854770113185 0.001405182661433
148 8 21.429391484400018 12.372258443900009 1.296153622799999 0.002002022222431 0.000403957979485 -0.000976703138206
60 7 24.934923971800007 14.396182340700005 5.481345370700000 0.000018330010050 0.002434104399116 -0.000257617007142
68 8 24.604313256200001 12.372276697200000 5.994451122499998 -0.003084907062320 -0.002404881284527 -0.001842879529392
84 8 24.604302760000003 14.205300304100005 3.402138567200000 -0.001793106682768 -0.001363924679457 0.001604705198263
29 1 9.590346111300004 5.537003285800003 8.613538384300000 0.002408622907360 -0.004245555509463 0.004277386209927
157 8 11.508430567900000 4.047833987800002 7.560555002900000 -0.002212132701812 -0.002011719447168 -0.001544046231343
165 8 7.672298157300002 4.429594165800001 7.830487589900000 0.000564298296327 0.001633021164922 -0.001059043931441
173 8 9.259725682700003 5.346106031900003 11.232641519100001 -0.001788440425952 -0.000782499536473 0.000495183837654
13 1 13.426498927400001 5.536998376400002 8.613533801700001 0.002137810012553 0.004315697510606 -0.004228562695611
30 1 17.262629481500003 5.537003285800003 8.613538384300000 -0.001908651679574 0.001188153958514 -0.001233687965805
117 8 13.757107442800002 5.346108186800002 11.232628962800000 0.001517037396721 -0.001017424615496 0.001845389559968
166 8 15.344581527500001 4.429594165800001 7.830487589900000 0.000609937598209 -0.001477749707470 0.001060561622972
174 8 16.932009052900007 5.346106031900003 11.232641519100001 -0.001122054310038 -0.001256698114392 0.001557639758094
14 1 21.098782297600003 5.536998376400002 8.613533801700001 -0.002119012531915 -0.000961868148875 0.001349782611856
118 8 21.429390813000005 5.346108186800002 11.232628962800000 0.002079328813928 -0.000611917076684 0.000701955616147
158 8 19.180713938100002 4.047833987800002 7.560555002900000 0.000698409167834 -0.001315440892682 -0.001343088075215
5 1 11.508418611100007 6.644402959900002 11.745737660500000 0.000914853147032 -0.000033474836870 -0.000104130151401
21 1 11.508416103199998 8.859196511800004 8.613540438400001 0.016015986198151 0.000363425022521 0.000852064644070
125 8 11.508415542500003 9.240961061100004 11.232627459799998 -0.000238574375144 0.001879186433130 0.001287409757089
133 8 11.508426393700002 6.644398071300002 9.396583635799999 -0.002829452546696 0.000102766326233 0.000248189459075
141 8 9.259738667500002 7.942686862000003 7.560553499600000 0.013957359456974 0.003453498657293 -0.022349834743752
167 8 11.508439842400001 11.073986469400005 7.830487589900000 -0.003381094524877 -0.000561673257316 -0.000464525378389
37 7 13.426485478099996 9.966594381700006 11.745734611600000 0.000581201096705 -0.000748793439203 -0.002278913064866
45 7 15.344568302600001 6.644396246400003 11.745727975299999 -0.000501481534016 0.000206194217898 -0.001676834457906
53 7 15.344568726799995 8.859188158300002 8.613540254699998 -0.007568697991307 -0.004714095120786 -0.007683169630052
61 7 17.262640601600001 9.966587471600000 11.745738510299995 -0.000476471343845 -0.000411223954277 -0.002001640900533
69 8 16.932029886000002 7.942681828100003 12.258844262099997 -0.001488904857279 0.000957804777441 -0.000817776964113
77 8 15.344574537800005 10.692224600700005 12.258847990200001 -0.000082118846148 -0.001613932396990 -0.000302579278378
85 8 16.932019389799990 9.775705435000003 9.666531706799999 0.000617828470950 0.000314623189990 0.003469718017781
93 8 13.757112196700007 7.942669457500004 12.258833442600000 0.001421856360027 0.001220003122125 -0.000918012950176
101 8 15.344565511000003 7.026158843900003 9.666525792999996 0.001263369088653 0.000573872951217 0.004466414624637
109 8 13.757110162900005 9.775701616500001 9.666529521300001 -0.000102328423066 0.000518405399520 0.003873202506333
142 8 16.932022037700005 7.942686862000003 7.560553499600000 0.001214197782591 0.000704864195382 -0.000661959884150
149 8 13.757108114200001 7.942663574800001 7.560546762400000 0.017327495772424 -0.001140549757343 0.019961272262753
159 8 15.344572253000006 10.692226291400004 7.560555002900000 0.000620490993984 0.000197304374432 -0.000213479461968
6 1 19.180701981300004 6.644402959900002 11.745737660500000 -0.000358265643380 -0.000068589335929 -0.000074646496525
22 1 19.180699473400011 8.859196511800004 8.613540438400001 -0.002731764675033 -0.000091288346874 -0.000061176356476
38 7 21.098768848300008 9.966594381700006 11.745734611600000 -0.000056944753927 0.000444931668954 0.001878259189531
46 7 23.016851672800001 6.644396246400003 11.745727975299999 -0.000485638263848 -0.000149954480249 0.002578086737940
54 7 23.016852096999990 8.859188158300002 8.613540254699998 -0.007600470972142 0.005062026971861 0.007552599527260
78 8 23.016857907999999 10.692224600700005 12.258847990200001 -0.000065524436816 -0.002391095817600 -0.002689089394134
94 8 21.429395566900006 7.942669457500004 12.258833442600000 0.001883339869621 0.000890893485303 -0.001901706276806
102 8 23.016848881199998 7.026158843900003 9.666525792999996 0.001240949523648 0.003114656395239 -0.001519685209741
110 8 21.429393533100001 9.775701616500001 9.666529521300001 0.003894489969699 -0.002159595571779 -0.000492614476482
126 8 19.180698912700002 9.240961061100004 11.232627459799998 0.000597095196320 0.001860136493454 0.001397607127889
134 8 19.180709763900005 6.644398071300002 9.396583635799999 0.001227526565950 -0.000130256491609 -0.000014807849920
150 8 21.429391484400004 7.942663574800001 7.560546762400000 0.004455371255528 0.001095969937427 -0.002266575402530
160 8 23.016855623200005 10.692226291400004 7.560555002900000 0.000935993609808 -0.003901368678357 -0.003111638936649
168 8 19.180723212599993 11.073986469400005 7.830487589900000 0.000957832741000 0.000049670796812 -0.000032253185241
62 7 24.934923971800000 9.966587471600000 11.745738510299995 0.000018326377436 0.000682756668956 0.002219157240401
70 8 24.604313256200005 7.942681828100003 12.258844262099997 -0.001944050098976 0.000699751775523 -0.001862291486373
86 8 24.604302759999996 9.775705435000003 9.666531706799999 -0.002933877955425 -0.002380573475472 -0.001328854082431
7 1 15.344560296200003 13.288795263500004 11.745737660500000 -0.000091345122353 -0.000218004476907 -0.001593786321122
15 1 17.262640612500000 12.181390680000009 8.613533801700001 -0.001234468370954 -0.000990290402201 -0.000652608513032
23 1 15.344557788300000 15.503588815399999 8.613540438400001 -0.000132750305019 -0.001540255428501 0.000346900485354
31 1 13.426487796399995 12.181395589400003 8.613538384300000 0.001247840190732 -0.001719857005877 -0.001196767624819
39 7 17.262627163200005 16.610986685300006 11.745734611600000 0.000723841647754 -0.000500667455259 -0.000298698554089
95 8 17.593253881800010 14.587061761100006 12.258833442600000 0.001284385289706 0.001072624399526 -0.000802907125541
111 8 17.593251848000001 16.420093920100001 9.666529521300001 0.001263188373301 -0.000362425953962 0.001392910427580
119 8 17.593249127900002 11.990500490400001 11.232628962800000 0.001821988371786 -0.000651302018402 0.001695101887927
127 8 15.344557227600006 15.885353364700006 11.232627459799998 0.000330358345735 0.001952420973546 0.001468546680463
135 8 15.344568078800005 13.288790374900007 9.396583635799999 0.000147574879683 0.000489489225164 0.000449905082262
143 8 13.095880352600002 14.587079165600008 7.560553499600000 -0.001676671384617 0.001124290629117 -0.001557949871038
151 8 17.593249799300004 14.587055878400003 7.560546762400000 0.001744674052921 0.001327195605604 -0.001344920729742
175 8 13.095867367800004 11.990498335500007 11.232641519100001 -0.001709927548247 -0.000737944751341 0.001607059072237
8 1 23.016843666400000 13.288795263500004 11.745737660500000 -0.000074898434118 -0.000026667705843 0.001413873411780
24 1 23.016841158500000 15.503588815399999 8.613540438400001 -0.000116308142331 0.001359187599487 -0.000475268039167
32 1 21.098771166600002 12.181395589400003 8.613538384300000 -0.000859697675848 0.000890036532974 0.000648690273095
47 7 19.180709987699998 13.288788550000005 11.745727975299999 0.000466311313342 -0.000047403625291 0.000183851517706
55 7 19.180710411900002 15.503580461900007 8.613540254699998 0.000506670845704 0.000164256265304 -0.000052747545922
63 7 21.098782286700004 16.610979775200004 11.745738510299995 0.000151737746725 0.000281566091746 0.000077878419914
71 8 20.768171571100002 14.587074131700003 12.258844262099997 -0.002070252794760 0.000690618724449 -0.002079112651815
79 8 19.180716222899996 17.336616904300001 12.258847990200001 -0.000605327454541 -0.001962101605384 -0.001462851123382
87 8 20.768161074900000 16.420097738599999 9.666531706799999 -0.001919236142645 -0.001571408215535 0.001668430714790
103 8 19.180707196099995 13.670551147500003 9.666525792999996 0.000243220640219 0.001751574344527 0.001548498732172
128 8 23.016840597800005 15.885353364700006 11.232627459799998 0.000341687382662 0.001695070031959 0.001286579514764
136 8 23.016851449000004 13.288790374900007 9.396583635799999 0.000247344282415 -0.000731937754848 -0.000413769193006
144 8 20.768163722800004 14.587079165600008 7.560553499600000 -0.001572072844785 0.000348594079208 -0.001631178001981
176 8 20.768150737999996 11.990498335500007 11.232641519100001 -0.001605320162140 -0.001065548022939 0.000900139131643
16 1 24.934923982700003 12.181390680000009 8.613533801700001 0.000972707379104 0.001521781443022 0.001123662951486
40 7 24.934910533400007 16.610986685300006 11.745734611600000 -0.000046978487932 -0.000032583361135 0.000032278873039
48 7 26.852993357900004 13.288788550000005 11.745727975299999 -0.000169312769551 -0.000072067044995 0.000308479926995
56 7 26.852993782099993 15.503580461900007 8.613540254699998 -0.000128968926158 0.000273430184601 -0.000117516611602
64 7 28.771065656899999 16.610979775200004 11.745738510299995 -0.000637803632039 -0.000195876535655 -0.000259721696276
72 8 28.440454941300004 14.587074131700003 12.258844262099997 -0.001554102667074 0.000680545358085 -0.001052016096162
80 8 26.852999593099998 17.336616904300001 12.258847990200001 -0.000136993363876 -0.001978965070792 -0.001474780908730
88 8 28.440444445099999 16.420097738599999 9.666531706799999 -0.001403127742497 -0.000606405910968 0.001316537667817
96 8 25.265537252000023 14.587061761100006 12.258833442600000 0.001844395982065 0.001114969518375 -0.001654823676313
104 8 26.852990566300001 13.670551147500003 9.666525792999996 -0.000377318060787 0.001611593269150 0.001449486266001
112 8 25.265535218199997 16.420093920100001 9.666529521300001 0.001823233718763 -0.001151493547870 0.001716778779662
120 8 25.265532498100001 11.990500490400001 11.232628962800000 0.001675918961048 -0.001220950151768 0.000670295244500
152 8 25.265533169500006 14.587055878400003 7.560546762400000 0.001598601570867 0.000171103271622 -0.001540378532408
