ITEM: TIMESTEP
0
ITEM: NUMBER OF ATOMS
176
ITEM: BOX BOUNDS xy xz yz pp pp pp
0.0000000000000000e+00 3.0689133480799999e+01 7.6722833701999980e+00
0.0000000000000000e+00 1.7718379476200003e+01 7.6722833702000024e+00
0.0000000000000000e+00 1.2528786279200000e+01 4.4295948690000015e+00
ITEM: ATOMS id type x y z fx fy fz
25 1 5.754204426199998 3.322205851300000 2.349145244699999 -0.032414512494064 -0.003717890643126 -0.002609632831192
137 8 5.423596982400004 5.727889427500000 1.296160360000000 0.001709991204976 -0.002216888658483 0.000466842317587
161 8 3.836156472199998 2.214796731300001 1.566094450300000 0.005115610665750 0.001964334695585 0.001321614956859
169 8 5.423583997600000 3.131308597400002 4.968248379499999 0.001676672070350 0.000057333450974 -0.002217912607116
1 1 7.672276926000002 4.429605525400001 5.481344520900000 0.001071181468827 0.003001348173111 0.023150885652173
9 1 9.580357242300002 3.322200941900001 2.349140662099999 0.139881342533380 -0.045957006681341 -0.032448690748177
41 7 11.508426617500000 4.429598811900002 5.481334835700000 0.002213151299966 -0.001448558807513 -0.019771991450657
89 8 9.920970511600007 5.727872023000002 5.994440303000000 -0.002785968062393 0.002473788801495 -0.000063768640663
97 8 11.508423825899998 4.811361409400002 3.402132653400000 -0.002179258592179 0.012159352141785 0.008907885565107
113 8 9.920965757699999 3.131310752300001 4.968235823200000 -0.010750872044305 -0.002735847251373 0.002979770310931
129 8 7.672284708600001 4.429600636800002 3.132190496199999 -0.023724572885810 0.007829547832878 0.005640158885279
145 8 9.920966429100000 5.727866140300000 1.296153622799999 -0.010828357568133 0.001843483323998 -0.003738398364709
153 8 7.672288882800000 1.833036553300000 1.296161863300000 -0.002667126274993 0.008362417630478 0.005559781762883
162 8 11.508439842400000 2.214796731300001 1.566094450300000 -0.022519724401715 0.007128176525025 0.004972972708426
2 1 15.344560296200001 4.429605525400001 5.481344520900000 -0.003104562692602 -0.000686637789152 -0.002142238608232
10 1 17.262640612500000 3.322200941900001 2.349140662099999 -0.004836363882645 0.000190981950579 0.000182671082918
26 1 13.426487796400002 3.322205851300000 2.349145244699999 -0.032020317482610 -0.003702414874701 -0.002598631908580
65 8 13.095888200900001 5.727884393600002 5.994451122499998 -0.000173463530047 0.002579700404124 0.000777101333989
90 8 17.593253881800006 5.727872023000002 5.994440303000000 0.003175294183385 0.000614494892515 -0.001653115310246
114 8 17.593249127900009 3.131310752300001 4.968235823200000 0.003741784586427 -0.000347384315022 0.001377959350215
130 8 15.344568078800005 4.429600636800002 3.132190496199999 0.005164438126040 0.001822106351920 0.001392214431835
138 8 13.095880352600009 5.727889427500000 1.296160360000000 0.000531422180824 0.004245106530724 -0.004655577120734
146 8 17.593249799300011 5.727866140300000 1.296153622799999 0.003664477937900 0.001129503508904 -0.000952662913299
154 8 15.344572252999999 1.833036553300000 1.296161863300000 0.002714326014906 -0.003096043298862 -0.002542175446376
170 8 13.095867367800004 3.131308597400002 4.968248379499999 0.000498109427546 -0.002618263860076 0.005581906690549
42 7 19.180709987699998 4.429598811900002 5.481334835700000 -0.004558749492385 0.000872151837085 0.002885040326139
66 8 20.768171571100002 5.727884393600002 5.994451122499998 -0.000642277036085 -0.000424956044233 -0.002635500013000
98 8 19.180707196099995 4.811361409400002 3.402132653400000 0.002808458716438 0.000468222598091 0.000641031914644
3 1 11.508418611100000 11.073997829000001 5.481344520900000 -0.000263120184105 -0.001118720850492 0.000035291916736
17 1 7.672274418099999 6.644399077300000 2.349147298800000 0.001029731798332 0.022862511620396 -0.004866120123605
27 1 9.590346111300001 9.966598154900002 2.349145244699999 0.000810184992360 -0.000135167779774 0.000025038529060
33 7 9.590343793000001 7.751796947200008 5.481341472000000 0.003652887741212 -0.000091864269010 -0.000009633741975
49 7 11.508427041700001 6.644390723800001 2.349147115100000 0.002253444876195 -0.019117447149384 0.005278191515671
73 8 11.508432852700000 8.477427166200002 5.994454850600000 -0.000978089697093 -0.001457736352209 -0.001106211583608
105 8 9.920968477800001 7.560904182000002 3.402136381700000 -0.002807161546206 0.000801501303373 0.002467559136869
121 8 7.672273857400003 7.026163626600007 4.968234320200000 -0.000881419049970 -0.001510317301108 -0.000979988153774
131 8 11.508426393700001 11.073992940400007 3.132190496199999 0.000238021645333 0.000995990212410 -0.000154432928071
155 8 11.508430567899998 8.477428856900005 1.296161863300000 -0.000356214959904 0.001243572198792 -0.003116238844581
163 8 7.672298157300000 8.859189034900005 1.566094450300000 -0.000308155158823 -0.003256234811157 0.000858605855210
171 8 9.259725682700001 9.775700901000002 4.968248379499999 -0.001804464362698 -0.001049171557408 0.001337347052571
11 1 13.426498927399999 9.966593245500007 2.349140662099999 -0.000845028471774 -0.002660650822189 0.000387533046823
18 1 15.344557788300000 6.644399077300000 2.349147298800000 -0.003146021384634 -0.002213565172162 0.000087867589874
28 1 17.262629481500003 9.966598154900002 2.349145244699999 0.000810093294724 -0.000122747005159 0.000026446728527
34 7 17.262627163200005 7.751796947200008 5.481341472000000 -0.001039738710618 -0.000161175514878 -0.000058641788680
43 7 15.344568302600003 11.073991115500002 5.481334835700000 0.000321069973017 -0.001254429750209 0.001079283625580
57 7 13.426498916499998 7.751790037100004 5.481345370700000 -0.001155973938091 -0.002748035087955 -0.002064369300578
81 8 13.095877704700001 7.560908000500002 3.402138567200000 -0.000022409129223 0.001751205509677 0.002497412355197
99 8 15.344565510999997 11.455753713000002 3.402132653400000 -0.000293680284595 0.004817875700759 0.000078130109801
106 8 17.593251848000001 7.560904182000002 3.402136381700000 0.003154105392042 -0.001316713664835 0.001244381780836
115 8 13.757107442799997 9.775703055900001 4.968235823200000 0.002260828508321 0.000562679050539 0.001464844703265
122 8 15.344557227600001 7.026163626600007 4.968234320200000 0.001281035962200 0.002408927608934 0.001791351905965
164 8 15.344581527500001 8.859189034900005 1.566094450300000 0.000159980064822 0.001106393352054 -0.000242785557966
172 8 16.932009052900014 9.775700901000002 4.968248379499999 -0.001901879520721 -0.000693244986743 0.001319812128550
4 1 19.180701981300000 11.073997829000001 5.481344520900000 0.000495390955785 0.001304086285472 -0.000742439961272
12 1 21.098782297600000 9.966593245500007 2.349140662099999 -0.000791346467205 0.002526324202754 -0.000173282608779
44 7 23.016851672799998 11.073991115500002 5.481334835700000 -0.000660765533282 0.001108065213743 0.000119394756468
50 7 19.180710411899998 6.644390723800001 2.349147115100000 -0.004518418254260 0.003017474609738 -0.000086186518387
58 7 21.098782286699997 7.751790037100004 5.481345370700000 -0.001368423018892 0.003082438194002 0.002058403297317
74 8 19.180716222899989 8.477427166200002 5.994454850600000 0.000436213143650 -0.002594524514957 -0.001910057046019
82 8 20.768161074900000 7.560908000500002 3.402138567200000 -0.000491249565294 -0.002467814150742 0.000802119113928
100 8 23.016848881199998 11.455753713000002 3.402132653400000 0.000480566304601 0.000458261391311 0.002065690259545
116 8 21.429390813000008 9.775703055900001 4.968235823200000 0.001854951468682 -0.002150629640347 0.001303527196587
132 8 19.180709763900005 11.073992940400007 3.132190496199999 -0.000222642614100 -0.003372530824330 0.000944102474228
156 8 19.180713938099998 8.477428856900005 1.296161863300000 0.000409069683739 -0.003130723138491 -0.001127633134744
19 1 11.508416103199997 13.288791380900006 2.349147298800000 -0.003153759700297 -0.002229238511033 0.000087379007795
123 8 11.508415542500002 13.670555930200003 4.968234320200000 0.002241434011060 0.002556297247936 0.000920709420224
139 8 9.259738667499999 12.372281731100001 1.296160360000000 -0.000029532517388 0.000369393532010 -0.001926187225606
35 7 13.426485478100000 14.396189250800001 5.481341472000000 -0.001509423686247 -0.003272590807464 0.004783695511483
51 7 15.344568726800000 13.288783027399999 2.349147115100000 0.002361016408785 -0.019173117378734 0.005323998291003
59 7 17.262640601600001 14.396182340700005 5.481345370700000 0.007554749176930 0.001823927579615 0.001077966769804
67 8 16.932029885999999 12.372276697200000 5.994451122499998 -0.002698398925080 0.000363030947267 -0.001452525730939
75 8 15.344574537799998 15.121819469800011 5.994454850600000 -0.002527895741392 -0.000495616701145 -0.002984050167099
83 8 16.932019389799994 14.205300304100005 3.402138567200000 -0.014243389212496 -0.000213545554811 -0.000876174236777
91 8 13.757112196700003 12.372264326600002 5.994440303000000 0.001567129186096 0.002580017237073 -0.002007310634784
107 8 13.757110162900000 14.205296485600002 3.402136381700000 0.003714777750820 0.002607535669333 -0.001496794150591
140 8 16.932022037700008 12.372281731100001 1.296160360000000 -0.005991029918733 0.002474000758290 -0.000714995742053
147 8 13.757108114200003 12.372258443900009 1.296153622799999 0.003319183093539 0.003685403248095 -0.000329533466661
20 1 19.180699473400008 13.288791380900006 2.349147298800000 0.000960134625780 0.022778915047386 -0.004842936292902
36 7 21.098768848300001 14.396189250800001 5.481341472000000 -0.001523453973319 0.003350589395640 -0.004587584639839
52 7 23.016852096999997 13.288783027399999 2.349147115100000 -0.004509120775153 0.002999407313096 -0.000087906179355
76 8 23.016857907999988 15.121819469800011 5.994454850600000 0.001760221229475 -0.002165536982328 -0.000638730277878
92 8 21.429395566900006 12.372264326600002 5.994440303000000 0.002191696701474 -0.000589689351716 -0.000680819370518
108 8 21.429393533100004 14.205296485600002 3.402136381700000 0.004881859883743 -0.003870445836781 0.003625930373534
124 8 19.180698912699995 13.670555930200003 4.968234320200000 -0.002017413005124 0.000900892954364 0.003274104907607
148 8 21.429391484400018 12.372258443900009 1.296153622799999 0.002865668418898 -0.000524293183728 -0.002020082720285
60 7 24.934923971800007 14.396182340700005 5.481345370700000 -0.002707698034287 0.000327266666450 0.000117021568277
68 8 24.604313256200001 12.372276697200000 5.994451122499998 -0.001333171322413 0.000711388194324 -0.001439105213746
84 8 24.604302760000003 14.205300304100005 3.402138567200000 0.000308246392818 -0.000805740087440 0.001869294088327
29 1 9.590346111300004 5.537003285800003 8.613538384300000 0.000810181835309 -0.000039685865871 -0.000109982714406
157 8 11.508430567900000 4.047833987800002 7.560555002900000 -0.000356213115033 -0.002190712674071 0.001740450413796
165 8 7.672298157300002 4.429594165800001 7.830487589900000 -0.000308153019837 -0.000212383232244 -0.003446015515745
173 8 9.259725682700003 5.346106031900003 11.232641519100001 -0.000062797733039 -0.001336773106200 0.001018080180144
13 1 13.426498927400001 5.536998376400002 8.613533801700001 -0.000845018627279 -0.000566409368110 -0.002574150019557
30 1 17.262629481500003 5.537003285800003 8.613538384300000 0.000810095819703 -0.000034215694289 -0.000098734286780
117 8 13.757107442800002 5.346108186800002 11.232628962800000 0.003396498213203 0.001092093051706 0.003579956007596
166 8 15.344581527500001 4.429594165800001 7.830487589900000 0.000159980104066 0.000203410785155 0.001034207989340
174 8 16.932009052900007 5.346106031900003 11.232641519100001 -0.006024201869422 0.000506733935422 0.002598585071254
14 1 21.098782297600003 5.536998376400002 8.613533801700001 -0.000791354266871 0.000633836138920 0.002503101281763
118 8 21.429390813000005 5.346108186800002 11.232628962800000 0.002943011761622 -0.001905040701808 0.000174556345352
158 8 19.180713938100002 4.047833987800002 7.560555002900000 0.000409057316585 -0.001773930472968 -0.003046395398460
5 1 11.508418611100007 6.644402959900002 11.745737660500000 -0.003112351105224 -0.000692334592758 -0.002156865887419
21 1 11.508416103199998 8.859196511800004 8.613540438400001 -0.000304524345131 -0.000304584866203 -0.001045334856675
125 8 11.508415542500003 9.240961061100004 11.232627459799998 0.002241422283235 0.001637203514059 0.002220500896905
133 8 11.508426393700002 6.644398071300002 9.396583635799999 0.000238021542526 0.000088540647073 0.001128886514089
141 8 9.259738667500002 7.942686862000003 7.560553499600000 -0.001771205572859 0.000766258884194 -0.001761470548195
167 8 11.508439842400001 11.073986469400005 7.830487589900000 0.000120077030666 0.000196960601807 0.000071897503373
37 7 13.426485478099996 9.966594381700006 11.745734611600000 -0.001509453438321 0.003367097586157 -0.004606241104153
45 7 15.344568302600001 6.644396246400003 11.745727975299999 0.002320634512128 -0.001424096211932 -0.019839661014609
53 7 15.344568726799995 8.859188158300002 8.613540254699998 0.000361428181592 0.000606127745955 -0.001489192327175
61 7 17.262640601600001 9.966587471600000 11.745738510299995 0.007554895318899 0.001738590590612 0.001198667665802
69 8 16.932029886000002 7.942681828100003 12.258844262099997 -0.014394520454776 -0.001255834761969 0.000049090093038
77 8 15.344574537800005 10.692224600700005 12.258847990200001 -0.002527895157033 -0.002907483021525 0.000426894539615
85 8 16.932019389799990 9.775705435000003 9.666531706799999 -0.002547391759258 -0.001089838940574 0.001150716545829
93 8 13.757112196700007 7.942669457500004 12.258833442600000 0.003735959414659 -0.000661794840434 0.002960461017315
101 8 15.344565511000003 7.026158843900003 9.666525792999996 -0.000293679269196 0.001387399166363 0.004929484064360
109 8 13.757110162900005 9.775701616500001 9.666529521300001 0.001545936315609 -0.000995472793478 0.003215564049901
142 8 16.932022037700005 7.942686862000003 7.560553499600000 -0.001868650307609 0.000868373083734 -0.001420064119713
149 8 13.757108114200001 7.942663574800001 7.560546762400000 0.002183511500848 0.001514769154359 -0.000123613002406
159 8 15.344572253000006 10.692226291400004 7.560555002900000 -0.000213025685714 -0.001877674275309 -0.001680679373235
6 1 19.180701981300004 6.644402959900002 11.745737660500000 0.001001390348118 0.002995385553921 0.023064596024431
22 1 19.180699473400011 8.859196511800004 8.613540438400001 0.000453990112340 -0.000230229105565 0.001498175225091
38 7 21.098768848300008 9.966594381700006 11.745734611600000 -0.001523433537132 -0.003260541155169 0.004761877240540
46 7 23.016851672800001 6.644396246400003 11.745727975299999 -0.004549495313906 0.000864525984281 0.002868574763319
54 7 23.016852096999990 8.859188158300002 8.613540254699998 -0.000620420165529 0.000488628751991 0.001058125529181
78 8 23.016857907999999 10.692224600700005 12.258847990200001 0.001760229579434 -0.001252934492685 -0.001929372313906
94 8 21.429395566900006 7.942669457500004 12.258833442600000 0.004903096524568 0.002008582535199 -0.004854662115738
102 8 23.016848881199998 7.026158843900003 9.666525792999996 0.000480561032422 0.001808083783025 0.000156762350709
110 8 21.429393533100001 9.775701616500001 9.666529521300001 0.002170496059830 -0.000801421974909 -0.000215036689248
126 8 19.180698912700002 9.240961061100004 11.232627459799998 -0.002017414008683 0.003304204284090 -0.000124665836586
134 8 19.180709763900005 6.644398071300002 9.396583635799999 -0.000222633222137 -0.000331917683323 -0.003356001476578
150 8 21.429391484400004 7.942663574800001 7.560546762400000 0.001777635604627 0.000458244549308 -0.002627971800351
160 8 23.016855623200005 10.692226291400004 7.560555002900000 0.000202929338866 -0.001959425180676 -0.001738506152367
168 8 19.180723212599993 11.073986469400005 7.830487589900000 -0.000337970563063 0.000111742416550 0.000011644386163
62 7 24.934923971800000 9.966587471600000 11.745738510299995 -0.002707717539499 0.000333695199141 0.000107940126995
70 8 24.604313256200005 7.942681828100003 12.258844262099997 0.000157216195368 0.001135197758790 -0.001424188251236
86 8 24.604302759999996 9.775705435000003 9.666531706799999 -0.001182153877258 -0.000961072232002 0.001474676429251
7 1 15.344560296200003 13.288795263500004 11.745737660500000 0.000502697866812 0.001298537288613 -0.000741203532471
15 1 17.262640612500000 12.181390680000009 8.613533801700001 0.000330994823083 0.000112566745897 0.000127222448060
23 1 15.344557788300000 15.503588815399999 8.613540438400001 0.000461283840049 -0.000230913364011 0.001492515344213
31 1 13.426487796399995 12.181395589400003 8.613538384300000 0.000127162720674 -0.000007601714246 0.000013969820311
39 7 17.262627163200005 16.610986685300006 11.745734611600000 -0.001042382907859 -0.000166368737603 -0.000062321419430
95 8 17.593253881800010 14.587061761100006 12.258833442600000 0.001332263494481 0.001269281111670 -0.001345749846633
111 8 17.593251848000001 16.420093920100001 9.666529521300001 0.001311070599328 -0.000808669737394 0.001759262029814
119 8 17.593249127900002 11.990500490400001 11.232628962800000 0.000887286863954 -0.001099325761289 0.001339932900205
127 8 15.344557227600006 15.885353364700006 11.232627459799998 0.000915393947248 0.001214891913386 0.000947032649045
135 8 15.344568078800005 13.288790374900007 9.396583635799999 -0.000263931670536 -0.000003345925814 0.000101422195709
143 8 13.095880352600002 14.587079165600008 7.560553499600000 -0.001011881693850 0.000878697347114 -0.003392386493997
151 8 17.593249799300004 14.587055878400003 7.560546762400000 0.000809984998664 0.000843006361585 -0.001648927290465
175 8 13.095867367800004 11.990498335500007 11.232641519100001 -0.001045100027171 -0.002549385036340 0.001987001484489
8 1 23.016843666400000 13.288795263500004 11.745737660500000 -0.000262726395011 -0.001115715186663 0.000033635171164
24 1 23.016841158500000 15.503588815399999 8.613540438400001 -0.000304132661700 -0.000305143082217 -0.001041944503598
32 1 21.098771166600002 12.181395589400003 8.613538384300000 0.000124236700783 -0.000007247322277 0.000014224762944
47 7 19.180709987699998 13.288788550000005 11.745727975299999 0.000309564357938 -0.001266146612063 0.001082784399132
55 7 19.180710411900002 15.503580461900007 8.613540254699998 0.000349900686889 0.000605531365474 -0.001501413202451
63 7 21.098782286700004 16.610979775200004 11.745738510299995 -0.001153666331234 -0.002755086024791 -0.002069325600392
71 8 20.768171571100002 14.587074131700003 12.258844262099997 -0.001319874270897 0.002052666591397 -0.001340564055104
79 8 19.180716222899996 17.336616904300001 12.258847990200001 0.000801216029191 -0.001392915497404 -0.001060380101179
87 8 20.768161074900000 16.420097738599999 9.666531706799999 -0.001168854519960 -0.000421079945132 0.002706380197746
103 8 19.180707196099995 13.670551147500003 9.666525792999996 -0.000136893437565 0.001705617944685 0.001515998585150
128 8 23.016840597800005 15.885353364700006 11.232627459799998 -0.000502544363774 0.002347295844901 0.001747771195129
136 8 23.016851449000004 13.288790374900007 9.396583635799999 0.000197341507568 0.000081704336974 0.000161557064699
144 8 20.768163722800004 14.587079165600008 7.560553499600000 -0.001628289963112 0.000683115370780 0.000038575385355
176 8 20.768150737999996 11.990498335500007 11.232641519100001 -0.001661561939780 0.000620246290553 0.000658928181565
16 1 24.934923982700003 12.181390680000009 8.613533801700001 -0.000515995867247 0.000007987889154 0.000053270520597
40 7 24.934910533400007 16.610986685300006 11.745734611600000 0.003651871510788 -0.000078408846204 -0.000000104090508
48 7 26.852993357900004 13.288788550000005 11.745727975299999 -0.000663491096584 0.001112467151149 0.000117017264197
56 7 26.852993782099993 15.503580461900007 8.613540254699998 -0.000623133905129 0.000487852657808 0.001063061075923
64 7 28.771065656899999 16.610979775200004 11.745738510299995 -0.001371238957323 0.003076012570926 0.002053831701386
72 8 28.440454941300004 14.587074131700003 12.258844262099997 -0.001728709301866 -0.000663061352579 -0.001501062991236
80 8 26.852999593099998 17.336616904300001 12.258847990200001 -0.001351675106161 -0.005312399947813 -0.003831864620112
88 8 28.440444445099999 16.420097738599999 9.666531706799999 -0.001577694554659 -0.001477639859942 0.000199506693459
96 8 25.265537252000023 14.587061761100006 12.258833442600000 0.001432203551619 0.000902029433651 -0.001329500955767
104 8 26.852990566300001 13.670551147500003 9.666525792999996 0.000276245105913 0.001624097513522 0.001458357765681
112 8 25.265535218199997 16.420093920100001 9.666529521300001 0.001411008572879 -0.000915763970005 0.001407605620820
120 8 25.265532498100001 11.990500490400001 11.232628962800000 0.002249726223371 -0.000777135290527 0.001368779461514
152 8 25.265533169500006 14.587055878400003 7.560546762400000 0.002172405579987 0.000977597095826 -0.001354781667729
