ITEM: TIMESTEP
0
ITEM: NUMBER OF ATOMS
176
ITEM: BOX BOUNDS xy xz yz pp pp pp
0.0000000000000000e+00 3.0689133480799999e+01 7.6722833701999980e+00
0.0000000000000000e+00 1.7718379476200003e+01 7.6722833702000024e+00
0.0000000000000000e+00 1.2528786279200000e+01 4.4295948690000015e+00
ITEM: ATOMS id type x y z fx fy fz
25 1 5.754204426199998 3.322205851300000 2.349145244699999 -0.000388236945380 -0.001205981965435 0.000035451839846
137 8 5.423596982400004 5.727889427500000 1.296160360000000 -0.000862900231851 0.000612321431162 -0.001084678839891
161 8 3.836156472199998 2.214796731300001 1.566094450300000 -0.000660278297246 0.000939847545167 -0.000659409451109
169 8 5.423583997600000 3.131308597400002 4.968248379499999 -0.001303743138978 0.001261891573579 0.001118772248618
1 1 7.672276926000002 4.429605525400001 5.481344520900000 -0.004342989550613 -0.001988666721611 -0.000406668208382
9 1 9.590357242299998 3.322200941900001 2.349140662099999 -0.003172378869683 -0.002701702028746 -0.002585505245309
41 7 11.508426617500000 4.429598811900002 5.481334835700000 -0.035612105343156 -0.034834609054195 -0.009176949994971
89 8 9.920970511600007 5.727872023000002 5.994440303000000 0.010693072604328 -0.000410375569902 -0.002734559094057
97 8 11.508423825899998 4.811361409400002 3.402132653400000 0.003039760235046 0.003799911396575 0.010134385506406
113 8 9.920965757699999 3.131310752300001 4.968235823200000 0.010405350811727 0.007957319201587 0.003541402280481
129 8 7.672284708600001 4.429600636800002 3.132190496199999 0.001175577189253 0.000300415086860 0.000692462106773
145 8 9.920966429100000 5.727866140300000 1.296153622799999 0.004079704060139 0.001541785639736 0.001851341318712
153 8 7.672288882800000 1.833036553300000 1.296161863300000 0.000602956255423 0.000152651613541 -0.002323480788640
162 8 11.508439842400000 2.214796731300001 1.566094450300000 0.000704655973863 0.001741505565668 0.001342240216771
2 1 15.344560296200001 4.429605525400001 5.481344520900000 0.020965128804734 -0.006047439031324 -0.004292683933623
10 1 17.262640612500000 3.322200941900001 2.349140662099999 0.001773673862327 -0.000528681328846 -0.000606390055807
26 1 13.426487796400002 3.322205851300000 2.349145244699999 0.001901880934099 -0.003067308184981 -0.004733130744686
65 8 13.095888200900001 5.727884393600002 5.994451122499998 -0.007590616914573 -0.033470040692563 0.007081830604711
90 8 17.593253881800006 5.727872023000002 5.994440303000000 0.001839735965040 -0.003315775588623 -0.000290614269220
114 8 17.593249127900009 3.131310752300001 4.968235823200000 -0.000482483628091 0.000219824838621 0.001499464864121
130 8 15.344568078800005 4.429600636800002 3.132190496199999 -0.002421056904408 -0.001332534942250 0.002679154707249
138 8 13.095880352600009 5.727889427500000 1.296160360000000 -0.003269995170867 0.001032256372096 0.001448272787041
146 8 17.593249799300011 5.727866140300000 1.296153622799999 0.001212296684400 0.000416956078885 -0.001637338032908
154 8 15.344572252999999 1.833036553300000 1.296161863300000 -0.000696785531419 -0.001198295070979 -0.001201673362185
170 8 13.095867367800004 3.131308597400002 4.968248379499999 -0.004259856933208 0.010762017753306 0.004464793832032
42 7 19.180709987699998 4.429598811900002 5.481334835700000 -0.000347878618109 0.000502506342998 0.000299314267052
66 8 20.768171571100002 5.727884393600002 5.994451122499998 -0.000890585814961 0.000536693303925 -0.001556554979699
98 8 19.180707196099995 4.811361409400002 3.402132653400000 0.000032646219969 0.001352393537404 0.001647345718280
3 1 11.508418611100000 11.073997829000001 5.481344520900000 0.020833902525759 -0.006053704415519 -0.004271491350687
17 1 7.672274418099999 6.644399077300000 2.349147298800000 -0.002219910265879 0.000115293590010 -0.001513779634548
27 1 9.590346111300001 9.966598154900002 2.349145244699999 0.002069284242930 0.002791581786968 0.000127016245003
33 7 9.590343793000001 7.751796947200008 5.481341472000000 -0.012036539623104 0.007658876032114 -0.001465269978941
49 7 11.508427041700001 6.644390723800001 2.349147115100000 -0.005220876021102 0.003805861072167 -0.013232895737067
73 8 11.508432852700000 8.477427166200002 5.994454850600000 -0.013254684782498 -0.014638436890590 0.000363848665019
105 8 9.920968477800001 7.560904182000002 3.402136381700000 0.004125698643234 -0.002990699367466 0.003877973920583
121 8 7.672273857400003 7.026163626600007 4.968234320200000 0.004175385594742 0.001497849337655 0.001983088964678
131 8 11.508426393700001 11.073992940400007 3.132190496199999 -0.005117674209282 0.001920205448213 -0.003734025981667
155 8 11.508430567899998 8.477428856900005 1.296161863300000 -0.000324954212980 -0.005901385391663 0.000231730397495
163 8 7.672298157300000 8.859189034900005 1.566094450300000 0.000178032761622 -0.000578911320041 0.000390936331808
171 8 9.259725682700001 9.775700901000002 4.968248379499999 -0.001428928835362 -0.005255530173173 0.002363300757697
11 1 13.426498927399999 9.966593245500007 2.349140662099999 0.005087171566026 0.003000547228981 0.021176141851132
18 1 15.344557788300000 6.644399077300000 2.349147298800000 0.005333449552362 0.005805706988382 0.001163880092670
28 1 17.262629481500003 9.966598154900002 2.349145244699999 -0.003670620418418 0.000130987402227 0.004359510378326
34 7 17.262627163200005 7.751796947200008 5.481341472000000 -0.012150085618849 0.007523797578025 -0.001500777069461
43 7 15.344568302600003 11.073991115500002 5.481334835700000 -0.035376362209226 -0.034504802081039 -0.009148927174743
57 7 13.421498916499987 7.743129783062170 5.481345370700000 0.069472221556606 0.152889970579990 -0.011337259843864
81 8 13.095877704700001 7.560908000500002 3.402138567200000 -0.010300152521914 -0.016146275701414 -0.003760350150874
99 8 15.344565510999997 11.455753713000002 3.402132653400000 0.004678665535174 0.009183407585309 -0.007098800683097
106 8 17.593251848000001 7.560904182000002 3.402136381700000 0.003328748224410 -0.002586649055628 -0.000936612377137
115 8 13.757107442799997 9.775703055900001 4.968235823200000 -0.003653835161152 -0.031472931525492 0.008872513290601
122 8 15.344557227600001 7.026163626600007 4.968234320200000 -0.013115329749071 -0.010822515074802 0.003309983970419
164 8 15.344581527500001 8.859189034900005 1.566094450300000 0.000464631075734 -0.002892446446770 -0.002229077849143
172 8 16.932009052900014 9.775700901000002 4.968248379499999 0.007375349527844 -0.002351298121916 -0.000052404916769
4 1 19.180701981300000 11.073997829000001 5.481344520900000 -0.004322725288635 -0.001999486308785 -0.000404858599024
12 1 21.098782297600000 9.966593245500007 2.349140662099999 -0.001271936971867 0.000193488004121 0.000197284490977
44 7 23.016851672799998 11.073991115500002 5.481334835700000 -0.000326182294096 0.000484924694121 0.000300042069007
50 7 19.180710411899998 6.644390723800001 2.349147115100000 -0.002311717772150 0.001698848350626 0.001060843080817
58 7 21.098782286699997 7.751790037100004 5.481345370700000 -0.004293187621667 0.001681585799260 0.000743133601939
74 8 19.180716222899989 8.477427166200002 5.994454850600000 0.003728480248193 -0.002288413612436 -0.000866093106130
82 8 20.768161074900000 7.560908000500002 3.402138567200000 -0.000537187205101 -0.001172615914466 0.001647508146264
100 8 23.016848881199998 11.455753713000002 3.402132653400000 0.000006848823556 0.001877863655968 0.001634281475480
116 8 21.429390813000008 9.775703055900001 4.968235823200000 0.002685965321689 -0.000947844578351 0.001249139071164
132 8 19.180709763900005 11.073992940400007 3.132190496199999 0.001959607194103 0.000947058076843 -0.000496498473629
156 8 19.180713938099998 8.477428856900005 1.296161863300000 0.000696658729699 -0.002126529659239 -0.002267457747497
19 1 11.508416103199997 13.288791380900006 2.349147298800000 0.001836641277834 -0.002483642288305 0.001889187501661
123 8 11.508415542500002 13.670555930200003 4.968234320200000 -0.001927761610348 0.004037095273695 0.001342725648683
139 8 9.259738667499999 12.372281731100001 1.296160360000000 -0.002208176011501 0.000893172266646 -0.002007776933381
35 7 13.426485478100000 14.396189250800001 5.481341472000000 0.000772365254112 -0.008528049491970 0.000350779788184
51 7 15.344568726800000 13.288783027399999 2.349147115100000 -0.002006367094256 -0.006841659780094 0.004250760141438
59 7 17.262640601600001 14.396182340700005 5.481345370700000 -0.004292902236089 -0.009211040604223 0.000804254110537
67 8 16.932029885999999 12.372276697200000 5.994451122499998 0.006786471512160 0.009419586781462 0.000721899207789
75 8 15.344574537799998 15.121819469800011 5.994454850600000 0.001636433080076 0.000445597053150 -0.001337562021893
83 8 16.932019389799994 14.205300304100005 3.402138567200000 0.000110913629240 0.001524700043903 0.001854346753555
91 8 13.757112196700003 12.372264326600002 5.994440303000000 -0.001004379036856 0.012672883089618 0.001810269160437
107 8 13.757110162900000 14.205296485600002 3.402136381700000 0.001225377671161 0.000726801859110 0.000787654528930
140 8 16.932022037700008 12.372281731100001 1.296160360000000 -0.000432872727412 0.001570194573567 -0.003338325229736
147 8 13.757108114200003 12.372258443900009 1.296153622799999 0.001238312899798 0.002197961557427 -0.004115413737952
20 1 19.180699473400008 13.288791380900006 2.349147298800000 -0.001229142704754 -0.002255645270274 -0.000078654542411
36 7 21.098768848300001 14.396189250800001 5.481341472000000 0.000787764947535 -0.008553877740430 0.000354883570058
52 7 23.016852096999997 13.288783027399999 2.349147115100000 0.000889990248714 -0.000823210498987 -0.000448037255304
76 8 23.016857907999988 15.121819469800011 5.994454850600000 -0.002413307915325 0.000222605999335 -0.001513139506662
92 8 21.429395566900006 12.372264326600002 5.994440303000000 0.001921803563340 0.003235168242579 -0.001549517738084
108 8 21.429393533100004 14.205296485600002 3.402136381700000 0.000962235131024 0.000922763576444 0.002747282659139
124 8 19.180698912699995 13.670555930200003 4.968234320200000 0.002106107745100 0.004261004828013 0.001522163909674
148 8 21.429391484400018 12.372258443900009 1.296153622799999 0.001966903015270 0.001390280789300 -0.001279892523543
60 7 24.934923971800007 14.396182340700005 5.481345370700000 0.003582390097615 -0.002358374250823 -0.000640900299484
68 8 24.604313256200001 12.372276697200000 5.994451122499998 -0.004064627178084 0.001714595782336 -0.001308020294158
84 8 24.604302760000003 14.205300304100005 3.402138567200000 -0.002616585003343 -0.000472270018324 0.001451282768615
29 1 9.590346111300004 5.537003285800003 8.613538384300000 -0.003674020237737 0.000151979244667 0.004372227069928
157 8 11.508430567900000 4.047833987800002 7.560555002900000 0.004599325335458 0.005638568323909 -0.010330790319884
165 8 7.672298157300002 4.429594165800001 7.830487589900000 0.001887922204063 0.001058345366013 -0.000590058962936
173 8 9.259725682700003 5.346106031900003 11.232641519100001 -0.001427598957703 -0.000767925907036 0.000320463502939
13 1 13.426498927400001 5.536998376400002 8.613533801700001 0.005137071284803 0.003053800950895 0.021286960063028
30 1 17.262629481500003 5.537003285800003 8.613538384300000 0.002061476938537 0.002802957103569 0.000118220757265
117 8 13.757107442800002 5.346108186800002 11.232628962800000 0.001060581231246 -0.000671060376381 -0.001020377316437
166 8 15.344581527500001 4.429594165800001 7.830487589900000 -0.005202557065181 0.002027026074654 -0.003825369200172
174 8 16.932009052900007 5.346106031900003 11.232641519100001 -0.001549954869014 -0.000844197778213 0.001199761922989
14 1 21.098782297600003 5.536998376400002 8.613533801700001 -0.001279004891253 0.000196927788748 0.000198935949715
118 8 21.429390813000005 5.346108186800002 11.232628962800000 0.002072037692779 -0.000550549265193 0.001446288893570
158 8 19.180713938100002 4.047833987800002 7.560555002900000 -0.000062021347526 -0.001711695594849 -0.001558716870771
5 1 11.508418611100007 6.644402959900002 11.745737660500000 0.000373264971497 0.000316985235895 0.001947673956665
21 1 11.508416103199998 8.859196511800004 8.613540438400001 0.005385553573303 0.005775405076728 0.001078496787832
125 8 11.508415542500003 9.240961061100004 11.232627459799998 -0.000431559926189 0.001377313656131 0.001334971115268
133 8 11.508426393700002 6.644398071300002 9.396583635799999 0.000527996680425 -0.003035153479877 -0.002136622876094
141 8 9.259738667500002 7.942686862000003 7.560553499600000 0.000122901291350 -0.000926615854011 -0.004092225888499
167 8 11.508439842400001 11.073986469400005 7.830487589900000 -0.002485728308771 -0.001189075716413 0.002588926122243
37 7 13.426485478099996 9.966594381700006 11.745734611600000 0.000480502639319 0.000004606604490 -0.002861177214089
45 7 15.344568302600001 6.644396246400003 11.745727975299999 -0.000041919503230 0.000325856309919 -0.000200287941784
53 7 15.344568726799995 8.859188158300002 8.613540254699998 -0.005345258563776 0.003677409167226 -0.013249614125209
61 7 17.262640601600001 9.966587471600000 11.745738510299995 -0.001198492480369 -0.000105100017111 -0.004310400927008
69 8 16.932029886000002 7.942681828100003 12.258844262099997 -0.001476645187763 0.000875055711606 -0.000599539832987
77 8 15.344574537800005 10.692224600700005 12.258847990200001 0.000364865404608 -0.001891758716311 -0.000526260918369
85 8 16.932019389799990 9.775705435000003 9.666531706799999 0.000752577119160 -0.000371994289472 0.004694055987251
93 8 13.757112196700007 7.942669457500004 12.258833442600000 0.001553246315118 0.000682795302024 -0.001207116378191
101 8 15.344565511000003 7.026158843900003 9.666525792999996 -0.000230097243311 -0.002329038230338 0.003460675498132
109 8 13.757110162900005 9.775701616500001 9.666529521300001 -0.000087237040743 -0.000614459659315 0.004641627891783
142 8 16.932022037700005 7.942686862000003 7.560553499600000 0.000961193144809 -0.001297823089939 0.000707792615717
149 8 13.757108114200001 7.942663574800001 7.560546762400000 -0.007039059218760 -0.014342568965598 -0.006899538666754
159 8 15.344572253000006 10.692226291400004 7.560555002900000 0.002943065784148 0.000199218131197 0.006856418896971
6 1 19.180701981300004 6.644402959900002 11.745737660500000 -0.000286053462017 -0.000339201610051 -0.001155341638140
22 1 19.180699473400011 8.859196511800004 8.613540438400001 -0.002223982777762 0.000105970704283 -0.001512997090041
38 7 21.098768848300008 9.966594381700006 11.745734611600000 0.000483133846354 0.000014661155782 -0.002844906660189
46 7 23.016851672800001 6.644396246400003 11.745727975299999 -0.000029978231441 -0.000087123490008 0.000327742888340
54 7 23.016852096999990 8.859188158300002 8.613540254699998 -0.002294162982084 0.001700288705318 0.001052822197671
78 8 23.016857907999999 10.692224600700005 12.258847990200001 -0.000910923691062 -0.002431294978457 -0.001533475348337
94 8 21.429395566900006 7.942669457500004 12.258833442600000 0.001364366777518 0.001314635652403 -0.000412982199532
102 8 23.016848881199998 7.026158843900003 9.666525792999996 0.000769008910389 0.001450056181882 0.000930559340596
110 8 21.429393533100001 9.775701616500001 9.666529521300001 0.002314144446747 -0.001066423068174 0.002088359682870
126 8 19.180698912700002 9.240961061100004 11.232627459799998 0.000843228402307 0.001913774518401 0.002328023888227
134 8 19.180709763900005 6.644398071300002 9.396583635799999 0.000262007009075 -0.000693957713773 0.000484579654996
150 8 21.429391484400004 7.942663574800001 7.560546762400000 0.002815355977470 0.000763911534048 -0.001180368443967
160 8 23.016855623200005 10.692226291400004 7.560555002900000 -0.000045834665805 -0.002225475591866 -0.001546938376811
168 8 19.180723212599993 11.073986469400005 7.830487589900000 0.001092837382517 0.000422468115440 0.000597105712962
62 7 24.934923971800000 9.966587471600000 11.745738510299995 0.000443004632434 0.000397610330187 0.000307218446823
70 8 24.604313256200005 7.942681828100003 12.258844262099997 -0.001972375448767 0.000385710867565 -0.001447874833244
86 8 24.604302759999996 9.775705435000003 9.666531706799999 -0.002153224253804 -0.001515735569813 0.001195881485975
7 1 15.344560296200003 13.288795263500004 11.745737660500000 -0.000284857387189 -0.000339233346200 -0.001147380014671
15 1 17.262640612500000 12.181390680000009 8.613533801700001 -0.003163886063609 -0.002705753145439 -0.002564497821468
23 1 15.344557788300000 15.503588815399999 8.613540438400001 -0.001237158244660 -0.002250983560594 -0.000065533064297
31 1 13.426487796399995 12.181395589400003 8.613538384300000 0.001887119025382 -0.003077747885453 -0.004716175808178
39 7 17.262627163200005 16.610986685300006 11.745734611600000 0.000121290395505 -0.000461560414157 0.001444787820415
95 8 17.593253881800010 14.587061761100006 12.258833442600000 0.001681363444223 0.001119398616376 -0.001471523348288
111 8 17.593251848000001 16.420093920100001 9.666529521300001 0.002750433578729 -0.000109638946714 -0.000172816570005
119 8 17.593249127900002 11.990500490400001 11.232628962800000 0.002103343310795 -0.000611465210365 0.002200559752729
127 8 15.344557227600006 15.885353364700006 11.232627459799998 0.000518560051298 0.002237742815695 0.001373165958135
135 8 15.344568078800005 13.288790374900007 9.396583635799999 0.000783463253905 0.001626108312708 0.001424110334456
143 8 13.095880352600002 14.587079165600008 7.560553499600000 -0.002211467971096 0.002597052390136 -0.000433886648782
151 8 17.593249799300004 14.587055878400003 7.560546762400000 0.003466389528375 0.003464377363949 -0.000987122395673
175 8 13.095867367800004 11.990498335500007 11.232641519100001 -0.001869059952644 -0.000636797178506 0.002250987547847
8 1 23.016843666400000 13.288795263500004 11.745737660500000 0.000370491581615 0.000309817576602 0.001952560522698
24 1 23.016841158500000 15.503588815399999 8.613540438400001 0.001845442451098 -0.002483267565506 0.001894460978959
32 1 21.098771166600002 12.181395589400003 8.613538384300000 -0.000379847133412 -0.001210111665272 0.000042035639846
47 7 19.180709987699998 13.288788550000005 11.745727975299999 -0.000035568071997 0.000317111182631 -0.000174492796045
55 7 19.180710411900002 15.503580461900007 8.613540254699998 -0.002002729969327 -0.006860588051866 0.004274126491555
63 7 21.098782286700004 16.610979775200004 11.745738510299995 0.000442995584201 -0.000545858708223 0.004485700811012
71 8 20.768171571100002 14.587074131700003 12.258844262099997 -0.002520706673902 0.000823213093950 -0.003829232568516
79 8 19.180716222899996 17.336616904300001 12.258847990200001 -0.000632869018938 -0.001815879081310 -0.002488815379941
87 8 20.768161074900000 16.420097738599999 9.666531706799999 -0.002121710713110 0.000252602636392 -0.001288604062722
103 8 19.180707196099995 13.670551147500003 9.666525792999996 0.000674162317986 0.003747238904269 0.000859192619217
128 8 23.016840597800005 15.885353364700006 11.232627459799998 -0.000152731752842 0.001992520895786 0.000365634043986
136 8 23.016851449000004 13.288790374900007 9.396583635799999 -0.000586178734202 0.000829817568970 -0.000573554388440
144 8 20.768163722800004 14.587079165600008 7.560553499600000 -0.001959172076593 0.002406282987494 -0.002390240037037
176 8 20.768150737999996 11.990498335500007 11.232641519100001 -0.001680546055884 -0.001273226513163 0.001451240356725
16 1 24.934923982700003 12.181390680000009 8.613533801700001 0.001774174309958 -0.000537751353408 -0.000606904623839
40 7 24.934910533400007 16.610986685300006 11.745734611600000 0.000122598998497 -0.000459415490101 0.001434146793848
48 7 26.852993357900004 13.288788550000005 11.745727975299999 -0.000032330853353 -0.000092250269068 0.000328114143376
56 7 26.852993782099993 15.503580461900007 8.613540254699998 0.000882554414773 -0.000816014476299 -0.000444440537637
64 7 28.771065656899999 16.610979775200004 11.745738510299995 -0.000440994400850 -0.000252407946157 -0.000004319293672
72 8 28.440454941300004 14.587074131700003 12.258844262099997 -0.001511543554743 0.000935256016708 -0.001359958774083
80 8 26.852999593099998 17.336616904300001 12.258847990200001 0.000035349745561 -0.001568539099729 -0.001479076301925
88 8 28.440444445099999 16.420097738599999 9.666531706799999 -0.001386635255459 -0.000549237199602 0.001543710405507
96 8 25.265537252000023 14.587061761100006 12.258833442600000 0.001806744320642 0.001192653860046 -0.002342509868949
104 8 26.852990566300001 13.670551147500003 9.666525792999996 -0.000620490651453 0.002385707634823 0.001992429282029
112 8 25.265535218199997 16.420093920100001 9.666529521300001 0.000971270512458 -0.000788855495183 0.001167894468405
120 8 25.265532498100001 11.990500490400001 11.232628962800000 0.001612580955002 -0.001095430739728 0.001357565558533
152 8 25.265533169500006 14.587055878400003 7.560546762400000 0.000737831509732 0.001467096187723 -0.001376568615906
