ITEM: TIMESTEP
0
ITEM: NUMBER OF ATOMS
176
ITEM: BOX BOUNDS xy xz yz pp pp pp
0.0000000000000000e+00 3.0689133480799999e+01 7.6722833701999980e+00
0.0000000000000000e+00 1.7718379476200003e+01 7.6722833702000024e+00
0.0000000000000000e+00 1.2528786279200000e+01 4.4295948690000015e+00
ITEM: ATOMS id type x y z fx fy fz
25 1 5.754204426199998 3.322205851300000 2.349145244699999 -0.000934753762309 -0.000309833532506 -0.000616064435227
137 8 5.423596982400004 5.727889427500000 1.296160360000000 -0.000730088914016 0.000405704241610 -0.000930125567521
161 8 3.836156472199998 2.214796731300001 1.566094450300000 -0.000053635567240 0.000017230241897 0.000038300089641
169 8 5.423583997600000 3.131308597400002 4.968248379499999 -0.000314675330659 -0.000651596283864 0.001214490464847
1 1 7.672276926000002 4.429605525400001 5.481344520900000 -0.005401427368313 0.000998745472969 -0.000166246350892
9 1 9.590357242299998 3.322200941900001 2.349140662099999 -0.002642896448444 -0.000631031438185 -0.004938179598735
41 7 11.508426617500000 4.429598811900002 5.481334835700000 0.016891278979759 0.024641670885166 0.001947390260375
89 8 9.920970511600007 5.727872023000002 5.994440303000000 0.011751326777097 -0.008474736424625 -0.003160369546715
97 8 11.508423825899998 4.811361409400002 3.402132653400000 0.000893283354368 -0.002414173507148 0.014941865980142
113 8 9.920965757699999 3.131310752300001 4.968235823200000 0.022534227347922 0.017761792217944 0.007502345298578
129 8 7.672284708600001 4.429600636800002 3.132190496199999 0.001403806918598 -0.000701110276383 0.001186322890095
145 8 9.920966429100000 5.727866140300000 1.296153622799999 0.001625779090372 -0.000278802376908 -0.000183171431060
153 8 7.672288882800000 1.833036553300000 1.296161863300000 0.000623272614085 -0.001201513025245 -0.000645794537843
162 8 11.508439842400000 2.214796731300001 1.566094450300000 -0.000174197579818 0.000888500361188 0.001802817370530
2 1 15.344560296200001 4.429605525400001 5.481344520900000 0.008942668744968 0.013215733414570 0.000032604790789
10 1 17.262640612500000 3.322200941900001 2.349140662099999 0.000267999894928 0.000701812283284 0.000120687106693
26 1 13.426487796400002 3.322205851300000 2.349145244699999 0.003596316756042 0.000542264704544 -0.005402718268800
65 8 13.100888200900018 5.736544647637839 5.994451122499998 -0.089088660115164 -0.158209497503650 0.001276058980338
90 8 17.593253881800006 5.727872023000002 5.994440303000000 0.003041883671836 -0.001704558712661 -0.000799272144261
114 8 17.593249127900009 3.131310752300001 4.968235823200000 0.001492169374210 -0.001124490361399 0.001423430669919
130 8 15.344568078800005 4.429600636800002 3.132190496199999 -0.001246736808997 -0.002570850946866 0.000152525435190
138 8 13.095880352600009 5.727889427500000 1.296160360000000 -0.002666391572536 -0.001114107811019 -0.001810119460369
146 8 17.593249799300011 5.727866140300000 1.296153622799999 0.001908268477123 0.000535227232765 -0.001740177229109
154 8 15.344572252999999 1.833036553300000 1.296161863300000 -0.000738766486448 -0.001592027952825 -0.001271838796524
170 8 13.095867367800004 3.131308597400002 4.968248379499999 -0.010028629119061 0.021923217857742 0.010733394010756
42 7 19.180709987699998 4.429598811900002 5.481334835700000 -0.002043734650934 0.001452271300255 0.000355096873282
66 8 20.768171571100002 5.727884393600002 5.994451122499998 -0.000648881358542 0.000264959865499 -0.001508798056435
98 8 19.180707196099995 4.811361409400002 3.402132653400000 0.000358107339931 0.001372134980717 0.001549294571315
3 1 11.508418611100000 11.073997829000001 5.481344520900000 0.003821644075484 -0.004058186757745 -0.000025384454216
17 1 7.672274418099999 6.644399077300000 2.349147298800000 -0.000451986722536 0.001128490564992 -0.000789383925281
27 1 9.590346111300001 9.966598154900002 2.349145244699999 0.001605530150268 -0.000211248468138 0.000904650241934
33 7 9.590343793000001 7.751796947200008 5.481341472000000 0.005407959448079 0.010318328099463 -0.000097014020119
49 7 11.508427041700001 6.644390723800001 2.349147115100000 0.005386274903845 0.010413058704892 -0.000699328664183
73 8 11.508432852700000 8.477427166200002 5.994454850600000 -0.014567956501603 0.003309049901994 0.000188836740584
105 8 9.920968477800001 7.560904182000002 3.402136381700000 0.000542746687616 -0.002238894486720 0.001418155883260
121 8 7.672273857400003 7.026163626600007 4.968234320200000 0.000761624730914 0.000231387174347 0.001515863511273
131 8 11.508426393700001 11.073992940400007 3.132190496199999 -0.001645703402878 0.001200213211411 -0.001353316533366
155 8 11.508430567899998 8.477428856900005 1.296161863300000 -0.001181663135868 -0.002317585371167 -0.002987114943684
163 8 7.672298157300000 8.859189034900005 1.566094450300000 -0.000202886443469 -0.000130206331730 -0.000000965476652
171 8 9.259725682700001 9.775700901000002 4.968248379499999 -0.003450934835970 -0.000998985473458 0.001047351661469
11 1 13.426498927399999 9.966593245500007 2.349140662099999 0.000623863955353 -0.002249073065402 0.004929371962714
18 1 15.344557788300000 6.644399077300000 2.349147298800000 -0.001045044274419 0.003192439121589 0.005445388856356
28 1 17.262629481500003 9.966598154900002 2.349145244699999 -0.001493532317910 -0.001504274690974 0.001557190042644
34 7 17.262627163200005 7.751796947200008 5.481341472000000 -0.011138733998054 -0.002110103233432 -0.002099609905909
43 7 15.344568302600003 11.073991115500002 5.481334835700000 -0.008093805119491 -0.009219869216956 -0.001381418155079
57 7 13.426498916499998 7.751790037100004 5.481345370700000 0.013228773118146 0.029275460446454 -0.002073318630934
81 8 13.095877704700001 7.560908000500002 3.402138567200000 -0.005918409911056 -0.001486440898157 -0.013234819062691
99 8 15.344565510999997 11.455753713000002 3.402132653400000 0.001669646387570 0.004232038892575 -0.000621490905523
106 8 17.593251848000001 7.560904182000002 3.402136381700000 0.004224398544254 -0.001006822236252 -0.000513584086711
115 8 13.757107442799997 9.775703055900001 4.968235823200000 0.007811246882224 0.027459339116307 -0.004942281283969
122 8 15.344557227600001 7.026163626600007 4.968234320200000 0.024811573252248 0.005668859208796 -0.007697035063106
164 8 15.344581527500001 8.859189034900005 1.566094450300000 0.000681239684764 0.000447292515707 -0.001836555088915
172 8 16.932009052900014 9.775700901000002 4.968248379499999 0.000514240831403 0.001121802455000 0.000912946016692
4 1 19.180701981300000 11.073997829000001 5.481344520900000 -0.001307993338593 -0.002514040240430 -0.000091648292055
12 1 21.098782297600000 9.966593245500007 2.349140662099999 -0.000354632537030 -0.000408789232931 0.000077750474031
44 7 23.016851672799998 11.073991115500002 5.481334835700000 0.001376134435279 -0.001259046219954 0.000094824510186
50 7 19.180710411899998 6.644390723800001 2.349147115100000 -0.001777462255307 0.000774454699316 0.000806564250732
58 7 21.098782286699997 7.751790037100004 5.481345370700000 -0.002135390386984 0.000963374578581 0.000117908192448
74 8 19.180716222899989 8.477427166200002 5.994454850600000 0.002859511730872 -0.001162252701168 -0.000913961974977
82 8 20.768161074900000 7.560908000500002 3.402138567200000 -0.000900008284540 -0.001051609087596 0.001499868015158
100 8 23.016848881199998 11.455753713000002 3.402132653400000 -0.000309342643596 0.002290376940817 0.001566888336379
116 8 21.429390813000008 9.775703055900001 4.968235823200000 0.001994438305932 -0.000449545931156 0.001368743364649
132 8 19.180709763900005 11.073992940400007 3.132190496199999 0.000499742174685 0.001105322812253 0.000020525857635
156 8 19.180713938099998 8.477428856900005 1.296161863300000 0.000325060419493 -0.001436714421084 -0.002073051853803
19 1 11.508416103199997 13.288791380900006 2.349147298800000 0.000807222535179 -0.001166881509514 0.000793230516139
123 8 11.508415542500002 13.670555930200003 4.968234320200000 -0.000504945300750 0.003084014565839 0.001140336969661
139 8 9.259738667499999 12.372281731100001 1.296160360000000 -0.001116536110577 0.000589910427646 -0.001232067639773
35 7 13.426485478100000 14.396189250800001 5.481341472000000 -0.001405815053415 -0.003062845920156 0.000173326581599
51 7 15.344568726800000 13.288783027399999 2.349147115100000 -0.001662721693946 -0.002832399661594 -0.000044833017930
59 7 17.262640601600001 14.396182340700005 5.481345370700000 -0.004119908681551 -0.011124168766633 0.001586636083866
67 8 16.932029885999999 12.372276697200000 5.994451122499998 0.001259233770036 0.005917724739411 -0.001424784719988
75 8 15.344574537799998 15.121819469800011 5.994454850600000 0.002883239178738 -0.000498570855107 -0.002253396580503
83 8 16.932019389799994 14.205300304100005 3.402138567200000 -0.000286021185889 0.001529507097242 0.003622677602159
91 8 13.757112196700003 12.372264326600002 5.994440303000000 0.001350529684499 0.004624544089711 -0.000471710860919
107 8 13.757110162900000 14.205296485600002 3.402136381700000 0.001948509490501 -0.000158147312661 0.001543325725376
140 8 16.932022037700008 12.372281731100001 1.296160360000000 -0.000846118999641 0.001195613688587 -0.001220523282913
147 8 13.757108114200003 12.372258443900009 1.296153622799999 0.001509350486862 0.001909842015198 -0.002436910201830
20 1 19.180699473400008 13.288791380900006 2.349147298800000 -0.000142303560463 -0.002244120760377 -0.001389662261080
36 7 21.098768848300001 14.396189250800001 5.481341472000000 0.004107491457907 -0.010949232418979 0.002038845770827
52 7 23.016852096999997 13.288783027399999 2.349147115100000 0.001601689403288 -0.001158212329138 -0.000947483662217
76 8 23.016857907999988 15.121819469800011 5.994454850600000 -0.003612283029106 -0.001526854279874 -0.001855451687358
92 8 21.429395566900006 12.372264326600002 5.994440303000000 0.000702568710294 0.004261081862894 -0.001868787763501
108 8 21.429393533100004 14.205296485600002 3.402136381700000 0.000059066448750 0.001372162546350 0.003877182953258
124 8 19.180698912699995 13.670555930200003 4.968234320200000 0.000872234461075 0.004626894495915 0.001820716054362
148 8 21.429391484400018 12.372258443900009 1.296153622799999 0.001372878253722 0.001493639241376 -0.000976711609288
60 7 24.934923971800007 14.396182340700005 5.481345370700000 0.001874078273449 -0.000780155417721 -0.000257622423208
68 8 24.604313256200001 12.372276697200000 5.994451122499998 -0.002813512190266 0.001533858267543 -0.001446016970492
84 8 24.604302760000003 14.205300304100005 3.402138567200000 -0.002054933518185 -0.000910404457968 0.001604710498154
29 1 9.590346111300004 5.537003285800003 8.613538384300000 -0.002331534705697 0.003964712299839 0.004277346952779
157 8 11.508430567900000 4.047833987800002 7.560555002900000 0.010055256763976 0.010319117839767 -0.022392125414759
165 8 7.672298157300002 4.429594165800001 7.830487589900000 0.001578320853400 -0.000123300891307 -0.001059052442775
173 8 9.259725682700003 5.346106031900003 11.232641519100001 -0.001619530330600 -0.001075054859938 0.000495177757550
13 1 13.426498927400001 5.536998376400002 8.613533801700001 0.008218331667404 0.013596945720114 0.000948308474622
30 1 17.262629481500003 5.537003285800003 8.613538384300000 -0.000724663995973 0.001696602922739 -0.001196763773974
117 8 13.757107442800002 5.346108186800002 11.232628962800000 0.001597744315419 -0.001185452733368 0.001250996048334
166 8 15.344581527500001 4.429594165800001 7.830487589900000 -0.002294991561966 -0.002442753406491 -0.000464498775798
174 8 16.932009052900007 5.346106031900003 11.232641519100001 -0.001541682879412 -0.001029341225412 0.001607070081630
14 1 21.098782297600003 5.536998376400002 8.613533801700001 -0.001504656815804 0.000563411577638 0.000443261510868
118 8 21.429390813000005 5.346108186800002 11.232628962800000 0.001945639192583 -0.000729371595429 0.001432107259947
158 8 19.180713938100002 4.047833987800002 7.560555002900000 0.000221242765248 -0.002055576918418 -0.001600450045244
5 1 11.508418611100007 6.644402959900002 11.745737660500000 0.000569307070017 0.000565000187645 -0.000104144499580
21 1 11.508416103199998 8.859196511800004 8.613540438400001 0.004937937958291 -0.000261876620597 -0.004324819948706
125 8 11.508415542500003 9.240961061100004 11.232627459799998 -0.000133395540215 0.001725270886135 0.001881814508318
133 8 11.508426393700002 6.644398071300002 9.396583635799999 -0.001305342607126 -0.002537077192828 0.000248189873454
141 8 9.259738667500002 7.942686862000003 7.560553499600000 -0.002855352014519 -0.001004972704143 -0.001501528433678
167 8 11.508439842400001 11.073986469400005 7.830487589900000 -0.001092856960068 0.001471564331107 0.001060547721338
37 7 13.426485478099996 9.966594381700006 11.745734611600000 0.000273179672888 -0.000491661707712 -0.001904507026721
45 7 15.344568302600001 6.644396246400003 11.745727975299999 -0.000570145936234 0.000601503915191 -0.002051268686818
53 7 15.344568726799995 8.859188158300002 8.613540254699998 -0.008109945711763 -0.003776632018224 -0.007683172544239
61 7 17.262640601600001 9.966587471600000 11.745738510299995 -0.000837445530043 0.000213995969118 -0.002001652601535
69 8 16.932029886000002 7.942681828100003 12.258844262099997 -0.001395227232452 0.000695872311217 -0.000290002811445
77 8 15.344574537800005 10.692224600700005 12.258847990200001 0.000097881419762 -0.001826027422755 -0.000830342403860
85 8 16.932019389799990 9.775705435000003 9.666531706799999 0.000604202513597 0.000338250249732 0.003469731539219
93 8 13.757112196700007 7.942669457500004 12.258833442600000 0.001641615040038 0.000839366033233 -0.000918018781855
101 8 15.344565511000003 7.026158843900003 9.666525792999996 0.000420835787809 -0.000399611233687 0.003852296080386
109 8 13.757110162900005 9.775701616500001 9.666529521300001 0.001161989082328 0.000761297530595 0.004487306905465
142 8 16.932022037700005 7.942686862000003 7.560553499600000 0.000474007133500 0.000343623276967 -0.000170969171447
149 8 13.757108114200001 7.942663574800001 7.560546762400000 0.007698168102354 0.015538132335288 0.019961552174575
159 8 15.344572253000006 10.692226291400004 7.560555002900000 0.001303411088812 0.000657686744219 -0.000704459511206
6 1 19.180701981300004 6.644402959900002 11.745737660500000 -0.000093600257432 -0.000214105637279 -0.001593793114065
22 1 19.180699473400011 8.859196511800004 8.613540438400001 -0.001343205950551 -0.000529406758479 -0.000748977353012
38 7 21.098768848300008 9.966594381700006 11.745734611600000 0.000537445792202 0.000473267116831 -0.000043791483392
46 7 23.016851672800001 6.644396246400003 11.745727975299999 -0.000283918781741 0.000600977230710 -0.000071054805455
54 7 23.016852096999990 8.859188158300002 8.613540254699998 0.000152512428813 0.000777683132160 -0.000052745808440
78 8 23.016857907999999 10.692224600700005 12.258847990200001 -0.000424176060599 -0.002195898114202 -0.002091687330326
94 8 21.429395566900006 7.942669457500004 12.258833442600000 0.001445244121192 0.000794004318945 -0.000802905185920
102 8 23.016848881199998 7.026158843900003 9.666525792999996 0.000340796214831 0.001223354070375 0.001371997001904
110 8 21.429393533100001 9.775701616500001 9.666529521300001 0.001671858259934 -0.000711012513003 0.001569394707718
126 8 19.180698912700002 9.240961061100004 11.232627459799998 0.000336142664782 0.001806307129179 0.001731545379061
134 8 19.180709763900005 6.644398071300002 9.396583635799999 0.000518124477898 -0.000152295994835 0.000449911039389
150 8 21.429391484400004 7.942663574800001 7.560546762400000 0.002043774739591 0.000809148745072 -0.001344920453221
160 8 23.016855623200005 10.692226291400004 7.560555002900000 -0.000398246035072 -0.001577155380666 -0.001673685371197
168 8 19.180723212599993 11.073986469400005 7.830487589900000 0.000403869235144 0.001009174936961 -0.000032251078867
62 7 24.934923971800000 9.966587471600000 11.745738510299995 0.000076629536299 0.000411643924637 0.000077870926463
70 8 24.604313256200005 7.942681828100003 12.258844262099997 -0.001958354599231 0.000416834244863 -0.001450290480064
86 8 24.604302759999996 9.775705435000003 9.666531706799999 -0.002297684387026 -0.000915909022550 0.001668424454266
7 1 15.344560296200003 13.288795263500004 11.745737660500000 -0.000097660944663 -0.000519982507106 -0.000074646969164
15 1 17.262640612500000 12.181390680000009 8.613533801700001 -0.001549327532116 -0.002411894019842 0.000035200727294
23 1 15.344557788300000 15.503588815399999 8.613540438400001 -0.001760839233891 -0.001309643395741 0.001253416815088
31 1 13.426487796399995 12.181395589400003 8.613538384300000 0.000215520725388 -0.002490986935876 -0.001233671126097
39 7 17.262627163200005 16.610986685300006 11.745734611600000 -0.000027330441695 -0.000299859324445 0.002350419552678
95 8 17.593253881800010 14.587061761100006 12.258833442600000 0.001587331891625 0.001403584807178 -0.001901709934201
111 8 17.593251848000001 16.420093920100001 9.666529521300001 0.003351174991505 -0.000528469545012 -0.001498773722810
119 8 17.593249127900002 11.990500490400001 11.232628962800000 0.001999079406590 -0.000452231149472 0.001361163170262
127 8 15.344557227600006 15.885353364700006 11.232627459799998 0.000498916885916 0.002009467547566 0.000738382398843
135 8 15.344568078800005 13.288790374900007 9.396583635799999 0.000521375492947 0.001092843847942 -0.000014799559296
143 8 13.095880352600002 14.587079165600008 7.560553499600000 -0.000797076594218 0.001167493416162 -0.001300584325927
151 8 17.593249799300004 14.587055878400003 7.560546762400000 0.003198831635580 0.003272331488118 -0.002266575909451
175 8 13.095867367800004 11.990498335500007 11.232641519100001 -0.001697000718410 -0.000260867834137 0.001557648396354
8 1 23.016843666400000 13.288795263500004 11.745737660500000 0.000080332453316 -0.000295539643124 0.001413878080840
24 1 23.016841158500000 15.503588815399999 8.613540438400001 0.001935892374516 0.000126034842258 0.001027306657297
32 1 21.098771166600002 12.181395589400003 8.613538384300000 0.000481815420466 -0.001433539651813 0.000648691298837
47 7 19.180709987699998 13.288788550000005 11.745727975299999 0.000144579756097 -0.000547996575445 0.002105901246222
55 7 19.180710411900002 15.503580461900007 8.613540254699998 0.000340600274895 -0.008692181125486 0.007552484987926
63 7 21.098782286700004 16.610979775200004 11.745738510299995 0.000357360271708 0.000095506042130 0.002219132797508
71 8 20.768171571100002 14.587074131700003 12.258844262099997 -0.002059969259279 0.001098824974007 -0.002676513919214
79 8 19.180716222899996 17.336616904300001 12.258847990200001 -0.000353184659789 -0.002091152927716 -0.001874864023995
87 8 20.768161074900000 16.420097738599999 9.666531706799999 -0.003505782356958 -0.001390015550363 -0.001328814361177
103 8 19.180707196099995 13.670551147500003 9.666525792999996 0.000100014522025 0.004400704601341 -0.000513486508985
128 8 23.016840597800005 15.885353364700006 11.232627459799998 -0.000230225200090 0.001964620895860 0.000706732491812
136 8 23.016851449000004 13.288790374900007 9.396583635799999 -0.000489786485349 0.000544804847413 -0.000413760559414
144 8 20.768163722800004 14.587079165600008 7.560553499600000 -0.002917767694998 0.002666191992018 -0.003069153122305
176 8 20.768150737999996 11.990498335500007 11.232641519100001 -0.001773092400255 -0.000774955165070 0.000900134933002
16 1 24.934923982700003 12.181390680000009 8.613533801700001 0.001014531731403 -0.000872071525143 -0.000378893925767
40 7 24.934910533400007 16.610986685300006 11.745734611600000 0.000198278006526 -0.000064871477563 0.000080835340875
48 7 26.852993357900004 13.288788550000005 11.745727975299999 -0.000263970851139 -0.000300609675182 0.000259929608296
56 7 26.852993782099993 15.503580461900007 8.613540254699998 -0.000070717313353 0.000172574567891 -0.000117528726927
64 7 28.771065656899999 16.610979775200004 11.745738510299995 -0.000731625438732 -0.000033398102069 -0.000259724936651
72 8 28.440454941300004 14.587074131700003 12.258844262099997 -0.001738791484036 0.000830871281456 -0.001462215787667
80 8 26.852999593099998 17.336616904300001 12.258847990200001 -0.000174835917409 -0.001743853755292 -0.001064584155553
88 8 28.440444445099999 16.420097738599999 9.666531706799999 -0.001203912693291 -0.000951439525690 0.001316530972409
96 8 25.265537252000023 14.587061761100006 12.258833442600000 0.001761926717103 0.001257814550512 -0.001654827219408
104 8 26.852990566300001 13.670551147500003 9.666525792999996 -0.000062571008441 0.002102908106333 0.001695894043972
112 8 25.265535218199997 16.420093920100001 9.666529521300001 0.001240372338957 -0.001178414197663 0.001470398437224
120 8 25.265532498100001 11.990500490400001 11.232628962800000 0.001728425525545 -0.000590887099311 0.001250134891676
152 8 25.265533169500006 14.587055878400003 7.560546762400000 0.000969527103016 0.001260693236529 -0.001540380154478
