ITEM: TIMESTEP
0
ITEM: NUMBER OF ATOMS
176
ITEM: BOX BOUNDS xy xz yz pp pp pp
0.0000000000000000e+00 3.0689133480799999e+01 7.6722833701999980e+00
0.0000000000000000e+00 1.7718379476200003e+01 7.6722833702000024e+00
0.0000000000000000e+00 1.2528786279200000e+01 4.4295948690000015e+00
ITEM: ATOMS id type x y z fx fy fz
25 1 5.754204426199998 3.322205851300000 2.349145244699999 0.003287592733952 0.003218990537258 0.002566724801084
137 8 5.423596982400004 5.727889427500000 1.296160360000000 -0.002928486282455 0.000311575928320 -0.004080803580783
161 8 3.836156472199998 2.214796731300001 1.566094450300000 -0.001133015286061 -0.001709566758481 -0.000009662580323
169 8 5.423583997600000 3.131308597400002 4.968248379499999 -0.004714844844209 -0.004832575020550 0.001123406096906
1 1 7.672276926000002 4.429605525400001 5.481344520900000 0.015582936227424 0.026703943339665 -0.000081834789406
9 1 9.590357242299998 3.322200941900001 2.349140662099999 -0.001829231166311 0.003222884031501 0.004887526080957
41 7 11.508426617500000 4.429598811900002 5.481334835700000 -0.035911180270165 0.020086276707388 0.008128833718630
89 8 9.920970511600007 5.727872023000002 5.994440303000000 0.013721288515426 0.027287659186884 -0.007189565908597
97 8 11.508423825899998 4.811361409400002 3.402132653400000 0.003571063868900 0.002981197547604 -0.004669863590293
113 8 9.920965757699999 3.131310752300001 4.968235823200000 0.002862943089581 -0.010027873363737 -0.000731602107306
129 8 7.672284708600001 4.429600636800002 3.132190496199999 -0.001557465151771 -0.004151287509359 -0.006312843868224
145 8 9.920966429100000 5.727866140300000 1.296153622799999 0.003742433583076 0.002498066030859 -0.002554690399216
153 8 7.672288882800000 1.833036553300000 1.296161863300000 -0.000467538129447 -0.003022286919334 -0.002483895859435
162 8 11.508439842400000 2.214796731300001 1.566094450300000 0.001124656242407 -0.001018067504719 -0.000959650377044
2 1 15.344560296200001 4.429605525400001 5.481344520900000 -0.000475812025371 -0.001104402849503 -0.000081598303243
10 1 17.262640612500000 3.322200941900001 2.349140662099999 0.000574645064575 0.001239562914061 0.000046602205119
26 1 13.426487796400002 3.322205851300000 2.349145244699999 -0.001865359937075 0.000579651399267 0.001135261544875
65 8 13.095888200900001 5.727884393600002 5.994451122499998 0.004030183754722 0.010738695599898 -0.001431818879778
90 8 17.593253881800006 5.727872023000002 5.994440303000000 -0.000532085872810 0.001682376147471 -0.001117979545804
114 8 17.593249127900009 3.131310752300001 4.968235823200000 0.000115609057050 -0.003750868925778 0.001378427288026
130 8 15.344568078800005 4.429600636800002 3.132190496199999 0.000275181025016 0.000482280261202 0.000075632219966
138 8 13.095880352600009 5.727889427500000 1.296160360000000 -0.000893047726643 0.001964290201162 -0.001610701453128
146 8 17.593249799300011 5.727866140300000 1.296153622799999 0.000446799500674 0.000714461963048 -0.002571682947789
154 8 15.344572252999999 1.833036553300000 1.296161863300000 0.000400716984069 -0.003077307445418 -0.000434609375513
170 8 13.095867367800004 3.131308597400002 4.968248379499999 0.005270959569078 -0.005996261655016 -0.000269924080477
42 7 19.180709987699998 4.429598811900002 5.481334835700000 0.006710504405331 0.004147679797080 0.000506408390677
66 8 20.768171571100002 5.727884393600002 5.994451122499998 -0.010286406501241 -0.003019483218318 0.000677879216837
98 8 19.180707196099995 4.811361409400002 3.402132653400000 -0.001179814459557 0.001048216521487 0.000674826348143
3 1 11.508418611100000 11.073997829000001 5.481344520900000 0.015728904379851 0.026956500836151 -0.000081623856917
17 1 7.672274418099999 6.644399077300000 2.349147298800000 0.000138131324803 -0.002875628468672 0.019931835345459
27 1 9.590346111300001 9.966598154900002 2.349145244699999 -0.002311003077935 -0.001465019076686 -0.020069450064508
33 7 9.595343793000017 7.760457201237841 5.481341472000000 -0.097146747345264 -0.168770251403147 0.000000661129969
49 7 11.508427041700001 6.644390723800001 2.349147115100000 -0.005842942912225 -0.009506689201482 0.000016322418917
73 8 11.508432852700000 8.477427166200002 5.994454850600000 0.018547103203143 0.022482417470266 0.005012309120821
105 8 9.920968477800001 7.560904182000002 3.402136381700000 0.010404966525290 0.014454151186204 0.001739798561166
121 8 7.672273857400003 7.026163626600007 4.968234320200000 0.016859055602091 0.025471243647018 0.007251723363980
131 8 11.508426393700001 11.073992940400007 3.132190496199999 -0.002819394683888 -0.003429142199651 0.006514369866471
155 8 11.508430567899998 8.477428856900005 1.296161863300000 0.000321054943537 0.000706782939180 -0.000488452454630
163 8 7.672298157300000 8.859189034900005 1.566094450300000 0.002750250711835 0.005038520487498 -0.000022758935320
171 8 9.259725682700001 9.775700901000002 4.968248379499999 0.010108144891431 0.027630665762533 -0.005143531703011
11 1 13.426498927399999 9.966593245500007 2.349140662099999 0.003504383438602 0.000129912414600 -0.004806794534333
18 1 15.344557788300000 6.644399077300000 2.349147298800000 0.001634128566257 -0.001534832382198 -0.001206582667993
28 1 17.262629481500003 9.966598154900002 2.349145244699999 0.001582957229372 -0.000285123575969 -0.000196280188643
34 7 17.262627163200005 7.751796947200008 5.481341472000000 0.006313464131525 -0.000452720897323 0.000059962056230
43 7 15.344568302600003 11.073991115500002 5.481334835700000 0.006730594606203 0.004147700752919 0.000508229290071
57 7 13.426498916499998 7.751790037100004 5.481345370700000 0.035199391963828 -0.020815074402531 -0.007906787677361
81 8 13.095877704700001 7.560908000500002 3.402138567200000 -0.002306335168821 0.002716261102764 0.007695259595876
99 8 15.344565510999997 11.455753713000002 3.402132653400000 -0.001239205244689 0.000212037377517 0.002645439814002
106 8 17.593251848000001 7.560904182000002 3.402136381700000 -0.000350610084975 -0.000411462271731 0.001778083803070
115 8 13.757107442799997 9.775703055900001 4.968235823200000 -0.006741507449367 -0.004486349137534 0.003471338173842
122 8 15.344557227600001 7.026163626600007 4.968234320200000 -0.007657598354217 0.005293177769636 0.002998881223805
164 8 15.344581527500001 8.859189034900005 1.566094450300000 -0.001667562373639 0.000601296008635 0.000931169014464
172 8 16.932009052900014 9.775700901000002 4.968248379499999 -0.003769955939218 -0.000272040517254 0.001549027168994
4 1 19.180701981300000 11.073997829000001 5.481344520900000 -0.000470503570364 -0.001107506493309 -0.000081816493762
12 1 21.098782297600000 9.966593245500007 2.349140662099999 -0.002233025940021 -0.003635488002985 0.000050300915805
44 7 23.016851672799998 11.073991115500002 5.481334835700000 -0.036031501250521 0.020107427291672 0.008140310767120
50 7 19.180710411899998 6.644390723800001 2.349147115100000 0.004753991754459 0.000624827517239 0.003154595821824
58 7 21.098782286699997 7.751790037100004 5.481345370700000 0.035122969095700 -0.020722005172544 -0.007895472653438
74 8 19.180716222899989 8.477427166200002 5.994454850600000 -0.008146762087607 0.001483010123794 0.000141737319941
82 8 20.768161074900000 7.560908000500002 3.402138567200000 -0.008647002736986 0.001040920024018 -0.004722758315225
100 8 23.016848881199998 11.455753713000002 3.402132653400000 0.005294216770958 -0.003317605174150 0.007718051051704
116 8 21.429390813000008 9.775703055900001 4.968235823200000 0.007619706355949 0.009250031517354 0.001377998909316
132 8 19.180709763900005 11.073992940400007 3.132190496199999 0.000108150041823 0.000207931029227 0.000074151953823
156 8 19.180713938099998 8.477428856900005 1.296161863300000 -0.000552995681756 -0.000890488903003 -0.002759906363573
19 1 11.508416103199997 13.288791380900006 2.349147298800000 0.001349442054902 0.004260382419509 -0.002648912429868
123 8 11.508415542500002 13.670555930200003 4.968234320200000 -0.001658850181233 -0.002796828776139 0.001607423301850
139 8 9.259738667499999 12.372281731100001 1.296160360000000 -0.001343840825357 -0.000592863226144 0.000881836007438
35 7 13.426485478100000 14.396189250800001 5.481341472000000 0.004316735557676 0.006981230212508 -0.000001083443707
51 7 15.344568726800000 13.288783027399999 2.349147115100000 0.001277759233065 0.002627264938102 -0.000054805495184
59 7 17.262640601600001 14.396182340700005 5.481345370700000 0.000008485000903 0.008220498348047 -0.000272894674000
67 8 16.932029885999999 12.372276697200000 5.994451122499998 -0.003476556031954 -0.002260257975312 -0.001432231632237
75 8 15.344574537799998 15.121819469800011 5.994454850600000 -0.002146128534249 -0.006583212627024 -0.001251601417571
83 8 16.932019389799994 14.205300304100005 3.402138567200000 -0.002311769534562 -0.002854116322168 0.000368230396455
91 8 13.757112196700003 12.372264326600002 5.994440303000000 -0.001501043744743 -0.002880002972010 -0.001546226828438
107 8 13.757110162900000 14.205296485600002 3.402136381700000 0.000663150682658 -0.002476684940328 0.001580582668262
140 8 16.932022037700008 12.372281731100001 1.296160360000000 -0.001835559722753 0.000382314290448 -0.001595543044892
147 8 13.757108114200003 12.372258443900009 1.296153622799999 0.000923127246599 -0.000010117608698 -0.000522344053827
20 1 19.180699473400008 13.288791380900006 2.349147298800000 -0.000828923856792 0.001018329116915 0.000125456626531
36 7 21.098768848300001 14.396189250800001 5.481341472000000 -0.003119623684854 0.004993596268971 -0.000062138821069
52 7 23.016852096999997 13.288783027399999 2.349147115100000 -0.002205785692979 0.004637934453545 -0.003256806577917
76 8 23.016857907999988 15.121819469800011 5.994454850600000 0.001330859594566 -0.003484688190501 -0.001677292307151
92 8 21.429395566900006 12.372264326600002 5.994440303000000 0.008504764282961 -0.004030290865412 -0.002937697537441
108 8 21.429393533100004 14.205296485600002 3.402136381700000 0.002960816815797 -0.002323807549277 0.001377980593658
124 8 19.180698912699995 13.670555930200003 4.968234320200000 0.001807873153145 0.000323479272773 0.001179186798152
148 8 21.429391484400018 12.372258443900009 1.296153622799999 0.002811362014542 0.000983816927782 -0.000254660074928
60 7 24.934923971800007 14.396182340700005 5.481345370700000 -0.000001458715492 0.008238029541581 -0.000274740444809
68 8 24.604313256200001 12.372276697200000 5.994451122499998 -0.000685064502601 -0.008566644571465 -0.003525097273049
84 8 24.604302760000003 14.205300304100005 3.402138567200000 -0.001611609213625 -0.002380979842233 0.002338531536908
29 1 9.590346111300004 5.537003285800003 8.613538384300000 -0.002277265911820 -0.001394091888348 -0.019998935990205
157 8 11.508430567900000 4.047833987800002 7.560555002900000 0.005230020270026 -0.006909989068319 0.004536028392196
165 8 7.672298157300002 4.429594165800001 7.830487589900000 -0.002902841684229 -0.003303268725367 0.006373083816532
173 8 9.259725682700003 5.346106031900003 11.232641519100001 -0.001629518459232 -0.001321901426814 0.003632436778692
13 1 13.426498927400001 5.536998376400002 8.613533801700001 -0.002239945515429 -0.003631472783562 0.000049209661753
30 1 17.262629481500003 5.537003285800003 8.613538384300000 0.001578507074004 -0.000284466413553 -0.000192700126783
117 8 13.757107442800002 5.346108186800002 11.232628962800000 0.001816474388407 -0.000798473069379 0.001377830751380
166 8 15.344581527500001 4.429594165800001 7.830487589900000 0.000039511107544 0.000318822329163 -0.000013952369665
174 8 16.932009052900007 5.346106031900003 11.232641519100001 -0.001840606987938 -0.001042850603094 0.001206125884393
14 1 21.098782297600003 5.536998376400002 8.613533801700001 0.003497697350021 0.000147382527859 -0.004788005501352
118 8 21.429390813000005 5.346108186800002 11.232628962800000 0.001799689367092 -0.001171399164639 0.002430842783286
158 8 19.180713938100002 4.047833987800002 7.560555002900000 -0.001310783757835 -0.003371151798611 -0.000554900449785
5 1 11.508418611100007 6.644402959900002 11.745737660500000 -0.000122054950584 -0.000491103507834 -0.000087032478261
21 1 11.508416103199998 8.859196511800004 8.613540438400001 0.000093471268968 -0.002940327599775 0.020002167831411
125 8 11.508415542500003 9.240961061100004 11.232627459799998 -0.000157847955567 0.001654323784941 -0.000896414663871
133 8 11.508426393700002 6.644398071300002 9.396583635799999 0.002840069640388 0.004915247953292 0.000083000864669
141 8 9.259738667500002 7.942686862000003 7.560553499600000 0.007277455153201 0.016102352287729 -0.001760109631474
167 8 11.508439842400001 11.073986469400005 7.830487589900000 -0.001646646691324 -0.004034948575488 -0.006454199908385
37 7 13.426485478099996 9.966594381700006 11.745734611600000 0.001177379020388 0.000600197171946 0.004177386629014
45 7 15.344568302600001 6.644396246400003 11.745727975299999 0.000357785966459 0.000121121076904 0.001562884955731
53 7 15.344568726799995 8.859188158300002 8.613540254699998 0.004755333589394 0.000618835114639 0.003158602479408
61 7 17.262640601600001 9.966587471600000 11.745738510299995 -0.000291154690229 0.000028449269165 0.002454095600509
69 8 16.932029886000002 7.942681828100003 12.258844262099997 -0.002084765249929 0.000487902760555 -0.002484674411002
77 8 15.344574537800005 10.692224600700005 12.258847990200001 -0.000648532612869 -0.002155896911482 -0.003760750489008
85 8 16.932019389799990 9.775705435000003 9.666531706799999 -0.002912986637352 -0.001224999660988 0.000247944698987
93 8 13.757112196700007 7.942669457500004 12.258833442600000 0.001482097177659 0.001004527114037 -0.002378284444822
101 8 15.344565511000003 7.026158843900003 9.666525792999996 -0.000476139968992 0.002692710805430 0.000438287602474
109 8 13.757110162900005 9.775701616500001 9.666529521300001 0.000257176283079 -0.001360097041668 -0.000902344306663
142 8 16.932022037700005 7.942686862000003 7.560553499600000 -0.003530233186713 0.001266691805628 -0.001398480421595
149 8 13.757108114200001 7.942663574800001 7.560546762400000 -0.005278775276233 0.002976064638079 -0.007534290975900
159 8 15.344572253000006 10.692226291400004 7.560555002900000 -0.001251083187182 -0.002528213520877 -0.002525178058050
6 1 19.180701981300004 6.644402959900002 11.745737660500000 0.000118532400454 -0.000081170205560 -0.000081707159059
22 1 19.180699473400011 8.859196511800004 8.613540438400001 0.001641322824998 -0.001532088416961 -0.001202488517733
38 7 21.098768848300008 9.966594381700006 11.745734611600000 -0.000025062210438 -0.000539006826620 -0.000001064492959
46 7 23.016851672800001 6.644396246400003 11.745727975299999 -0.000234182954250 -0.000207869017885 -0.002220522506002
54 7 23.016852096999990 8.859188158300002 8.613540254699998 -0.005675817167098 -0.009603403544158 -0.000114090310418
78 8 23.016857907999999 10.692224600700005 12.258847990200001 0.000062538203726 -0.001814308126795 -0.001528858260180
94 8 21.429395566900006 7.942669457500004 12.258833442600000 0.001542694004224 0.001418233635921 -0.001260805795749
102 8 23.016848881199998 7.026158843900003 9.666525792999996 0.000369706502699 0.004256320506119 0.002738244336750
110 8 21.429393533100001 9.775701616500001 9.666529521300001 0.002246431915043 0.000308851575724 0.001590135041737
126 8 19.180698912700002 9.240961061100004 11.232627459799998 0.000541722772812 0.001988220083167 0.001321996071664
134 8 19.180709763900005 6.644398071300002 9.396583635799999 -0.001592259994693 0.000479252423671 0.001019873187773
150 8 21.429391484400004 7.942663574800001 7.560546762400000 0.001037509793545 0.004633050134377 0.004853524909770
160 8 23.016855623200005 10.692226291400004 7.560555002900000 0.003510682097913 -0.000581361856152 -0.007882131775645
168 8 19.180723212599993 11.073986469400005 7.830487589900000 0.000193631183637 0.000600691183536 -0.000015445452598
62 7 24.934923971800000 9.966587471600000 11.745738510299995 -0.000298282031302 0.000017702967168 0.002435830870167
70 8 24.604313256200005 7.942681828100003 12.258844262099997 -0.001454859541556 0.001229614003931 -0.001424618194977
86 8 24.604302759999996 9.775705435000003 9.666531706799999 0.000403899431849 0.000598006008581 0.000301721906963
7 1 15.344560296200003 13.288795263500004 11.745737660500000 -0.000116184454766 -0.000494515293772 -0.000076389186542
15 1 17.262640612500000 12.181390680000009 8.613533801700001 0.000578141878609 0.001237530618296 0.000052940704926
23 1 15.344557788300000 15.503588815399999 8.613540438400001 0.001350637242541 0.004250156834895 -0.002633964113110
31 1 13.426487796399995 12.181395589400003 8.613538384300000 0.003297038481032 0.003223070235939 0.002581666548069
39 7 17.262627163200005 16.610986685300006 11.745734611600000 0.000360322237155 0.001071918225489 -0.004179568865644
95 8 17.593253881800010 14.587061761100006 12.258833442600000 0.001603306022991 0.000645478380808 0.000957606457952
111 8 17.593251848000001 16.420093920100001 9.666529521300001 0.001832762005047 -0.002280166941183 0.004060273048400
119 8 17.593249127900002 11.990500490400001 11.232628962800000 0.002127059506857 -0.000255011451029 0.001370763267143
127 8 15.344557227600006 15.885353364700006 11.232627459799998 0.000213728651891 0.001728900705411 0.002439489063387
135 8 15.344568078800005 13.288790374900007 9.396583635799999 -0.001062230173318 -0.001821663754630 0.000069853864290
143 8 13.095880352600002 14.587079165600008 7.560553499600000 -0.002513839431560 -0.000799561415410 -0.001601082156107
151 8 17.593249799300004 14.587055878400003 7.560546762400000 0.001739036134253 -0.000447842921149 -0.000491199168968
175 8 13.095867367800004 11.990498335500007 11.232641519100001 -0.001752188849989 -0.000952152198107 0.000284451359034
8 1 23.016843666400000 13.288795263500004 11.745737660500000 0.000116238132878 -0.000085133585977 -0.000081694040938
24 1 23.016841158500000 15.503588815399999 8.613540438400001 -0.000831721371539 0.001021879551759 0.000129053623216
32 1 21.098771166600002 12.181395589400003 8.613538384300000 -0.001864184218732 0.000572048835458 0.001139381090487
47 7 19.180709987699998 13.288788550000005 11.745727975299999 -0.000239902926127 -0.000219425296146 -0.002202250366047
55 7 19.180710411900002 15.503580461900007 8.613540254699998 -0.002199889099594 0.004639628707250 -0.003252665930376
63 7 21.098782286700004 16.610979775200004 11.745738510299995 -0.000302394380019 0.000705117428459 -0.001335044283670
71 8 20.768171571100002 14.587074131700003 12.258844262099997 -0.001778432854845 0.000319404959203 -0.000374826910881
79 8 19.180716222899996 17.336616904300001 12.258847990200001 -0.000267029112510 -0.002077272485018 -0.000412688833551
87 8 20.768161074900000 16.420097738599999 9.666531706799999 -0.000542375102803 -0.000957547190325 0.002573250526447
103 8 19.180707196099995 13.670551147500003 9.666525792999996 0.000472896514052 0.000510273786008 0.002755291124341
128 8 23.016840597800005 15.885353364700006 11.232627459799998 0.000179606450642 0.001608046414088 0.001520550387820
136 8 23.016851449000004 13.288790374900007 9.396583635799999 0.001206332349834 -0.001129263608595 -0.000871029117400
144 8 20.768163722800004 14.587079165600008 7.560553499600000 -0.000218406814125 -0.000644901787366 -0.001798584017094
176 8 20.768150737999996 11.990498335500007 11.232641519100001 -0.001689222887630 -0.000535262932694 0.001400591904344
16 1 24.934923982700003 12.181390680000009 8.613533801700001 -0.001847651436410 0.003220014096895 0.004906412320074
40 7 24.934910533400007 16.610986685300006 11.745734611600000 0.000481268420503 0.000337937156756 -0.000001087218819
48 7 26.852993357900004 13.288788550000005 11.745727975299999 0.000357477401926 0.000120753614616 0.001568584870846
56 7 26.852993782099993 15.503580461900007 8.613540254699998 0.001272389296276 0.002630412557506 -0.000043296579415
64 7 28.771065656899999 16.610979775200004 11.745738510299995 -0.000302238522438 0.000705588489147 -0.001329375715097
72 8 28.440454941300004 14.587074131700003 12.258844262099997 -0.001770199346347 0.000688917500538 -0.001431634383337
80 8 26.852999593099998 17.336616904300001 12.258847990200001 -0.000301346018501 -0.002199192697954 -0.001334367777635
88 8 28.440444445099999 16.420097738599999 9.666531706799999 -0.002431212010909 -0.001949377058793 0.002297203641329
96 8 25.265537252000023 14.587061761100006 12.258833442600000 0.001394497404228 0.000914554227893 -0.001459345088825
104 8 26.852990566300001 13.670551147500003 9.666525792999996 -0.000392781908686 0.000560472704322 0.000705966936565
112 8 25.265535218199997 16.420093920100001 9.666529521300001 0.001347561287622 -0.001298354213501 0.001575035658541
120 8 25.265532498100001 11.990500490400001 11.232628962800000 0.001500579786135 -0.000990358681316 0.000321002190507
152 8 25.265533169500006 14.587055878400003 7.560546762400000 0.001044560552676 -0.000917408170869 -0.002461836113343
