ITEM: TIMESTEP
0
ITEM: NUMBER OF ATOMS
176
ITEM: BOX BOUNDS xy xz yz pp pp pp
0.0000000000000000e+00 3.0689133480799999e+01 7.6722833701999980e+00
0.0000000000000000e+00 1.7718379476200003e+01 7.6722833702000024e+00
0.0000000000000000e+00 1.2528786279200000e+01 4.4295948690000015e+00
ITEM: ATOMS id type x y z fx fy fz
25 1 5.754204426199998 3.322205851300000 2.349145244699999 -0.012007907520034 0.002134956191065 -0.006183690434619
137 8 5.423596982400004 5.727889427500000 1.296160360000000 0.000504950616162 -0.000148183811489 -0.002229116324969
161 8 3.836156472199998 2.214796731300001 1.566094450300000 0.002566633964810 -0.000013833466549 -0.001373426327767
169 8 5.413583997600000 3.131308597400002 4.968248379499999 0.087264946109301 -0.055510982368878 -0.002697102086403
1 1 7.672276926000002 4.429605525400001 5.481344520900000 0.003119941320305 0.010842353775971 0.004245135454564
9 1 9.590357242299998 3.322200941900001 2.349140662099999 0.003066149648145 -0.000852461966621 -0.002734105749938
41 7 11.508426617500000 4.429598811900002 5.481334835700000 0.004764950513795 0.000399788250211 0.000531122680951
89 8 9.920970511600007 5.727872023000002 5.994440303000000 -0.003185474349379 -0.001952598758159 -0.002178058395615
97 8 11.508423825899998 4.811361409400002 3.402132653400000 -0.001187860475256 0.001156094098730 0.002017673681663
113 8 9.920965757699999 3.131310752300001 4.968235823200000 -0.002484587524683 -0.000452546452219 0.001878787899688
129 8 7.672284708600001 4.429600636800002 3.132190496199999 -0.004122164745340 -0.004284932968848 0.009071042816043
145 8 9.920966429100000 5.727866140300000 1.296153622799999 0.001052764635668 0.000332634147805 -0.000370446556284
153 8 7.672288882800000 1.833036553300000 1.296161863300000 -0.000268540361063 -0.001546859097863 0.000279861936602
162 8 11.508439842400000 2.214796731300001 1.566094450300000 -0.001394932544428 0.000476383292223 0.000626584625774
2 1 15.344560296200001 4.429605525400001 5.481344520900000 0.005612756572035 -0.000240653473475 -0.000420534420084
10 1 17.262640612500000 3.322200941900001 2.349140662099999 0.002030842410092 0.001595729287954 0.005261369205047
26 1 13.426487796400002 3.322205851300000 2.349145244699999 0.002091030297961 0.000214455563985 0.000363092697381
65 8 13.095888200900001 5.727884393600002 5.994451122499998 -0.004117704971165 0.000330045226015 -0.001365961777598
90 8 17.593253881800006 5.727872023000002 5.994440303000000 -0.015268459796416 0.016236355076046 0.003608332114970
114 8 17.593249127900009 3.131310752300001 4.968235823200000 -0.012270102016083 -0.005759031175977 0.000107418005327
130 8 15.344568078800005 4.429600636800002 3.132190496199999 -0.001971978549391 0.000245057776939 -0.001179727586239
138 8 13.095880352600009 5.727889427500000 1.296160360000000 -0.002249320393012 0.000920075617200 -0.001594506830094
146 8 17.593249799300011 5.727866140300000 1.296153622799999 0.001212540298170 0.001556506327255 -0.003214921830660
154 8 15.344572252999999 1.833036553300000 1.296161863300000 -0.000558156738984 -0.002159730380103 -0.002290670233969
170 8 13.095867367800004 3.131308597400002 4.968248379499999 -0.003803994426210 -0.000757926827499 0.001340397107702
42 7 19.180709987699998 4.429598811900002 5.481334835700000 -0.029889493296142 0.012627801056353 0.003319384539191
66 8 20.768171571100002 5.727884393600002 5.994451122499998 0.010783699778617 0.003667692138548 -0.000595130773133
98 8 19.180707196099995 4.811361409400002 3.402132653400000 -0.002392043249322 0.012681267596133 -0.013780647844654
3 1 11.508418611100000 11.073997829000001 5.481344520900000 -0.000989139278991 0.000614234151175 -0.000337761600662
17 1 7.672274418099999 6.644399077300000 2.349147298800000 -0.000999176357550 0.003271314876695 -0.001705092437462
27 1 9.590346111300001 9.966598154900002 2.349145244699999 0.000211573356178 0.000569589645613 -0.000054878142586
33 7 9.590343793000001 7.751796947200008 5.481341472000000 0.000934692394855 0.003040310350558 0.000105403751743
49 7 11.508427041700001 6.644390723800001 2.349147115100000 0.001196399677728 0.000972371780474 -0.000547339596153
73 8 11.508432852700000 8.477427166200002 5.994454850600000 -0.001189853463132 -0.002532051008643 -0.001446523147514
105 8 9.920968477800001 7.560904182000002 3.402136381700000 0.000991368384435 -0.001461846965792 0.001939446818212
121 8 7.672273857400003 7.026163626600007 4.968234320200000 0.001586092271844 -0.001888847489331 0.001429326018715
131 8 11.508426393700001 11.073992940400007 3.132190496199999 0.000248407892900 -0.000471546832385 -0.000111141753117
155 8 11.508430567899998 8.477428856900005 1.296161863300000 -0.000089454531599 -0.002088011489953 -0.001506136626298
163 8 7.672298157300000 8.859189034900005 1.566094450300000 0.000019399341456 -0.000733072380310 0.000189998422111
171 8 9.259725682700001 9.775700901000002 4.968248379499999 -0.001609838024615 -0.002024722566762 0.001387096853671
11 1 13.426498927399999 9.966593245500007 2.349140662099999 -0.000227401571003 -0.000485241985174 -0.000189646292833
18 1 15.344557788300000 6.644399077300000 2.349147298800000 0.001581275104674 -0.001120422032625 0.000987670620665
28 1 17.262629481500003 9.966598154900002 2.349145244699999 0.000618847248080 -0.001425591765805 0.000145605487442
34 7 17.262627163200005 7.751796947200008 5.481341472000000 0.001943623237501 -0.009078407221191 0.001302860119709
43 7 15.344568302600003 11.073991115500002 5.481334835700000 0.000814193769101 -0.003243925385465 -0.000061211880410
57 7 13.426498916499998 7.751790037100004 5.481345370700000 0.001894169474800 -0.000600613330295 -0.000224992790880
81 8 13.095877704700001 7.560908000500002 3.402138567200000 -0.001868645509315 -0.000692568536075 0.001014665135037
99 8 15.344565510999997 11.455753713000002 3.402132653400000 -0.000245521943921 0.003019923728238 0.001627120379309
106 8 17.593251848000001 7.560904182000002 3.402136381700000 0.001049781241227 0.000581948456632 0.000730908348724
115 8 13.757107442799997 9.775703055900001 4.968235823200000 0.002138586652750 0.000078274338134 0.001484725873266
122 8 15.344557227600001 7.026163626600007 4.968234320200000 -0.002070926498922 0.003230336852036 0.000661307586054
164 8 15.344581527500001 8.859189034900005 1.566094450300000 -0.000493290181245 0.000585109037172 -0.000082340249572
172 8 16.932009052900014 9.775700901000002 4.968248379499999 -0.002688357243087 0.002004850421028 0.001203738602660
4 1 19.180701981300000 11.073997829000001 5.481344520900000 0.000632981005035 -0.001414122792463 -0.000100110734216
12 1 21.098782297600000 9.966593245500007 2.349140662099999 -0.000419614630668 -0.000270726954190 0.000228592708471
44 7 23.016851672799998 11.073991115500002 5.481334835700000 0.000305928502299 0.000894432344930 0.000390086349605
50 7 19.180710411899998 6.644390723800001 2.349147115100000 -0.002486114738970 -0.005568943789493 0.004738390482248
58 7 21.098782286699997 7.751790037100004 5.481345370700000 -0.003860755068779 -0.000697323734011 0.000531703151436
74 8 19.180716222899989 8.477427166200002 5.994454850600000 0.000811912264252 -0.000670518209681 -0.001238799473177
82 8 20.768161074900000 7.560908000500002 3.402138567200000 0.000295988281645 -0.000513240532187 0.001485285498268
100 8 23.016848881199998 11.455753713000002 3.402132653400000 -0.000064978578786 0.001306484404819 0.001511763599747
116 8 21.429390813000008 9.775703055900001 4.968235823200000 0.002051977776258 -0.000666746021376 0.001332245758120
132 8 19.180709763900005 11.073992940400007 3.132190496199999 -0.000182211697639 0.000487483906692 0.000122303469763
156 8 19.180713938099998 8.477428856900005 1.296161863300000 0.000183770778901 -0.000194385925356 -0.002693260866463
19 1 11.508416103199997 13.288791380900006 2.349147298800000 -0.002292785491946 0.000815005654428 0.000832330697613
123 8 11.508415542500002 13.670555930200003 4.968234320200000 0.002801434804448 -0.003144807178723 0.001872778654949
139 8 9.259738667499999 12.372281731100001 1.296160360000000 -0.001498696392860 0.000501827551413 -0.002049959476163
35 7 13.426485478100000 14.396189250800001 5.481341472000000 -0.017144480297913 -0.003131665609539 0.000937769631434
51 7 15.344568726800000 13.288783027399999 2.349147115100000 0.001693039710164 -0.002978534624000 -0.002911753840342
59 7 17.262640601600001 14.396182340700005 5.481345370700000 0.008583499254621 -0.004615757595196 -0.001525422105907
67 8 16.932029885999999 12.372276697200000 5.994451122499998 -0.002237864203713 0.002973454050953 -0.001629339879335
75 8 15.344574537799998 15.121819469800011 5.994454850600000 -0.015611203074754 0.011255050979267 -0.009795309715953
83 8 16.932019389799994 14.205300304100005 3.402138567200000 -0.002453127026180 0.000129304304169 0.002932755690929
91 8 13.757112196700003 12.372264326600002 5.994440303000000 0.000419942430193 0.006853370623360 -0.002669811607234
107 8 13.757110162900000 14.205296485600002 3.402136381700000 0.004022160509856 0.006241892025637 0.007389724239445
140 8 16.932022037700008 12.372281731100001 1.296160360000000 -0.002340309040651 0.001493538783821 -0.000594615157043
147 8 13.757108114200003 12.372258443900009 1.296153622799999 0.002466969144825 0.001905764488159 -0.000243015618544
20 1 19.180699473400008 13.288791380900006 2.349147298800000 0.001066917697465 -0.000624982437264 -0.000554619855445
36 7 21.098768848300001 14.396189250800001 5.481341472000000 0.003177492886073 0.000617765902104 0.000286068255420
52 7 23.016852096999997 13.288783027399999 2.349147115100000 0.001074145364922 0.001263305822823 0.000735935990692
76 8 23.016857907999988 15.121819469800011 5.994454850600000 -0.003162669169264 -0.003001086928104 -0.000884578693372
92 8 21.429395566900006 12.372264326600002 5.994440303000000 0.001034765389345 0.000962089367609 -0.001331030334730
108 8 21.429393533100004 14.205296485600002 3.402136381700000 0.000778674960773 -0.000953338961644 0.001557244096134
124 8 19.180698912699995 13.670555930200003 4.968234320200000 -0.002737661528511 0.002797724930549 0.001890896575911
148 8 21.429391484400018 12.372258443900009 1.296153622799999 0.001260424968076 0.000808329516936 -0.001526020140324
60 7 24.934923971800007 14.396182340700005 5.481345370700000 0.002392915784525 0.008426806798648 -0.001801046598574
68 8 24.604313256200001 12.372276697200000 5.994451122499998 -0.002345690046495 -0.001533221126180 -0.001041839167841
84 8 24.604302760000003 14.205300304100005 3.402138567200000 -0.002498482909228 -0.002757799178876 -0.000281425273560
29 1 9.590346111300004 5.537003285800003 8.613538384300000 0.001284357050410 0.001044130267572 0.001859244721107
157 8 11.508430567900000 4.047833987800002 7.560555002900000 -0.000856201230132 -0.001764581989366 -0.002245003258701
165 8 7.672298157300002 4.429594165800001 7.830487589900000 0.000632616517063 -0.001125201812728 -0.006717957243942
173 8 9.259725682700003 5.346106031900003 11.232641519100001 -0.001589552764076 -0.001076653080678 0.000787548936660
13 1 13.426498927400001 5.536998376400002 8.613533801700001 0.001469966078278 -0.000075594301336 -0.000443787251640
30 1 17.262629481500003 5.537003285800003 8.613538384300000 0.001706213424460 -0.001099896202713 -0.003993605896382
117 8 13.757107442800002 5.346108186800002 11.232628962800000 0.001913368357955 -0.000638882691372 0.001743173892874
166 8 15.344581527500001 4.429594165800001 7.830487589900000 -0.001650657559251 -0.000240933020503 0.001342140618950
174 8 16.932009052900007 5.346106031900003 11.232641519100001 -0.002021436842262 -0.000660436887450 0.002410275035727
14 1 21.098782297600003 5.536998376400002 8.613533801700001 -0.004498026698717 0.000245438917253 -0.000385518861826
118 8 21.429390813000005 5.346108186800002 11.232628962800000 0.001886104357004 -0.000798844636001 0.001410929333046
158 8 19.180713938100002 4.047833987800002 7.560555002900000 -0.000484117746072 -0.002271774313798 0.010390334619705
5 1 11.508418611100007 6.644402959900002 11.745737660500000 -0.000343297233248 0.000106463145171 0.000500170381238
21 1 11.508416103199998 8.859196511800004 8.613540438400001 0.000327366461599 0.000264558305036 0.000138673481049
125 8 11.508415542500003 9.240961061100004 11.232627459799998 0.000559809523848 0.001766925126627 0.001323989778552
133 8 11.508426393700002 6.644398071300002 9.396583635799999 -0.000604854088089 -0.000396204723222 -0.000505597035096
141 8 9.259738667500002 7.942686862000003 7.560553499600000 -0.001477916858107 0.000118699121856 -0.002137403726832
167 8 11.508439842400001 11.073986469400005 7.830487589900000 0.000259290562879 -0.000048551103440 0.000101045269403
37 7 13.426485478099996 9.966594381700006 11.745734611600000 -0.000747462977494 0.000385002719506 0.000125868578689
45 7 15.344568302600001 6.644396246400003 11.745727975299999 0.000123091571056 -0.000589596987172 -0.001905492700336
53 7 15.344568726799995 8.859188158300002 8.613540254699998 0.001051695129484 -0.001089387584773 -0.000674941664833
61 7 17.262640601600001 9.966587471600000 11.745738510299995 0.000023872272519 0.000292296233101 -0.001163119888284
69 8 16.932029886000002 7.942681828100003 12.258844262099997 -0.001948979280863 0.000509841494441 -0.000207138837322
77 8 15.344574537800005 10.692224600700005 12.258847990200001 -0.000217935572867 -0.001952029830041 -0.000725098234231
85 8 16.932019389799990 9.775705435000003 9.666531706799999 -0.000836659702161 -0.000069418405977 0.001084489154183
93 8 13.757112196700007 7.942669457500004 12.258833442600000 0.001555498177871 0.000783389396102 -0.000062567300780
101 8 15.344565511000003 7.026158843900003 9.666525792999996 -0.000780031736919 0.001938818126854 0.002655014296732
109 8 13.757110162900005 9.775701616500001 9.666529521300001 0.001300856226805 -0.000777260111756 0.001637965525610
142 8 16.932022037700005 7.942686862000003 7.560553499600000 -0.002249043212395 0.002916338259832 -0.000024958056054
149 8 13.757108114200001 7.942663574800001 7.560546762400000 0.001185845209615 0.001137265971825 -0.001292949885591
159 8 15.344572253000006 10.692226291400004 7.560555002900000 -0.000085911114231 -0.000997629823510 -0.002246761093425
6 1 19.180701981300004 6.644402959900002 11.745737660500000 0.000282200353682 -0.000417766095619 -0.001196393050863
22 1 19.180699473400011 8.859196511800004 8.613540438400001 -0.000006672236176 -0.001204300615613 -0.000901979245452
38 7 21.098768848300008 9.966594381700006 11.745734611600000 0.000585221034986 -0.000108175351181 0.000097864701656
46 7 23.016851672800001 6.644396246400003 11.745727975299999 -0.000108032726101 0.000134256108467 0.001260508495692
54 7 23.016852096999990 8.859188158300002 8.613540254699998 -0.000518489430076 0.000821121195286 0.000194561338173
78 8 23.016857907999999 10.692224600700005 12.258847990200001 -0.000805998715461 -0.001777103504301 -0.001610007582619
94 8 21.429395566900006 7.942669457500004 12.258833442600000 0.001284181305176 0.001119203610685 -0.001402725462622
102 8 23.016848881199998 7.026158843900003 9.666525792999996 0.000326446273197 0.001364582695664 0.001026435534199
110 8 21.429393533100001 9.775701616500001 9.666529521300001 0.001407714043078 -0.000853438995153 0.001573571902250
126 8 19.180698912700002 9.240961061100004 11.232627459799998 0.000031691901492 0.002100347821931 0.001638842257256
134 8 19.180709763900005 6.644398071300002 9.396583635799999 0.000848288084160 0.000713249971253 0.001124057906077
150 8 21.429391484400004 7.942663574800001 7.560546762400000 0.002357157691327 0.001156827791631 -0.001321272857548
160 8 23.016855623200005 10.692226291400004 7.560555002900000 -0.000150167222047 -0.002177560652787 -0.001477640392590
168 8 19.180723212599993 11.073986469400005 7.830487589900000 -0.000616996311816 0.000511458112998 0.000137202290565
62 7 24.934923971800000 9.966587471600000 11.745738510299995 -0.000056116942180 0.000228529608870 0.001217506016673
70 8 24.604313256200005 7.942681828100003 12.258844262099997 -0.001837228035297 0.000450455107172 -0.002095101454694
86 8 24.604302759999996 9.775705435000003 9.666531706799999 -0.001280884831196 -0.000965771352851 0.000785943405899
7 1 15.344560296200003 13.288795263500004 11.745737660500000 -0.000061763939457 -0.000002808098098 0.000307126897330
15 1 17.262640612500000 12.181390680000009 8.613533801700001 0.000587993154277 -0.000839558290813 0.000663492180975
23 1 15.344557788300000 15.503588815399999 8.613540438400001 -0.000729006054530 -0.000701094905677 0.004962649515288
31 1 13.426487796399995 12.181395589400003 8.613538384300000 -0.000699374136358 -0.000606013626895 0.000965728098955
39 7 17.262627163200005 16.610986685300006 11.745734611600000 0.000046883982669 0.000097353638106 0.001175462708427
95 8 17.593253881800010 14.587061761100006 12.258833442600000 0.001547487261615 0.000951839462336 -0.001504720658440
111 8 17.593251848000001 16.420093920100001 9.666529521300001 0.001088114122499 -0.000923362291973 0.000668176240895
119 8 17.593249127900002 11.990500490400001 11.232628962800000 0.001787402464650 -0.000870304267298 0.001259560041009
127 8 15.344557227600006 15.885353364700006 11.232627459799998 0.000406821195517 0.001656184386135 0.000846361300350
135 8 15.344568078800005 13.288790374900007 9.396583635799999 0.000292699927743 0.000700856384095 -0.000702064997504
143 8 13.095880352600002 14.587079165600008 7.560553499600000 0.001963321354890 -0.000333359059925 -0.003694729315153
151 8 17.593249799300004 14.587055878400003 7.560546762400000 -0.000448309182816 0.001270823592480 -0.003488177308497
175 8 13.095867367800004 11.990498335500007 11.232641519100001 -0.001398162743524 -0.000976220069321 0.001197405245224
8 1 23.016843666400000 13.288795263500004 11.745737660500000 0.000320147342773 -0.000244909751113 -0.000169754564869
24 1 23.016841158500000 15.503588815399999 8.613540438400001 0.001489467653668 0.000603538652924 -0.001312855467337
32 1 21.098771166600002 12.181395589400003 8.613538384300000 0.000601950434768 -0.000079847696764 -0.000014718843854
47 7 19.180709987699998 13.288788550000005 11.745727975299999 0.000018530706059 -0.000087151558703 0.000434702786789
55 7 19.180710411900002 15.503580461900007 8.613540254699998 0.001983961671115 0.000201945477989 0.001050041312535
63 7 21.098782286700004 16.610979775200004 11.745738510299995 -0.000072928198448 -0.000126876653761 -0.000817819306370
71 8 20.768171571100002 14.587074131700003 12.258844262099997 -0.001840300914659 0.000671728217347 -0.001198282578477
79 8 19.180716222899996 17.336616904300001 12.258847990200001 -0.000209350536618 -0.002011883493954 -0.001519366548535
87 8 20.768161074900000 16.420097738599999 9.666531706799999 -0.001876638364266 -0.000838410407280 0.001096100756413
103 8 19.180707196099995 13.670551147500003 9.666525792999996 -0.000461160212596 0.001817430898890 0.001130135493414
128 8 23.016840597800005 15.885353364700006 11.232627459799998 -0.000049397501123 0.001890123667621 0.001879800278189
136 8 23.016851449000004 13.288790374900007 9.396583635799999 -0.000476471459714 -0.000415930397777 0.000454536488638
144 8 20.768163722800004 14.587079165600008 7.560553499600000 -0.002663388063736 0.000777634102447 -0.001399158130156
176 8 20.768150737999996 11.990498335500007 11.232641519100001 -0.001861735653247 -0.000919675224115 0.001344681417597
16 1 24.934923982700003 12.181390680000009 8.613533801700001 -0.000164912143366 0.000949028862154 -0.000417930827393
40 7 24.934910533400007 16.610986685300006 11.745734611600000 0.000562881153696 -0.000227491603122 -0.001789267028281
48 7 26.852993357900004 13.288788550000005 11.745727975299999 -0.000461364587764 -0.000216839457109 0.000393101601490
56 7 26.852993782099993 15.503580461900007 8.613540254699998 -0.003265441094957 0.005132571232740 -0.003211372343511
64 7 28.771065656899999 16.610979775200004 11.745738510299995 -0.000541252317448 0.000329442466003 -0.000225391437556
72 8 28.440454941300004 14.587074131700003 12.258844262099997 -0.001592404229694 0.000734773574753 -0.001367186615331
80 8 26.852999593099998 17.336616904300001 12.258847990200001 -0.000289762778755 -0.001876340515036 -0.001006823088926
88 8 28.440444445099999 16.420097738599999 9.666531706799999 0.000295668437282 -0.001136835771448 0.002269978273718
96 8 25.265537252000023 14.587061761100006 12.258833442600000 0.001483592158987 0.001223948476183 -0.001161667777292
104 8 26.852990566300001 13.670551147500003 9.666525792999996 0.000492317620533 0.000783385438715 0.001980324841924
112 8 25.265535218199997 16.420093920100001 9.666529521300001 0.000964902054824 -0.001287571447508 0.003283514449663
120 8 25.265532498100001 11.990500490400001 11.232628962800000 0.001778218541055 -0.000665956169622 0.001241862768566
152 8 25.265533169500006 14.587055878400003 7.560546762400000 0.001446994064121 -0.000191651990140 0.000277326245121
