ITEM: TIMESTEP
0
ITEM: NUMBER OF ATOMS
176
ITEM: BOX BOUNDS xy xz yz pp pp pp
0.0000000000000000e+00 3.0689133480799999e+01 7.6722833701999980e+00
0.0000000000000000e+00 1.7718379476200003e+01 7.6722833702000024e+00
0.0000000000000000e+00 1.2528786279200000e+01 4.4295948690000015e+00
ITEM: ATOMS id type x y z fx fy fz
25 1 5.754204426199998 3.322205851300000 2.349145244699999 0.002075531184619 0.002090904306127 0.000378563075546
137 8 5.423596982400004 5.727889427500000 1.296160360000000 -0.005357759116136 -0.000441749788104 -0.003464493145532
161 8 3.836156472199998 2.214796731300001 1.566094450300000 -0.000999338140485 -0.001402874898396 -0.000038742850997
169 8 5.423583997600000 3.131308597400002 4.968248379499999 -0.002114879376539 -0.001739709220090 0.001664708237189
1 1 7.672276926000002 4.429605525400001 5.481344520900000 0.001399741364665 0.003002937835796 -0.002943311550906
9 1 9.590357242299998 3.322200941900001 2.349140662099999 -0.000931148929910 0.004311575538680 0.000595826810521
41 7 11.508426617500000 4.429598811900002 5.481334835700000 -0.003393338135760 0.000785842782446 -0.002040446968311
89 8 9.920970511600007 5.727872023000002 5.994440303000000 0.002919610898868 -0.000039258280549 0.003763352163880
97 8 11.508423825899998 4.811361409400002 3.402132653400000 0.004565711385406 -0.001197757266005 0.001446376145977
113 8 9.920965757699999 3.131310752300001 4.968235823200000 0.002218258077855 -0.002166700764074 0.002107215354403
129 8 7.672284708600001 4.429600636800002 3.132190496199999 -0.001945345547861 -0.005156551818706 0.000710588939198
145 8 9.920966429100000 5.727866140300000 1.296153622799999 0.006000463029039 -0.004578920418977 -0.014365397728716
153 8 7.672288882800000 1.833036553300000 1.296161863300000 -0.000223380429024 -0.002840209042765 -0.001752812207168
162 8 11.508439842400000 2.214796731300001 1.566094450300000 0.000750754130890 -0.000891785842862 -0.000374118059299
2 1 15.344560296200001 4.429605525400001 5.481344520900000 -0.000088961214938 -0.000262201867199 -0.000067249331132
10 1 17.262640612500000 3.322200941900001 2.349140662099999 0.000208290338308 0.000720963074633 -0.000056424889655
26 1 13.426487796400002 3.322205851300000 2.349145244699999 -0.001284454850610 0.000334115560245 0.000269228715373
65 8 13.095888200900001 5.727884393600002 5.994451122499998 -0.000713801317136 0.002065318177718 -0.001270998990060
90 8 17.593253881800006 5.727872023000002 5.994440303000000 0.001048870746438 0.001261203360748 -0.001282622164808
114 8 17.593249127900009 3.131310752300001 4.968235823200000 0.001036389272799 -0.001193790430851 0.001061452045714
130 8 15.344568078800005 4.429600636800002 3.132190496199999 0.000374329247953 0.000292075062581 0.000144818665760
138 8 13.095880352600009 5.727889427500000 1.296160360000000 -0.001408235249041 0.000687011591515 -0.001822850985838
146 8 17.593249799300011 5.727866140300000 1.296153622799999 0.000789073559457 0.000636902556283 -0.001383005378256
154 8 15.344572252999999 1.833036553300000 1.296161863300000 0.000469796629047 -0.002752726737256 -0.001199453571289
170 8 13.095867367800004 3.131308597400002 4.968248379499999 -0.000559463548351 -0.001895149154286 0.001578444433853
42 7 19.180709987699998 4.429598811900002 5.481334835700000 0.000983947907099 0.000609263977160 -0.000231353664075
66 8 20.768171571100002 5.727884393600002 5.994451122499998 -0.003120586196980 0.000194238309717 -0.000921254210071
98 8 19.180707196099995 4.811361409400002 3.402132653400000 -0.000493553096115 0.001536846614055 0.001777434106690
3 1 11.508418611100000 11.073997829000001 5.481344520900000 0.002019940024189 0.002618247233496 0.002697387597117
17 1 7.672274418099999 6.644399077300000 2.349147298800000 0.003706599975747 -0.005583710797275 0.004130473588351
27 1 9.590346111300001 9.966598154900002 2.349145244699999 -0.007197095159075 0.001936532598433 -0.005244987943203
33 7 9.590343793000001 7.751796947200008 5.481341472000000 -0.008710788175401 -0.015267739840829 -0.000799222725853
49 7 11.508427041700001 6.644390723800001 2.349147115100000 -0.009631354565287 -0.014652997795285 0.000067984071337
73 8 11.508432852700000 8.477427166200002 5.994454850600000 -0.001095475815477 -0.001148686590973 -0.005320199228522
105 8 9.915968477799986 7.552243927962166 3.402136381700000 0.025348295998717 0.044702039670345 0.000011638561950
121 8 7.672273857400003 7.026163626600007 4.968234320200000 -0.009872115171045 0.004596367158538 0.011842261159753
131 8 11.508426393700001 11.073992940400007 3.132190496199999 -0.003661175653525 -0.003903079495825 -0.000783290539758
155 8 11.508430567899998 8.477428856900005 1.296161863300000 -0.007411481096273 -0.000781800164020 0.010969185931507
163 8 7.672298157300000 8.859189034900005 1.566094450300000 0.004505376688136 0.006898820591547 0.000397046375497
171 8 9.259725682700001 9.775700901000002 4.968248379499999 0.005272623181901 -0.008095824085818 -0.009414897345839
11 1 13.426498927399999 9.966593245500007 2.349140662099999 0.003873523125415 0.001511072832815 -0.000596550537488
18 1 15.344557788300000 6.644399077300000 2.349147298800000 0.001393883921932 -0.001180764553032 -0.000453061287089
28 1 17.262629481500003 9.966598154900002 2.349145244699999 0.001021614161603 -0.000041010996716 0.000033806508016
34 7 17.262627163200005 7.751796947200008 5.481341472000000 0.001594217020571 -0.000168270401377 0.000145369977251
43 7 15.344568302600003 11.073991115500002 5.481334835700000 0.001106567739660 0.000670995780385 0.000755686084582
57 7 13.426498916499998 7.751790037100004 5.481345370700000 0.003435605815010 -0.002129805176637 0.003033396928364
81 8 13.095877704700001 7.560908000500002 3.402138567200000 -0.004967098556852 0.001284959281743 0.001702898943111
99 8 15.344565510999997 11.455753713000002 3.402132653400000 -0.000455402024424 0.001137115618199 0.001471153129948
106 8 17.593251848000001 7.560904182000002 3.402136381700000 0.000621706965737 -0.000617993297853 0.001881345408841
115 8 13.757107442799997 9.775703055900001 4.968235823200000 0.000762294811575 -0.000877670537044 0.000759872332071
122 8 15.344557227600001 7.026163626600007 4.968234320200000 -0.000976816100024 0.002192806580849 0.001204220937128
164 8 15.344581527500001 8.859189034900005 1.566094450300000 -0.001410922697776 0.000384166134703 0.000273344175642
172 8 16.932009052900014 9.775700901000002 4.968248379499999 -0.002007113912384 -0.000718091814886 0.001362152110172
4 1 19.180701981300000 11.073997829000001 5.481344520900000 0.000062613502603 -0.000251594166298 -0.000086120754552
12 1 21.098782297600000 9.966593245500007 2.349140662099999 -0.000969328048450 -0.001685141887026 0.000092326379872
44 7 23.016851672799998 11.073991115500002 5.481334835700000 -0.005416257786314 0.002291669669781 0.002221976895157
50 7 19.180710411899998 6.644390723800001 2.349147115100000 0.002828681008410 -0.000241634347438 0.000186576818546
58 7 21.098782286699997 7.751790037100004 5.481345370700000 0.004440123608117 -0.003202028729547 -0.001969344299206
74 8 19.180716222899989 8.477427166200002 5.994454850600000 -0.001779978005643 -0.001243453065316 -0.001036468420805
82 8 20.768161074900000 7.560908000500002 3.402138567200000 -0.003888056450545 0.000428247829776 0.001963120736677
100 8 23.016848881199998 11.455753713000002 3.402132653400000 0.002587370316490 -0.000060353401446 0.000999816267284
116 8 21.429390813000008 9.775703055900001 4.968235823200000 0.003037565799475 0.001056879195411 0.001296962379559
132 8 19.180709763900005 11.073992940400007 3.132190496199999 0.000040751451323 -0.000097216337718 0.000095768624879
156 8 19.180713938099998 8.477428856900005 1.296161863300000 -0.000046465310051 -0.001205768218557 -0.001630458611476
19 1 11.508416103199997 13.288791380900006 2.349147298800000 0.000888440547810 0.002523689107870 -0.000461816109842
123 8 11.508415542500002 13.670555930200003 4.968234320200000 -0.000187817365545 0.000791365586230 0.001128105511400
139 8 9.259738667499999 12.372281731100001 1.296160360000000 -0.000757343034043 -0.003276128508462 0.000354720557183
35 7 13.426485478100000 14.396189250800001 5.481341472000000 0.001274791773407 0.001447590118318 0.000032823359337
51 7 15.344568726800000 13.288783027399999 2.349147115100000 0.000864994354568 0.001766372042138 0.000064453890982
59 7 17.262640601600001 14.396182340700005 5.481345370700000 -0.000194299323269 0.001550687008713 -0.000490737273112
67 8 16.932029885999999 12.372276697200000 5.994451122499998 -0.002170520103378 -0.000027491059883 -0.001423117490849
75 8 15.344574537799998 15.121819469800011 5.994454850600000 -0.000591749088303 -0.002765114174885 -0.001307290685709
83 8 16.932019389799994 14.205300304100005 3.402138567200000 -0.001905351793466 -0.001808406938877 0.001538481466337
91 8 13.757112196700003 12.372264326600002 5.994440303000000 0.001103231086037 0.000445575701963 -0.001445366066981
107 8 13.757110162900000 14.205296485600002 3.402136381700000 0.001128634954844 -0.001705828391319 0.001588459345727
140 8 16.932022037700008 12.372281731100001 1.296160360000000 -0.001762804700673 0.000459204185820 -0.001592846968777
147 8 13.757108114200003 12.372258443900009 1.296153622799999 0.000996099802602 0.000096545624129 -0.001093132448627
20 1 19.180699473400008 13.288791380900006 2.349147298800000 -0.000324631861305 0.000634916375965 -0.000107989337986
36 7 21.098768848300001 14.396189250800001 5.481341472000000 -0.000440744924552 0.000922787239004 -0.000061965836960
52 7 23.016852096999997 13.288783027399999 2.349147115100000 -0.001833139304967 0.002456354638999 0.000072323903261
76 8 23.016857907999988 15.121819469800011 5.994454850600000 0.000135889261949 -0.002326470760394 -0.001488913734319
92 8 21.429395566900006 12.372264326600002 5.994440303000000 0.003035154769110 0.000027712637727 -0.001750562913976
108 8 21.429393533100004 14.205296485600002 3.402136381700000 0.002382331242343 -0.001665979871312 0.001398530247617
124 8 19.180698912699995 13.670555930200003 4.968234320200000 0.000571983713734 0.001537184409571 0.001411453258059
148 8 21.429391484400018 12.372258443900009 1.296153622799999 0.002502991235753 0.000866956241569 -0.000948617098509
60 7 24.934923971800007 14.396182340700005 5.481345370700000 -0.000248655455649 0.001773921658299 0.000311182626774
68 8 24.604313256200001 12.372276697200000 5.994451122499998 -0.001651677834382 -0.000852428308555 -0.001922220007580
84 8 24.604302760000003 14.205300304100005 3.402138567200000 -0.001612705972298 -0.001598646471753 0.001218508267859
29 1 9.590346111300004 5.537003285800003 8.613538384300000 -0.000200852685062 -0.000291495277882 -0.001500241690125
157 8 11.508430567900000 4.047833987800002 7.560555002900000 0.000439059167607 -0.002480052736985 -0.000380799010822
165 8 7.672298157300002 4.429594165800001 7.830487589900000 -0.000250590322980 -0.000313681911506 0.001261091081238
173 8 9.259725682700003 5.346106031900003 11.232641519100001 -0.001291221958731 -0.001727568471399 0.002004980245086
13 1 13.426498927400001 5.536998376400002 8.613533801700001 -0.000269827900564 -0.000194939070989 -0.000039128421274
30 1 17.262629481500003 5.537003285800003 8.613538384300000 0.000396065940300 0.000079616161136 0.000061205041053
117 8 13.757107442800002 5.346108186800002 11.232628962800000 0.001054332104142 -0.001204155022169 0.001032145770299
166 8 15.344581527500001 4.429594165800001 7.830487589900000 -0.000102943872437 0.000033833943784 0.000002230504974
174 8 16.932009052900007 5.346106031900003 11.232641519100001 -0.001376420025402 -0.001395933536718 0.001131587615371
14 1 21.098782297600003 5.536998376400002 8.613533801700001 0.000152698007412 0.000134050173696 -0.000853400560496
118 8 21.429390813000005 5.346108186800002 11.232628962800000 0.001614172802923 -0.000731440841164 0.001229838061482
158 8 19.180713938100002 4.047833987800002 7.560555002900000 -0.000190195151897 -0.002089248022582 -0.001134223562869
5 1 11.508418611100007 6.644402959900002 11.745737660500000 0.000400370276937 0.000647226308170 -0.000102870391270
21 1 11.508416103199998 8.859196511800004 8.613540438400001 0.000078915540327 -0.000421574222797 0.001694228495343
125 8 11.508415542500003 9.240961061100004 11.232627459799998 -0.000372031528014 0.001318527959908 0.000800982921768
133 8 11.508426393700002 6.644398071300002 9.396583635799999 0.000325401690881 0.000320319071594 0.000224746692679
141 8 9.259738667500002 7.942686862000003 7.560553499600000 -0.001716773144872 0.000865195371296 -0.001318691244589
167 8 11.508439842400001 11.073986469400005 7.830487589900000 -0.000434427196690 -0.000179586049548 -0.001321243048787
37 7 13.426485478099996 9.966594381700006 11.745734611600000 0.001776705556624 0.000283527906088 0.002542009357269
45 7 15.344568302600001 6.644396246400003 11.745727975299999 0.000221484186535 0.001049464917992 0.001013715145741
53 7 15.344568726799995 8.859188158300002 8.613540254699998 0.000650133405447 0.000458961673533 0.001049468615983
61 7 17.262640601600001 9.966587471600000 11.745738510299995 -0.000456348505365 -0.000375130452737 0.006026604989783
69 8 16.932029886000002 7.942681828100003 12.258844262099997 -0.002171791851054 -0.000353573999232 -0.002470673712529
77 8 15.344574537800005 10.692224600700005 12.258847990200001 -0.000590725411556 -0.001673756635190 -0.004122052138879
85 8 16.932019389799990 9.775705435000003 9.666531706799999 -0.001839055555074 -0.001011005521502 -0.000239259851461
93 8 13.757112196700007 7.942669457500004 12.258833442600000 0.001449620914381 0.000623285687234 -0.001767041329358
101 8 15.344565511000003 7.026158843900003 9.666525792999996 -0.000114247655227 0.001724406239345 0.000988033557778
109 8 13.757110162900005 9.775701616500001 9.666529521300001 0.001428348397897 -0.001083693741324 0.000564157567514
142 8 16.932022037700005 7.942686862000003 7.560553499600000 -0.001865329553067 0.000772445647993 -0.001755135241347
149 8 13.757108114200001 7.942663574800001 7.560546762400000 0.001068328941402 0.001000817237289 -0.002423368280447
159 8 15.344572253000006 10.692226291400004 7.560555002900000 -0.000121610776012 -0.001815125468410 -0.002045551422411
6 1 19.180701981300004 6.644402959900002 11.745737660500000 -0.000447589560557 0.000517781550205 0.000394084448167
22 1 19.180699473400011 8.859196511800004 8.613540438400001 0.000128941792872 -0.000331908662603 0.000082697907907
38 7 21.098768848300008 9.966594381700006 11.745734611600000 -0.000457489659795 -0.001247302254438 0.000016459812760
46 7 23.016851672800001 6.644396246400003 11.745727975299999 -0.000727542580573 0.000403586499676 -0.000272892240419
54 7 23.016852096999990 8.859188158300002 8.613540254699998 -0.000792414183766 -0.000971730485253 -0.000074186865721
78 8 23.016857907999999 10.692224600700005 12.258847990200001 -0.000337576865807 -0.001644262681350 -0.001458238811270
94 8 21.429395566900006 7.942669457500004 12.258833442600000 0.001817351838672 0.001171672482185 -0.001515120210833
102 8 23.016848881199998 7.026158843900003 9.666525792999996 0.000054322751679 0.001981245241112 0.001735216259793
110 8 21.429393533100001 9.775701616500001 9.666529521300001 0.001793842676183 -0.000540966743775 0.001583990454482
126 8 19.180698912700002 9.240961061100004 11.232627459799998 0.001321361290197 0.001794247897569 0.000819213432674
134 8 19.180709763900005 6.644398071300002 9.396583635799999 -0.000061941364693 -0.000125496583062 0.000085223040035
150 8 21.429391484400004 7.942663574800001 7.560546762400000 0.001787956683420 0.001513559089297 -0.000230699795301
160 8 23.016855623200005 10.692226291400004 7.560555002900000 0.000387030263479 -0.001435634857231 -0.002671837853895
168 8 19.180723212599993 11.073986469400005 7.830487589900000 0.000038499512786 0.000244153577293 0.000014489522995
62 7 24.934923971800000 9.966587471600000 11.745738510299995 0.000390853786004 0.000357963968028 0.000289311027650
70 8 24.604313256200005 7.942681828100003 12.258844262099997 -0.001855377220705 0.000442105671952 -0.001396158820198
86 8 24.604302759999996 9.775705435000003 9.666531706799999 -0.001577934815373 -0.000729798570293 0.001267999648676
7 1 15.344560296200003 13.288795263500004 11.745737660500000 -0.000761576193564 -0.001767912303924 0.000020267150706
15 1 17.262640612500000 12.181390680000009 8.613533801700001 -0.000206376639969 -0.000133452254507 0.000085913927913
23 1 15.344557788300000 15.503588815399999 8.613540438400001 0.000025566746962 0.000432724238152 -0.000679862949082
31 1 13.426487796399995 12.181395589400003 8.613538384300000 0.000651648340855 0.000172585123821 0.000637948127976
39 7 17.262627163200005 16.610986685300006 11.745734611600000 0.000131310947678 0.001240018959289 -0.002498051062510
95 8 17.593253881800010 14.587061761100006 12.258833442600000 0.001894133082703 0.000548183553451 0.001760588550103
111 8 17.593251848000001 16.420093920100001 9.666529521300001 0.001611914561392 -0.001221186051529 0.002656608266775
119 8 17.593249127900002 11.990500490400001 11.232628962800000 0.002896909565003 0.001138076861510 0.001526685961372
127 8 15.344557227600006 15.885353364700006 11.232627459799998 0.000906021829531 0.001800213266619 0.001947151596326
135 8 15.344568078800005 13.288790374900007 9.396583635799999 0.000006184966393 -0.000077260691346 0.000152241738684
143 8 13.095880352600002 14.587079165600008 7.560553499600000 -0.001771984951191 0.000464516144887 -0.001577846362747
151 8 17.593249799300004 14.587055878400003 7.560546762400000 0.001822651694342 0.000803856557874 -0.000918794458785
175 8 13.095867367800004 11.990498335500007 11.232641519100001 -0.001454686411135 -0.000384280448649 0.000997885251518
8 1 23.016843666400000 13.288795263500004 11.745737660500000 0.000494528969250 -0.000070886825098 -0.000673867865205
24 1 23.016841158500000 15.503588815399999 8.613540438400001 0.000058827946654 0.000155667598510 -0.000132637829182
32 1 21.098771166600002 12.181395589400003 8.613538384300000 -0.000028779428932 -0.000139147506606 -0.000121620664525
47 7 19.180709987699998 13.288788550000005 11.745727975299999 -0.000489801209425 -0.000552641214632 -0.005823041541258
55 7 19.180710411900002 15.503580461900007 8.613540254699998 -0.000221669102220 0.000878464888191 -0.001057273631442
63 7 21.098782286700004 16.610979775200004 11.745738510299995 0.000497735075080 0.001343013728154 -0.000907645004744
71 8 20.768171571100002 14.587074131700003 12.258844262099997 -0.002556788943688 -0.000329941583104 -0.000444184516797
79 8 19.180716222899996 17.336616904300001 12.258847990200001 -0.000646138705555 -0.002355017048382 -0.001060569052938
87 8 20.768161074900000 16.420097738599999 9.666531706799999 -0.001563188194481 -0.001147210482754 0.001986376562525
103 8 19.180707196099995 13.670551147500003 9.666525792999996 0.000140754389556 0.001490483476649 0.003347302292423
128 8 23.016840597800005 15.885353364700006 11.232627459799998 -0.000117390222867 0.001460664866289 0.001594953983048
136 8 23.016851449000004 13.288790374900007 9.396583635799999 0.000170296570623 -0.000299876871996 0.000289098849103
144 8 20.768163722800004 14.587079165600008 7.560553499600000 -0.001429350417706 0.000503145168409 -0.001392924499912
176 8 20.768150737999996 11.990498335500007 11.232641519100001 -0.002154646942886 0.000040263134483 0.001807368008821
16 1 24.934923982700003 12.181390680000009 8.613533801700001 -0.000418144206797 0.000418872841237 0.000549285917869
40 7 24.934910533400007 16.610986685300006 11.745734611600000 0.000608014489804 0.000268731442193 0.000030755476894
48 7 26.852993357900004 13.288788550000005 11.745727975299999 0.000080147779248 -0.000680243467489 0.000604918350083
56 7 26.852993782099993 15.503580461900007 8.613540254699998 0.000189589074768 0.000592459297779 0.000076436858464
64 7 28.771065656899999 16.610979775200004 11.745738510299995 -0.000821164872403 0.000392807740169 -0.000465220630138
72 8 28.440454941300004 14.587074131700003 12.258844262099997 -0.001382595110042 0.001053561978165 -0.001322825839122
80 8 26.852999593099998 17.336616904300001 12.258847990200001 -0.000138095785144 -0.002129919907154 -0.001490508925796
88 8 28.440444445099999 16.420097738599999 9.666531706799999 -0.001644740788513 -0.001061732497364 0.001670525638034
96 8 25.265537252000023 14.587061761100006 12.258833442600000 0.001244810723860 0.001108592200378 -0.001419084045885
104 8 26.852990566300001 13.670551147500003 9.666525792999996 -0.000171735257852 0.001718126877432 0.001265451039221
112 8 25.265535218199997 16.420093920100001 9.666529521300001 0.001532014033662 -0.001049315784604 0.001603368295202
120 8 25.265532498100001 11.990500490400001 11.232628962800000 0.000684500126940 -0.000247983349191 0.000489559593054
152 8 25.265533169500006 14.587055878400003 7.560546762400000 0.001605699095296 0.000454580104899 -0.001506738958350
