ITEM: TIMESTEP
0
ITEM: NUMBER OF ATOMS
176
ITEM: BOX BOUNDS xy xz yz pp pp pp
0.0000000000000000e+00 3.0689133480799999e+01 7.6722833701999980e+00
0.0000000000000000e+00 1.7718379476200003e+01 7.6722833702000024e+00
0.0000000000000000e+00 1.2528786279200000e+01 4.4295948690000015e+00
ITEM: ATOMS id type x y z fx fy fz
25 1 5.754204426199998 3.322205851300000 2.349145244699999 0.001162221181123 -0.003152187347957 -0.015492992394784
137 8 5.423596982400004 5.727889427500000 1.296160360000000 -0.002612934754133 0.000284546761782 0.000322167345449
161 8 3.836156472199998 2.214796731300001 1.566094450300000 0.001135187719390 0.001196637172053 0.001791662330753
169 8 5.423583997600000 3.131308597400002 4.968248379499999 0.000189317716451 0.009452043824551 0.001889822350301
1 1 7.662276926000002 4.429605525400001 5.481344520900000 0.060529766845889 -0.000100647384842 -0.000081423222820
9 1 9.590357242299998 3.322200941900001 2.349140662099999 0.000742668793123 0.003105755618831 0.015455335297493
41 7 11.508426617500000 4.429598811900002 5.481334835700000 -0.031091537318862 -0.000028088279910 0.000226768489971
89 8 9.920970511600007 5.727872023000002 5.994440303000000 0.003969558980386 0.011587147009551 -0.000700782171539
97 8 11.508423825899998 4.811361409400002 3.402132653400000 0.003366211668571 0.003898474106331 -0.004219126763043
113 8 9.920965757699999 3.131310752300001 4.968235823200000 0.004178667002059 -0.011307114998016 0.000725321565127
129 8 7.672284708600001 4.429600636800002 3.132190496199999 -0.010162858193080 -0.000045041791656 0.000114598737630
145 8 9.920966429100000 5.727866140300000 1.296153622799999 0.000739868701112 0.001496594038136 -0.003292354399837
153 8 7.672288882800000 1.833036553300000 1.296161863300000 -0.001922339890772 -0.001825754884800 -0.001645947809557
162 8 11.508439842400000 2.214796731300001 1.566094450300000 0.001142654116999 -0.001047190602247 -0.001821835518340
2 1 15.344560296200001 4.429605525400001 5.481344520900000 -0.005214545702984 -0.000100757004067 -0.000081704542031
10 1 17.262640612500000 3.322200941900001 2.349140662099999 -0.003357005169089 -0.000681206134368 -0.002148233983422
26 1 13.426487796400002 3.322205851300000 2.349145244699999 -0.003027549505650 0.000620688040964 0.002159156859777
65 8 13.095888200900001 5.727884393600002 5.994451122499998 0.003838268080475 0.003672713675843 -0.000531850939434
90 8 17.593253881800006 5.727872023000002 5.994440303000000 0.007236444285573 -0.001929579089388 -0.002255670458777
114 8 17.593249127900009 3.131310752300001 4.968235823200000 0.007444951933583 0.002210228595926 0.002280424652218
130 8 15.344568078800005 4.429600636800002 3.132190496199999 0.002028912602337 -0.000042308532561 0.000078357609838
138 8 13.095880352600009 5.727889427500000 1.296160360000000 -0.000221297106954 0.000784777046709 -0.003166449035259
146 8 17.593249799300011 5.727866140300000 1.296153622799999 0.003110521378554 0.000990617377433 0.000204446103500
154 8 15.344572252999999 1.833036553300000 1.296161863300000 0.000795310254192 -0.001818684954169 -0.001636560652900
170 8 13.095867367800004 3.131308597400002 4.968248379499999 0.003978990090808 -0.003864317905991 0.000416192423983
42 7 19.180709987699998 4.429598811900002 5.481334835700000 -0.031428686146445 -0.000028484957875 0.000226381919034
66 8 20.768171571100002 5.727884393600002 5.994451122499998 0.000047593737873 -0.009642781258172 -0.002005389176593
98 8 19.180707196099995 4.811361409400002 3.402132653400000 0.003382351345729 -0.000384965983033 0.007380634878578
3 1 11.508418611100000 11.073997829000001 5.481344520900000 -0.000411158141747 -0.002873958195002 0.000178600631054
17 1 7.672274418099999 6.644399077300000 2.349147298800000 0.006362650619024 -0.000126225457653 0.000002802272605
27 1 9.590346111300001 9.966598154900002 2.349145244699999 0.000571768275786 -0.001552981263122 0.000630803781334
33 7 9.590343793000001 7.751796947200008 5.481341472000000 0.005429901927045 -0.021009522511909 0.004128143830735
49 7 11.508427041700001 6.644390723800001 2.349147115100000 -0.002064359087931 -0.003321942901117 0.004254322514676
73 8 11.508432852700000 8.477427166200002 5.994454850600000 0.001420385489604 0.000531789904436 -0.001171104808843
105 8 9.920968477800001 7.560904182000002 3.402136381700000 0.000729403192017 0.001165271178086 -0.001102681765650
121 8 7.672273857400003 7.026163626600007 4.968234320200000 -0.015756967567315 0.001915868236388 0.001421171174511
131 8 11.508426393700001 11.073992940400007 3.132190496199999 0.000132336728555 0.001055705215004 0.000099118370057
155 8 11.508430567899998 8.477428856900005 1.296161863300000 0.000222809190302 -0.000487930685646 -0.002747655356628
163 8 7.672298157300000 8.859189034900005 1.566094450300000 -0.000804273191105 0.000081630839583 -0.000017263913114
171 8 9.259725682700001 9.775700901000002 4.968248379499999 -0.002695901772011 0.002783018574681 0.000685399386410
11 1 13.426498927399999 9.966593245500007 2.349140662099999 -0.000506238336411 -0.001011060498481 0.000269003439829
18 1 15.344557788300000 6.644399077300000 2.349147298800000 -0.002064891540615 -0.000072978341068 -0.000050830333659
28 1 17.262629481500003 9.966598154900002 2.349145244699999 -0.000187193839811 0.000962244081498 -0.000242189968052
34 7 17.262627163200005 7.751796947200008 5.481341472000000 -0.003622188891373 0.002829609449153 -0.000589022698948
43 7 15.344568302600003 11.073991115500002 5.481334835700000 0.000999427947942 -0.000020540502026 0.000227744854132
57 7 13.426498916499998 7.751790037100004 5.481345370700000 -0.004029537135602 -0.002706633811794 0.000591961313009
81 8 13.095877704700001 7.560908000500002 3.402138567200000 -0.000275720339435 -0.000049115214224 0.001064708221577
99 8 15.344565510999997 11.455753713000002 3.402132653400000 -0.000185041271678 0.001760267631971 0.001556475772407
106 8 17.593251848000001 7.560904182000002 3.402136381700000 0.002927972909548 -0.001794321612360 0.001974794057428
115 8 13.757107442799997 9.775703055900001 4.968235823200000 0.002355985678224 0.000504503905168 0.001187812057366
122 8 15.344557227600001 7.026163626600007 4.968234320200000 0.003008348872299 0.001871117921201 0.001414254232119
164 8 15.344581527500001 8.859189034900005 1.566094450300000 0.000332545941708 0.000073526655366 -0.000013681648827
172 8 16.932009052900014 9.775700901000002 4.968248379499999 -0.001082498504187 -0.002191502425573 0.001503557693778
4 1 19.180701981300000 11.073997829000001 5.481344520900000 -0.000411181555749 0.002672455582315 -0.000342013758662
12 1 21.098782297600000 9.966593245500007 2.349140662099999 0.000258759317431 0.001494790502710 -0.000600923646584
44 7 23.016851672799998 11.073991115500002 5.481334835700000 0.000999461283036 -0.000036219370437 0.000225356080512
50 7 19.180710411899998 6.644390723800001 2.349147115100000 -0.002050863229220 0.003763208937891 -0.004372056009831
58 7 21.098782286699997 7.751790037100004 5.481345370700000 0.005126250335548 0.021216218186609 -0.004155717035632
74 8 19.180716222899989 8.477427166200002 5.994454850600000 0.001410588058206 -0.004400960332080 -0.001713669847912
82 8 20.768161074900000 7.560908000500002 3.402138567200000 -0.002495766113564 -0.003011757647431 0.004137858480981
100 8 23.016848881199998 11.455753713000002 3.402132653400000 -0.000100430351691 0.001764377943203 0.001556112676247
116 8 21.429390813000008 9.775703055900001 4.968235823200000 0.000735602625016 -0.004459379919183 0.002007161500151
132 8 19.180709763900005 11.073992940400007 3.132190496199999 0.000130928298958 -0.001135117200655 0.000052568774682
156 8 19.180713938099998 8.477428856900005 1.296161863300000 0.000220745522539 -0.003154814414382 -0.000529883647216
19 1 11.508416103199997 13.288791380900006 2.349147298800000 -0.000639440099345 -0.002114940549941 -0.001586963195953
123 8 11.508415542500002 13.670555930200003 4.968234320200000 0.001892140466236 0.004340828089928 0.001683723428980
139 8 9.259738667499999 12.372281731100001 1.296160360000000 -0.001422975876821 0.001172797733311 -0.001046471807674
35 7 13.426485478100000 14.396189250800001 5.481341472000000 0.005538538889067 -0.021114191271393 0.004161426393669
51 7 15.344568726800000 13.288783027399999 2.349147115100000 0.004078239608679 0.000218166061414 -0.000046452820734
59 7 17.262640601600001 14.396182340700005 5.481345370700000 0.005017474790913 0.021110647521246 -0.004122331628369
67 8 16.932029885999999 12.372276697200000 5.994451122499998 -0.002836435391483 -0.002974406405888 -0.000801070001963
75 8 15.344574537799998 15.121819469800011 5.994454850600000 -0.016238304410485 -0.001976100012304 -0.001451016575017
83 8 16.932019389799994 14.205300304100005 3.402138567200000 -0.004011253677481 -0.004629239702838 -0.001661768834054
91 8 13.757112196700003 12.372264326600002 5.994440303000000 0.000526985104673 0.004739913848522 -0.001982348845779
107 8 13.757110162900000 14.205296485600002 3.402136381700000 -0.000824843631162 0.002797563422941 0.004697183513996
140 8 16.932022037700008 12.372281731100001 1.296160360000000 -0.001928622512174 0.000492284234775 -0.002062690790369
147 8 13.757108114200003 12.372258443900009 1.296153622799999 0.001399846862974 0.001284536996256 -0.000909560993855
20 1 19.180699473400008 13.288791380900006 2.349147298800000 -0.000643971420569 0.001958645880248 0.001488647014171
36 7 21.098768848300001 14.396189250800001 5.481341472000000 -0.003617260821109 0.002808212408206 -0.000586073054393
52 7 23.016852096999997 13.288783027399999 2.349147115100000 -0.001547609024662 0.000206991075188 -0.000052773848042
76 8 23.016857907999988 15.121819469800011 5.994454850600000 0.002526753208240 -0.001931194581978 -0.001444214876780
92 8 21.429395566900006 12.372264326600002 5.994440303000000 0.002147366973815 -0.000223837622603 -0.001163060518691
108 8 21.429393533100004 14.205296485600002 3.402136381700000 0.002615350222939 -0.001560649367433 0.000768011964227
124 8 19.180698912699995 13.670555930200003 4.968234320200000 0.001901969932916 -0.000591891086856 0.001141169443264
148 8 21.429391484400018 12.372258443900009 1.296153622799999 0.001907880733501 0.000608141079454 -0.001920429794400
60 7 24.934923971800007 14.396182340700005 5.481345370700000 -0.004034402820328 -0.002728094146954 0.000594921591873
68 8 24.604313256200001 12.372276697200000 5.994451122499998 -0.001223127248757 0.002000068416047 -0.001619239170494
84 8 24.604302760000003 14.205300304100005 3.402138567200000 -0.000582449705989 -0.000270704523418 0.002269421002630
29 1 9.590346111300004 5.537003285800003 8.613538384300000 0.001063281920045 -0.003159464164718 -0.015426470416488
157 8 11.508430567900000 4.047833987800002 7.560555002900000 0.003293055983393 -0.003956324707292 0.004135159134494
165 8 7.672298157300002 4.429594165800001 7.830487589900000 -0.010239513242809 0.000078664761208 -0.000054626261845
173 8 9.259725682700003 5.346106031900003 11.232641519100001 -0.002107002647988 -0.000697109015557 0.002617212383785
13 1 13.426498927400001 5.536998376400002 8.613533801700001 -0.003348280319513 -0.000674220509740 -0.002130027673882
30 1 17.262629481500003 5.537003285800003 8.613538384300000 -0.003036319311973 0.000627678747876 0.002177340008567
117 8 13.757107442800002 5.346108186800002 11.232628962800000 0.001990399687291 -0.000693035841341 0.001940272136687
166 8 15.344581527500001 4.429594165800001 7.830487589900000 0.001952177360268 0.000075947622065 -0.000018131041604
174 8 16.932009052900007 5.346106031900003 11.232641519100001 -0.001450271946978 -0.000986155673049 0.000745607937986
14 1 21.098782297600003 5.536998376400002 8.613533801700001 0.000841586769613 0.003098672399681 0.015522715231498
118 8 21.429390813000005 5.346108186800002 11.232628962800000 0.001331592605634 -0.000978429933601 0.000073349405977
158 8 19.180713938100002 4.047833987800002 7.560555002900000 0.003309188027126 0.000327248787299 -0.007464513489341
5 1 11.508418611100007 6.644402959900002 11.745737660500000 -0.000221679069159 -0.000543619003742 -0.002402151978650
21 1 11.508416103199998 8.859196511800004 8.613540438400001 -0.000643972532842 -0.002109788378290 -0.001581827203447
125 8 11.508415542500003 9.240961061100004 11.232627459799998 0.000400737880546 0.002188468975062 0.002077735594971
133 8 11.508426393700002 6.644398071300002 9.396583635799999 0.001219461945372 0.001080857231911 0.001882044762066
141 8 9.259738667500002 7.942686862000003 7.560553499600000 -0.003988418347071 0.004470089590222 0.001517615704485
167 8 11.508439842400001 11.073986469400005 7.830487589900000 0.000054183270417 0.001168741911556 0.000007629450493
37 7 13.426485478099996 9.966594381700006 11.745734611600000 0.000735366775891 -0.000102525052037 -0.001861829376782
45 7 15.344568302600001 6.644396246400003 11.745727975299999 0.000291409456392 -0.000024493647571 0.000235609319369
53 7 15.344568726799995 8.859188158300002 8.613540254699998 -0.001547622033526 0.000214692936455 -0.000045330018858
61 7 17.262640601600001 9.966587471600000 11.745738510299995 0.000314576249956 0.000202742826663 0.001877796778025
69 8 16.932029886000002 7.942681828100003 12.258844262099997 -0.002247606680955 0.000505691424783 -0.002732918466846
77 8 15.344574537800005 10.692224600700005 12.258847990200001 -0.001076084087832 -0.001933372494182 -0.001446433520572
85 8 16.932019389799990 9.775705435000003 9.666531706799999 -0.001445817228216 -0.001331952043976 0.000902312098868
93 8 13.757112196700007 7.942669457500004 12.258833442600000 0.001122991552138 0.001259112500672 -0.000048611217060
101 8 15.344565511000003 7.026158843900003 9.666525792999996 0.000868542793432 0.001760881606314 0.001552655424957
109 8 13.757110162900005 9.775701616500001 9.666529521300001 0.001755398811994 -0.000508076205507 0.002124957812787
142 8 16.932022037700005 7.942686862000003 7.560553499600000 -0.000559590858717 0.000111552353746 -0.002413578230679
149 8 13.757108114200001 7.942663574800001 7.560546762400000 0.002767839787410 0.001660720283502 -0.000563498198781
159 8 15.344572253000006 10.692226291400004 7.560555002900000 -0.000173638844679 -0.001822199929715 -0.001640014757555
6 1 19.180701981300004 6.644402959900002 11.745737660500000 -0.000221674873822 0.000342091002798 0.002238737984827
22 1 19.180699473400011 8.859196511800004 8.613540438400001 -0.000639459813737 0.001963826426427 0.001493808483376
38 7 21.098768848300008 9.966594381700006 11.745734611600000 -0.000162514448473 0.000140818742400 0.001261794552686
46 7 23.016851672800001 6.644396246400003 11.745727975299999 0.000291431352632 -0.000032306434145 0.000217491718687
54 7 23.016852096999990 8.859188158300002 8.613540254699998 0.004078305361113 0.000203552809848 -0.000051606457180
78 8 23.016857907999999 10.692224600700005 12.258847990200001 0.000192679890808 -0.001933751608702 -0.001441531385593
94 8 21.429395566900006 7.942669457500004 12.258833442600000 0.001781785015999 0.000973701933162 -0.001915505965945
102 8 23.016848881199998 7.026158843900003 9.666525792999996 -0.001849184819282 0.001767958133916 0.001562014718102
110 8 21.429393533100001 9.775701616500001 9.666529521300001 0.001247340125403 -0.001184478099207 0.001114057994429
126 8 19.180698912700002 9.240961061100004 11.232627459799998 0.000403295319495 0.001556946584914 0.000745467866593
134 8 19.180709763900005 6.644398071300002 9.396583635799999 0.001211915896805 -0.001162997056209 -0.001731480867279
150 8 21.429391484400004 7.942663574800001 7.560546762400000 -0.000672369603402 -0.002697661338120 -0.004492770133693
160 8 23.016855623200005 10.692226291400004 7.560555002900000 -0.000258269201116 -0.001818088323386 -0.001640383854736
168 8 19.180723212599993 11.073986469400005 7.830487589900000 0.000055601140992 -0.001022103932526 -0.000038925230419
62 7 24.934923971800000 9.966587471600000 11.745738510299995 -0.000575260319748 -0.000039814665168 -0.001262518117662
70 8 24.604313256200005 7.942681828100003 12.258844262099997 -0.001590889109164 0.000794736445582 -0.000861272124101
86 8 24.604302759999996 9.775705435000003 9.666531706799999 -0.001951467831166 -0.000651436499584 0.001918520315585
7 1 15.344560296200003 13.288795263500004 11.745737660500000 0.000545366535800 -0.000100761646800 -0.000081710000054
15 1 17.262640612500000 12.181390680000009 8.613533801700001 0.000251040202689 0.001499499956104 -0.000601698505563
23 1 15.344557788300000 15.503588815399999 8.613540438400001 0.006362597695038 -0.000024832072323 -0.000096056458411
31 1 13.426487796399995 12.181395589400003 8.613538384300000 0.000579472532820 -0.001548288372306 0.000630024548234
39 7 17.262627163200005 16.610986685300006 11.745734611600000 0.000726849844434 -0.000101250329985 -0.001871906715931
95 8 17.593253881800010 14.587061761100006 12.258833442600000 0.001431307367035 0.000951667986055 -0.001251294688596
111 8 17.593251848000001 16.420093920100001 9.666529521300001 0.000587371222993 -0.001396522332441 0.003496854606111
119 8 17.593249127900002 11.990500490400001 11.232628962800000 0.001639914210437 -0.000671010521102 0.001276061025930
127 8 15.344557227600006 15.885353364700006 11.232627459799998 -0.000594516290829 0.001873306604260 0.001416504624088
135 8 15.344568078800005 13.288790374900007 9.396583635799999 -0.000727532587300 -0.000048032654273 0.000077470992959
143 8 13.095880352600002 14.587079165600008 7.560553499600000 -0.002472954097429 0.002852553473972 -0.004281938770585
151 8 17.593249799300004 14.587055878400003 7.560546762400000 0.000881894863268 -0.001065188177954 0.001307128167676
175 8 13.095867367800004 11.990498335500007 11.232641519100001 -0.001805428159655 -0.001004970327036 0.001413667666752
8 1 23.016843666400000 13.288795263500004 11.745737660500000 -0.000263279451976 -0.000100763942454 -0.000081704983734
24 1 23.016841158500000 15.503588815399999 8.613540438400001 -0.002064883255656 -0.000078163397203 -0.000042358124322
32 1 21.098771166600002 12.181395589400003 8.613538384300000 -0.000185521690135 0.000957554937915 -0.000239872873837
47 7 19.180709987699998 13.288788550000005 11.745727975299999 -0.000183289006492 -0.000028378704749 0.000226543130031
55 7 19.180710411900002 15.503580461900007 8.613540254699998 -0.002064312806504 0.003743653087486 -0.004352395305720
63 7 21.098782286700004 16.610979775200004 11.745738510299995 -0.000574780274797 -0.000039311197818 -0.001255889907126
71 8 20.768171571100002 14.587074131700003 12.258844262099997 -0.001561103961446 0.000841454999666 -0.001360591169545
79 8 19.180716222899996 17.336616904300001 12.258847990200001 -0.000078286035553 -0.001617020893485 -0.000775411937529
87 8 20.768161074900000 16.420097738599999 9.666531706799999 -0.000244142792304 -0.000943937634316 0.003022277925728
103 8 19.180707196099995 13.670551147500003 9.666525792999996 0.000296015312677 0.000430121068468 0.002663747167281
128 8 23.016840597800005 15.885353364700006 11.232627459799998 0.000674254489149 0.001873675565462 0.001411596021724
136 8 23.016851449000004 13.288790374900007 9.396583635799999 0.000409288915425 -0.000039875896024 0.000073866280167
144 8 20.768163722800004 14.587079165600008 7.560553499600000 -0.000252881867035 -0.000110047314723 -0.001208876199724
176 8 20.768150737999996 11.990498335500007 11.232641519100001 -0.001420494100764 -0.001032882759294 0.001244909845171
16 1 24.934923982700003 12.181390680000009 8.613533801700001 -0.000507903822366 -0.001015769563460 0.000271321539536
40 7 24.934910533400007 16.610986685300006 11.745734611600000 -0.000162994915246 0.000141318001660 0.001268391408966
48 7 26.852993357900004 13.288788550000005 11.745727975299999 -0.000180006576000 -0.000028397208792 0.000226558387366
56 7 26.852993782099993 15.503580461900007 8.613540254699998 -0.002050831594944 -0.003341560412185 0.004273921462516
64 7 28.771065656899999 16.610979775200004 11.745738510299995 0.000323123091866 0.000204018100034 0.001867693027443
72 8 28.440454941300004 14.587074131700003 12.258844262099997 -0.001946052671597 0.000813543526144 -0.001529341992411
80 8 26.852999593099998 17.336616904300001 12.258847990200001 -0.000080828676959 -0.002248543692038 -0.002107683164506
88 8 28.440444445099999 16.420097738599999 9.666531706799999 -0.002635788350676 -0.000443670625936 -0.000466323059370
96 8 25.265537252000023 14.587061761100006 12.258833442600000 0.001813411696018 0.000924821550400 -0.001420813914371
104 8 26.852990566300001 13.670551147500003 9.666525792999996 0.000293953506725 0.003097005813507 0.000445994182469
112 8 25.265535218199997 16.420093920100001 9.666529521300001 0.002958046698099 -0.000890545108273 0.000000062347465
120 8 25.265532498100001 11.990500490400001 11.232628962800000 0.002022019345143 -0.000644157599000 0.001445578533562
152 8 25.265533169500006 14.587055878400003 7.560546762400000 0.003080423504846 0.001894394136041 -0.001770279717739
