ITEM: TIMESTEP
0
ITEM: NUMBER OF ATOMS
176
ITEM: BOX BOUNDS xy xz yz pp pp pp
0.0000000000000000e+00 3.0689133480799999e+01 7.6722833701999980e+00
0.0000000000000000e+00 1.7718379476200003e+01 7.6722833702000024e+00
0.0000000000000000e+00 1.2528786279200000e+01 4.4295948690000015e+00
ITEM: ATOMS id type x y z fx fy fz
25 1 5.754204426199998 3.322205851300000 2.349145244699999 -0.002929460778659 -0.003336173845056 -0.002622964140815
137 8 5.423596982400004 5.727889427500000 1.296160360000000 -0.000262064915412 0.001280799601023 0.000881852904796
161 8 3.836156472199998 2.214796731300001 1.566094450300000 0.000925201206965 0.001855325323292 -0.000009645604963
169 8 5.423583997600000 3.131308597400002 4.968248379499999 0.001484005619688 0.003070619360365 0.001509085698957
1 1 7.672276926000002 4.429605525400001 5.481344520900000 -0.015514554535783 -0.027158452436727 -0.000081575996204
9 1 9.590357242299998 3.322200941900001 2.349140662099999 0.001573845782004 -0.003213903697721 -0.004806856042021
41 7 11.508426617500000 4.429598811900002 5.481334835700000 0.035708146214979 -0.020163374594598 -0.007687267604140
89 8 9.920970511600007 5.727872023000002 5.994440303000000 -0.010126353407192 -0.027432991765990 0.005104388558998
97 8 11.508423825899998 4.811361409400002 3.402132653400000 -0.003472808484820 0.000523476158594 0.007798130276806
113 8 9.920965757699999 3.131310752300001 4.968235823200000 0.000736048474328 0.008465220782433 0.003471256295955
129 8 7.672284708600001 4.429600636800002 3.132190496199999 0.001509479701864 0.004068599983211 0.006514426660430
145 8 9.920966429100000 5.727866140300000 1.296153622799999 -0.000279116680902 -0.000577779841397 -0.000220829257185
153 8 7.672288882800000 1.833036553300000 1.296161863300000 0.000430581348967 -0.000618265861600 -0.000789873773399
162 8 11.508439842400000 2.214796731300001 1.566094450300000 -0.001343372871646 0.001162852891036 0.000931187842523
2 1 15.344560296200001 4.429605525400001 5.481344520900000 0.000684900087001 0.000905967456384 -0.000081590490113
10 1 17.262640612500000 3.322200941900001 2.349140662099999 -0.000852006762434 -0.001231460813148 0.000046593042023
26 1 13.426487796400002 3.322205851300000 2.349145244699999 0.002231744078906 -0.000685150884962 -0.001180658064227
65 8 13.095888200900001 5.727884393600002 5.994451122499998 -0.007568418928922 -0.009351136212902 -0.001431852897547
90 8 17.593253881800006 5.727872023000002 5.994440303000000 0.003752999770285 0.000462616267144 -0.001586140485703
114 8 17.593249127900009 3.131310752300001 4.968235823200000 0.003527624382870 0.002158980442997 0.001378412161615
130 8 15.344568078800005 4.429600636800002 3.132190496199999 -0.000330670141779 -0.000567045188274 0.000075635715555
138 8 13.095880352600009 5.727889427500000 1.296160360000000 -0.002251317678840 -0.000388152004927 -0.001610656599428
146 8 17.593249799300011 5.727866140300000 1.296153622799999 0.003037734979499 0.001245237965497 -0.000167075740697
154 8 15.344572252999999 1.833036553300000 1.296161863300000 -0.000435106787598 -0.000568056401204 -0.002839204126657
170 8 13.095867367800004 3.131308597400002 4.968248379499999 -0.008521575058458 0.004220857491400 0.002900520710119
42 7 19.180709987699998 4.429598811900002 5.481334835700000 -0.007053240614112 -0.004204534257307 -0.000055160530801
66 8 20.768171571100002 5.727884393600002 5.994451122499998 0.006792668807344 0.004385036673151 -0.003525163183845
98 8 19.180707196099995 4.811361409400002 3.402132653400000 0.001288875147545 0.002470417632466 0.002441280141218
3 1 11.508418611100000 11.073997829000001 5.481344520900000 -0.015368405802884 -0.026905048384293 -0.000081787109429
17 1 7.672274418099999 6.644399077300000 2.349147298800000 0.000038078911632 0.002789232072702 -0.020095500333497
27 1 9.590346111300001 9.966598154900002 2.349145244699999 0.002644803550909 0.001280934830090 0.019957683535925
33 7 9.585343792999989 7.743136693162167 5.481341472000000 0.097627248989758 0.168610481053980 -0.000002685762151
49 7 11.508427041700001 6.644390723800001 2.349147115100000 0.005433791102623 0.010024924610172 0.000015982125960
73 8 11.508432852700000 8.477427166200002 5.994454850600000 -0.016913873600463 -0.025529400613305 -0.007279786256050
105 8 9.920968477800001 7.560904182000002 3.402136381700000 -0.007282622798262 -0.016181880683176 0.001740232607489
121 8 7.672273857400003 7.026163626600007 4.968234320200000 -0.018612829766989 -0.022544431842734 -0.005044192306078
131 8 11.508426393700001 11.073992940400007 3.132190496199999 0.002765858214239 0.003336841037835 -0.006312788469671
155 8 11.508430567899998 8.477428856900005 1.296161863300000 -0.000331920091598 -0.004314064037813 -0.002822122524293
163 8 7.672298157300000 8.859189034900005 1.566094450300000 -0.002977198223795 -0.004881714672861 -0.000022839916091
171 8 9.259725682700001 9.775700901000002 4.968248379499999 -0.013737091035530 -0.027103993026352 0.007154425294282
11 1 13.426498927399999 9.966593245500007 2.349140662099999 -0.003771518239587 -0.000141281469419 0.004887465385591
18 1 15.344557788300000 6.644399077300000 2.349147298800000 -0.001509685443050 0.001380924263010 0.001109287963672
28 1 17.262629481500003 9.966598154900002 2.349145244699999 -0.001210906981943 0.000171360081453 0.000151405473633
34 7 17.262627163200005 7.751796947200008 5.481341472000000 -0.005833263237154 0.000293166600931 -0.000062136717877
43 7 15.344568302600003 11.073991115500002 5.481334835700000 -0.007033091390845 -0.004204403881770 -0.000053268775634
57 7 13.426498916499998 7.751790037100004 5.481345370700000 -0.035466339282564 0.021084230008205 0.007909195152075
81 8 13.095877704700001 7.560908000500002 3.402138567200000 -0.000912878533097 -0.004612812626746 -0.004772516541301
99 8 15.344565510999997 11.455753713000002 3.402132653400000 0.001348563033942 0.003313333714542 0.000470992419332
106 8 17.593251848000001 7.560904182000002 3.402136381700000 0.003525331369233 -0.001346011099377 0.001377979319609
115 8 13.757107442799997 9.775703055900001 4.968235823200000 0.010337303245821 0.002918159103073 -0.000731685034614
122 8 15.344557227600001 7.026163626600007 4.968234320200000 0.008086510800957 -0.001542993890130 -0.000171674131398
164 8 15.344581527500001 8.859189034900005 1.566094450300000 0.001455139976457 -0.000445608866209 -0.000959631718138
172 8 16.932009052900014 9.775700901000002 4.968248379499999 0.000515114825533 -0.001491843782200 0.001080891460514
4 1 19.180701981300000 11.073997829000001 5.481344520900000 0.000690303731395 0.000902886568086 -0.000081816558074
12 1 21.098782297600000 9.966593245500007 2.349140662099999 0.001966143010934 0.003637540341090 0.000050373695166
44 7 23.016851672799998 11.073991115500002 5.481334835700000 0.035589306335555 -0.020143885193840 -0.007675670110870
50 7 19.180710411899998 6.644390723800001 2.349147115100000 -0.004997314901293 -0.000197173427602 -0.003256768729722
58 7 21.098782286699997 7.751790037100004 5.481345370700000 -0.035544690614607 0.021177957467853 0.007920952895268
74 8 19.180716222899989 8.477427166200002 5.994454850600000 0.007597477279125 -0.005353335605105 -0.003028829508766
82 8 20.768161074900000 7.560908000500002 3.402138567200000 0.005403598598358 -0.002955727881136 0.007615182923167
100 8 23.016848881199998 11.455753713000002 3.402132653400000 -0.005192246378133 0.006852357642430 -0.004620103297735
116 8 21.429390813000008 9.775703055900001 4.968235823200000 -0.003979406480343 -0.010840225959519 0.001378040672046
132 8 19.180709763900005 11.073992940400007 3.132190496199999 -0.000176609655730 -0.000285207246801 0.000074140358870
156 8 19.180713938099998 8.477428856900005 1.296161863300000 0.000513930538830 -0.002750550060337 -0.000522194956994
19 1 11.508416103199997 13.288791380900006 2.349147298800000 -0.001219006395050 -0.004401302534510 0.002540775267060
123 8 11.508415542500002 13.670555930200003 4.968234320200000 0.002086002912679 0.006523161531337 0.001221679125063
139 8 9.259738667499999 12.372281731100001 1.296160360000000 -0.001837679375331 0.002200880672876 -0.004080786489209
35 7 13.426485478100000 14.396189250800001 5.481341472000000 -0.003836535607840 -0.007140784814904 -0.000001091101288
51 7 15.344568726800000 13.288783027399999 2.349147115100000 -0.001514284227864 -0.002208696081741 -0.000054802354229
59 7 17.262640601600001 14.396182340700005 5.481345370700000 -0.000342824551826 -0.007875407045298 0.000288694892178
67 8 16.932029885999999 12.372276697200000 5.994451122499998 -0.000064615852403 0.003649513229532 -0.001432240514967
75 8 15.344574537799998 15.121819469800011 5.994454850600000 0.001598609840338 0.002736737388090 -0.001637387717052
83 8 16.932019389799994 14.205300304100005 3.402138567200000 -0.000919816871835 0.000937601931435 0.002542678509355
91 8 13.757112196700003 12.372264326600002 5.994440303000000 0.004697955562196 0.005023066594377 -0.001160466576380
107 8 13.757110162900000 14.205296485600002 3.402136381700000 0.002508922374742 0.000720249602872 0.001580580276571
140 8 16.932022037700008 12.372281731100001 1.296160360000000 -0.001352481823587 0.001219040259216 -0.001595534421918
147 8 13.757108114200003 12.372258443900009 1.296153622799999 0.002555957010721 0.001969634643539 -0.002216370451996
20 1 19.180699473400008 13.288791380900006 2.349147298800000 0.000963357127871 -0.001173012369767 -0.000222229574968
36 7 21.098768848300001 14.396189250800001 5.481341472000000 0.003599824636259 -0.005153151126700 0.000059964116249
52 7 23.016852096999997 13.288783027399999 2.349147115100000 0.001957993925893 -0.004218021078113 0.003154633983346
76 8 23.016857907999988 15.121819469800011 5.994454850600000 -0.001868048129657 -0.000383537910144 -0.001209123402837
92 8 21.429395566900006 12.372264326600002 5.994440303000000 -0.005288080209212 0.006186808214095 0.000232901005796
108 8 21.429393533100004 14.205296485600002 3.402136381700000 0.000213479541585 0.000565598343885 0.001778082662921
124 8 19.180698912699995 13.670555930200003 4.968234320200000 -0.001391050990695 0.003424604438074 0.001647342384436
148 8 21.429391484400018 12.372258443900009 1.296153622799999 0.000667090273960 0.000977769206166 -0.002492386531766
60 7 24.934923971800007 14.396182340700005 5.481345370700000 -0.000352869136284 -0.007858013803117 0.000286828219084
68 8 24.604313256200001 12.372276697200000 5.994451122499998 -0.002811865295941 0.009926668922558 0.000677812741186
84 8 24.604302760000003 14.205300304100005 3.402138567200000 -0.001614291156730 0.000468090725499 0.000572051266807
29 1 9.590346111300004 5.537003285800003 8.613538384300000 0.002678625337312 0.001351960379345 0.020028127492314
157 8 11.508430567900000 4.047833987800002 7.560555002900000 -0.005256403770256 0.003259621859944 -0.007801788739421
165 8 7.672298157300002 4.429594165800001 7.830487589900000 0.002682243969390 0.003462816288861 -0.006454279390767
173 8 9.259725682700003 5.346106031900003 11.232641519100001 -0.001620271636580 -0.000454886789068 -0.000994674688536
13 1 13.426498927400001 5.536998376400002 8.613533801700001 0.001959125308729 0.003641571968949 0.000049201674259
30 1 17.262629481500003 5.537003285800003 8.613538384300000 -0.001215397533339 0.000172009881669 0.000154997879349
117 8 13.757107442800002 5.346108186800002 11.232628962800000 0.001821241475154 -0.000790229154988 0.001377831120186
166 8 15.344581527500001 4.429594165800001 7.830487589900000 -0.000245185499184 -0.000174299114459 -0.000013953377734
174 8 16.932009052900007 5.346106031900003 11.232641519100001 -0.001411463921385 -0.000723997270216 0.001422241582503
14 1 21.098782297600003 5.536998376400002 8.613533801700001 -0.003778267939875 -0.000123861938970 0.004906420348041
118 8 21.429390813000005 5.346108186800002 11.232628962800000 0.001829457485792 -0.000420717174908 0.000321011285811
158 8 19.180713938100002 4.047833987800002 7.560555002900000 0.001277015069635 -0.000269834140570 -0.002729341569851
5 1 11.508418611100007 6.644402959900002 11.745737660500000 0.000330613312077 0.000292974073385 -0.000087049951600
21 1 11.508416103199998 8.859196511800004 8.613540438400001 -0.000006419629215 0.002724447143298 -0.020024876971386
125 8 11.508415542500003 9.240961061100004 11.232627459799998 0.000588370455565 0.002095837598156 0.003730787418568
133 8 11.508426393700002 6.644398071300002 9.396583635799999 -0.002887253908128 -0.005004808262852 0.000082988021744
141 8 9.259738667500002 7.942686862000003 7.560553499600000 -0.010409651361808 -0.014533244210132 -0.001760941234718
167 8 11.508439842400001 11.073986469400005 7.830487589900000 0.001420498830458 0.004184884049464 0.006373005089556
37 7 13.426485478099996 9.966594381700006 11.745734611600000 -0.000697178773796 -0.000759751268727 -0.004179560943249
45 7 15.344568302600001 6.644396246400003 11.745727975299999 -0.000680090036105 -0.000177521253949 -0.001115472062541
53 7 15.344568726799995 8.859188158300002 8.613540254699998 -0.004995841612398 -0.000203125953497 -0.003252633757969
61 7 17.262640601600001 9.966587471600000 11.745738510299995 -0.000046026313351 0.000344859777482 -0.002421884490969
69 8 16.932029886000002 7.942681828100003 12.258844262099997 -0.001449561142567 0.000889037836328 -0.000374812306820
77 8 15.344574537800005 10.692224600700005 12.258847990200001 0.000097643691903 -0.001714407764468 0.000866490422916
85 8 16.932019389799990 9.775705435000003 9.666531706799999 -0.000322079278802 -0.000694241874899 0.002652535278321
93 8 13.757112196700007 7.942669457500004 12.258833442600000 0.001735225538004 0.001142714299191 -0.000321547989760
101 8 15.344565511000003 7.026158843900003 9.666525792999996 0.000590793628489 0.000832712917351 0.002676003871565
109 8 13.757110162900005 9.775701616500001 9.666529521300001 0.002923543791742 -0.000390903451429 0.004060287792978
142 8 16.932022037700005 7.942686862000003 7.560553499600000 0.000345680813601 0.000332157299637 -0.001798589266412
149 8 13.757108114200001 7.942663574800001 7.560546762400000 0.008771647219093 -0.001020797718087 0.004803586051670
159 8 15.344572253000006 10.692226291400004 7.560555002900000 0.001217611001520 -0.001106036614508 -0.000758738373377
6 1 19.180701981300004 6.644402959900002 11.745737660500000 0.000098203103893 -0.000116387942208 -0.000081703600512
22 1 19.180699473400011 8.859196511800004 8.613540438400001 -0.001502502072970 0.001383719842220 0.001113409754199
38 7 21.098768848300008 9.966594381700006 11.745734611600000 0.000505262321191 0.000379452858221 -0.000001109760223
46 7 23.016851672800001 6.644396246400003 11.745727975299999 -0.000082696636595 0.000162661567156 0.002655360587396
54 7 23.016852096999990 8.859188158300002 8.613540254699998 0.005601137639354 0.009928532601769 -0.000114415100099
78 8 23.016857907999999 10.692224600700005 12.258847990200001 -0.000601892105076 -0.002048286252054 -0.001351937056058
94 8 21.429395566900006 7.942669457500004 12.258833442600000 0.001672259599004 0.000725818329308 -0.001437693852120
102 8 23.016848881199998 7.026158843900003 9.666525792999996 -0.000283251744408 -0.000764654599299 0.000404520689708
110 8 21.429393533100001 9.775701616500001 9.666529521300001 0.000888103323655 -0.002043614238273 0.001590217270160
126 8 19.180698912700002 9.240961061100004 11.232627459799998 -0.000122735141679 0.001754231414074 0.001498912773963
134 8 19.180709763900005 6.644398071300002 9.396583635799999 0.001530549360144 -0.000567693530681 -0.000871023106969
150 8 21.429391484400004 7.942663574800001 7.560546762400000 0.002431175706176 -0.002696040264969 -0.007614548012262
160 8 23.016855623200005 10.692226291400004 7.560555002900000 -0.003533347606752 -0.003038929327386 0.004586054481510
168 8 19.180723212599993 11.073986469400005 7.830487589900000 -0.000412275636568 -0.000448679537856 -0.000015435001205
62 7 24.934923971800000 9.966587471600000 11.745738510299995 -0.000053204235450 0.000334097298423 -0.002440153384086
70 8 24.604313256200005 7.942681828100003 12.258844262099997 -0.002076023708470 0.000153700530764 -0.001424573853408
86 8 24.604302759999996 9.775705435000003 9.666531706799999 -0.003617748054414 -0.002477833897804 0.002635520123583
7 1 15.344560296200003 13.288795263500004 11.745737660500000 0.000336513959383 0.000289589669153 -0.000076349207829
15 1 17.262640612500000 12.181390680000009 8.613533801700001 -0.000848484033196 -0.001233481189461 0.000052949288082
23 1 15.344557788300000 15.503588815399999 8.613540438400001 -0.001217809262300 -0.004411514305294 0.002555728485320
31 1 13.426487796399995 12.181395589400003 8.613538384300000 -0.002920010895109 -0.003332106726951 -0.002608004337867
39 7 17.262627163200005 16.610986685300006 11.745734611600000 0.000119877969554 -0.001231472588398 0.004177394901962
95 8 17.593253881800010 14.587061761100006 12.258833442600000 0.001612557447000 0.001512418345211 -0.003669570852308
111 8 17.593251848000001 16.420093920100001 9.666529521300001 0.001338928064905 0.000513526594565 -0.000902330219079
119 8 17.593249127900002 11.990500490400001 11.232628962800000 0.001505885597315 -0.001330936239169 0.001370795763395
127 8 15.344557227600006 15.885353364700006 11.232627459799998 0.000206836619647 0.002017197386304 0.000382752342309
135 8 15.344568078800005 13.288790374900007 9.396583635799999 0.000995911394264 0.001743151503332 0.000069841516627
143 8 13.095880352600002 14.587079165600008 7.560553499600000 -0.000668064383368 0.002397372346041 -0.001601087174134
151 8 17.593249799300004 14.587055878400003 7.560546762400000 0.001736332807669 0.002401191661324 -0.002257662508041
175 8 13.095867367800004 11.990498335500007 11.232641519100001 -0.001499060916443 -0.000813981014991 0.002341179698097
8 1 23.016843666400000 13.288795263500004 11.745737660500000 0.000095913955877 -0.000120363266537 -0.000081716732323
24 1 23.016841158500000 15.503588815399999 8.613540438400001 0.000960552423819 -0.001169473456750 -0.000218654018969
32 1 21.098771166600002 12.181395589400003 8.613538384300000 0.002232959725265 -0.000692769379113 -0.001176561859535
47 7 19.180709987699998 13.288788550000005 11.745727975299999 -0.000088451043258 0.000151074563446 0.002673621883827
55 7 19.180710411900002 15.503580461900007 8.613540254699998 0.001963849567202 -0.004216180793002 0.003158634876799
63 7 21.098782286700004 16.610979775200004 11.745738510299995 -0.000042111076864 -0.000343023132733 0.001343296927140
71 8 20.768171571100002 14.587074131700003 12.258844262099997 -0.001748652196300 0.001070078307227 -0.002484659780073
79 8 19.180716222899996 17.336616904300001 12.258847990200001 -0.000273902517424 -0.001788968313954 -0.002469439117066
87 8 20.768161074900000 16.420097738599999 9.666531706799999 -0.002686609545955 -0.000963579768806 0.000335517368916
103 8 19.180707196099995 13.670551147500003 9.666525792999996 -0.000362917358058 0.003019474486053 0.000350712393306
128 8 23.016840597800005 15.885353364700006 11.232627459799998 0.000241167050877 0.002139120064129 0.001304427544575
136 8 23.016851449000004 13.288790374900007 9.396583635799999 -0.001261748465748 0.001051724830168 0.001019879018884
144 8 20.768163722800004 14.587079165600008 7.560553499600000 -0.002965720250110 0.002244487255378 -0.001398485808311
176 8 20.768150737999996 11.990498335500007 11.232641519100001 -0.001559657719315 -0.001227680813164 0.001223706416496
16 1 24.934923982700003 12.181390680000009 8.613533801700001 0.001555332721792 -0.003216842789541 -0.004787998223954
40 7 24.934910533400007 16.610986685300006 11.745734611600000 -0.000001068195452 -0.000497491273977 -0.000001087289318
48 7 26.852993357900004 13.288788550000005 11.745727975299999 -0.000680406750422 -0.000177911648965 -0.001109788676326
56 7 26.852993782099993 15.503580461900007 8.613540254699998 -0.001519696276364 -0.002205618814283 -0.000043300490144
64 7 28.771065656899999 16.610979775200004 11.745738510299995 -0.000041923295326 -0.000342573863900 0.001349011751458
72 8 28.440454941300004 14.587074131700003 12.258844262099997 -0.001765455136404 0.000697151822560 -0.001431660663080
80 8 26.852999593099998 17.336616904300001 12.258847990200001 -0.000239793801803 -0.001668116596248 -0.001550496619188
88 8 28.440444445099999 16.420097738599999 9.666531706799999 -0.000798403734157 0.000030318690135 0.000603232088191
96 8 25.265537252000023 14.587061761100006 12.258833442600000 0.001823646513193 0.001233401866054 -0.001243223683070
104 8 26.852990566300001 13.670551147500003 9.666525792999996 0.000505327820120 0.002964464672154 0.002399992626094
112 8 25.265535218199997 16.420093920100001 9.666529521300001 0.001830649741913 -0.000461624547563 0.001575035345649
120 8 25.265532498100001 11.990500490400001 11.232628962800000 0.002135808401569 -0.000589215101533 0.002430851923102
152 8 25.265533169500006 14.587055878400003 7.560546762400000 0.002436493794201 0.002874380985202 -0.000287351376762
