ITEM: TIMESTEP
0
ITEM: NUMBER OF ATOMS
176
ITEM: BOX BOUNDS xy xz yz pp pp pp
0.0000000000000000e+00 3.0689133480799999e+01 7.6722833701999980e+00
0.0000000000000000e+00 1.7718379476200003e+01 7.6722833702000024e+00
0.0000000000000000e+00 1.2528786279200000e+01 4.4295948690000015e+00
ITEM: ATOMS id type x y z fx fy fz
25 1 5.754204426199998 3.322205851300000 2.349145244699999 0.022656669073261 0.006995328460332 0.004965819655768
137 8 5.423596982400004 5.727889427500000 1.296160360000000 0.002000159412956 -0.005968938973230 0.004999180070126
161 8 3.836156472199998 2.214796731300001 1.566094450300000 0.014364150645323 0.008442055714001 0.005902007491165
169 8 5.423583997600000 3.131308597400002 4.968248379499999 0.001966675516948 0.003079809939778 -0.007265898678432
1 1 7.672276926000002 4.429605525400001 5.481344520900000 0.010207313810564 -0.000130009931510 -0.000058167331803
9 1 9.590357242299998 3.322200941900001 2.349140662099999 0.023455797212059 -0.007883225750114 -0.005526504262592
41 7 11.508426617500000 4.429598811900002 5.481334835700000 -0.004473855903975 -0.002435259474393 -0.005095970033315
89 8 9.920970511600007 5.727872023000002 5.994440303000000 0.001021057840775 0.002366032798248 0.000637326045764
97 8 11.508423825899998 4.811361409400002 3.402132653400000 0.005326089321956 0.005145888305683 0.003948623903379
113 8 9.920965757699999 3.131310752300001 4.968235823200000 0.005411453306317 -0.004768285488548 0.010047597068528
129 8 7.682284708600003 4.429600636800002 3.132190496199999 -0.093885626228099 0.000912637731123 0.000748494662637
145 8 9.920966429100000 5.727866140300000 1.296153622799999 0.005334294746870 0.007829862882071 -0.008010748057518
153 8 7.672288882800000 1.833036553300000 1.296161863300000 -0.008218837632408 -0.001824246224206 -0.001642915801597
162 8 11.508439842400000 2.214796731300001 1.566094450300000 0.014556139870874 -0.008391263847905 -0.006000835741937
2 1 15.344560296200001 4.429605525400001 5.481344520900000 -0.001943590153984 -0.000103357486711 -0.000081913188183
10 1 17.262640612500000 3.322200941900001 2.349140662099999 -0.005322637259911 0.000213315929153 0.000198468528979
26 1 13.426487796400002 3.322205851300000 2.349145244699999 -0.005034114054715 -0.000271910113542 -0.000172934675409
65 8 13.095888200900001 5.727884393600002 5.994451122499998 -0.000391511343483 0.001763259472100 -0.000657997708172
90 8 17.593253881800006 5.727872023000002 5.994440303000000 0.002983005083631 0.000006369072104 -0.002122185803383
114 8 17.593249127900009 3.131310752300001 4.968235823200000 0.003748190026494 0.000042258007171 0.000716300596090
130 8 15.344568078800005 4.429600636800002 3.132190496199999 0.002519947843570 -0.000031775083612 0.000081317468906
138 8 13.095880352600009 5.727889427500000 1.296160360000000 0.000344396120715 0.001147708037441 -0.002610381081378
146 8 17.593249799300011 5.727866140300000 1.296153622799999 0.003670907027684 0.000635556569404 -0.000364763392156
154 8 15.344572252999999 1.833036553300000 1.296161863300000 0.001691114527039 -0.001825097731974 -0.001643514438649
170 8 13.095867367800004 3.131308597400002 4.968248379499999 0.000311122267183 -0.001722449367919 0.001979931688633
42 7 19.180709987699998 4.429598811900002 5.481334835700000 -0.004494052226312 0.002362361750958 0.005513223322397
66 8 20.768171571100002 5.727884393600002 5.994451122499998 -0.002314192518864 -0.000602931928892 -0.003420432513717
98 8 19.180707196099995 4.811361409400002 3.402132653400000 0.005295456026563 -0.001582797701214 -0.000809276818972
3 1 11.508418611100000 11.073997829000001 5.481344520900000 -0.000052777406639 -0.001189641177551 0.000103727676272
17 1 7.672274418099999 6.644399077300000 2.349147298800000 0.010165816383104 -0.000063098163491 -0.000081934743161
27 1 9.590346111300001 9.966598154900002 2.349145244699999 0.000388170778226 -0.001286723767594 0.000111590794733
33 7 9.590343793000001 7.751796947200008 5.481341472000000 0.001112733339313 -0.002325477990484 -0.001589018549194
49 7 11.508427041700001 6.644390723800001 2.349147115100000 -0.004433527660191 -0.005609641824381 -0.000544143099397
73 8 11.508432852700000 8.477427166200002 5.994454850600000 -0.000067079147014 -0.001537726633114 -0.001162775027995
105 8 9.920968477800001 7.560904182000002 3.402136381700000 0.000999848946969 0.001426580918368 0.002132287160906
121 8 7.672273857400003 7.026163626600007 4.968234320200000 -0.003070082157430 0.001828200999916 0.001380688439181
131 8 11.508426393700001 11.073992940400007 3.132190496199999 0.000251373330516 0.001262634938084 0.000000609087934
155 8 11.508430567899998 8.477428856900005 1.296161863300000 0.000379226890937 0.000132493917497 -0.002420426127985
163 8 7.672298157300000 8.859189034900005 1.566094450300000 -0.000117708425429 0.000016179985747 0.000008879559981
171 8 9.259725682700001 9.775700901000002 4.968248379499999 -0.001884863784976 0.000119638339208 0.001463111241173
11 1 13.426498927399999 9.966593245500007 2.349140662099999 -0.000399014014949 -0.001022733778816 0.000067953690497
18 1 15.344557788300000 6.644399077300000 2.349147298800000 -0.001985019450478 -0.000076630330063 -0.000048977357862
28 1 17.262629481500003 9.966598154900002 2.349145244699999 -0.000079908546163 0.000982463215729 -0.000043613474756
34 7 17.262627163200005 7.751796947200008 5.481341472000000 -0.000660609775052 0.000786511609559 0.000611464877778
43 7 15.344568302600003 11.073991115500002 5.481334835700000 0.000444403943273 -0.000024181847890 0.000223584872481
57 7 13.426498916499998 7.751790037100004 5.481345370700000 -0.001065915475723 -0.000687554775686 -0.000607386278321
81 8 13.095877704700001 7.560908000500002 3.402138567200000 -0.000240465706479 0.000126000191033 0.002206030435743
99 8 15.344565510999997 11.455753713000002 3.402132653400000 -0.000447267717480 0.001759432061204 0.001558334464307
106 8 17.593251848000001 7.560904182000002 3.402136381700000 0.002961814877505 -0.001961672540308 0.000827386546846
115 8 13.757107442799997 9.775703055900001 4.968235823200000 0.001939205276717 -0.000250365014939 0.001384290191214
122 8 15.344557227600001 7.026163626600007 4.968234320200000 0.001273098772157 0.001871812017030 0.001411541193930
164 8 15.344581527500001 8.859189034900005 1.566094450300000 0.000282411223325 0.000045548645320 -0.000004881141632
172 8 16.932009052900014 9.775700901000002 4.968248379499999 -0.001504167730637 -0.001428420364736 0.001307841518374
4 1 19.180701981300000 11.073997829000001 5.481344520900000 -0.000055895452195 0.000996563741647 -0.000269811243566
12 1 21.098782297600000 9.966593245500007 2.349140662099999 0.000047706942750 0.001255914468487 -0.000084495781126
44 7 23.016851672799998 11.073991115500002 5.481334835700000 0.000122970460014 -0.000020386341563 0.000229578321903
50 7 19.180710411899998 6.644390723800001 2.349147115100000 -0.004453767489005 0.005992132554124 0.000442813434538
58 7 21.098782286699997 7.751790037100004 5.481345370700000 0.000653568007525 0.002453874927622 0.001613942814942
74 8 19.180716222899989 8.477427166200002 5.994454850600000 -0.000057874756757 -0.002331856007113 -0.001724318939843
82 8 20.768161074900000 7.560908000500002 3.402138567200000 -0.002163155184451 -0.003267220853868 0.000895930856760
100 8 23.016848881199998 11.455753713000002 3.402132653400000 0.000077351623316 0.001757884927336 0.001555918349886
116 8 21.429390813000008 9.775703055900001 4.968235823200000 0.001564214748909 -0.001808061626842 0.001223395871282
132 8 19.180709763900005 11.073992940400007 3.132190496199999 0.000258729702789 -0.001353155500334 0.000152083395412
156 8 19.180713938099998 8.477428856900005 1.296161863300000 0.000385091944459 -0.003768772064213 -0.000859249964260
19 1 11.508416103199997 13.288791380900006 2.349147298800000 -0.001169521371355 -0.004218728975188 0.000234325132228
123 8 11.508415542500002 13.670555930200003 4.968234320200000 0.000901871606254 0.002844867072393 0.000903731603995
139 8 9.259738667499999 12.372281731100001 1.296160360000000 -0.000998097583540 0.001437506146306 -0.001431998694213
35 7 13.426485478100000 14.396189250800001 5.481341472000000 0.002525510705893 -0.004629476414116 0.003692249378122
51 7 15.344568726800000 13.288783027399999 2.349147115100000 0.005603954297346 0.000216806471985 -0.000051940836865
59 7 17.262640601600001 14.396182340700005 5.481345370700000 0.002137042328985 0.004728825981095 -0.003714111721354
67 8 16.932029885999999 12.372276697200000 5.994451122499998 -0.002246864613756 -0.000657553937687 -0.000937883915626
75 8 15.344574537799998 15.121819469800011 5.994454850600000 -0.003079448941367 -0.001911422137222 -0.001443502053309
83 8 16.932019389799994 14.205300304100005 3.402138567200000 -0.004192658087569 -0.006545844270014 0.003291868019433
91 8 13.757112196700003 12.372264326600002 5.994440303000000 0.001130085708063 0.002418022698015 -0.001837816883452
107 8 13.757110162900000 14.205296485600002 3.402136381700000 -0.000970628505796 0.004676462055934 -0.000229168514097
140 8 16.932022037700008 12.372281731100001 1.296160360000000 -0.002412278858089 0.000273341419280 -0.001827892945879
147 8 13.757108114200003 12.372258443900009 1.296153622799999 0.000916404686147 0.001504707907776 -0.001143553667040
20 1 19.180699473400008 13.288791380900006 2.349147298800000 -0.001187509110785 0.004099106473270 -0.000332518101723
36 7 21.098768848300001 14.396189250800001 5.481341472000000 -0.001611575020712 0.001155108316748 -0.001220606869913
52 7 23.016852096999997 13.288783027399999 2.349147115100000 -0.002179006548006 0.000218570227744 -0.000048989228274
76 8 23.016857907999988 15.121819469800011 5.994454850600000 0.000994225649457 -0.001932109402366 -0.001441529013393
92 8 21.429395566900006 12.372264326600002 5.994440303000000 0.001927070856969 0.000523203024983 -0.001189921393508
108 8 21.429393533100004 14.205296485600002 3.402136381700000 0.002801835880866 -0.001568693167445 0.001768994317367
124 8 19.180698912699995 13.670555930200003 4.968234320200000 0.000901111182954 0.000898467735749 0.001923942281670
148 8 21.429391484400018 12.372258443900009 1.296153622799999 0.002338970561307 0.000332742358752 -0.001539859715663
60 7 24.934923971800007 14.396182340700005 5.481345370700000 -0.002015518338941 -0.001045140655085 0.001215932249385
68 8 24.604313256200001 12.372276697200000 5.994451122499998 -0.001450402058138 0.001237945328871 -0.001590645617497
84 8 24.604302760000003 14.205300304100005 3.402138567200000 -0.000404826272866 -0.000273994620506 0.001265175857225
29 1 9.590346111300004 5.537003285800003 8.613538384300000 0.000388166827108 -0.000341940470749 -0.001224525834835
157 8 11.508430567900000 4.047833987800002 7.560555002900000 0.000379208897769 -0.001905061087977 0.000461041156773
165 8 7.672298157300002 4.429594165800001 7.830487589900000 -0.000117698914745 0.000077287194177 -0.000077495223706
173 8 9.259725682700003 5.346106031900003 11.232641519100001 -0.001031359866843 -0.000514801976409 0.001860360129948
13 1 13.426498927400001 5.536998376400002 8.613533801700001 -0.000399016652622 -0.000321742582723 -0.000923397203684
30 1 17.262629481500003 5.537003285800003 8.613538384300000 -0.000079905074773 0.000268125193044 0.000966595678219
117 8 13.757107442800002 5.346108186800002 11.232628962800000 0.000993719599661 -0.000402276207366 0.001795335981841
166 8 15.344581527500001 4.429594165800001 7.830487589900000 0.000282632968762 0.000074080420291 -0.000045110356361
174 8 16.932009052900007 5.346106031900003 11.232641519100001 -0.002445517497295 -0.001276103641054 0.000894769014091
14 1 21.098782297600003 5.536998376400002 8.613533801700001 0.000047701105827 0.000294063050532 0.001275724481931
118 8 21.429390813000005 5.346108186800002 11.232628962800000 0.002416291525159 -0.001166586934984 0.000822510804057
158 8 19.180713938100002 4.047833987800002 7.560555002900000 0.000385057935848 -0.001733560277536 -0.003737358257173
5 1 11.508418611100007 6.644402959900002 11.745737660500000 -0.001128125180057 -0.001216977214327 -0.004081577252779
21 1 11.508416103199998 8.859196511800004 8.613540438400001 -0.000094187288874 -0.000263694665279 -0.001135022091084
125 8 11.508415542500003 9.240961061100004 11.232627459799998 0.000901860406409 0.001717384015018 0.002498227129550
133 8 11.508426393700002 6.644398071300002 9.396583635799999 0.000251361772569 0.000323596908042 0.001328610258225
141 8 9.259738667500002 7.942686862000003 7.560553499600000 -0.001851589347477 0.001274435424646 -0.000701458018403
167 8 11.508439842400001 11.073986469400005 7.830487589900000 -0.000031124891961 0.000272973084873 0.000125652824445
37 7 13.426485478099996 9.966594381700006 11.745734611600000 0.002525504280027 0.001885782562735 -0.005521666308338
45 7 15.344568302600001 6.644396246400003 11.745727975299999 0.005563635428815 -0.000029137546742 0.000233130332399
53 7 15.344568726799995 8.859188158300002 8.613540254699998 0.000484764347509 0.000209450638545 -0.000044091113843
61 7 17.262640601600001 9.966587471600000 11.745738510299995 0.002137079311720 -0.001811217119311 0.005534870006491
69 8 16.932029886000002 7.942681828100003 12.258844262099997 -0.004343685119678 0.000563119493008 -0.007310388130900
77 8 15.344574537800005 10.692224600700005 12.258847990200001 -0.003079512365239 -0.001926951751244 -0.001421487923205
85 8 16.932019389799990 9.775705435000003 9.666531706799999 -0.002095854042680 -0.000944836218308 0.000016959526950
93 8 13.757112196700007 7.942669457500004 12.258833442600000 -0.000949469305031 0.001222958895619 0.004488614533027
101 8 15.344565511000003 7.026158843900003 9.666525792999996 -0.000447261585044 0.001763466216471 0.001552631669384
109 8 13.757110162900005 9.775701616500001 9.666529521300001 0.001108890029210 -0.000889674940341 0.003006355082100
142 8 16.932022037700005 7.942686862000003 7.560553499600000 -0.001470926051769 0.000612030760542 -0.002109185134371
149 8 13.757108114200001 7.942663574800001 7.560546762400000 0.001861890505818 0.001167814308900 -0.000863301116282
159 8 15.344572253000006 10.692226291400004 7.560555002900000 -0.000223878837104 -0.001820516240880 -0.001640276573266
6 1 19.180701981300004 6.644402959900002 11.745737660500000 -0.001146135057038 0.001021242352761 0.003949543866887
22 1 19.180699473400011 8.859196511800004 8.613540438400001 -0.000097300143948 0.000112867523646 0.001050681715647
38 7 21.098768848300008 9.966594381700006 11.745734611600000 -0.001611581423905 -0.000817930107590 0.001569658021942
46 7 23.016851672800001 6.644396246400003 11.745727975299999 -0.002219363609935 -0.000025752973124 0.000233818456954
54 7 23.016852096999990 8.859188158300002 8.613540254699998 0.000163315956187 0.000216364034755 -0.000042513068433
78 8 23.016857907999999 10.692224600700005 12.258847990200001 0.000994235992373 -0.001931999196811 -0.001441691280002
94 8 21.429395566900006 7.942669457500004 12.258833442600000 0.002823046256509 0.001025112064666 -0.002065559222733
102 8 23.016848881199998 7.026158843900003 9.666525792999996 0.000077352721290 0.001760676216448 0.001551972295520
110 8 21.429393533100001 9.775701616500001 9.666529521300001 0.001905874575725 -0.000910444297000 0.001003907543710
126 8 19.180698912700002 9.240961061100004 11.232627459799998 0.000901124082107 0.002030457169168 0.000323048908989
134 8 19.180709763900005 6.644398071300002 9.396583635799999 0.000258716255611 -0.000405510650606 -0.001188081185157
150 8 21.429391484400004 7.942663574800001 7.560546762400000 0.001486907851780 0.000496886786277 -0.002278280199289
160 8 23.016855623200005 10.692226291400004 7.560555002900000 0.000002421492344 -0.001822080323153 -0.001641380470841
168 8 19.180723212599993 11.073986469400005 7.830487589900000 -0.000037373664920 -0.000126611134963 -0.000156693991374
62 7 24.934923971800000 9.966587471600000 11.745738510299995 -0.002015543475327 0.000912293416528 -0.001552299226673
70 8 24.604313256200005 7.942681828100003 12.258844262099997 -0.000555841745197 0.000742892010756 -0.000721481495431
86 8 24.604302759999996 9.775705435000003 9.666531706799999 -0.001299382810149 -0.000928425738074 0.002021636246918
7 1 15.344560296200003 13.288795263500004 11.745737660500000 0.000802445758923 -0.000097622676351 -0.000091150398641
15 1 17.262640612500000 12.181390680000009 8.613533801700001 0.000096752819002 0.000161505775996 0.000161816283358
23 1 15.344557788300000 15.503588815399999 8.613540438400001 0.000761028501156 -0.000083419494276 -0.000040492094615
31 1 13.426487796399995 12.181395589400003 8.613538384300000 0.000414366012113 -0.000215530704065 -0.000133059982752
39 7 17.262627163200005 16.610986685300006 11.745734611600000 -0.000231323301998 -0.000989728007003 -0.000644520103905
95 8 17.593253881800010 14.587061761100006 12.258833442600000 0.001442752662892 0.001463614805269 -0.001374517897654
111 8 17.593251848000001 16.420093920100001 9.666529521300001 0.001421553684699 -0.000771009724556 0.001952070977088
119 8 17.593249127900002 11.990500490400001 11.232628962800000 0.001545347560015 0.000243935647209 0.000708911443029
127 8 15.344557227600006 15.885353364700006 11.232627459799998 0.000165277111974 0.001871931814811 0.001411634076627
135 8 15.344568078800005 13.288790374900007 9.396583635799999 -0.000382519341362 -0.000039794350455 0.000075650040074
143 8 13.095880352600002 14.587079165600008 7.560553499600000 -0.001858667311428 0.001083461815795 -0.002793215651976
151 8 17.593249799300004 14.587055878400003 7.560546762400000 0.001468032928823 0.000695825038922 -0.000172178397158
175 8 13.095867367800004 11.990498335500007 11.232641519100001 -0.001891894706482 -0.001916216613480 0.001980358794799
8 1 23.016843666400000 13.288795263500004 11.745737660500000 -0.000325781334139 -0.000095419131904 -0.000083656870889
24 1 23.016841158500000 15.503588815399999 8.613540438400001 -0.000367193198099 -0.000075623676576 -0.000040911501529
32 1 21.098771166600002 12.181395589400003 8.613538384300000 -0.000042332457984 0.000065696975257 0.000065794268936
47 7 19.180709987699998 13.288788550000005 11.745727975299999 -0.000485461303907 -0.001037855664210 0.000957008175553
55 7 19.180710411900002 15.503580461900007 8.613540254699998 -0.000445108251480 0.000563042843756 -0.001244256733131
63 7 21.098782286700004 16.610979775200004 11.745738510299995 0.000250404767104 -0.000992159209290 -0.000822766668695
71 8 20.768171571100002 14.587074131700003 12.258844262099997 -0.001464437539429 0.001246310901588 -0.001409788749922
79 8 19.180716222899996 17.336616904300001 12.258847990200001 -0.000042110646833 -0.000964013198350 -0.000757103948130
87 8 20.768161074900000 16.420097738599999 9.666531706799999 -0.001313411924191 -0.000755127663838 0.001969241242510
103 8 19.180707196099995 13.670551147500003 9.666525792999996 0.000161977883567 0.001688219440924 0.001503700760436
128 8 23.016840597800005 15.885353364700006 11.232627459799998 0.000002459604618 0.001870851422102 0.001410864247543
136 8 23.016851449000004 13.288790374900007 9.396583635799999 0.000200168081580 -0.000042632648129 0.000073643973547
144 8 20.768163722800004 14.587079165600008 7.560553499600000 -0.001173880434689 0.000572327617600 -0.001134304517981
176 8 20.768150737999996 11.990498335500007 11.232641519100001 -0.001207125296585 -0.000522510194359 0.000945440140197
16 1 24.934923982700003 12.181390680000009 8.613533801700001 -0.000363975410615 -0.000116855991963 -0.000035005772427
40 7 24.934910533400007 16.610986685300006 11.745734611600000 0.000660569043546 0.001107825690749 0.000838665110397
48 7 26.852993357900004 13.288788550000005 11.745727975299999 -0.000491147202140 0.000977488100926 -0.000503491496494
56 7 26.852993782099993 15.503580461900007 8.613540254699998 -0.000450780322379 -0.000142155818597 0.001142620037918
64 7 28.771065656899999 16.610979775200004 11.745738510299995 -0.000651229201812 0.001099532398847 0.000656263955531
72 8 28.440454941300004 14.587074131700003 12.258844262099997 -0.001928275490489 0.000300918035829 -0.001405162332842
80 8 26.852999593099998 17.336616904300001 12.258847990200001 -0.000040603528168 -0.002907493152741 -0.002131350274689
88 8 28.440444445099999 16.420097738599999 9.666531706799999 -0.001777263123756 -0.001065900761561 0.001076380471160
96 8 25.265537252000023 14.587061761100006 12.258833442600000 0.001913519068342 0.000517511644051 -0.001373571187691
104 8 26.852990566300001 13.670551147500003 9.666525792999996 0.000162888315267 0.001837405016393 0.001609191844134
112 8 25.265535218199997 16.420093920100001 9.666529521300001 0.001892320268357 -0.001085482970411 0.001059763041642
120 8 25.265532498100001 11.990500490400001 11.232628962800000 0.002233474646953 -0.001153109747799 0.001744569126719
152 8 25.265533169500006 14.587055878400003 7.560546762400000 0.002156148611398 0.001206567909012 -0.001834502127650
