ITEM: TIMESTEP
0
ITEM: NUMBER OF ATOMS
176
ITEM: BOX BOUNDS xy xz yz pp pp pp
0.0000000000000000e+00 3.0689133480799999e+01 7.6722833701999980e+00
0.0000000000000000e+00 1.7718379476200003e+01 7.6722833702000024e+00
0.0000000000000000e+00 1.2528786279200000e+01 4.4295948690000015e+00
ITEM: ATOMS id type x y z fx fy fz
25 1 5.759204426200049 3.325092602645923 2.357310210509256 -0.109630827269426 -0.063458197733279 -0.081846509268676
137 8 5.423596982400004 5.727889427500000 1.296160360000000 0.003009793416188 0.006263090702746 0.009045581137219
161 8 3.836156472199998 2.214796731300001 1.566094450300000 0.017211350464013 0.010073397681549 0.013298948542241
169 8 5.423583997600000 3.131308597400002 4.968248379499999 0.008517365607505 0.004972723996412 -0.003723150110203
1 1 7.672276926000002 4.429605525400001 5.481344520900000 0.013235500707442 0.007478875868800 0.029123957919724
9 1 9.590357242299998 3.322200941900001 2.349140662099999 0.019245982820788 -0.008642111243808 -0.009943844414799
41 7 11.508426617500000 4.429598811900002 5.481334835700000 0.004468025511453 0.000738217055678 0.002506344391009
89 8 9.920970511600007 5.727872023000002 5.994440303000000 -0.000888708379683 -0.000367730696628 -0.002683963536529
97 8 11.508423825899998 4.811361409400002 3.402132653400000 -0.001813251469521 0.001075437647094 0.001566938469004
113 8 9.920965757699999 3.131310752300001 4.968235823200000 -0.002446345302405 0.000702485562654 -0.000586339068768
129 8 7.672284708600001 4.429600636800002 3.132190496199999 0.018632626698802 0.010733787858054 0.013855328559050
145 8 9.920966429100000 5.727866140300000 1.296153622799999 -0.000644327698683 -0.000397461890123 0.001911717783975
153 8 7.672288882800000 1.833036553300000 1.296161863300000 0.007014872590207 -0.000566470564750 0.009002914060384
162 8 11.508439842400000 2.214796731300001 1.566094450300000 -0.002890835616233 0.001511057222206 0.001428731552318
2 1 15.344560296200001 4.429605525400001 5.481344520900000 -0.000263224782310 -0.000226143892405 -0.000577582513093
10 1 17.262640612500000 3.322200941900001 2.349140662099999 0.019208826728628 -0.008586254475551 -0.009855240669483
26 1 13.426487796400002 3.322205851300000 2.349145244699999 0.002696258327288 -0.000498474063493 -0.000601437751866
65 8 13.095888200900001 5.727884393600002 5.994451122499998 -0.002928557064448 -0.000000876656488 -0.002391884117210
90 8 17.593253881800006 5.727872023000002 5.994440303000000 0.004429270960538 -0.000727870458684 -0.002013887266306
114 8 17.593249127900009 3.131310752300001 4.968235823200000 0.005466422586353 0.001029469380463 0.003884175583241
130 8 15.344568078800005 4.429600636800002 3.132190496199999 -0.002819166175490 0.001389446266763 0.001512723838688
138 8 13.095880352600009 5.727889427500000 1.296160360000000 -0.002786594934466 0.000946577663554 -0.000964401701717
146 8 17.593249799300011 5.727866140300000 1.296153622799999 0.002011871188278 0.003539502635339 0.000284489265569
154 8 15.344572252999999 1.833036553300000 1.296161863300000 -0.001882637907237 -0.002505207724439 -0.001634761266400
170 8 13.095867367800004 3.131308597400002 4.968248379499999 -0.002973848560608 -0.000305146755354 0.001412717215740
42 7 19.180709987699998 4.429598811900002 5.481334835700000 -0.018189298494979 0.007551337992314 0.005546902802609
66 8 20.768171571100002 5.727884393600002 5.994451122499998 0.000189597690358 -0.003401144419395 -0.003785892215013
98 8 19.180707196099995 4.811361409400002 3.402132653400000 0.007015217657586 0.003087440688176 0.012292299056602
3 1 11.508418611100000 11.073997829000001 5.481344520900000 -0.000186582514576 -0.000358885244677 -0.000577587953771
17 1 7.672274418099999 6.644399077300000 2.349147298800000 0.002270453090780 0.021033477448008 -0.010040284264489
27 1 9.590346111300001 9.966598154900002 2.349145244699999 0.001057320702709 0.002340273475573 -0.000601432682583
33 7 9.590343793000001 7.751796947200008 5.481341472000000 0.003218689387103 0.003546037207104 0.002278744229084
49 7 11.508427041700001 6.644390723800001 2.349147115100000 0.002989676826021 0.002006744985330 -0.001123740105349
73 8 11.508432852700000 8.477427166200002 5.994454850600000 -0.001452189378296 -0.002593457125145 -0.002404450433622
105 8 9.920968477800001 7.560904182000002 3.402136381700000 0.000058035953268 -0.002153909583757 0.001587828021954
121 8 7.672273857400003 7.026163626600007 4.968234320200000 -0.000625648516625 -0.002567099007954 -0.000549925881802
131 8 11.508426393700001 11.073992940400007 3.132190496199999 -0.000185869877140 -0.003171519791031 0.001512698453947
155 8 11.508430567899998 8.477428856900005 1.296161863300000 -0.000487643549927 -0.002927952062224 -0.001006907475334
163 8 7.672298157300000 8.859189034900005 1.566094450300000 -0.000254899565733 -0.003054694964946 0.001428788806260
171 8 9.259725682700001 9.775700901000002 4.968248379499999 -0.001798836160557 -0.002340354111974 0.001412720121760
11 1 13.426498927399999 9.966593245500007 2.349140662099999 -0.000464948909751 0.001373190603996 -0.000709184436116
18 1 15.344557788300000 6.644399077300000 2.349147298800000 0.001088385177797 -0.001044722848704 -0.000805548768376
28 1 17.262629481500003 9.966598154900002 2.349145244699999 0.000044674390740 -0.000136868503623 -0.000480148166062
34 7 17.262627163200005 7.751796947200008 5.481341472000000 -0.001062859709156 0.000789273497064 -0.000101224589046
43 7 15.344568302600003 11.073991115500002 5.481334835700000 -0.000060165163671 -0.001591298416350 0.000126404589416
57 7 13.426498916499998 7.751790037100004 5.481345370700000 0.000397257586165 0.000510034317493 0.001109510364350
81 8 13.095877704700001 7.560908000500002 3.402138567200000 -0.002541361316154 -0.001493583345868 0.001343646383522
99 8 15.344565510999997 11.455753713000002 3.402132653400000 0.000408170953930 0.001768006271324 0.002479960871186
106 8 17.593251848000001 7.560904182000002 3.402136381700000 0.001768585094180 -0.000576377119353 0.002500871279692
115 8 13.757107442799997 9.775703055900001 4.968235823200000 0.002014842941258 -0.000557729745349 0.001510168893515
122 8 15.344557227600001 7.026163626600007 4.968234320200000 0.000513612766228 0.001926537918989 0.001546608439992
164 8 15.344581527500001 8.859189034900005 1.566094450300000 0.000040797146209 0.000159876138129 0.000147804931518
172 8 16.932009052900014 9.775700901000002 4.968248379499999 -0.001577641278896 -0.000855844827884 0.001514312624713
4 1 19.180701981300000 11.073997829000001 5.481344520900000 0.000177927645047 -0.000059941559255 -0.000070083021423
12 1 21.098782297600000 9.966593245500007 2.349140662099999 -0.000469201267064 0.001365888555114 -0.000712943660836
44 7 23.016851672799998 11.073991115500002 5.481334835700000 0.000329687308393 0.001118941667387 0.000135280222362
50 7 19.180710411899998 6.644390723800001 2.349147115100000 -0.002562118398117 -0.001283635101109 -0.007489494723202
58 7 21.098782286699997 7.751790037100004 5.481345370700000 -0.002062523478233 0.005729681695257 0.001345712989066
74 8 19.180716222899989 8.477427166200002 5.994454850600000 0.001054079063240 -0.002790792114276 -0.001899910237443
82 8 20.768161074900000 7.560908000500002 3.402138567200000 0.000758465372320 -0.002000399385448 0.003132350365533
100 8 23.016848881199998 11.455753713000002 3.402132653400000 -0.000412526916086 0.000655854054006 0.002188125127469
116 8 21.429390813000008 9.775703055900001 4.968235823200000 0.001595410885731 -0.002666344186721 0.001463195973216
132 8 19.180709763900005 11.073992940400007 3.132190496199999 0.000119325715615 0.000045309667269 0.000239063164113
156 8 19.180713938099998 8.477428856900005 1.296161863300000 0.000329435504157 -0.001789732125642 -0.000724515052250
19 1 11.508416103199997 13.288791380900006 2.349147298800000 0.002300112187790 0.020972963922235 -0.009951684023841
123 8 11.508415542500002 13.670555930200003 4.968234320200000 0.003613952260848 0.004122098482708 0.003920621836037
139 8 9.259738667499999 12.372281731100001 1.296160360000000 -0.003117967482983 -0.000472884704251 -0.001592255703025
35 7 13.426485478100000 14.396189250800001 5.481341472000000 -0.002209595086843 -0.019482241408436 0.005319073750211
51 7 15.344568726800000 13.288783027399999 2.349147115100000 -0.002635688830975 -0.001155895498860 -0.007489260676068
59 7 17.262640601600001 14.396182340700005 5.481345370700000 0.003687667572183 -0.004229974500617 0.001345647042257
67 8 16.932029885999999 12.372276697200000 5.994451122499998 -0.001846319863575 0.002268257503054 -0.001887327427909
75 8 15.344574537799998 15.121819469800011 5.994454850600000 -0.002837820677842 0.001807044856953 -0.003798410073552
83 8 16.932019389799994 14.205300304100005 3.402138567200000 -0.001330334470120 0.001617480879647 0.003132350839985
91 8 13.757112196700003 12.372264326600002 5.994440303000000 0.001458401807433 0.004417722542984 -0.002013846081314
107 8 13.757110162900000 14.205296485600002 3.402136381700000 0.006214667124125 0.004485893981463 0.012313037743631
140 8 16.932022037700008 12.372281731100001 1.296160360000000 -0.001392328877035 0.001085054574171 -0.000682027595422
147 8 13.757108114200003 12.372258443900009 1.296153622799999 0.004093206069245 -0.000065559150640 0.000284483633316
20 1 19.180699473400008 13.288791380900006 2.349147298800000 0.001079918793317 -0.001044739673958 -0.000809302707198
36 7 21.098768848300001 14.396189250800001 5.481341472000000 0.001479206943686 -0.000228228860752 -0.000092353677191
52 7 23.016852096999997 13.288783027399999 2.349147115100000 0.002985531771514 0.002004382267250 -0.001116919398738
76 8 23.016857907999988 15.121819469800011 5.994454850600000 -0.000331679158192 -0.001833111346337 -0.001224627423800
92 8 21.429395566900006 12.372264326600002 5.994440303000000 0.001378428138881 0.000941166107581 -0.001433748525601
108 8 21.429393533100004 14.205296485600002 3.402136381700000 0.000395070671886 -0.000731051302280 0.002209021524328
124 8 19.180698912699995 13.670555930200003 4.968234320200000 -0.001522209330053 0.002617591714598 0.001499647198061
148 8 21.429391484400018 12.372258443900009 1.296153622799999 0.000817420985959 0.000446477782051 -0.001482425830657
60 7 24.934923971800007 14.396182340700005 5.481345370700000 -0.001876778519453 -0.000802883812095 -0.002779741389617
68 8 24.604313256200001 12.372276697200000 5.994451122499998 -0.001709826854854 0.000589337556363 -0.001212058744307
84 8 24.604302760000003 14.205300304100005 3.402138567200000 -0.004001212310786 -0.002336429463280 0.004725308227262
29 1 9.590346111300004 5.537003285800003 8.613538384300000 0.002696298485276 0.001394046574108 0.003683524748075
157 8 11.508430567900000 4.047833987800002 7.560555002900000 -0.000849729935148 -0.002005023487015 -0.003422347605591
165 8 7.672298157300002 4.429594165800001 7.830487589900000 -0.001081693485147 -0.000488143053117 -0.005614973616356
173 8 9.259725682700003 5.346106031900003 11.232641519100001 -0.004096448841220 -0.002310087383685 -0.000014328974953
13 1 13.426498927400001 5.536998376400002 8.613533801700001 -0.000382560887231 0.001413286940232 0.003635216661489
30 1 17.262629481500003 5.537003285800003 8.613538384300000 -0.001768965041475 0.000910229501214 0.001700573419400
117 8 13.757107442800002 5.346108186800002 11.232628962800000 0.003739159761400 -0.004863838244062 -0.000962742247205
166 8 15.344581527500001 4.429594165800001 7.830487589900000 0.000653160970646 -0.000389495284489 -0.000642834978130
174 8 16.932009052900007 5.346106031900003 11.232641519100001 0.001196963523266 -0.002688191613317 0.000638476333862
14 1 21.098782297600003 5.536998376400002 8.613533801700001 -0.000392272299905 0.001417681420312 0.003649136460124
118 8 21.429390813000005 5.346108186800002 11.232628962800000 0.000663179640705 -0.001482628495327 0.000412484412111
158 8 19.180713938100002 4.047833987800002 7.560555002900000 0.001536345984564 -0.001743789713567 -0.004552987867774
5 1 11.508418611100007 6.644402959900002 11.745737660500000 0.013051783313383 0.007372661180559 0.028790857585140
21 1 11.508416103199998 8.859196511800004 8.613540438400001 0.001164321414055 -0.000993431553779 0.003538858816923
125 8 11.508415542500003 9.240961061100004 11.232627459799998 -0.002353420956540 0.005572893452169 -0.000926302180031
133 8 11.508426393700002 6.644398071300002 9.396583635799999 -0.001013955781978 -0.000608984088133 -0.005483958608585
141 8 9.259738667500002 7.942686862000003 7.560553499600000 -0.002168358420914 0.000171535226708 -0.003379853864665
167 8 11.508439842400001 11.073986469400005 7.830487589900000 -0.000128790779080 0.000964923208748 -0.000642835469089
37 7 13.426485478099996 9.966594381700006 11.745734611600000 -0.002177016890933 -0.019383210772138 0.005395667431270
45 7 15.344568302600001 6.644396246400003 11.745727975299999 -0.018087113773510 0.007530088706731 0.005623215666862
53 7 15.344568726799995 8.859188158300002 8.613540254699998 -0.002165935491493 -0.000969809618492 0.002825520354617
61 7 17.262640601600001 9.966587471600000 11.745738510299995 -0.001888941822430 -0.000809904859639 -0.002771070423931
69 8 16.932029886000002 7.942681828100003 12.258844262099997 0.001886322573815 0.002520095649360 0.001069251956416
77 8 15.344574537800005 10.692224600700005 12.258847990200001 0.003138490227476 0.000315870127511 0.001056709764612
85 8 16.932019389799990 9.775705435000003 9.666531706799999 -0.000849722536628 -0.000516923860322 0.001694609552772
93 8 13.757112196700007 7.942669457500004 12.258833442600000 0.011730320801429 0.006917512943272 -0.006878639065131
101 8 15.344565511000003 7.026158843900003 9.666525792999996 0.001606072305929 0.001835278514850 -0.001369776785033
109 8 13.757110162900005 9.775701616500001 9.666529521300001 0.002425784815924 0.000427401025162 -0.001348884567712
142 8 16.932022037700005 7.942686862000003 7.560553499600000 -0.000639730197256 0.000529296496827 -0.002628622084350
149 8 13.757108114200001 7.942663574800001 7.560546762400000 0.001668668304259 0.000937957997736 -0.002625280722996
159 8 15.344572253000006 10.692226291400004 7.560555002900000 0.000224411225849 -0.000860080303078 -0.002671120964262
6 1 19.180701981300004 6.644402959900002 11.745737660500000 -0.000274031036966 -0.000225420910429 -0.000571334469140
22 1 19.180699473400011 8.859196511800004 8.613540438400001 -0.000630598413109 0.000311302217592 0.000696661535327
38 7 21.098768848300008 9.966594381700006 11.745734611600000 0.001474025872760 -0.000226035720953 -0.000093289945151
46 7 23.016851672800001 6.644396246400003 11.745727975299999 0.004447769089941 0.000736944587877 0.002507918647496
54 7 23.016852096999990 8.859188158300002 8.613540254699998 0.001273264297747 0.001022201191744 0.001915721618935
78 8 23.016857907999999 10.692224600700005 12.258847990200001 -0.002003301396850 -0.001192119300788 -0.001357785053180
94 8 21.429395566900006 7.942669457500004 12.258833442600000 0.000266621194679 0.001649096424608 -0.001253449764770
102 8 23.016848881199998 7.026158843900003 9.666525792999996 -0.000773598813253 0.001573769471391 -0.000225074710054
110 8 21.429393533100001 9.775701616500001 9.666529521300001 0.001387617515781 -0.001015886950652 0.001217487026765
126 8 19.180698912700002 9.240961061100004 11.232627459799998 0.000156666831866 0.001974252976779 0.001629003718681
134 8 19.180709763900005 6.644398071300002 9.396583635799999 0.000733772099107 -0.000507355283074 -0.000556573855285
150 8 21.429391484400004 7.942663574800001 7.560546762400000 0.001316110477751 -0.000184708857070 -0.003188721206006
160 8 23.016855623200005 10.692226291400004 7.560555002900000 -0.000235248971218 -0.001928089441258 -0.001998455740856
168 8 19.180723212599993 11.073986469400005 7.830487589900000 -0.000114445563400 0.000070267836212 -0.000286459300774
62 7 24.934923971800000 9.966587471600000 11.745738510299995 0.003680362806603 -0.004205627933576 0.001358692319482
70 8 24.604313256200005 7.942681828100003 12.258844262099997 -0.006004131160557 0.002171439618214 -0.003392665554471
86 8 24.604302759999996 9.775705435000003 9.666531706799999 -0.002831848490207 -0.000748674032227 -0.000363424440188
7 1 15.344560296200003 13.288795263500004 11.745737660500000 -0.000191357452637 -0.000368599190062 -0.000571343307062
15 1 17.262640612500000 12.181390680000009 8.613533801700001 -0.000150091356411 -0.000793506056340 0.000793021915809
23 1 15.344557788300000 15.503588815399999 8.613540438400001 0.001163248157088 -0.001004034645106 0.003552750502293
31 1 13.426487796399995 12.181395589400003 8.613538384300000 0.000044670185506 -0.002231074373835 0.001700564203019
39 7 17.262627163200005 16.610986685300006 11.745734611600000 0.003207437585261 0.003529116053655 0.002280274363503
95 8 17.593253881800010 14.587061761100006 12.258833442600000 0.001435603069132 -0.000375630298891 -0.001253454030902
111 8 17.593251848000001 16.420093920100001 9.666529521300001 0.001009465618830 -0.001502701096506 -0.000204169368640
119 8 17.593249127900002 11.990500490400001 11.232628962800000 0.001877696507083 -0.000890706978429 0.001592563615166
127 8 15.344557227600006 15.885353364700006 11.232627459799998 -0.000963219802050 0.001218408615178 0.000448919687420
135 8 15.344568078800005 13.288790374900007 9.396583635799999 -0.000052076304991 0.000853788191971 -0.000556561030214
143 8 13.095880352600002 14.587079165600008 7.560553499600000 -0.000749091120505 0.002107314940498 -0.004510490954552
151 8 17.593249799300004 14.587055878400003 7.560546762400000 0.000520156598587 0.001193967915122 -0.003188698394004
175 8 13.095867367800004 11.990498335500007 11.232641519100001 -0.001777188635785 0.002463234036430 0.000638468773796
8 1 23.016843666400000 13.288795263500004 11.745737660500000 0.000179700202740 -0.000058916225136 -0.000067947867639
24 1 23.016841158500000 15.503588815399999 8.613540438400001 -0.000628167687878 0.000309128088065 0.000695468825189
32 1 21.098771166600002 12.181395589400003 8.613538384300000 0.000377613674462 0.000055349002241 0.000285366976556
47 7 19.180709987699998 13.288788550000005 11.745727975299999 0.000328985128880 0.001113348464039 0.000134354833593
55 7 19.180710411900002 15.503580461900007 8.613540254699998 0.001278781261171 0.001012578444363 0.001915687121487
63 7 21.098782286700004 16.610979775200004 11.745738510299995 -0.002045066424322 0.005711088450912 0.001358657590822
71 8 20.768171571100002 14.587074131700003 12.258844262099997 -0.001990508237926 -0.001178806399770 -0.001345210160787
79 8 19.180716222899996 17.336616904300001 12.258847990200001 -0.001108679055803 -0.006343083440189 -0.003405223728305
87 8 20.768161074900000 16.420097738599999 9.666531706799999 -0.002041479782407 -0.002117609948668 -0.000363410068719
103 8 19.180707196099995 13.670551147500003 9.666525792999996 -0.000162928001697 0.001657847117930 0.001196588843530
128 8 23.016840597800005 15.885353364700006 11.232627459799998 0.001530953908792 0.001015161574030 0.000951493179008
136 8 23.016851449000004 13.288790374900007 9.396583635799999 -0.000037670147093 -0.000045307600195 -0.000197710696141
144 8 20.768163722800004 14.587079165600008 7.560553499600000 -0.001794491732384 0.000665225816483 -0.001955952037949
176 8 20.768150737999996 11.990498335500007 11.232641519100001 -0.001856431054503 -0.001016794435109 0.001232509875732
16 1 24.934923982700003 12.181390680000009 8.613533801700001 -0.000150762813294 -0.000790324848261 0.000791835760903
40 7 24.934910533400007 16.610986685300006 11.745734611600000 -0.001067247713922 0.000797863818935 -0.000087502284012
48 7 26.852993357900004 13.288788550000005 11.745727975299999 -0.000054926564940 -0.001599395925033 0.000140132635155
56 7 26.852993782099993 15.503580461900007 8.613540254699998 -0.002173154964959 -0.000974007439294 0.002828621481046
64 7 28.771065656899999 16.610979775200004 11.745738510299995 0.000394084543823 0.000508201048668 0.001115335497239
72 8 28.440454941300004 14.587074131700003 12.258844262099997 -0.001567098936677 0.000931886239979 -0.001298173648895
80 8 26.852999593099998 17.336616904300001 12.258847990200001 0.000036340335043 -0.001880787121349 -0.001310745104828
88 8 28.440444445099999 16.420097738599999 9.666531706799999 -0.001683227734500 -0.000998147076266 0.000195980175895
96 8 25.265537252000023 14.587061761100006 12.258833442600000 0.001655597612077 0.001101199606886 -0.001154068965642
104 8 26.852990566300001 13.670551147500003 9.666525792999996 0.000298070864812 0.002725286355371 0.000520615380108
112 8 25.265535218199997 16.420093920100001 9.666529521300001 0.002542539491852 -0.001150362714218 0.000541515530469
120 8 25.265532498100001 11.990500490400001 11.232628962800000 0.001734238273852 0.000779012650510 0.000915041817875
152 8 25.265533169500006 14.587055878400003 7.560546762400000 0.002507050282928 0.001422000423969 -0.001125394097124
