ITEM: TIMESTEP
0
ITEM: NUMBER OF ATOMS
176
ITEM: BOX BOUNDS xy xz yz pp pp pp
0.0000000000000000e+00 3.0689133480799999e+01 7.6722833701999980e+00
0.0000000000000000e+00 1.7718379476200003e+01 7.6722833702000024e+00
0.0000000000000000e+00 1.2528786279200000e+01 4.4295948690000015e+00
ITEM: ATOMS id type x y z fx fy fz
25 1 5.754204426199998 3.322205851300000 2.349145244699999 -0.006406871731819 0.000342499889846 -0.004197533314701
137 8 5.418596982399987 5.719229173462164 1.296160360000000 0.026003474435808 0.044167729431430 -0.000031631506513
161 8 3.836156472199998 2.214796731300001 1.566094450300000 -0.003579622652293 -0.004141788250586 -0.000650507588998
169 8 5.423583997600000 3.131308597400002 4.968248379499999 -0.001240859977260 -0.001030780102350 0.003993783764154
1 1 7.672276926000002 4.429605525400001 5.481344520900000 -0.000902176132109 -0.001686772054869 -0.000183667963322
9 1 9.590357242299998 3.322200941900001 2.349140662099999 -0.001182738042613 -0.001561954504769 0.000007232320653
41 7 11.508426617500000 4.429598811900002 5.481334835700000 0.000346520161058 -0.000484589889955 0.000698817890312
89 8 9.920970511600007 5.727872023000002 5.994440303000000 0.001197709974428 0.001639739898143 -0.001885958303902
97 8 11.508423825899998 4.811361409400002 3.402132653400000 -0.000423162029060 0.002367238722038 0.001132227690805
113 8 9.920965757699999 3.131310752300001 4.968235823200000 0.001938429269513 -0.000280565226400 0.001269023905772
129 8 7.672284708600001 4.429600636800002 3.132190496199999 0.003573743082880 0.007365449764619 -0.000336779882400
145 8 9.920966429100000 5.727866140300000 1.296153622799999 -0.001104649654386 0.002260389570316 -0.000816204846236
153 8 7.672288882800000 1.833036553300000 1.296161863300000 0.002320005423351 -0.003095042293714 -0.002149749856859
162 8 11.508439842400000 2.214796731300001 1.566094450300000 -0.000191066973851 0.000107901941409 -0.000035574777535
2 1 15.344560296200001 4.429605525400001 5.481344520900000 0.000920292939028 -0.000271998690810 -0.000557498322200
10 1 17.262640612500000 3.322200941900001 2.349140662099999 0.003991475134423 0.001469529571929 -0.000496260126963
26 1 13.426487796400002 3.322205851300000 2.349145244699999 0.000994330842600 -0.000039452470386 0.000040754282239
65 8 13.095888200900001 5.727884393600002 5.994451122499998 -0.001610965581654 0.000547204225853 -0.001283760212276
90 8 17.593253881800006 5.727872023000002 5.994440303000000 0.000984855381164 0.001996420648673 -0.000757995777741
114 8 17.593249127900009 3.131310752300001 4.968235823200000 0.001114438040376 -0.001667551811309 0.002416859937681
130 8 15.344568078800005 4.429600636800002 3.132190496199999 -0.001295954433520 0.000218561787684 0.000434341091177
138 8 13.095880352600009 5.727889427500000 1.296160360000000 -0.002671344435494 0.001094630575241 -0.001419021172371
146 8 17.593249799300011 5.727866140300000 1.296153622799999 -0.003079121134773 0.003404803518233 -0.001262862909516
154 8 15.344572252999999 1.833036553300000 1.296161863300000 -0.000608366877001 -0.002496350074912 -0.001725162124311
170 8 13.095867367800004 3.131308597400002 4.968248379499999 -0.001862238603641 -0.000866881112011 0.001362232909817
42 7 19.180709987699998 4.429598811900002 5.481334835700000 -0.000501057978935 -0.000552699704745 -0.005793135933894
66 8 20.768171571100002 5.727884393600002 5.994451122499998 -0.000633319977558 0.002592884328914 -0.001580565655267
98 8 19.180707196099995 4.811361409400002 3.402132653400000 -0.006888280444084 0.002673170271491 0.014549271786693
3 1 11.508418611100000 11.073997829000001 5.481344520900000 0.000608433201956 0.000527085830231 -0.000060530434499
17 1 7.672274418099999 6.644399077300000 2.349147298800000 0.005481134869195 -0.005471449900180 0.005177164948638
27 1 9.590346111300001 9.966598154900002 2.349145244699999 0.002023543171520 0.001955546589185 0.000394581360826
33 7 9.590343793000001 7.751796947200008 5.481341472000000 0.001437508680661 0.000485934714170 0.002495967049592
49 7 11.508427041700001 6.644390723800001 2.349147115100000 0.002679854603095 -0.000149212478835 -0.000170446349860
73 8 11.508432852700000 8.477427166200002 5.994454850600000 -0.001169017156930 -0.002065767647938 -0.002133246604099
105 8 9.920968477800001 7.560904182000002 3.402136381700000 -0.002360021669776 -0.002193844526709 -0.000375317171707
121 8 7.672273857400003 7.026163626600007 4.968234320200000 -0.000387511214854 0.001857513256118 -0.001699577593797
131 8 11.508426393700001 11.073992940400007 3.132190496199999 -0.000863493780069 -0.001552558717079 0.000098931168682
155 8 11.508430567899998 8.477428856900005 1.296161863300000 -0.000573068662289 -0.002138033830171 -0.001405133730685
163 8 7.672298157300000 8.859189034900005 1.566094450300000 -0.001636088608815 -0.005001157258950 0.000843579701774
171 8 9.259725682700001 9.775700901000002 4.968248379499999 -0.001803147381876 -0.001419424076062 0.000932292343723
11 1 13.426498927399999 9.966593245500007 2.349140662099999 0.000312202529931 0.000660936733895 0.000155982524024
18 1 15.344557788300000 6.644399077300000 2.349147298800000 0.001138325461172 -0.001151766546516 -0.000336481417345
28 1 17.262629481500003 9.966598154900002 2.349145244699999 -0.001437371273894 0.000540945882352 0.000385835146950
34 7 17.262627163200005 7.751796947200008 5.481341472000000 -0.000422174107145 -0.001267643034059 -0.000018720916281
43 7 15.344568302600003 11.073991115500002 5.481334835700000 -0.000289586876297 0.000547668538494 -0.000055661912115
57 7 13.426498916499998 7.751790037100004 5.481345370700000 0.000485068772176 -0.000092962770304 0.000506399059361
81 8 13.095877704700001 7.560908000500002 3.402138567200000 -0.002666490624437 -0.001002891133857 0.001012786417098
99 8 15.344565510999997 11.455753713000002 3.402132653400000 0.000234578256128 0.000767931726965 0.001566593767096
106 8 17.593251848000001 7.560904182000002 3.402136381700000 0.001397511861185 -0.000775771820127 0.001802540272612
115 8 13.757107442799997 9.775703055900001 4.968235823200000 0.001645250615159 -0.000995714698895 0.001342327869642
122 8 15.344557227600001 7.026163626600007 4.968234320200000 0.000190780754646 0.002102770445722 0.001576355184339
164 8 15.344581527500001 8.859189034900005 1.566094450300000 -0.000020706327409 0.000591458515211 -0.000084628126053
172 8 16.932009052900014 9.775700901000002 4.968248379499999 -0.001341916544136 -0.000796814351122 0.001329954903039
4 1 19.180701981300000 11.073997829000001 5.481344520900000 -0.000060582528376 0.000249521365495 0.000510443763475
12 1 21.098782297600000 9.966593245500007 2.349140662099999 -0.000836202434773 0.004230256270263 0.000696105136973
44 7 23.016851672799998 11.073991115500002 5.481334835700000 0.000509933952339 0.001132722898560 0.001141233658822
50 7 19.180710411899998 6.644390723800001 2.349147115100000 -0.008238114471679 -0.015457570832871 -0.000166098742395
58 7 21.098782286699997 7.751790037100004 5.481345370700000 -0.000461973652700 -0.000365302675596 0.006056627689688
74 8 19.180716222899989 8.477427166200002 5.994454850600000 0.000793655005477 -0.001929619587323 -0.001935612540001
82 8 20.768161074900000 7.560908000500002 3.402138567200000 0.002981245714010 -0.006842801159337 -0.011156134592543
100 8 23.016848881199998 11.455753713000002 3.402132653400000 -0.000336867904494 0.000677015656241 0.001276747297751
116 8 21.429390813000008 9.775703055900001 4.968235823200000 0.001327414430568 -0.001989134119783 0.000390348489271
132 8 19.180709763900005 11.073992940400007 3.132190496199999 0.000889970583448 -0.001015513854424 -0.000213172415006
156 8 19.180713938099998 8.477428856900005 1.296161863300000 0.003601559997482 -0.003601187832705 -0.001889562605378
19 1 11.508416103199997 13.288791380900006 2.349147298800000 0.000979733058112 0.002636450849850 -0.000445783441195
123 8 11.508415542500002 13.670555930200003 4.968234320200000 -0.000100246512973 0.001510123260731 0.001828266586883
139 8 9.259738667499999 12.372281731100001 1.296160360000000 -0.002078996340665 -0.000011026153573 -0.001608966561531
35 7 13.426485478100000 14.396189250800001 5.481341472000000 -0.000213526426986 0.001432589501351 -0.002544192813883
51 7 15.344568726800000 13.288783027399999 2.349147115100000 -0.001987648977611 0.002539029255840 -0.000284671068943
59 7 17.262640601600001 14.396182340700005 5.481345370700000 -0.000857448660967 0.000064695283367 -0.000371458621376
67 8 16.932029885999999 12.372276697200000 5.994451122499998 -0.000727513822694 -0.000016137356760 -0.000543400551937
75 8 15.344574537799998 15.121819469800011 5.994454850600000 0.000076035543965 -0.001535681503551 -0.001126135040316
83 8 16.932019389799994 14.205300304100005 3.402138567200000 -0.001068635110071 -0.000676488209178 0.001443778299933
91 8 13.757112196700003 12.372264326600002 5.994440303000000 0.001419576107473 0.000292092175988 -0.000739795535381
107 8 13.757110162900000 14.205296485600002 3.402136381700000 0.002394994742810 -0.004760560613925 0.003443930150058
140 8 16.932022037700008 12.372281731100001 1.296160360000000 -0.000883436750964 0.000093910633497 -0.001901855393155
147 8 13.757108114200003 12.372258443900009 1.296153622799999 0.001819058639374 0.000390758503845 -0.001593840552150
20 1 19.180699473400008 13.288791380900006 2.349147298800000 -0.000339629315353 0.000657775842710 -0.000101058393546
36 7 21.098768848300001 14.396189250800001 5.481341472000000 0.000357994294151 0.000413090985368 -0.000032924988457
52 7 23.016852096999997 13.288783027399999 2.349147115100000 0.000733192757032 0.001842488787040 -0.000162571232895
76 8 23.016857907999988 15.121819469800011 5.994454850600000 -0.000839223746910 -0.001973732363335 -0.001259836597816
92 8 21.429395566900006 12.372264326600002 5.994440303000000 0.001415346117137 0.000583670684367 -0.001533758197582
108 8 21.429393533100004 14.205296485600002 3.402136381700000 0.001377779550170 -0.001196899298613 0.001572339195345
124 8 19.180698912699995 13.670555930200003 4.968234320200000 0.000422399684201 0.001575419915119 0.001480331256062
148 8 21.429391484400018 12.372258443900009 1.296153622799999 0.001453808267690 0.000223937298547 -0.001287517336400
60 7 24.934923971800007 14.396182340700005 5.481345370700000 0.000569870799670 0.001051853391975 -0.000780228885026
68 8 24.604313256200001 12.372276697200000 5.994451122499998 -0.001740411345266 -0.000173856964425 -0.001086055643932
84 8 24.604302760000003 14.205300304100005 3.402138567200000 -0.002395633621683 -0.001646925603364 0.001566124987923
29 1 9.590346111300004 5.537003285800003 8.613538384300000 0.000644125187647 0.000162732469233 0.000612625145022
157 8 11.508430567900000 4.047833987800002 7.560555002900000 -0.000092071279405 -0.001897341529524 -0.001857159135241
165 8 7.672298157300002 4.429594165800001 7.830487589900000 -0.000156484417303 0.000087944675387 -0.000092047797275
173 8 9.259725682700003 5.346106031900003 11.232641519100001 -0.002185498999777 -0.001577320457047 0.001179053700927
13 1 13.426498927400001 5.536998376400002 8.613533801700001 -0.000168302469236 0.000319351766112 0.000952955065042
30 1 17.262629481500003 5.537003285800003 8.613538384300000 -0.000069767945557 -0.000130050150432 -0.000149939038484
117 8 13.757107442800002 5.346108186800002 11.232628962800000 0.002063255718289 -0.002215325241264 0.000867465693020
166 8 15.344581527500001 4.429594165800001 7.830487589900000 -0.000164192952238 0.000004836033750 -0.000025015595801
174 8 16.932009052900007 5.346106031900003 11.232641519100001 -0.000273610632820 -0.001845539203919 0.000908245046750
14 1 21.098782297600003 5.536998376400002 8.613533801700001 -0.000220412290273 -0.000125363602325 0.000013634151797
118 8 21.429390813000005 5.346108186800002 11.232628962800000 0.001396230689923 -0.001503358182236 0.001369313598353
158 8 19.180713938100002 4.047833987800002 7.560555002900000 0.000049071542474 -0.002040234067743 0.000052602222413
5 1 11.508418611100007 6.644402959900002 11.745737660500000 0.002148895000208 0.002570425477057 0.002779869426675
21 1 11.508416103199998 8.859196511800004 8.613540438400001 0.000054726859526 -0.000526130988633 0.001433022784388
125 8 11.508415542500003 9.240961061100004 11.232627459799998 -0.001408873343574 0.002451940254068 -0.003701944217164
133 8 11.508426393700002 6.644398071300002 9.396583635799999 -0.000294587303346 -0.000359573282756 -0.001200873704468
141 8 9.259738667500002 7.942686862000003 7.560553499600000 -0.001900919594111 0.000649816688217 -0.002677124560173
167 8 11.508439842400001 11.073986469400005 7.830487589900000 0.000028218110953 0.000563201842165 -0.000164556942279
37 7 13.426485478099996 9.966594381700006 11.745734611600000 -0.008437270344264 -0.015425440254246 0.000796714605232
45 7 15.344568302600001 6.644396246400003 11.745727975299999 -0.005397533158425 0.002274363100275 0.002202849553246
53 7 15.344568726799995 8.859188158300002 8.613540254699998 -0.000809421603391 -0.000961879260392 -0.000023885831132
61 7 17.262640601600001 9.966587471600000 11.745738510299995 0.004464535017653 -0.003209648490594 -0.001988527911806
69 8 16.932029886000002 7.942681828100003 12.258844262099997 -0.000774021505055 0.002674080872599 -0.001350778952225
77 8 15.344574537800005 10.692224600700005 12.258847990200001 -0.009966373145828 0.000434559865613 0.009286786871604
85 8 16.932019389799990 9.775705435000003 9.666531706799999 -0.001484445858811 -0.000416027367254 0.002485193028596
93 8 13.757112196700007 7.942669457500004 12.258833442600000 0.009008129821218 -0.006296178500861 -0.011780755015695
101 8 15.344565511000003 7.026158843900003 9.666525792999996 0.000494353285367 0.002071282372856 0.000414327511275
109 8 13.757110162900005 9.775701616500001 9.666529521300001 0.001706389110803 -0.000954049258076 0.001298057295213
142 8 16.932022037700005 7.942686862000003 7.560553499600000 -0.001402784826857 0.001147474421742 -0.001604472173661
149 8 13.757108114200001 7.942663574800001 7.560546762400000 0.001929959563619 0.001087408962866 -0.001551642757460
159 8 15.344572253000006 10.692226291400004 7.560555002900000 0.000161985176676 -0.001673517000388 -0.001454604077948
6 1 19.180701981300004 6.644402959900002 11.745737660500000 -0.000001091339097 -0.000214819174437 -0.000077296262036
22 1 19.180699473400011 8.859196511800004 8.613540438400001 0.000100564279955 -0.000300951861731 0.000054380594911
38 7 21.098768848300008 9.966594381700006 11.745734611600000 0.001448769280185 -0.000168116816942 0.000059794427451
46 7 23.016851672800001 6.644396246400003 11.745727975299999 0.001035683169205 0.000637141180283 0.000724272867320
54 7 23.016852096999990 8.859188158300002 8.613540254699998 0.000507583666997 0.000457446271101 0.000959175083697
78 8 23.016857907999999 10.692224600700005 12.258847990200001 -0.001680030468823 -0.001515825275794 -0.001706720363179
94 8 21.429395566900006 7.942669457500004 12.258833442600000 0.001136954941057 0.001218919985805 -0.001350254768372
102 8 23.016848881199998 7.026158843900003 9.666525792999996 -0.000137608742945 0.001746490877653 0.001102422465655
110 8 21.429393533100001 9.775701616500001 9.666529521300001 0.001249103439399 -0.000886151448483 0.001372426336575
126 8 19.180698912700002 9.240961061100004 11.232627459799998 -0.001408760890351 0.002585467727229 0.001811791348864
134 8 19.180709763900005 6.644398071300002 9.396583635799999 0.000043968438163 0.000169701643554 0.000045711864952
150 8 21.429391484400004 7.942663574800001 7.560546762400000 0.001461777077253 0.000916928133209 -0.003163692541641
160 8 23.016855623200005 10.692226291400004 7.560555002900000 -0.000206848760926 -0.001869439617630 -0.002173004551475
168 8 19.180723212599993 11.073986469400005 7.830487589900000 -0.000431313380202 0.000118784458075 -0.000228896964361
62 7 24.934923971800000 9.966587471600000 11.745738510299995 0.002148978998351 -0.002210594669582 0.002274094584525
70 8 24.604313256200005 7.942681828100003 12.258844262099997 -0.003156017707242 0.000352749261070 -0.002161077679693
86 8 24.604302759999996 9.775705435000003 9.666531706799999 -0.002414954128695 -0.000893200002559 0.000194129217363
7 1 15.344560296200003 13.288795263500004 11.745737660500000 0.001505544445353 0.002915238258626 -0.002860883546340
15 1 17.262640612500000 12.181390680000009 8.613533801700001 0.000363758676311 -0.000032642642864 -0.000449719440118
23 1 15.344557788300000 15.503588815399999 8.613540438400001 0.000030320357133 0.000444169825414 -0.000705184353251
31 1 13.426487796399995 12.181395589400003 8.613538384300000 -0.000122405917606 -0.000218245533940 -0.001761399468832
39 7 17.262627163200005 16.610986685300006 11.745734611600000 0.001045491964681 0.001579971552157 -0.000034997571320
95 8 17.593253881800010 14.587061761100006 12.258833442600000 0.000870911594216 0.000188024671758 -0.001066901107618
111 8 17.593251848000001 16.420093920100001 9.666529521300001 0.001386958063113 -0.001202190435292 0.001557344469116
119 8 17.593249127900002 11.990500490400001 11.232628962800000 0.000422307438751 -0.001466525272742 0.001868428808083
127 8 15.344557227600006 15.885353364700006 11.232627459799998 -0.000080906395347 0.001121300616421 0.001506573760650
135 8 15.344568078800005 13.288790374900007 9.396583635799999 -0.000086537497991 -0.000451684651406 0.001381453760774
143 8 13.095880352600002 14.587079165600008 7.560553499600000 -0.001690048769358 0.000559610588490 -0.000584659585131
151 8 17.593249799300004 14.587055878400003 7.560546762400000 0.001815133533796 0.000760063652048 -0.001081902043735
175 8 13.095867367800004 11.990498335500007 11.232641519100001 -0.000533739600724 -0.001205115713786 0.005191991929593
8 1 23.016843666400000 13.288795263500004 11.745737660500000 0.000065510906844 -0.000351433512838 -0.000096158510220
24 1 23.016841158500000 15.503588815399999 8.613540438400001 0.000077607762663 0.000176356790082 -0.000128450947871
32 1 21.098771166600002 12.181395589400003 8.613538384300000 0.000387552022004 0.000053012694724 0.000065402539477
47 7 19.180709987699998 13.288788550000005 11.745727975299999 0.001256342613114 0.000701759005639 -0.000077607060912
55 7 19.180710411900002 15.503580461900007 8.613540254699998 0.000054263568020 0.000670601481621 -0.000174532159618
63 7 21.098782286700004 16.610979775200004 11.745738510299995 -0.000192605965329 0.001492073928435 0.000464820182712
71 8 20.768171571100002 14.587074131700003 12.258844262099997 -0.001722553366134 -0.000184318615805 -0.001115287080677
79 8 19.180716222899996 17.336616904300001 12.258847990200001 -0.000767677598849 -0.002785147476600 -0.001792953895424
87 8 20.768161074900000 16.420097738599999 9.666531706799999 -0.001761885476005 -0.001242722483589 0.000947559910298
103 8 19.180707196099995 13.670551147500003 9.666525792999996 -0.000331632892233 0.001383973650699 0.001690335009218
128 8 23.016840597800005 15.885353364700006 11.232627459799998 0.000652587415348 0.001482039057639 0.001343848867881
136 8 23.016851449000004 13.288790374900007 9.396583635799999 -0.000067458856023 -0.000057925081219 0.000057969373026
144 8 20.768163722800004 14.587079165600008 7.560553499600000 -0.001712123930997 0.000666571436137 -0.001623873730060
176 8 20.768150737999996 11.990498335500007 11.232641519100001 -0.002169449482066 -0.000727855474629 0.001360642175836
16 1 24.934923982700003 12.181390680000009 8.613533801700001 -0.000241928640032 -0.000211064452726 0.000138697875851
40 7 24.934910533400007 16.610986685300006 11.745734611600000 -0.000513581917050 0.001048675214969 -0.000147542797235
48 7 26.852993357900004 13.288788550000005 11.745727975299999 -0.003966654963209 0.001940481203191 -0.002799896007368
56 7 26.852993782099993 15.503580461900007 8.613540254699998 -0.000291613976068 0.001002687774596 -0.001147574459477
64 7 28.771065656899999 16.610979775200004 11.745738510299995 -0.000200417822917 0.001628993744927 -0.000522186658757
72 8 28.440454941300004 14.587074131700003 12.258844262099997 -0.001311700527682 -0.000263663006893 -0.000813665780258
80 8 26.852999593099998 17.336616904300001 12.258847990200001 0.000063147445989 -0.002181012168758 -0.001490395615524
88 8 28.440444445099999 16.420097738599999 9.666531706799999 -0.001558777797668 -0.001046272169967 0.001858886402851
96 8 25.265537252000023 14.587061761100006 12.258833442600000 0.002479138357234 0.000205452452580 -0.001143028364671
104 8 26.852990566300001 13.670551147500003 9.666525792999996 0.000410094814370 0.001191715611485 0.002606994828145
112 8 25.265535218199997 16.420093920100001 9.666529521300001 0.001700311014320 -0.001129063406256 0.001734626983514
120 8 25.265532498100001 11.990500490400001 11.232628962800000 0.002480272134850 0.000804643674254 0.001217149539468
152 8 25.265533169500006 14.587055878400003 7.560546762400000 0.001791831784381 0.000813020746401 -0.000804437407969
