ITEM: TIMESTEP
0
ITEM: NUMBER OF ATOMS
176
ITEM: BOX BOUNDS xy xz yz pp pp pp
0.0000000000000000e+00 3.0689133480799999e+01 7.6722833701999980e+00
0.0000000000000000e+00 1.7718379476200003e+01 7.6722833702000024e+00
0.0000000000000000e+00 1.2528786279200000e+01 4.4295948690000015e+00
ITEM: ATOMS id type x y z fx fy fz
25 1 5.754204426199998 3.322205851300000 2.349145244699999 -0.012853820989828 0.008600600665953 0.002218346520249
137 8 5.423596982400004 5.727889427500000 1.296160360000000 -0.002551020445451 -0.000846106870092 -0.001600811085738
161 8 3.836156472199998 2.214796731300001 1.566094450300000 0.002312870821230 0.000111801821446 0.000441142160227
169 8 5.423583997600000 3.131308597400002 4.968248379499999 -0.000717100302547 -0.002586508611843 0.000188636644721
1 1 7.672276926000002 4.429605525400001 5.481344520900000 0.003281304166052 0.005337489723255 -0.000145919135622
9 1 9.585357242299990 3.313540687862165 2.349140662099999 0.030075193740136 0.052331067602565 0.000050196158440
41 7 11.508426617500000 4.429598811900002 5.481334835700000 -0.000236801315050 0.006007834206307 -0.020882513597086
89 8 9.920970511600007 5.727872023000002 5.994440303000000 -0.000418280035232 0.001253516613530 0.001469258468475
97 8 11.508423825899998 4.811361409400002 3.402132653400000 0.004801828654499 0.001747755958570 0.011251197343937
113 8 9.920965757699999 3.131310752300001 4.968235823200000 -0.006147264682795 -0.014632885341490 0.001413516168262
129 8 7.672284708600001 4.429600636800002 3.132190496199999 -0.005065473198034 -0.008834269999693 0.000057770476378
145 8 9.920966429100000 5.727866140300000 1.296153622799999 -0.000645931110650 0.005081899253783 -0.011067627810272
153 8 7.672288882800000 1.833036553300000 1.296161863300000 0.004342982910873 -0.002242543251471 0.007911866061517
162 8 11.508439842400000 2.214796731300001 1.566094450300000 -0.005204474313151 -0.008682694544185 0.000002446837081
2 1 15.344560296200001 4.429605525400001 5.481344520900000 -0.002088412964301 0.000347295025771 -0.001487856041720
10 1 17.262640612500000 3.322200941900001 2.349140662099999 -0.002323861943130 0.000885880094774 0.000405722833030
26 1 13.426487796400002 3.322205851300000 2.349145244699999 -0.012851166673228 0.008484776160916 0.002189264721716
65 8 13.095888200900001 5.727884393600002 5.994451122499998 0.000012601615475 0.001617968746105 0.000803697485570
90 8 17.593253881800006 5.727872023000002 5.994440303000000 0.002247029749946 0.000899445808546 -0.001184251962148
114 8 17.593249127900009 3.131310752300001 4.968235823200000 0.002546372961835 -0.000994931351408 0.001451588940431
130 8 15.344568078800005 4.429600636800002 3.132190496199999 0.002394114548914 0.000002299441412 0.000530077763264
138 8 13.095880352600009 5.727889427500000 1.296160360000000 0.004162037821768 0.001300432525236 -0.005536540967587
146 8 17.593249799300011 5.727866140300000 1.296153622799999 0.002316106469556 0.000846376186013 -0.001465981133735
154 8 15.344572252999999 1.833036553300000 1.296161863300000 0.000859272464851 -0.002882492337502 -0.001898661311231
170 8 13.095867367800004 3.131308597400002 4.968248379499999 0.000779446771639 -0.005038934833421 0.003736323958096
42 7 19.180709987699998 4.429598811900002 5.481334835700000 -0.001439540280521 0.001281507926850 0.000825363219105
66 8 20.768171571100002 5.727884393600002 5.994451122499998 -0.002172037408904 -0.000003356864824 -0.001428680891463
98 8 19.180707196099995 4.811361409400002 3.402132653400000 0.000929811489112 0.000696912308961 0.001296384719421
3 1 11.508418611100000 11.073997829000001 5.481344520900000 -0.000960836930007 -0.001944427772975 -0.000077843083782
17 1 7.672274418099999 6.644399077300000 2.349147298800000 0.013980032326619 -0.007093167518709 -0.002256551872356
27 1 9.590346111300001 9.966598154900002 2.349145244699999 0.000553432776082 -0.003978115864200 -0.000108750779585
33 7 9.590343793000001 7.751796947200008 5.481341472000000 0.001762318943779 -0.003202637511354 -0.004766316069915
49 7 11.508427041700001 6.644390723800001 2.349147115100000 -0.015586370002149 -0.026575870793112 -0.000049192064742
73 8 11.508432852700000 8.477427166200002 5.994454850600000 0.000344065296365 -0.000741707003627 -0.000455195401473
105 8 9.920968477800001 7.560904182000002 3.402136381700000 -0.000856143804929 0.004354753715751 0.005516161971330
121 8 7.672273857400003 7.026163626600007 4.968234320200000 -0.001707445464297 0.001825891228964 0.002540389333578
131 8 11.508426393700001 11.073992940400007 3.132190496199999 0.001001898822435 0.001740809702514 0.000072384795849
155 8 11.508430567899998 8.477428856900005 1.296161863300000 0.001190877231616 0.003953636041506 -0.004150911077286
163 8 7.672298157300000 8.859189034900005 1.566094450300000 -0.001281543273090 0.002195706049181 -0.000469869856602
171 8 9.259725682700001 9.775700901000002 4.968248379499999 -0.002225381938414 0.001045902911027 0.001823132744161
11 1 13.426498927399999 9.966593245500007 2.349140662099999 -0.002797837282023 -0.004605795442445 0.000049775108552
18 1 15.344557788300000 6.644399077300000 2.349147298800000 -0.003515217749224 -0.001716256864697 0.000041493355101
28 1 17.262629481500003 9.966598154900002 2.349145244699999 0.000565915310791 -0.003995479711972 -0.000108219576517
34 7 17.262627163200005 7.751796947200008 5.481341472000000 -0.000469087187945 -0.001317701228374 0.000001304220933
43 7 15.344568302600003 11.073991115500002 5.481334835700000 -0.001732604398980 -0.003580982552487 0.003165526011913
57 7 13.426498916499998 7.751790037100004 5.481345370700000 -0.002456879288939 -0.002953717338841 -0.002910783739529
81 8 13.095877704700001 7.560908000500002 3.402138567200000 0.002780858183708 0.002974703012379 0.003964286830617
99 8 15.344565510999997 11.455753713000002 3.402132653400000 0.001263979844218 0.007563245925233 -0.000974252276865
106 8 17.593251848000001 7.560904182000002 3.402136381700000 0.001990603374980 -0.000173009400801 0.001576786093135
115 8 13.757107442799997 9.775703055900001 4.968235823200000 0.003216829850944 0.001628980682686 0.001373547669563
122 8 15.344557227600001 7.026163626600007 4.968234320200000 0.001582045132947 0.002268441598519 0.001785522875566
164 8 15.344581527500001 8.859189034900005 1.566094450300000 0.000920161073270 0.001859313059915 -0.000012188300378
172 8 16.932009052900014 9.775700901000002 4.968248379499999 -0.001974129188692 0.000510236499870 0.000937444824723
4 1 19.180701981300000 11.073997829000001 5.481344520900000 0.001601045849189 -0.001777585983724 0.001327611051765
12 1 21.098782297600000 9.966593245500007 2.349140662099999 0.001721101448817 -0.001449475062701 -0.000306179438833
44 7 23.016851672799998 11.073991115500002 5.481334835700000 0.000732207329854 -0.001009166090287 0.000013568663549
50 7 19.180710411899998 6.644390723800001 2.349147115100000 0.000113911873424 0.000598009854493 -0.000048389912340
58 7 21.098782286699997 7.751790037100004 5.481345370700000 0.001604922732298 -0.000282668812877 -0.000596388485229
74 8 19.180716222899989 8.477427166200002 5.994454850600000 -0.000743885282904 -0.001464670055297 -0.001610544327811
82 8 20.768161074900000 7.560908000500002 3.402138567200000 -0.002973578631266 -0.000730490698877 0.001712000290700
100 8 23.016848881199998 11.455753713000002 3.402132653400000 -0.000347524549150 0.002195101012672 0.001649608373306
116 8 21.429390813000008 9.775703055900001 4.968235823200000 0.001277546927876 -0.000259432001339 0.001300273867899
132 8 19.180709763900005 11.073992940400007 3.132190496199999 -0.001207862374965 0.002073190418170 -0.000380942982598
156 8 19.180713938099998 8.477428856900005 1.296161863300000 -0.000423985461641 -0.001383264530808 -0.001547315923446
19 1 11.508416103199997 13.288791380900006 2.349147298800000 -0.003536437355851 -0.001714078279591 0.000040973651424
123 8 11.508415542500002 13.670555930200003 4.968234320200000 0.002186960193649 0.002314870402646 0.000897755935420
139 8 9.259738667499999 12.372281731100001 1.296160360000000 -0.001182489322913 0.001501868439386 -0.001597284489525
35 7 13.426485478100000 14.396189250800001 5.481341472000000 -0.003229078404238 -0.000305239000518 0.004789117253497
51 7 15.344568726800000 13.288783027399999 2.349147115100000 -0.015754395766883 -0.026867411379761 -0.000048844191654
59 7 17.262640601600001 14.396182340700005 5.481345370700000 0.005150402474586 0.003226360258575 0.021225657491763
67 8 16.932029885999999 12.372276697200000 5.994451122499998 -0.001859244994970 0.002687317403423 -0.003666065919790
75 8 15.344574537799998 15.121819469800011 5.994454850600000 0.000887950892165 -0.003619186805643 -0.004272761913044
83 8 16.932019389799994 14.205300304100005 3.402138567200000 -0.004161289195504 0.002606997982113 -0.008098794164518
91 8 13.757112196700003 12.372264326600002 5.994440303000000 0.002339386512896 0.002200073642298 -0.002346886092309
107 8 13.757110162900000 14.205296485600002 3.402136381700000 0.007386661627281 -0.000385580126880 -0.002389113374704
140 8 16.932022037700008 12.372281731100001 1.296160360000000 -0.004064649658526 0.006068749378371 0.002368557923701
147 8 13.757108114200003 12.372258443900009 1.296153622799999 0.006159232802516 0.004926035015391 0.001157794100904
20 1 19.180699473400008 13.288791380900006 2.349147298800000 0.014082211655035 -0.007038112418252 -0.002285572399483
36 7 21.098768848300001 14.396189250800001 5.481341472000000 0.002335498387700 0.003559316420539 -0.000007108663961
52 7 23.016852096999997 13.288783027399999 2.349147115100000 0.000096894366368 0.000607828802756 -0.000049721161260
76 8 23.016857907999988 15.121819469800011 5.994454850600000 0.000029474624655 -0.002495006659790 -0.001307696192630
92 8 21.429395566900006 12.372264326600002 5.994440303000000 0.000972348508472 0.001048743183467 -0.001484993269976
108 8 21.429393533100004 14.205296485600002 3.402136381700000 0.000641421748646 -0.002532130438187 0.001580301304018
124 8 19.180698912699995 13.670555930200003 4.968234320200000 -0.004604397887265 0.001867732586138 -0.001013830896503
148 8 21.429391484400018 12.372258443900009 1.296153622799999 0.000380006695816 0.001203478391938 -0.001112776865802
60 7 24.934923971800007 14.396182340700005 5.481345370700000 -0.001474067556485 0.000467470156551 0.000221693653138
68 8 24.604313256200001 12.372276697200000 5.994451122499998 -0.001533753881628 0.001093164923915 -0.001430668958941
84 8 24.604302760000003 14.205300304100005 3.402138567200000 -0.001033588971470 -0.001092205249741 0.001360650702785
29 1 9.590346111300004 5.537003285800003 8.613538384300000 0.000477701952476 0.000221741408819 -0.001648632565463
157 8 11.508430567900000 4.047833987800002 7.560555002900000 -0.000007858623866 -0.003061759249570 0.002026232774241
165 8 7.672298157300002 4.429594165800001 7.830487589900000 -0.000455722726177 -0.000529255430291 -0.000007090215500
173 8 9.259725682700003 5.346106031900003 11.232641519100001 -0.000983218555523 -0.001058841694384 0.001482285510679
13 1 13.426498927400001 5.536998376400002 8.613533801700001 -0.000984134484618 -0.000106404238274 -0.002651613550377
30 1 17.262629481500003 5.537003285800003 8.613538384300000 0.000482287365736 0.000228011147552 -0.001643956824599
117 8 13.757107442800002 5.346108186800002 11.232628962800000 0.003591682785785 0.000123663136280 0.003612242540064
166 8 15.344581527500001 4.429594165800001 7.830487589900000 0.000307646738282 0.000021276147584 0.001009537187791
174 8 16.932009052900007 5.346106031900003 11.232641519100001 -0.003665054097095 -0.000722810760943 0.004144552286149
14 1 21.098782297600003 5.536998376400002 8.613533801700001 0.000082142567093 0.000382483408495 0.000049772810598
118 8 21.429390813000005 5.346108186800002 11.232628962800000 0.001417868541023 -0.001492624798499 0.001374867949596
158 8 19.180713938100002 4.047833987800002 7.560555002900000 -0.000061525788841 -0.002002641761767 -0.001787736167983
5 1 11.508418611100007 6.644402959900002 11.745737660500000 -0.002091868618976 0.000354517104628 -0.001491009363747
21 1 11.508416103199998 8.859196511800004 8.613540438400001 -0.000232580333417 -0.000329727564487 -0.001075778242673
125 8 11.508415542500003 9.240961061100004 11.232627459799998 0.000506892955553 0.001309545752653 0.001546199765626
133 8 11.508426393700002 6.644398071300002 9.396583635799999 0.000387535117210 -0.000094502428020 0.001100685327020
141 8 9.259738667500002 7.942686862000003 7.560553499600000 -0.001991779613915 0.001308040553784 0.000027687569654
167 8 11.508439842400001 11.073986469400005 7.830487589900000 0.000113270792434 0.000454936217950 -0.000015957152249
37 7 13.426485478099996 9.966594381700006 11.745734611600000 0.002343941319712 0.003554421685378 0.000004940585437
45 7 15.344568302600001 6.644396246400003 11.745727975299999 -0.000185535239065 0.006103698255514 -0.020992466248018
53 7 15.344568726799995 8.859188158300002 8.613540254699998 0.000462663977856 0.001214227470812 -0.000042064807313
61 7 17.262640601600001 9.966587471600000 11.745738510299995 0.005093106651934 0.003134014837390 0.021116417473791
69 8 16.932029886000002 7.942681828100003 12.258844262099997 -0.009769355784089 -0.013125248491507 -0.001467456261908
77 8 15.344574537800005 10.692224600700005 12.258847990200001 -0.005072161656292 -0.001928087877114 -0.003864612380501
85 8 16.932019389799990 9.775705435000003 9.666531706799999 -0.002695293957744 -0.001571094902857 -0.002212992456673
93 8 13.757112196700007 7.942669457500004 12.258833442600000 0.004011456107019 -0.003098673537056 0.001075014860519
101 8 15.344565511000003 7.026158843900003 9.666525792999996 0.000057733102832 0.000512222936832 0.005222771421945
109 8 13.757110162900005 9.775701616500001 9.666529521300001 0.001466745268361 -0.001087118192492 0.001574951801221
142 8 16.932022037700005 7.942686862000003 7.560553499600000 -0.001670801611691 0.000664938421325 -0.001599443160164
149 8 13.757108114200001 7.942663574800001 7.560546762400000 0.002230221202610 0.001318096121759 -0.000086109537115
159 8 15.344572253000006 10.692226291400004 7.560555002900000 0.000030807788291 -0.001221196087843 -0.002936337534711
6 1 19.180701981300004 6.644402959900002 11.745737660500000 0.003229920288109 0.005367408270369 -0.000017470935751
22 1 19.180699473400011 8.859196511800004 8.613540438400001 0.000159870167850 0.000318122481729 0.001581441503136
38 7 21.098768848300008 9.966594381700006 11.745734611600000 -0.003225484223258 -0.000322930100783 0.004764135925070
46 7 23.016851672800001 6.644396246400003 11.745727975299999 -0.001451671814242 0.001278655430185 0.000829918008565
54 7 23.016852096999990 8.859188158300002 8.613540254699998 -0.000131957606211 0.000191813268507 -0.000049048860879
78 8 23.016857907999999 10.692224600700005 12.258847990200001 0.001699913605474 -0.001488046817119 -0.001951391018758
94 8 21.429395566900006 7.942669457500004 12.258833442600000 0.002526715455442 -0.000610773071064 -0.002479201103018
102 8 23.016848881199998 7.026158843900003 9.666525792999996 0.000013208158717 0.001582127053165 0.001407433913578
110 8 21.429393533100001 9.775701616500001 9.666529521300001 0.002227397757252 -0.000970798577549 -0.000048228189343
126 8 19.180698912700002 9.240961061100004 11.232627459799998 0.001379592433343 0.000207604301948 -0.001408106151607
134 8 19.180709763900005 6.644398071300002 9.396583635799999 -0.000378703740078 -0.000645006887336 0.000067269511027
150 8 21.429391484400004 7.942663574800001 7.560546762400000 0.001604893475556 0.000852288683529 -0.001223815671187
160 8 23.016855623200005 10.692226291400004 7.560555002900000 -0.000014894112950 -0.001585063161865 -0.001757805384620
168 8 19.180723212599993 11.073986469400005 7.830487589900000 -0.000362093808702 0.000409592509538 -0.001040504519064
62 7 24.934923971800000 9.966587471600000 11.745738510299995 -0.001468295851776 0.000464703775539 0.000219958671975
70 8 24.604313256200005 7.942681828100003 12.258844262099997 -0.001033914505364 0.000491696924032 -0.001354092946048
86 8 24.604302759999996 9.775705435000003 9.666531706799999 -0.001412897403174 -0.000838819951131 0.001571138611197
7 1 15.344560296200003 13.288795263500004 11.745737660500000 0.001593085284997 -0.001778242182915 0.001324431284356
15 1 17.262640612500000 12.181390680000009 8.613533801700001 0.000191895093484 -0.000785401613916 0.002751169708110
23 1 15.344557788300000 15.503588815399999 8.613540438400001 0.000162999914697 0.000325210828952 0.001576733247348
31 1 13.426487796399995 12.181395589400003 8.613538384300000 0.000111512682705 -0.000443193262692 0.001013732018243
39 7 17.262627163200005 16.610986685300006 11.745734611600000 -0.000477373916993 -0.001312903425856 -0.000003478190460
95 8 17.593253881800010 14.587061761100006 12.258833442600000 0.001265200097569 0.002459307611168 -0.001724308554268
111 8 17.593251848000001 16.420093920100001 9.666529521300001 0.001509947459019 -0.001014340082527 0.001578922347179
119 8 17.593249127900002 11.990500490400001 11.232628962800000 0.001729657910132 0.001210088862570 -0.000857596495124
127 8 15.344557227600006 15.885353364700006 11.232627459799998 -0.000259748260300 0.002338799804675 0.001245461714888
135 8 15.344568078800005 13.288790374900007 9.396583635799999 -0.000283629395094 0.000291365515063 -0.000949341930772
143 8 13.095880352600002 14.587079165600008 7.560553499600000 -0.000951896627867 0.000705275206554 -0.003225837609279
151 8 17.593249799300004 14.587055878400003 7.560546762400000 0.000656094595063 0.000355940769814 -0.005039127742478
175 8 13.095867367800004 11.990498335500007 11.232641519100001 -0.002262220286961 -0.000904262473974 0.001179454170603
8 1 23.016843666400000 13.288795263500004 11.745737660500000 -0.000955420667433 -0.001947587023143 -0.000085564384326
24 1 23.016841158500000 15.503588815399999 8.613540438400001 -0.000232882820222 -0.000331489847549 -0.001080983198146
32 1 21.098771166600002 12.181395589400003 8.613538384300000 0.000112873409942 -0.000442062710199 0.001008547399796
47 7 19.180709987699998 13.288788550000005 11.745727975299999 -0.001733930719162 -0.003574554465233 0.003144297093239
55 7 19.180710411900002 15.503580461900007 8.613540254699998 0.000456176017911 0.001217927129711 -0.000056022412394
63 7 21.098782286700004 16.610979775200004 11.745738510299995 -0.002463145819064 -0.002955840266758 -0.002931975668797
71 8 20.768171571100002 14.587074131700003 12.258844262099997 -0.000368153539788 0.003115408615218 -0.001427359550429
79 8 19.180716222899996 17.336616904300001 12.258847990200001 0.001110430102827 -0.001538282673169 -0.001065690995394
87 8 20.768161074900000 16.420097738599999 9.666531706799999 -0.001120626496362 -0.000617287859652 0.002749684928553
103 8 19.180707196099995 13.670551147500003 9.666525792999996 0.000103945450779 0.002356589100649 0.000269726398843
128 8 23.016840597800005 15.885353364700006 11.232627459799998 0.000820465272780 0.003069116410475 0.002408094365841
136 8 23.016851449000004 13.288790374900007 9.396583635799999 0.000189118597588 0.000339851189951 0.000076155012430
144 8 20.768163722800004 14.587079165600008 7.560553499600000 -0.001712211439781 0.000591161304730 -0.001595439974856
176 8 20.768150737999996 11.990498335500007 11.232641519100001 -0.000901088142261 0.000244898895601 0.000326935519381
16 1 24.934923982700003 12.181390680000009 8.613533801700001 -0.000322175237308 -0.000317824456755 0.000049770736790
40 7 24.934910533400007 16.610986685300006 11.745734611600000 0.001779411126677 -0.003196994755255 -0.004791313656889
48 7 26.852993357900004 13.288788550000005 11.745727975299999 0.000737500360310 -0.001012768290692 0.000011835657918
56 7 26.852993782099993 15.503580461900007 8.613540254699998 -0.000130301072235 0.000194644492269 -0.000049050786388
64 7 28.771065656899999 16.610979775200004 11.745738510299995 0.001601355485620 -0.000270763006127 -0.000591847886596
72 8 28.440454941300004 14.587074131700003 12.258844262099997 -0.002305299044670 0.001222803134137 -0.001505406336110
80 8 26.852999593099998 17.336616904300001 12.258847990200001 -0.002199967202678 -0.001998021075708 -0.000316831083969
88 8 28.440444445099999 16.420097738599999 9.666531706799999 -0.001751218588936 -0.001087991185540 0.001601071817921
96 8 25.265537252000023 14.587061761100006 12.258833442600000 0.001002948283607 0.003006396316332 -0.000836545304445
104 8 26.852990566300001 13.670551147500003 9.666525792999996 0.000058101304144 0.001997435227569 0.001438628291582
112 8 25.265535218199997 16.420093920100001 9.666529521300001 0.001185411247630 -0.000371573590685 0.003205372469352
120 8 25.265532498100001 11.990500490400001 11.232628962800000 0.002048348425557 -0.000391575362102 0.001376846910608
152 8 25.265533169500006 14.587055878400003 7.560546762400000 0.001942112197478 0.001098825305083 -0.001255007010302
